[2024-05-29T01:22:47.384+0000][1][gc,init] CardTable entry size: 512
[2024-05-29T01:22:47.393+0000][1][gc     ] Using G1
[2024-05-29T01:22:47.433+0000][1][gc,init] Version: 21.0.3+9-LTS (release)
[2024-05-29T01:22:47.433+0000][1][gc,init] CPUs: 2 total, 2 available
[2024-05-29T01:22:47.433+0000][1][gc,init] Memory: 4096M
[2024-05-29T01:22:47.433+0000][1][gc,init] Large Page Support: Disabled
[2024-05-29T01:22:47.433+0000][1][gc,init] NUMA Support: Disabled
[2024-05-29T01:22:47.433+0000][1][gc,init] Compressed Oops: Enabled (Zero based)
[2024-05-29T01:22:47.433+0000][1][gc,init] Heap Region Size: 2M
[2024-05-29T01:22:47.433+0000][1][gc,init] Heap Min Capacity: 4G
[2024-05-29T01:22:47.433+0000][1][gc,init] Heap Initial Capacity: 4G
[2024-05-29T01:22:47.433+0000][1][gc,init] Heap Max Capacity: 4G
[2024-05-29T01:22:47.433+0000][1][gc,init] Pre-touch: Disabled
[2024-05-29T01:22:47.433+0000][1][gc,init] Parallel Workers: 2
[2024-05-29T01:22:47.433+0000][1][gc,init] Concurrent Workers: 1
[2024-05-29T01:22:47.433+0000][1][gc,init] Concurrent Refinement Workers: 2
[2024-05-29T01:22:47.433+0000][1][gc,init] Periodic GC: Disabled
[2024-05-29T01:22:47.433+0000][1][gc,metaspace] CDS archive(s) not mapped
[2024-05-29T01:22:47.433+0000][1][gc,metaspace] Compressed class space mapped at: 0x0000000800000000-0x0000000840000000, reserved size: 1073741824
[2024-05-29T01:22:47.433+0000][1][gc,metaspace] Narrow klass base: 0x0000000800000000, Narrow klass shift: 0, Narrow klass range: 0x40000000
[2024-05-29T01:22:49.212+0000][1][safepoint   ] Safepoint "Cleanup", Time since last: 1587148096 ns, Reaching safepoint: 6007 ns, Cleanup: 44209 ns, At safepoint: 3634 ns, Total: 53850 ns
[2024-05-29T01:22:50.913+0000][1][safepoint   ] Safepoint "Cleanup", Time since last: 1701492935 ns, Reaching safepoint: 5508 ns, Cleanup: 74985 ns, At safepoint: 3888 ns, Total: 84381 ns
[2024-05-29T01:22:51.986+0000][1][safepoint   ] Safepoint "Cleanup", Time since last: 1072059811 ns, Reaching safepoint: 2936 ns, Cleanup: 33547 ns, At safepoint: 1811 ns, Total: 38294 ns
[2024-05-29T01:22:52.453+0000][1][gc,start    ] GC(0) Pause Young (Concurrent Start) (Metadata GC Threshold)
[2024-05-29T01:22:52.453+0000][1][gc,task     ] GC(0) Using 2 workers of 2 for evacuation
[2024-05-29T01:22:52.453+0000][1][gc,age      ] GC(0) Desired survivor size 13631488 bytes, new threshold 15 (max threshold 15)
[2024-05-29T01:22:52.467+0000][1][gc,phases   ] GC(0)   Pre Evacuate Collection Set: 0.6ms
[2024-05-29T01:22:52.467+0000][1][gc,phases   ] GC(0)   Merge Heap Roots: 0.1ms
[2024-05-29T01:22:52.467+0000][1][gc,phases   ] GC(0)   Evacuate Collection Set: 11.6ms
[2024-05-29T01:22:52.467+0000][1][gc,phases   ] GC(0)   Post Evacuate Collection Set: 1.2ms
[2024-05-29T01:22:52.467+0000][1][gc,phases   ] GC(0)   Other: 0.3ms
[2024-05-29T01:22:52.467+0000][1][gc,age      ] GC(0) Age table with threshold 15 (max threshold 15)
[2024-05-29T01:22:52.467+0000][1][gc,age      ] GC(0) - age   1:    9932464 bytes,    9932464 total
[2024-05-29T01:22:52.467+0000][1][gc,heap     ] GC(0) Eden regions: 22->0(97)
[2024-05-29T01:22:52.467+0000][1][gc,heap     ] GC(0) Survivor regions: 0->5(13)
[2024-05-29T01:22:52.467+0000][1][gc,heap     ] GC(0) Old regions: 0->0
[2024-05-29T01:22:52.467+0000][1][gc,heap     ] GC(0) Humongous regions: 0->0
[2024-05-29T01:22:52.467+0000][1][gc,metaspace] GC(0) Metaspace: 21229K(21504K)->21229K(21504K) NonClass: 18995K(19136K)->18995K(19136K) Class: 2233K(2368K)->2233K(2368K)
[2024-05-29T01:22:52.467+0000][1][gc          ] GC(0) Pause Young (Concurrent Start) (Metadata GC Threshold) 44M->9M(4096M) 14.002ms
[2024-05-29T01:22:52.467+0000][1][gc,cpu      ] GC(0) User=0.03s Sys=0.00s Real=0.01s
[2024-05-29T01:22:52.467+0000][1][safepoint   ] Safepoint "CollectForMetadataAllocation", Time since last: 467023584 ns, Reaching safepoint: 3688 ns, Cleanup: 75475 ns, At safepoint: 14079687 ns, Total: 14158850 ns
[2024-05-29T01:22:52.467+0000][1][gc          ] GC(1) Concurrent Mark Cycle
[2024-05-29T01:22:52.467+0000][1][gc,marking  ] GC(1) Concurrent Scan Root Regions
[2024-05-29T01:22:52.477+0000][1][gc,marking  ] GC(1) Concurrent Scan Root Regions 10.105ms
[2024-05-29T01:22:52.477+0000][1][gc,marking  ] GC(1) Concurrent Mark
[2024-05-29T01:22:52.477+0000][1][gc,marking  ] GC(1) Concurrent Mark From Roots
[2024-05-29T01:22:52.477+0000][1][gc,task     ] GC(1) Using 1 workers of 1 for marking
[2024-05-29T01:22:52.479+0000][1][gc,marking  ] GC(1) Concurrent Mark From Roots 2.298ms
[2024-05-29T01:22:52.479+0000][1][gc,marking  ] GC(1) Concurrent Preclean
[2024-05-29T01:22:52.479+0000][1][gc,marking  ] GC(1) Concurrent Preclean 0.011ms
[2024-05-29T01:22:52.479+0000][1][gc,start    ] GC(1) Pause Remark
[2024-05-29T01:22:52.482+0000][1][gc          ] GC(1) Pause Remark 11M->11M(4096M) 2.846ms
[2024-05-29T01:22:52.482+0000][1][gc,cpu      ] GC(1) User=0.01s Sys=0.00s Real=0.01s
[2024-05-29T01:22:52.482+0000][1][safepoint   ] Safepoint "G1PauseRemark", Time since last: 12582708 ns, Reaching safepoint: 76183 ns, Cleanup: 12308 ns, At safepoint: 2898589 ns, Total: 2987080 ns
[2024-05-29T01:22:52.482+0000][1][gc,marking  ] GC(1) Concurrent Mark 5.388ms
[2024-05-29T01:22:52.482+0000][1][gc,marking  ] GC(1) Concurrent Rebuild Remembered Sets and Scrub Regions
[2024-05-29T01:22:52.483+0000][1][gc,marking  ] GC(1) Concurrent Rebuild Remembered Sets and Scrub Regions 0.162ms
[2024-05-29T01:22:52.483+0000][1][gc,start    ] GC(1) Pause Cleanup
[2024-05-29T01:22:52.483+0000][1][gc          ] GC(1) Pause Cleanup 11M->11M(4096M) 0.018ms
[2024-05-29T01:22:52.483+0000][1][gc,cpu      ] GC(1) User=0.00s Sys=0.00s Real=0.00s
[2024-05-29T01:22:52.483+0000][1][safepoint   ] Safepoint "G1PauseCleanup", Time since last: 217323 ns, Reaching safepoint: 77481 ns, Cleanup: 2359 ns, At safepoint: 42346 ns, Total: 122186 ns
[2024-05-29T01:22:52.483+0000][1][gc,marking  ] GC(1) Concurrent Clear Claimed Marks
[2024-05-29T01:22:52.483+0000][1][gc,marking  ] GC(1) Concurrent Clear Claimed Marks 0.016ms
[2024-05-29T01:22:52.483+0000][1][gc,marking  ] GC(1) Concurrent Cleanup for Next Mark
[2024-05-29T01:22:52.549+0000][1][gc,marking  ] GC(1) Concurrent Cleanup for Next Mark 66.095ms
[2024-05-29T01:22:52.549+0000][1][gc          ] GC(1) Concurrent Mark Cycle 82.075ms
[2024-05-29T01:22:53.637+0000][1][safepoint   ] Safepoint "Cleanup", Time since last: 1154631636 ns, Reaching safepoint: 3283 ns, Cleanup: 72298 ns, At safepoint: 1503 ns, Total: 77084 ns
[2024-05-29T01:22:54.526+0000][1][gc,start    ] GC(2) Pause Young (Normal) (G1 Evacuation Pause)
[2024-05-29T01:22:54.526+0000][1][gc,task     ] GC(2) Using 2 workers of 2 for evacuation
[2024-05-29T01:22:54.526+0000][1][gc,age      ] GC(2) Desired survivor size 13631488 bytes, new threshold 15 (max threshold 15)
[2024-05-29T01:22:54.564+0000][1][gc,phases   ] GC(2)   Pre Evacuate Collection Set: 0.5ms
[2024-05-29T01:22:54.564+0000][1][gc,phases   ] GC(2)   Merge Heap Roots: 0.1ms
[2024-05-29T01:22:54.564+0000][1][gc,phases   ] GC(2)   Evacuate Collection Set: 35.4ms
[2024-05-29T01:22:54.564+0000][1][gc,phases   ] GC(2)   Post Evacuate Collection Set: 1.5ms
[2024-05-29T01:22:54.564+0000][1][gc,phases   ] GC(2)   Other: 0.1ms
[2024-05-29T01:22:54.564+0000][1][gc,age      ] GC(2) Age table with threshold 15 (max threshold 15)
[2024-05-29T01:22:54.564+0000][1][gc,age      ] GC(2) - age   1:    4425392 bytes,    4425392 total
[2024-05-29T01:22:54.564+0000][1][gc,age      ] GC(2) - age   2:    9791408 bytes,   14216800 total
[2024-05-29T01:22:54.564+0000][1][gc,heap     ] GC(2) Eden regions: 97->0(94)
[2024-05-29T01:22:54.564+0000][1][gc,heap     ] GC(2) Survivor regions: 5->8(13)
[2024-05-29T01:22:54.564+0000][1][gc,heap     ] GC(2) Old regions: 0->0
[2024-05-29T01:22:54.564+0000][1][gc,heap     ] GC(2) Humongous regions: 0->0
[2024-05-29T01:22:54.564+0000][1][gc,metaspace] GC(2) Metaspace: 32881K(33216K)->32881K(33216K) NonClass: 29236K(29440K)->29236K(29440K) Class: 3644K(3776K)->3644K(3776K)
[2024-05-29T01:22:54.564+0000][1][gc          ] GC(2) Pause Young (Normal) (G1 Evacuation Pause) 203M->15M(4096M) 37.818ms
[2024-05-29T01:22:54.564+0000][1][gc,cpu      ] GC(2) User=0.07s Sys=0.01s Real=0.04s
[2024-05-29T01:22:54.564+0000][1][safepoint   ] Safepoint "G1CollectForAllocation", Time since last: 888465785 ns, Reaching safepoint: 5339 ns, Cleanup: 93895 ns, At safepoint: 37877277 ns, Total: 37976511 ns
[2024-05-29T01:22:55.058+0000][1][gc,start    ] GC(3) Pause Young (Concurrent Start) (Metadata GC Threshold)
[2024-05-29T01:22:55.059+0000][1][gc,task     ] GC(3) Using 2 workers of 2 for evacuation
[2024-05-29T01:22:55.059+0000][1][gc,age      ] GC(3) Desired survivor size 13631488 bytes, new threshold 2 (max threshold 15)
[2024-05-29T01:22:55.092+0000][1][gc,phases   ] GC(3)   Pre Evacuate Collection Set: 1.1ms
[2024-05-29T01:22:55.092+0000][1][gc,phases   ] GC(3)   Merge Heap Roots: 0.0ms
[2024-05-29T01:22:55.092+0000][1][gc,phases   ] GC(3)   Evacuate Collection Set: 30.2ms
[2024-05-29T01:22:55.092+0000][1][gc,phases   ] GC(3)   Post Evacuate Collection Set: 1.8ms
[2024-05-29T01:22:55.092+0000][1][gc,phases   ] GC(3)   Other: 0.2ms
[2024-05-29T01:22:55.092+0000][1][gc,age      ] GC(3) Age table with threshold 2 (max threshold 15)
[2024-05-29T01:22:55.092+0000][1][gc,age      ] GC(3) - age   1:     909632 bytes,     909632 total
[2024-05-29T01:22:55.092+0000][1][gc,age      ] GC(3) - age   2:    2285520 bytes,    3195152 total
[2024-05-29T01:22:55.092+0000][1][gc,heap     ] GC(3) Eden regions: 40->0(100)
[2024-05-29T01:22:55.092+0000][1][gc,heap     ] GC(3) Survivor regions: 8->2(13)
[2024-05-29T01:22:55.092+0000][1][gc,heap     ] GC(3) Old regions: 0->5
[2024-05-29T01:22:55.092+0000][1][gc,heap     ] GC(3) Humongous regions: 0->0
[2024-05-29T01:22:55.092+0000][1][gc,metaspace] GC(3) Metaspace: 35509K(35968K)->35509K(35968K) NonClass: 31451K(31680K)->31451K(31680K) Class: 4058K(4288K)->4058K(4288K)
[2024-05-29T01:22:55.092+0000][1][gc          ] GC(3) Pause Young (Concurrent Start) (Metadata GC Threshold) 94M->13M(4096M) 33.612ms
[2024-05-29T01:22:55.092+0000][1][gc,cpu      ] GC(3) User=0.06s Sys=0.01s Real=0.04s
[2024-05-29T01:22:55.092+0000][1][safepoint   ] Safepoint "CollectForMetadataAllocation", Time since last: 494580362 ns, Reaching safepoint: 4719 ns, Cleanup: 70048 ns, At safepoint: 33741100 ns, Total: 33815867 ns
[2024-05-29T01:22:55.092+0000][1][gc          ] GC(4) Concurrent Mark Cycle
[2024-05-29T01:22:55.092+0000][1][gc,marking  ] GC(4) Concurrent Scan Root Regions
[2024-05-29T01:22:55.098+0000][1][gc,marking  ] GC(4) Concurrent Scan Root Regions 5.994ms
[2024-05-29T01:22:55.098+0000][1][gc,marking  ] GC(4) Concurrent Mark
[2024-05-29T01:22:55.098+0000][1][gc,marking  ] GC(4) Concurrent Mark From Roots
[2024-05-29T01:22:55.098+0000][1][gc,task     ] GC(4) Using 1 workers of 1 for marking
[2024-05-29T01:22:55.100+0000][1][gc,marking  ] GC(4) Concurrent Mark From Roots 1.987ms
[2024-05-29T01:22:55.100+0000][1][gc,marking  ] GC(4) Concurrent Preclean
[2024-05-29T01:22:55.100+0000][1][gc,marking  ] GC(4) Concurrent Preclean 0.010ms
[2024-05-29T01:22:55.100+0000][1][gc,start    ] GC(4) Pause Remark
[2024-05-29T01:22:55.108+0000][1][gc          ] GC(4) Pause Remark 15M->15M(4096M) 7.336ms
[2024-05-29T01:22:55.108+0000][1][gc,cpu      ] GC(4) User=0.01s Sys=0.00s Real=0.00s
[2024-05-29T01:22:55.108+0000][1][safepoint   ] Safepoint "G1PauseRemark", Time since last: 8142159 ns, Reaching safepoint: 92630 ns, Cleanup: 9454 ns, At safepoint: 7425807 ns, Total: 7527891 ns
[2024-05-29T01:22:55.108+0000][1][gc,marking  ] GC(4) Concurrent Mark 9.622ms
[2024-05-29T01:22:55.108+0000][1][gc,marking  ] GC(4) Concurrent Rebuild Remembered Sets and Scrub Regions
[2024-05-29T01:22:55.110+0000][1][gc,marking  ] GC(4) Concurrent Rebuild Remembered Sets and Scrub Regions 1.627ms
[2024-05-29T01:22:55.110+0000][1][gc,start    ] GC(4) Pause Cleanup
[2024-05-29T01:22:55.110+0000][1][gc          ] GC(4) Pause Cleanup 15M->15M(4096M) 0.030ms
[2024-05-29T01:22:55.110+0000][1][gc,cpu      ] GC(4) User=0.00s Sys=0.00s Real=0.00s
[2024-05-29T01:22:55.110+0000][1][safepoint   ] Safepoint "G1PauseCleanup", Time since last: 1726701 ns, Reaching safepoint: 93260 ns, Cleanup: 3537 ns, At safepoint: 64908 ns, Total: 161705 ns
[2024-05-29T01:22:55.110+0000][1][gc,marking  ] GC(4) Concurrent Clear Claimed Marks
[2024-05-29T01:22:55.110+0000][1][gc,marking  ] GC(4) Concurrent Clear Claimed Marks 0.061ms
[2024-05-29T01:22:55.110+0000][1][gc,marking  ] GC(4) Concurrent Cleanup for Next Mark
[2024-05-29T01:22:55.123+0000][1][gc,marking  ] GC(4) Concurrent Cleanup for Next Mark 12.915ms
[2024-05-29T01:22:55.123+0000][1][gc          ] GC(4) Concurrent Mark Cycle 30.584ms
[2024-05-29T01:22:56.292+0000][1][safepoint   ] Safepoint "ICBufferFull", Time since last: 1181977800 ns, Reaching safepoint: 5607 ns, Cleanup: 115690 ns, At safepoint: 3221 ns, Total: 124518 ns
[2024-05-29T01:22:57.221+0000][1][safepoint   ] Safepoint "ICBufferFull", Time since last: 928667631 ns, Reaching safepoint: 5597 ns, Cleanup: 125111 ns, At safepoint: 8615 ns, Total: 139323 ns
[2024-05-29T01:22:57.766+0000][1][gc,start    ] GC(5) Pause Young (Concurrent Start) (Metadata GC Threshold)
[2024-05-29T01:22:57.766+0000][1][gc,task     ] GC(5) Using 2 workers of 2 for evacuation
[2024-05-29T01:22:57.766+0000][1][gc,age      ] GC(5) Desired survivor size 13631488 bytes, new threshold 15 (max threshold 15)
[2024-05-29T01:22:57.788+0000][1][gc,phases   ] GC(5)   Pre Evacuate Collection Set: 0.9ms
[2024-05-29T01:22:57.788+0000][1][gc,phases   ] GC(5)   Merge Heap Roots: 0.1ms
[2024-05-29T01:22:57.788+0000][1][gc,phases   ] GC(5)   Evacuate Collection Set: 19.2ms
[2024-05-29T01:22:57.788+0000][1][gc,phases   ] GC(5)   Post Evacuate Collection Set: 2.3ms
[2024-05-29T01:22:57.788+0000][1][gc,phases   ] GC(5)   Other: 0.1ms
[2024-05-29T01:22:57.788+0000][1][gc,age      ] GC(5) Age table with threshold 15 (max threshold 15)
[2024-05-29T01:22:57.788+0000][1][gc,age      ] GC(5) - age   1:    7188088 bytes,    7188088 total
[2024-05-29T01:22:57.788+0000][1][gc,age      ] GC(5) - age   2:     778696 bytes,    7966784 total
[2024-05-29T01:22:57.788+0000][1][gc,age      ] GC(5) - age   3:    2212744 bytes,   10179528 total
[2024-05-29T01:22:57.788+0000][1][gc,heap     ] GC(5) Eden regions: 45->0(96)
[2024-05-29T01:22:57.788+0000][1][gc,heap     ] GC(5) Survivor regions: 2->6(13)
[2024-05-29T01:22:57.788+0000][1][gc,heap     ] GC(5) Old regions: 5->5
[2024-05-29T01:22:57.788+0000][1][gc,heap     ] GC(5) Humongous regions: 0->0
[2024-05-29T01:22:57.788+0000][1][gc,metaspace] GC(5) Metaspace: 59490K(60096K)->59490K(60096K) NonClass: 52188K(52544K)->52188K(52544K) Class: 7301K(7552K)->7301K(7552K)
[2024-05-29T01:22:57.789+0000][1][gc          ] GC(5) Pause Young (Concurrent Start) (Metadata GC Threshold) 102M->20M(4096M) 22.776ms
[2024-05-29T01:22:57.789+0000][1][gc,cpu      ] GC(5) User=0.04s Sys=0.00s Real=0.03s
[2024-05-29T01:22:57.789+0000][1][gc          ] GC(6) Concurrent Mark Cycle
[2024-05-29T01:22:57.789+0000][1][gc,marking  ] GC(6) Concurrent Scan Root Regions
[2024-05-29T01:22:57.789+0000][1][safepoint   ] Safepoint "CollectForMetadataAllocation", Time since last: 544957929 ns, Reaching safepoint: 6597 ns, Cleanup: 73169 ns, At safepoint: 22900157 ns, Total: 22979923 ns
[2024-05-29T01:22:57.813+0000][1][gc,marking  ] GC(6) Concurrent Scan Root Regions 24.461ms
[2024-05-29T01:22:57.813+0000][1][gc,marking  ] GC(6) Concurrent Mark
[2024-05-29T01:22:57.813+0000][1][gc,marking  ] GC(6) Concurrent Mark From Roots
[2024-05-29T01:22:57.813+0000][1][gc,task     ] GC(6) Using 1 workers of 1 for marking
[2024-05-29T01:22:57.821+0000][1][safepoint   ] Safepoint "CollectForMetadataAllocation", Time since last: 32108451 ns, Reaching safepoint: 28780 ns, Cleanup: 10021 ns, At safepoint: 47088 ns, Total: 85889 ns
[2024-05-29T01:22:57.824+0000][1][gc,marking  ] GC(6) Concurrent Mark From Roots 11.332ms
[2024-05-29T01:22:57.824+0000][1][gc,marking  ] GC(6) Concurrent Preclean
[2024-05-29T01:22:57.825+0000][1][gc,marking  ] GC(6) Concurrent Preclean 0.075ms
[2024-05-29T01:22:57.825+0000][1][gc,start    ] GC(6) Pause Remark
[2024-05-29T01:22:57.836+0000][1][gc          ] GC(6) Pause Remark 22M->22M(4096M) 10.895ms
[2024-05-29T01:22:57.836+0000][1][gc,cpu      ] GC(6) User=0.02s Sys=0.00s Real=0.01s
[2024-05-29T01:22:57.836+0000][1][safepoint   ] Safepoint "G1PauseRemark", Time since last: 3763502 ns, Reaching safepoint: 5259 ns, Cleanup: 2868 ns, At safepoint: 10995843 ns, Total: 11003970 ns
[2024-05-29T01:22:57.836+0000][1][gc,marking  ] GC(6) Concurrent Mark 22.544ms
[2024-05-29T01:22:57.836+0000][1][gc,marking  ] GC(6) Concurrent Rebuild Remembered Sets and Scrub Regions
[2024-05-29T01:22:57.840+0000][1][gc,marking  ] GC(6) Concurrent Rebuild Remembered Sets and Scrub Regions 4.154ms
[2024-05-29T01:22:57.840+0000][1][gc,start    ] GC(6) Pause Cleanup
[2024-05-29T01:22:57.841+0000][1][gc          ] GC(6) Pause Cleanup 22M->22M(4096M) 0.653ms
[2024-05-29T01:22:57.841+0000][1][gc,cpu      ] GC(6) User=0.00s Sys=0.00s Real=0.01s
[2024-05-29T01:22:57.841+0000][1][safepoint   ] Safepoint "G1PauseCleanup", Time since last: 4274798 ns, Reaching safepoint: 86774 ns, Cleanup: 4939 ns, At safepoint: 765197 ns, Total: 856910 ns
[2024-05-29T01:22:57.841+0000][1][gc,marking  ] GC(6) Concurrent Clear Claimed Marks
[2024-05-29T01:22:57.841+0000][1][gc,marking  ] GC(6) Concurrent Clear Claimed Marks 0.060ms
[2024-05-29T01:22:57.841+0000][1][gc,marking  ] GC(6) Concurrent Cleanup for Next Mark
[2024-05-29T01:22:57.852+0000][1][gc,marking  ] GC(6) Concurrent Cleanup for Next Mark 11.627ms
[2024-05-29T01:22:57.852+0000][1][gc          ] GC(6) Concurrent Mark Cycle 63.953ms
[2024-05-29T01:22:58.583+0000][1][safepoint   ] Safepoint "ICBufferFull", Time since last: 741857242 ns, Reaching safepoint: 6696 ns, Cleanup: 144308 ns, At safepoint: 3422 ns, Total: 154426 ns
[2024-05-29T01:22:59.172+0000][1][safepoint   ] Safepoint "ICBufferFull", Time since last: 589294576 ns, Reaching safepoint: 6613 ns, Cleanup: 165068 ns, At safepoint: 3632 ns, Total: 175313 ns
[2024-05-29T01:23:00.173+0000][1][safepoint   ] Safepoint "Cleanup", Time since last: 1000124515 ns, Reaching safepoint: 171397 ns, Cleanup: 135498 ns, At safepoint: 19480 ns, Total: 326375 ns
[2024-05-29T01:23:00.627+0000][1][safepoint   ] Safepoint "ICBufferFull", Time since last: 453984323 ns, Reaching safepoint: 8910 ns, Cleanup: 103243 ns, At safepoint: 10083 ns, Total: 122236 ns
[2024-05-29T01:23:01.308+0000][1][safepoint   ] Safepoint "ICBufferFull", Time since last: 680891191 ns, Reaching safepoint: 11779 ns, Cleanup: 127425 ns, At safepoint: 2990 ns, Total: 142194 ns
[2024-05-29T01:23:01.765+0000][1][safepoint   ] Safepoint "ICBufferFull", Time since last: 456454280 ns, Reaching safepoint: 328256 ns, Cleanup: 139178 ns, At safepoint: 18612 ns, Total: 486046 ns
[2024-05-29T01:23:02.997+0000][1][safepoint   ] Safepoint "Cleanup", Time since last: 1232260442 ns, Reaching safepoint: 12537 ns, Cleanup: 91461 ns, At safepoint: 3154 ns, Total: 107152 ns
[2024-05-29T01:23:04.997+0000][1][safepoint   ] Safepoint "Cleanup", Time since last: 2000301380 ns, Reaching safepoint: 13984 ns, Cleanup: 20191 ns, At safepoint: 2871 ns, Total: 37046 ns
[2024-05-29T01:23:05.998+0000][1][safepoint   ] Safepoint "Cleanup", Time since last: 1000166953 ns, Reaching safepoint: 13365 ns, Cleanup: 12019 ns, At safepoint: 2772 ns, Total: 28156 ns
[2024-05-29T01:23:06.998+0000][1][safepoint   ] Safepoint "Cleanup", Time since last: 1000156632 ns, Reaching safepoint: 13486 ns, Cleanup: 17576 ns, At safepoint: 2824 ns, Total: 33886 ns
[2024-05-29T01:23:07.998+0000][1][safepoint   ] Safepoint "Cleanup", Time since last: 1000147964 ns, Reaching safepoint: 11557 ns, Cleanup: 18686 ns, At safepoint: 2379 ns, Total: 32622 ns
[2024-05-29T01:23:08.998+0000][1][safepoint   ] Safepoint "Cleanup", Time since last: 1000171480 ns, Reaching safepoint: 13786 ns, Cleanup: 17654 ns, At safepoint: 3194 ns, Total: 34634 ns
[2024-05-29T01:23:09.998+0000][1][safepoint   ] Safepoint "Cleanup", Time since last: 1000124625 ns, Reaching safepoint: 13818 ns, Cleanup: 15357 ns, At safepoint: 3136 ns, Total: 32311 ns
[2024-05-29T01:23:10.999+0000][1][safepoint   ] Safepoint "Cleanup", Time since last: 1000120796 ns, Reaching safepoint: 12877 ns, Cleanup: 19659 ns, At safepoint: 2987 ns, Total: 35523 ns
[2024-05-29T01:23:12.999+0000][1][safepoint   ] Safepoint "Cleanup", Time since last: 2000289049 ns, Reaching safepoint: 12076 ns, Cleanup: 12291 ns, At safepoint: 3177 ns, Total: 27544 ns
[2024-05-29T01:23:14.999+0000][1][safepoint   ] Safepoint "Cleanup", Time since last: 2000263541 ns, Reaching safepoint: 12184 ns, Cleanup: 11357 ns, At safepoint: 2579 ns, Total: 26120 ns
[2024-05-29T01:23:18.000+0000][1][safepoint   ] Safepoint "Cleanup", Time since last: 3000519705 ns, Reaching safepoint: 15298 ns, Cleanup: 14242 ns, At safepoint: 4369 ns, Total: 33909 ns
[2024-05-29T01:23:23.001+0000][1][safepoint   ] Safepoint "Cleanup", Time since last: 5001013547 ns, Reaching safepoint: 34083 ns, Cleanup: 13322 ns, At safepoint: 4686 ns, Total: 52091 ns
[2024-05-29T01:23:29.001+0000][1][safepoint   ] Safepoint "Cleanup", Time since last: 6000701413 ns, Reaching safepoint: 15251 ns, Cleanup: 15199 ns, At safepoint: 3393 ns, Total: 33843 ns
[2024-05-29T01:23:30.002+0000][1][safepoint   ] Safepoint "Cleanup", Time since last: 1000365307 ns, Reaching safepoint: 13741 ns, Cleanup: 124610 ns, At safepoint: 4314 ns, Total: 142665 ns
[2024-05-29T01:23:31.003+0000][1][safepoint   ] Safepoint "Cleanup", Time since last: 1000162359 ns, Reaching safepoint: 468612 ns, Cleanup: 19001 ns, At safepoint: 5812 ns, Total: 493425 ns
[2024-05-29T01:23:31.398+0000][1][gc,start    ] GC(7) Pause Young (Normal) (G1 Evacuation Pause)
[2024-05-29T01:23:31.398+0000][1][gc,task     ] GC(7) Using 2 workers of 2 for evacuation
[2024-05-29T01:23:31.398+0000][1][gc,age      ] GC(7) Desired survivor size 13631488 bytes, new threshold 15 (max threshold 15)
[2024-05-29T01:23:31.448+0000][1][gc,phases   ] GC(7)   Pre Evacuate Collection Set: 1.3ms
[2024-05-29T01:23:31.448+0000][1][gc,phases   ] GC(7)   Merge Heap Roots: 0.1ms
[2024-05-29T01:23:31.448+0000][1][gc,phases   ] GC(7)   Evacuate Collection Set: 45.4ms
[2024-05-29T01:23:31.448+0000][1][gc,phases   ] GC(7)   Post Evacuate Collection Set: 2.5ms
[2024-05-29T01:23:31.448+0000][1][gc,phases   ] GC(7)   Other: 0.1ms
[2024-05-29T01:23:31.448+0000][1][gc,age      ] GC(7) Age table with threshold 15 (max threshold 15)
[2024-05-29T01:23:31.448+0000][1][gc,age      ] GC(7) - age   1:   15159224 bytes,   15159224 total
[2024-05-29T01:23:31.448+0000][1][gc,age      ] GC(7) - age   2:    6470064 bytes,   21629288 total
[2024-05-29T01:23:31.448+0000][1][gc,age      ] GC(7) - age   3:     771936 bytes,   22401224 total
[2024-05-29T01:23:31.448+0000][1][gc,age      ] GC(7) - age   4:    2206072 bytes,   24607296 total
[2024-05-29T01:23:31.448+0000][1][gc,heap     ] GC(7) Eden regions: 96->0(89)
[2024-05-29T01:23:31.448+0000][1][gc,heap     ] GC(7) Survivor regions: 6->13(13)
[2024-05-29T01:23:31.448+0000][1][gc,heap     ] GC(7) Old regions: 5->5
[2024-05-29T01:23:31.448+0000][1][gc,heap     ] GC(7) Humongous regions: 0->0
[2024-05-29T01:23:31.448+0000][1][gc,metaspace] GC(7) Metaspace: 79054K(80384K)->79054K(80384K) NonClass: 68642K(69376K)->68642K(69376K) Class: 10412K(11008K)->10412K(11008K)
[2024-05-29T01:23:31.448+0000][1][gc          ] GC(7) Pause Young (Normal) (G1 Evacuation Pause) 212M->34M(4096M) 49.521ms
[2024-05-29T01:23:31.448+0000][1][gc,cpu      ] GC(7) User=0.08s Sys=0.01s Real=0.05s
[2024-05-29T01:23:31.448+0000][1][safepoint   ] Safepoint "G1CollectForAllocation", Time since last: 395689963 ns, Reaching safepoint: 11412 ns, Cleanup: 21562 ns, At safepoint: 49589096 ns, Total: 49622070 ns
[2024-05-29T01:23:32.249+0000][1][safepoint   ] Safepoint "ICBufferFull", Time since last: 801119691 ns, Reaching safepoint: 102896 ns, Cleanup: 122584 ns, At safepoint: 15392 ns, Total: 240872 ns
[2024-05-29T01:23:33.250+0000][1][safepoint   ] Safepoint "Cleanup", Time since last: 1000180433 ns, Reaching safepoint: 100279 ns, Cleanup: 13567 ns, At safepoint: 13657 ns, Total: 127503 ns
[2024-05-29T01:23:34.250+0000][1][safepoint   ] Safepoint "Cleanup", Time since last: 1000149745 ns, Reaching safepoint: 12723 ns, Cleanup: 16714 ns, At safepoint: 3299 ns, Total: 32736 ns
[2024-05-29T01:23:40.251+0000][1][safepoint   ] Safepoint "Cleanup", Time since last: 6000699157 ns, Reaching safepoint: 11321 ns, Cleanup: 13592 ns, At safepoint: 3200 ns, Total: 28113 ns
[2024-05-29T01:23:41.251+0000][1][safepoint   ] Safepoint "Cleanup", Time since last: 1000233673 ns, Reaching safepoint: 12648 ns, Cleanup: 12701 ns, At safepoint: 3114 ns, Total: 28463 ns
[2024-05-29T01:23:44.251+0000][1][safepoint   ] Safepoint "Cleanup", Time since last: 3000418922 ns, Reaching safepoint: 12431 ns, Cleanup: 12714 ns, At safepoint: 2750 ns, Total: 27895 ns
[2024-05-29T01:23:45.251+0000][1][safepoint   ] Safepoint "Cleanup", Time since last: 1000163923 ns, Reaching safepoint: 13957 ns, Cleanup: 14673 ns, At safepoint: 3080 ns, Total: 31710 ns
[2024-05-29T01:23:54.538+0000][1][safepoint   ] Safepoint "Cleanup", Time since last: 9286411787 ns, Reaching safepoint: 38596 ns, Cleanup: 13821 ns, At safepoint: 3573 ns, Total: 55990 ns
[2024-05-29T01:24:00.539+0000][1][safepoint   ] Safepoint "Cleanup", Time since last: 6000596595 ns, Reaching safepoint: 11043 ns, Cleanup: 20291 ns, At safepoint: 2760 ns, Total: 34094 ns
[2024-05-29T01:24:01.539+0000][1][safepoint   ] Safepoint "Cleanup", Time since last: 1000149865 ns, Reaching safepoint: 11979 ns, Cleanup: 26656 ns, At safepoint: 2849 ns, Total: 41484 ns
[2024-05-29T01:24:02.539+0000][1][safepoint   ] Safepoint "Cleanup", Time since last: 1000153332 ns, Reaching safepoint: 11655 ns, Cleanup: 12066 ns, At safepoint: 2891 ns, Total: 26612 ns
[2024-05-29T01:24:14.540+0000][1][safepoint   ] Safepoint "Cleanup", Time since last: 12001289167 ns, Reaching safepoint: 11200 ns, Cleanup: 13506 ns, At safepoint: 2755 ns, Total: 27461 ns
[2024-05-29T01:24:15.540+0000][1][safepoint   ] Safepoint "Cleanup", Time since last: 1000179122 ns, Reaching safepoint: 14723 ns, Cleanup: 20226 ns, At safepoint: 3065 ns, Total: 38014 ns
[2024-05-29T01:24:16.657+0000][1][safepoint   ] Safepoint "ICBufferFull", Time since last: 1116228204 ns, Reaching safepoint: 11848 ns, Cleanup: 144650 ns, At safepoint: 9000 ns, Total: 165498 ns
[2024-05-29T01:24:16.985+0000][1][safepoint   ] Safepoint "ICBufferFull", Time since last: 328261087 ns, Reaching safepoint: 9994 ns, Cleanup: 131916 ns, At safepoint: 3498 ns, Total: 145408 ns
[2024-05-29T01:24:18.022+0000][1][safepoint   ] Safepoint "Cleanup", Time since last: 1036337795 ns, Reaching safepoint: 12899 ns, Cleanup: 50995 ns, At safepoint: 3369 ns, Total: 67263 ns
[2024-05-29T01:24:22.022+0000][1][safepoint   ] Safepoint "Cleanup", Time since last: 4000438093 ns, Reaching safepoint: 12109 ns, Cleanup: 99652 ns, At safepoint: 2951 ns, Total: 114712 ns
[2024-05-29T01:24:23.022+0000][1][safepoint   ] Safepoint "Cleanup", Time since last: 1000146340 ns, Reaching safepoint: 12420 ns, Cleanup: 52725 ns, At safepoint: 3610 ns, Total: 68755 ns
[2024-05-29T01:24:25.023+0000][1][safepoint   ] Safepoint "Cleanup", Time since last: 2000253784 ns, Reaching safepoint: 12809 ns, Cleanup: 72169 ns, At safepoint: 2900 ns, Total: 87878 ns
[2024-05-29T01:24:27.023+0000][1][safepoint   ] Safepoint "Cleanup", Time since last: 2000237355 ns, Reaching safepoint: 13029 ns, Cleanup: 69467 ns, At safepoint: 3996 ns, Total: 86492 ns
[2024-05-29T01:24:28.023+0000][1][safepoint   ] Safepoint "Cleanup", Time since last: 1000152687 ns, Reaching safepoint: 13426 ns, Cleanup: 41295 ns, At safepoint: 3330 ns, Total: 58051 ns
[2024-05-29T01:24:30.024+0000][1][safepoint   ] Safepoint "Cleanup", Time since last: 2000271663 ns, Reaching safepoint: 14131 ns, Cleanup: 14323 ns, At safepoint: 2731 ns, Total: 31185 ns
[2024-05-29T01:24:32.024+0000][1][safepoint   ] Safepoint "Cleanup", Time since last: 2000258907 ns, Reaching safepoint: 14450 ns, Cleanup: 53151 ns, At safepoint: 2992 ns, Total: 70593 ns
[2024-05-29T01:24:33.024+0000][1][safepoint   ] Safepoint "Cleanup", Time since last: 1000110215 ns, Reaching safepoint: 15332 ns, Cleanup: 55000 ns, At safepoint: 3272 ns, Total: 73604 ns
[2024-05-29T01:24:37.025+0000][1][safepoint   ] Safepoint "Cleanup", Time since last: 4000370378 ns, Reaching safepoint: 40314 ns, Cleanup: 83294 ns, At safepoint: 3835 ns, Total: 127443 ns
[2024-05-29T01:24:38.025+0000][1][safepoint   ] Safepoint "Cleanup", Time since last: 1000146588 ns, Reaching safepoint: 12903 ns, Cleanup: 48384 ns, At safepoint: 3172 ns, Total: 64459 ns
[2024-05-29T01:24:42.025+0000][1][safepoint   ] Safepoint "Cleanup", Time since last: 4000485596 ns, Reaching safepoint: 12503 ns, Cleanup: 43392 ns, At safepoint: 2731 ns, Total: 58626 ns
[2024-05-29T01:24:43.026+0000][1][safepoint   ] Safepoint "Cleanup", Time since last: 1000129381 ns, Reaching safepoint: 14281 ns, Cleanup: 50282 ns, At safepoint: 2809 ns, Total: 67372 ns
[2024-05-29T01:24:46.026+0000][1][safepoint   ] Safepoint "Cleanup", Time since last: 3000319979 ns, Reaching safepoint: 32368 ns, Cleanup: 16438 ns, At safepoint: 3101 ns, Total: 51907 ns
[2024-05-29T01:24:47.416+0000][1][safepoint   ] Safepoint "Cleanup", Time since last: 1389916699 ns, Reaching safepoint: 12460 ns, Cleanup: 73123 ns, At safepoint: 3288 ns, Total: 88871 ns
[2024-05-29T01:24:48.571+0000][1][safepoint   ] Safepoint "Cleanup", Time since last: 1155243850 ns, Reaching safepoint: 14989 ns, Cleanup: 32011 ns, At safepoint: 3540 ns, Total: 50540 ns
[2024-05-29T01:24:53.572+0000][1][safepoint   ] Safepoint "Cleanup", Time since last: 5000658569 ns, Reaching safepoint: 38613 ns, Cleanup: 31602 ns, At safepoint: 3050 ns, Total: 73265 ns
[2024-05-29T01:24:55.572+0000][1][safepoint   ] Safepoint "Cleanup", Time since last: 2000270447 ns, Reaching safepoint: 40335 ns, Cleanup: 13882 ns, At safepoint: 5055 ns, Total: 59272 ns
[2024-05-29T01:24:58.037+0000][1][safepoint   ] Safepoint "Cleanup", Time since last: 2464398850 ns, Reaching safepoint: 5739 ns, Cleanup: 35595 ns, At safepoint: 6032 ns, Total: 47366 ns
[2024-05-29T01:24:59.037+0000][1][safepoint   ] Safepoint "Cleanup", Time since last: 1000148054 ns, Reaching safepoint: 13234 ns, Cleanup: 55846 ns, At safepoint: 4117 ns, Total: 73197 ns
[2024-05-29T01:25:00.037+0000][1][safepoint   ] Safepoint "Cleanup", Time since last: 1000259259 ns, Reaching safepoint: 13272 ns, Cleanup: 41135 ns, At safepoint: 2991 ns, Total: 57398 ns
[2024-05-29T01:25:03.041+0000][1][safepoint   ] Safepoint "Cleanup", Time since last: 3003048973 ns, Reaching safepoint: 216387 ns, Cleanup: 26871 ns, At safepoint: 4039 ns, Total: 247297 ns
[2024-05-29T01:25:08.041+0000][1][safepoint   ] Safepoint "Cleanup", Time since last: 5000658083 ns, Reaching safepoint: 36160 ns, Cleanup: 34230 ns, At safepoint: 3407 ns, Total: 73797 ns
[2024-05-29T01:25:13.042+0000][1][safepoint   ] Safepoint "Cleanup", Time since last: 5000583572 ns, Reaching safepoint: 39081 ns, Cleanup: 30534 ns, At safepoint: 3637 ns, Total: 73252 ns
[2024-05-29T01:25:17.043+0000][1][safepoint   ] Safepoint "Cleanup", Time since last: 4000581828 ns, Reaching safepoint: 38098 ns, Cleanup: 17007 ns, At safepoint: 3352 ns, Total: 58457 ns
[2024-05-29T01:25:18.043+0000][1][safepoint   ] Safepoint "Cleanup", Time since last: 1000144960 ns, Reaching safepoint: 12012 ns, Cleanup: 51511 ns, At safepoint: 3484 ns, Total: 67007 ns
[2024-05-29T01:25:22.043+0000][1][safepoint   ] Safepoint "Cleanup", Time since last: 4000475787 ns, Reaching safepoint: 40312 ns, Cleanup: 15003 ns, At safepoint: 5365 ns, Total: 60680 ns
[2024-05-29T01:25:23.044+0000][1][safepoint   ] Safepoint "Cleanup", Time since last: 1000186732 ns, Reaching safepoint: 11816 ns, Cleanup: 51598 ns, At safepoint: 7955 ns, Total: 71369 ns
[2024-05-29T01:25:26.044+0000][1][safepoint   ] Safepoint "Cleanup", Time since last: 3000429068 ns, Reaching safepoint: 36380 ns, Cleanup: 13037 ns, At safepoint: 4964 ns, Total: 54381 ns
[2024-05-29T01:25:28.044+0000][1][safepoint   ] Safepoint "Cleanup", Time since last: 2000252202 ns, Reaching safepoint: 14293 ns, Cleanup: 36036 ns, At safepoint: 3207 ns, Total: 53536 ns
[2024-05-29T01:25:29.045+0000][1][safepoint   ] Safepoint "Cleanup", Time since last: 1000136095 ns, Reaching safepoint: 26650 ns, Cleanup: 96319 ns, At safepoint: 4125 ns, Total: 127094 ns
[2024-05-29T01:25:30.045+0000][1][safepoint   ] Safepoint "Cleanup", Time since last: 1000166447 ns, Reaching safepoint: 12676 ns, Cleanup: 32418 ns, At safepoint: 2649 ns, Total: 47743 ns
[2024-05-29T01:25:33.045+0000][1][safepoint   ] Safepoint "Cleanup", Time since last: 3000392570 ns, Reaching safepoint: 37903 ns, Cleanup: 20963 ns, At safepoint: 3003 ns, Total: 61869 ns
[2024-05-29T01:25:38.046+0000][1][safepoint   ] Safepoint "Cleanup", Time since last: 5000578889 ns, Reaching safepoint: 37759 ns, Cleanup: 32877 ns, At safepoint: 2667 ns, Total: 73303 ns
[2024-05-29T01:25:41.046+0000][1][safepoint   ] Safepoint "Cleanup", Time since last: 3000385918 ns, Reaching safepoint: 38965 ns, Cleanup: 14784 ns, At safepoint: 4818 ns, Total: 58567 ns
[2024-05-29T01:25:43.047+0000][1][safepoint   ] Safepoint "Cleanup", Time since last: 2000206904 ns, Reaching safepoint: 12637 ns, Cleanup: 30047 ns, At safepoint: 2947 ns, Total: 45631 ns
[2024-05-29T01:25:48.602+0000][1][safepoint   ] Safepoint "Cleanup", Time since last: 5555576568 ns, Reaching safepoint: 13053 ns, Cleanup: 26795 ns, At safepoint: 2853 ns, Total: 42701 ns
[2024-05-29T01:25:53.603+0000][1][safepoint   ] Safepoint "Cleanup", Time since last: 5000527886 ns, Reaching safepoint: 49130 ns, Cleanup: 73372 ns, At safepoint: 5317 ns, Total: 127819 ns
[2024-05-29T01:25:58.605+0000][1][safepoint   ] Safepoint "Cleanup", Time since last: 5001726086 ns, Reaching safepoint: 67778 ns, Cleanup: 22563 ns, At safepoint: 4212 ns, Total: 94553 ns
[2024-05-29T01:26:00.606+0000][1][safepoint   ] Safepoint "Cleanup", Time since last: 2001062683 ns, Reaching safepoint: 11429 ns, Cleanup: 13556 ns, At safepoint: 3321 ns, Total: 28306 ns
[2024-05-29T01:26:01.606+0000][1][safepoint   ] Safepoint "Cleanup", Time since last: 1000158440 ns, Reaching safepoint: 36043 ns, Cleanup: 14127 ns, At safepoint: 3088 ns, Total: 53258 ns
[2024-05-29T01:26:02.748+0000][1][safepoint   ] Safepoint "Cleanup", Time since last: 1141999056 ns, Reaching safepoint: 110771 ns, Cleanup: 18459 ns, At safepoint: 13503 ns, Total: 142733 ns
[2024-05-29T01:26:03.748+0000][1][safepoint   ] Safepoint "Cleanup", Time since last: 1000164476 ns, Reaching safepoint: 11481 ns, Cleanup: 27608 ns, At safepoint: 3134 ns, Total: 42223 ns
[2024-05-29T01:26:07.749+0000][1][safepoint   ] Safepoint "Cleanup", Time since last: 4000431097 ns, Reaching safepoint: 10978 ns, Cleanup: 37762 ns, At safepoint: 3018 ns, Total: 51758 ns
[2024-05-29T01:26:08.749+0000][1][safepoint   ] Safepoint "Cleanup", Time since last: 1000141615 ns, Reaching safepoint: 15187 ns, Cleanup: 25535 ns, At safepoint: 3348 ns, Total: 44070 ns
[2024-05-29T01:26:12.858+0000][1][gc,start    ] GC(8) Pause Young (Normal) (G1 Evacuation Pause)
[2024-05-29T01:26:12.858+0000][1][gc,task     ] GC(8) Using 2 workers of 2 for evacuation
[2024-05-29T01:26:12.858+0000][1][gc,age      ] GC(8) Desired survivor size 13631488 bytes, new threshold 1 (max threshold 15)
[2024-05-29T01:26:12.936+0000][1][gc,phases   ] GC(8)   Pre Evacuate Collection Set: 0.8ms
[2024-05-29T01:26:12.936+0000][1][gc,phases   ] GC(8)   Merge Heap Roots: 0.2ms
[2024-05-29T01:26:12.936+0000][1][gc,phases   ] GC(8)   Evacuate Collection Set: 74.6ms
[2024-05-29T01:26:12.936+0000][1][gc,phases   ] GC(8)   Post Evacuate Collection Set: 2.1ms
[2024-05-29T01:26:12.936+0000][1][gc,phases   ] GC(8)   Other: 0.3ms
[2024-05-29T01:26:12.936+0000][1][gc,age      ] GC(8) Age table with threshold 1 (max threshold 15)
[2024-05-29T01:26:12.936+0000][1][gc,age      ] GC(8) - age   1:    6353128 bytes,    6353128 total
[2024-05-29T01:26:12.936+0000][1][gc,heap     ] GC(8) Eden regions: 89->0(98)
[2024-05-29T01:26:12.936+0000][1][gc,heap     ] GC(8) Survivor regions: 13->4(13)
[2024-05-29T01:26:12.936+0000][1][gc,heap     ] GC(8) Old regions: 5->17
[2024-05-29T01:26:12.936+0000][1][gc,heap     ] GC(8) Humongous regions: 10->0
[2024-05-29T01:26:12.936+0000][1][gc,metaspace] GC(8) Metaspace: 85539K(86976K)->85539K(86976K) NonClass: 74451K(75264K)->74451K(75264K) Class: 11088K(11712K)->11088K(11712K)
[2024-05-29T01:26:12.936+0000][1][gc          ] GC(8) Pause Young (Normal) (G1 Evacuation Pause) 232M->40M(4096M) 78.155ms
[2024-05-29T01:26:12.936+0000][1][gc,cpu      ] GC(8) User=0.13s Sys=0.03s Real=0.08s
[2024-05-29T01:26:12.936+0000][1][safepoint   ] Safepoint "G1CollectForAllocation", Time since last: 4108953942 ns, Reaching safepoint: 19219 ns, Cleanup: 15099 ns, At safepoint: 78225633 ns, Total: 78259951 ns
[2024-05-29T01:26:13.936+0000][1][safepoint   ] Safepoint "Cleanup", Time since last: 1000134658 ns, Reaching safepoint: 12584 ns, Cleanup: 19425 ns, At safepoint: 2494 ns, Total: 34503 ns
[2024-05-29T01:26:15.937+0000][1][safepoint   ] Safepoint "Cleanup", Time since last: 2000281371 ns, Reaching safepoint: 13570 ns, Cleanup: 27935 ns, At safepoint: 2965 ns, Total: 44470 ns
[2024-05-29T01:26:17.937+0000][1][safepoint   ] Safepoint "Cleanup", Time since last: 2000329063 ns, Reaching safepoint: 10854 ns, Cleanup: 53873 ns, At safepoint: 3486 ns, Total: 68213 ns
[2024-05-29T01:26:22.938+0000][1][safepoint   ] Safepoint "Cleanup", Time since last: 5000506191 ns, Reaching safepoint: 37892 ns, Cleanup: 27864 ns, At safepoint: 3435 ns, Total: 69191 ns
[2024-05-29T01:26:23.938+0000][1][safepoint   ] Safepoint "Cleanup", Time since last: 1000151597 ns, Reaching safepoint: 14640 ns, Cleanup: 18844 ns, At safepoint: 2892 ns, Total: 36376 ns
[2024-05-29T01:26:26.938+0000][1][safepoint   ] Safepoint "Cleanup", Time since last: 3000350898 ns, Reaching safepoint: 15122 ns, Cleanup: 10764 ns, At safepoint: 2497 ns, Total: 28383 ns
[2024-05-29T01:26:27.939+0000][1][safepoint   ] Safepoint "Cleanup", Time since last: 1000152125 ns, Reaching safepoint: 38364 ns, Cleanup: 29029 ns, At safepoint: 3403 ns, Total: 70796 ns
[2024-05-29T01:26:29.939+0000][1][safepoint   ] Safepoint "Cleanup", Time since last: 2000276860 ns, Reaching safepoint: 11864 ns, Cleanup: 14348 ns, At safepoint: 3160 ns, Total: 29372 ns
[2024-05-29T01:26:32.939+0000][1][safepoint   ] Safepoint "Cleanup", Time since last: 3000400816 ns, Reaching safepoint: 44204 ns, Cleanup: 41118 ns, At safepoint: 3534 ns, Total: 88856 ns
[2024-05-29T01:26:36.940+0000][1][safepoint   ] Safepoint "Cleanup", Time since last: 4000500157 ns, Reaching safepoint: 11682 ns, Cleanup: 15835 ns, At safepoint: 3208 ns, Total: 30725 ns
[2024-05-29T01:26:37.940+0000][1][safepoint   ] Safepoint "Cleanup", Time since last: 1000169759 ns, Reaching safepoint: 37291 ns, Cleanup: 32725 ns, At safepoint: 3088 ns, Total: 73104 ns
[2024-05-29T01:26:42.941+0000][1][safepoint   ] Safepoint "Cleanup", Time since last: 5000579375 ns, Reaching safepoint: 37803 ns, Cleanup: 24421 ns, At safepoint: 3186 ns, Total: 65410 ns
[2024-05-29T01:26:45.941+0000][1][safepoint   ] Safepoint "Cleanup", Time since last: 3000324722 ns, Reaching safepoint: 13237 ns, Cleanup: 14674 ns, At safepoint: 2752 ns, Total: 30663 ns
[2024-05-29T01:26:46.941+0000][1][safepoint   ] Safepoint "Cleanup", Time since last: 1000189639 ns, Reaching safepoint: 11432 ns, Cleanup: 43928 ns, At safepoint: 2862 ns, Total: 58222 ns
[2024-05-29T01:26:48.631+0000][1][safepoint   ] Safepoint "Cleanup", Time since last: 1689211681 ns, Reaching safepoint: 14778 ns, Cleanup: 27224 ns, At safepoint: 3136 ns, Total: 45138 ns
[2024-05-29T01:26:53.631+0000][1][safepoint   ] Safepoint "Cleanup", Time since last: 5000657907 ns, Reaching safepoint: 38505 ns, Cleanup: 23550 ns, At safepoint: 3091 ns, Total: 65146 ns
[2024-05-29T01:26:58.632+0000][1][safepoint   ] Safepoint "Cleanup", Time since last: 5000612648 ns, Reaching safepoint: 13443 ns, Cleanup: 28379 ns, At safepoint: 2867 ns, Total: 44689 ns
[2024-05-29T01:27:03.633+0000][1][safepoint   ] Safepoint "Cleanup", Time since last: 5000646068 ns, Reaching safepoint: 13744 ns, Cleanup: 18249 ns, At safepoint: 3386 ns, Total: 35379 ns
[2024-05-29T01:27:08.633+0000][1][safepoint   ] Safepoint "Cleanup", Time since last: 5000617015 ns, Reaching safepoint: 11565 ns, Cleanup: 34473 ns, At safepoint: 2546 ns, Total: 48584 ns
[2024-05-29T01:27:13.634+0000][1][safepoint   ] Safepoint "Cleanup", Time since last: 5000674734 ns, Reaching safepoint: 14999 ns, Cleanup: 30788 ns, At safepoint: 3812 ns, Total: 49599 ns
[2024-05-29T01:27:18.635+0000][1][safepoint   ] Safepoint "Cleanup", Time since last: 5000619856 ns, Reaching safepoint: 13446 ns, Cleanup: 49905 ns, At safepoint: 2384 ns, Total: 65735 ns
[2024-05-29T01:27:21.635+0000][1][safepoint   ] Safepoint "Cleanup", Time since last: 3000334910 ns, Reaching safepoint: 14096 ns, Cleanup: 28140 ns, At safepoint: 2761 ns, Total: 44997 ns
[2024-05-29T01:27:23.635+0000][1][safepoint   ] Safepoint "Cleanup", Time since last: 2000227856 ns, Reaching safepoint: 36257 ns, Cleanup: 21578 ns, At safepoint: 5514 ns, Total: 63349 ns
[2024-05-29T01:27:24.636+0000][1][safepoint   ] Safepoint "Cleanup", Time since last: 1000220801 ns, Reaching safepoint: 11170 ns, Cleanup: 44092 ns, At safepoint: 3704 ns, Total: 58966 ns
[2024-05-29T01:27:25.636+0000][1][safepoint   ] Safepoint "Cleanup", Time since last: 1000224597 ns, Reaching safepoint: 11460 ns, Cleanup: 28481 ns, At safepoint: 3296 ns, Total: 43237 ns
[2024-05-29T01:27:28.636+0000][1][safepoint   ] Safepoint "Cleanup", Time since last: 3000381387 ns, Reaching safepoint: 13036 ns, Cleanup: 18129 ns, At safepoint: 3012 ns, Total: 34177 ns
[2024-05-29T01:27:33.637+0000][1][safepoint   ] Safepoint "Cleanup", Time since last: 5000551179 ns, Reaching safepoint: 13664 ns, Cleanup: 12709 ns, At safepoint: 3038 ns, Total: 29411 ns
[2024-05-29T01:27:38.638+0000][1][safepoint   ] Safepoint "Cleanup", Time since last: 5000544895 ns, Reaching safepoint: 14477 ns, Cleanup: 17831 ns, At safepoint: 2636 ns, Total: 34944 ns
[2024-05-29T01:27:40.638+0000][1][safepoint   ] Safepoint "Cleanup", Time since last: 2000249834 ns, Reaching safepoint: 14768 ns, Cleanup: 12864 ns, At safepoint: 2290 ns, Total: 29922 ns
[2024-05-29T01:27:43.638+0000][1][safepoint   ] Safepoint "Cleanup", Time since last: 3000322996 ns, Reaching safepoint: 11697 ns, Cleanup: 14072 ns, At safepoint: 2799 ns, Total: 28568 ns
[2024-05-29T01:27:53.660+0000][1][safepoint   ] Safepoint "Cleanup", Time since last: 10021733182 ns, Reaching safepoint: 13530 ns, Cleanup: 15525 ns, At safepoint: 2757 ns, Total: 31812 ns
[2024-05-29T01:27:58.661+0000][1][safepoint   ] Safepoint "Cleanup", Time since last: 5000590904 ns, Reaching safepoint: 45354 ns, Cleanup: 17884 ns, At safepoint: 3476 ns, Total: 66714 ns
[2024-05-29T01:27:59.661+0000][1][safepoint   ] Safepoint "Cleanup", Time since last: 1000146489 ns, Reaching safepoint: 12947 ns, Cleanup: 17099 ns, At safepoint: 3386 ns, Total: 33432 ns
[2024-05-29T01:28:00.661+0000][1][safepoint   ] Safepoint "Cleanup", Time since last: 1000132143 ns, Reaching safepoint: 15255 ns, Cleanup: 38353 ns, At safepoint: 3740 ns, Total: 57348 ns
[2024-05-29T01:28:01.662+0000][1][safepoint   ] Safepoint "Cleanup", Time since last: 1000527918 ns, Reaching safepoint: 12634 ns, Cleanup: 19507 ns, At safepoint: 3220 ns, Total: 35361 ns
[2024-05-29T01:28:05.662+0000][1][safepoint   ] Safepoint "Cleanup", Time since last: 4000764059 ns, Reaching safepoint: 12319 ns, Cleanup: 63498 ns, At safepoint: 3197 ns, Total: 79014 ns
[2024-05-29T01:28:17.666+0000][1][safepoint   ] Safepoint "Cleanup", Time since last: 12003592179 ns, Reaching safepoint: 11859 ns, Cleanup: 22015 ns, At safepoint: 2781 ns, Total: 36655 ns
[2024-05-29T01:28:18.666+0000][1][safepoint   ] Safepoint "Cleanup", Time since last: 1000136193 ns, Reaching safepoint: 11634 ns, Cleanup: 32261 ns, At safepoint: 3155 ns, Total: 47050 ns
[2024-05-29T01:28:19.666+0000][1][safepoint   ] Safepoint "Cleanup", Time since last: 1000124368 ns, Reaching safepoint: 12097 ns, Cleanup: 11030 ns, At safepoint: 2248 ns, Total: 25375 ns
[2024-05-29T01:28:23.667+0000][1][safepoint   ] Safepoint "Cleanup", Time since last: 4000367836 ns, Reaching safepoint: 12378 ns, Cleanup: 25812 ns, At safepoint: 2874 ns, Total: 41064 ns
[2024-05-29T01:28:28.667+0000][1][safepoint   ] Safepoint "Cleanup", Time since last: 5000642048 ns, Reaching safepoint: 40746 ns, Cleanup: 24447 ns, At safepoint: 3086 ns, Total: 68279 ns
[2024-05-29T01:28:30.668+0000][1][safepoint   ] Safepoint "Cleanup", Time since last: 2000394242 ns, Reaching safepoint: 213188 ns, Cleanup: 9684 ns, At safepoint: 14507 ns, Total: 237379 ns
[2024-05-29T01:28:31.668+0000][1][safepoint   ] Safepoint "Cleanup", Time since last: 1000226789 ns, Reaching safepoint: 12300 ns, Cleanup: 23901 ns, At safepoint: 3264 ns, Total: 39465 ns
[2024-05-29T01:28:36.669+0000][1][safepoint   ] Safepoint "Cleanup", Time since last: 5000621792 ns, Reaching safepoint: 12674 ns, Cleanup: 35565 ns, At safepoint: 2632 ns, Total: 50871 ns
[2024-05-29T01:29:00.692+0000][1][safepoint   ] Safepoint "Cleanup", Time since last: 24023074126 ns, Reaching safepoint: 63422 ns, Cleanup: 13565 ns, At safepoint: 4279 ns, Total: 81266 ns
[2024-05-29T01:29:05.693+0000][1][safepoint   ] Safepoint "Cleanup", Time since last: 5000470353 ns, Reaching safepoint: 14951 ns, Cleanup: 21773 ns, At safepoint: 2761 ns, Total: 39485 ns
[2024-05-29T01:29:09.693+0000][1][safepoint   ] Safepoint "Cleanup", Time since last: 4000406233 ns, Reaching safepoint: 10866 ns, Cleanup: 24806 ns, At safepoint: 2525 ns, Total: 38197 ns
[2024-05-29T01:29:15.694+0000][1][safepoint   ] Safepoint "Cleanup", Time since last: 6000680531 ns, Reaching safepoint: 11264 ns, Cleanup: 21729 ns, At safepoint: 2961 ns, Total: 35954 ns
[2024-05-29T01:29:18.694+0000][1][safepoint   ] Safepoint "Cleanup", Time since last: 3000398864 ns, Reaching safepoint: 11120 ns, Cleanup: 28852 ns, At safepoint: 3268 ns, Total: 43240 ns
[2024-05-29T01:29:23.695+0000][1][safepoint   ] Safepoint "Cleanup", Time since last: 5000603580 ns, Reaching safepoint: 12865 ns, Cleanup: 14755 ns, At safepoint: 2624 ns, Total: 30244 ns
[2024-05-29T01:29:44.697+0000][1][safepoint   ] Safepoint "Cleanup", Time since last: 21002359930 ns, Reaching safepoint: 13427 ns, Cleanup: 28941 ns, At safepoint: 2509 ns, Total: 44877 ns
[2024-05-29T01:30:00.718+0000][1][safepoint   ] Safepoint "Cleanup", Time since last: 16020583985 ns, Reaching safepoint: 38242 ns, Cleanup: 16280 ns, At safepoint: 3396 ns, Total: 57918 ns
[2024-05-29T01:30:05.719+0000][1][safepoint   ] Safepoint "Cleanup", Time since last: 5000805194 ns, Reaching safepoint: 10380 ns, Cleanup: 13110 ns, At safepoint: 2883 ns, Total: 26373 ns
[2024-05-29T01:30:18.721+0000][1][safepoint   ] Safepoint "Cleanup", Time since last: 13001719228 ns, Reaching safepoint: 11818 ns, Cleanup: 38499 ns, At safepoint: 3131 ns, Total: 53448 ns
[2024-05-29T01:30:22.721+0000][1][safepoint   ] Safepoint "Cleanup", Time since last: 4000540660 ns, Reaching safepoint: 13995 ns, Cleanup: 29455 ns, At safepoint: 2832 ns, Total: 46282 ns
[2024-05-29T01:30:24.722+0000][1][safepoint   ] Safepoint "Cleanup", Time since last: 2000313962 ns, Reaching safepoint: 11473 ns, Cleanup: 16670 ns, At safepoint: 3106 ns, Total: 31249 ns
[2024-05-29T01:30:42.724+0000][1][safepoint   ] Safepoint "Cleanup", Time since last: 18002165422 ns, Reaching safepoint: 36484 ns, Cleanup: 17379 ns, At safepoint: 2932 ns, Total: 56795 ns
[2024-05-29T01:30:47.724+0000][1][safepoint   ] Safepoint "Cleanup", Time since last: 5000566287 ns, Reaching safepoint: 11030 ns, Cleanup: 11869 ns, At safepoint: 2831 ns, Total: 25730 ns
[2024-05-29T01:31:00.727+0000][1][safepoint   ] Safepoint "Cleanup", Time since last: 13002157331 ns, Reaching safepoint: 36362 ns, Cleanup: 12699 ns, At safepoint: 3488 ns, Total: 52549 ns
[2024-05-29T01:31:16.728+0000][1][safepoint   ] Safepoint "Cleanup", Time since last: 16001814882 ns, Reaching safepoint: 14787 ns, Cleanup: 27404 ns, At safepoint: 3441 ns, Total: 45632 ns
[2024-05-29T01:31:19.729+0000][1][safepoint   ] Safepoint "Cleanup", Time since last: 3000356770 ns, Reaching safepoint: 12974 ns, Cleanup: 18093 ns, At safepoint: 3051 ns, Total: 34118 ns
[2024-05-29T01:31:30.730+0000][1][safepoint   ] Safepoint "Cleanup", Time since last: 11001118313 ns, Reaching safepoint: 38526 ns, Cleanup: 20373 ns, At safepoint: 3026 ns, Total: 61925 ns
[2024-05-29T01:32:01.734+0000][1][safepoint   ] Safepoint "Cleanup", Time since last: 31003474275 ns, Reaching safepoint: 40105 ns, Cleanup: 15149 ns, At safepoint: 5308 ns, Total: 60562 ns
[2024-05-29T01:32:09.735+0000][1][safepoint   ] Safepoint "Cleanup", Time since last: 8001032494 ns, Reaching safepoint: 10732 ns, Cleanup: 14877 ns, At safepoint: 3949 ns, Total: 29558 ns
[2024-05-29T01:32:19.736+0000][1][safepoint   ] Safepoint "Cleanup", Time since last: 10001374050 ns, Reaching safepoint: 12898 ns, Cleanup: 14687 ns, At safepoint: 2929 ns, Total: 30514 ns
[2024-05-29T01:32:22.736+0000][1][safepoint   ] Safepoint "Cleanup", Time since last: 3000353055 ns, Reaching safepoint: 13222 ns, Cleanup: 14099 ns, At safepoint: 3063 ns, Total: 30384 ns
[2024-05-29T01:32:24.737+0000][1][safepoint   ] Safepoint "Cleanup", Time since last: 2000296792 ns, Reaching safepoint: 12453 ns, Cleanup: 14812 ns, At safepoint: 2741 ns, Total: 30006 ns
[2024-05-29T01:32:30.737+0000][1][safepoint   ] Safepoint "Cleanup", Time since last: 6000708249 ns, Reaching safepoint: 41655 ns, Cleanup: 16843 ns, At safepoint: 3946 ns, Total: 62444 ns
[2024-05-29T01:32:53.803+0000][1][safepoint   ] Safepoint "Cleanup", Time since last: 23064969207 ns, Reaching safepoint: 95317 ns, Cleanup: 13617 ns, At safepoint: 8799 ns, Total: 117733 ns
[2024-05-29T01:32:54.803+0000][1][safepoint   ] Safepoint "Cleanup", Time since last: 1000141209 ns, Reaching safepoint: 12033 ns, Cleanup: 20194 ns, At safepoint: 2956 ns, Total: 35183 ns
[2024-05-29T01:32:58.996+0000][1][safepoint   ] Safepoint "Cleanup", Time since last: 4193087256 ns, Reaching safepoint: 6776 ns, Cleanup: 14443 ns, At safepoint: 6957 ns, Total: 28176 ns
[2024-05-29T01:33:00.974+0000][1][safepoint   ] Safepoint "Cleanup", Time since last: 1978220499 ns, Reaching safepoint: 13723 ns, Cleanup: 105533 ns, At safepoint: 3564 ns, Total: 122820 ns
[2024-05-29T01:33:01.974+0000][1][safepoint   ] Safepoint "Cleanup", Time since last: 1000164428 ns, Reaching safepoint: 38307 ns, Cleanup: 17891 ns, At safepoint: 3176 ns, Total: 59374 ns
[2024-05-29T01:33:11.976+0000][1][safepoint   ] Safepoint "Cleanup", Time since last: 10001905340 ns, Reaching safepoint: 12411 ns, Cleanup: 16702 ns, At safepoint: 3321 ns, Total: 32434 ns
[2024-05-29T01:33:15.977+0000][1][safepoint   ] Safepoint "Cleanup", Time since last: 4000543914 ns, Reaching safepoint: 11727 ns, Cleanup: 44475 ns, At safepoint: 2622 ns, Total: 58824 ns
[2024-05-29T01:33:19.978+0000][1][safepoint   ] Safepoint "Cleanup", Time since last: 4000516255 ns, Reaching safepoint: 11179 ns, Cleanup: 15961 ns, At safepoint: 2627 ns, Total: 29767 ns
[2024-05-29T01:33:29.979+0000][1][safepoint   ] Safepoint "Cleanup", Time since last: 10001283172 ns, Reaching safepoint: 12051 ns, Cleanup: 20462 ns, At safepoint: 3427 ns, Total: 35940 ns
[2024-05-29T01:33:30.979+0000][1][safepoint   ] Safepoint "Cleanup", Time since last: 1000148393 ns, Reaching safepoint: 13025 ns, Cleanup: 23610 ns, At safepoint: 3818 ns, Total: 40453 ns
[2024-05-29T01:33:41.980+0000][1][safepoint   ] Safepoint "Cleanup", Time since last: 11001216038 ns, Reaching safepoint: 34963 ns, Cleanup: 14805 ns, At safepoint: 3603 ns, Total: 53371 ns
[2024-05-29T01:34:13.834+0000][1][safepoint   ] Safepoint "Cleanup", Time since last: 31853464641 ns, Reaching safepoint: 37877 ns, Cleanup: 15241 ns, At safepoint: 3311 ns, Total: 56429 ns
[2024-05-29T01:34:19.835+0000][1][safepoint   ] Safepoint "Cleanup", Time since last: 6001040081 ns, Reaching safepoint: 12219 ns, Cleanup: 15858 ns, At safepoint: 3209 ns, Total: 31286 ns
[2024-05-29T01:34:51.839+0000][1][safepoint   ] Safepoint "Cleanup", Time since last: 32003800806 ns, Reaching safepoint: 11717 ns, Cleanup: 12138 ns, At safepoint: 2436 ns, Total: 26291 ns
[2024-05-29T01:35:05.840+0000][1][safepoint   ] Safepoint "Cleanup", Time since last: 14001667144 ns, Reaching safepoint: 43113 ns, Cleanup: 19349 ns, At safepoint: 3593 ns, Total: 66055 ns
[2024-05-29T01:35:18.842+0000][1][safepoint   ] Safepoint "Cleanup", Time since last: 13001455903 ns, Reaching safepoint: 22371 ns, Cleanup: 25809 ns, At safepoint: 5713 ns, Total: 53893 ns
[2024-05-29T01:35:19.842+0000][1][safepoint   ] Safepoint "Cleanup", Time since last: 1000141648 ns, Reaching safepoint: 11490 ns, Cleanup: 14777 ns, At safepoint: 2970 ns, Total: 29237 ns
[2024-05-29T01:35:20.842+0000][1][safepoint   ] Safepoint "Cleanup", Time since last: 1000163342 ns, Reaching safepoint: 11558 ns, Cleanup: 23829 ns, At safepoint: 2613 ns, Total: 38000 ns
[2024-05-29T01:35:25.843+0000][1][safepoint   ] Safepoint "Cleanup", Time since last: 5000509079 ns, Reaching safepoint: 10949 ns, Cleanup: 18611 ns, At safepoint: 2953 ns, Total: 32513 ns
[2024-05-29T01:35:47.847+0000][1][safepoint   ] Safepoint "Cleanup", Time since last: 22003729601 ns, Reaching safepoint: 37536 ns, Cleanup: 13632 ns, At safepoint: 3592 ns, Total: 54760 ns
[2024-05-29T01:35:52.889+0000][1][safepoint   ] Safepoint "Cleanup", Time since last: 5042627627 ns, Reaching safepoint: 12550 ns, Cleanup: 14280 ns, At safepoint: 3560 ns, Total: 30390 ns
[2024-05-29T01:35:55.890+0000][1][safepoint   ] Safepoint "Cleanup", Time since last: 3000329750 ns, Reaching safepoint: 11764 ns, Cleanup: 26760 ns, At safepoint: 3028 ns, Total: 41552 ns
[2024-05-29T01:35:56.890+0000][1][safepoint   ] Safepoint "Cleanup", Time since last: 1000152827 ns, Reaching safepoint: 13487 ns, Cleanup: 19008 ns, At safepoint: 3662 ns, Total: 36157 ns
[2024-05-29T01:36:00.890+0000][1][safepoint   ] Safepoint "Cleanup", Time since last: 4000539154 ns, Reaching safepoint: 12682 ns, Cleanup: 16980 ns, At safepoint: 3907 ns, Total: 33569 ns
[2024-05-29T01:36:20.893+0000][1][safepoint   ] Safepoint "Cleanup", Time since last: 20002568604 ns, Reaching safepoint: 37386 ns, Cleanup: 14751 ns, At safepoint: 3286 ns, Total: 55423 ns
[2024-05-29T01:36:25.894+0000][1][safepoint   ] Safepoint "Cleanup", Time since last: 5000692717 ns, Reaching safepoint: 11275 ns, Cleanup: 16358 ns, At safepoint: 2412 ns, Total: 30045 ns
[2024-05-29T01:36:46.896+0000][1][safepoint   ] Safepoint "Cleanup", Time since last: 21002271989 ns, Reaching safepoint: 35285 ns, Cleanup: 13412 ns, At safepoint: 3380 ns, Total: 52077 ns
[2024-05-29T01:37:01.898+0000][1][safepoint   ] Safepoint "Cleanup", Time since last: 15001907976 ns, Reaching safepoint: 10753 ns, Cleanup: 14027 ns, At safepoint: 3362 ns, Total: 28142 ns
[2024-05-29T01:37:20.900+0000][1][safepoint   ] Safepoint "Cleanup", Time since last: 19002250338 ns, Reaching safepoint: 41853 ns, Cleanup: 18844 ns, At safepoint: 3830 ns, Total: 64527 ns
[2024-05-29T01:37:25.901+0000][1][safepoint   ] Safepoint "Cleanup", Time since last: 5000515658 ns, Reaching safepoint: 13144 ns, Cleanup: 13680 ns, At safepoint: 2780 ns, Total: 29604 ns
[2024-05-29T01:37:26.901+0000][1][safepoint   ] Safepoint "Cleanup", Time since last: 1000128323 ns, Reaching safepoint: 12450 ns, Cleanup: 12803 ns, At safepoint: 3403 ns, Total: 28656 ns
[2024-05-29T01:37:29.901+0000][1][safepoint   ] Safepoint "Cleanup", Time since last: 3000291341 ns, Reaching safepoint: 11494 ns, Cleanup: 12848 ns, At safepoint: 2794 ns, Total: 27136 ns
[2024-05-29T01:37:30.902+0000][1][safepoint   ] Safepoint "Cleanup", Time since last: 1000122267 ns, Reaching safepoint: 10800 ns, Cleanup: 12225 ns, At safepoint: 2497 ns, Total: 25522 ns
[2024-05-29T01:37:52.904+0000][1][safepoint   ] Safepoint "Cleanup", Time since last: 22002461797 ns, Reaching safepoint: 16241 ns, Cleanup: 18009 ns, At safepoint: 3449 ns, Total: 37699 ns
[2024-05-29T01:37:58.905+0000][1][safepoint   ] Safepoint "Cleanup", Time since last: 6000555352 ns, Reaching safepoint: 13257 ns, Cleanup: 24293 ns, At safepoint: 2937 ns, Total: 40487 ns
[2024-05-29T01:38:00.905+0000][1][safepoint   ] Safepoint "Cleanup", Time since last: 2000255742 ns, Reaching safepoint: 12034 ns, Cleanup: 16955 ns, At safepoint: 3401 ns, Total: 32390 ns
[2024-05-29T01:38:21.907+0000][1][safepoint   ] Safepoint "Cleanup", Time since last: 21001923955 ns, Reaching safepoint: 35016 ns, Cleanup: 26235 ns, At safepoint: 3423 ns, Total: 64674 ns
[2024-05-29T01:38:25.908+0000][1][safepoint   ] Safepoint "Cleanup", Time since last: 4000589056 ns, Reaching safepoint: 11613 ns, Cleanup: 15968 ns, At safepoint: 3022 ns, Total: 30603 ns
[2024-05-29T01:38:35.909+0000][1][safepoint   ] Safepoint "Cleanup", Time since last: 10001127142 ns, Reaching safepoint: 11640 ns, Cleanup: 23806 ns, At safepoint: 2848 ns, Total: 38294 ns
[2024-05-29T01:38:50.910+0000][1][safepoint   ] Safepoint "Cleanup", Time since last: 15001706311 ns, Reaching safepoint: 11306 ns, Cleanup: 25531 ns, At safepoint: 3330 ns, Total: 40167 ns
[2024-05-29T01:38:59.911+0000][1][safepoint   ] Safepoint "Cleanup", Time since last: 9001011648 ns, Reaching safepoint: 13030 ns, Cleanup: 20708 ns, At safepoint: 3097 ns, Total: 36835 ns
[2024-05-29T01:39:04.912+0000][1][safepoint   ] Safepoint "Cleanup", Time since last: 5000556994 ns, Reaching safepoint: 12557 ns, Cleanup: 27388 ns, At safepoint: 3401 ns, Total: 43346 ns
[2024-05-29T01:39:06.912+0000][1][safepoint   ] Safepoint "Cleanup", Time since last: 2000219688 ns, Reaching safepoint: 13084 ns, Cleanup: 43319 ns, At safepoint: 2780 ns, Total: 59183 ns
[2024-05-29T01:39:09.913+0000][1][safepoint   ] Safepoint "Cleanup", Time since last: 3000319321 ns, Reaching safepoint: 13897 ns, Cleanup: 16511 ns, At safepoint: 2945 ns, Total: 33353 ns
[2024-05-29T01:39:14.913+0000][1][safepoint   ] Safepoint "Cleanup", Time since last: 5000582874 ns, Reaching safepoint: 41386 ns, Cleanup: 18383 ns, At safepoint: 3158 ns, Total: 62927 ns
[2024-05-29T01:39:19.914+0000][1][safepoint   ] Safepoint "Cleanup", Time since last: 5000621288 ns, Reaching safepoint: 11708 ns, Cleanup: 22209 ns, At safepoint: 3351 ns, Total: 37268 ns
[2024-05-29T01:39:21.914+0000][1][safepoint   ] Safepoint "Cleanup", Time since last: 2000320605 ns, Reaching safepoint: 11911 ns, Cleanup: 26742 ns, At safepoint: 3094 ns, Total: 41747 ns
[2024-05-29T01:39:24.915+0000][1][safepoint   ] Safepoint "Cleanup", Time since last: 3000361888 ns, Reaching safepoint: 13053 ns, Cleanup: 16991 ns, At safepoint: 2926 ns, Total: 32970 ns
[2024-05-29T01:39:25.915+0000][1][safepoint   ] Safepoint "Cleanup", Time since last: 1000175938 ns, Reaching safepoint: 11726 ns, Cleanup: 16173 ns, At safepoint: 2511 ns, Total: 30410 ns
[2024-05-29T01:39:29.916+0000][1][safepoint   ] Safepoint "Cleanup", Time since last: 4000517527 ns, Reaching safepoint: 14482 ns, Cleanup: 18639 ns, At safepoint: 2357 ns, Total: 35478 ns
[2024-05-29T01:39:34.916+0000][1][safepoint   ] Safepoint "Cleanup", Time since last: 5000788349 ns, Reaching safepoint: 12179 ns, Cleanup: 21787 ns, At safepoint: 2952 ns, Total: 36918 ns
[2024-05-29T01:39:39.917+0000][1][safepoint   ] Safepoint "Cleanup", Time since last: 5000830414 ns, Reaching safepoint: 12996 ns, Cleanup: 16334 ns, At safepoint: 2864 ns, Total: 32194 ns
[2024-05-29T01:39:44.918+0000][1][safepoint   ] Safepoint "Cleanup", Time since last: 5000446421 ns, Reaching safepoint: 37945 ns, Cleanup: 17556 ns, At safepoint: 2978 ns, Total: 58479 ns
[2024-05-29T01:39:49.291+0000][1][gc,start    ] GC(9) Pause Young (Normal) (G1 Evacuation Pause)
[2024-05-29T01:39:49.291+0000][1][gc,task     ] GC(9) Using 2 workers of 2 for evacuation
[2024-05-29T01:39:49.291+0000][1][gc,age      ] GC(9) Desired survivor size 13631488 bytes, new threshold 15 (max threshold 15)
[2024-05-29T01:39:49.312+0000][1][gc,phases   ] GC(9)   Pre Evacuate Collection Set: 0.9ms
[2024-05-29T01:39:49.312+0000][1][gc,phases   ] GC(9)   Merge Heap Roots: 0.1ms
[2024-05-29T01:39:49.312+0000][1][gc,phases   ] GC(9)   Evacuate Collection Set: 18.8ms
[2024-05-29T01:39:49.312+0000][1][gc,phases   ] GC(9)   Post Evacuate Collection Set: 1.5ms
[2024-05-29T01:39:49.312+0000][1][gc,phases   ] GC(9)   Other: 0.1ms
[2024-05-29T01:39:49.312+0000][1][gc,age      ] GC(9) Age table with threshold 15 (max threshold 15)
[2024-05-29T01:39:49.312+0000][1][gc,age      ] GC(9) - age   1:    3685712 bytes,    3685712 total
[2024-05-29T01:39:49.312+0000][1][gc,age      ] GC(9) - age   2:    6182624 bytes,    9868336 total
[2024-05-29T01:39:49.312+0000][1][gc,heap     ] GC(9) Eden regions: 98->0(115)
[2024-05-29T01:39:49.312+0000][1][gc,heap     ] GC(9) Survivor regions: 4->6(13)
[2024-05-29T01:39:49.312+0000][1][gc,heap     ] GC(9) Old regions: 17->17
[2024-05-29T01:39:49.312+0000][1][gc,heap     ] GC(9) Humongous regions: 0->0
[2024-05-29T01:39:49.312+0000][1][gc,metaspace] GC(9) Metaspace: 91558K(92992K)->91558K(92992K) NonClass: 79945K(80704K)->79945K(80704K) Class: 11613K(12288K)->11613K(12288K)
[2024-05-29T01:39:49.312+0000][1][gc          ] GC(9) Pause Young (Normal) (G1 Evacuation Pause) 236M->44M(4096M) 21.507ms
[2024-05-29T01:39:49.312+0000][1][gc,cpu      ] GC(9) User=0.03s Sys=0.01s Real=0.02s
[2024-05-29T01:39:49.313+0000][1][safepoint   ] Safepoint "G1CollectForAllocation", Time since last: 4373215564 ns, Reaching safepoint: 11105 ns, Cleanup: 10265 ns, At safepoint: 21573795 ns, Total: 21595165 ns
[2024-05-29T01:39:52.313+0000][1][safepoint   ] Safepoint "Cleanup", Time since last: 3000370863 ns, Reaching safepoint: 12645 ns, Cleanup: 14868 ns, At safepoint: 3185 ns, Total: 30698 ns
[2024-05-29T01:39:55.313+0000][1][safepoint   ] Safepoint "Cleanup", Time since last: 3000429465 ns, Reaching safepoint: 13842 ns, Cleanup: 17837 ns, At safepoint: 2254 ns, Total: 33933 ns
[2024-05-29T01:40:00.314+0000][1][safepoint   ] Safepoint "Cleanup", Time since last: 5000615900 ns, Reaching safepoint: 10697 ns, Cleanup: 13136 ns, At safepoint: 2777 ns, Total: 26610 ns
[2024-05-29T01:40:05.315+0000][1][safepoint   ] Safepoint "Cleanup", Time since last: 5000577894 ns, Reaching safepoint: 11289 ns, Cleanup: 19984 ns, At safepoint: 2935 ns, Total: 34208 ns
[2024-05-29T01:40:11.315+0000][1][safepoint   ] Safepoint "Cleanup", Time since last: 6000704307 ns, Reaching safepoint: 13561 ns, Cleanup: 30202 ns, At safepoint: 3129 ns, Total: 46892 ns
[2024-05-29T01:40:22.317+0000][1][safepoint   ] Safepoint "Cleanup", Time since last: 11001246257 ns, Reaching safepoint: 67298 ns, Cleanup: 24056 ns, At safepoint: 3073 ns, Total: 94427 ns
[2024-05-29T01:40:26.317+0000][1][safepoint   ] Safepoint "Cleanup", Time since last: 4000487328 ns, Reaching safepoint: 10829 ns, Cleanup: 13108 ns, At safepoint: 3004 ns, Total: 26941 ns
[2024-05-29T01:40:27.317+0000][1][safepoint   ] Safepoint "Cleanup", Time since last: 1000186555 ns, Reaching safepoint: 16927 ns, Cleanup: 14611 ns, At safepoint: 2937 ns, Total: 34475 ns
[2024-05-29T01:40:34.318+0000][1][safepoint   ] Safepoint "Cleanup", Time since last: 7000752232 ns, Reaching safepoint: 14237 ns, Cleanup: 26072 ns, At safepoint: 3137 ns, Total: 43446 ns
[2024-05-29T01:41:07.322+0000][1][safepoint   ] Safepoint "Cleanup", Time since last: 33003890222 ns, Reaching safepoint: 10718 ns, Cleanup: 18920 ns, At safepoint: 3005 ns, Total: 32643 ns
[2024-05-29T01:41:08.322+0000][1][safepoint   ] Safepoint "Cleanup", Time since last: 1000162705 ns, Reaching safepoint: 13170 ns, Cleanup: 13982 ns, At safepoint: 3089 ns, Total: 30241 ns
[2024-05-29T01:41:14.323+0000][1][safepoint   ] Safepoint "Cleanup", Time since last: 6000752683 ns, Reaching safepoint: 38036 ns, Cleanup: 21421 ns, At safepoint: 3633 ns, Total: 63090 ns
[2024-05-29T01:41:16.324+0000][1][safepoint   ] Safepoint "Cleanup", Time since last: 2000292403 ns, Reaching safepoint: 11931 ns, Cleanup: 16425 ns, At safepoint: 3347 ns, Total: 31703 ns
[2024-05-29T01:41:22.326+0000][1][safepoint   ] Safepoint "Cleanup", Time since last: 6002334939 ns, Reaching safepoint: 11541 ns, Cleanup: 28855 ns, At safepoint: 3409 ns, Total: 43805 ns
[2024-05-29T01:41:26.326+0000][1][safepoint   ] Safepoint "Cleanup", Time since last: 4000542652 ns, Reaching safepoint: 12715 ns, Cleanup: 15031 ns, At safepoint: 2803 ns, Total: 30549 ns
[2024-05-29T01:42:04.331+0000][1][safepoint   ] Safepoint "Cleanup", Time since last: 38004343788 ns, Reaching safepoint: 10565 ns, Cleanup: 20823 ns, At safepoint: 3180 ns, Total: 34568 ns
[2024-05-29T01:42:21.333+0000][1][safepoint   ] Safepoint "Cleanup", Time since last: 17001901218 ns, Reaching safepoint: 11533 ns, Cleanup: 18727 ns, At safepoint: 3099 ns, Total: 33359 ns
[2024-05-29T01:42:22.333+0000][1][safepoint   ] Safepoint "Cleanup", Time since last: 1000164391 ns, Reaching safepoint: 11664 ns, Cleanup: 13913 ns, At safepoint: 2922 ns, Total: 28499 ns
[2024-05-29T01:42:26.334+0000][1][safepoint   ] Safepoint "Cleanup", Time since last: 4000515711 ns, Reaching safepoint: 9841 ns, Cleanup: 15668 ns, At safepoint: 3179 ns, Total: 28688 ns
[2024-05-29T01:42:30.335+0000][1][safepoint   ] Safepoint "Cleanup", Time since last: 4001709246 ns, Reaching safepoint: 13430 ns, Cleanup: 28199 ns, At safepoint: 3078 ns, Total: 44707 ns
[2024-05-29T01:42:37.336+0000][1][safepoint   ] Safepoint "Cleanup", Time since last: 7000764710 ns, Reaching safepoint: 14574 ns, Cleanup: 29983 ns, At safepoint: 3033 ns, Total: 47590 ns
[2024-05-29T01:42:40.336+0000][1][safepoint   ] Safepoint "Cleanup", Time since last: 3000323545 ns, Reaching safepoint: 10861 ns, Cleanup: 20970 ns, At safepoint: 3096 ns, Total: 34927 ns
[2024-05-29T01:42:51.087+0000][1][safepoint   ] Safepoint "Cleanup", Time since last: 10750043708 ns, Reaching safepoint: 51358 ns, Cleanup: 14872 ns, At safepoint: 4833 ns, Total: 71063 ns
[2024-05-29T01:42:52.087+0000][1][safepoint   ] Safepoint "Cleanup", Time since last: 1000143541 ns, Reaching safepoint: 14666 ns, Cleanup: 20531 ns, At safepoint: 4077 ns, Total: 39274 ns
[2024-05-29T01:43:00.088+0000][1][safepoint   ] Safepoint "Cleanup", Time since last: 8001012942 ns, Reaching safepoint: 11794 ns, Cleanup: 13760 ns, At safepoint: 3263 ns, Total: 28817 ns
[2024-05-29T01:43:23.090+0000][1][safepoint   ] Safepoint "Cleanup", Time since last: 23002404891 ns, Reaching safepoint: 37811 ns, Cleanup: 14942 ns, At safepoint: 3091 ns, Total: 55844 ns
[2024-05-29T01:43:25.091+0000][1][safepoint   ] Safepoint "Cleanup", Time since last: 2000219730 ns, Reaching safepoint: 10978 ns, Cleanup: 14871 ns, At safepoint: 3123 ns, Total: 28972 ns
[2024-05-29T01:43:30.091+0000][1][safepoint   ] Safepoint "Cleanup", Time since last: 5000734823 ns, Reaching safepoint: 13634 ns, Cleanup: 16335 ns, At safepoint: 3157 ns, Total: 33126 ns
[2024-05-29T01:43:36.092+0000][1][safepoint   ] Safepoint "Cleanup", Time since last: 6000740974 ns, Reaching safepoint: 11855 ns, Cleanup: 13553 ns, At safepoint: 3004 ns, Total: 28412 ns
[2024-05-29T01:43:37.092+0000][1][safepoint   ] Safepoint "Cleanup", Time since last: 1000186056 ns, Reaching safepoint: 13022 ns, Cleanup: 11668 ns, At safepoint: 3275 ns, Total: 27965 ns
[2024-05-29T01:44:00.097+0000][1][safepoint   ] Safepoint "Cleanup", Time since last: 23005041083 ns, Reaching safepoint: 13552 ns, Cleanup: 12635 ns, At safepoint: 2778 ns, Total: 28965 ns
[2024-05-29T01:44:13.099+0000][1][safepoint   ] Safepoint "Cleanup", Time since last: 13001471730 ns, Reaching safepoint: 9956 ns, Cleanup: 11935 ns, At safepoint: 2932 ns, Total: 24823 ns
[2024-05-29T01:44:22.100+0000][1][safepoint   ] Safepoint "Cleanup", Time since last: 9000997290 ns, Reaching safepoint: 37605 ns, Cleanup: 14242 ns, At safepoint: 5417 ns, Total: 57264 ns
[2024-05-29T01:44:23.100+0000][1][safepoint   ] Safepoint "Cleanup", Time since last: 1000147721 ns, Reaching safepoint: 13221 ns, Cleanup: 17897 ns, At safepoint: 3129 ns, Total: 34247 ns
[2024-05-29T01:44:47.103+0000][1][safepoint   ] Safepoint "Cleanup", Time since last: 24002628609 ns, Reaching safepoint: 13658 ns, Cleanup: 14359 ns, At safepoint: 3280 ns, Total: 31297 ns
[2024-05-29T01:44:58.104+0000][1][safepoint   ] Safepoint "Cleanup", Time since last: 11001018750 ns, Reaching safepoint: 13842 ns, Cleanup: 16871 ns, At safepoint: 4009 ns, Total: 34722 ns
[2024-05-29T01:45:23.106+0000][1][safepoint   ] Safepoint "Cleanup", Time since last: 25002593632 ns, Reaching safepoint: 40454 ns, Cleanup: 14197 ns, At safepoint: 3340 ns, Total: 57991 ns
[2024-05-29T01:45:58.188+0000][1][safepoint   ] Safepoint "Cleanup", Time since last: 35081762843 ns, Reaching safepoint: 39933 ns, Cleanup: 15671 ns, At safepoint: 3063 ns, Total: 58667 ns
[2024-05-29T01:46:00.189+0000][1][safepoint   ] Safepoint "Cleanup", Time since last: 2000238842 ns, Reaching safepoint: 11560 ns, Cleanup: 12272 ns, At safepoint: 2884 ns, Total: 26716 ns
[2024-05-29T01:46:06.189+0000][1][safepoint   ] Safepoint "Cleanup", Time since last: 6000768596 ns, Reaching safepoint: 11358 ns, Cleanup: 17544 ns, At safepoint: 2948 ns, Total: 31850 ns
[2024-05-29T01:46:09.190+0000][1][safepoint   ] Safepoint "Cleanup", Time since last: 3000386177 ns, Reaching safepoint: 12273 ns, Cleanup: 13114 ns, At safepoint: 2704 ns, Total: 28091 ns
[2024-05-29T01:46:20.192+0000][1][safepoint   ] Safepoint "Cleanup", Time since last: 11002296873 ns, Reaching safepoint: 117319 ns, Cleanup: 34998 ns, At safepoint: 13034 ns, Total: 165351 ns
[2024-05-29T01:46:21.192+0000][1][safepoint   ] Safepoint "Cleanup", Time since last: 1000149881 ns, Reaching safepoint: 15033 ns, Cleanup: 16372 ns, At safepoint: 4030 ns, Total: 35435 ns
[2024-05-29T01:47:23.202+0000][1][safepoint   ] Safepoint "Cleanup", Time since last: 62009967966 ns, Reaching safepoint: 37532 ns, Cleanup: 14767 ns, At safepoint: 3258 ns, Total: 55557 ns
[2024-05-29T01:48:00.206+0000][1][safepoint   ] Safepoint "Cleanup", Time since last: 37003773522 ns, Reaching safepoint: 40517 ns, Cleanup: 13719 ns, At safepoint: 3029 ns, Total: 57265 ns
[2024-05-29T01:48:01.206+0000][1][safepoint   ] Safepoint "Cleanup", Time since last: 1000156269 ns, Reaching safepoint: 10760 ns, Cleanup: 20845 ns, At safepoint: 2920 ns, Total: 34525 ns
[2024-05-29T01:48:24.209+0000][1][safepoint   ] Safepoint "Cleanup", Time since last: 23002286853 ns, Reaching safepoint: 39354 ns, Cleanup: 16669 ns, At safepoint: 3782 ns, Total: 59805 ns
[2024-05-29T01:48:29.209+0000][1][safepoint   ] Safepoint "Cleanup", Time since last: 5000645936 ns, Reaching safepoint: 14282 ns, Cleanup: 15208 ns, At safepoint: 3826 ns, Total: 33316 ns
[2024-05-29T01:48:30.210+0000][1][safepoint   ] Safepoint "Cleanup", Time since last: 1000155124 ns, Reaching safepoint: 13864 ns, Cleanup: 13629 ns, At safepoint: 2909 ns, Total: 30402 ns
[2024-05-29T01:49:12.306+0000][1][safepoint   ] Safepoint "Cleanup", Time since last: 42095982173 ns, Reaching safepoint: 32777 ns, Cleanup: 13980 ns, At safepoint: 3899 ns, Total: 50656 ns
[2024-05-29T01:49:24.308+0000][1][safepoint   ] Safepoint "Cleanup", Time since last: 12001894748 ns, Reaching safepoint: 12355 ns, Cleanup: 19948 ns, At safepoint: 2675 ns, Total: 34978 ns
[2024-05-29T01:49:40.310+0000][1][safepoint   ] Safepoint "Cleanup", Time since last: 16001930398 ns, Reaching safepoint: 40354 ns, Cleanup: 23438 ns, At safepoint: 3624 ns, Total: 67416 ns
[2024-05-29T01:49:41.310+0000][1][safepoint   ] Safepoint "Cleanup", Time since last: 1000143641 ns, Reaching safepoint: 79359 ns, Cleanup: 20298 ns, At safepoint: 4975 ns, Total: 104632 ns
[2024-05-29T01:50:00.312+0000][1][safepoint   ] Safepoint "Cleanup", Time since last: 19001919151 ns, Reaching safepoint: 42743 ns, Cleanup: 16385 ns, At safepoint: 4149 ns, Total: 63277 ns
[2024-05-29T01:50:19.315+0000][1][safepoint   ] Safepoint "Cleanup", Time since last: 19003232710 ns, Reaching safepoint: 13329 ns, Cleanup: 15679 ns, At safepoint: 4156 ns, Total: 33164 ns
[2024-05-29T01:50:24.316+0000][1][safepoint   ] Safepoint "Cleanup", Time since last: 5000673120 ns, Reaching safepoint: 11763 ns, Cleanup: 15932 ns, At safepoint: 3677 ns, Total: 31372 ns
[2024-05-29T01:50:56.200+0000][1][safepoint   ] Safepoint "Cleanup", Time since last: 31883945217 ns, Reaching safepoint: 6635 ns, Cleanup: 34914 ns, At safepoint: 6605 ns, Total: 48154 ns
[2024-05-29T01:50:56.684+0000][1][safepoint   ] Safepoint "ICBufferFull", Time since last: 483796667 ns, Reaching safepoint: 10384 ns, Cleanup: 103934 ns, At safepoint: 13473 ns, Total: 127791 ns
[2024-05-29T01:50:57.303+0000][1][gc,start    ] GC(10) Pause Young (Normal) (G1 Evacuation Pause)
[2024-05-29T01:50:57.304+0000][1][gc,task     ] GC(10) Using 2 workers of 2 for evacuation
[2024-05-29T01:50:57.304+0000][1][gc,age      ] GC(10) Desired survivor size 14680064 bytes, new threshold 15 (max threshold 15)
[2024-05-29T01:50:57.335+0000][1][gc,phases   ] GC(10)   Pre Evacuate Collection Set: 0.7ms
[2024-05-29T01:50:57.335+0000][1][gc,phases   ] GC(10)   Merge Heap Roots: 0.1ms
[2024-05-29T01:50:57.335+0000][1][gc,phases   ] GC(10)   Evacuate Collection Set: 28.4ms
[2024-05-29T01:50:57.335+0000][1][gc,phases   ] GC(10)   Post Evacuate Collection Set: 1.1ms
[2024-05-29T01:50:57.335+0000][1][gc,phases   ] GC(10)   Other: 0.1ms
[2024-05-29T01:50:57.335+0000][1][gc,age      ] GC(10) Age table with threshold 15 (max threshold 15)
[2024-05-29T01:50:57.335+0000][1][gc,age      ] GC(10) - age   1:    7540408 bytes,    7540408 total
[2024-05-29T01:50:57.335+0000][1][gc,age      ] GC(10) - age   2:    2492600 bytes,   10033008 total
[2024-05-29T01:50:57.335+0000][1][gc,age      ] GC(10) - age   3:    5150584 bytes,   15183592 total
[2024-05-29T01:50:57.335+0000][1][gc,heap     ] GC(10) Eden regions: 105->0(189)
[2024-05-29T01:50:57.335+0000][1][gc,heap     ] GC(10) Survivor regions: 6->8(14)
[2024-05-29T01:50:57.336+0000][1][gc,heap     ] GC(10) Old regions: 17->17
[2024-05-29T01:50:57.336+0000][1][gc,heap     ] GC(10) Humongous regions: 2->0
[2024-05-29T01:50:57.336+0000][1][gc,metaspace] GC(10) Metaspace: 92431K(93888K)->92431K(93888K) NonClass: 80717K(81472K)->80717K(81472K) Class: 11713K(12416K)->11713K(12416K)
[2024-05-29T01:50:57.336+0000][1][gc          ] GC(10) Pause Young (Normal) (G1 Evacuation Pause) 258M->48M(4096M) 32.833ms
[2024-05-29T01:50:57.336+0000][1][gc,cpu      ] GC(10) User=0.05s Sys=0.01s Real=0.03s
[2024-05-29T01:50:57.336+0000][1][safepoint   ] Safepoint "G1CollectForAllocation", Time since last: 618950211 ns, Reaching safepoint: 102583 ns, Cleanup: 52410 ns, At safepoint: 32988121 ns, Total: 33143114 ns
[2024-05-29T01:50:58.344+0000][1][safepoint   ] Safepoint "Cleanup", Time since last: 1008406342 ns, Reaching safepoint: 109592 ns, Cleanup: 51746 ns, At safepoint: 7548 ns, Total: 168886 ns
[2024-05-29T01:51:00.345+0000][1][safepoint   ] Safepoint "Cleanup", Time since last: 2000284371 ns, Reaching safepoint: 62254 ns, Cleanup: 28157 ns, At safepoint: 3254 ns, Total: 93665 ns
[2024-05-29T01:51:02.345+0000][1][safepoint   ] Safepoint "Cleanup", Time since last: 2000269555 ns, Reaching safepoint: 13664 ns, Cleanup: 14769 ns, At safepoint: 3493 ns, Total: 31926 ns
[2024-05-29T01:51:20.349+0000][1][safepoint   ] Safepoint "Cleanup", Time since last: 18002298123 ns, Reaching safepoint: 1475757 ns, Cleanup: 16838 ns, At safepoint: 21412 ns, Total: 1514007 ns
[2024-05-29T01:51:21.362+0000][1][safepoint   ] Safepoint "Cleanup", Time since last: 1013290844 ns, Reaching safepoint: 13062 ns, Cleanup: 73109 ns, At safepoint: 5009 ns, Total: 91180 ns
[2024-05-29T01:51:24.363+0000][1][safepoint   ] Safepoint "Cleanup", Time since last: 3000316957 ns, Reaching safepoint: 13405 ns, Cleanup: 13652 ns, At safepoint: 3153 ns, Total: 30210 ns
[2024-05-29T01:51:32.364+0000][1][safepoint   ] Safepoint "Cleanup", Time since last: 8001006183 ns, Reaching safepoint: 90107 ns, Cleanup: 26160 ns, At safepoint: 12690 ns, Total: 128957 ns
[2024-05-29T01:51:33.364+0000][1][safepoint   ] Safepoint "Cleanup", Time since last: 1000135500 ns, Reaching safepoint: 111160 ns, Cleanup: 46697 ns, At safepoint: 105640 ns, Total: 263497 ns
[2024-05-29T01:51:33.493+0000][1][gc,start    ] GC(11) Pause Young (Normal) (G1 Evacuation Pause)
[2024-05-29T01:51:33.493+0000][1][gc,task     ] GC(11) Using 2 workers of 2 for evacuation
[2024-05-29T01:51:33.493+0000][1][gc,age      ] GC(11) Desired survivor size 25165824 bytes, new threshold 15 (max threshold 15)
[2024-05-29T01:51:33.536+0000][1][gc,phases   ] GC(11)   Pre Evacuate Collection Set: 1.0ms
[2024-05-29T01:51:33.536+0000][1][gc,phases   ] GC(11)   Merge Heap Roots: 0.1ms
[2024-05-29T01:51:33.536+0000][1][gc,phases   ] GC(11)   Evacuate Collection Set: 40.9ms
[2024-05-29T01:51:33.537+0000][1][gc,phases   ] GC(11)   Post Evacuate Collection Set: 1.3ms
[2024-05-29T01:51:33.537+0000][1][gc,phases   ] GC(11)   Other: 0.3ms
[2024-05-29T01:51:33.537+0000][1][gc,age      ] GC(11) Age table with threshold 15 (max threshold 15)
[2024-05-29T01:51:33.537+0000][1][gc,age      ] GC(11) - age   1:    4413760 bytes,    4413760 total
[2024-05-29T01:51:33.537+0000][1][gc,age      ] GC(11) - age   2:     461912 bytes,    4875672 total
[2024-05-29T01:51:33.537+0000][1][gc,age      ] GC(11) - age   3:    2492416 bytes,    7368088 total
[2024-05-29T01:51:33.537+0000][1][gc,age      ] GC(11) - age   4:    5150584 bytes,   12518672 total
[2024-05-29T01:51:33.537+0000][1][gc,heap     ] GC(11) Eden regions: 180->0(1221)
[2024-05-29T01:51:33.537+0000][1][gc,heap     ] GC(11) Survivor regions: 8->7(24)
[2024-05-29T01:51:33.537+0000][1][gc,heap     ] GC(11) Old regions: 17->17
[2024-05-29T01:51:33.537+0000][1][gc,heap     ] GC(11) Humongous regions: 6->0
[2024-05-29T01:51:33.537+0000][1][gc,metaspace] GC(11) Metaspace: 92494K(93952K)->92494K(93952K) NonClass: 80779K(81536K)->80779K(81536K) Class: 11714K(12416K)->11714K(12416K)
[2024-05-29T01:51:33.537+0000][1][gc          ] GC(11) Pause Young (Normal) (G1 Evacuation Pause) 420M->46M(4096M) 43.933ms
[2024-05-29T01:51:33.537+0000][1][gc,cpu      ] GC(11) User=0.07s Sys=0.02s Real=0.04s
[2024-05-29T01:51:33.537+0000][1][safepoint   ] Safepoint "G1CollectForAllocation", Time since last: 128372100 ns, Reaching safepoint: 164009 ns, Cleanup: 17323 ns, At safepoint: 44009262 ns, Total: 44190594 ns
[2024-05-29T01:51:34.537+0000][1][safepoint   ] Safepoint "Cleanup", Time since last: 1000124840 ns, Reaching safepoint: 13786 ns, Cleanup: 24216 ns, At safepoint: 3169 ns, Total: 41171 ns
[2024-05-29T01:51:58.408+0000][1][safepoint   ] Safepoint "Cleanup", Time since last: 23871378647 ns, Reaching safepoint: 111954 ns, Cleanup: 15766 ns, At safepoint: 7105 ns, Total: 134825 ns
[2024-05-29T01:51:59.409+0000][1][safepoint   ] Safepoint "Cleanup", Time since last: 1000166771 ns, Reaching safepoint: 15192 ns, Cleanup: 55260 ns, At safepoint: 3866 ns, Total: 74318 ns
[2024-05-29T01:52:25.412+0000][1][safepoint   ] Safepoint "Cleanup", Time since last: 26003575949 ns, Reaching safepoint: 15148 ns, Cleanup: 22890 ns, At safepoint: 4095 ns, Total: 42133 ns
[2024-05-29T01:53:00.448+0000][1][safepoint   ] Safepoint "Cleanup", Time since last: 35035898156 ns, Reaching safepoint: 69046 ns, Cleanup: 23289 ns, At safepoint: 4093 ns, Total: 96428 ns
[2024-05-29T01:53:04.449+0000][1][safepoint   ] Safepoint "Cleanup", Time since last: 4000496680 ns, Reaching safepoint: 12842 ns, Cleanup: 17277 ns, At safepoint: 3128 ns, Total: 33247 ns
[2024-05-29T01:54:12.458+0000][1][safepoint   ] Safepoint "Cleanup", Time since last: 68009154234 ns, Reaching safepoint: 12038 ns, Cleanup: 15652 ns, At safepoint: 2547 ns, Total: 30237 ns
[2024-05-29T01:56:12.509+0000][1][safepoint   ] Safepoint "Cleanup", Time since last: 120050998757 ns, Reaching safepoint: 38399 ns, Cleanup: 15188 ns, At safepoint: 3447 ns, Total: 57034 ns
[2024-05-29T01:57:05.516+0000][1][safepoint   ] Safepoint "Cleanup", Time since last: 53007304439 ns, Reaching safepoint: 35748 ns, Cleanup: 14680 ns, At safepoint: 5333 ns, Total: 55761 ns
[2024-05-29T01:57:26.519+0000][1][safepoint   ] Safepoint "Cleanup", Time since last: 21002421841 ns, Reaching safepoint: 11739 ns, Cleanup: 12984 ns, At safepoint: 3137 ns, Total: 27860 ns
[2024-05-29T01:57:29.519+0000][1][safepoint   ] Safepoint "Cleanup", Time since last: 3000339569 ns, Reaching safepoint: 215657 ns, Cleanup: 13989 ns, At safepoint: 9809 ns, Total: 239455 ns
[2024-05-29T01:57:30.520+0000][1][safepoint   ] Safepoint "Cleanup", Time since last: 1000193065 ns, Reaching safepoint: 24959 ns, Cleanup: 37180 ns, At safepoint: 4405 ns, Total: 66544 ns
[2024-05-29T01:58:07.527+0000][1][safepoint   ] Safepoint "Cleanup", Time since last: 37007478372 ns, Reaching safepoint: 37717 ns, Cleanup: 13053 ns, At safepoint: 6237 ns, Total: 57007 ns
[2024-05-29T01:58:12.528+0000][1][safepoint   ] Safepoint "Cleanup", Time since last: 5000562981 ns, Reaching safepoint: 12297 ns, Cleanup: 17149 ns, At safepoint: 3635 ns, Total: 33081 ns
[2024-05-29T01:59:06.615+0000][1][safepoint   ] Safepoint "Cleanup", Time since last: 54087137923 ns, Reaching safepoint: 302934 ns, Cleanup: 28757 ns, At safepoint: 10960 ns, Total: 342651 ns
[2024-05-29T01:59:19.617+0000][1][safepoint   ] Safepoint "Cleanup", Time since last: 13002012937 ns, Reaching safepoint: 159773 ns, Cleanup: 22142 ns, At safepoint: 11610 ns, Total: 193525 ns
[2024-05-29T01:59:20.618+0000][1][safepoint   ] Safepoint "Cleanup", Time since last: 1000337522 ns, Reaching safepoint: 14057 ns, Cleanup: 23266 ns, At safepoint: 4742 ns, Total: 42065 ns
[2024-05-29T01:59:30.619+0000][1][safepoint   ] Safepoint "Cleanup", Time since last: 10001195776 ns, Reaching safepoint: 14942 ns, Cleanup: 18512 ns, At safepoint: 4065 ns, Total: 37519 ns
[2024-05-29T02:00:00.648+0000][1][safepoint   ] Safepoint "Cleanup", Time since last: 30028407129 ns, Reaching safepoint: 16484 ns, Cleanup: 16270 ns, At safepoint: 3376 ns, Total: 36130 ns
[2024-05-29T02:00:19.650+0000][1][safepoint   ] Safepoint "Cleanup", Time since last: 19002508410 ns, Reaching safepoint: 146306 ns, Cleanup: 22368 ns, At safepoint: 12080 ns, Total: 180754 ns
[2024-05-29T02:00:27.651+0000][1][safepoint   ] Safepoint "Cleanup", Time since last: 8000960374 ns, Reaching safepoint: 15832 ns, Cleanup: 18065 ns, At safepoint: 3364 ns, Total: 37261 ns
[2024-05-29T02:00:44.653+0000][1][safepoint   ] Safepoint "Cleanup", Time since last: 17001945357 ns, Reaching safepoint: 45320 ns, Cleanup: 19247 ns, At safepoint: 3200 ns, Total: 67767 ns
[2024-05-29T02:01:30.686+0000][1][safepoint   ] Safepoint "Cleanup", Time since last: 46032255457 ns, Reaching safepoint: 40613 ns, Cleanup: 14770 ns, At safepoint: 3537 ns, Total: 58920 ns
[2024-05-29T02:02:02.691+0000][1][safepoint   ] Safepoint "Cleanup", Time since last: 32005147580 ns, Reaching safepoint: 12153 ns, Cleanup: 14503 ns, At safepoint: 2682 ns, Total: 29338 ns
[2024-05-29T02:02:18.692+0000][1][safepoint   ] Safepoint "Cleanup", Time since last: 16001697840 ns, Reaching safepoint: 42826 ns, Cleanup: 15253 ns, At safepoint: 4329 ns, Total: 62408 ns
[2024-05-29T02:02:21.693+0000][1][safepoint   ] Safepoint "Cleanup", Time since last: 3000387852 ns, Reaching safepoint: 12312 ns, Cleanup: 49937 ns, At safepoint: 3385 ns, Total: 65634 ns
[2024-05-29T02:02:22.693+0000][1][safepoint   ] Safepoint "Cleanup", Time since last: 1000133852 ns, Reaching safepoint: 13179 ns, Cleanup: 19508 ns, At safepoint: 3190 ns, Total: 35877 ns
[2024-05-29T02:02:23.693+0000][1][safepoint   ] Safepoint "Cleanup", Time since last: 1000138573 ns, Reaching safepoint: 11813 ns, Cleanup: 108972 ns, At safepoint: 3543 ns, Total: 124328 ns
[2024-05-29T02:02:24.694+0000][1][safepoint   ] Safepoint "Cleanup", Time since last: 1000182883 ns, Reaching safepoint: 11529 ns, Cleanup: 10988 ns, At safepoint: 2752 ns, Total: 25269 ns
[2024-05-29T02:02:27.694+0000][1][safepoint   ] Safepoint "Cleanup", Time since last: 3000421347 ns, Reaching safepoint: 11536 ns, Cleanup: 16903 ns, At safepoint: 2727 ns, Total: 31166 ns
[2024-05-29T02:02:28.694+0000][1][safepoint   ] Safepoint "Cleanup", Time since last: 1000177612 ns, Reaching safepoint: 12926 ns, Cleanup: 14202 ns, At safepoint: 3072 ns, Total: 30200 ns
[2024-05-29T02:02:38.695+0000][1][safepoint   ] Safepoint "Cleanup", Time since last: 10001144252 ns, Reaching safepoint: 18457 ns, Cleanup: 16883 ns, At safepoint: 3547 ns, Total: 38887 ns
[2024-05-29T02:02:43.696+0000][1][safepoint   ] Safepoint "Cleanup", Time since last: 5000530437 ns, Reaching safepoint: 12682 ns, Cleanup: 14942 ns, At safepoint: 2884 ns, Total: 30508 ns
[2024-05-29T02:02:48.697+0000][1][safepoint   ] Safepoint "Cleanup", Time since last: 5000710807 ns, Reaching safepoint: 12783 ns, Cleanup: 39439 ns, At safepoint: 3855 ns, Total: 56077 ns
[2024-05-29T02:02:53.741+0000][1][safepoint   ] Safepoint "Cleanup", Time since last: 5044404825 ns, Reaching safepoint: 9421 ns, Cleanup: 27073 ns, At safepoint: 2600 ns, Total: 39094 ns
[2024-05-29T02:02:58.742+0000][1][safepoint   ] Safepoint "Cleanup", Time since last: 5000649142 ns, Reaching safepoint: 12946 ns, Cleanup: 13084 ns, At safepoint: 2761 ns, Total: 28791 ns
[2024-05-29T02:03:03.743+0000][1][safepoint   ] Safepoint "Cleanup", Time since last: 5000736449 ns, Reaching safepoint: 11994 ns, Cleanup: 14890 ns, At safepoint: 3087 ns, Total: 29971 ns
[2024-05-29T02:03:08.743+0000][1][safepoint   ] Safepoint "Cleanup", Time since last: 5000638834 ns, Reaching safepoint: 11073 ns, Cleanup: 14640 ns, At safepoint: 3600 ns, Total: 29313 ns
[2024-05-29T02:03:13.744+0000][1][safepoint   ] Safepoint "Cleanup", Time since last: 5000591472 ns, Reaching safepoint: 12923 ns, Cleanup: 17822 ns, At safepoint: 3186 ns, Total: 33931 ns
[2024-05-29T02:03:23.745+0000][1][safepoint   ] Safepoint "Cleanup", Time since last: 10001039710 ns, Reaching safepoint: 12256 ns, Cleanup: 15456 ns, At safepoint: 3117 ns, Total: 30829 ns
[2024-05-29T02:03:27.746+0000][1][safepoint   ] Safepoint "Cleanup", Time since last: 4000500720 ns, Reaching safepoint: 12068 ns, Cleanup: 16208 ns, At safepoint: 2885 ns, Total: 31161 ns
[2024-05-29T02:03:28.746+0000][1][safepoint   ] Safepoint "Cleanup", Time since last: 1000147030 ns, Reaching safepoint: 11863 ns, Cleanup: 30536 ns, At safepoint: 2745 ns, Total: 45144 ns
[2024-05-29T02:03:30.746+0000][1][safepoint   ] Safepoint "Cleanup", Time since last: 2000219500 ns, Reaching safepoint: 10696 ns, Cleanup: 14833 ns, At safepoint: 3186 ns, Total: 28715 ns
[2024-05-29T02:03:33.748+0000][1][safepoint   ] Safepoint "Cleanup", Time since last: 3001542177 ns, Reaching safepoint: 13940 ns, Cleanup: 13177 ns, At safepoint: 3210 ns, Total: 30327 ns
[2024-05-29T02:03:43.749+0000][1][safepoint   ] Safepoint "Cleanup", Time since last: 10001171432 ns, Reaching safepoint: 11803 ns, Cleanup: 24745 ns, At safepoint: 2978 ns, Total: 39526 ns
[2024-05-29T02:03:58.768+0000][1][safepoint   ] Safepoint "Cleanup", Time since last: 15018874610 ns, Reaching safepoint: 13532 ns, Cleanup: 15287 ns, At safepoint: 3946 ns, Total: 32765 ns
[2024-05-29T02:04:03.768+0000][1][safepoint   ] Safepoint "Cleanup", Time since last: 5000563671 ns, Reaching safepoint: 12244 ns, Cleanup: 52913 ns, At safepoint: 4510 ns, Total: 69667 ns
[2024-05-29T02:04:08.769+0000][1][safepoint   ] Safepoint "Cleanup", Time since last: 5000580341 ns, Reaching safepoint: 11982 ns, Cleanup: 19190 ns, At safepoint: 2371 ns, Total: 33543 ns
[2024-05-29T02:04:13.769+0000][1][safepoint   ] Safepoint "Cleanup", Time since last: 5000545682 ns, Reaching safepoint: 13731 ns, Cleanup: 16724 ns, At safepoint: 3430 ns, Total: 33885 ns
[2024-05-29T02:04:21.771+0000][1][safepoint   ] Safepoint "Cleanup", Time since last: 8000906638 ns, Reaching safepoint: 125408 ns, Cleanup: 43498 ns, At safepoint: 12610 ns, Total: 181516 ns
[2024-05-29T02:04:22.772+0000][1][safepoint   ] Safepoint "Cleanup", Time since last: 1000448714 ns, Reaching safepoint: 16514 ns, Cleanup: 446524 ns, At safepoint: 15320 ns, Total: 478358 ns
[2024-05-29T02:04:23.772+0000][1][safepoint   ] Safepoint "Cleanup", Time since last: 1000285633 ns, Reaching safepoint: 12344 ns, Cleanup: 23260 ns, At safepoint: 2654 ns, Total: 38258 ns
[2024-05-29T02:04:27.772+0000][1][safepoint   ] Safepoint "Cleanup", Time since last: 4000460441 ns, Reaching safepoint: 12127 ns, Cleanup: 18752 ns, At safepoint: 2770 ns, Total: 33649 ns
[2024-05-29T02:04:28.773+0000][1][safepoint   ] Safepoint "Cleanup", Time since last: 1000163931 ns, Reaching safepoint: 10879 ns, Cleanup: 14291 ns, At safepoint: 2949 ns, Total: 28119 ns
[2024-05-29T02:04:30.773+0000][1][safepoint   ] Safepoint "Cleanup", Time since last: 2000271642 ns, Reaching safepoint: 11453 ns, Cleanup: 14685 ns, At safepoint: 3108 ns, Total: 29246 ns
[2024-05-29T02:04:37.773+0000][1][safepoint   ] Safepoint "Cleanup", Time since last: 7000633784 ns, Reaching safepoint: 15134 ns, Cleanup: 15436 ns, At safepoint: 3680 ns, Total: 34250 ns
[2024-05-29T02:04:43.774+0000][1][safepoint   ] Safepoint "Cleanup", Time since last: 6000656666 ns, Reaching safepoint: 11897 ns, Cleanup: 14742 ns, At safepoint: 2911 ns, Total: 29550 ns
[2024-05-29T02:05:01.796+0000][1][safepoint   ] Safepoint "Cleanup", Time since last: 18021168766 ns, Reaching safepoint: 20993 ns, Cleanup: 264535 ns, At safepoint: 9802 ns, Total: 295330 ns
[2024-05-29T02:05:27.799+0000][1][safepoint   ] Safepoint "Cleanup", Time since last: 26003305567 ns, Reaching safepoint: 35698 ns, Cleanup: 21621 ns, At safepoint: 3763 ns, Total: 61082 ns
[2024-05-29T02:05:34.800+0000][1][safepoint   ] Safepoint "Cleanup", Time since last: 7000803503 ns, Reaching safepoint: 10768 ns, Cleanup: 18545 ns, At safepoint: 3628 ns, Total: 32941 ns
[2024-05-29T02:05:49.823+0000][1][safepoint   ] Safepoint "Cleanup", Time since last: 15023074112 ns, Reaching safepoint: 13517 ns, Cleanup: 10988 ns, At safepoint: 2526 ns, Total: 27031 ns
[2024-05-29T02:05:52.823+0000][1][safepoint   ] Safepoint "Cleanup", Time since last: 3000463056 ns, Reaching safepoint: 13298 ns, Cleanup: 16611 ns, At safepoint: 3362 ns, Total: 33271 ns
[2024-05-29T02:06:27.828+0000][1][safepoint   ] Safepoint "Cleanup", Time since last: 35004061430 ns, Reaching safepoint: 38176 ns, Cleanup: 14913 ns, At safepoint: 3087 ns, Total: 56176 ns
[2024-05-29T02:06:58.831+0000][1][safepoint   ] Safepoint "Cleanup", Time since last: 31003627613 ns, Reaching safepoint: 35968 ns, Cleanup: 18190 ns, At safepoint: 3310 ns, Total: 57468 ns
[2024-05-29T02:07:18.835+0000][1][safepoint   ] Safepoint "Cleanup", Time since last: 20003534072 ns, Reaching safepoint: 14478 ns, Cleanup: 26291 ns, At safepoint: 3604 ns, Total: 44373 ns
[2024-05-29T02:07:19.835+0000][1][safepoint   ] Safepoint "Cleanup", Time since last: 1000180929 ns, Reaching safepoint: 39390 ns, Cleanup: 37507 ns, At safepoint: 6778 ns, Total: 83675 ns
[2024-05-29T02:07:28.836+0000][1][safepoint   ] Safepoint "Cleanup", Time since last: 9000983881 ns, Reaching safepoint: 14790 ns, Cleanup: 16512 ns, At safepoint: 4056 ns, Total: 35358 ns
[2024-05-29T02:07:46.839+0000][1][safepoint   ] Safepoint "Cleanup", Time since last: 18002370456 ns, Reaching safepoint: 84421 ns, Cleanup: 9959 ns, At safepoint: 8724 ns, Total: 103104 ns
[2024-05-29T02:07:47.839+0000][1][safepoint   ] Safepoint "Cleanup", Time since last: 1000161477 ns, Reaching safepoint: 13357 ns, Cleanup: 14373 ns, At safepoint: 2925 ns, Total: 30655 ns
[2024-05-29T02:08:00.884+0000][1][safepoint   ] Safepoint "Cleanup", Time since last: 13045223455 ns, Reaching safepoint: 38814 ns, Cleanup: 18638 ns, At safepoint: 5045 ns, Total: 62497 ns
[2024-05-29T02:08:01.884+0000][1][safepoint   ] Safepoint "Cleanup", Time since last: 1000148359 ns, Reaching safepoint: 13957 ns, Cleanup: 12939 ns, At safepoint: 3645 ns, Total: 30541 ns
[2024-05-29T02:08:08.886+0000][1][safepoint   ] Safepoint "Cleanup", Time since last: 7002153717 ns, Reaching safepoint: 13851 ns, Cleanup: 23295 ns, At safepoint: 3529 ns, Total: 40675 ns
[2024-05-29T02:08:28.889+0000][1][safepoint   ] Safepoint "Cleanup", Time since last: 20002217222 ns, Reaching safepoint: 42366 ns, Cleanup: 19102 ns, At safepoint: 3805 ns, Total: 65273 ns
[2024-05-29T02:09:22.897+0000][1][safepoint   ] Safepoint "Cleanup", Time since last: 54008017209 ns, Reaching safepoint: 122713 ns, Cleanup: 15317 ns, At safepoint: 6894 ns, Total: 144924 ns
[2024-05-29T02:09:22.955+0000][1][gc,start    ] GC(12) Pause Young (Normal) (G1 Evacuation Pause)
[2024-05-29T02:09:22.956+0000][1][gc,task     ] GC(12) Using 2 workers of 2 for evacuation
[2024-05-29T02:09:22.956+0000][1][gc,age      ] GC(12) Desired survivor size 161480704 bytes, new threshold 15 (max threshold 15)
[2024-05-29T02:09:22.996+0000][1][gc,phases   ] GC(12)   Pre Evacuate Collection Set: 0.8ms
[2024-05-29T02:09:22.996+0000][1][gc,phases   ] GC(12)   Merge Heap Roots: 0.2ms
[2024-05-29T02:09:22.997+0000][1][gc,phases   ] GC(12)   Evacuate Collection Set: 36.1ms
[2024-05-29T02:09:22.997+0000][1][gc,phases   ] GC(12)   Post Evacuate Collection Set: 3.3ms
[2024-05-29T02:09:22.997+0000][1][gc,phases   ] GC(12)   Other: 0.4ms
[2024-05-29T02:09:22.997+0000][1][gc,age      ] GC(12) Age table with threshold 15 (max threshold 15)
[2024-05-29T02:09:22.997+0000][1][gc,age      ] GC(12) - age   1:    4291208 bytes,    4291208 total
[2024-05-29T02:09:22.997+0000][1][gc,age      ] GC(12) - age   2:      23344 bytes,    4314552 total
[2024-05-29T02:09:22.997+0000][1][gc,age      ] GC(12) - age   3:     441112 bytes,    4755664 total
[2024-05-29T02:09:22.997+0000][1][gc,age      ] GC(12) - age   4:    2491808 bytes,    7247472 total
[2024-05-29T02:09:22.997+0000][1][gc,age      ] GC(12) - age   5:    5148976 bytes,   12396448 total
[2024-05-29T02:09:22.997+0000][1][gc,heap     ] GC(12) Eden regions: 1221->0(1221)
[2024-05-29T02:09:22.997+0000][1][gc,heap     ] GC(12) Survivor regions: 7->7(154)
[2024-05-29T02:09:22.997+0000][1][gc,heap     ] GC(12) Old regions: 17->17
[2024-05-29T02:09:22.997+0000][1][gc,heap     ] GC(12) Humongous regions: 28->0
[2024-05-29T02:09:22.997+0000][1][gc,metaspace] GC(12) Metaspace: 92906K(94400K)->92906K(94400K) NonClass: 81185K(81984K)->81185K(81984K) Class: 11720K(12416K)->11720K(12416K)
[2024-05-29T02:09:22.997+0000][1][gc          ] GC(12) Pause Young (Normal) (G1 Evacuation Pause) 2544M->46M(4096M) 41.277ms
[2024-05-29T02:09:22.997+0000][1][gc,cpu      ] GC(12) User=0.06s Sys=0.01s Real=0.04s
[2024-05-29T02:09:22.997+0000][1][safepoint   ] Safepoint "G1CollectForAllocation", Time since last: 58488189 ns, Reaching safepoint: 61069 ns, Cleanup: 13088 ns, At safepoint: 41357463 ns, Total: 41431620 ns
[2024-05-29T02:09:28.997+0000][1][safepoint   ] Safepoint "Cleanup", Time since last: 6000672218 ns, Reaching safepoint: 13552 ns, Cleanup: 17006 ns, At safepoint: 2867 ns, Total: 33425 ns
[2024-05-29T02:09:57.941+0000][1][safepoint   ] Safepoint "Cleanup", Time since last: 28943909386 ns, Reaching safepoint: 45689 ns, Cleanup: 28414 ns, At safepoint: 4422 ns, Total: 78525 ns
[2024-05-29T02:10:20.944+0000][1][safepoint   ] Safepoint "Cleanup", Time since last: 23002503206 ns, Reaching safepoint: 36957 ns, Cleanup: 17870 ns, At safepoint: 3887 ns, Total: 58714 ns
[2024-05-29T02:10:35.946+0000][1][safepoint   ] Safepoint "Cleanup", Time since last: 15001672081 ns, Reaching safepoint: 14794 ns, Cleanup: 21428 ns, At safepoint: 4351 ns, Total: 40573 ns
[2024-05-29T02:10:37.946+0000][1][safepoint   ] Safepoint "Cleanup", Time since last: 2000311329 ns, Reaching safepoint: 15117 ns, Cleanup: 24770 ns, At safepoint: 4384 ns, Total: 44271 ns
[2024-05-29T02:11:01.978+0000][1][safepoint   ] Safepoint "Cleanup", Time since last: 24031539307 ns, Reaching safepoint: 15104 ns, Cleanup: 22996 ns, At safepoint: 4150 ns, Total: 42250 ns
[2024-05-29T02:11:29.981+0000][1][safepoint   ] Safepoint "Cleanup", Time since last: 28003605941 ns, Reaching safepoint: 36823 ns, Cleanup: 14622 ns, At safepoint: 3634 ns, Total: 55079 ns
[2024-05-29T02:12:30.020+0000][1][safepoint   ] Safepoint "Cleanup", Time since last: 60038351173 ns, Reaching safepoint: 45573 ns, Cleanup: 13841 ns, At safepoint: 3408 ns, Total: 62822 ns
[2024-05-29T02:13:00.023+0000][1][safepoint   ] Safepoint "Cleanup", Time since last: 30002766819 ns, Reaching safepoint: 42903 ns, Cleanup: 15819 ns, At safepoint: 3612 ns, Total: 62334 ns
[2024-05-29T02:13:16.024+0000][1][safepoint   ] Safepoint "Cleanup", Time since last: 16001759184 ns, Reaching safepoint: 14258 ns, Cleanup: 16879 ns, At safepoint: 3494 ns, Total: 34631 ns
[2024-05-29T02:15:27.088+0000][1][safepoint   ] Safepoint "Cleanup", Time since last: 131063147551 ns, Reaching safepoint: 42773 ns, Cleanup: 20844 ns, At safepoint: 4272 ns, Total: 67889 ns
[2024-05-29T02:15:31.088+0000][1][safepoint   ] Safepoint "Cleanup", Time since last: 4000568602 ns, Reaching safepoint: 15953 ns, Cleanup: 14582 ns, At safepoint: 4120 ns, Total: 34655 ns
[2024-05-29T02:18:00.145+0000][1][safepoint   ] Safepoint "Cleanup", Time since last: 149056643694 ns, Reaching safepoint: 38141 ns, Cleanup: 13050 ns, At safepoint: 2678 ns, Total: 53869 ns
[2024-05-29T02:18:01.145+0000][1][safepoint   ] Safepoint "Cleanup", Time since last: 1000187851 ns, Reaching safepoint: 13011 ns, Cleanup: 12621 ns, At safepoint: 2689 ns, Total: 28321 ns
[2024-05-29T02:18:02.145+0000][1][safepoint   ] Safepoint "Cleanup", Time since last: 1000155853 ns, Reaching safepoint: 12242 ns, Cleanup: 12549 ns, At safepoint: 2406 ns, Total: 27197 ns
[2024-05-29T02:18:32.149+0000][1][safepoint   ] Safepoint "Cleanup", Time since last: 30003624886 ns, Reaching safepoint: 47853 ns, Cleanup: 13641 ns, At safepoint: 6904 ns, Total: 68398 ns
[2024-05-29T02:18:36.150+0000][1][safepoint   ] Safepoint "Cleanup", Time since last: 4000480146 ns, Reaching safepoint: 37896 ns, Cleanup: 19581 ns, At safepoint: 3002 ns, Total: 60479 ns
[2024-05-29T02:18:39.150+0000][1][safepoint   ] Safepoint "Cleanup", Time since last: 3000402192 ns, Reaching safepoint: 185327 ns, Cleanup: 19153 ns, At safepoint: 13841 ns, Total: 218321 ns
[2024-05-29T02:18:40.151+0000][1][safepoint   ] Safepoint "Cleanup", Time since last: 1000302345 ns, Reaching safepoint: 14296 ns, Cleanup: 22639 ns, At safepoint: 3625 ns, Total: 40560 ns
[2024-05-29T02:19:32.161+0000][1][safepoint   ] Safepoint "Cleanup", Time since last: 52010151044 ns, Reaching safepoint: 44653 ns, Cleanup: 14309 ns, At safepoint: 5481 ns, Total: 64443 ns
[2024-05-29T02:20:55.171+0000][1][safepoint   ] Safepoint "Cleanup", Time since last: 83009941576 ns, Reaching safepoint: 134619 ns, Cleanup: 16138 ns, At safepoint: 11943 ns, Total: 162700 ns
[2024-05-29T02:20:56.171+0000][1][safepoint   ] Safepoint "Cleanup", Time since last: 1000319813 ns, Reaching safepoint: 13260 ns, Cleanup: 26849 ns, At safepoint: 3338 ns, Total: 43447 ns
[2024-05-29T02:22:33.321+0000][1][safepoint   ] Safepoint "Cleanup", Time since last: 97150068728 ns, Reaching safepoint: 131507 ns, Cleanup: 18328 ns, At safepoint: 7723 ns, Total: 157558 ns
[2024-05-29T02:22:51.239+0000][1][gc,start    ] GC(13) Pause Young (Concurrent Start) (CodeCache GC Threshold)
[2024-05-29T02:22:51.239+0000][1][gc,task     ] GC(13) Using 2 workers of 2 for evacuation
[2024-05-29T02:22:51.239+0000][1][gc,age      ] GC(13) Desired survivor size 161480704 bytes, new threshold 15 (max threshold 15)
[2024-05-29T02:22:51.269+0000][1][gc,phases   ] GC(13)   Pre Evacuate Collection Set: 0.7ms
[2024-05-29T02:22:51.269+0000][1][gc,phases   ] GC(13)   Merge Heap Roots: 0.2ms
[2024-05-29T02:22:51.269+0000][1][gc,phases   ] GC(13)   Evacuate Collection Set: 27.0ms
[2024-05-29T02:22:51.269+0000][1][gc,phases   ] GC(13)   Post Evacuate Collection Set: 2.3ms
[2024-05-29T02:22:51.269+0000][1][gc,phases   ] GC(13)   Other: 0.2ms
[2024-05-29T02:22:51.269+0000][1][gc,age      ] GC(13) Age table with threshold 15 (max threshold 15)
[2024-05-29T02:22:51.269+0000][1][gc,age      ] GC(13) - age   1:    2541456 bytes,    2541456 total
[2024-05-29T02:22:51.269+0000][1][gc,age      ] GC(13) - age   2:     463392 bytes,    3004848 total
[2024-05-29T02:22:51.269+0000][1][gc,age      ] GC(13) - age   3:      23344 bytes,    3028192 total
[2024-05-29T02:22:51.269+0000][1][gc,age      ] GC(13) - age   4:     440808 bytes,    3469000 total
[2024-05-29T02:22:51.269+0000][1][gc,age      ] GC(13) - age   5:    2491776 bytes,    5960776 total
[2024-05-29T02:22:51.269+0000][1][gc,age      ] GC(13) - age   6:    5148976 bytes,   11109752 total
[2024-05-29T02:22:51.269+0000][1][gc,heap     ] GC(13) Eden regions: 1034->0(1222)
[2024-05-29T02:22:51.269+0000][1][gc,heap     ] GC(13) Survivor regions: 7->6(154)
[2024-05-29T02:22:51.269+0000][1][gc,heap     ] GC(13) Old regions: 17->17
[2024-05-29T02:22:51.269+0000][1][gc,heap     ] GC(13) Humongous regions: 14->0
[2024-05-29T02:22:51.269+0000][1][gc,metaspace] GC(13) Metaspace: 93073K(94528K)->93073K(94528K) NonClass: 81352K(82112K)->81352K(82112K) Class: 11720K(12416K)->11720K(12416K)
[2024-05-29T02:22:51.269+0000][1][gc          ] GC(13) Pause Young (Concurrent Start) (CodeCache GC Threshold) 2141M->44M(4096M) 30.757ms
[2024-05-29T02:22:51.269+0000][1][gc,cpu      ] GC(13) User=0.05s Sys=0.00s Real=0.04s
[2024-05-29T02:22:51.269+0000][1][safepoint   ] Safepoint "G1TryInitiateConcMark", Time since last: 17916980721 ns, Reaching safepoint: 107811 ns, Cleanup: 4164 ns, At safepoint: 30831355 ns, Total: 30943330 ns
[2024-05-29T02:22:51.269+0000][1][gc          ] GC(14) Concurrent Mark Cycle
[2024-05-29T02:22:51.269+0000][1][gc,marking  ] GC(14) Concurrent Scan Root Regions
[2024-05-29T02:22:51.279+0000][1][gc,marking  ] GC(14) Concurrent Scan Root Regions 10.109ms
[2024-05-29T02:22:51.280+0000][1][gc,marking  ] GC(14) Concurrent Mark
[2024-05-29T02:22:51.280+0000][1][gc,marking  ] GC(14) Concurrent Mark From Roots
[2024-05-29T02:22:51.280+0000][1][gc,task     ] GC(14) Using 1 workers of 1 for marking
[2024-05-29T02:22:51.375+0000][1][gc,marking  ] GC(14) Concurrent Mark From Roots 95.895ms
[2024-05-29T02:22:51.376+0000][1][gc,marking  ] GC(14) Concurrent Preclean
[2024-05-29T02:22:51.376+0000][1][gc,marking  ] GC(14) Concurrent Preclean 0.260ms
[2024-05-29T02:22:51.376+0000][1][gc,start    ] GC(14) Pause Remark
[2024-05-29T02:22:51.410+0000][1][gc          ] GC(14) Pause Remark 93M->93M(4096M) 33.927ms
[2024-05-29T02:22:51.410+0000][1][gc,cpu      ] GC(14) User=0.06s Sys=0.00s Real=0.04s
[2024-05-29T02:22:51.412+0000][1][safepoint   ] Safepoint "G1PauseRemark", Time since last: 106486850 ns, Reaching safepoint: 85911 ns, Cleanup: 4562 ns, At safepoint: 36114855 ns, Total: 36205328 ns
[2024-05-29T02:22:51.412+0000][1][gc,marking  ] GC(14) Concurrent Mark 132.537ms
[2024-05-29T02:22:51.412+0000][1][gc,marking  ] GC(14) Concurrent Rebuild Remembered Sets and Scrub Regions
[2024-05-29T02:22:51.475+0000][1][gc,marking  ] GC(14) Concurrent Rebuild Remembered Sets and Scrub Regions 62.381ms
[2024-05-29T02:22:51.480+0000][1][gc,start    ] GC(14) Pause Cleanup
[2024-05-29T02:22:51.481+0000][1][gc          ] GC(14) Pause Cleanup 110M->110M(4096M) 0.886ms
[2024-05-29T02:22:51.481+0000][1][gc,cpu      ] GC(14) User=0.00s Sys=0.00s Real=0.00s
[2024-05-29T02:22:51.481+0000][1][safepoint   ] Safepoint "G1PauseCleanup", Time since last: 68192965 ns, Reaching safepoint: 14843 ns, Cleanup: 8137 ns, At safepoint: 974514 ns, Total: 997494 ns
[2024-05-29T02:22:51.481+0000][1][gc,marking  ] GC(14) Concurrent Clear Claimed Marks
[2024-05-29T02:22:51.481+0000][1][gc,marking  ] GC(14) Concurrent Clear Claimed Marks 0.170ms
[2024-05-29T02:22:51.481+0000][1][gc,marking  ] GC(14) Concurrent Cleanup for Next Mark
[2024-05-29T02:22:51.500+0000][1][gc,marking  ] GC(14) Concurrent Cleanup for Next Mark 18.832ms
[2024-05-29T02:22:51.500+0000][1][gc          ] GC(14) Concurrent Mark Cycle 230.990ms
[2024-05-29T02:22:52.481+0000][1][safepoint   ] Safepoint "Cleanup", Time since last: 1000142803 ns, Reaching safepoint: 18356 ns, Cleanup: 29039 ns, At safepoint: 3875 ns, Total: 51270 ns
[2024-05-29T02:23:40.487+0000][1][safepoint   ] Safepoint "Cleanup", Time since last: 48005187454 ns, Reaching safepoint: 37213 ns, Cleanup: 23224 ns, At safepoint: 3669 ns, Total: 64106 ns
[2024-05-29T02:24:48.374+0000][1][safepoint   ] Safepoint "Cleanup", Time since last: 67886906742 ns, Reaching safepoint: 41346 ns, Cleanup: 15520 ns, At safepoint: 3127 ns, Total: 59993 ns
[2024-05-29T02:24:52.374+0000][1][safepoint   ] Safepoint "Cleanup", Time since last: 4000468353 ns, Reaching safepoint: 11874 ns, Cleanup: 12464 ns, At safepoint: 3300 ns, Total: 27638 ns
[2024-05-29T02:25:36.380+0000][1][safepoint   ] Safepoint "Cleanup", Time since last: 44005471290 ns, Reaching safepoint: 42907 ns, Cleanup: 12548 ns, At safepoint: 3192 ns, Total: 58647 ns
[2024-05-29T02:25:39.380+0000][1][safepoint   ] Safepoint "Cleanup", Time since last: 3000329744 ns, Reaching safepoint: 10071 ns, Cleanup: 9935 ns, At safepoint: 3155 ns, Total: 23161 ns
[2024-05-29T02:25:40.380+0000][1][safepoint   ] Safepoint "Cleanup", Time since last: 1000199673 ns, Reaching safepoint: 15147 ns, Cleanup: 14057 ns, At safepoint: 2713 ns, Total: 31917 ns
[2024-05-29T02:25:55.426+0000][1][safepoint   ] Safepoint "Cleanup", Time since last: 15045296789 ns, Reaching safepoint: 108480 ns, Cleanup: 21132 ns, At safepoint: 8397 ns, Total: 138009 ns
[2024-05-29T02:27:09.434+0000][1][safepoint   ] Safepoint "Cleanup", Time since last: 74008702665 ns, Reaching safepoint: 12213 ns, Cleanup: 12669 ns, At safepoint: 2553 ns, Total: 27435 ns
[2024-05-29T02:27:30.437+0000][1][safepoint   ] Safepoint "Cleanup", Time since last: 21002236045 ns, Reaching safepoint: 34737 ns, Cleanup: 15757 ns, At safepoint: 3529 ns, Total: 54023 ns
[2024-05-29T02:27:41.438+0000][1][safepoint   ] Safepoint "Cleanup", Time since last: 11001109557 ns, Reaching safepoint: 12003 ns, Cleanup: 12575 ns, At safepoint: 2479 ns, Total: 27057 ns
[2024-05-29T02:28:00.440+0000][1][safepoint   ] Safepoint "Cleanup", Time since last: 19002094056 ns, Reaching safepoint: 12053 ns, Cleanup: 18927 ns, At safepoint: 2489 ns, Total: 33469 ns
[2024-05-29T02:28:01.440+0000][1][safepoint   ] Safepoint "Cleanup", Time since last: 1000176217 ns, Reaching safepoint: 11610 ns, Cleanup: 46210 ns, At safepoint: 3725 ns, Total: 61545 ns
[2024-05-29T02:28:47.390+0000][1][safepoint   ] Safepoint "Cleanup", Time since last: 45950004392 ns, Reaching safepoint: 6146 ns, Cleanup: 13560 ns, At safepoint: 2466 ns, Total: 22172 ns
[2024-05-29T02:28:48.524+0000][1][safepoint   ] Safepoint "Cleanup", Time since last: 1133971744 ns, Reaching safepoint: 12510 ns, Cleanup: 114080 ns, At safepoint: 2964 ns, Total: 129554 ns
[2024-05-29T02:28:50.510+0000][1][safepoint   ] Safepoint "Cleanup", Time since last: 1986007985 ns, Reaching safepoint: 12466 ns, Cleanup: 15369 ns, At safepoint: 2830 ns, Total: 30665 ns
[2024-05-29T02:28:53.511+0000][1][safepoint   ] Safepoint "Cleanup", Time since last: 3000386663 ns, Reaching safepoint: 14652 ns, Cleanup: 22218 ns, At safepoint: 2762 ns, Total: 39632 ns
[2024-05-29T02:28:55.511+0000][1][safepoint   ] Safepoint "Cleanup", Time since last: 2000234515 ns, Reaching safepoint: 15729 ns, Cleanup: 27874 ns, At safepoint: 3636 ns, Total: 47239 ns
[2024-05-29T02:28:57.512+0000][1][safepoint   ] Safepoint "Cleanup", Time since last: 2000418213 ns, Reaching safepoint: 12813 ns, Cleanup: 14382 ns, At safepoint: 3208 ns, Total: 30403 ns
[2024-05-29T02:28:58.512+0000][1][safepoint   ] Safepoint "Cleanup", Time since last: 1000311841 ns, Reaching safepoint: 16063 ns, Cleanup: 12858 ns, At safepoint: 3427 ns, Total: 32348 ns
[2024-05-29T02:29:00.512+0000][1][safepoint   ] Safepoint "Cleanup", Time since last: 2000251905 ns, Reaching safepoint: 12445 ns, Cleanup: 12275 ns, At safepoint: 2486 ns, Total: 27206 ns
[2024-05-29T02:29:01.512+0000][1][safepoint   ] Safepoint "Cleanup", Time since last: 1000205147 ns, Reaching safepoint: 13842 ns, Cleanup: 23299 ns, At safepoint: 2562 ns, Total: 39703 ns
[2024-05-29T02:29:02.513+0000][1][safepoint   ] Safepoint "Cleanup", Time since last: 1000192489 ns, Reaching safepoint: 12828 ns, Cleanup: 11457 ns, At safepoint: 2840 ns, Total: 27125 ns
[2024-05-29T02:29:04.513+0000][1][safepoint   ] Safepoint "Cleanup", Time since last: 2000284520 ns, Reaching safepoint: 16526 ns, Cleanup: 29738 ns, At safepoint: 4161 ns, Total: 50425 ns
[2024-05-29T02:29:16.514+0000][1][safepoint   ] Safepoint "Cleanup", Time since last: 12001380862 ns, Reaching safepoint: 15610 ns, Cleanup: 17994 ns, At safepoint: 3191 ns, Total: 36795 ns
[2024-05-29T02:29:22.515+0000][1][safepoint   ] Safepoint "Cleanup", Time since last: 6000873577 ns, Reaching safepoint: 38491 ns, Cleanup: 16458 ns, At safepoint: 3777 ns, Total: 58726 ns
[2024-05-29T02:29:24.516+0000][1][safepoint   ] Safepoint "Cleanup", Time since last: 2000230483 ns, Reaching safepoint: 15097 ns, Cleanup: 13051 ns, At safepoint: 2838 ns, Total: 30986 ns
[2024-05-29T02:29:27.516+0000][1][safepoint   ] Safepoint "Cleanup", Time since last: 3000393630 ns, Reaching safepoint: 14780 ns, Cleanup: 22284 ns, At safepoint: 3147 ns, Total: 40211 ns
[2024-05-29T02:29:39.517+0000][1][safepoint   ] Safepoint "Cleanup", Time since last: 12001392791 ns, Reaching safepoint: 16070 ns, Cleanup: 15296 ns, At safepoint: 3431 ns, Total: 34797 ns
[2024-05-29T02:29:41.518+0000][1][safepoint   ] Safepoint "Cleanup", Time since last: 2000286748 ns, Reaching safepoint: 15858 ns, Cleanup: 16077 ns, At safepoint: 3359 ns, Total: 35294 ns
[2024-05-29T02:29:42.742+0000][1][safepoint   ] Safepoint "Cleanup", Time since last: 1224150940 ns, Reaching safepoint: 12304 ns, Cleanup: 80709 ns, At safepoint: 3325 ns, Total: 96338 ns
[2024-05-29T02:29:43.760+0000][1][safepoint   ] Safepoint "Cleanup", Time since last: 1017613319 ns, Reaching safepoint: 5502 ns, Cleanup: 29667 ns, At safepoint: 2683 ns, Total: 37852 ns
[2024-05-29T02:29:44.125+0000][1][safepoint   ] Safepoint "ICBufferFull", Time since last: 364587081 ns, Reaching safepoint: 139283 ns, Cleanup: 125322 ns, At safepoint: 18038 ns, Total: 282643 ns
[2024-05-29T02:29:46.105+0000][1][safepoint   ] Safepoint "Cleanup", Time since last: 1979921111 ns, Reaching safepoint: 16370 ns, Cleanup: 127091 ns, At safepoint: 4377 ns, Total: 147838 ns
[2024-05-29T02:29:47.105+0000][1][safepoint   ] Safepoint "Cleanup", Time since last: 1000157872 ns, Reaching safepoint: 13144 ns, Cleanup: 11829 ns, At safepoint: 2740 ns, Total: 27713 ns
[2024-05-29T02:29:48.132+0000][1][safepoint   ] Safepoint "Cleanup", Time since last: 1026948597 ns, Reaching safepoint: 5521 ns, Cleanup: 34108 ns, At safepoint: 5217 ns, Total: 44846 ns
[2024-05-29T02:29:49.133+0000][1][safepoint   ] Safepoint "Cleanup", Time since last: 1001663306 ns, Reaching safepoint: 13179 ns, Cleanup: 12677 ns, At safepoint: 2683 ns, Total: 28539 ns
[2024-05-29T02:29:51.032+0000][1][safepoint   ] Safepoint "Cleanup", Time since last: 1898797105 ns, Reaching safepoint: 13481 ns, Cleanup: 32178 ns, At safepoint: 2636 ns, Total: 48295 ns
[2024-05-29T02:29:56.768+0000][1][safepoint   ] Safepoint "Cleanup", Time since last: 5735731507 ns, Reaching safepoint: 18256 ns, Cleanup: 5031 ns, At safepoint: 2047 ns, Total: 25334 ns
[2024-05-29T02:29:57.769+0000][1][safepoint   ] Safepoint "Cleanup", Time since last: 1000548417 ns, Reaching safepoint: 13829 ns, Cleanup: 13101 ns, At safepoint: 3123 ns, Total: 30053 ns
[2024-05-29T02:29:59.053+0000][1][safepoint   ] Safepoint "Cleanup", Time since last: 1283822315 ns, Reaching safepoint: 515258 ns, Cleanup: 18881 ns, At safepoint: 12544 ns, Total: 546683 ns
[2024-05-29T02:30:00.057+0000][1][safepoint   ] Safepoint "Cleanup", Time since last: 1003911386 ns, Reaching safepoint: 15345 ns, Cleanup: 17720 ns, At safepoint: 3518 ns, Total: 36583 ns
[2024-05-29T02:30:01.057+0000][1][safepoint   ] Safepoint "Cleanup", Time since last: 1000186413 ns, Reaching safepoint: 16160 ns, Cleanup: 14711 ns, At safepoint: 3145 ns, Total: 34016 ns
[2024-05-29T02:30:02.871+0000][1][safepoint   ] Safepoint "Cleanup", Time since last: 1813453331 ns, Reaching safepoint: 11504 ns, Cleanup: 17665 ns, At safepoint: 2674 ns, Total: 31843 ns
[2024-05-29T02:30:04.871+0000][1][safepoint   ] Safepoint "Cleanup", Time since last: 2000287021 ns, Reaching safepoint: 12417 ns, Cleanup: 19974 ns, At safepoint: 3595 ns, Total: 35986 ns
[2024-05-29T02:30:07.147+0000][1][safepoint   ] Safepoint "Cleanup", Time since last: 2275716380 ns, Reaching safepoint: 12867 ns, Cleanup: 16290 ns, At safepoint: 2760 ns, Total: 31917 ns
[2024-05-29T02:30:09.081+0000][1][safepoint   ] Safepoint "Cleanup", Time since last: 1934146690 ns, Reaching safepoint: 13971 ns, Cleanup: 11405 ns, At safepoint: 3049 ns, Total: 28425 ns
[2024-05-29T02:30:14.081+0000][1][safepoint   ] Safepoint "Cleanup", Time since last: 5000545260 ns, Reaching safepoint: 12352 ns, Cleanup: 13650 ns, At safepoint: 2607 ns, Total: 28609 ns
[2024-05-29T02:30:16.082+0000][1][safepoint   ] Safepoint "Cleanup", Time since last: 2000265823 ns, Reaching safepoint: 31413 ns, Cleanup: 12488 ns, At safepoint: 3664 ns, Total: 47565 ns
[2024-05-29T02:30:17.082+0000][1][safepoint   ] Safepoint "Cleanup", Time since last: 1000279406 ns, Reaching safepoint: 12972 ns, Cleanup: 13483 ns, At safepoint: 2696 ns, Total: 29151 ns
[2024-05-29T02:30:19.082+0000][1][safepoint   ] Safepoint "Cleanup", Time since last: 2000312121 ns, Reaching safepoint: 13412 ns, Cleanup: 17439 ns, At safepoint: 3015 ns, Total: 33866 ns
[2024-05-29T02:30:20.083+0000][1][safepoint   ] Safepoint "Cleanup", Time since last: 1000166329 ns, Reaching safepoint: 12623 ns, Cleanup: 12233 ns, At safepoint: 2332 ns, Total: 27188 ns
[2024-05-29T02:30:22.083+0000][1][safepoint   ] Safepoint "Cleanup", Time since last: 2000274983 ns, Reaching safepoint: 13169 ns, Cleanup: 13581 ns, At safepoint: 2940 ns, Total: 29690 ns
[2024-05-29T02:30:24.083+0000][1][safepoint   ] Safepoint "Cleanup", Time since last: 2000257859 ns, Reaching safepoint: 12176 ns, Cleanup: 13144 ns, At safepoint: 3003 ns, Total: 28323 ns
[2024-05-29T02:30:30.084+0000][1][safepoint   ] Safepoint "Cleanup", Time since last: 6000631562 ns, Reaching safepoint: 14108 ns, Cleanup: 17367 ns, At safepoint: 2695 ns, Total: 34170 ns
[2024-05-29T02:30:31.084+0000][1][safepoint   ] Safepoint "Cleanup", Time since last: 1000173030 ns, Reaching safepoint: 13140 ns, Cleanup: 14291 ns, At safepoint: 3322 ns, Total: 30753 ns
[2024-05-29T02:30:32.084+0000][1][safepoint   ] Safepoint "Cleanup", Time since last: 1000193855 ns, Reaching safepoint: 12034 ns, Cleanup: 11862 ns, At safepoint: 2389 ns, Total: 26285 ns
[2024-05-29T02:30:33.084+0000][1][safepoint   ] Safepoint "Cleanup", Time since last: 1000140990 ns, Reaching safepoint: 11663 ns, Cleanup: 12782 ns, At safepoint: 2718 ns, Total: 27163 ns
[2024-05-29T02:30:36.085+0000][1][safepoint   ] Safepoint "Cleanup", Time since last: 3000320322 ns, Reaching safepoint: 12910 ns, Cleanup: 44435 ns, At safepoint: 3345 ns, Total: 60690 ns
[2024-05-29T02:30:39.085+0000][1][safepoint   ] Safepoint "Cleanup", Time since last: 3000340180 ns, Reaching safepoint: 12680 ns, Cleanup: 13274 ns, At safepoint: 2802 ns, Total: 28756 ns
[2024-05-29T02:30:42.086+0000][1][safepoint   ] Safepoint "Cleanup", Time since last: 3000295034 ns, Reaching safepoint: 13625 ns, Cleanup: 14456 ns, At safepoint: 3357 ns, Total: 31438 ns
[2024-05-29T02:30:43.086+0000][1][safepoint   ] Safepoint "Cleanup", Time since last: 1000127044 ns, Reaching safepoint: 13926 ns, Cleanup: 32759 ns, At safepoint: 3198 ns, Total: 49883 ns
[2024-05-29T02:30:48.086+0000][1][safepoint   ] Safepoint "Cleanup", Time since last: 5000679717 ns, Reaching safepoint: 35898 ns, Cleanup: 19600 ns, At safepoint: 3125 ns, Total: 58623 ns
[2024-05-29T02:30:56.088+0000][1][safepoint   ] Safepoint "Cleanup", Time since last: 8001046385 ns, Reaching safepoint: 14957 ns, Cleanup: 13663 ns, At safepoint: 3537 ns, Total: 32157 ns
[2024-05-29T02:31:00.088+0000][1][safepoint   ] Safepoint "Cleanup", Time since last: 4000585813 ns, Reaching safepoint: 14115 ns, Cleanup: 45003 ns, At safepoint: 3671 ns, Total: 62789 ns
[2024-05-29T02:31:05.089+0000][1][safepoint   ] Safepoint "Cleanup", Time since last: 5000694110 ns, Reaching safepoint: 13625 ns, Cleanup: 19521 ns, At safepoint: 2970 ns, Total: 36116 ns
[2024-05-29T02:31:08.089+0000][1][safepoint   ] Safepoint "Cleanup", Time since last: 3000399098 ns, Reaching safepoint: 12734 ns, Cleanup: 16855 ns, At safepoint: 2833 ns, Total: 32422 ns
[2024-05-29T02:31:10.090+0000][1][safepoint   ] Safepoint "Cleanup", Time since last: 2000234035 ns, Reaching safepoint: 12813 ns, Cleanup: 12288 ns, At safepoint: 2299 ns, Total: 27400 ns
[2024-05-29T02:31:28.092+0000][1][safepoint   ] Safepoint "Cleanup", Time since last: 18002346255 ns, Reaching safepoint: 14519 ns, Cleanup: 12271 ns, At safepoint: 2651 ns, Total: 29441 ns
[2024-05-29T02:31:31.092+0000][1][safepoint   ] Safepoint "Cleanup", Time since last: 3000321933 ns, Reaching safepoint: 11720 ns, Cleanup: 22631 ns, At safepoint: 3687 ns, Total: 38038 ns
[2024-05-29T02:31:37.093+0000][1][safepoint   ] Safepoint "Cleanup", Time since last: 6000556371 ns, Reaching safepoint: 12775 ns, Cleanup: 16414 ns, At safepoint: 2993 ns, Total: 32182 ns
[2024-05-29T02:31:40.093+0000][1][safepoint   ] Safepoint "Cleanup", Time since last: 3000274299 ns, Reaching safepoint: 11581 ns, Cleanup: 13825 ns, At safepoint: 2864 ns, Total: 28270 ns
[2024-05-29T02:31:50.599+0000][1][safepoint   ] Safepoint "Cleanup", Time since last: 10506177381 ns, Reaching safepoint: 11875 ns, Cleanup: 16462 ns, At safepoint: 3223 ns, Total: 31560 ns
[2024-05-29T02:31:56.600+0000][1][safepoint   ] Safepoint "Cleanup", Time since last: 6000583802 ns, Reaching safepoint: 12679 ns, Cleanup: 25695 ns, At safepoint: 2946 ns, Total: 41320 ns
[2024-05-29T02:31:57.600+0000][1][safepoint   ] Safepoint "Cleanup", Time since last: 1000186231 ns, Reaching safepoint: 12767 ns, Cleanup: 16338 ns, At safepoint: 2402 ns, Total: 31507 ns
[2024-05-29T02:32:14.602+0000][1][safepoint   ] Safepoint "Cleanup", Time since last: 17001921704 ns, Reaching safepoint: 12083 ns, Cleanup: 14622 ns, At safepoint: 2666 ns, Total: 29371 ns
[2024-05-29T02:32:17.603+0000][1][safepoint   ] Safepoint "Cleanup", Time since last: 3000401203 ns, Reaching safepoint: 13654 ns, Cleanup: 11488 ns, At safepoint: 2727 ns, Total: 27869 ns
[2024-05-29T02:32:36.605+0000][1][safepoint   ] Safepoint "Cleanup", Time since last: 19002136681 ns, Reaching safepoint: 39591 ns, Cleanup: 18624 ns, At safepoint: 3083 ns, Total: 61298 ns
[2024-05-29T02:32:43.606+0000][1][safepoint   ] Safepoint "Cleanup", Time since last: 7001214585 ns, Reaching safepoint: 14963 ns, Cleanup: 18483 ns, At safepoint: 2812 ns, Total: 36258 ns
[2024-05-29T02:32:48.607+0000][1][safepoint   ] Safepoint "Cleanup", Time since last: 5000636066 ns, Reaching safepoint: 12414 ns, Cleanup: 29327 ns, At safepoint: 3754 ns, Total: 45495 ns
[2024-05-29T02:32:54.626+0000][1][safepoint   ] Safepoint "Cleanup", Time since last: 6018908184 ns, Reaching safepoint: 76977 ns, Cleanup: 18592 ns, At safepoint: 8741 ns, Total: 104310 ns
[2024-05-29T02:33:00.627+0000][1][safepoint   ] Safepoint "Cleanup", Time since last: 6000655678 ns, Reaching safepoint: 11685 ns, Cleanup: 27119 ns, At safepoint: 3034 ns, Total: 41838 ns
[2024-05-29T02:33:01.627+0000][1][safepoint   ] Safepoint "Cleanup", Time since last: 1000155390 ns, Reaching safepoint: 13292 ns, Cleanup: 16061 ns, At safepoint: 3394 ns, Total: 32747 ns
[2024-05-29T02:33:13.628+0000][1][safepoint   ] Safepoint "Cleanup", Time since last: 12001623660 ns, Reaching safepoint: 15235 ns, Cleanup: 14384 ns, At safepoint: 3041 ns, Total: 32660 ns
[2024-05-29T02:33:30.630+0000][1][safepoint   ] Safepoint "Cleanup", Time since last: 17001495071 ns, Reaching safepoint: 30403 ns, Cleanup: 19067 ns, At safepoint: 3131 ns, Total: 52601 ns
[2024-05-29T02:33:31.630+0000][1][safepoint   ] Safepoint "Cleanup", Time since last: 1000149764 ns, Reaching safepoint: 13509 ns, Cleanup: 13403 ns, At safepoint: 3071 ns, Total: 29983 ns
[2024-05-29T02:33:39.631+0000][1][safepoint   ] Safepoint "Cleanup", Time since last: 8000815806 ns, Reaching safepoint: 13291 ns, Cleanup: 17931 ns, At safepoint: 3143 ns, Total: 34365 ns
[2024-05-29T02:33:42.631+0000][1][safepoint   ] Safepoint "Cleanup", Time since last: 3000395828 ns, Reaching safepoint: 11470 ns, Cleanup: 12204 ns, At safepoint: 3188 ns, Total: 26862 ns
[2024-05-29T02:33:45.632+0000][1][safepoint   ] Safepoint "Cleanup", Time since last: 3000337403 ns, Reaching safepoint: 14085 ns, Cleanup: 12937 ns, At safepoint: 2941 ns, Total: 29963 ns
[2024-05-29T02:33:47.632+0000][1][safepoint   ] Safepoint "Cleanup", Time since last: 2000327147 ns, Reaching safepoint: 13451 ns, Cleanup: 20513 ns, At safepoint: 2390 ns, Total: 36354 ns
[2024-05-29T02:33:50.633+0000][1][safepoint   ] Safepoint "Cleanup", Time since last: 3000395931 ns, Reaching safepoint: 13986 ns, Cleanup: 13540 ns, At safepoint: 3436 ns, Total: 30962 ns
[2024-05-29T02:33:51.633+0000][1][safepoint   ] Safepoint "Cleanup", Time since last: 1000204691 ns, Reaching safepoint: 38416 ns, Cleanup: 14363 ns, At safepoint: 5911 ns, Total: 58690 ns
[2024-05-29T02:33:57.634+0000][1][safepoint   ] Safepoint "Cleanup", Time since last: 6000700982 ns, Reaching safepoint: 13436 ns, Cleanup: 17450 ns, At safepoint: 2615 ns, Total: 33501 ns
[2024-05-29T02:33:59.634+0000][1][safepoint   ] Safepoint "Cleanup", Time since last: 2000317002 ns, Reaching safepoint: 12892 ns, Cleanup: 15370 ns, At safepoint: 3049 ns, Total: 31311 ns
[2024-05-29T02:34:01.688+0000][1][safepoint   ] Safepoint "Cleanup", Time since last: 2053576955 ns, Reaching safepoint: 81738 ns, Cleanup: 16232 ns, At safepoint: 9796 ns, Total: 107766 ns
[2024-05-29T02:34:02.690+0000][1][safepoint   ] Safepoint "Cleanup", Time since last: 1002166763 ns, Reaching safepoint: 13241 ns, Cleanup: 30013 ns, At safepoint: 2983 ns, Total: 46237 ns
[2024-05-29T02:34:14.691+0000][1][safepoint   ] Safepoint "Cleanup", Time since last: 12001319140 ns, Reaching safepoint: 13295 ns, Cleanup: 11909 ns, At safepoint: 2431 ns, Total: 27635 ns
[2024-05-29T02:34:23.692+0000][1][safepoint   ] Safepoint "Cleanup", Time since last: 9001095725 ns, Reaching safepoint: 37778 ns, Cleanup: 16038 ns, At safepoint: 2907 ns, Total: 56723 ns
[2024-05-29T02:34:32.693+0000][1][safepoint   ] Safepoint "Cleanup", Time since last: 9001183566 ns, Reaching safepoint: 13354 ns, Cleanup: 17762 ns, At safepoint: 3139 ns, Total: 34255 ns
[2024-05-29T02:34:34.694+0000][1][safepoint   ] Safepoint "Cleanup", Time since last: 2000312144 ns, Reaching safepoint: 13376 ns, Cleanup: 13740 ns, At safepoint: 2482 ns, Total: 29598 ns
[2024-05-29T02:34:37.694+0000][1][safepoint   ] Safepoint "Cleanup", Time since last: 3000404046 ns, Reaching safepoint: 12169 ns, Cleanup: 12966 ns, At safepoint: 2970 ns, Total: 28105 ns
[2024-05-29T02:34:42.695+0000][1][safepoint   ] Safepoint "Cleanup", Time since last: 5000660961 ns, Reaching safepoint: 14447 ns, Cleanup: 12350 ns, At safepoint: 3557 ns, Total: 30354 ns
[2024-05-29T02:34:49.681+0000][1][safepoint   ] Safepoint "Cleanup", Time since last: 6986029880 ns, Reaching safepoint: 7579 ns, Cleanup: 13272 ns, At safepoint: 6106 ns, Total: 26957 ns
[2024-05-29T02:35:00.682+0000][1][safepoint   ] Safepoint "Cleanup", Time since last: 11001200016 ns, Reaching safepoint: 41786 ns, Cleanup: 25679 ns, At safepoint: 3396 ns, Total: 70861 ns
[2024-05-29T02:35:12.684+0000][1][safepoint   ] Safepoint "Cleanup", Time since last: 12001848236 ns, Reaching safepoint: 13357 ns, Cleanup: 13009 ns, At safepoint: 28123 ns, Total: 54489 ns
[2024-05-29T02:35:15.685+0000][1][safepoint   ] Safepoint "Cleanup", Time since last: 3000426295 ns, Reaching safepoint: 14497 ns, Cleanup: 14036 ns, At safepoint: 3605 ns, Total: 32138 ns
[2024-05-29T02:35:18.685+0000][1][safepoint   ] Safepoint "Cleanup", Time since last: 3000374896 ns, Reaching safepoint: 14354 ns, Cleanup: 13523 ns, At safepoint: 3388 ns, Total: 31265 ns
[2024-05-29T02:35:42.689+0000][1][safepoint   ] Safepoint "Cleanup", Time since last: 24003456910 ns, Reaching safepoint: 38120 ns, Cleanup: 15389 ns, At safepoint: 3662 ns, Total: 57171 ns
[2024-05-29T02:35:47.689+0000][1][safepoint   ] Safepoint "Cleanup", Time since last: 5000612639 ns, Reaching safepoint: 13536 ns, Cleanup: 14330 ns, At safepoint: 2719 ns, Total: 30585 ns
[2024-05-29T02:36:02.691+0000][1][safepoint   ] Safepoint "Cleanup", Time since last: 15001754512 ns, Reaching safepoint: 38460 ns, Cleanup: 16336 ns, At safepoint: 3640 ns, Total: 58436 ns
[2024-05-29T02:36:17.693+0000][1][safepoint   ] Safepoint "Cleanup", Time since last: 15001957589 ns, Reaching safepoint: 12010 ns, Cleanup: 11410 ns, At safepoint: 2890 ns, Total: 26310 ns
[2024-05-29T02:36:22.694+0000][1][safepoint   ] Safepoint "Cleanup", Time since last: 5000596385 ns, Reaching safepoint: 13537 ns, Cleanup: 14535 ns, At safepoint: 2887 ns, Total: 30959 ns
[2024-05-29T02:36:25.694+0000][1][safepoint   ] Safepoint "Cleanup", Time since last: 3000318575 ns, Reaching safepoint: 35014 ns, Cleanup: 15382 ns, At safepoint: 3007 ns, Total: 53403 ns
[2024-05-29T02:36:27.694+0000][1][safepoint   ] Safepoint "Cleanup", Time since last: 2000234329 ns, Reaching safepoint: 13626 ns, Cleanup: 12306 ns, At safepoint: 2753 ns, Total: 28685 ns
[2024-05-29T02:36:31.695+0000][1][safepoint   ] Safepoint "Cleanup", Time since last: 4000737963 ns, Reaching safepoint: 13437 ns, Cleanup: 11849 ns, At safepoint: 2879 ns, Total: 28165 ns
[2024-05-29T02:36:52.697+0000][1][safepoint   ] Safepoint "Cleanup", Time since last: 21002045861 ns, Reaching safepoint: 13296 ns, Cleanup: 19992 ns, At safepoint: 2893 ns, Total: 36181 ns
[2024-05-29T02:37:00.698+0000][1][safepoint   ] Safepoint "Cleanup", Time since last: 8000848043 ns, Reaching safepoint: 38884 ns, Cleanup: 16361 ns, At safepoint: 2755 ns, Total: 58000 ns
[2024-05-29T02:37:02.698+0000][1][safepoint   ] Safepoint "Cleanup", Time since last: 2000255853 ns, Reaching safepoint: 16152 ns, Cleanup: 17706 ns, At safepoint: 3856 ns, Total: 37714 ns
[2024-05-29T02:37:14.700+0000][1][safepoint   ] Safepoint "Cleanup", Time since last: 12001541382 ns, Reaching safepoint: 38573 ns, Cleanup: 21910 ns, At safepoint: 3973 ns, Total: 64456 ns
[2024-05-29T02:37:35.703+0000][1][safepoint   ] Safepoint "Cleanup", Time since last: 21003289598 ns, Reaching safepoint: 14826 ns, Cleanup: 11608 ns, At safepoint: 2808 ns, Total: 29242 ns
[2024-05-29T02:37:41.704+0000][1][safepoint   ] Safepoint "Cleanup", Time since last: 6000729790 ns, Reaching safepoint: 36355 ns, Cleanup: 14300 ns, At safepoint: 3770 ns, Total: 54425 ns
[2024-05-29T02:37:44.704+0000][1][safepoint   ] Safepoint "Cleanup", Time since last: 3000339619 ns, Reaching safepoint: 13392 ns, Cleanup: 14497 ns, At safepoint: 3293 ns, Total: 31182 ns
[2024-05-29T02:38:00.707+0000][1][safepoint   ] Safepoint "Cleanup", Time since last: 16002846848 ns, Reaching safepoint: 12214 ns, Cleanup: 11789 ns, At safepoint: 2718 ns, Total: 26721 ns
[2024-05-29T02:38:27.711+0000][1][safepoint   ] Safepoint "Cleanup", Time since last: 27003436190 ns, Reaching safepoint: 37789 ns, Cleanup: 411042 ns, At safepoint: 13365 ns, Total: 462196 ns
[2024-05-29T02:38:30.712+0000][1][safepoint   ] Safepoint "Cleanup", Time since last: 3000577183 ns, Reaching safepoint: 12900 ns, Cleanup: 15446 ns, At safepoint: 4457 ns, Total: 32803 ns
[2024-05-29T02:38:37.713+0000][1][safepoint   ] Safepoint "Cleanup", Time since last: 7000853286 ns, Reaching safepoint: 14509 ns, Cleanup: 14050 ns, At safepoint: 3706 ns, Total: 32265 ns
[2024-05-29T02:38:42.713+0000][1][safepoint   ] Safepoint "Cleanup", Time since last: 5000660889 ns, Reaching safepoint: 13176 ns, Cleanup: 13163 ns, At safepoint: 3091 ns, Total: 29430 ns
[2024-05-29T02:38:48.714+0000][1][safepoint   ] Safepoint "Cleanup", Time since last: 6000704190 ns, Reaching safepoint: 38232 ns, Cleanup: 16121 ns, At safepoint: 5490 ns, Total: 59843 ns
[2024-05-29T02:38:54.715+0000][1][safepoint   ] Safepoint "Cleanup", Time since last: 6000800983 ns, Reaching safepoint: 12349 ns, Cleanup: 15033 ns, At safepoint: 3064 ns, Total: 30446 ns
[2024-05-29T02:39:00.716+0000][1][safepoint   ] Safepoint "Cleanup", Time since last: 6000815915 ns, Reaching safepoint: 14059 ns, Cleanup: 14674 ns, At safepoint: 3204 ns, Total: 31937 ns
[2024-05-29T02:39:12.717+0000][1][safepoint   ] Safepoint "Cleanup", Time since last: 12001348278 ns, Reaching safepoint: 11923 ns, Cleanup: 17094 ns, At safepoint: 3478 ns, Total: 32495 ns
[2024-05-29T02:39:20.718+0000][1][safepoint   ] Safepoint "Cleanup", Time since last: 8000925384 ns, Reaching safepoint: 41818 ns, Cleanup: 16026 ns, At safepoint: 6363 ns, Total: 64207 ns
[2024-05-29T02:39:23.719+0000][1][safepoint   ] Safepoint "Cleanup", Time since last: 3000414277 ns, Reaching safepoint: 12231 ns, Cleanup: 15691 ns, At safepoint: 2908 ns, Total: 30830 ns
[2024-05-29T02:39:30.719+0000][1][safepoint   ] Safepoint "Cleanup", Time since last: 7000847162 ns, Reaching safepoint: 11983 ns, Cleanup: 18803 ns, At safepoint: 2531 ns, Total: 33317 ns
[2024-05-29T02:39:35.720+0000][1][safepoint   ] Safepoint "Cleanup", Time since last: 5000659617 ns, Reaching safepoint: 48464 ns, Cleanup: 14746 ns, At safepoint: 3130 ns, Total: 66340 ns
[2024-05-29T02:39:38.721+0000][1][safepoint   ] Safepoint "Cleanup", Time since last: 3000338920 ns, Reaching safepoint: 14160 ns, Cleanup: 15117 ns, At safepoint: 2979 ns, Total: 32256 ns
[2024-05-29T02:39:41.721+0000][1][safepoint   ] Safepoint "Cleanup", Time since last: 3000386095 ns, Reaching safepoint: 12797 ns, Cleanup: 14656 ns, At safepoint: 3534 ns, Total: 30987 ns
[2024-05-29T02:39:52.723+0000][1][safepoint   ] Safepoint "Cleanup", Time since last: 11001541155 ns, Reaching safepoint: 12504 ns, Cleanup: 12844 ns, At safepoint: 2545 ns, Total: 27893 ns
[2024-05-29T02:40:13.725+0000][1][safepoint   ] Safepoint "Cleanup", Time since last: 21002635359 ns, Reaching safepoint: 12829 ns, Cleanup: 19293 ns, At safepoint: 3227 ns, Total: 35349 ns
[2024-05-29T02:40:48.729+0000][1][safepoint   ] Safepoint "Cleanup", Time since last: 35003942373 ns, Reaching safepoint: 41191 ns, Cleanup: 20502 ns, At safepoint: 3800 ns, Total: 65493 ns
[2024-05-29T02:40:57.737+0000][1][safepoint   ] Safepoint "Cleanup", Time since last: 9007303118 ns, Reaching safepoint: 48901 ns, Cleanup: 10883 ns, At safepoint: 3250 ns, Total: 63034 ns
[2024-05-29T02:41:00.737+0000][1][safepoint   ] Safepoint "Cleanup", Time since last: 3000380452 ns, Reaching safepoint: 11630 ns, Cleanup: 11865 ns, At safepoint: 3097 ns, Total: 26592 ns
[2024-05-29T02:41:03.737+0000][1][safepoint   ] Safepoint "Cleanup", Time since last: 3000407923 ns, Reaching safepoint: 11764 ns, Cleanup: 14322 ns, At safepoint: 2952 ns, Total: 29038 ns
[2024-05-29T02:41:43.743+0000][1][safepoint   ] Safepoint "Cleanup", Time since last: 40005369559 ns, Reaching safepoint: 37438 ns, Cleanup: 24398 ns, At safepoint: 3610 ns, Total: 65446 ns
[2024-05-29T02:41:49.744+0000][1][safepoint   ] Safepoint "Cleanup", Time since last: 6001034777 ns, Reaching safepoint: 13505 ns, Cleanup: 14691 ns, At safepoint: 2930 ns, Total: 31126 ns
[2024-05-29T02:41:58.745+0000][1][safepoint   ] Safepoint "Cleanup", Time since last: 9001111963 ns, Reaching safepoint: 48865 ns, Cleanup: 12854 ns, At safepoint: 3210 ns, Total: 64929 ns
[2024-05-29T02:42:01.746+0000][1][safepoint   ] Safepoint "Cleanup", Time since last: 3000405146 ns, Reaching safepoint: 12910 ns, Cleanup: 12750 ns, At safepoint: 2797 ns, Total: 28457 ns
[2024-05-29T02:42:42.751+0000][1][safepoint   ] Safepoint "Cleanup", Time since last: 41005368931 ns, Reaching safepoint: 38201 ns, Cleanup: 16009 ns, At safepoint: 3132 ns, Total: 57342 ns
[2024-05-29T02:43:00.753+0000][1][safepoint   ] Safepoint "Cleanup", Time since last: 18002026934 ns, Reaching safepoint: 41491 ns, Cleanup: 19194 ns, At safepoint: 3561 ns, Total: 64246 ns
[2024-05-29T02:43:25.756+0000][1][safepoint   ] Safepoint "Cleanup", Time since last: 25002872822 ns, Reaching safepoint: 39850 ns, Cleanup: 16026 ns, At safepoint: 3554 ns, Total: 59430 ns
[2024-05-29T02:43:28.756+0000][1][safepoint   ] Safepoint "Cleanup", Time since last: 3000391278 ns, Reaching safepoint: 13628 ns, Cleanup: 15642 ns, At safepoint: 2770 ns, Total: 32040 ns
[2024-05-29T02:43:52.759+0000][1][safepoint   ] Safepoint "Cleanup", Time since last: 24002373565 ns, Reaching safepoint: 11245 ns, Cleanup: 12386 ns, At safepoint: 3362 ns, Total: 26993 ns
[2024-05-29T02:44:03.760+0000][1][safepoint   ] Safepoint "Cleanup", Time since last: 11001352128 ns, Reaching safepoint: 13893 ns, Cleanup: 15014 ns, At safepoint: 3175 ns, Total: 32082 ns
[2024-05-29T02:44:10.761+0000][1][safepoint   ] Safepoint "Cleanup", Time since last: 7000817616 ns, Reaching safepoint: 11613 ns, Cleanup: 16341 ns, At safepoint: 2653 ns, Total: 30607 ns
[2024-05-29T02:44:15.762+0000][1][safepoint   ] Safepoint "Cleanup", Time since last: 5000589004 ns, Reaching safepoint: 42828 ns, Cleanup: 12822 ns, At safepoint: 5375 ns, Total: 61025 ns
[2024-05-29T02:44:18.762+0000][1][safepoint   ] Safepoint "Cleanup", Time since last: 3000370023 ns, Reaching safepoint: 14929 ns, Cleanup: 15682 ns, At safepoint: 2984 ns, Total: 33595 ns
[2024-05-29T02:44:21.763+0000][1][safepoint   ] Safepoint "Cleanup", Time since last: 3001270268 ns, Reaching safepoint: 14560 ns, Cleanup: 15159 ns, At safepoint: 3626 ns, Total: 33345 ns
[2024-05-29T02:44:30.765+0000][1][safepoint   ] Safepoint "Cleanup", Time since last: 9001096617 ns, Reaching safepoint: 22727 ns, Cleanup: 14884 ns, At safepoint: 2602 ns, Total: 40213 ns
[2024-05-29T02:44:55.768+0000][1][safepoint   ] Safepoint "Cleanup", Time since last: 25003533769 ns, Reaching safepoint: 93407 ns, Cleanup: 11729 ns, At safepoint: 3667 ns, Total: 108803 ns
[2024-05-29T02:45:00.769+0000][1][safepoint   ] Safepoint "Cleanup", Time since last: 5000721819 ns, Reaching safepoint: 12799 ns, Cleanup: 14312 ns, At safepoint: 2920 ns, Total: 30031 ns
[2024-05-29T02:45:02.769+0000][1][safepoint   ] Safepoint "Cleanup", Time since last: 2000220984 ns, Reaching safepoint: 14558 ns, Cleanup: 14521 ns, At safepoint: 2577 ns, Total: 31656 ns
[2024-05-29T02:45:28.773+0000][1][safepoint   ] Safepoint "Cleanup", Time since last: 26003871558 ns, Reaching safepoint: 43628 ns, Cleanup: 12973 ns, At safepoint: 3392 ns, Total: 59993 ns
[2024-05-29T02:45:38.774+0000][1][safepoint   ] Safepoint "Cleanup", Time since last: 10001014102 ns, Reaching safepoint: 13552 ns, Cleanup: 14940 ns, At safepoint: 2711 ns, Total: 31203 ns
[2024-05-29T02:45:55.776+0000][1][safepoint   ] Safepoint "Cleanup", Time since last: 17001535404 ns, Reaching safepoint: 13486 ns, Cleanup: 15580 ns, At safepoint: 3185 ns, Total: 32251 ns
[2024-05-29T02:46:34.779+0000][1][safepoint   ] Safepoint "Cleanup", Time since last: 39003435028 ns, Reaching safepoint: 42665 ns, Cleanup: 21545 ns, At safepoint: 3190 ns, Total: 67400 ns
[2024-05-29T02:46:36.780+0000][1][safepoint   ] Safepoint "Cleanup", Time since last: 2000742682 ns, Reaching safepoint: 11536 ns, Cleanup: 11841 ns, At safepoint: 2288 ns, Total: 25665 ns
[2024-05-29T02:47:17.783+0000][1][safepoint   ] Safepoint "Cleanup", Time since last: 41003378711 ns, Reaching safepoint: 41369 ns, Cleanup: 13598 ns, At safepoint: 2903 ns, Total: 57870 ns
[2024-05-29T02:47:26.784+0000][1][safepoint   ] Safepoint "Cleanup", Time since last: 9000856550 ns, Reaching safepoint: 11007 ns, Cleanup: 12562 ns, At safepoint: 2734 ns, Total: 26303 ns
[2024-05-29T02:47:34.785+0000][1][safepoint   ] Safepoint "Cleanup", Time since last: 8001024358 ns, Reaching safepoint: 14987 ns, Cleanup: 14549 ns, At safepoint: 3385 ns, Total: 32921 ns
[2024-05-29T02:47:41.787+0000][1][safepoint   ] Safepoint "Cleanup", Time since last: 7001411923 ns, Reaching safepoint: 39614 ns, Cleanup: 15417 ns, At safepoint: 3358 ns, Total: 58389 ns
[2024-05-29T02:47:49.788+0000][1][safepoint   ] Safepoint "Cleanup", Time since last: 8000808831 ns, Reaching safepoint: 17102 ns, Cleanup: 18100 ns, At safepoint: 3642 ns, Total: 38844 ns
[2024-05-29T02:48:01.789+0000][1][safepoint   ] Safepoint "Cleanup", Time since last: 12001399176 ns, Reaching safepoint: 17136 ns, Cleanup: 193800 ns, At safepoint: 11772 ns, Total: 222708 ns
[2024-05-29T02:48:03.790+0000][1][safepoint   ] Safepoint "Cleanup", Time since last: 2000231318 ns, Reaching safepoint: 13590 ns, Cleanup: 17353 ns, At safepoint: 3349 ns, Total: 34292 ns
[2024-05-29T02:48:06.801+0000][1][safepoint   ] Safepoint "Cleanup", Time since last: 3011157355 ns, Reaching safepoint: 45257 ns, Cleanup: 16531 ns, At safepoint: 3545 ns, Total: 65333 ns
[2024-05-29T02:48:11.736+0000][1][safepoint   ] Safepoint "Cleanup", Time since last: 4935032107 ns, Reaching safepoint: 107927 ns, Cleanup: 24795 ns, At safepoint: 5490 ns, Total: 138212 ns
[2024-05-29T02:48:13.401+0000][1][safepoint   ] Safepoint "Cleanup", Time since last: 1665397323 ns, Reaching safepoint: 14804 ns, Cleanup: 46013 ns, At safepoint: 3823 ns, Total: 64640 ns
[2024-05-29T02:48:24.403+0000][1][safepoint   ] Safepoint "Cleanup", Time since last: 11001250765 ns, Reaching safepoint: 13437 ns, Cleanup: 14515 ns, At safepoint: 3532 ns, Total: 31484 ns
[2024-05-29T02:48:26.403+0000][1][safepoint   ] Safepoint "Cleanup", Time since last: 2000245819 ns, Reaching safepoint: 15978 ns, Cleanup: 19855 ns, At safepoint: 3636 ns, Total: 39469 ns
[2024-05-29T02:48:30.404+0000][1][safepoint   ] Safepoint "Cleanup", Time since last: 4000468273 ns, Reaching safepoint: 14461 ns, Cleanup: 14772 ns, At safepoint: 3219 ns, Total: 32452 ns
[2024-05-29T02:48:31.404+0000][1][safepoint   ] Safepoint "Cleanup", Time since last: 1000167521 ns, Reaching safepoint: 16044 ns, Cleanup: 14886 ns, At safepoint: 3921 ns, Total: 34851 ns
[2024-05-29T02:48:33.404+0000][1][safepoint   ] Safepoint "Cleanup", Time since last: 2000260316 ns, Reaching safepoint: 13062 ns, Cleanup: 12897 ns, At safepoint: 2817 ns, Total: 28776 ns
[2024-05-29T02:48:41.409+0000][1][safepoint   ] Safepoint "Cleanup", Time since last: 8004692173 ns, Reaching safepoint: 16264 ns, Cleanup: 14570 ns, At safepoint: 4056 ns, Total: 34890 ns
[2024-05-29T02:48:44.409+0000][1][safepoint   ] Safepoint "Cleanup", Time since last: 3000316741 ns, Reaching safepoint: 129683 ns, Cleanup: 18776 ns, At safepoint: 3196 ns, Total: 151655 ns
[2024-05-29T02:48:51.090+0000][1][safepoint   ] Safepoint "Cleanup", Time since last: 6680549039 ns, Reaching safepoint: 12550 ns, Cleanup: 18605 ns, At safepoint: 3066 ns, Total: 34221 ns
[2024-05-29T02:48:54.090+0000][1][safepoint   ] Safepoint "Cleanup", Time since last: 3000318587 ns, Reaching safepoint: 13573 ns, Cleanup: 15567 ns, At safepoint: 2560 ns, Total: 31700 ns
[2024-05-29T02:49:02.091+0000][1][safepoint   ] Safepoint "Cleanup", Time since last: 8001027619 ns, Reaching safepoint: 20077 ns, Cleanup: 12834 ns, At safepoint: 3329 ns, Total: 36240 ns
[2024-05-29T02:49:10.051+0000][1][safepoint   ] Safepoint "Cleanup", Time since last: 7960128616 ns, Reaching safepoint: 5836 ns, Cleanup: 34197 ns, At safepoint: 2530 ns, Total: 42563 ns
[2024-05-29T02:49:11.128+0000][1][safepoint   ] Safepoint "Cleanup", Time since last: 1076739345 ns, Reaching safepoint: 13950 ns, Cleanup: 96180 ns, At safepoint: 2937 ns, Total: 113067 ns
[2024-05-29T02:49:12.174+0000][1][safepoint   ] Safepoint "Cleanup", Time since last: 1045210623 ns, Reaching safepoint: 5474 ns, Cleanup: 49506 ns, At safepoint: 2254 ns, Total: 57234 ns
[2024-05-29T02:49:13.528+0000][1][safepoint   ] Safepoint "Cleanup", Time since last: 1354016603 ns, Reaching safepoint: 16902 ns, Cleanup: 37163 ns, At safepoint: 3183 ns, Total: 57248 ns
[2024-05-29T02:49:15.225+0000][1][safepoint   ] Safepoint "Cleanup", Time since last: 1697605218 ns, Reaching safepoint: 15132 ns, Cleanup: 14048 ns, At safepoint: 3097 ns, Total: 32277 ns
[2024-05-29T02:49:20.490+0000][1][safepoint   ] Safepoint "Cleanup", Time since last: 5264476073 ns, Reaching safepoint: 84791 ns, Cleanup: 16710 ns, At safepoint: 7020 ns, Total: 108521 ns
[2024-05-29T02:49:29.502+0000][1][safepoint   ] Safepoint "Cleanup", Time since last: 9011740029 ns, Reaching safepoint: 14464 ns, Cleanup: 11865 ns, At safepoint: 3108 ns, Total: 29437 ns
[2024-05-29T02:49:30.502+0000][1][safepoint   ] Safepoint "Cleanup", Time since last: 1000129911 ns, Reaching safepoint: 168968 ns, Cleanup: 11072 ns, At safepoint: 11599 ns, Total: 191639 ns
[2024-05-29T02:49:32.278+0000][1][safepoint   ] Safepoint "Cleanup", Time since last: 1776159493 ns, Reaching safepoint: 17278 ns, Cleanup: 25718 ns, At safepoint: 3304 ns, Total: 46300 ns
[2024-05-29T02:49:34.278+0000][1][safepoint   ] Safepoint "Cleanup", Time since last: 2000265588 ns, Reaching safepoint: 13204 ns, Cleanup: 15796 ns, At safepoint: 2786 ns, Total: 31786 ns
[2024-05-29T02:49:37.530+0000][1][safepoint   ] Safepoint "Cleanup", Time since last: 3251906524 ns, Reaching safepoint: 13000 ns, Cleanup: 13400 ns, At safepoint: 2424 ns, Total: 28824 ns
[2024-05-29T02:49:40.531+0000][1][safepoint   ] Safepoint "Cleanup", Time since last: 3000287413 ns, Reaching safepoint: 90096 ns, Cleanup: 20846 ns, At safepoint: 21567 ns, Total: 132509 ns
[2024-05-29T02:49:50.122+0000][1][safepoint   ] Safepoint "Cleanup", Time since last: 9590968629 ns, Reaching safepoint: 109127 ns, Cleanup: 14451 ns, At safepoint: 11657 ns, Total: 135235 ns
[2024-05-29T02:49:50.241+0000][1][gc,start    ] GC(15) Pause Young (Normal) (G1 Evacuation Pause)
[2024-05-29T02:49:50.241+0000][1][gc,task     ] GC(15) Using 2 workers of 2 for evacuation
[2024-05-29T02:49:50.241+0000][1][gc,age      ] GC(15) Desired survivor size 161480704 bytes, new threshold 15 (max threshold 15)
[2024-05-29T02:49:50.298+0000][1][gc,phases   ] GC(15)   Pre Evacuate Collection Set: 1.0ms
[2024-05-29T02:49:50.298+0000][1][gc,phases   ] GC(15)   Merge Heap Roots: 0.5ms
[2024-05-29T02:49:50.298+0000][1][gc,phases   ] GC(15)   Evacuate Collection Set: 51.0ms
[2024-05-29T02:49:50.298+0000][1][gc,phases   ] GC(15)   Post Evacuate Collection Set: 3.8ms
[2024-05-29T02:49:50.298+0000][1][gc,phases   ] GC(15)   Other: 0.3ms
[2024-05-29T02:49:50.298+0000][1][gc,age      ] GC(15) Age table with threshold 15 (max threshold 15)
[2024-05-29T02:49:50.298+0000][1][gc,age      ] GC(15) - age   1:    7170120 bytes,    7170120 total
[2024-05-29T02:49:50.299+0000][1][gc,age      ] GC(15) - age   2:      57576 bytes,    7227696 total
[2024-05-29T02:49:50.299+0000][1][gc,age      ] GC(15) - age   3:     462800 bytes,    7690496 total
[2024-05-29T02:49:50.299+0000][1][gc,age      ] GC(15) - age   4:      20456 bytes,    7710952 total
[2024-05-29T02:49:50.299+0000][1][gc,age      ] GC(15) - age   5:     440296 bytes,    8151248 total
[2024-05-29T02:49:50.299+0000][1][gc,age      ] GC(15) - age   6:    2490760 bytes,   10642008 total
[2024-05-29T02:49:50.299+0000][1][gc,age      ] GC(15) - age   7:    5148376 bytes,   15790384 total
[2024-05-29T02:49:50.299+0000][1][gc,heap     ] GC(15) Eden regions: 1222->0(1220)
[2024-05-29T02:49:50.299+0000][1][gc,heap     ] GC(15) Survivor regions: 6->8(154)
[2024-05-29T02:49:50.299+0000][1][gc,heap     ] GC(15) Old regions: 17->17
[2024-05-29T02:49:50.299+0000][1][gc,heap     ] GC(15) Humongous regions: 16->0
[2024-05-29T02:49:50.299+0000][1][gc,metaspace] GC(15) Metaspace: 96083K(97536K)->96083K(97536K) NonClass: 84139K(84928K)->84139K(84928K) Class: 11944K(12608K)->11944K(12608K)
[2024-05-29T02:49:50.299+0000][1][gc          ] GC(15) Pause Young (Normal) (G1 Evacuation Pause) 2520M->49M(4096M) 58.333ms
[2024-05-29T02:49:50.299+0000][1][gc,cpu      ] GC(15) User=0.08s Sys=0.01s Real=0.05s
[2024-05-29T02:49:50.300+0000][1][safepoint   ] Safepoint "G1CollectForAllocation", Time since last: 119182480 ns, Reaching safepoint: 14220 ns, Cleanup: 4969 ns, At safepoint: 58497705 ns, Total: 58516894 ns
[2024-05-29T02:49:51.303+0000][1][safepoint   ] Safepoint "Cleanup", Time since last: 1003548676 ns, Reaching safepoint: 13807 ns, Cleanup: 13414 ns, At safepoint: 3594 ns, Total: 30815 ns
[2024-05-29T02:49:52.581+0000][1][safepoint   ] Safepoint "Cleanup", Time since last: 1277982653 ns, Reaching safepoint: 12707 ns, Cleanup: 12655 ns, At safepoint: 2432 ns, Total: 27794 ns
[2024-05-29T02:49:55.547+0000][1][safepoint   ] Safepoint "Cleanup", Time since last: 2966098283 ns, Reaching safepoint: 13386 ns, Cleanup: 15857 ns, At safepoint: 3178 ns, Total: 32421 ns
[2024-05-29T02:50:04.563+0000][1][safepoint   ] Safepoint "Cleanup", Time since last: 9015987934 ns, Reaching safepoint: 14880 ns, Cleanup: 28903 ns, At safepoint: 2763 ns, Total: 46546 ns
[2024-05-29T02:50:06.318+0000][1][safepoint   ] Safepoint "Cleanup", Time since last: 1754399257 ns, Reaching safepoint: 5574 ns, Cleanup: 16225 ns, At safepoint: 2492 ns, Total: 24291 ns
[2024-05-29T02:50:09.320+0000][1][safepoint   ] Safepoint "Cleanup", Time since last: 3001766032 ns, Reaching safepoint: 14062 ns, Cleanup: 12458 ns, At safepoint: 2619 ns, Total: 29139 ns
[2024-05-29T02:50:23.606+0000][1][safepoint   ] Safepoint "Cleanup", Time since last: 14286421627 ns, Reaching safepoint: 12696 ns, Cleanup: 12411 ns, At safepoint: 2665 ns, Total: 27772 ns
[2024-05-29T02:50:25.340+0000][1][safepoint   ] Safepoint "Cleanup", Time since last: 1733880593 ns, Reaching safepoint: 16445 ns, Cleanup: 16588 ns, At safepoint: 4038 ns, Total: 37071 ns
[2024-05-29T02:50:29.620+0000][1][safepoint   ] Safepoint "Cleanup", Time since last: 4280082570 ns, Reaching safepoint: 5956 ns, Cleanup: 6044 ns, At safepoint: 2439 ns, Total: 14439 ns
[2024-05-29T02:50:30.626+0000][1][safepoint   ] Safepoint "Cleanup", Time since last: 1005946933 ns, Reaching safepoint: 15671 ns, Cleanup: 16027 ns, At safepoint: 2972 ns, Total: 34670 ns
[2024-05-29T02:50:38.634+0000][1][safepoint   ] Safepoint "Cleanup", Time since last: 8007733637 ns, Reaching safepoint: 12582 ns, Cleanup: 13444 ns, At safepoint: 3065 ns, Total: 29091 ns
[2024-05-29T02:50:46.635+0000][1][safepoint   ] Safepoint "Cleanup", Time since last: 8001321128 ns, Reaching safepoint: 40363 ns, Cleanup: 15042 ns, At safepoint: 3479 ns, Total: 58884 ns
[2024-05-29T02:50:56.161+0000][1][safepoint   ] Safepoint "Cleanup", Time since last: 9525713863 ns, Reaching safepoint: 17525 ns, Cleanup: 14523 ns, At safepoint: 3851 ns, Total: 35899 ns
[2024-05-29T02:50:59.161+0000][1][safepoint   ] Safepoint "Cleanup", Time since last: 3000325450 ns, Reaching safepoint: 13100 ns, Cleanup: 12205 ns, At safepoint: 2672 ns, Total: 27977 ns
[2024-05-29T02:51:04.162+0000][1][safepoint   ] Safepoint "Cleanup", Time since last: 5000514145 ns, Reaching safepoint: 13823 ns, Cleanup: 16112 ns, At safepoint: 2391 ns, Total: 32326 ns
[2024-05-29T02:51:28.164+0000][1][safepoint   ] Safepoint "Cleanup", Time since last: 24002558032 ns, Reaching safepoint: 39206 ns, Cleanup: 18896 ns, At safepoint: 3545 ns, Total: 61647 ns
[2024-05-29T02:51:40.166+0000][1][safepoint   ] Safepoint "Cleanup", Time since last: 12001299722 ns, Reaching safepoint: 12460 ns, Cleanup: 13873 ns, At safepoint: 2876 ns, Total: 29209 ns
[2024-05-29T02:51:41.378+0000][1][safepoint   ] Safepoint "Cleanup", Time since last: 1212561102 ns, Reaching safepoint: 5433 ns, Cleanup: 24872 ns, At safepoint: 2572 ns, Total: 32877 ns
[2024-05-29T02:51:42.841+0000][1][safepoint   ] Safepoint "Cleanup", Time since last: 1462979094 ns, Reaching safepoint: 14236 ns, Cleanup: 22437 ns, At safepoint: 3344 ns, Total: 40017 ns
[2024-05-29T02:51:43.842+0000][1][safepoint   ] Safepoint "Cleanup", Time since last: 1000180384 ns, Reaching safepoint: 376915 ns, Cleanup: 13333 ns, At safepoint: 13505 ns, Total: 403753 ns
[2024-05-29T02:51:53.869+0000][1][safepoint   ] Safepoint "Cleanup", Time since last: 10026680300 ns, Reaching safepoint: 84724 ns, Cleanup: 17873 ns, At safepoint: 11372 ns, Total: 113969 ns
[2024-05-29T02:51:54.875+0000][1][safepoint   ] Safepoint "Cleanup", Time since last: 1005904321 ns, Reaching safepoint: 14512 ns, Cleanup: 21319 ns, At safepoint: 3293 ns, Total: 39124 ns
[2024-05-29T02:52:03.364+0000][1][safepoint   ] Safepoint "Cleanup", Time since last: 8489557432 ns, Reaching safepoint: 15224 ns, Cleanup: 10183 ns, At safepoint: 9163 ns, Total: 34570 ns
[2024-05-29T02:52:04.374+0000][1][safepoint   ] Safepoint "Cleanup", Time since last: 1009976868 ns, Reaching safepoint: 95394 ns, Cleanup: 12269 ns, At safepoint: 7416 ns, Total: 115079 ns
[2024-05-29T02:52:05.375+0000][1][safepoint   ] Safepoint "Cleanup", Time since last: 1000157701 ns, Reaching safepoint: 17169 ns, Cleanup: 14072 ns, At safepoint: 4325 ns, Total: 35566 ns
[2024-05-29T02:52:13.376+0000][1][safepoint   ] Safepoint "Cleanup", Time since last: 8001184664 ns, Reaching safepoint: 16621 ns, Cleanup: 13743 ns, At safepoint: 3640 ns, Total: 34004 ns
[2024-05-29T02:52:14.376+0000][1][safepoint   ] Safepoint "Cleanup", Time since last: 1000178703 ns, Reaching safepoint: 17384 ns, Cleanup: 21109 ns, At safepoint: 3561 ns, Total: 42054 ns
[2024-05-29T02:52:17.918+0000][1][safepoint   ] Safepoint "Cleanup", Time since last: 3541826212 ns, Reaching safepoint: 42134 ns, Cleanup: 15527 ns, At safepoint: 3250 ns, Total: 60911 ns
[2024-05-29T02:52:25.924+0000][1][safepoint   ] Safepoint "Cleanup", Time since last: 8006504056 ns, Reaching safepoint: 15136 ns, Cleanup: 17864 ns, At safepoint: 3881 ns, Total: 36881 ns
[2024-05-29T02:52:27.395+0000][1][safepoint   ] Safepoint "Cleanup", Time since last: 1470773515 ns, Reaching safepoint: 17255 ns, Cleanup: 58212 ns, At safepoint: 3480 ns, Total: 78947 ns
[2024-05-29T02:52:28.811+0000][1][safepoint   ] Safepoint "Cleanup", Time since last: 1415867793 ns, Reaching safepoint: 6246 ns, Cleanup: 8789 ns, At safepoint: 2637 ns, Total: 17672 ns
[2024-05-29T02:52:33.482+0000][1][safepoint   ] Safepoint "Cleanup", Time since last: 4670646072 ns, Reaching safepoint: 127592 ns, Cleanup: 18345 ns, At safepoint: 11241 ns, Total: 157178 ns
[2024-05-29T02:52:34.025+0000][1][gc,start    ] GC(16) Pause Young (Normal) (G1 Evacuation Pause)
[2024-05-29T02:52:34.025+0000][1][gc,task     ] GC(16) Using 2 workers of 2 for evacuation
[2024-05-29T02:52:34.025+0000][1][gc,age      ] GC(16) Desired survivor size 161480704 bytes, new threshold 15 (max threshold 15)
[2024-05-29T02:52:34.083+0000][1][gc,phases   ] GC(16)   Pre Evacuate Collection Set: 1.2ms
[2024-05-29T02:52:34.083+0000][1][gc,phases   ] GC(16)   Merge Heap Roots: 0.4ms
[2024-05-29T02:52:34.083+0000][1][gc,phases   ] GC(16)   Evacuate Collection Set: 52.1ms
[2024-05-29T02:52:34.083+0000][1][gc,phases   ] GC(16)   Post Evacuate Collection Set: 4.2ms
[2024-05-29T02:52:34.083+0000][1][gc,phases   ] GC(16)   Other: 0.3ms
[2024-05-29T02:52:34.084+0000][1][gc,age      ] GC(16) Age table with threshold 15 (max threshold 15)
[2024-05-29T02:52:34.084+0000][1][gc,age      ] GC(16) - age   1:    5599120 bytes,    5599120 total
[2024-05-29T02:52:34.084+0000][1][gc,age      ] GC(16) - age   2:    3047496 bytes,    8646616 total
[2024-05-29T02:52:34.084+0000][1][gc,age      ] GC(16) - age   3:      57544 bytes,    8704160 total
[2024-05-29T02:52:34.084+0000][1][gc,age      ] GC(16) - age   4:     462800 bytes,    9166960 total
[2024-05-29T02:52:34.084+0000][1][gc,age      ] GC(16) - age   5:      20456 bytes,    9187416 total
[2024-05-29T02:52:34.084+0000][1][gc,age      ] GC(16) - age   6:     438704 bytes,    9626120 total
[2024-05-29T02:52:34.084+0000][1][gc,age      ] GC(16) - age   7:    2432624 bytes,   12058744 total
[2024-05-29T02:52:34.084+0000][1][gc,age      ] GC(16) - age   8:    5123864 bytes,   17182608 total
[2024-05-29T02:52:34.084+0000][1][gc,heap     ] GC(16) Eden regions: 1220->0(1219)
[2024-05-29T02:52:34.084+0000][1][gc,heap     ] GC(16) Survivor regions: 8->9(154)
[2024-05-29T02:52:34.085+0000][1][gc,heap     ] GC(16) Old regions: 17->17
[2024-05-29T02:52:34.085+0000][1][gc,heap     ] GC(16) Humongous regions: 16->0
[2024-05-29T02:52:34.085+0000][1][gc,metaspace] GC(16) Metaspace: 96327K(97728K)->96327K(97728K) NonClass: 84383K(85120K)->84383K(85120K) Class: 11944K(12608K)->11944K(12608K)
[2024-05-29T02:52:34.085+0000][1][gc          ] GC(16) Pause Young (Normal) (G1 Evacuation Pause) 2521M->51M(4096M) 60.306ms
[2024-05-29T02:52:34.085+0000][1][gc,cpu      ] GC(16) User=0.07s Sys=0.00s Real=0.06s
[2024-05-29T02:52:34.085+0000][1][safepoint   ] Safepoint "G1CollectForAllocation", Time since last: 539873697 ns, Reaching safepoint: 2701682 ns, Cleanup: 6590 ns, At safepoint: 60482482 ns, Total: 63190754 ns
[2024-05-29T02:52:35.953+0000][1][safepoint   ] Safepoint "Cleanup", Time since last: 1868149521 ns, Reaching safepoint: 12863 ns, Cleanup: 14046 ns, At safepoint: 3006 ns, Total: 29915 ns
[2024-05-29T02:52:37.837+0000][1][safepoint   ] Safepoint "Cleanup", Time since last: 1884122509 ns, Reaching safepoint: 15193 ns, Cleanup: 13748 ns, At safepoint: 3257 ns, Total: 32198 ns
[2024-05-29T02:52:43.840+0000][1][safepoint   ] Safepoint "Cleanup", Time since last: 6002793404 ns, Reaching safepoint: 114786 ns, Cleanup: 21437 ns, At safepoint: 7656 ns, Total: 143879 ns
[2024-05-29T02:52:45.435+0000][1][safepoint   ] Safepoint "Cleanup", Time since last: 1594309879 ns, Reaching safepoint: 13683 ns, Cleanup: 14158 ns, At safepoint: 3532 ns, Total: 31373 ns
[2024-05-29T02:52:46.435+0000][1][safepoint   ] Safepoint "Cleanup", Time since last: 1000152134 ns, Reaching safepoint: 12178 ns, Cleanup: 13237 ns, At safepoint: 2700 ns, Total: 28115 ns
[2024-05-29T02:52:52.982+0000][1][safepoint   ] Safepoint "Cleanup", Time since last: 6546892367 ns, Reaching safepoint: 13001 ns, Cleanup: 12455 ns, At safepoint: 2713 ns, Total: 28169 ns
[2024-05-29T02:52:53.982+0000][1][safepoint   ] Safepoint "Cleanup", Time since last: 1000162869 ns, Reaching safepoint: 15646 ns, Cleanup: 11786 ns, At safepoint: 3069 ns, Total: 30501 ns
[2024-05-29T02:52:55.872+0000][1][safepoint   ] Safepoint "Cleanup", Time since last: 1890396119 ns, Reaching safepoint: 12877 ns, Cleanup: 22513 ns, At safepoint: 3373 ns, Total: 38763 ns
[2024-05-29T02:52:59.873+0000][1][safepoint   ] Safepoint "Cleanup", Time since last: 4000426755 ns, Reaching safepoint: 12621 ns, Cleanup: 12613 ns, At safepoint: 2524 ns, Total: 27758 ns
[2024-05-29T02:53:00.873+0000][1][safepoint   ] Safepoint "Cleanup", Time since last: 1000142107 ns, Reaching safepoint: 13085 ns, Cleanup: 21756 ns, At safepoint: 2713 ns, Total: 37554 ns
[2024-05-29T02:53:02.451+0000][1][safepoint   ] Safepoint "Cleanup", Time since last: 1577513407 ns, Reaching safepoint: 12781 ns, Cleanup: 18601 ns, At safepoint: 3023 ns, Total: 34405 ns
[2024-05-29T02:53:07.513+0000][1][safepoint   ] Safepoint "Cleanup", Time since last: 5062375771 ns, Reaching safepoint: 13358 ns, Cleanup: 20957 ns, At safepoint: 2815 ns, Total: 37130 ns
[2024-05-29T02:53:08.524+0000][1][safepoint   ] Safepoint "Cleanup", Time since last: 1011143669 ns, Reaching safepoint: 14404 ns, Cleanup: 17779 ns, At safepoint: 3751 ns, Total: 35934 ns
[2024-05-29T02:53:09.524+0000][1][safepoint   ] Safepoint "Cleanup", Time since last: 1000204290 ns, Reaching safepoint: 13697 ns, Cleanup: 17371 ns, At safepoint: 2390 ns, Total: 33458 ns
[2024-05-29T02:53:10.996+0000][1][safepoint   ] Safepoint "Cleanup", Time since last: 1471507315 ns, Reaching safepoint: 16767 ns, Cleanup: 11744 ns, At safepoint: 3742 ns, Total: 32253 ns
[2024-05-29T02:53:18.463+0000][1][safepoint   ] Safepoint "Cleanup", Time since last: 7467179854 ns, Reaching safepoint: 130961 ns, Cleanup: 9635 ns, At safepoint: 3621 ns, Total: 144217 ns
[2024-05-29T02:53:22.916+0000][1][safepoint   ] Safepoint "Cleanup", Time since last: 4452423531 ns, Reaching safepoint: 11742 ns, Cleanup: 14547 ns, At safepoint: 3249 ns, Total: 29538 ns
[2024-05-29T02:53:31.917+0000][1][safepoint   ] Safepoint "Cleanup", Time since last: 9000974447 ns, Reaching safepoint: 18522 ns, Cleanup: 15012 ns, At safepoint: 3370 ns, Total: 36904 ns
[2024-05-29T02:53:38.918+0000][1][safepoint   ] Safepoint "Cleanup", Time since last: 7000833607 ns, Reaching safepoint: 13378 ns, Cleanup: 19933 ns, At safepoint: 2734 ns, Total: 36045 ns
[2024-05-29T02:53:53.299+0000][1][safepoint   ] Safepoint "Cleanup", Time since last: 14381405097 ns, Reaching safepoint: 12424 ns, Cleanup: 14028 ns, At safepoint: 3260 ns, Total: 29712 ns
[2024-05-29T02:53:58.300+0000][1][safepoint   ] Safepoint "Cleanup", Time since last: 5000585352 ns, Reaching safepoint: 13162 ns, Cleanup: 14831 ns, At safepoint: 2817 ns, Total: 30810 ns
[2024-05-29T02:54:18.301+0000][1][safepoint   ] Safepoint "Cleanup", Time since last: 20001792124 ns, Reaching safepoint: 39788 ns, Cleanup: 30650 ns, At safepoint: 4680 ns, Total: 75118 ns
[2024-05-29T02:54:27.302+0000][1][safepoint   ] Safepoint "Cleanup", Time since last: 9000986104 ns, Reaching safepoint: 11454 ns, Cleanup: 18037 ns, At safepoint: 3851 ns, Total: 33342 ns
[2024-05-29T02:54:32.303+0000][1][safepoint   ] Safepoint "Cleanup", Time since last: 5000618410 ns, Reaching safepoint: 40174 ns, Cleanup: 20008 ns, At safepoint: 3915 ns, Total: 64097 ns
[2024-05-29T02:54:33.577+0000][1][safepoint   ] Safepoint "Cleanup", Time since last: 1273984912 ns, Reaching safepoint: 5158 ns, Cleanup: 33404 ns, At safepoint: 2473 ns, Total: 41035 ns
[2024-05-29T02:54:34.613+0000][1][safepoint   ] Safepoint "Cleanup", Time since last: 1035636741 ns, Reaching safepoint: 102232 ns, Cleanup: 22082 ns, At safepoint: 7607 ns, Total: 131921 ns
[2024-05-29T02:54:40.043+0000][1][safepoint   ] Safepoint "Cleanup", Time since last: 5430198432 ns, Reaching safepoint: 15597 ns, Cleanup: 20718 ns, At safepoint: 4725 ns, Total: 41040 ns
[2024-05-29T02:54:49.058+0000][1][safepoint   ] Safepoint "Cleanup", Time since last: 9014418354 ns, Reaching safepoint: 95344 ns, Cleanup: 12882 ns, At safepoint: 12120 ns, Total: 120346 ns
[2024-05-29T02:54:50.058+0000][1][safepoint   ] Safepoint "Cleanup", Time since last: 1000344321 ns, Reaching safepoint: 16231 ns, Cleanup: 16377 ns, At safepoint: 3356 ns, Total: 35964 ns
[2024-05-29T02:54:51.633+0000][1][safepoint   ] Safepoint "Cleanup", Time since last: 1574887040 ns, Reaching safepoint: 12220 ns, Cleanup: 16814 ns, At safepoint: 3614 ns, Total: 32648 ns
[2024-05-29T02:54:59.073+0000][1][safepoint   ] Safepoint "Cleanup", Time since last: 7439790918 ns, Reaching safepoint: 14461 ns, Cleanup: 14935 ns, At safepoint: 3330 ns, Total: 32726 ns
[2024-05-29T02:55:05.084+0000][1][safepoint   ] Safepoint "Cleanup", Time since last: 6010976352 ns, Reaching safepoint: 20962 ns, Cleanup: 7018 ns, At safepoint: 2245 ns, Total: 30225 ns
[2024-05-29T02:55:06.085+0000][1][safepoint   ] Safepoint "Cleanup", Time since last: 1001515483 ns, Reaching safepoint: 17930 ns, Cleanup: 12663 ns, At safepoint: 3162 ns, Total: 33755 ns
[2024-05-29T02:55:09.086+0000][1][safepoint   ] Safepoint "Cleanup", Time since last: 3000330890 ns, Reaching safepoint: 94005 ns, Cleanup: 13373 ns, At safepoint: 12465 ns, Total: 119843 ns
[2024-05-29T02:55:13.099+0000][1][safepoint   ] Safepoint "Cleanup", Time since last: 4012850011 ns, Reaching safepoint: 12013 ns, Cleanup: 9371 ns, At safepoint: 3498 ns, Total: 24882 ns
[2024-05-29T02:55:19.105+0000][1][safepoint   ] Safepoint "Cleanup", Time since last: 6006313709 ns, Reaching safepoint: 90137 ns, Cleanup: 13129 ns, At safepoint: 7832 ns, Total: 111098 ns
[2024-05-29T02:55:20.609+0000][1][safepoint   ] Safepoint "Cleanup", Time since last: 1504155821 ns, Reaching safepoint: 16752 ns, Cleanup: 16902 ns, At safepoint: 3585 ns, Total: 37239 ns
[2024-05-29T02:55:22.610+0000][1][safepoint   ] Safepoint "Cleanup", Time since last: 2000260681 ns, Reaching safepoint: 13045 ns, Cleanup: 17714 ns, At safepoint: 2641 ns, Total: 33400 ns
[2024-05-29T02:55:24.120+0000][1][safepoint   ] Safepoint "Cleanup", Time since last: 1509936046 ns, Reaching safepoint: 12581 ns, Cleanup: 16922 ns, At safepoint: 3109 ns, Total: 32612 ns
[2024-05-29T02:55:29.004+0000][1][gc,start    ] GC(17) Pause Young (Normal) (G1 Evacuation Pause)
[2024-05-29T02:55:29.004+0000][1][gc,task     ] GC(17) Using 2 workers of 2 for evacuation
[2024-05-29T02:55:29.004+0000][1][gc,age      ] GC(17) Desired survivor size 161480704 bytes, new threshold 15 (max threshold 15)
[2024-05-29T02:55:29.061+0000][1][gc,phases   ] GC(17)   Pre Evacuate Collection Set: 0.6ms
[2024-05-29T02:55:29.061+0000][1][gc,phases   ] GC(17)   Merge Heap Roots: 0.3ms
[2024-05-29T02:55:29.061+0000][1][gc,phases   ] GC(17)   Evacuate Collection Set: 52.3ms
[2024-05-29T02:55:29.061+0000][1][gc,phases   ] GC(17)   Post Evacuate Collection Set: 3.3ms
[2024-05-29T02:55:29.061+0000][1][gc,phases   ] GC(17)   Other: 0.2ms
[2024-05-29T02:55:29.061+0000][1][gc,age      ] GC(17) Age table with threshold 15 (max threshold 15)
[2024-05-29T02:55:29.061+0000][1][gc,age      ] GC(17) - age   1:    5137048 bytes,    5137048 total
[2024-05-29T02:55:29.061+0000][1][gc,age      ] GC(17) - age   2:     965544 bytes,    6102592 total
[2024-05-29T02:55:29.061+0000][1][gc,age      ] GC(17) - age   3:    2734424 bytes,    8837016 total
[2024-05-29T02:55:29.061+0000][1][gc,age      ] GC(17) - age   4:      57544 bytes,    8894560 total
[2024-05-29T02:55:29.061+0000][1][gc,age      ] GC(17) - age   5:     462800 bytes,    9357360 total
[2024-05-29T02:55:29.061+0000][1][gc,age      ] GC(17) - age   6:      20456 bytes,    9377816 total
[2024-05-29T02:55:29.061+0000][1][gc,age      ] GC(17) - age   7:     438704 bytes,    9816520 total
[2024-05-29T02:55:29.061+0000][1][gc,age      ] GC(17) - age   8:    2432624 bytes,   12249144 total
[2024-05-29T02:55:29.061+0000][1][gc,age      ] GC(17) - age   9:    5123864 bytes,   17373008 total
[2024-05-29T02:55:29.061+0000][1][gc,heap     ] GC(17) Eden regions: 1219->0(1219)
[2024-05-29T02:55:29.061+0000][1][gc,heap     ] GC(17) Survivor regions: 9->9(154)
[2024-05-29T02:55:29.061+0000][1][gc,heap     ] GC(17) Old regions: 17->17
[2024-05-29T02:55:29.061+0000][1][gc,heap     ] GC(17) Humongous regions: 18->0
[2024-05-29T02:55:29.061+0000][1][gc,metaspace] GC(17) Metaspace: 96521K(97984K)->96521K(97984K) NonClass: 84577K(85376K)->84577K(85376K) Class: 11944K(12608K)->11944K(12608K)
[2024-05-29T02:55:29.061+0000][1][gc          ] GC(17) Pause Young (Normal) (G1 Evacuation Pause) 2525M->51M(4096M) 57.084ms
[2024-05-29T02:55:29.061+0000][1][gc,cpu      ] GC(17) User=0.10s Sys=0.00s Real=0.06s
[2024-05-29T02:55:29.061+0000][1][safepoint   ] Safepoint "G1CollectForAllocation", Time since last: 4884401276 ns, Reaching safepoint: 14918 ns, Cleanup: 15410 ns, At safepoint: 57159728 ns, Total: 57190056 ns
[2024-05-29T02:55:30.061+0000][1][safepoint   ] Safepoint "Cleanup", Time since last: 1000111985 ns, Reaching safepoint: 16205 ns, Cleanup: 19354 ns, At safepoint: 4387 ns, Total: 39946 ns
[2024-05-29T02:55:39.628+0000][1][safepoint   ] Safepoint "Cleanup", Time since last: 9566881781 ns, Reaching safepoint: 17245 ns, Cleanup: 14808 ns, At safepoint: 3819 ns, Total: 35872 ns
[2024-05-29T02:55:42.665+0000][1][safepoint   ] Safepoint "Cleanup", Time since last: 3036607947 ns, Reaching safepoint: 5354 ns, Cleanup: 10044 ns, At safepoint: 2440 ns, Total: 17838 ns
[2024-05-29T02:55:47.156+0000][1][safepoint   ] Safepoint "Cleanup", Time since last: 4490781983 ns, Reaching safepoint: 14188 ns, Cleanup: 11678 ns, At safepoint: 2974 ns, Total: 28840 ns
[2024-05-29T02:55:49.151+0000][1][safepoint   ] Safepoint "Cleanup", Time since last: 1993999310 ns, Reaching safepoint: 152314 ns, Cleanup: 780181 ns, At safepoint: 19303 ns, Total: 951798 ns
[2024-05-29T02:55:50.151+0000][1][safepoint   ] Safepoint "Cleanup", Time since last: 1000495927 ns, Reaching safepoint: 11999 ns, Cleanup: 13762 ns, At safepoint: 3987 ns, Total: 29748 ns
[2024-05-29T02:55:54.642+0000][1][safepoint   ] Safepoint "Cleanup", Time since last: 4490286140 ns, Reaching safepoint: 5438 ns, Cleanup: 7164 ns, At safepoint: 2360 ns, Total: 14962 ns
[2024-05-29T02:55:59.643+0000][1][safepoint   ] Safepoint "Cleanup", Time since last: 5001836027 ns, Reaching safepoint: 14608 ns, Cleanup: 13032 ns, At safepoint: 3535 ns, Total: 31175 ns
[2024-05-29T02:56:00.644+0000][1][safepoint   ] Safepoint "Cleanup", Time since last: 1000151275 ns, Reaching safepoint: 11626 ns, Cleanup: 15879 ns, At safepoint: 3196 ns, Total: 30701 ns
[2024-05-29T02:56:01.689+0000][1][safepoint   ] Safepoint "Cleanup", Time since last: 1045397838 ns, Reaching safepoint: 13190 ns, Cleanup: 20235 ns, At safepoint: 3151 ns, Total: 36576 ns
[2024-05-29T02:56:03.172+0000][1][safepoint   ] Safepoint "Cleanup", Time since last: 1483424452 ns, Reaching safepoint: 22868 ns, Cleanup: 8108 ns, At safepoint: 2400 ns, Total: 33376 ns
[2024-05-29T02:56:12.680+0000][1][safepoint   ] Safepoint "Cleanup", Time since last: 9507830780 ns, Reaching safepoint: 7177 ns, Cleanup: 10061 ns, At safepoint: 6574 ns, Total: 23812 ns
[2024-05-29T02:56:15.685+0000][1][safepoint   ] Safepoint "Cleanup", Time since last: 3004183162 ns, Reaching safepoint: 11984 ns, Cleanup: 16043 ns, At safepoint: 3175 ns, Total: 31202 ns
[2024-05-29T02:56:19.733+0000][1][safepoint   ] Safepoint "Cleanup", Time since last: 4048636951 ns, Reaching safepoint: 15054 ns, Cleanup: 20876 ns, At safepoint: 3953 ns, Total: 39883 ns
[2024-05-29T02:56:30.701+0000][1][safepoint   ] Safepoint "Cleanup", Time since last: 10967506068 ns, Reaching safepoint: 5677 ns, Cleanup: 12024 ns, At safepoint: 2453 ns, Total: 20154 ns
[2024-05-29T02:56:31.702+0000][1][safepoint   ] Safepoint "Cleanup", Time since last: 1001429686 ns, Reaching safepoint: 13242 ns, Cleanup: 14583 ns, At safepoint: 2995 ns, Total: 30820 ns
[2024-05-29T02:56:32.702+0000][1][safepoint   ] Safepoint "Cleanup", Time since last: 1000177639 ns, Reaching safepoint: 12696 ns, Cleanup: 13560 ns, At safepoint: 2568 ns, Total: 28824 ns
[2024-05-29T02:56:39.212+0000][1][safepoint   ] Safepoint "Cleanup", Time since last: 6509540435 ns, Reaching safepoint: 13046 ns, Cleanup: 40420 ns, At safepoint: 3349 ns, Total: 56815 ns
[2024-05-29T02:56:40.240+0000][1][safepoint   ] Safepoint "Cleanup", Time since last: 1027539492 ns, Reaching safepoint: 18312 ns, Cleanup: 18616 ns, At safepoint: 3346 ns, Total: 40274 ns
[2024-05-29T02:56:47.713+0000][1][safepoint   ] Safepoint "Cleanup", Time since last: 7473310255 ns, Reaching safepoint: 5503 ns, Cleanup: 9321 ns, At safepoint: 2418 ns, Total: 17242 ns
[2024-05-29T02:56:48.721+0000][1][safepoint   ] Safepoint "Cleanup", Time since last: 1008445597 ns, Reaching safepoint: 88377 ns, Cleanup: 13116 ns, At safepoint: 8653 ns, Total: 110146 ns
[2024-05-29T02:56:49.722+0000][1][safepoint   ] Safepoint "Cleanup", Time since last: 1000479736 ns, Reaching safepoint: 13445 ns, Cleanup: 14717 ns, At safepoint: 2373 ns, Total: 30535 ns
[2024-05-29T02:56:58.693+0000][1][gc,start    ] GC(18) Pause Young (Normal) (G1 Evacuation Pause)
[2024-05-29T02:56:58.694+0000][1][gc,task     ] GC(18) Using 2 workers of 2 for evacuation
[2024-05-29T02:56:58.694+0000][1][gc,age      ] GC(18) Desired survivor size 161480704 bytes, new threshold 15 (max threshold 15)
[2024-05-29T02:56:58.759+0000][1][gc,phases   ] GC(18)   Pre Evacuate Collection Set: 0.6ms
[2024-05-29T02:56:58.759+0000][1][gc,phases   ] GC(18)   Merge Heap Roots: 0.4ms
[2024-05-29T02:56:58.759+0000][1][gc,phases   ] GC(18)   Evacuate Collection Set: 60.2ms
[2024-05-29T02:56:58.759+0000][1][gc,phases   ] GC(18)   Post Evacuate Collection Set: 3.6ms
[2024-05-29T02:56:58.759+0000][1][gc,phases   ] GC(18)   Other: 0.3ms
[2024-05-29T02:56:58.759+0000][1][gc,age      ] GC(18) Age table with threshold 15 (max threshold 15)
[2024-05-29T02:56:58.759+0000][1][gc,age      ] GC(18) - age   1:    5438480 bytes,    5438480 total
[2024-05-29T02:56:58.759+0000][1][gc,age      ] GC(18) - age   2:    1302312 bytes,    6740792 total
[2024-05-29T02:56:58.759+0000][1][gc,age      ] GC(18) - age   3:     854768 bytes,    7595560 total
[2024-05-29T02:56:58.759+0000][1][gc,age      ] GC(18) - age   4:    2635008 bytes,   10230568 total
[2024-05-29T02:56:58.759+0000][1][gc,age      ] GC(18) - age   5:      57544 bytes,   10288112 total
[2024-05-29T02:56:58.759+0000][1][gc,age      ] GC(18) - age   6:     462800 bytes,   10750912 total
[2024-05-29T02:56:58.759+0000][1][gc,age      ] GC(18) - age   7:      20456 bytes,   10771368 total
[2024-05-29T02:56:58.759+0000][1][gc,age      ] GC(18) - age   8:     438704 bytes,   11210072 total
[2024-05-29T02:56:58.759+0000][1][gc,age      ] GC(18) - age   9:    2432624 bytes,   13642696 total
[2024-05-29T02:56:58.759+0000][1][gc,age      ] GC(18) - age  10:    5123864 bytes,   18766560 total
[2024-05-29T02:56:58.759+0000][1][gc,heap     ] GC(18) Eden regions: 1219->0(1218)
[2024-05-29T02:56:58.759+0000][1][gc,heap     ] GC(18) Survivor regions: 9->10(154)
[2024-05-29T02:56:58.759+0000][1][gc,heap     ] GC(18) Old regions: 17->17
[2024-05-29T02:56:58.759+0000][1][gc,heap     ] GC(18) Humongous regions: 16->0
[2024-05-29T02:56:58.759+0000][1][gc,metaspace] GC(18) Metaspace: 96618K(98048K)->96618K(98048K) NonClass: 84674K(85440K)->84674K(85440K) Class: 11944K(12608K)->11944K(12608K)
[2024-05-29T02:56:58.759+0000][1][gc          ] GC(18) Pause Young (Normal) (G1 Evacuation Pause) 2521M->52M(4096M) 65.590ms
[2024-05-29T02:56:58.759+0000][1][gc,cpu      ] GC(18) User=0.07s Sys=0.02s Real=0.06s
[2024-05-29T02:56:58.759+0000][1][safepoint   ] Safepoint "G1CollectForAllocation", Time since last: 8971169727 ns, Reaching safepoint: 256100 ns, Cleanup: 7206 ns, At safepoint: 65670585 ns, Total: 65933891 ns
[2024-05-29T02:57:00.255+0000][1][safepoint   ] Safepoint "Cleanup", Time since last: 1495678779 ns, Reaching safepoint: 14997 ns, Cleanup: 30561 ns, At safepoint: 3421 ns, Total: 48979 ns
[2024-05-29T02:57:01.275+0000][1][safepoint   ] Safepoint "Cleanup", Time since last: 1019693031 ns, Reaching safepoint: 13180 ns, Cleanup: 12302 ns, At safepoint: 2706 ns, Total: 28188 ns
[2024-05-29T02:57:05.779+0000][1][safepoint   ] Safepoint "Cleanup", Time since last: 4504604781 ns, Reaching safepoint: 6414 ns, Cleanup: 7555 ns, At safepoint: 2208 ns, Total: 16177 ns
[2024-05-29T02:57:06.782+0000][1][safepoint   ] Safepoint "Cleanup", Time since last: 1002881095 ns, Reaching safepoint: 14143 ns, Cleanup: 12397 ns, At safepoint: 2419 ns, Total: 28959 ns
[2024-05-29T02:57:09.285+0000][1][safepoint   ] Safepoint "Cleanup", Time since last: 2502947822 ns, Reaching safepoint: 117860 ns, Cleanup: 20058 ns, At safepoint: 9600 ns, Total: 147518 ns
[2024-05-29T02:57:11.285+0000][1][safepoint   ] Safepoint "Cleanup", Time since last: 2000252656 ns, Reaching safepoint: 12427 ns, Cleanup: 13359 ns, At safepoint: 3235 ns, Total: 29021 ns
[2024-05-29T02:57:12.794+0000][1][safepoint   ] Safepoint "Cleanup", Time since last: 1508208351 ns, Reaching safepoint: 11780 ns, Cleanup: 25010 ns, At safepoint: 2792 ns, Total: 39582 ns
[2024-05-29T02:57:14.301+0000][1][safepoint   ] Safepoint "Cleanup", Time since last: 1507519193 ns, Reaching safepoint: 4986 ns, Cleanup: 9425 ns, At safepoint: 2248 ns, Total: 16659 ns
[2024-05-29T02:57:19.303+0000][1][safepoint   ] Safepoint "Cleanup", Time since last: 5001297556 ns, Reaching safepoint: 108615 ns, Cleanup: 13904 ns, At safepoint: 20716 ns, Total: 143235 ns
[2024-05-29T02:57:23.303+0000][1][safepoint   ] Safepoint "Cleanup", Time since last: 4000500303 ns, Reaching safepoint: 13192 ns, Cleanup: 19846 ns, At safepoint: 3497 ns, Total: 36535 ns
[2024-05-29T02:57:28.846+0000][1][safepoint   ] Safepoint "Cleanup", Time since last: 5542831096 ns, Reaching safepoint: 46741 ns, Cleanup: 8682 ns, At safepoint: 8281 ns, Total: 63704 ns
[2024-05-29T02:57:29.850+0000][1][safepoint   ] Safepoint "Cleanup", Time since last: 1003905280 ns, Reaching safepoint: 15672 ns, Cleanup: 13992 ns, At safepoint: 3529 ns, Total: 33193 ns
[2024-05-29T02:57:31.334+0000][1][safepoint   ] Safepoint "Cleanup", Time since last: 1484073086 ns, Reaching safepoint: 5027 ns, Cleanup: 10474 ns, At safepoint: 2412 ns, Total: 17913 ns
[2024-05-29T02:57:35.335+0000][1][safepoint   ] Safepoint "Cleanup", Time since last: 4001093741 ns, Reaching safepoint: 12429 ns, Cleanup: 49146 ns, At safepoint: 3465 ns, Total: 65040 ns
[2024-05-29T02:57:39.352+0000][1][safepoint   ] Safepoint "Cleanup", Time since last: 4016389461 ns, Reaching safepoint: 15591 ns, Cleanup: 13404 ns, At safepoint: 3286 ns, Total: 32281 ns
[2024-05-29T02:57:40.812+0000][1][safepoint   ] Safepoint "Cleanup", Time since last: 1460785801 ns, Reaching safepoint: 5206 ns, Cleanup: 11665 ns, At safepoint: 6227 ns, Total: 23098 ns
[2024-05-29T02:57:43.362+0000][1][safepoint   ] Safepoint "Cleanup", Time since last: 2549079467 ns, Reaching safepoint: 5595 ns, Cleanup: 25679 ns, At safepoint: 3892 ns, Total: 35166 ns
[2024-05-29T02:57:46.366+0000][1][safepoint   ] Safepoint "Cleanup", Time since last: 3004313963 ns, Reaching safepoint: 11900 ns, Cleanup: 13217 ns, At safepoint: 3249 ns, Total: 28366 ns
[2024-05-29T02:57:48.886+0000][1][safepoint   ] Safepoint "Cleanup", Time since last: 2519599857 ns, Reaching safepoint: 115499 ns, Cleanup: 15997 ns, At safepoint: 12213 ns, Total: 143709 ns
[2024-05-29T02:57:50.395+0000][1][safepoint   ] Safepoint "Cleanup", Time since last: 1509168427 ns, Reaching safepoint: 13941 ns, Cleanup: 14895 ns, At safepoint: 3209 ns, Total: 32045 ns
[2024-05-29T02:57:59.846+0000][1][safepoint   ] Safepoint "Cleanup", Time since last: 9451308314 ns, Reaching safepoint: 43201 ns, Cleanup: 14256 ns, At safepoint: 3868 ns, Total: 61325 ns
[2024-05-29T02:58:00.846+0000][1][safepoint   ] Safepoint "Cleanup", Time since last: 1000157309 ns, Reaching safepoint: 12383 ns, Cleanup: 12731 ns, At safepoint: 2868 ns, Total: 27982 ns
[2024-05-29T02:58:09.433+0000][1][safepoint   ] Safepoint "Cleanup", Time since last: 8586602758 ns, Reaching safepoint: 153785 ns, Cleanup: 6800 ns, At safepoint: 6472 ns, Total: 167057 ns
[2024-05-29T02:58:12.437+0000][1][safepoint   ] Safepoint "Cleanup", Time since last: 3003285075 ns, Reaching safepoint: 14101 ns, Cleanup: 21096 ns, At safepoint: 16979 ns, Total: 52176 ns
[2024-05-29T02:58:17.859+0000][1][safepoint   ] Safepoint "Cleanup", Time since last: 5422563917 ns, Reaching safepoint: 12448 ns, Cleanup: 38709 ns, At safepoint: 3477 ns, Total: 54634 ns
[2024-05-29T02:58:18.915+0000][1][gc,start    ] GC(19) Pause Young (Normal) (G1 Evacuation Pause)
[2024-05-29T02:58:18.915+0000][1][gc,task     ] GC(19) Using 2 workers of 2 for evacuation
[2024-05-29T02:58:18.915+0000][1][gc,age      ] GC(19) Desired survivor size 161480704 bytes, new threshold 15 (max threshold 15)
[2024-05-29T02:58:18.963+0000][1][gc,phases   ] GC(19)   Pre Evacuate Collection Set: 0.6ms
[2024-05-29T02:58:18.964+0000][1][gc,phases   ] GC(19)   Merge Heap Roots: 0.2ms
[2024-05-29T02:58:18.964+0000][1][gc,phases   ] GC(19)   Evacuate Collection Set: 44.6ms
[2024-05-29T02:58:18.964+0000][1][gc,phases   ] GC(19)   Post Evacuate Collection Set: 2.6ms
[2024-05-29T02:58:18.964+0000][1][gc,phases   ] GC(19)   Other: 0.2ms
[2024-05-29T02:58:18.964+0000][1][gc,age      ] GC(19) Age table with threshold 15 (max threshold 15)
[2024-05-29T02:58:18.964+0000][1][gc,age      ] GC(19) - age   1:    4683624 bytes,    4683624 total
[2024-05-29T02:58:18.964+0000][1][gc,age      ] GC(19) - age   2:     539288 bytes,    5222912 total
[2024-05-29T02:58:18.964+0000][1][gc,age      ] GC(19) - age   3:     825792 bytes,    6048704 total
[2024-05-29T02:58:18.964+0000][1][gc,age      ] GC(19) - age   4:     513944 bytes,    6562648 total
[2024-05-29T02:58:18.964+0000][1][gc,age      ] GC(19) - age   5:    2368696 bytes,    8931344 total
[2024-05-29T02:58:18.964+0000][1][gc,age      ] GC(19) - age   6:      57544 bytes,    8988888 total
[2024-05-29T02:58:18.964+0000][1][gc,age      ] GC(19) - age   7:     462800 bytes,    9451688 total
[2024-05-29T02:58:18.964+0000][1][gc,age      ] GC(19) - age   8:      20456 bytes,    9472144 total
[2024-05-29T02:58:18.964+0000][1][gc,age      ] GC(19) - age   9:     438704 bytes,    9910848 total
[2024-05-29T02:58:18.964+0000][1][gc,age      ] GC(19) - age  10:    2432624 bytes,   12343472 total
[2024-05-29T02:58:18.964+0000][1][gc,age      ] GC(19) - age  11:    5123864 bytes,   17467336 total
[2024-05-29T02:58:18.964+0000][1][gc,heap     ] GC(19) Eden regions: 1218->0(1219)
[2024-05-29T02:58:18.964+0000][1][gc,heap     ] GC(19) Survivor regions: 10->9(154)
[2024-05-29T02:58:18.964+0000][1][gc,heap     ] GC(19) Old regions: 17->17
[2024-05-29T02:58:18.964+0000][1][gc,heap     ] GC(19) Humongous regions: 18->0
[2024-05-29T02:58:18.964+0000][1][gc,metaspace] GC(19) Metaspace: 96741K(98176K)->96741K(98176K) NonClass: 84796K(85568K)->84796K(85568K) Class: 11944K(12608K)->11944K(12608K)
[2024-05-29T02:58:18.964+0000][1][gc          ] GC(19) Pause Young (Normal) (G1 Evacuation Pause) 2524M->51M(4096M) 49.279ms
[2024-05-29T02:58:18.964+0000][1][gc,cpu      ] GC(19) User=0.07s Sys=0.01s Real=0.05s
[2024-05-29T02:58:18.964+0000][1][safepoint   ] Safepoint "G1CollectForAllocation", Time since last: 1055680435 ns, Reaching safepoint: 137466 ns, Cleanup: 6222 ns, At safepoint: 49355647 ns, Total: 49499335 ns
[2024-05-29T02:58:20.455+0000][1][safepoint   ] Safepoint "Cleanup", Time since last: 1490476705 ns, Reaching safepoint: 11589 ns, Cleanup: 13530 ns, At safepoint: 2304 ns, Total: 27423 ns
[2024-05-29T02:58:24.463+0000][1][safepoint   ] Safepoint "Cleanup", Time since last: 4008384596 ns, Reaching safepoint: 5139 ns, Cleanup: 15911 ns, At safepoint: 2229 ns, Total: 23279 ns
[2024-05-29T02:58:27.464+0000][1][safepoint   ] Safepoint "Cleanup", Time since last: 3000413294 ns, Reaching safepoint: 8576 ns, Cleanup: 10179 ns, At safepoint: 2312 ns, Total: 21067 ns
[2024-05-29T02:58:36.501+0000][1][safepoint   ] Safepoint "Cleanup", Time since last: 9037373398 ns, Reaching safepoint: 5190 ns, Cleanup: 14050 ns, At safepoint: 2084 ns, Total: 21324 ns
[2024-05-29T02:58:39.997+0000][1][safepoint   ] Safepoint "Cleanup", Time since last: 3496354176 ns, Reaching safepoint: 19829 ns, Cleanup: 17752 ns, At safepoint: 3672 ns, Total: 41253 ns
[2024-05-29T02:58:44.500+0000][1][safepoint   ] Safepoint "Cleanup", Time since last: 4502600976 ns, Reaching safepoint: 6351 ns, Cleanup: 6645 ns, At safepoint: 2331 ns, Total: 15327 ns
[2024-05-29T02:58:45.503+0000][1][safepoint   ] Safepoint "Cleanup", Time since last: 1002481815 ns, Reaching safepoint: 13710 ns, Cleanup: 12906 ns, At safepoint: 3201 ns, Total: 29817 ns
[2024-05-29T02:58:49.504+0000][1][safepoint   ] Safepoint "Cleanup", Time since last: 4001108044 ns, Reaching safepoint: 12494 ns, Cleanup: 14693 ns, At safepoint: 3940 ns, Total: 31127 ns
[2024-05-29T02:58:50.892+0000][1][safepoint   ] Safepoint "Cleanup", Time since last: 1388167579 ns, Reaching safepoint: 7664 ns, Cleanup: 10168 ns, At safepoint: 2991 ns, Total: 20823 ns
[2024-05-29T02:59:02.526+0000][1][safepoint   ] Safepoint "Cleanup", Time since last: 11634406887 ns, Reaching safepoint: 12022 ns, Cleanup: 11610 ns, At safepoint: 2069 ns, Total: 25701 ns
[2024-05-29T02:59:09.529+0000][1][safepoint   ] Safepoint "Cleanup", Time since last: 7002403820 ns, Reaching safepoint: 16352 ns, Cleanup: 13535 ns, At safepoint: 3162 ns, Total: 33049 ns
[2024-05-29T02:59:10.907+0000][1][safepoint   ] Safepoint "Cleanup", Time since last: 1378387637 ns, Reaching safepoint: 13424 ns, Cleanup: 12265 ns, At safepoint: 2335 ns, Total: 28024 ns
[2024-05-29T02:59:12.538+0000][1][safepoint   ] Safepoint "Cleanup", Time since last: 1631204457 ns, Reaching safepoint: 5607 ns, Cleanup: 7354 ns, At safepoint: 2204 ns, Total: 15165 ns
[2024-05-29T02:59:17.557+0000][1][safepoint   ] Safepoint "Cleanup", Time since last: 5018987731 ns, Reaching safepoint: 6460 ns, Cleanup: 9240 ns, At safepoint: 2369 ns, Total: 18069 ns
[2024-05-29T02:59:21.550+0000][1][safepoint   ] Safepoint "Cleanup", Time since last: 3992771763 ns, Reaching safepoint: 14626 ns, Cleanup: 11685 ns, At safepoint: 2780 ns, Total: 29091 ns
[2024-05-29T02:59:26.551+0000][1][safepoint   ] Safepoint "Cleanup", Time since last: 5000622399 ns, Reaching safepoint: 11564 ns, Cleanup: 14519 ns, At safepoint: 3109 ns, Total: 29192 ns
[2024-05-29T02:59:29.562+0000][1][safepoint   ] Safepoint "Cleanup", Time since last: 3011345903 ns, Reaching safepoint: 5712 ns, Cleanup: 7390 ns, At safepoint: 2428 ns, Total: 15530 ns
[2024-05-29T02:59:30.564+0000][1][safepoint   ] Safepoint "Cleanup", Time since last: 1001708724 ns, Reaching safepoint: 15885 ns, Cleanup: 11883 ns, At safepoint: 2769 ns, Total: 30537 ns
[2024-05-29T02:59:33.073+0000][1][safepoint   ] Safepoint "Cleanup", Time since last: 2507869363 ns, Reaching safepoint: 20989 ns, Cleanup: 10466 ns, At safepoint: 2872 ns, Total: 34327 ns
[2024-05-29T02:59:35.577+0000][1][safepoint   ] Safepoint "Cleanup", Time since last: 2504849593 ns, Reaching safepoint: 5620 ns, Cleanup: 7496 ns, At safepoint: 2136 ns, Total: 15252 ns
[2024-05-29T02:59:36.578+0000][1][safepoint   ] Safepoint "Cleanup", Time since last: 1001403820 ns, Reaching safepoint: 15866 ns, Cleanup: 16214 ns, At safepoint: 2837 ns, Total: 34917 ns
[2024-05-29T02:59:39.373+0000][1][gc,start    ] GC(20) Pause Young (Normal) (G1 Evacuation Pause)
[2024-05-29T02:59:39.373+0000][1][gc,task     ] GC(20) Using 2 workers of 2 for evacuation
[2024-05-29T02:59:39.373+0000][1][gc,age      ] GC(20) Desired survivor size 161480704 bytes, new threshold 15 (max threshold 15)
[2024-05-29T02:59:39.431+0000][1][gc,phases   ] GC(20)   Pre Evacuate Collection Set: 1.1ms
[2024-05-29T02:59:39.431+0000][1][gc,phases   ] GC(20)   Merge Heap Roots: 0.4ms
[2024-05-29T02:59:39.431+0000][1][gc,phases   ] GC(20)   Evacuate Collection Set: 52.9ms
[2024-05-29T02:59:39.431+0000][1][gc,phases   ] GC(20)   Post Evacuate Collection Set: 3.3ms
[2024-05-29T02:59:39.431+0000][1][gc,phases   ] GC(20)   Other: 0.2ms
[2024-05-29T02:59:39.431+0000][1][gc,age      ] GC(20) Age table with threshold 15 (max threshold 15)
[2024-05-29T02:59:39.431+0000][1][gc,age      ] GC(20) - age   1:    3804920 bytes,    3804920 total
[2024-05-29T02:59:39.431+0000][1][gc,age      ] GC(20) - age   2:     796864 bytes,    4601784 total
[2024-05-29T02:59:39.431+0000][1][gc,age      ] GC(20) - age   3:     480312 bytes,    5082096 total
[2024-05-29T02:59:39.431+0000][1][gc,age      ] GC(20) - age   4:     725344 bytes,    5807440 total
[2024-05-29T02:59:39.431+0000][1][gc,age      ] GC(20) - age   5:     513360 bytes,    6320800 total
[2024-05-29T02:59:39.431+0000][1][gc,age      ] GC(20) - age   6:    2368544 bytes,    8689344 total
[2024-05-29T02:59:39.431+0000][1][gc,age      ] GC(20) - age   7:      57544 bytes,    8746888 total
[2024-05-29T02:59:39.431+0000][1][gc,age      ] GC(20) - age   8:     462800 bytes,    9209688 total
[2024-05-29T02:59:39.431+0000][1][gc,age      ] GC(20) - age   9:      20456 bytes,    9230144 total
[2024-05-29T02:59:39.431+0000][1][gc,age      ] GC(20) - age  10:     438704 bytes,    9668848 total
[2024-05-29T02:59:39.431+0000][1][gc,age      ] GC(20) - age  11:    2432624 bytes,   12101472 total
[2024-05-29T02:59:39.431+0000][1][gc,age      ] GC(20) - age  12:    5123864 bytes,   17225336 total
[2024-05-29T02:59:39.431+0000][1][gc,heap     ] GC(20) Eden regions: 1219->0(1219)
[2024-05-29T02:59:39.431+0000][1][gc,heap     ] GC(20) Survivor regions: 9->9(154)
[2024-05-29T02:59:39.431+0000][1][gc,heap     ] GC(20) Old regions: 17->17
[2024-05-29T02:59:39.431+0000][1][gc,heap     ] GC(20) Humongous regions: 16->0
[2024-05-29T02:59:39.431+0000][1][gc,metaspace] GC(20) Metaspace: 96814K(98240K)->96814K(98240K) NonClass: 84869K(85632K)->84869K(85632K) Class: 11944K(12608K)->11944K(12608K)
[2024-05-29T02:59:39.431+0000][1][gc          ] GC(20) Pause Young (Normal) (G1 Evacuation Pause) 2521M->51M(4096M) 58.238ms
[2024-05-29T02:59:39.431+0000][1][gc,cpu      ] GC(20) User=0.10s Sys=0.00s Real=0.06s
[2024-05-29T02:59:39.431+0000][1][safepoint   ] Safepoint "G1CollectForAllocation", Time since last: 2794506652 ns, Reaching safepoint: 15952 ns, Cleanup: 5278 ns, At safepoint: 58309104 ns, Total: 58330334 ns
[2024-05-29T02:59:48.595+0000][1][safepoint   ] Safepoint "Cleanup", Time since last: 9163757861 ns, Reaching safepoint: 16760 ns, Cleanup: 12918 ns, At safepoint: 2730 ns, Total: 32408 ns
[2024-05-29T02:59:50.488+0000][1][safepoint   ] Safepoint "Cleanup", Time since last: 1893256242 ns, Reaching safepoint: 7763 ns, Cleanup: 12671 ns, At safepoint: 2817 ns, Total: 23251 ns
[2024-05-29T02:59:52.489+0000][1][safepoint   ] Safepoint "Cleanup", Time since last: 2000384327 ns, Reaching safepoint: 37980 ns, Cleanup: 27522 ns, At safepoint: 4813 ns, Total: 70315 ns
[2024-05-29T03:00:01.958+0000][1][safepoint   ] Safepoint "Cleanup", Time since last: 9469005013 ns, Reaching safepoint: 6731 ns, Cleanup: 8458 ns, At safepoint: 2662 ns, Total: 17851 ns
[2024-05-29T03:00:13.623+0000][1][safepoint   ] Safepoint "Cleanup", Time since last: 11665198005 ns, Reaching safepoint: 5609 ns, Cleanup: 15923 ns, At safepoint: 2189 ns, Total: 23721 ns
[2024-05-29T03:00:19.625+0000][1][safepoint   ] Safepoint "Cleanup", Time since last: 6001897076 ns, Reaching safepoint: 15085 ns, Cleanup: 18449 ns, At safepoint: 3349 ns, Total: 36883 ns
[2024-05-29T03:00:20.975+0000][1][safepoint   ] Safepoint "Cleanup", Time since last: 1350085872 ns, Reaching safepoint: 16103 ns, Cleanup: 30575 ns, At safepoint: 4105 ns, Total: 50783 ns
[2024-05-29T03:00:21.984+0000][1][safepoint   ] Safepoint "Cleanup", Time since last: 1009441919 ns, Reaching safepoint: 12819 ns, Cleanup: 16817 ns, At safepoint: 2490 ns, Total: 32126 ns
[2024-05-29T03:00:23.660+0000][1][safepoint   ] Safepoint "Cleanup", Time since last: 1675814270 ns, Reaching safepoint: 5904 ns, Cleanup: 10670 ns, At safepoint: 2412 ns, Total: 18986 ns
[2024-05-29T03:00:25.639+0000][1][safepoint   ] Safepoint "Cleanup", Time since last: 1978840825 ns, Reaching safepoint: 12648 ns, Cleanup: 12917 ns, At safepoint: 3001 ns, Total: 28566 ns
[2024-05-29T03:00:31.647+0000][1][safepoint   ] Safepoint "Cleanup", Time since last: 6007958418 ns, Reaching safepoint: 5967 ns, Cleanup: 7514 ns, At safepoint: 2772 ns, Total: 16253 ns
[2024-05-29T03:00:37.650+0000][1][safepoint   ] Safepoint "Cleanup", Time since last: 6002441850 ns, Reaching safepoint: 42080 ns, Cleanup: 12772 ns, At safepoint: 3501 ns, Total: 58353 ns
[2024-05-29T03:00:40.657+0000][1][safepoint   ] Safepoint "Cleanup", Time since last: 3007196083 ns, Reaching safepoint: 5831 ns, Cleanup: 7718 ns, At safepoint: 2546 ns, Total: 16095 ns
[2024-05-29T03:00:57.749+0000][1][safepoint   ] Safepoint "Cleanup", Time since last: 17091866320 ns, Reaching safepoint: 5833 ns, Cleanup: 26029 ns, At safepoint: 2273 ns, Total: 34135 ns
[2024-05-29T03:00:59.728+0000][1][safepoint   ] Safepoint "Cleanup", Time since last: 1979553364 ns, Reaching safepoint: 16515 ns, Cleanup: 19096 ns, At safepoint: 3360 ns, Total: 38971 ns
[2024-05-29T03:01:01.157+0000][1][safepoint   ] Safepoint "Cleanup", Time since last: 1428907056 ns, Reaching safepoint: 91582 ns, Cleanup: 16634 ns, At safepoint: 14191 ns, Total: 122407 ns
[2024-05-29T03:01:01.596+0000][1][gc,start    ] GC(21) Pause Young (Normal) (G1 Evacuation Pause)
[2024-05-29T03:01:01.596+0000][1][gc,task     ] GC(21) Using 2 workers of 2 for evacuation
[2024-05-29T03:01:01.597+0000][1][gc,age      ] GC(21) Desired survivor size 161480704 bytes, new threshold 15 (max threshold 15)
[2024-05-29T03:01:01.681+0000][1][gc,phases   ] GC(21)   Pre Evacuate Collection Set: 2.9ms
[2024-05-29T03:01:01.681+0000][1][gc,phases   ] GC(21)   Merge Heap Roots: 1.0ms
[2024-05-29T03:01:01.681+0000][1][gc,phases   ] GC(21)   Evacuate Collection Set: 76.3ms
[2024-05-29T03:01:01.681+0000][1][gc,phases   ] GC(21)   Post Evacuate Collection Set: 3.4ms
[2024-05-29T03:01:01.681+0000][1][gc,phases   ] GC(21)   Other: 0.9ms
[2024-05-29T03:01:01.681+0000][1][gc,age      ] GC(21) Age table with threshold 15 (max threshold 15)
[2024-05-29T03:01:01.681+0000][1][gc,age      ] GC(21) - age   1:    4919640 bytes,    4919640 total
[2024-05-29T03:01:01.681+0000][1][gc,age      ] GC(21) - age   2:     680280 bytes,    5599920 total
[2024-05-29T03:01:01.681+0000][1][gc,age      ] GC(21) - age   3:     600112 bytes,    6200032 total
[2024-05-29T03:01:01.681+0000][1][gc,age      ] GC(21) - age   4:     350176 bytes,    6550208 total
[2024-05-29T03:01:01.681+0000][1][gc,age      ] GC(21) - age   5:     478216 bytes,    7028424 total
[2024-05-29T03:01:01.681+0000][1][gc,age      ] GC(21) - age   6:     451776 bytes,    7480200 total
[2024-05-29T03:01:01.681+0000][1][gc,age      ] GC(21) - age   7:    2300328 bytes,    9780528 total
[2024-05-29T03:01:01.681+0000][1][gc,age      ] GC(21) - age   8:      57544 bytes,    9838072 total
[2024-05-29T03:01:01.681+0000][1][gc,age      ] GC(21) - age   9:     462800 bytes,   10300872 total
[2024-05-29T03:01:01.681+0000][1][gc,age      ] GC(21) - age  10:      20456 bytes,   10321328 total
[2024-05-29T03:01:01.681+0000][1][gc,age      ] GC(21) - age  11:     438704 bytes,   10760032 total
[2024-05-29T03:01:01.681+0000][1][gc,age      ] GC(21) - age  12:    2432624 bytes,   13192656 total
[2024-05-29T03:01:01.681+0000][1][gc,age      ] GC(21) - age  13:    5123672 bytes,   18316328 total
[2024-05-29T03:01:01.681+0000][1][gc,heap     ] GC(21) Eden regions: 1219->0(1219)
[2024-05-29T03:01:01.681+0000][1][gc,heap     ] GC(21) Survivor regions: 9->9(154)
[2024-05-29T03:01:01.681+0000][1][gc,heap     ] GC(21) Old regions: 17->17
[2024-05-29T03:01:01.681+0000][1][gc,heap     ] GC(21) Humongous regions: 18->0
[2024-05-29T03:01:01.681+0000][1][gc,metaspace] GC(21) Metaspace: 96944K(98368K)->96944K(98368K) NonClass: 85000K(85760K)->85000K(85760K) Class: 11944K(12608K)->11944K(12608K)
[2024-05-29T03:01:01.681+0000][1][gc          ] GC(21) Pause Young (Normal) (G1 Evacuation Pause) 2525M->51M(4096M) 85.040ms
[2024-05-29T03:01:01.681+0000][1][gc,cpu      ] GC(21) User=0.14s Sys=0.01s Real=0.09s
[2024-05-29T03:01:01.681+0000][1][safepoint   ] Safepoint "G1CollectForAllocation", Time since last: 436179451 ns, Reaching safepoint: 2262575 ns, Cleanup: 16029 ns, At safepoint: 85128735 ns, Total: 87407339 ns
[2024-05-29T03:01:02.681+0000][1][safepoint   ] Safepoint "Cleanup", Time since last: 1000111633 ns, Reaching safepoint: 13143 ns, Cleanup: 12461 ns, At safepoint: 2822 ns, Total: 28426 ns
[2024-05-29T03:01:03.736+0000][1][safepoint   ] Safepoint "Cleanup", Time since last: 1054467988 ns, Reaching safepoint: 13570 ns, Cleanup: 22439 ns, At safepoint: 2728 ns, Total: 38737 ns
[2024-05-29T03:01:30.079+0000][1][safepoint   ] Safepoint "Cleanup", Time since last: 26343886760 ns, Reaching safepoint: 15657 ns, Cleanup: 26176 ns, At safepoint: 4080 ns, Total: 45913 ns
[2024-05-29T03:01:31.781+0000][1][safepoint   ] Safepoint "Cleanup", Time since last: 1701330226 ns, Reaching safepoint: 5413 ns, Cleanup: 9306 ns, At safepoint: 2307 ns, Total: 17026 ns
[2024-05-29T03:01:37.790+0000][1][safepoint   ] Safepoint "Cleanup", Time since last: 6009682234 ns, Reaching safepoint: 4785 ns, Cleanup: 5902 ns, At safepoint: 2532 ns, Total: 13219 ns
[2024-05-29T03:01:48.111+0000][1][safepoint   ] Safepoint "Cleanup", Time since last: 10320899274 ns, Reaching safepoint: 17090 ns, Cleanup: 26449 ns, At safepoint: 3101 ns, Total: 46640 ns
[2024-05-29T03:01:49.124+0000][1][safepoint   ] Safepoint "Cleanup", Time since last: 1012518378 ns, Reaching safepoint: 15805 ns, Cleanup: 14043 ns, At safepoint: 3040 ns, Total: 32888 ns
[2024-05-29T03:01:50.583+0000][1][safepoint   ] Safepoint "Cleanup", Time since last: 1459119104 ns, Reaching safepoint: 8594 ns, Cleanup: 22026 ns, At safepoint: 5565 ns, Total: 36185 ns
[2024-05-29T03:01:53.217+0000][1][safepoint   ] Safepoint "Cleanup", Time since last: 2634075284 ns, Reaching safepoint: 111651 ns, Cleanup: 12595 ns, At safepoint: 10901 ns, Total: 135147 ns
[2024-05-29T03:01:54.237+0000][1][safepoint   ] Safepoint "Cleanup", Time since last: 1020096711 ns, Reaching safepoint: 14916 ns, Cleanup: 17090 ns, At safepoint: 3405 ns, Total: 35411 ns
[2024-05-29T03:01:55.817+0000][1][safepoint   ] Safepoint "Cleanup", Time since last: 1579299526 ns, Reaching safepoint: 16337 ns, Cleanup: 18358 ns, At safepoint: 3244 ns, Total: 37939 ns
[2024-05-29T03:02:02.824+0000][1][safepoint   ] Safepoint "Cleanup", Time since last: 7006925645 ns, Reaching safepoint: 119183 ns, Cleanup: 12140 ns, At safepoint: 8877 ns, Total: 140200 ns
[2024-05-29T03:02:08.836+0000][1][safepoint   ] Safepoint "Cleanup", Time since last: 6012291063 ns, Reaching safepoint: 16676 ns, Cleanup: 49667 ns, At safepoint: 3221 ns, Total: 69564 ns
[2024-05-29T03:02:10.252+0000][1][safepoint   ] Safepoint "Cleanup", Time since last: 1415294783 ns, Reaching safepoint: 69308 ns, Cleanup: 24107 ns, At safepoint: 8235 ns, Total: 101650 ns
[2024-05-29T03:02:22.159+0000][1][safepoint   ] Safepoint "Cleanup", Time since last: 11907369986 ns, Reaching safepoint: 15854 ns, Cleanup: 13827 ns, At safepoint: 3470 ns, Total: 33151 ns
[2024-05-29T03:02:26.867+0000][1][safepoint   ] Safepoint "Cleanup", Time since last: 4707977601 ns, Reaching safepoint: 13442 ns, Cleanup: 36998 ns, At safepoint: 5095 ns, Total: 55535 ns
[2024-05-29T03:02:28.266+0000][1][safepoint   ] Safepoint "Cleanup", Time since last: 1398399395 ns, Reaching safepoint: 11364 ns, Cleanup: 14844 ns, At safepoint: 2987 ns, Total: 29195 ns
[2024-05-29T03:02:29.876+0000][1][safepoint   ] Safepoint "Cleanup", Time since last: 1610770454 ns, Reaching safepoint: 6158 ns, Cleanup: 15338 ns, At safepoint: 2735 ns, Total: 24231 ns
[2024-05-29T03:02:30.363+0000][1][gc,start    ] GC(22) Pause Young (Normal) (G1 Evacuation Pause)
[2024-05-29T03:02:30.364+0000][1][gc,task     ] GC(22) Using 2 workers of 2 for evacuation
[2024-05-29T03:02:30.364+0000][1][gc,age      ] GC(22) Desired survivor size 161480704 bytes, new threshold 15 (max threshold 15)
[2024-05-29T03:02:30.412+0000][1][gc,phases   ] GC(22)   Pre Evacuate Collection Set: 0.8ms
[2024-05-29T03:02:30.412+0000][1][gc,phases   ] GC(22)   Merge Heap Roots: 0.2ms
[2024-05-29T03:02:30.412+0000][1][gc,phases   ] GC(22)   Evacuate Collection Set: 44.9ms
[2024-05-29T03:02:30.412+0000][1][gc,phases   ] GC(22)   Post Evacuate Collection Set: 2.6ms
[2024-05-29T03:02:30.412+0000][1][gc,phases   ] GC(22)   Other: 0.1ms
[2024-05-29T03:02:30.412+0000][1][gc,age      ] GC(22) Age table with threshold 15 (max threshold 15)
[2024-05-29T03:02:30.412+0000][1][gc,age      ] GC(22) - age   1:    4488584 bytes,    4488584 total
[2024-05-29T03:02:30.412+0000][1][gc,age      ] GC(22) - age   2:     445624 bytes,    4934208 total
[2024-05-29T03:02:30.412+0000][1][gc,age      ] GC(22) - age   3:     338088 bytes,    5272296 total
[2024-05-29T03:02:30.412+0000][1][gc,age      ] GC(22) - age   4:     506112 bytes,    5778408 total
[2024-05-29T03:02:30.412+0000][1][gc,age      ] GC(22) - age   5:     199288 bytes,    5977696 total
[2024-05-29T03:02:30.412+0000][1][gc,age      ] GC(22) - age   6:     296496 bytes,    6274192 total
[2024-05-29T03:02:30.412+0000][1][gc,age      ] GC(22) - age   7:     180368 bytes,    6454560 total
[2024-05-29T03:02:30.412+0000][1][gc,age      ] GC(22) - age   8:    2078648 bytes,    8533208 total
[2024-05-29T03:02:30.412+0000][1][gc,age      ] GC(22) - age   9:      57544 bytes,    8590752 total
[2024-05-29T03:02:30.412+0000][1][gc,age      ] GC(22) - age  10:     462800 bytes,    9053552 total
[2024-05-29T03:02:30.412+0000][1][gc,age      ] GC(22) - age  11:      20456 bytes,    9074008 total
[2024-05-29T03:02:30.412+0000][1][gc,age      ] GC(22) - age  12:     438704 bytes,    9512712 total
[2024-05-29T03:02:30.412+0000][1][gc,age      ] GC(22) - age  13:    2432624 bytes,   11945336 total
[2024-05-29T03:02:30.412+0000][1][gc,age      ] GC(22) - age  14:    5123672 bytes,   17069008 total
[2024-05-29T03:02:30.412+0000][1][gc,heap     ] GC(22) Eden regions: 1219->0(1219)
[2024-05-29T03:02:30.412+0000][1][gc,heap     ] GC(22) Survivor regions: 9->9(154)
[2024-05-29T03:02:30.412+0000][1][gc,heap     ] GC(22) Old regions: 17->17
[2024-05-29T03:02:30.412+0000][1][gc,heap     ] GC(22) Humongous regions: 18->0
[2024-05-29T03:02:30.413+0000][1][gc,metaspace] GC(22) Metaspace: 97500K(98944K)->97500K(98944K) NonClass: 85556K(86336K)->85556K(86336K) Class: 11944K(12608K)->11944K(12608K)
[2024-05-29T03:02:30.413+0000][1][gc          ] GC(22) Pause Young (Normal) (G1 Evacuation Pause) 2525M->51M(4096M) 49.087ms
[2024-05-29T03:02:30.413+0000][1][gc,cpu      ] GC(22) User=0.08s Sys=0.00s Real=0.05s
[2024-05-29T03:02:30.413+0000][1][safepoint   ] Safepoint "G1CollectForAllocation", Time since last: 487042903 ns, Reaching safepoint: 93880 ns, Cleanup: 5388 ns, At safepoint: 49168210 ns, Total: 49267478 ns
[2024-05-29T03:02:50.639+0000][1][safepoint   ] Safepoint "Cleanup", Time since last: 20225922168 ns, Reaching safepoint: 8549 ns, Cleanup: 8936 ns, At safepoint: 7870 ns, Total: 25355 ns
[2024-05-29T03:03:00.988+0000][1][safepoint   ] Safepoint "Cleanup", Time since last: 10345642706 ns, Reaching safepoint: 3980834 ns, Cleanup: 23115 ns, At safepoint: 21682 ns, Total: 4025631 ns
[2024-05-29T03:03:09.997+0000][1][safepoint   ] Safepoint "Cleanup", Time since last: 9008662310 ns, Reaching safepoint: 229167 ns, Cleanup: 21731 ns, At safepoint: 12800 ns, Total: 263698 ns
[2024-05-29T03:03:17.027+0000][1][safepoint   ] Safepoint "Cleanup", Time since last: 7029873882 ns, Reaching safepoint: 5108 ns, Cleanup: 10757 ns, At safepoint: 2383 ns, Total: 18248 ns
[2024-05-29T03:03:20.030+0000][1][safepoint   ] Safepoint "Cleanup", Time since last: 3003017332 ns, Reaching safepoint: 88068 ns, Cleanup: 11660 ns, At safepoint: 10770 ns, Total: 110498 ns
[2024-05-29T03:03:37.049+0000][1][safepoint   ] Safepoint "Cleanup", Time since last: 17019235907 ns, Reaching safepoint: 41121 ns, Cleanup: 17153 ns, At safepoint: 3623 ns, Total: 61897 ns
[2024-05-29T03:03:40.068+0000][1][safepoint   ] Safepoint "Cleanup", Time since last: 3018752160 ns, Reaching safepoint: 173689 ns, Cleanup: 14860 ns, At safepoint: 10864 ns, Total: 199413 ns
[2024-05-29T03:03:41.076+0000][1][safepoint   ] Safepoint "Cleanup", Time since last: 1007411191 ns, Reaching safepoint: 15007 ns, Cleanup: 19966 ns, At safepoint: 3619 ns, Total: 38592 ns
[2024-05-29T03:03:50.781+0000][1][gc,start    ] GC(23) Pause Young (Normal) (G1 Evacuation Pause)
[2024-05-29T03:03:50.781+0000][1][gc,task     ] GC(23) Using 2 workers of 2 for evacuation
[2024-05-29T03:03:50.781+0000][1][gc,age      ] GC(23) Desired survivor size 161480704 bytes, new threshold 15 (max threshold 15)
[2024-05-29T03:03:50.888+0000][1][gc,phases   ] GC(23)   Pre Evacuate Collection Set: 1.1ms
[2024-05-29T03:03:50.889+0000][1][gc,phases   ] GC(23)   Merge Heap Roots: 0.4ms
[2024-05-29T03:03:50.889+0000][1][gc,phases   ] GC(23)   Evacuate Collection Set: 101.7ms
[2024-05-29T03:03:50.889+0000][1][gc,phases   ] GC(23)   Post Evacuate Collection Set: 4.3ms
[2024-05-29T03:03:50.889+0000][1][gc,phases   ] GC(23)   Other: 0.1ms
[2024-05-29T03:03:50.889+0000][1][gc,age      ] GC(23) Age table with threshold 15 (max threshold 15)
[2024-05-29T03:03:50.889+0000][1][gc,age      ] GC(23) - age   1:    3388256 bytes,    3388256 total
[2024-05-29T03:03:50.889+0000][1][gc,age      ] GC(23) - age   2:     878712 bytes,    4266968 total
[2024-05-29T03:03:50.889+0000][1][gc,age      ] GC(23) - age   3:     411328 bytes,    4678296 total
[2024-05-29T03:03:50.889+0000][1][gc,age      ] GC(23) - age   4:     275632 bytes,    4953928 total
[2024-05-29T03:03:50.889+0000][1][gc,age      ] GC(23) - age   5:     469016 bytes,    5422944 total
[2024-05-29T03:03:50.889+0000][1][gc,age      ] GC(23) - age   6:     125560 bytes,    5548504 total
[2024-05-29T03:03:50.889+0000][1][gc,age      ] GC(23) - age   7:     295680 bytes,    5844184 total
[2024-05-29T03:03:50.889+0000][1][gc,age      ] GC(23) - age   8:     180368 bytes,    6024552 total
[2024-05-29T03:03:50.889+0000][1][gc,age      ] GC(23) - age   9:    2078408 bytes,    8102960 total
[2024-05-29T03:03:50.889+0000][1][gc,age      ] GC(23) - age  10:      57544 bytes,    8160504 total
[2024-05-29T03:03:50.889+0000][1][gc,age      ] GC(23) - age  11:     462800 bytes,    8623304 total
[2024-05-29T03:03:50.889+0000][1][gc,age      ] GC(23) - age  12:      20456 bytes,    8643760 total
[2024-05-29T03:03:50.889+0000][1][gc,age      ] GC(23) - age  13:     438704 bytes,    9082464 total
[2024-05-29T03:03:50.889+0000][1][gc,age      ] GC(23) - age  14:    2432624 bytes,   11515088 total
[2024-05-29T03:03:50.889+0000][1][gc,age      ] GC(23) - age  15:    5123672 bytes,   16638760 total
[2024-05-29T03:03:50.889+0000][1][gc,heap     ] GC(23) Eden regions: 1219->0(1219)
[2024-05-29T03:03:50.889+0000][1][gc,heap     ] GC(23) Survivor regions: 9->9(154)
[2024-05-29T03:03:50.889+0000][1][gc,heap     ] GC(23) Old regions: 17->17
[2024-05-29T03:03:50.889+0000][1][gc,heap     ] GC(23) Humongous regions: 16->0
[2024-05-29T03:03:50.889+0000][1][gc,metaspace] GC(23) Metaspace: 97529K(98944K)->97529K(98944K) NonClass: 85585K(86336K)->85585K(86336K) Class: 11944K(12608K)->11944K(12608K)
[2024-05-29T03:03:50.889+0000][1][gc          ] GC(23) Pause Young (Normal) (G1 Evacuation Pause) 2521M->50M(4096M) 108.045ms
[2024-05-29T03:03:50.889+0000][1][gc,cpu      ] GC(23) User=0.08s Sys=0.00s Real=0.11s
[2024-05-29T03:03:50.889+0000][1][safepoint   ] Safepoint "G1CollectForAllocation", Time since last: 9703478059 ns, Reaching safepoint: 1347578 ns, Cleanup: 6783 ns, At safepoint: 108143744 ns, Total: 109498105 ns
[2024-05-29T03:03:51.889+0000][1][safepoint   ] Safepoint "Cleanup", Time since last: 1000109182 ns, Reaching safepoint: 14093 ns, Cleanup: 13533 ns, At safepoint: 3204 ns, Total: 30830 ns
[2024-05-29T03:03:56.346+0000][1][safepoint   ] Safepoint "Cleanup", Time since last: 4456687489 ns, Reaching safepoint: 12371 ns, Cleanup: 20008 ns, At safepoint: 3155 ns, Total: 35534 ns
[2024-05-29T03:04:01.108+0000][1][safepoint   ] Safepoint "Cleanup", Time since last: 4762407665 ns, Reaching safepoint: 76086 ns, Cleanup: 16180 ns, At safepoint: 4908 ns, Total: 97174 ns
[2024-05-29T03:04:06.248+0000][1][safepoint   ] Safepoint "Cleanup", Time since last: 5139886868 ns, Reaching safepoint: 15647 ns, Cleanup: 12569 ns, At safepoint: 2268 ns, Total: 30484 ns
[2024-05-29T03:04:10.139+0000][1][safepoint   ] Safepoint "Cleanup", Time since last: 3890329691 ns, Reaching safepoint: 95990 ns, Cleanup: 16423 ns, At safepoint: 12437 ns, Total: 124850 ns
[2024-05-29T03:04:12.139+0000][1][safepoint   ] Safepoint "Cleanup", Time since last: 2000476639 ns, Reaching safepoint: 12169 ns, Cleanup: 13134 ns, At safepoint: 2823 ns, Total: 28126 ns
[2024-05-29T03:04:13.372+0000][1][safepoint   ] Safepoint "Cleanup", Time since last: 1233034419 ns, Reaching safepoint: 15331 ns, Cleanup: 33392 ns, At safepoint: 4610 ns, Total: 53333 ns
[2024-05-29T03:04:20.149+0000][1][safepoint   ] Safepoint "Cleanup", Time since last: 6776510451 ns, Reaching safepoint: 88109 ns, Cleanup: 11915 ns, At safepoint: 12376 ns, Total: 112400 ns
[2024-05-29T03:04:31.407+0000][1][safepoint   ] Safepoint "Cleanup", Time since last: 11258441719 ns, Reaching safepoint: 15147 ns, Cleanup: 14052 ns, At safepoint: 3036 ns, Total: 32235 ns
[2024-05-29T03:04:45.192+0000][1][safepoint   ] Safepoint "Cleanup", Time since last: 13784806564 ns, Reaching safepoint: 21676 ns, Cleanup: 8303 ns, At safepoint: 2670 ns, Total: 32649 ns
[2024-05-29T03:04:52.742+0000][1][safepoint   ] Safepoint "Cleanup", Time since last: 7550322759 ns, Reaching safepoint: 11697 ns, Cleanup: 12583 ns, At safepoint: 2660 ns, Total: 26940 ns
[2024-05-29T03:04:59.210+0000][1][safepoint   ] Safepoint "Cleanup", Time since last: 6467658619 ns, Reaching safepoint: 14275 ns, Cleanup: 17341 ns, At safepoint: 3024 ns, Total: 34640 ns
[2024-05-29T03:05:02.246+0000][1][safepoint   ] Safepoint "Cleanup", Time since last: 3035740856 ns, Reaching safepoint: 5960 ns, Cleanup: 7627 ns, At safepoint: 2747 ns, Total: 16334 ns
[2024-05-29T03:05:10.261+0000][1][safepoint   ] Safepoint "Cleanup", Time since last: 8014516336 ns, Reaching safepoint: 361543 ns, Cleanup: 12555 ns, At safepoint: 16737 ns, Total: 390835 ns
[2024-05-29T03:05:19.849+0000][1][gc,start    ] GC(24) Pause Young (Normal) (G1 Evacuation Pause)
[2024-05-29T03:05:19.849+0000][1][gc,task     ] GC(24) Using 2 workers of 2 for evacuation
[2024-05-29T03:05:19.849+0000][1][gc,age      ] GC(24) Desired survivor size 161480704 bytes, new threshold 15 (max threshold 15)
[2024-05-29T03:05:19.904+0000][1][gc,phases   ] GC(24)   Pre Evacuate Collection Set: 0.9ms
[2024-05-29T03:05:19.904+0000][1][gc,phases   ] GC(24)   Merge Heap Roots: 0.2ms
[2024-05-29T03:05:19.904+0000][1][gc,phases   ] GC(24)   Evacuate Collection Set: 49.3ms
[2024-05-29T03:05:19.904+0000][1][gc,phases   ] GC(24)   Post Evacuate Collection Set: 4.0ms
[2024-05-29T03:05:19.904+0000][1][gc,phases   ] GC(24)   Other: 0.2ms
[2024-05-29T03:05:19.904+0000][1][gc,age      ] GC(24) Age table with threshold 15 (max threshold 15)
[2024-05-29T03:05:19.904+0000][1][gc,age      ] GC(24) - age   1:    5823728 bytes,    5823728 total
[2024-05-29T03:05:19.904+0000][1][gc,age      ] GC(24) - age   2:     564368 bytes,    6388096 total
[2024-05-29T03:05:19.904+0000][1][gc,age      ] GC(24) - age   3:     760008 bytes,    7148104 total
[2024-05-29T03:05:19.904+0000][1][gc,age      ] GC(24) - age   4:     313888 bytes,    7461992 total
[2024-05-29T03:05:19.904+0000][1][gc,age      ] GC(24) - age   5:     121736 bytes,    7583728 total
[2024-05-29T03:05:19.904+0000][1][gc,age      ] GC(24) - age   6:     438240 bytes,    8021968 total
[2024-05-29T03:05:19.904+0000][1][gc,age      ] GC(24) - age   7:      67448 bytes,    8089416 total
[2024-05-29T03:05:19.904+0000][1][gc,age      ] GC(24) - age   8:     136848 bytes,    8226264 total
[2024-05-29T03:05:19.904+0000][1][gc,age      ] GC(24) - age   9:     180368 bytes,    8406632 total
[2024-05-29T03:05:19.904+0000][1][gc,age      ] GC(24) - age  10:    2078248 bytes,   10484880 total
[2024-05-29T03:05:19.904+0000][1][gc,age      ] GC(24) - age  11:      57544 bytes,   10542424 total
[2024-05-29T03:05:19.904+0000][1][gc,age      ] GC(24) - age  12:     462800 bytes,   11005224 total
[2024-05-29T03:05:19.904+0000][1][gc,age      ] GC(24) - age  13:      20456 bytes,   11025680 total
[2024-05-29T03:05:19.904+0000][1][gc,age      ] GC(24) - age  14:     438704 bytes,   11464384 total
[2024-05-29T03:05:19.904+0000][1][gc,age      ] GC(24) - age  15:    2432624 bytes,   13897008 total
[2024-05-29T03:05:19.904+0000][1][gc,heap     ] GC(24) Eden regions: 1219->0(1221)
[2024-05-29T03:05:19.904+0000][1][gc,heap     ] GC(24) Survivor regions: 9->7(154)
[2024-05-29T03:05:19.904+0000][1][gc,heap     ] GC(24) Old regions: 17->20
[2024-05-29T03:05:19.904+0000][1][gc,heap     ] GC(24) Humongous regions: 16->0
[2024-05-29T03:05:19.904+0000][1][gc,metaspace] GC(24) Metaspace: 97569K(99008K)->97569K(99008K) NonClass: 85623K(86400K)->85623K(86400K) Class: 11945K(12608K)->11945K(12608K)
[2024-05-29T03:05:19.904+0000][1][gc          ] GC(24) Pause Young (Normal) (G1 Evacuation Pause) 2520M->52M(4096M) 54.933ms
[2024-05-29T03:05:19.904+0000][1][gc,cpu      ] GC(24) User=0.09s Sys=0.00s Real=0.05s
[2024-05-29T03:05:19.904+0000][1][safepoint   ] Safepoint "G1CollectForAllocation", Time since last: 9588143681 ns, Reaching safepoint: 94562 ns, Cleanup: 14642 ns, At safepoint: 55013224 ns, Total: 55122428 ns
[2024-05-29T03:05:22.469+0000][1][safepoint   ] Safepoint "Cleanup", Time since last: 2564508302 ns, Reaching safepoint: 5270 ns, Cleanup: 26223 ns, At safepoint: 2635 ns, Total: 34128 ns
[2024-05-29T03:05:50.321+0000][1][safepoint   ] Safepoint "Cleanup", Time since last: 27852165511 ns, Reaching safepoint: 25085 ns, Cleanup: 15864 ns, At safepoint: 6578 ns, Total: 47527 ns
[2024-05-29T03:06:01.352+0000][1][safepoint   ] Safepoint "Cleanup", Time since last: 11031111932 ns, Reaching safepoint: 12017 ns, Cleanup: 12474 ns, At safepoint: 2910 ns, Total: 27401 ns
[2024-05-29T03:06:03.364+0000][1][safepoint   ] Safepoint "Cleanup", Time since last: 2012056459 ns, Reaching safepoint: 5460 ns, Cleanup: 8857 ns, At safepoint: 2269 ns, Total: 16586 ns
[2024-05-29T03:06:10.354+0000][1][safepoint   ] Safepoint "Cleanup", Time since last: 6990068160 ns, Reaching safepoint: 93221 ns, Cleanup: 14355 ns, At safepoint: 10840 ns, Total: 118416 ns
[2024-05-29T03:06:13.385+0000][1][safepoint   ] Safepoint "Cleanup", Time since last: 3030704382 ns, Reaching safepoint: 11094 ns, Cleanup: 10744 ns, At safepoint: 10100 ns, Total: 31938 ns
[2024-05-29T03:06:22.380+0000][1][safepoint   ] Safepoint "Cleanup", Time since last: 8994589235 ns, Reaching safepoint: 4995 ns, Cleanup: 10616 ns, At safepoint: 2857 ns, Total: 18468 ns
[2024-05-29T03:06:31.429+0000][1][safepoint   ] Safepoint "Cleanup", Time since last: 9048974053 ns, Reaching safepoint: 15372 ns, Cleanup: 13785 ns, At safepoint: 2933 ns, Total: 32090 ns
[2024-05-29T03:06:36.565+0000][1][safepoint   ] Safepoint "Cleanup", Time since last: 5136667359 ns, Reaching safepoint: 15651 ns, Cleanup: 19414 ns, At safepoint: 2705 ns, Total: 37770 ns
[2024-05-29T03:06:39.390+0000][1][safepoint   ] Safepoint "Cleanup", Time since last: 2825114218 ns, Reaching safepoint: 19531 ns, Cleanup: 8822 ns, At safepoint: 2269 ns, Total: 30622 ns
[2024-05-29T03:06:40.272+0000][1][gc,start    ] GC(25) Pause Young (Normal) (G1 Evacuation Pause)
[2024-05-29T03:06:40.272+0000][1][gc,task     ] GC(25) Using 2 workers of 2 for evacuation
[2024-05-29T03:06:40.272+0000][1][gc,age      ] GC(25) Desired survivor size 161480704 bytes, new threshold 15 (max threshold 15)
[2024-05-29T03:06:40.310+0000][1][gc,phases   ] GC(25)   Pre Evacuate Collection Set: 0.6ms
[2024-05-29T03:06:40.310+0000][1][gc,phases   ] GC(25)   Merge Heap Roots: 0.3ms
[2024-05-29T03:06:40.310+0000][1][gc,phases   ] GC(25)   Evacuate Collection Set: 34.0ms
[2024-05-29T03:06:40.310+0000][1][gc,phases   ] GC(25)   Post Evacuate Collection Set: 2.8ms
[2024-05-29T03:06:40.310+0000][1][gc,phases   ] GC(25)   Other: 0.2ms
[2024-05-29T03:06:40.310+0000][1][gc,age      ] GC(25) Age table with threshold 15 (max threshold 15)
[2024-05-29T03:06:40.310+0000][1][gc,age      ] GC(25) - age   1:    4642648 bytes,    4642648 total
[2024-05-29T03:06:40.310+0000][1][gc,age      ] GC(25) - age   2:     737472 bytes,    5380120 total
[2024-05-29T03:06:40.310+0000][1][gc,age      ] GC(25) - age   3:     420080 bytes,    5800200 total
[2024-05-29T03:06:40.310+0000][1][gc,age      ] GC(25) - age   4:     602608 bytes,    6402808 total
[2024-05-29T03:06:40.310+0000][1][gc,age      ] GC(25) - age   5:     281512 bytes,    6684320 total
[2024-05-29T03:06:40.310+0000][1][gc,age      ] GC(25) - age   6:     121736 bytes,    6806056 total
[2024-05-29T03:06:40.310+0000][1][gc,age      ] GC(25) - age   7:     438240 bytes,    7244296 total
[2024-05-29T03:06:40.310+0000][1][gc,age      ] GC(25) - age   8:      67448 bytes,    7311744 total
[2024-05-29T03:06:40.310+0000][1][gc,age      ] GC(25) - age   9:     136848 bytes,    7448592 total
[2024-05-29T03:06:40.310+0000][1][gc,age      ] GC(25) - age  10:     180368 bytes,    7628960 total
[2024-05-29T03:06:40.310+0000][1][gc,age      ] GC(25) - age  11:    2078048 bytes,    9707008 total
[2024-05-29T03:06:40.310+0000][1][gc,age      ] GC(25) - age  12:      57544 bytes,    9764552 total
[2024-05-29T03:06:40.310+0000][1][gc,age      ] GC(25) - age  13:     462800 bytes,   10227352 total
[2024-05-29T03:06:40.310+0000][1][gc,age      ] GC(25) - age  14:      20456 bytes,   10247808 total
[2024-05-29T03:06:40.310+0000][1][gc,age      ] GC(25) - age  15:     438704 bytes,   10686512 total
[2024-05-29T03:06:40.310+0000][1][gc,heap     ] GC(25) Eden regions: 1221->0(1222)
[2024-05-29T03:06:40.310+0000][1][gc,heap     ] GC(25) Survivor regions: 7->6(154)
[2024-05-29T03:06:40.310+0000][1][gc,heap     ] GC(25) Old regions: 20->21
[2024-05-29T03:06:40.310+0000][1][gc,heap     ] GC(25) Humongous regions: 18->0
[2024-05-29T03:06:40.310+0000][1][gc,metaspace] GC(25) Metaspace: 97613K(99008K)->97613K(99008K) NonClass: 85667K(86400K)->85667K(86400K) Class: 11946K(12608K)->11946K(12608K)
[2024-05-29T03:06:40.310+0000][1][gc          ] GC(25) Pause Young (Normal) (G1 Evacuation Pause) 2530M->52M(4096M) 38.276ms
[2024-05-29T03:06:40.310+0000][1][gc,cpu      ] GC(25) User=0.06s Sys=0.01s Real=0.04s
[2024-05-29T03:06:40.310+0000][1][safepoint   ] Safepoint "G1CollectForAllocation", Time since last: 881090651 ns, Reaching safepoint: 15651 ns, Cleanup: 26263 ns, At safepoint: 38350909 ns, Total: 38392823 ns
[2024-05-29T03:06:41.403+0000][1][safepoint   ] Safepoint "Cleanup", Time since last: 1092801857 ns, Reaching safepoint: 14861 ns, Cleanup: 15678 ns, At safepoint: 4088 ns, Total: 34627 ns
[2024-05-29T03:06:51.581+0000][1][safepoint   ] Safepoint "Cleanup", Time since last: 10178182413 ns, Reaching safepoint: 5488 ns, Cleanup: 8416 ns, At safepoint: 4981 ns, Total: 18885 ns
[2024-05-29T03:07:04.455+0000][1][safepoint   ] Safepoint "Cleanup", Time since last: 12874144668 ns, Reaching safepoint: 5433 ns, Cleanup: 7286 ns, At safepoint: 2269 ns, Total: 14988 ns
[2024-05-29T03:07:05.457+0000][1][safepoint   ] Safepoint "Cleanup", Time since last: 1001500085 ns, Reaching safepoint: 12884 ns, Cleanup: 12912 ns, At safepoint: 2987 ns, Total: 28783 ns
[2024-05-29T03:07:10.600+0000][1][safepoint   ] Safepoint "Cleanup", Time since last: 5142897345 ns, Reaching safepoint: 119022 ns, Cleanup: 11732 ns, At safepoint: 8192 ns, Total: 138946 ns
[2024-05-29T03:07:15.440+0000][1][safepoint   ] Safepoint "Cleanup", Time since last: 4839959475 ns, Reaching safepoint: 76855 ns, Cleanup: 7007 ns, At safepoint: 7245 ns, Total: 91107 ns
[2024-05-29T03:07:20.445+0000][1][safepoint   ] Safepoint "Cleanup", Time since last: 5005396334 ns, Reaching safepoint: 88711 ns, Cleanup: 13341 ns, At safepoint: 9621 ns, Total: 111673 ns
[2024-05-29T03:07:32.459+0000][1][safepoint   ] Safepoint "Cleanup", Time since last: 12013531416 ns, Reaching safepoint: 80853 ns, Cleanup: 10094 ns, At safepoint: 8454 ns, Total: 99401 ns
[2024-05-29T03:07:39.474+0000][1][safepoint   ] Safepoint "Cleanup", Time since last: 7014973555 ns, Reaching safepoint: 37835 ns, Cleanup: 16951 ns, At safepoint: 2700 ns, Total: 57486 ns
[2024-05-29T03:07:40.498+0000][1][safepoint   ] Safepoint "Cleanup", Time since last: 1024110154 ns, Reaching safepoint: 14534 ns, Cleanup: 14619 ns, At safepoint: 3296 ns, Total: 32449 ns
[2024-05-29T03:07:42.489+0000][1][safepoint   ] Safepoint "Cleanup", Time since last: 1991167762 ns, Reaching safepoint: 18328 ns, Cleanup: 25714 ns, At safepoint: 2390 ns, Total: 46432 ns
[2024-05-29T03:07:45.629+0000][1][safepoint   ] Safepoint "Cleanup", Time since last: 3139217911 ns, Reaching safepoint: 13630 ns, Cleanup: 27138 ns, At safepoint: 11067 ns, Total: 51835 ns
[2024-05-29T03:07:46.636+0000][1][safepoint   ] Safepoint "Cleanup", Time since last: 1007217719 ns, Reaching safepoint: 12054 ns, Cleanup: 18624 ns, At safepoint: 2558 ns, Total: 33236 ns
[2024-05-29T03:07:48.498+0000][1][safepoint   ] Safepoint "Cleanup", Time since last: 1861794983 ns, Reaching safepoint: 12011 ns, Cleanup: 19235 ns, At safepoint: 3538 ns, Total: 34784 ns
[2024-05-29T03:07:50.498+0000][1][safepoint   ] Safepoint "Cleanup", Time since last: 2000244862 ns, Reaching safepoint: 14796 ns, Cleanup: 12578 ns, At safepoint: 5963 ns, Total: 33337 ns
[2024-05-29T03:08:00.526+0000][1][safepoint   ] Safepoint "Cleanup", Time since last: 10028454168 ns, Reaching safepoint: 98439 ns, Cleanup: 14199 ns, At safepoint: 12987 ns, Total: 125625 ns
[2024-05-29T03:08:01.527+0000][1][safepoint   ] Safepoint "Cleanup", Time since last: 1000162130 ns, Reaching safepoint: 317622 ns, Cleanup: 21242 ns, At safepoint: 6122 ns, Total: 344986 ns
[2024-05-29T03:08:10.026+0000][1][gc,start    ] GC(26) Pause Young (Normal) (G1 Evacuation Pause)
[2024-05-29T03:08:10.026+0000][1][gc,task     ] GC(26) Using 2 workers of 2 for evacuation
[2024-05-29T03:08:10.026+0000][1][gc,age      ] GC(26) Desired survivor size 161480704 bytes, new threshold 15 (max threshold 15)
[2024-05-29T03:08:10.059+0000][1][gc,phases   ] GC(26)   Pre Evacuate Collection Set: 0.8ms
[2024-05-29T03:08:10.059+0000][1][gc,phases   ] GC(26)   Merge Heap Roots: 0.2ms
[2024-05-29T03:08:10.059+0000][1][gc,phases   ] GC(26)   Evacuate Collection Set: 29.5ms
[2024-05-29T03:08:10.059+0000][1][gc,phases   ] GC(26)   Post Evacuate Collection Set: 2.6ms
[2024-05-29T03:08:10.059+0000][1][gc,phases   ] GC(26)   Other: 0.2ms
[2024-05-29T03:08:10.059+0000][1][gc,age      ] GC(26) Age table with threshold 15 (max threshold 15)
[2024-05-29T03:08:10.059+0000][1][gc,age      ] GC(26) - age   1:    5500728 bytes,    5500728 total
[2024-05-29T03:08:10.059+0000][1][gc,age      ] GC(26) - age   2:     611760 bytes,    6112488 total
[2024-05-29T03:08:10.059+0000][1][gc,age      ] GC(26) - age   3:     593936 bytes,    6706424 total
[2024-05-29T03:08:10.059+0000][1][gc,age      ] GC(26) - age   4:     344496 bytes,    7050920 total
[2024-05-29T03:08:10.059+0000][1][gc,age      ] GC(26) - age   5:     512016 bytes,    7562936 total
[2024-05-29T03:08:10.059+0000][1][gc,age      ] GC(26) - age   6:     158688 bytes,    7721624 total
[2024-05-29T03:08:10.059+0000][1][gc,age      ] GC(26) - age   7:      90960 bytes,    7812584 total
[2024-05-29T03:08:10.059+0000][1][gc,age      ] GC(26) - age   8:     376688 bytes,    8189272 total
[2024-05-29T03:08:10.059+0000][1][gc,age      ] GC(26) - age   9:      67448 bytes,    8256720 total
[2024-05-29T03:08:10.059+0000][1][gc,age      ] GC(26) - age  10:     136848 bytes,    8393568 total
[2024-05-29T03:08:10.059+0000][1][gc,age      ] GC(26) - age  11:     180368 bytes,    8573936 total
[2024-05-29T03:08:10.059+0000][1][gc,age      ] GC(26) - age  12:    2078048 bytes,   10651984 total
[2024-05-29T03:08:10.059+0000][1][gc,age      ] GC(26) - age  13:      57512 bytes,   10709496 total
[2024-05-29T03:08:10.059+0000][1][gc,age      ] GC(26) - age  14:     462800 bytes,   11172296 total
[2024-05-29T03:08:10.059+0000][1][gc,age      ] GC(26) - age  15:      20456 bytes,   11192752 total
[2024-05-29T03:08:10.059+0000][1][gc,heap     ] GC(26) Eden regions: 1222->0(1222)
[2024-05-29T03:08:10.059+0000][1][gc,heap     ] GC(26) Survivor regions: 6->6(154)
[2024-05-29T03:08:10.059+0000][1][gc,heap     ] GC(26) Old regions: 21->21
[2024-05-29T03:08:10.059+0000][1][gc,heap     ] GC(26) Humongous regions: 16->0
[2024-05-29T03:08:10.059+0000][1][gc,metaspace] GC(26) Metaspace: 97643K(99072K)->97643K(99072K) NonClass: 85697K(86464K)->85697K(86464K) Class: 11946K(12608K)->11946K(12608K)
[2024-05-29T03:08:10.059+0000][1][gc          ] GC(26) Pause Young (Normal) (G1 Evacuation Pause) 2528M->52M(4096M) 33.615ms
[2024-05-29T03:08:10.059+0000][1][gc,cpu      ] GC(26) User=0.04s Sys=0.01s Real=0.03s
[2024-05-29T03:08:10.059+0000][1][safepoint   ] Safepoint "G1CollectForAllocation", Time since last: 8498322447 ns, Reaching safepoint: 163303 ns, Cleanup: 12481 ns, At safepoint: 33687720 ns, Total: 33863504 ns
[2024-05-29T03:08:11.059+0000][1][safepoint   ] Safepoint "Cleanup", Time since last: 1000138894 ns, Reaching safepoint: 14914 ns, Cleanup: 19543 ns, At safepoint: 3461 ns, Total: 37918 ns
[2024-05-29T03:08:13.549+0000][1][safepoint   ] Safepoint "Cleanup", Time since last: 2489853326 ns, Reaching safepoint: 5166 ns, Cleanup: 9986 ns, At safepoint: 2638 ns, Total: 17790 ns
[2024-05-29T03:08:17.559+0000][1][safepoint   ] Safepoint "Cleanup", Time since last: 4009560285 ns, Reaching safepoint: 32294 ns, Cleanup: 11531 ns, At safepoint: 2854 ns, Total: 46679 ns
[2024-05-29T03:08:34.584+0000][1][safepoint   ] Safepoint "Cleanup", Time since last: 17024847763 ns, Reaching safepoint: 5915 ns, Cleanup: 8869 ns, At safepoint: 3104 ns, Total: 17888 ns
[2024-05-29T03:08:40.609+0000][1][safepoint   ] Safepoint "Cleanup", Time since last: 6025681520 ns, Reaching safepoint: 89790 ns, Cleanup: 10401 ns, At safepoint: 7611 ns, Total: 107802 ns
[2024-05-29T03:08:57.609+0000][1][safepoint   ] Safepoint "Cleanup", Time since last: 16999800353 ns, Reaching safepoint: 5207 ns, Cleanup: 10253 ns, At safepoint: 2827 ns, Total: 18287 ns
[2024-05-29T03:09:01.701+0000][1][safepoint   ] Safepoint "Cleanup", Time since last: 4091506476 ns, Reaching safepoint: 15285 ns, Cleanup: 14481 ns, At safepoint: 3745 ns, Total: 33511 ns
[2024-05-29T03:09:06.701+0000][1][safepoint   ] Safepoint "Cleanup", Time since last: 5000505698 ns, Reaching safepoint: 14762 ns, Cleanup: 12709 ns, At safepoint: 2320 ns, Total: 29791 ns
[2024-05-29T03:09:15.719+0000][1][safepoint   ] Safepoint "Cleanup", Time since last: 9017870407 ns, Reaching safepoint: 24366 ns, Cleanup: 13267 ns, At safepoint: 5274 ns, Total: 42907 ns
[2024-05-29T03:09:16.719+0000][1][safepoint   ] Safepoint "Cleanup", Time since last: 1000147897 ns, Reaching safepoint: 15876 ns, Cleanup: 12554 ns, At safepoint: 6639 ns, Total: 35069 ns
[2024-05-29T03:09:20.721+0000][1][safepoint   ] Safepoint "Cleanup", Time since last: 4001760304 ns, Reaching safepoint: 15709 ns, Cleanup: 14932 ns, At safepoint: 4135 ns, Total: 34776 ns
[2024-05-29T03:09:29.746+0000][1][safepoint   ] Safepoint "Cleanup", Time since last: 9024477889 ns, Reaching safepoint: 5257 ns, Cleanup: 9079 ns, At safepoint: 2181 ns, Total: 16517 ns
[2024-05-29T03:09:30.444+0000][1][gc,start    ] GC(27) Pause Young (Normal) (G1 Evacuation Pause)
[2024-05-29T03:09:30.444+0000][1][gc,task     ] GC(27) Using 2 workers of 2 for evacuation
[2024-05-29T03:09:30.444+0000][1][gc,age      ] GC(27) Desired survivor size 161480704 bytes, new threshold 15 (max threshold 15)
[2024-05-29T03:09:30.473+0000][1][gc,phases   ] GC(27)   Pre Evacuate Collection Set: 0.6ms
[2024-05-29T03:09:30.473+0000][1][gc,phases   ] GC(27)   Merge Heap Roots: 0.2ms
[2024-05-29T03:09:30.473+0000][1][gc,phases   ] GC(27)   Evacuate Collection Set: 24.5ms
[2024-05-29T03:09:30.473+0000][1][gc,phases   ] GC(27)   Post Evacuate Collection Set: 3.8ms
[2024-05-29T03:09:30.473+0000][1][gc,phases   ] GC(27)   Other: 0.2ms
[2024-05-29T03:09:30.473+0000][1][gc,age      ] GC(27) Age table with threshold 15 (max threshold 15)
[2024-05-29T03:09:30.473+0000][1][gc,age      ] GC(27) - age   1:    4731952 bytes,    4731952 total
[2024-05-29T03:09:30.474+0000][1][gc,age      ] GC(27) - age   2:     651448 bytes,    5383400 total
[2024-05-29T03:09:30.474+0000][1][gc,age      ] GC(27) - age   3:     452096 bytes,    5835496 total
[2024-05-29T03:09:30.474+0000][1][gc,age      ] GC(27) - age   4:     469120 bytes,    6304616 total
[2024-05-29T03:09:30.474+0000][1][gc,age      ] GC(27) - age   5:     282720 bytes,    6587336 total
[2024-05-29T03:09:30.474+0000][1][gc,age      ] GC(27) - age   6:     388560 bytes,    6975896 total
[2024-05-29T03:09:30.474+0000][1][gc,age      ] GC(27) - age   7:      97072 bytes,    7072968 total
[2024-05-29T03:09:30.474+0000][1][gc,age      ] GC(27) - age   8:      60168 bytes,    7133136 total
[2024-05-29T03:09:30.474+0000][1][gc,age      ] GC(27) - age   9:     286016 bytes,    7419152 total
[2024-05-29T03:09:30.474+0000][1][gc,age      ] GC(27) - age  10:      67448 bytes,    7486600 total
[2024-05-29T03:09:30.474+0000][1][gc,age      ] GC(27) - age  11:     136848 bytes,    7623448 total
[2024-05-29T03:09:30.474+0000][1][gc,age      ] GC(27) - age  12:     180368 bytes,    7803816 total
[2024-05-29T03:09:30.474+0000][1][gc,age      ] GC(27) - age  13:    2077896 bytes,    9881712 total
[2024-05-29T03:09:30.474+0000][1][gc,age      ] GC(27) - age  14:      57512 bytes,    9939224 total
[2024-05-29T03:09:30.474+0000][1][gc,age      ] GC(27) - age  15:     446768 bytes,   10385992 total
[2024-05-29T03:09:30.474+0000][1][gc,heap     ] GC(27) Eden regions: 1222->0(1222)
[2024-05-29T03:09:30.474+0000][1][gc,heap     ] GC(27) Survivor regions: 6->6(154)
[2024-05-29T03:09:30.474+0000][1][gc,heap     ] GC(27) Old regions: 21->21
[2024-05-29T03:09:30.474+0000][1][gc,heap     ] GC(27) Humongous regions: 18->0
[2024-05-29T03:09:30.474+0000][1][gc,metaspace] GC(27) Metaspace: 97678K(99072K)->97678K(99072K) NonClass: 85732K(86464K)->85732K(86464K) Class: 11946K(12608K)->11946K(12608K)
[2024-05-29T03:09:30.475+0000][1][gc          ] GC(27) Pause Young (Normal) (G1 Evacuation Pause) 2532M->53M(4096M) 30.844ms
[2024-05-29T03:09:30.475+0000][1][gc,cpu      ] GC(27) User=0.05s Sys=0.00s Real=0.03s
[2024-05-29T03:09:30.475+0000][1][safepoint   ] Safepoint "G1CollectForAllocation", Time since last: 697775746 ns, Reaching safepoint: 94439 ns, Cleanup: 6459 ns, At safepoint: 31005793 ns, Total: 31106691 ns
[2024-05-29T03:09:35.477+0000][1][safepoint   ] Safepoint "Cleanup", Time since last: 5002085743 ns, Reaching safepoint: 13322 ns, Cleanup: 21227 ns, At safepoint: 2902 ns, Total: 37451 ns
[2024-05-29T03:09:40.754+0000][1][safepoint   ] Safepoint "Cleanup", Time since last: 5277538822 ns, Reaching safepoint: 15267 ns, Cleanup: 15610 ns, At safepoint: 4008 ns, Total: 34885 ns
[2024-05-29T03:09:45.770+0000][1][safepoint   ] Safepoint "Cleanup", Time since last: 5015515692 ns, Reaching safepoint: 16982 ns, Cleanup: 14901 ns, At safepoint: 4362 ns, Total: 36245 ns
[2024-05-29T03:09:49.781+0000][1][safepoint   ] Safepoint "Cleanup", Time since last: 4011071837 ns, Reaching safepoint: 20798 ns, Cleanup: 8540 ns, At safepoint: 2462 ns, Total: 31800 ns
[2024-05-29T03:10:00.958+0000][1][safepoint   ] Safepoint "Cleanup", Time since last: 11176621823 ns, Reaching safepoint: 45911 ns, Cleanup: 15181 ns, At safepoint: 5002 ns, Total: 66094 ns
[2024-05-29T03:10:01.958+0000][1][safepoint   ] Safepoint "Cleanup", Time since last: 1000158128 ns, Reaching safepoint: 14219 ns, Cleanup: 12912 ns, At safepoint: 3173 ns, Total: 30304 ns
[2024-05-29T03:10:11.820+0000][1][safepoint   ] Safepoint "Cleanup", Time since last: 9862446045 ns, Reaching safepoint: 13162 ns, Cleanup: 19526 ns, At safepoint: 3300 ns, Total: 35988 ns
[2024-05-29T03:10:19.797+0000][1][safepoint   ] Safepoint "Cleanup", Time since last: 7976429769 ns, Reaching safepoint: 5333 ns, Cleanup: 13374 ns, At safepoint: 2204 ns, Total: 20911 ns
[2024-05-29T03:10:21.806+0000][1][safepoint   ] Safepoint "Cleanup", Time since last: 2009045319 ns, Reaching safepoint: 12656 ns, Cleanup: 8071 ns, At safepoint: 2932 ns, Total: 23659 ns
[2024-05-29T03:10:22.806+0000][1][safepoint   ] Safepoint "Cleanup", Time since last: 1000191724 ns, Reaching safepoint: 47137 ns, Cleanup: 45823 ns, At safepoint: 6521 ns, Total: 99481 ns
[2024-05-29T03:10:23.837+0000][1][safepoint   ] Safepoint "Cleanup", Time since last: 1030467875 ns, Reaching safepoint: 11971 ns, Cleanup: 13764 ns, At safepoint: 3131 ns, Total: 28866 ns
[2024-05-29T03:10:31.815+0000][1][safepoint   ] Safepoint "Cleanup", Time since last: 7978160428 ns, Reaching safepoint: 18066 ns, Cleanup: 21703 ns, At safepoint: 4195 ns, Total: 43964 ns
[2024-05-29T03:10:34.815+0000][1][safepoint   ] Safepoint "Cleanup", Time since last: 3000367449 ns, Reaching safepoint: 13641 ns, Cleanup: 13699 ns, At safepoint: 7816 ns, Total: 35156 ns
[2024-05-29T03:10:36.848+0000][1][safepoint   ] Safepoint "Cleanup", Time since last: 2032740056 ns, Reaching safepoint: 14989 ns, Cleanup: 13711 ns, At safepoint: 2926 ns, Total: 31626 ns
[2024-05-29T03:10:39.828+0000][1][safepoint   ] Safepoint "Cleanup", Time since last: 2979968616 ns, Reaching safepoint: 12991 ns, Cleanup: 13174 ns, At safepoint: 3307 ns, Total: 29472 ns
[2024-05-29T03:10:41.863+0000][1][safepoint   ] Safepoint "Cleanup", Time since last: 2034992381 ns, Reaching safepoint: 15579 ns, Cleanup: 19345 ns, At safepoint: 3573 ns, Total: 38497 ns
[2024-05-29T03:10:43.850+0000][1][safepoint   ] Safepoint "Cleanup", Time since last: 1986957024 ns, Reaching safepoint: 14956 ns, Cleanup: 161655 ns, At safepoint: 7028 ns, Total: 183639 ns
[2024-05-29T03:10:51.482+0000][1][gc,start    ] GC(28) Pause Young (Normal) (G1 Evacuation Pause)
[2024-05-29T03:10:51.482+0000][1][gc,task     ] GC(28) Using 2 workers of 2 for evacuation
[2024-05-29T03:10:51.482+0000][1][gc,age      ] GC(28) Desired survivor size 161480704 bytes, new threshold 15 (max threshold 15)
[2024-05-29T03:10:51.512+0000][1][gc,phases   ] GC(28)   Pre Evacuate Collection Set: 0.6ms
[2024-05-29T03:10:51.512+0000][1][gc,phases   ] GC(28)   Merge Heap Roots: 0.3ms
[2024-05-29T03:10:51.512+0000][1][gc,phases   ] GC(28)   Evacuate Collection Set: 26.3ms
[2024-05-29T03:10:51.512+0000][1][gc,phases   ] GC(28)   Post Evacuate Collection Set: 2.9ms
[2024-05-29T03:10:51.512+0000][1][gc,phases   ] GC(28)   Other: 0.2ms
[2024-05-29T03:10:51.512+0000][1][gc,age      ] GC(28) Age table with threshold 15 (max threshold 15)
[2024-05-29T03:10:51.512+0000][1][gc,age      ] GC(28) - age   1:    3753392 bytes,    3753392 total
[2024-05-29T03:10:51.512+0000][1][gc,age      ] GC(28) - age   2:     703872 bytes,    4457264 total
[2024-05-29T03:10:51.512+0000][1][gc,age      ] GC(28) - age   3:     539152 bytes,    4996416 total
[2024-05-29T03:10:51.512+0000][1][gc,age      ] GC(28) - age   4:     346952 bytes,    5343368 total
[2024-05-29T03:10:51.512+0000][1][gc,age      ] GC(28) - age   5:     429904 bytes,    5773272 total
[2024-05-29T03:10:51.512+0000][1][gc,age      ] GC(28) - age   6:     282376 bytes,    6055648 total
[2024-05-29T03:10:51.512+0000][1][gc,age      ] GC(28) - age   7:     388400 bytes,    6444048 total
[2024-05-29T03:10:51.512+0000][1][gc,age      ] GC(28) - age   8:      97072 bytes,    6541120 total
[2024-05-29T03:10:51.512+0000][1][gc,age      ] GC(28) - age   9:      60168 bytes,    6601288 total
[2024-05-29T03:10:51.512+0000][1][gc,age      ] GC(28) - age  10:     285640 bytes,    6886928 total
[2024-05-29T03:10:51.512+0000][1][gc,age      ] GC(28) - age  11:      67448 bytes,    6954376 total
[2024-05-29T03:10:51.512+0000][1][gc,age      ] GC(28) - age  12:     136848 bytes,    7091224 total
[2024-05-29T03:10:51.512+0000][1][gc,age      ] GC(28) - age  13:     180368 bytes,    7271592 total
[2024-05-29T03:10:51.512+0000][1][gc,age      ] GC(28) - age  14:    2077824 bytes,    9349416 total
[2024-05-29T03:10:51.512+0000][1][gc,age      ] GC(28) - age  15:      57512 bytes,    9406928 total
[2024-05-29T03:10:51.512+0000][1][gc,heap     ] GC(28) Eden regions: 1222->0(1223)
[2024-05-29T03:10:51.512+0000][1][gc,heap     ] GC(28) Survivor regions: 6->5(154)
[2024-05-29T03:10:51.512+0000][1][gc,heap     ] GC(28) Old regions: 21->22
[2024-05-29T03:10:51.512+0000][1][gc,heap     ] GC(28) Humongous regions: 16->0
[2024-05-29T03:10:51.512+0000][1][gc,metaspace] GC(28) Metaspace: 97727K(99136K)->97727K(99136K) NonClass: 85781K(86528K)->85781K(86528K) Class: 11946K(12608K)->11946K(12608K)
[2024-05-29T03:10:51.512+0000][1][gc          ] GC(28) Pause Young (Normal) (G1 Evacuation Pause) 2529M->52M(4096M) 30.704ms
[2024-05-29T03:10:51.512+0000][1][gc,cpu      ] GC(28) User=0.05s Sys=0.01s Real=0.03s
[2024-05-29T03:10:51.512+0000][1][safepoint   ] Safepoint "G1CollectForAllocation", Time since last: 7631163835 ns, Reaching safepoint: 144014 ns, Cleanup: 6478 ns, At safepoint: 30781706 ns, Total: 30932198 ns
[2024-05-29T03:11:00.867+0000][1][safepoint   ] Safepoint "Cleanup", Time since last: 9354544781 ns, Reaching safepoint: 12230 ns, Cleanup: 13559 ns, At safepoint: 2715 ns, Total: 28504 ns
[2024-05-29T03:11:01.867+0000][1][safepoint   ] Safepoint "Cleanup", Time since last: 1000020656 ns, Reaching safepoint: 5044 ns, Cleanup: 8944 ns, At safepoint: 2305 ns, Total: 16293 ns
[2024-05-29T03:11:11.882+0000][1][safepoint   ] Safepoint "Cleanup", Time since last: 10015297671 ns, Reaching safepoint: 6119 ns, Cleanup: 16986 ns, At safepoint: 2519 ns, Total: 25624 ns
[2024-05-29T03:11:12.894+0000][1][safepoint   ] Safepoint "Cleanup", Time since last: 1012087066 ns, Reaching safepoint: 6252 ns, Cleanup: 13353 ns, At safepoint: 5363 ns, Total: 24968 ns
[2024-05-29T03:11:19.906+0000][1][safepoint   ] Safepoint "Cleanup", Time since last: 7012074372 ns, Reaching safepoint: 12908 ns, Cleanup: 14344 ns, At safepoint: 2517 ns, Total: 29769 ns
[2024-05-29T03:11:21.907+0000][1][safepoint   ] Safepoint "Cleanup", Time since last: 2000263269 ns, Reaching safepoint: 20998 ns, Cleanup: 38747 ns, At safepoint: 5206 ns, Total: 64951 ns
[2024-05-29T03:11:55.949+0000][1][safepoint   ] Safepoint "Cleanup", Time since last: 34041658735 ns, Reaching safepoint: 41609 ns, Cleanup: 33562 ns, At safepoint: 5178 ns, Total: 80349 ns
[2024-05-29T03:12:00.983+0000][1][safepoint   ] Safepoint "Cleanup", Time since last: 5034400446 ns, Reaching safepoint: 112793 ns, Cleanup: 11043 ns, At safepoint: 10416 ns, Total: 134252 ns
[2024-05-29T03:12:01.986+0000][1][safepoint   ] Safepoint "Cleanup", Time since last: 1002887556 ns, Reaching safepoint: 21230 ns, Cleanup: 19189 ns, At safepoint: 5153 ns, Total: 45572 ns
[2024-05-29T03:12:11.136+0000][1][gc,start    ] GC(29) Pause Young (Normal) (G1 Evacuation Pause)
[2024-05-29T03:12:11.136+0000][1][gc,task     ] GC(29) Using 2 workers of 2 for evacuation
[2024-05-29T03:12:11.136+0000][1][gc,age      ] GC(29) Desired survivor size 161480704 bytes, new threshold 15 (max threshold 15)
[2024-05-29T03:12:11.198+0000][1][gc,phases   ] GC(29)   Pre Evacuate Collection Set: 1.0ms
[2024-05-29T03:12:11.198+0000][1][gc,phases   ] GC(29)   Merge Heap Roots: 0.2ms
[2024-05-29T03:12:11.198+0000][1][gc,phases   ] GC(29)   Evacuate Collection Set: 57.8ms
[2024-05-29T03:12:11.198+0000][1][gc,phases   ] GC(29)   Post Evacuate Collection Set: 2.9ms
[2024-05-29T03:12:11.198+0000][1][gc,phases   ] GC(29)   Other: 0.3ms
[2024-05-29T03:12:11.198+0000][1][gc,age      ] GC(29) Age table with threshold 15 (max threshold 15)
[2024-05-29T03:12:11.198+0000][1][gc,age      ] GC(29) - age   1:    4269680 bytes,    4269680 total
[2024-05-29T03:12:11.198+0000][1][gc,age      ] GC(29) - age   2:     566392 bytes,    4836072 total
[2024-05-29T03:12:11.198+0000][1][gc,age      ] GC(29) - age   3:     568352 bytes,    5404424 total
[2024-05-29T03:12:11.198+0000][1][gc,age      ] GC(29) - age   4:     322848 bytes,    5727272 total
[2024-05-29T03:12:11.198+0000][1][gc,age      ] GC(29) - age   5:     222448 bytes,    5949720 total
[2024-05-29T03:12:11.198+0000][1][gc,age      ] GC(29) - age   6:     368184 bytes,    6317904 total
[2024-05-29T03:12:11.198+0000][1][gc,age      ] GC(29) - age   7:     251600 bytes,    6569504 total
[2024-05-29T03:12:11.198+0000][1][gc,age      ] GC(29) - age   8:     321224 bytes,    6890728 total
[2024-05-29T03:12:11.198+0000][1][gc,age      ] GC(29) - age   9:      97072 bytes,    6987800 total
[2024-05-29T03:12:11.198+0000][1][gc,age      ] GC(29) - age  10:      60168 bytes,    7047968 total
[2024-05-29T03:12:11.198+0000][1][gc,age      ] GC(29) - age  11:     285640 bytes,    7333608 total
[2024-05-29T03:12:11.198+0000][1][gc,age      ] GC(29) - age  12:      67448 bytes,    7401056 total
[2024-05-29T03:12:11.198+0000][1][gc,age      ] GC(29) - age  13:     136848 bytes,    7537904 total
[2024-05-29T03:12:11.198+0000][1][gc,age      ] GC(29) - age  14:     180368 bytes,    7718272 total
[2024-05-29T03:12:11.198+0000][1][gc,age      ] GC(29) - age  15:    2077672 bytes,    9795944 total
[2024-05-29T03:12:11.198+0000][1][gc,heap     ] GC(29) Eden regions: 1223->0(1223)
[2024-05-29T03:12:11.198+0000][1][gc,heap     ] GC(29) Survivor regions: 5->5(154)
[2024-05-29T03:12:11.198+0000][1][gc,heap     ] GC(29) Old regions: 22->22
[2024-05-29T03:12:11.198+0000][1][gc,heap     ] GC(29) Humongous regions: 16->0
[2024-05-29T03:12:11.198+0000][1][gc,metaspace] GC(29) Metaspace: 97757K(99136K)->97757K(99136K) NonClass: 85809K(86528K)->85809K(86528K) Class: 11947K(12608K)->11947K(12608K)
[2024-05-29T03:12:11.198+0000][1][gc          ] GC(29) Pause Young (Normal) (G1 Evacuation Pause) 2530M->52M(4096M) 62.636ms
[2024-05-29T03:12:11.198+0000][1][gc,cpu      ] GC(29) User=0.07s Sys=0.02s Real=0.06s
[2024-05-29T03:12:11.198+0000][1][safepoint   ] Safepoint "G1CollectForAllocation", Time since last: 9149477204 ns, Reaching safepoint: 126173 ns, Cleanup: 6476 ns, At safepoint: 62720400 ns, Total: 62853049 ns
[2024-05-29T03:12:20.991+0000][1][safepoint   ] Safepoint "Cleanup", Time since last: 9792809692 ns, Reaching safepoint: 89528 ns, Cleanup: 13075 ns, At safepoint: 15810 ns, Total: 118413 ns
[2024-05-29T03:12:26.016+0000][1][safepoint   ] Safepoint "Cleanup", Time since last: 5024992491 ns, Reaching safepoint: 4997 ns, Cleanup: 7940 ns, At safepoint: 2368 ns, Total: 15305 ns
[2024-05-29T03:12:27.018+0000][1][safepoint   ] Safepoint "Cleanup", Time since last: 1002020888 ns, Reaching safepoint: 16854 ns, Cleanup: 13652 ns, At safepoint: 3335 ns, Total: 33841 ns
[2024-05-29T03:12:29.045+0000][1][safepoint   ] Safepoint "Cleanup", Time since last: 2026216880 ns, Reaching safepoint: 6199 ns, Cleanup: 10644 ns, At safepoint: 2312 ns, Total: 19155 ns
[2024-05-29T03:12:36.034+0000][1][safepoint   ] Safepoint "Cleanup", Time since last: 6989218512 ns, Reaching safepoint: 13711 ns, Cleanup: 12558 ns, At safepoint: 3209 ns, Total: 29478 ns
[2024-05-29T03:12:53.058+0000][1][safepoint   ] Safepoint "Cleanup", Time since last: 17024211611 ns, Reaching safepoint: 10993 ns, Cleanup: 14245 ns, At safepoint: 3178 ns, Total: 28416 ns
[2024-05-29T03:13:00.080+0000][1][safepoint   ] Safepoint "Cleanup", Time since last: 7022070616 ns, Reaching safepoint: 37982 ns, Cleanup: 45319 ns, At safepoint: 4351 ns, Total: 87652 ns
[2024-05-29T03:13:01.081+0000][1][safepoint   ] Safepoint "Cleanup", Time since last: 1000376518 ns, Reaching safepoint: 95784 ns, Cleanup: 12994 ns, At safepoint: 10599 ns, Total: 119377 ns
[2024-05-29T03:13:04.093+0000][1][safepoint   ] Safepoint "Cleanup", Time since last: 3012546116 ns, Reaching safepoint: 4819 ns, Cleanup: 6904 ns, At safepoint: 2237 ns, Total: 13960 ns
[2024-05-29T03:13:11.076+0000][1][safepoint   ] Safepoint "Cleanup", Time since last: 6982455204 ns, Reaching safepoint: 16025 ns, Cleanup: 13573 ns, At safepoint: 3542 ns, Total: 33140 ns
[2024-05-29T03:13:12.115+0000][1][safepoint   ] Safepoint "Cleanup", Time since last: 1038955238 ns, Reaching safepoint: 16238 ns, Cleanup: 14826 ns, At safepoint: 3627 ns, Total: 34691 ns
[2024-05-29T03:13:14.082+0000][1][safepoint   ] Safepoint "Cleanup", Time since last: 1966856582 ns, Reaching safepoint: 5089 ns, Cleanup: 10030 ns, At safepoint: 2632 ns, Total: 17751 ns
[2024-05-29T03:13:21.124+0000][1][safepoint   ] Safepoint "Cleanup", Time since last: 7042078638 ns, Reaching safepoint: 96030 ns, Cleanup: 21133 ns, At safepoint: 12252 ns, Total: 129415 ns
[2024-05-29T03:13:21.810+0000][1][gc,start    ] GC(30) Pause Young (Normal) (G1 Evacuation Pause)
[2024-05-29T03:13:21.810+0000][1][gc,task     ] GC(30) Using 2 workers of 2 for evacuation
[2024-05-29T03:13:21.810+0000][1][gc,age      ] GC(30) Desired survivor size 161480704 bytes, new threshold 15 (max threshold 15)
[2024-05-29T03:13:21.845+0000][1][gc,phases   ] GC(30)   Pre Evacuate Collection Set: 0.6ms
[2024-05-29T03:13:21.845+0000][1][gc,phases   ] GC(30)   Merge Heap Roots: 0.5ms
[2024-05-29T03:13:21.845+0000][1][gc,phases   ] GC(30)   Evacuate Collection Set: 31.8ms
[2024-05-29T03:13:21.845+0000][1][gc,phases   ] GC(30)   Post Evacuate Collection Set: 2.5ms
[2024-05-29T03:13:21.845+0000][1][gc,phases   ] GC(30)   Other: 0.1ms
[2024-05-29T03:13:21.845+0000][1][gc,age      ] GC(30) Age table with threshold 15 (max threshold 15)
[2024-05-29T03:13:21.845+0000][1][gc,age      ] GC(30) - age   1:    4996824 bytes,    4996824 total
[2024-05-29T03:13:21.845+0000][1][gc,age      ] GC(30) - age   2:     614768 bytes,    5611592 total
[2024-05-29T03:13:21.845+0000][1][gc,age      ] GC(30) - age   3:     457536 bytes,    6069128 total
[2024-05-29T03:13:21.845+0000][1][gc,age      ] GC(30) - age   4:     426280 bytes,    6495408 total
[2024-05-29T03:13:21.845+0000][1][gc,age      ] GC(30) - age   5:     193320 bytes,    6688728 total
[2024-05-29T03:13:21.845+0000][1][gc,age      ] GC(30) - age   6:     187728 bytes,    6876456 total
[2024-05-29T03:13:21.845+0000][1][gc,age      ] GC(30) - age   7:     368184 bytes,    7244640 total
[2024-05-29T03:13:21.845+0000][1][gc,age      ] GC(30) - age   8:     250784 bytes,    7495424 total
[2024-05-29T03:13:21.845+0000][1][gc,age      ] GC(30) - age   9:     321224 bytes,    7816648 total
[2024-05-29T03:13:21.845+0000][1][gc,age      ] GC(30) - age  10:      97072 bytes,    7913720 total
[2024-05-29T03:13:21.845+0000][1][gc,age      ] GC(30) - age  11:      60168 bytes,    7973888 total
[2024-05-29T03:13:21.845+0000][1][gc,age      ] GC(30) - age  12:     285640 bytes,    8259528 total
[2024-05-29T03:13:21.845+0000][1][gc,age      ] GC(30) - age  13:      67448 bytes,    8326976 total
[2024-05-29T03:13:21.845+0000][1][gc,age      ] GC(30) - age  14:     136848 bytes,    8463824 total
[2024-05-29T03:13:21.845+0000][1][gc,age      ] GC(30) - age  15:     180368 bytes,    8644192 total
[2024-05-29T03:13:21.845+0000][1][gc,heap     ] GC(30) Eden regions: 1223->0(1223)
[2024-05-29T03:13:21.845+0000][1][gc,heap     ] GC(30) Survivor regions: 5->5(154)
[2024-05-29T03:13:21.845+0000][1][gc,heap     ] GC(30) Old regions: 22->23
[2024-05-29T03:13:21.845+0000][1][gc,heap     ] GC(30) Humongous regions: 14->0
[2024-05-29T03:13:21.845+0000][1][gc,metaspace] GC(30) Metaspace: 97771K(99200K)->97771K(99200K) NonClass: 85823K(86592K)->85823K(86592K) Class: 11948K(12608K)->11948K(12608K)
[2024-05-29T03:13:21.845+0000][1][gc          ] GC(30) Pause Young (Normal) (G1 Evacuation Pause) 2526M->53M(4096M) 35.875ms
[2024-05-29T03:13:21.845+0000][1][gc,cpu      ] GC(30) User=0.07s Sys=0.00s Real=0.03s
[2024-05-29T03:13:21.846+0000][1][safepoint   ] Safepoint "G1CollectForAllocation", Time since last: 685706628 ns, Reaching safepoint: 12563 ns, Cleanup: 18077 ns, At safepoint: 36047620 ns, Total: 36078260 ns
[2024-05-29T03:13:23.098+0000][1][safepoint   ] Safepoint "Cleanup", Time since last: 1251937964 ns, Reaching safepoint: 15735 ns, Cleanup: 13890 ns, At safepoint: 3417 ns, Total: 33042 ns
[2024-05-29T03:13:28.098+0000][1][safepoint   ] Safepoint "Cleanup", Time since last: 5000570114 ns, Reaching safepoint: 39293 ns, Cleanup: 25133 ns, At safepoint: 5033 ns, Total: 69459 ns
[2024-05-29T03:13:45.186+0000][1][safepoint   ] Safepoint "Cleanup", Time since last: 17087351102 ns, Reaching safepoint: 5635 ns, Cleanup: 9836 ns, At safepoint: 2407 ns, Total: 17878 ns
[2024-05-29T03:13:48.163+0000][1][safepoint   ] Safepoint "Cleanup", Time since last: 2977180388 ns, Reaching safepoint: 5783 ns, Cleanup: 10385 ns, At safepoint: 2749 ns, Total: 18917 ns
[2024-05-29T03:13:51.104+0000][1][safepoint   ] Safepoint "Cleanup", Time since last: 2941085414 ns, Reaching safepoint: 85535 ns, Cleanup: 9989 ns, At safepoint: 8748 ns, Total: 104272 ns
[2024-05-29T03:14:01.176+0000][1][safepoint   ] Safepoint "Cleanup", Time since last: 10071644161 ns, Reaching safepoint: 93276 ns, Cleanup: 12888 ns, At safepoint: 13059 ns, Total: 119223 ns
[2024-05-29T03:14:10.193+0000][1][safepoint   ] Safepoint "Cleanup", Time since last: 9017075012 ns, Reaching safepoint: 5792 ns, Cleanup: 8057 ns, At safepoint: 2254 ns, Total: 16103 ns
[2024-05-29T03:14:11.194+0000][1][safepoint   ] Safepoint "Cleanup", Time since last: 1001363363 ns, Reaching safepoint: 112471 ns, Cleanup: 12204 ns, At safepoint: 11333 ns, Total: 136008 ns
[2024-05-29T03:14:12.195+0000][1][safepoint   ] Safepoint "Cleanup", Time since last: 1000304301 ns, Reaching safepoint: 12160 ns, Cleanup: 14120 ns, At safepoint: 3152 ns, Total: 29432 ns
[2024-05-29T03:14:21.215+0000][1][safepoint   ] Safepoint "Cleanup", Time since last: 9019742822 ns, Reaching safepoint: 88110 ns, Cleanup: 13220 ns, At safepoint: 11278 ns, Total: 112608 ns
[2024-05-29T03:14:25.215+0000][1][safepoint   ] Safepoint "Cleanup", Time since last: 4000621294 ns, Reaching safepoint: 14433 ns, Cleanup: 15240 ns, At safepoint: 7889 ns, Total: 37562 ns
[2024-05-29T03:14:31.214+0000][1][safepoint   ] Safepoint "Cleanup", Time since last: 5998675596 ns, Reaching safepoint: 42616 ns, Cleanup: 15069 ns, At safepoint: 8842 ns, Total: 66527 ns
[2024-05-29T03:14:41.230+0000][1][safepoint   ] Safepoint "Cleanup", Time since last: 10015492859 ns, Reaching safepoint: 119141 ns, Cleanup: 11999 ns, At safepoint: 10642 ns, Total: 141782 ns
[2024-05-29T03:14:41.290+0000][1][gc,start    ] GC(31) Pause Young (Normal) (G1 Evacuation Pause)
[2024-05-29T03:14:41.290+0000][1][gc,task     ] GC(31) Using 2 workers of 2 for evacuation
[2024-05-29T03:14:41.290+0000][1][gc,age      ] GC(31) Desired survivor size 161480704 bytes, new threshold 15 (max threshold 15)
[2024-05-29T03:14:41.310+0000][1][gc,phases   ] GC(31)   Pre Evacuate Collection Set: 0.6ms
[2024-05-29T03:14:41.310+0000][1][gc,phases   ] GC(31)   Merge Heap Roots: 0.3ms
[2024-05-29T03:14:41.310+0000][1][gc,phases   ] GC(31)   Evacuate Collection Set: 17.0ms
[2024-05-29T03:14:41.310+0000][1][gc,phases   ] GC(31)   Post Evacuate Collection Set: 2.2ms
[2024-05-29T03:14:41.310+0000][1][gc,phases   ] GC(31)   Other: 0.1ms
[2024-05-29T03:14:41.310+0000][1][gc,age      ] GC(31) Age table with threshold 15 (max threshold 15)
[2024-05-29T03:14:41.310+0000][1][gc,age      ] GC(31) - age   1:    4534624 bytes,    4534624 total
[2024-05-29T03:14:41.310+0000][1][gc,age      ] GC(31) - age   2:     495744 bytes,    5030368 total
[2024-05-29T03:14:41.310+0000][1][gc,age      ] GC(31) - age   3:     478528 bytes,    5508896 total
[2024-05-29T03:14:41.310+0000][1][gc,age      ] GC(31) - age   4:     407728 bytes,    5916624 total
[2024-05-29T03:14:41.310+0000][1][gc,age      ] GC(31) - age   5:     394808 bytes,    6311432 total
[2024-05-29T03:14:41.310+0000][1][gc,age      ] GC(31) - age   6:     193320 bytes,    6504752 total
[2024-05-29T03:14:41.310+0000][1][gc,age      ] GC(31) - age   7:     127168 bytes,    6631920 total
[2024-05-29T03:14:41.310+0000][1][gc,age      ] GC(31) - age   8:     305976 bytes,    6937896 total
[2024-05-29T03:14:41.310+0000][1][gc,age      ] GC(31) - age   9:     130096 bytes,    7067992 total
[2024-05-29T03:14:41.310+0000][1][gc,age      ] GC(31) - age  10:     260816 bytes,    7328808 total
[2024-05-29T03:14:41.310+0000][1][gc,age      ] GC(31) - age  11:      97072 bytes,    7425880 total
[2024-05-29T03:14:41.310+0000][1][gc,age      ] GC(31) - age  12:      60168 bytes,    7486048 total
[2024-05-29T03:14:41.310+0000][1][gc,age      ] GC(31) - age  13:     285640 bytes,    7771688 total
[2024-05-29T03:14:41.310+0000][1][gc,age      ] GC(31) - age  14:      67448 bytes,    7839136 total
[2024-05-29T03:14:41.310+0000][1][gc,age      ] GC(31) - age  15:     136848 bytes,    7975984 total
[2024-05-29T03:14:41.310+0000][1][gc,heap     ] GC(31) Eden regions: 1223->0(1224)
[2024-05-29T03:14:41.310+0000][1][gc,heap     ] GC(31) Survivor regions: 5->4(154)
[2024-05-29T03:14:41.310+0000][1][gc,heap     ] GC(31) Old regions: 23->23
[2024-05-29T03:14:41.310+0000][1][gc,heap     ] GC(31) Humongous regions: 16->0
[2024-05-29T03:14:41.310+0000][1][gc,metaspace] GC(31) Metaspace: 97788K(99264K)->97788K(99264K) NonClass: 85839K(86656K)->85839K(86656K) Class: 11948K(12608K)->11948K(12608K)
[2024-05-29T03:14:41.310+0000][1][gc          ] GC(31) Pause Young (Normal) (G1 Evacuation Pause) 2531M->52M(4096M) 20.671ms
[2024-05-29T03:14:41.310+0000][1][gc,cpu      ] GC(31) User=0.04s Sys=0.00s Real=0.02s
[2024-05-29T03:14:41.310+0000][1][safepoint   ] Safepoint "G1CollectForAllocation", Time since last: 60112725 ns, Reaching safepoint: 14261 ns, Cleanup: 6049 ns, At safepoint: 20743033 ns, Total: 20763343 ns
[2024-05-29T03:14:43.252+0000][1][safepoint   ] Safepoint "Cleanup", Time since last: 1941366411 ns, Reaching safepoint: 11844 ns, Cleanup: 19949 ns, At safepoint: 2367 ns, Total: 34160 ns
[2024-05-29T03:14:52.133+0000][1][safepoint   ] Safepoint "Cleanup", Time since last: 8881539476 ns, Reaching safepoint: 16810 ns, Cleanup: 16888 ns, At safepoint: 3668 ns, Total: 37366 ns
[2024-05-29T03:14:54.252+0000][1][safepoint   ] Safepoint "Cleanup", Time since last: 2118900375 ns, Reaching safepoint: 15063 ns, Cleanup: 14157 ns, At safepoint: 3659 ns, Total: 32879 ns
[2024-05-29T03:14:56.245+0000][1][safepoint   ] Safepoint "Cleanup", Time since last: 1992356237 ns, Reaching safepoint: 5389 ns, Cleanup: 9077 ns, At safepoint: 2552 ns, Total: 17018 ns
[2024-05-29T03:15:02.293+0000][1][safepoint   ] Safepoint "Cleanup", Time since last: 6048032752 ns, Reaching safepoint: 14698 ns, Cleanup: 13136 ns, At safepoint: 3876 ns, Total: 31710 ns
[2024-05-29T03:15:18.333+0000][1][safepoint   ] Safepoint "Cleanup", Time since last: 16040471257 ns, Reaching safepoint: 25827 ns, Cleanup: 7687 ns, At safepoint: 2742 ns, Total: 36256 ns
[2024-05-29T03:15:41.355+0000][1][safepoint   ] Safepoint "Cleanup", Time since last: 23021426290 ns, Reaching safepoint: 118538 ns, Cleanup: 13303 ns, At safepoint: 8503 ns, Total: 140344 ns
[2024-05-29T03:15:43.308+0000][1][safepoint   ] Safepoint "Cleanup", Time since last: 1953555497 ns, Reaching safepoint: 12347 ns, Cleanup: 15019 ns, At safepoint: 3832 ns, Total: 31198 ns
[2024-05-29T03:15:51.166+0000][1][safepoint   ] Safepoint "Cleanup", Time since last: 7857380393 ns, Reaching safepoint: 8678 ns, Cleanup: 10940 ns, At safepoint: 3608 ns, Total: 23226 ns
[2024-05-29T03:15:54.385+0000][1][safepoint   ] Safepoint "Cleanup", Time since last: 3218993432 ns, Reaching safepoint: 4923 ns, Cleanup: 7005 ns, At safepoint: 2123 ns, Total: 14051 ns
[2024-05-29T03:15:55.391+0000][1][safepoint   ] Safepoint "Cleanup", Time since last: 1006535843 ns, Reaching safepoint: 5215 ns, Cleanup: 14624 ns, At safepoint: 5383 ns, Total: 25222 ns
[2024-05-29T03:15:57.369+0000][1][safepoint   ] Safepoint "Cleanup", Time since last: 1977670107 ns, Reaching safepoint: 5073 ns, Cleanup: 11840 ns, At safepoint: 2115 ns, Total: 19028 ns
[2024-05-29T03:16:00.934+0000][1][gc,start    ] GC(32) Pause Young (Normal) (G1 Evacuation Pause)
[2024-05-29T03:16:00.934+0000][1][gc,task     ] GC(32) Using 2 workers of 2 for evacuation
[2024-05-29T03:16:00.934+0000][1][gc,age      ] GC(32) Desired survivor size 161480704 bytes, new threshold 15 (max threshold 15)
[2024-05-29T03:16:00.960+0000][1][gc,phases   ] GC(32)   Pre Evacuate Collection Set: 0.9ms
[2024-05-29T03:16:00.960+0000][1][gc,phases   ] GC(32)   Merge Heap Roots: 0.2ms
[2024-05-29T03:16:00.960+0000][1][gc,phases   ] GC(32)   Evacuate Collection Set: 19.2ms
[2024-05-29T03:16:00.960+0000][1][gc,phases   ] GC(32)   Post Evacuate Collection Set: 5.6ms
[2024-05-29T03:16:00.961+0000][1][gc,phases   ] GC(32)   Other: 0.3ms
[2024-05-29T03:16:00.961+0000][1][gc,age      ] GC(32) Age table with threshold 15 (max threshold 15)
[2024-05-29T03:16:00.961+0000][1][gc,age      ] GC(32) - age   1:    3021168 bytes,    3021168 total
[2024-05-29T03:16:00.961+0000][1][gc,age      ] GC(32) - age   2:     697944 bytes,    3719112 total
[2024-05-29T03:16:00.961+0000][1][gc,age      ] GC(32) - age   3:     444696 bytes,    4163808 total
[2024-05-29T03:16:00.961+0000][1][gc,age      ] GC(32) - age   4:     440760 bytes,    4604568 total
[2024-05-29T03:16:00.961+0000][1][gc,age      ] GC(32) - age   5:     376088 bytes,    4980656 total
[2024-05-29T03:16:00.961+0000][1][gc,age      ] GC(32) - age   6:     358712 bytes,    5339368 total
[2024-05-29T03:16:00.961+0000][1][gc,age      ] GC(32) - age   7:     193320 bytes,    5532688 total
[2024-05-29T03:16:00.961+0000][1][gc,age      ] GC(32) - age   8:      96328 bytes,    5629016 total
[2024-05-29T03:16:00.961+0000][1][gc,age      ] GC(32) - age   9:     275200 bytes,    5904216 total
[2024-05-29T03:16:00.961+0000][1][gc,age      ] GC(32) - age  10:     130096 bytes,    6034312 total
[2024-05-29T03:16:00.961+0000][1][gc,age      ] GC(32) - age  11:     260816 bytes,    6295128 total
[2024-05-29T03:16:00.961+0000][1][gc,age      ] GC(32) - age  12:      97072 bytes,    6392200 total
[2024-05-29T03:16:00.961+0000][1][gc,age      ] GC(32) - age  13:      60168 bytes,    6452368 total
[2024-05-29T03:16:00.961+0000][1][gc,age      ] GC(32) - age  14:     285640 bytes,    6738008 total
[2024-05-29T03:16:00.961+0000][1][gc,age      ] GC(32) - age  15:      67448 bytes,    6805456 total
[2024-05-29T03:16:00.961+0000][1][gc,heap     ] GC(32) Eden regions: 1224->0(1224)
[2024-05-29T03:16:00.961+0000][1][gc,heap     ] GC(32) Survivor regions: 4->4(154)
[2024-05-29T03:16:00.961+0000][1][gc,heap     ] GC(32) Old regions: 23->23
[2024-05-29T03:16:00.961+0000][1][gc,heap     ] GC(32) Humongous regions: 14->0
[2024-05-29T03:16:00.961+0000][1][gc,metaspace] GC(32) Metaspace: 97801K(99264K)->97801K(99264K) NonClass: 85852K(86656K)->85852K(86656K) Class: 11948K(12608K)->11948K(12608K)
[2024-05-29T03:16:00.961+0000][1][gc          ] GC(32) Pause Young (Normal) (G1 Evacuation Pause) 2528M->52M(4096M) 27.090ms
[2024-05-29T03:16:00.961+0000][1][gc,cpu      ] GC(32) User=0.04s Sys=0.00s Real=0.03s
[2024-05-29T03:16:00.961+0000][1][safepoint   ] Safepoint "G1CollectForAllocation", Time since last: 3563960554 ns, Reaching safepoint: 540446 ns, Cleanup: 12936 ns, At safepoint: 27248113 ns, Total: 27801495 ns
[2024-05-29T03:16:12.356+0000][1][safepoint   ] Safepoint "Cleanup", Time since last: 11395492482 ns, Reaching safepoint: 11997 ns, Cleanup: 14047 ns, At safepoint: 2561 ns, Total: 28605 ns
[2024-05-29T03:16:14.380+0000][1][safepoint   ] Safepoint "Cleanup", Time since last: 2023217205 ns, Reaching safepoint: 5860 ns, Cleanup: 11236 ns, At safepoint: 2190 ns, Total: 19286 ns
[2024-05-29T03:16:22.370+0000][1][safepoint   ] Safepoint "Cleanup", Time since last: 7989896558 ns, Reaching safepoint: 13714 ns, Cleanup: 13824 ns, At safepoint: 2736 ns, Total: 30274 ns
[2024-05-29T03:16:23.370+0000][1][safepoint   ] Safepoint "Cleanup", Time since last: 1000147812 ns, Reaching safepoint: 202651 ns, Cleanup: 13144 ns, At safepoint: 4697 ns, Total: 220492 ns
[2024-05-29T03:16:26.378+0000][1][safepoint   ] Safepoint "Cleanup", Time since last: 3007704299 ns, Reaching safepoint: 7121 ns, Cleanup: 21546 ns, At safepoint: 3078 ns, Total: 31745 ns
[2024-05-29T03:16:49.404+0000][1][safepoint   ] Safepoint "Cleanup", Time since last: 23026573936 ns, Reaching safepoint: 18800 ns, Cleanup: 8240 ns, At safepoint: 2608 ns, Total: 29648 ns
[2024-05-29T03:16:52.410+0000][1][safepoint   ] Safepoint "Cleanup", Time since last: 3006020880 ns, Reaching safepoint: 4657 ns, Cleanup: 13371 ns, At safepoint: 2280 ns, Total: 20308 ns
[2024-05-29T03:17:01.411+0000][1][safepoint   ] Safepoint "Cleanup", Time since last: 9000663586 ns, Reaching safepoint: 5425 ns, Cleanup: 9064 ns, At safepoint: 2378 ns, Total: 16867 ns
[2024-05-29T03:17:04.443+0000][1][safepoint   ] Safepoint "Cleanup", Time since last: 3031544464 ns, Reaching safepoint: 16054 ns, Cleanup: 13379 ns, At safepoint: 3369 ns, Total: 32802 ns
[2024-05-29T03:17:05.449+0000][1][safepoint   ] Safepoint "Cleanup", Time since last: 1006751020 ns, Reaching safepoint: 13760 ns, Cleanup: 14981 ns, At safepoint: 2305 ns, Total: 31046 ns
[2024-05-29T03:17:17.422+0000][1][safepoint   ] Safepoint "Cleanup", Time since last: 11972808878 ns, Reaching safepoint: 16805 ns, Cleanup: 9373 ns, At safepoint: 2300 ns, Total: 28478 ns
[2024-05-29T03:17:19.439+0000][1][safepoint   ] Safepoint "Cleanup", Time since last: 2017266389 ns, Reaching safepoint: 16776 ns, Cleanup: 14776 ns, At safepoint: 3396 ns, Total: 34948 ns
[2024-05-29T03:17:20.440+0000][1][safepoint   ] Safepoint "Cleanup", Time since last: 1000373088 ns, Reaching safepoint: 13150 ns, Cleanup: 12915 ns, At safepoint: 2945 ns, Total: 29010 ns
[2024-05-29T03:17:23.475+0000][1][safepoint   ] Safepoint "Cleanup", Time since last: 3035528922 ns, Reaching safepoint: 5393 ns, Cleanup: 6925 ns, At safepoint: 2240 ns, Total: 14558 ns
[2024-05-29T03:17:26.440+0000][1][safepoint   ] Safepoint "Cleanup", Time since last: 2964990902 ns, Reaching safepoint: 9876 ns, Cleanup: 8898 ns, At safepoint: 2744 ns, Total: 21518 ns
[2024-05-29T03:17:35.453+0000][1][safepoint   ] Safepoint "Cleanup", Time since last: 9012080134 ns, Reaching safepoint: 5052 ns, Cleanup: 26336 ns, At safepoint: 2156 ns, Total: 33544 ns
[2024-05-29T03:17:36.459+0000][1][safepoint   ] Safepoint "Cleanup", Time since last: 1006259329 ns, Reaching safepoint: 6463 ns, Cleanup: 12060 ns, At safepoint: 5665 ns, Total: 24188 ns
[2024-05-29T03:17:39.487+0000][1][safepoint   ] Safepoint "Cleanup", Time since last: 3027589804 ns, Reaching safepoint: 138910 ns, Cleanup: 12166 ns, At safepoint: 13247 ns, Total: 164323 ns
[2024-05-29T03:17:41.469+0000][1][safepoint   ] Safepoint "Cleanup", Time since last: 1982658872 ns, Reaching safepoint: 12150 ns, Cleanup: 12868 ns, At safepoint: 2585 ns, Total: 27603 ns
[2024-05-29T03:17:49.415+0000][1][gc,start    ] GC(33) Pause Young (Normal) (G1 Evacuation Pause)
[2024-05-29T03:17:49.415+0000][1][gc,task     ] GC(33) Using 2 workers of 2 for evacuation
[2024-05-29T03:17:49.415+0000][1][gc,age      ] GC(33) Desired survivor size 161480704 bytes, new threshold 15 (max threshold 15)
[2024-05-29T03:17:49.434+0000][1][gc,phases   ] GC(33)   Pre Evacuate Collection Set: 0.7ms
[2024-05-29T03:17:49.434+0000][1][gc,phases   ] GC(33)   Merge Heap Roots: 0.2ms
[2024-05-29T03:17:49.434+0000][1][gc,phases   ] GC(33)   Evacuate Collection Set: 16.0ms
[2024-05-29T03:17:49.434+0000][1][gc,phases   ] GC(33)   Post Evacuate Collection Set: 2.6ms
[2024-05-29T03:17:49.434+0000][1][gc,phases   ] GC(33)   Other: 0.2ms
[2024-05-29T03:17:49.434+0000][1][gc,age      ] GC(33) Age table with threshold 15 (max threshold 15)
[2024-05-29T03:17:49.434+0000][1][gc,age      ] GC(33) - age   1:    4769552 bytes,    4769552 total
[2024-05-29T03:17:49.434+0000][1][gc,age      ] GC(33) - age   2:     430016 bytes,    5199568 total
[2024-05-29T03:17:49.434+0000][1][gc,age      ] GC(33) - age   3:     505088 bytes,    5704656 total
[2024-05-29T03:17:49.434+0000][1][gc,age      ] GC(33) - age   4:     253472 bytes,    5958128 total
[2024-05-29T03:17:49.434+0000][1][gc,age      ] GC(33) - age   5:     377016 bytes,    6335144 total
[2024-05-29T03:17:49.434+0000][1][gc,age      ] GC(33) - age   6:     344896 bytes,    6680040 total
[2024-05-29T03:17:49.434+0000][1][gc,age      ] GC(33) - age   7:     266208 bytes,    6946248 total
[2024-05-29T03:17:49.434+0000][1][gc,age      ] GC(33) - age   8:     131736 bytes,    7077984 total
[2024-05-29T03:17:49.434+0000][1][gc,age      ] GC(33) - age   9:      65456 bytes,    7143440 total
[2024-05-29T03:17:49.434+0000][1][gc,age      ] GC(33) - age  10:     208032 bytes,    7351472 total
[2024-05-29T03:17:49.434+0000][1][gc,age      ] GC(33) - age  11:      99304 bytes,    7450776 total
[2024-05-29T03:17:49.434+0000][1][gc,age      ] GC(33) - age  12:     260816 bytes,    7711592 total
[2024-05-29T03:17:49.434+0000][1][gc,age      ] GC(33) - age  13:      97072 bytes,    7808664 total
[2024-05-29T03:17:49.434+0000][1][gc,age      ] GC(33) - age  14:      60168 bytes,    7868832 total
[2024-05-29T03:17:49.435+0000][1][gc,age      ] GC(33) - age  15:     285640 bytes,    8154472 total
[2024-05-29T03:17:49.435+0000][1][gc,heap     ] GC(33) Eden regions: 1224->0(1224)
[2024-05-29T03:17:49.435+0000][1][gc,heap     ] GC(33) Survivor regions: 4->4(154)
[2024-05-29T03:17:49.435+0000][1][gc,heap     ] GC(33) Old regions: 23->23
[2024-05-29T03:17:49.435+0000][1][gc,heap     ] GC(33) Humongous regions: 16->0
[2024-05-29T03:17:49.435+0000][1][gc,metaspace] GC(33) Metaspace: 97812K(99264K)->97812K(99264K) NonClass: 85864K(86656K)->85864K(86656K) Class: 11948K(12608K)->11948K(12608K)
[2024-05-29T03:17:49.435+0000][1][gc          ] GC(33) Pause Young (Normal) (G1 Evacuation Pause) 2532M->53M(4096M) 20.061ms
[2024-05-29T03:17:49.435+0000][1][gc,cpu      ] GC(33) User=0.04s Sys=0.00s Real=0.02s
[2024-05-29T03:17:49.435+0000][1][safepoint   ] Safepoint "G1CollectForAllocation", Time since last: 7945138928 ns, Reaching safepoint: 100795 ns, Cleanup: 5592 ns, At safepoint: 20136238 ns, Total: 20242625 ns
[2024-05-29T03:17:52.490+0000][1][safepoint   ] Safepoint "Cleanup", Time since last: 3055793153 ns, Reaching safepoint: 4957 ns, Cleanup: 8945 ns, At safepoint: 1995 ns, Total: 15897 ns
[2024-05-29T03:17:54.484+0000][1][safepoint   ] Safepoint "Cleanup", Time since last: 1993291492 ns, Reaching safepoint: 13162 ns, Cleanup: 12277 ns, At safepoint: 2710 ns, Total: 28149 ns
[2024-05-29T03:17:59.499+0000][1][safepoint   ] Safepoint "Cleanup", Time since last: 5014797410 ns, Reaching safepoint: 113336 ns, Cleanup: 11886 ns, At safepoint: 11957 ns, Total: 137179 ns
[2024-05-29T03:18:01.493+0000][1][safepoint   ] Safepoint "Cleanup", Time since last: 1993913964 ns, Reaching safepoint: 16904 ns, Cleanup: 26803 ns, At safepoint: 3273 ns, Total: 46980 ns
[2024-05-29T03:18:07.532+0000][1][safepoint   ] Safepoint "Cleanup", Time since last: 6039130169 ns, Reaching safepoint: 5423 ns, Cleanup: 9122 ns, At safepoint: 2168 ns, Total: 16713 ns
[2024-05-29T03:18:09.525+0000][1][safepoint   ] Safepoint "Cleanup", Time since last: 1992833460 ns, Reaching safepoint: 173469 ns, Cleanup: 12810 ns, At safepoint: 14666 ns, Total: 200945 ns
[2024-05-29T03:18:25.535+0000][1][safepoint   ] Safepoint "Cleanup", Time since last: 16009979740 ns, Reaching safepoint: 12315 ns, Cleanup: 16514 ns, At safepoint: 2725 ns, Total: 31554 ns
[2024-05-29T03:18:53.281+0000][1][safepoint   ] Safepoint "Cleanup", Time since last: 27745787327 ns, Reaching safepoint: 13075 ns, Cleanup: 15896 ns, At safepoint: 2756 ns, Total: 31727 ns
[2024-05-29T03:19:00.282+0000][1][safepoint   ] Safepoint "Cleanup", Time since last: 7000905138 ns, Reaching safepoint: 15708 ns, Cleanup: 15357 ns, At safepoint: 3560 ns, Total: 34625 ns
[2024-05-29T03:19:20.285+0000][1][safepoint   ] Safepoint "Cleanup", Time since last: 20003036089 ns, Reaching safepoint: 43321 ns, Cleanup: 14724 ns, At safepoint: 3442 ns, Total: 61487 ns
[2024-05-29T03:19:48.288+0000][1][safepoint   ] Safepoint "Cleanup", Time since last: 28002971065 ns, Reaching safepoint: 68056 ns, Cleanup: 12683 ns, At safepoint: 4042 ns, Total: 84781 ns
[2024-05-29T03:19:49.544+0000][1][safepoint   ] Safepoint "Cleanup", Time since last: 1256299841 ns, Reaching safepoint: 5179 ns, Cleanup: 17683 ns, At safepoint: 2344 ns, Total: 25206 ns
[2024-05-29T03:19:50.586+0000][1][safepoint   ] Safepoint "Cleanup", Time since last: 1041966453 ns, Reaching safepoint: 13249 ns, Cleanup: 17671 ns, At safepoint: 2583 ns, Total: 33503 ns
[2024-05-29T03:19:51.621+0000][1][safepoint   ] Safepoint "Cleanup", Time since last: 1034536739 ns, Reaching safepoint: 6086 ns, Cleanup: 20249 ns, At safepoint: 2418 ns, Total: 28753 ns
[2024-05-29T03:19:52.660+0000][1][safepoint   ] Safepoint "Cleanup", Time since last: 1039263873 ns, Reaching safepoint: 5323 ns, Cleanup: 13701 ns, At safepoint: 2496 ns, Total: 21520 ns
[2024-05-29T03:19:59.723+0000][1][safepoint   ] Safepoint "Cleanup", Time since last: 7062500188 ns, Reaching safepoint: 45426 ns, Cleanup: 18368 ns, At safepoint: 3312 ns, Total: 67106 ns
[2024-05-29T03:20:01.679+0000][1][safepoint   ] Safepoint "Cleanup", Time since last: 1956652986 ns, Reaching safepoint: 20627 ns, Cleanup: 15880 ns, At safepoint: 3672 ns, Total: 40179 ns
[2024-05-29T03:20:17.664+0000][1][gc,start    ] GC(34) Pause Young (Normal) (G1 Evacuation Pause)
[2024-05-29T03:20:17.664+0000][1][gc,task     ] GC(34) Using 2 workers of 2 for evacuation
[2024-05-29T03:20:17.664+0000][1][gc,age      ] GC(34) Desired survivor size 161480704 bytes, new threshold 15 (max threshold 15)
[2024-05-29T03:20:17.682+0000][1][gc,phases   ] GC(34)   Pre Evacuate Collection Set: 1.0ms
[2024-05-29T03:20:17.682+0000][1][gc,phases   ] GC(34)   Merge Heap Roots: 0.6ms
[2024-05-29T03:20:17.682+0000][1][gc,phases   ] GC(34)   Evacuate Collection Set: 13.4ms
[2024-05-29T03:20:17.682+0000][1][gc,phases   ] GC(34)   Post Evacuate Collection Set: 3.0ms
[2024-05-29T03:20:17.682+0000][1][gc,phases   ] GC(34)   Other: 0.1ms
[2024-05-29T03:20:17.682+0000][1][gc,age      ] GC(34) Age table with threshold 15 (max threshold 15)
[2024-05-29T03:20:17.682+0000][1][gc,age      ] GC(34) - age   1:    1480240 bytes,    1480240 total
[2024-05-29T03:20:17.682+0000][1][gc,age      ] GC(34) - age   2:     648024 bytes,    2128264 total
[2024-05-29T03:20:17.682+0000][1][gc,age      ] GC(34) - age   3:     280728 bytes,    2408992 total
[2024-05-29T03:20:17.682+0000][1][gc,age      ] GC(34) - age   4:     308856 bytes,    2717848 total
[2024-05-29T03:20:17.682+0000][1][gc,age      ] GC(34) - age   5:     121048 bytes,    2838896 total
[2024-05-29T03:20:17.682+0000][1][gc,age      ] GC(34) - age   6:     346064 bytes,    3184960 total
[2024-05-29T03:20:17.682+0000][1][gc,age      ] GC(34) - age   7:     221392 bytes,    3406352 total
[2024-05-29T03:20:17.682+0000][1][gc,age      ] GC(34) - age   8:     173368 bytes,    3579720 total
[2024-05-29T03:20:17.682+0000][1][gc,age      ] GC(34) - age   9:      64208 bytes,    3643928 total
[2024-05-29T03:20:17.682+0000][1][gc,age      ] GC(34) - age  10:      65360 bytes,    3709288 total
[2024-05-29T03:20:17.682+0000][1][gc,age      ] GC(34) - age  11:     119472 bytes,    3828760 total
[2024-05-29T03:20:17.682+0000][1][gc,age      ] GC(34) - age  12:      99304 bytes,    3928064 total
[2024-05-29T03:20:17.682+0000][1][gc,age      ] GC(34) - age  13:     231264 bytes,    4159328 total
[2024-05-29T03:20:17.682+0000][1][gc,age      ] GC(34) - age  14:      97072 bytes,    4256400 total
[2024-05-29T03:20:17.682+0000][1][gc,age      ] GC(34) - age  15:      60168 bytes,    4316568 total
[2024-05-29T03:20:17.682+0000][1][gc,heap     ] GC(34) Eden regions: 1224->0(1225)
[2024-05-29T03:20:17.682+0000][1][gc,heap     ] GC(34) Survivor regions: 4->3(154)
[2024-05-29T03:20:17.682+0000][1][gc,heap     ] GC(34) Old regions: 23->23
[2024-05-29T03:20:17.682+0000][1][gc,heap     ] GC(34) Humongous regions: 14->0
[2024-05-29T03:20:17.682+0000][1][gc,metaspace] GC(34) Metaspace: 97828K(99264K)->97828K(99264K) NonClass: 85880K(86656K)->85880K(86656K) Class: 11948K(12608K)->11948K(12608K)
[2024-05-29T03:20:17.682+0000][1][gc          ] GC(34) Pause Young (Normal) (G1 Evacuation Pause) 2529M->50M(4096M) 18.453ms
[2024-05-29T03:20:17.682+0000][1][gc,cpu      ] GC(34) User=0.03s Sys=0.00s Real=0.02s
[2024-05-29T03:20:17.682+0000][1][safepoint   ] Safepoint "G1CollectForAllocation", Time since last: 15984559369 ns, Reaching safepoint: 12490 ns, Cleanup: 4915 ns, At safepoint: 18611143 ns, Total: 18628548 ns
[2024-05-29T03:20:19.719+0000][1][safepoint   ] Safepoint "Cleanup", Time since last: 2036297649 ns, Reaching safepoint: 87235 ns, Cleanup: 13618 ns, At safepoint: 7984 ns, Total: 108837 ns
[2024-05-29T03:20:29.728+0000][1][safepoint   ] Safepoint "Cleanup", Time since last: 10008796518 ns, Reaching safepoint: 46062 ns, Cleanup: 14585 ns, At safepoint: 4036 ns, Total: 64683 ns
[2024-05-29T03:20:32.662+0000][1][safepoint   ] Safepoint "Cleanup", Time since last: 2934404871 ns, Reaching safepoint: 15228 ns, Cleanup: 18185 ns, At safepoint: 3829 ns, Total: 37242 ns
[2024-05-29T03:20:33.746+0000][1][safepoint   ] Safepoint "Cleanup", Time since last: 1083636607 ns, Reaching safepoint: 14189 ns, Cleanup: 19208 ns, At safepoint: 3600 ns, Total: 36997 ns
[2024-05-29T03:20:34.752+0000][1][safepoint   ] Safepoint "Cleanup", Time since last: 1006230660 ns, Reaching safepoint: 12875 ns, Cleanup: 12294 ns, At safepoint: 2737 ns, Total: 27906 ns
[2024-05-29T03:20:36.729+0000][1][safepoint   ] Safepoint "Cleanup", Time since last: 1976493160 ns, Reaching safepoint: 11690 ns, Cleanup: 17957 ns, At safepoint: 2825 ns, Total: 32472 ns
[2024-05-29T03:20:47.706+0000][1][safepoint   ] Safepoint "Cleanup", Time since last: 10977796220 ns, Reaching safepoint: 5447 ns, Cleanup: 6492 ns, At safepoint: 2332 ns, Total: 14271 ns
[2024-05-29T03:21:04.701+0000][1][safepoint   ] Safepoint "Cleanup", Time since last: 16995071188 ns, Reaching safepoint: 18168 ns, Cleanup: 8238 ns, At safepoint: 2228 ns, Total: 28634 ns
[2024-05-29T03:21:10.758+0000][1][safepoint   ] Safepoint "Cleanup", Time since last: 6056222525 ns, Reaching safepoint: 7063 ns, Cleanup: 10142 ns, At safepoint: 2343 ns, Total: 19548 ns
[2024-05-29T03:21:12.714+0000][1][safepoint   ] Safepoint "Cleanup", Time since last: 1956481862 ns, Reaching safepoint: 4355 ns, Cleanup: 9743 ns, At safepoint: 1777 ns, Total: 15875 ns
[2024-05-29T03:21:29.755+0000][1][gc,start    ] GC(35) Pause Young (Normal) (G1 Evacuation Pause)
[2024-05-29T03:21:29.755+0000][1][gc,task     ] GC(35) Using 2 workers of 2 for evacuation
[2024-05-29T03:21:29.755+0000][1][gc,age      ] GC(35) Desired survivor size 161480704 bytes, new threshold 15 (max threshold 15)
[2024-05-29T03:21:29.771+0000][1][gc,phases   ] GC(35)   Pre Evacuate Collection Set: 0.9ms
[2024-05-29T03:21:29.771+0000][1][gc,phases   ] GC(35)   Merge Heap Roots: 0.3ms
[2024-05-29T03:21:29.771+0000][1][gc,phases   ] GC(35)   Evacuate Collection Set: 12.4ms
[2024-05-29T03:21:29.771+0000][1][gc,phases   ] GC(35)   Post Evacuate Collection Set: 2.6ms
[2024-05-29T03:21:29.771+0000][1][gc,phases   ] GC(35)   Other: 0.1ms
[2024-05-29T03:21:29.771+0000][1][gc,age      ] GC(35) Age table with threshold 15 (max threshold 15)
[2024-05-29T03:21:29.771+0000][1][gc,age      ] GC(35) - age   1:    4557080 bytes,    4557080 total
[2024-05-29T03:21:29.771+0000][1][gc,age      ] GC(35) - age   2:     862600 bytes,    5419680 total
[2024-05-29T03:21:29.771+0000][1][gc,age      ] GC(35) - age   3:     302176 bytes,    5721856 total
[2024-05-29T03:21:29.771+0000][1][gc,age      ] GC(35) - age   4:     152080 bytes,    5873936 total
[2024-05-29T03:21:29.771+0000][1][gc,age      ] GC(35) - age   5:     153824 bytes,    6027760 total
[2024-05-29T03:21:29.771+0000][1][gc,age      ] GC(35) - age   6:      59128 bytes,    6086888 total
[2024-05-29T03:21:29.771+0000][1][gc,age      ] GC(35) - age   7:     124512 bytes,    6211400 total
[2024-05-29T03:21:29.771+0000][1][gc,age      ] GC(35) - age   8:     128280 bytes,    6339680 total
[2024-05-29T03:21:29.771+0000][1][gc,age      ] GC(35) - age   9:     173368 bytes,    6513048 total
[2024-05-29T03:21:29.771+0000][1][gc,age      ] GC(35) - age  10:      64208 bytes,    6577256 total
[2024-05-29T03:21:29.771+0000][1][gc,age      ] GC(35) - age  11:      65320 bytes,    6642576 total
[2024-05-29T03:21:29.771+0000][1][gc,age      ] GC(35) - age  12:     119352 bytes,    6761928 total
[2024-05-29T03:21:29.771+0000][1][gc,age      ] GC(35) - age  13:      99304 bytes,    6861232 total
[2024-05-29T03:21:29.771+0000][1][gc,age      ] GC(35) - age  14:     231264 bytes,    7092496 total
[2024-05-29T03:21:29.771+0000][1][gc,age      ] GC(35) - age  15:      97072 bytes,    7189568 total
[2024-05-29T03:21:29.772+0000][1][gc,heap     ] GC(35) Eden regions: 1225->0(1224)
[2024-05-29T03:21:29.772+0000][1][gc,heap     ] GC(35) Survivor regions: 3->4(154)
[2024-05-29T03:21:29.772+0000][1][gc,heap     ] GC(35) Old regions: 23->23
[2024-05-29T03:21:29.772+0000][1][gc,heap     ] GC(35) Humongous regions: 16->0
[2024-05-29T03:21:29.772+0000][1][gc,metaspace] GC(35) Metaspace: 97843K(99264K)->97843K(99264K) NonClass: 85893K(86656K)->85893K(86656K) Class: 11949K(12608K)->11949K(12608K)
[2024-05-29T03:21:29.772+0000][1][gc          ] GC(35) Pause Young (Normal) (G1 Evacuation Pause) 2532M->53M(4096M) 16.607ms
[2024-05-29T03:21:29.772+0000][1][gc,cpu      ] GC(35) User=0.02s Sys=0.00s Real=0.02s
[2024-05-29T03:21:29.772+0000][1][safepoint   ] Safepoint "G1CollectForAllocation", Time since last: 17040680605 ns, Reaching safepoint: 41716 ns, Cleanup: 5514 ns, At safepoint: 16681314 ns, Total: 16728544 ns
[2024-05-29T03:21:40.751+0000][1][safepoint   ] Safepoint "Cleanup", Time since last: 10979652712 ns, Reaching safepoint: 5734 ns, Cleanup: 8757 ns, At safepoint: 2306 ns, Total: 16797 ns
[2024-05-29T03:21:54.806+0000][1][safepoint   ] Safepoint "Cleanup", Time since last: 14054369846 ns, Reaching safepoint: 5698 ns, Cleanup: 92870 ns, At safepoint: 5463 ns, Total: 104031 ns
[2024-05-29T03:22:04.800+0000][1][safepoint   ] Safepoint "Cleanup", Time since last: 9994295453 ns, Reaching safepoint: 39342 ns, Cleanup: 14049 ns, At safepoint: 3236 ns, Total: 56627 ns
[2024-05-29T03:22:06.780+0000][1][safepoint   ] Safepoint "Cleanup", Time since last: 1979585993 ns, Reaching safepoint: 14991 ns, Cleanup: 14857 ns, At safepoint: 2488 ns, Total: 32336 ns
[2024-05-29T03:22:54.887+0000][1][safepoint   ] Safepoint "Cleanup", Time since last: 48107138383 ns, Reaching safepoint: 16242 ns, Cleanup: 13739 ns, At safepoint: 3283 ns, Total: 33264 ns
[2024-05-29T03:22:55.887+0000][1][safepoint   ] Safepoint "Cleanup", Time since last: 1000187058 ns, Reaching safepoint: 13451 ns, Cleanup: 15564 ns, At safepoint: 2747 ns, Total: 31762 ns
[2024-05-29T03:22:56.900+0000][1][safepoint   ] Safepoint "Cleanup", Time since last: 1012308005 ns, Reaching safepoint: 89706 ns, Cleanup: 11406 ns, At safepoint: 11145 ns, Total: 112257 ns
[2024-05-29T03:22:57.900+0000][1][safepoint   ] Safepoint "Cleanup", Time since last: 1000357274 ns, Reaching safepoint: 14948 ns, Cleanup: 13934 ns, At safepoint: 3535 ns, Total: 32417 ns
[2024-05-29T03:22:59.851+0000][1][safepoint   ] Safepoint "Cleanup", Time since last: 1950965745 ns, Reaching safepoint: 13394 ns, Cleanup: 18266 ns, At safepoint: 2632 ns, Total: 34292 ns
[2024-05-29T03:23:00.851+0000][1][safepoint   ] Safepoint "Cleanup", Time since last: 1000153405 ns, Reaching safepoint: 14991 ns, Cleanup: 11936 ns, At safepoint: 3091 ns, Total: 30018 ns
[2024-05-29T03:23:01.851+0000][1][safepoint   ] Safepoint "Cleanup", Time since last: 1000148435 ns, Reaching safepoint: 11805 ns, Cleanup: 12109 ns, At safepoint: 3311 ns, Total: 27225 ns
[2024-05-29T03:23:04.909+0000][1][safepoint   ] Safepoint "Cleanup", Time since last: 3057352800 ns, Reaching safepoint: 5833 ns, Cleanup: 57932 ns, At safepoint: 3172 ns, Total: 66937 ns
[2024-05-29T03:23:06.916+0000][1][safepoint   ] Safepoint "Cleanup", Time since last: 2007470299 ns, Reaching safepoint: 105656 ns, Cleanup: 20746 ns, At safepoint: 11347 ns, Total: 137749 ns
[2024-05-29T03:23:08.870+0000][1][safepoint   ] Safepoint "Cleanup", Time since last: 1953660387 ns, Reaching safepoint: 15203 ns, Cleanup: 23931 ns, At safepoint: 3951 ns, Total: 43085 ns
[2024-05-29T03:23:10.870+0000][1][safepoint   ] Safepoint "Cleanup", Time since last: 2000264274 ns, Reaching safepoint: 12637 ns, Cleanup: 22728 ns, At safepoint: 3090 ns, Total: 38455 ns
[2024-05-29T03:23:33.930+0000][1][safepoint   ] Safepoint "Cleanup", Time since last: 23059980583 ns, Reaching safepoint: 5749 ns, Cleanup: 11740 ns, At safepoint: 2718 ns, Total: 20207 ns
[2024-05-29T03:23:35.909+0000][1][safepoint   ] Safepoint "Cleanup", Time since last: 1978855783 ns, Reaching safepoint: 35414 ns, Cleanup: 12878 ns, At safepoint: 5615 ns, Total: 53907 ns
[2024-05-29T03:23:45.910+0000][1][safepoint   ] Safepoint "Cleanup", Time since last: 10001123323 ns, Reaching safepoint: 13251 ns, Cleanup: 13243 ns, At safepoint: 2411 ns, Total: 28905 ns
[2024-05-29T03:24:03.470+0000][1][safepoint   ] Safepoint "Cleanup", Time since last: 17559083549 ns, Reaching safepoint: 91106 ns, Cleanup: 49509 ns, At safepoint: 5112 ns, Total: 145727 ns
[2024-05-29T03:24:15.992+0000][1][safepoint   ] Safepoint "Cleanup", Time since last: 12522745819 ns, Reaching safepoint: 93915 ns, Cleanup: 11912 ns, At safepoint: 9348 ns, Total: 115175 ns
[2024-05-29T03:24:16.325+0000][1][gc,start    ] GC(36) Pause Young (Normal) (G1 Evacuation Pause)
[2024-05-29T03:24:16.325+0000][1][gc,task     ] GC(36) Using 2 workers of 2 for evacuation
[2024-05-29T03:24:16.325+0000][1][gc,age      ] GC(36) Desired survivor size 161480704 bytes, new threshold 15 (max threshold 15)
[2024-05-29T03:24:16.342+0000][1][gc,phases   ] GC(36)   Pre Evacuate Collection Set: 0.9ms
[2024-05-29T03:24:16.343+0000][1][gc,phases   ] GC(36)   Merge Heap Roots: 0.2ms
[2024-05-29T03:24:16.343+0000][1][gc,phases   ] GC(36)   Evacuate Collection Set: 13.1ms
[2024-05-29T03:24:16.343+0000][1][gc,phases   ] GC(36)   Post Evacuate Collection Set: 2.9ms
[2024-05-29T03:24:16.343+0000][1][gc,phases   ] GC(36)   Other: 0.1ms
[2024-05-29T03:24:16.343+0000][1][gc,age      ] GC(36) Age table with threshold 15 (max threshold 15)
[2024-05-29T03:24:16.343+0000][1][gc,age      ] GC(36) - age   1:    5037504 bytes,    5037504 total
[2024-05-29T03:24:16.343+0000][1][gc,age      ] GC(36) - age   2:     612632 bytes,    5650136 total
[2024-05-29T03:24:16.343+0000][1][gc,age      ] GC(36) - age   3:     727096 bytes,    6377232 total
[2024-05-29T03:24:16.343+0000][1][gc,age      ] GC(36) - age   4:     296984 bytes,    6674216 total
[2024-05-29T03:24:16.343+0000][1][gc,age      ] GC(36) - age   5:     151840 bytes,    6826056 total
[2024-05-29T03:24:16.343+0000][1][gc,age      ] GC(36) - age   6:     153184 bytes,    6979240 total
[2024-05-29T03:24:16.343+0000][1][gc,age      ] GC(36) - age   7:      58312 bytes,    7037552 total
[2024-05-29T03:24:16.343+0000][1][gc,age      ] GC(36) - age   8:     124192 bytes,    7161744 total
[2024-05-29T03:24:16.343+0000][1][gc,age      ] GC(36) - age   9:     128280 bytes,    7290024 total
[2024-05-29T03:24:16.343+0000][1][gc,age      ] GC(36) - age  10:     172728 bytes,    7462752 total
[2024-05-29T03:24:16.343+0000][1][gc,age      ] GC(36) - age  11:      64208 bytes,    7526960 total
[2024-05-29T03:24:16.343+0000][1][gc,age      ] GC(36) - age  12:      65320 bytes,    7592280 total
[2024-05-29T03:24:16.343+0000][1][gc,age      ] GC(36) - age  13:     119352 bytes,    7711632 total
[2024-05-29T03:24:16.343+0000][1][gc,age      ] GC(36) - age  14:      99304 bytes,    7810936 total
[2024-05-29T03:24:16.343+0000][1][gc,age      ] GC(36) - age  15:     231264 bytes,    8042200 total
[2024-05-29T03:24:16.343+0000][1][gc,heap     ] GC(36) Eden regions: 1224->0(1224)
[2024-05-29T03:24:16.343+0000][1][gc,heap     ] GC(36) Survivor regions: 4->4(154)
[2024-05-29T03:24:16.343+0000][1][gc,heap     ] GC(36) Old regions: 23->23
[2024-05-29T03:24:16.343+0000][1][gc,heap     ] GC(36) Humongous regions: 16->0
[2024-05-29T03:24:16.343+0000][1][gc,metaspace] GC(36) Metaspace: 97860K(99328K)->97860K(99328K) NonClass: 85910K(86720K)->85910K(86720K) Class: 11950K(12608K)->11950K(12608K)
[2024-05-29T03:24:16.343+0000][1][gc          ] GC(36) Pause Young (Normal) (G1 Evacuation Pause) 2533M->53M(4096M) 17.851ms
[2024-05-29T03:24:16.343+0000][1][gc,cpu      ] GC(36) User=0.02s Sys=0.00s Real=0.02s
[2024-05-29T03:24:16.343+0000][1][safepoint   ] Safepoint "G1CollectForAllocation", Time since last: 332211433 ns, Reaching safepoint: 89591 ns, Cleanup: 6042 ns, At safepoint: 17913048 ns, Total: 18008681 ns
[2024-05-29T03:24:18.010+0000][1][safepoint   ] Safepoint "Cleanup", Time since last: 1666810383 ns, Reaching safepoint: 15106 ns, Cleanup: 49273 ns, At safepoint: 4822 ns, Total: 69201 ns
[2024-05-29T03:24:20.980+0000][1][safepoint   ] Safepoint "Cleanup", Time since last: 2970602208 ns, Reaching safepoint: 115292 ns, Cleanup: 12305 ns, At safepoint: 10905 ns, Total: 138502 ns
[2024-05-29T03:24:22.026+0000][1][safepoint   ] Safepoint "Cleanup", Time since last: 1045570534 ns, Reaching safepoint: 16881 ns, Cleanup: 13983 ns, At safepoint: 3231 ns, Total: 34095 ns
[2024-05-29T03:24:36.004+0000][1][safepoint   ] Safepoint "Cleanup", Time since last: 13978545328 ns, Reaching safepoint: 5719 ns, Cleanup: 11009 ns, At safepoint: 2087 ns, Total: 18815 ns
[2024-05-29T03:24:41.025+0000][1][safepoint   ] Safepoint "Cleanup", Time since last: 5020081348 ns, Reaching safepoint: 111120 ns, Cleanup: 9313 ns, At safepoint: 7509 ns, Total: 127942 ns
[2024-05-29T03:24:44.014+0000][1][safepoint   ] Safepoint "Cleanup", Time since last: 2988947692 ns, Reaching safepoint: 4844 ns, Cleanup: 9168 ns, At safepoint: 2402 ns, Total: 16414 ns
[2024-05-29T03:24:51.016+0000][1][safepoint   ] Safepoint "Cleanup", Time since last: 7001950941 ns, Reaching safepoint: 98676 ns, Cleanup: 11670 ns, At safepoint: 12325 ns, Total: 122671 ns
[2024-05-29T03:25:02.032+0000][1][safepoint   ] Safepoint "Cleanup", Time since last: 11016304049 ns, Reaching safepoint: 7082 ns, Cleanup: 10523 ns, At safepoint: 6172 ns, Total: 23777 ns
[2024-05-29T03:25:08.035+0000][1][safepoint   ] Safepoint "Cleanup", Time since last: 6002733665 ns, Reaching safepoint: 38607 ns, Cleanup: 16631 ns, At safepoint: 7420 ns, Total: 62658 ns
[2024-05-29T03:25:11.052+0000][1][safepoint   ] Safepoint "Cleanup", Time since last: 3016984646 ns, Reaching safepoint: 89235 ns, Cleanup: 9667 ns, At safepoint: 6364 ns, Total: 105266 ns
[2024-05-29T03:25:16.639+0000][1][gc,start    ] GC(37) Pause Young (Normal) (G1 Evacuation Pause)
[2024-05-29T03:25:16.639+0000][1][gc,task     ] GC(37) Using 2 workers of 2 for evacuation
[2024-05-29T03:25:16.639+0000][1][gc,age      ] GC(37) Desired survivor size 161480704 bytes, new threshold 15 (max threshold 15)
[2024-05-29T03:25:16.656+0000][1][gc,phases   ] GC(37)   Pre Evacuate Collection Set: 0.6ms
[2024-05-29T03:25:16.656+0000][1][gc,phases   ] GC(37)   Merge Heap Roots: 0.2ms
[2024-05-29T03:25:16.656+0000][1][gc,phases   ] GC(37)   Evacuate Collection Set: 14.5ms
[2024-05-29T03:25:16.656+0000][1][gc,phases   ] GC(37)   Post Evacuate Collection Set: 2.2ms
[2024-05-29T03:25:16.656+0000][1][gc,phases   ] GC(37)   Other: 0.2ms
[2024-05-29T03:25:16.656+0000][1][gc,age      ] GC(37) Age table with threshold 15 (max threshold 15)
[2024-05-29T03:25:16.657+0000][1][gc,age      ] GC(37) - age   1:    3538472 bytes,    3538472 total
[2024-05-29T03:25:16.657+0000][1][gc,age      ] GC(37) - age   2:    1003736 bytes,    4542208 total
[2024-05-29T03:25:16.657+0000][1][gc,age      ] GC(37) - age   3:     506448 bytes,    5048656 total
[2024-05-29T03:25:16.657+0000][1][gc,age      ] GC(37) - age   4:     565712 bytes,    5614368 total
[2024-05-29T03:25:16.657+0000][1][gc,age      ] GC(37) - age   5:     260480 bytes,    5874848 total
[2024-05-29T03:25:16.657+0000][1][gc,age      ] GC(37) - age   6:     151840 bytes,    6026688 total
[2024-05-29T03:25:16.657+0000][1][gc,age      ] GC(37) - age   7:      92176 bytes,    6118864 total
[2024-05-29T03:25:16.657+0000][1][gc,age      ] GC(37) - age   8:      58312 bytes,    6177176 total
[2024-05-29T03:25:16.657+0000][1][gc,age      ] GC(37) - age   9:      93672 bytes,    6270848 total
[2024-05-29T03:25:16.657+0000][1][gc,age      ] GC(37) - age  10:     128280 bytes,    6399128 total
[2024-05-29T03:25:16.657+0000][1][gc,age      ] GC(37) - age  11:     111040 bytes,    6510168 total
[2024-05-29T03:25:16.657+0000][1][gc,age      ] GC(37) - age  12:      64208 bytes,    6574376 total
[2024-05-29T03:25:16.657+0000][1][gc,age      ] GC(37) - age  13:      65320 bytes,    6639696 total
[2024-05-29T03:25:16.657+0000][1][gc,age      ] GC(37) - age  14:     119352 bytes,    6759048 total
[2024-05-29T03:25:16.657+0000][1][gc,age      ] GC(37) - age  15:      99304 bytes,    6858352 total
[2024-05-29T03:25:16.657+0000][1][gc,heap     ] GC(37) Eden regions: 1224->0(1224)
[2024-05-29T03:25:16.657+0000][1][gc,heap     ] GC(37) Survivor regions: 4->4(154)
[2024-05-29T03:25:16.657+0000][1][gc,heap     ] GC(37) Old regions: 23->23
[2024-05-29T03:25:16.657+0000][1][gc,heap     ] GC(37) Humongous regions: 14->0
[2024-05-29T03:25:16.657+0000][1][gc,metaspace] GC(37) Metaspace: 97860K(99328K)->97860K(99328K) NonClass: 85910K(86720K)->85910K(86720K) Class: 11950K(12608K)->11950K(12608K)
[2024-05-29T03:25:16.657+0000][1][gc          ] GC(37) Pause Young (Normal) (G1 Evacuation Pause) 2529M->52M(4096M) 18.010ms
[2024-05-29T03:25:16.657+0000][1][gc,cpu      ] GC(37) User=0.03s Sys=0.00s Real=0.02s
[2024-05-29T03:25:16.657+0000][1][safepoint   ] Safepoint "G1CollectForAllocation", Time since last: 5586615650 ns, Reaching safepoint: 96830 ns, Cleanup: 5785 ns, At safepoint: 18084541 ns, Total: 18187156 ns
[2024-05-29T03:25:31.075+0000][1][safepoint   ] Safepoint "Cleanup", Time since last: 14417988256 ns, Reaching safepoint: 15322 ns, Cleanup: 22355 ns, At safepoint: 2974 ns, Total: 40651 ns
[2024-05-29T03:25:41.085+0000][1][safepoint   ] Safepoint "Cleanup", Time since last: 10009905073 ns, Reaching safepoint: 85028 ns, Cleanup: 10430 ns, At safepoint: 7360 ns, Total: 102818 ns
[2024-05-29T03:25:51.116+0000][1][safepoint   ] Safepoint "Cleanup", Time since last: 10027095983 ns, Reaching safepoint: 4297830 ns, Cleanup: 15613 ns, At safepoint: 24434 ns, Total: 4337877 ns
[2024-05-29T03:25:55.134+0000][1][safepoint   ] Safepoint "Cleanup", Time since last: 4017457912 ns, Reaching safepoint: 5999 ns, Cleanup: 9776 ns, At safepoint: 2385 ns, Total: 18160 ns
[2024-05-29T03:26:12.151+0000][1][safepoint   ] Safepoint "Cleanup", Time since last: 17017526054 ns, Reaching safepoint: 5559 ns, Cleanup: 10756 ns, At safepoint: 2580 ns, Total: 18895 ns
[2024-05-29T03:26:30.363+0000][1][safepoint   ] Safepoint "Cleanup", Time since last: 18211279779 ns, Reaching safepoint: 7462 ns, Cleanup: 5324 ns, At safepoint: 2521 ns, Total: 15307 ns
[2024-05-29T03:26:31.990+0000][1][gc,start    ] GC(38) Pause Young (Normal) (G1 Evacuation Pause)
[2024-05-29T03:26:31.990+0000][1][gc,task     ] GC(38) Using 2 workers of 2 for evacuation
[2024-05-29T03:26:31.990+0000][1][gc,age      ] GC(38) Desired survivor size 161480704 bytes, new threshold 15 (max threshold 15)
[2024-05-29T03:26:32.010+0000][1][gc,phases   ] GC(38)   Pre Evacuate Collection Set: 0.7ms
[2024-05-29T03:26:32.010+0000][1][gc,phases   ] GC(38)   Merge Heap Roots: 0.3ms
[2024-05-29T03:26:32.010+0000][1][gc,phases   ] GC(38)   Evacuate Collection Set: 15.4ms
[2024-05-29T03:26:32.010+0000][1][gc,phases   ] GC(38)   Post Evacuate Collection Set: 3.9ms
[2024-05-29T03:26:32.010+0000][1][gc,phases   ] GC(38)   Other: 0.2ms
[2024-05-29T03:26:32.010+0000][1][gc,age      ] GC(38) Age table with threshold 15 (max threshold 15)
[2024-05-29T03:26:32.010+0000][1][gc,age      ] GC(38) - age   1:    4137264 bytes,    4137264 total
[2024-05-29T03:26:32.010+0000][1][gc,age      ] GC(38) - age   2:     605280 bytes,    4742544 total
[2024-05-29T03:26:32.010+0000][1][gc,age      ] GC(38) - age   3:     823888 bytes,    5566432 total
[2024-05-29T03:26:32.010+0000][1][gc,age      ] GC(38) - age   4:     505976 bytes,    6072408 total
[2024-05-29T03:26:32.010+0000][1][gc,age      ] GC(38) - age   5:     473040 bytes,    6545448 total
[2024-05-29T03:26:32.010+0000][1][gc,age      ] GC(38) - age   6:     197936 bytes,    6743384 total
[2024-05-29T03:26:32.010+0000][1][gc,age      ] GC(38) - age   7:     151840 bytes,    6895224 total
[2024-05-29T03:26:32.010+0000][1][gc,age      ] GC(38) - age   8:      92176 bytes,    6987400 total
[2024-05-29T03:26:32.010+0000][1][gc,age      ] GC(38) - age   9:      58312 bytes,    7045712 total
[2024-05-29T03:26:32.010+0000][1][gc,age      ] GC(38) - age  10:      93672 bytes,    7139384 total
[2024-05-29T03:26:32.010+0000][1][gc,age      ] GC(38) - age  11:     128280 bytes,    7267664 total
[2024-05-29T03:26:32.010+0000][1][gc,age      ] GC(38) - age  12:     111040 bytes,    7378704 total
[2024-05-29T03:26:32.010+0000][1][gc,age      ] GC(38) - age  13:      64208 bytes,    7442912 total
[2024-05-29T03:26:32.010+0000][1][gc,age      ] GC(38) - age  14:      65320 bytes,    7508232 total
[2024-05-29T03:26:32.010+0000][1][gc,age      ] GC(38) - age  15:     119352 bytes,    7627584 total
[2024-05-29T03:26:32.010+0000][1][gc,heap     ] GC(38) Eden regions: 1224->0(1224)
[2024-05-29T03:26:32.010+0000][1][gc,heap     ] GC(38) Survivor regions: 4->4(154)
[2024-05-29T03:26:32.010+0000][1][gc,heap     ] GC(38) Old regions: 23->24
[2024-05-29T03:26:32.010+0000][1][gc,heap     ] GC(38) Humongous regions: 16->0
[2024-05-29T03:26:32.010+0000][1][gc,metaspace] GC(38) Metaspace: 97860K(99328K)->97860K(99328K) NonClass: 85910K(86720K)->85910K(86720K) Class: 11950K(12608K)->11950K(12608K)
[2024-05-29T03:26:32.010+0000][1][gc          ] GC(38) Pause Young (Normal) (G1 Evacuation Pause) 2532M->54M(4096M) 20.784ms
[2024-05-29T03:26:32.010+0000][1][gc,cpu      ] GC(38) User=0.03s Sys=0.00s Real=0.02s
[2024-05-29T03:26:32.010+0000][1][safepoint   ] Safepoint "G1CollectForAllocation", Time since last: 1626877044 ns, Reaching safepoint: 94362 ns, Cleanup: 6579 ns, At safepoint: 20859144 ns, Total: 20960085 ns
[2024-05-29T03:26:36.194+0000][1][safepoint   ] Safepoint "Cleanup", Time since last: 4183474983 ns, Reaching safepoint: 5694 ns, Cleanup: 8882 ns, At safepoint: 2349 ns, Total: 16925 ns
[2024-05-29T03:27:04.205+0000][1][safepoint   ] Safepoint "Cleanup", Time since last: 28011525023 ns, Reaching safepoint: 6412 ns, Cleanup: 9801 ns, At safepoint: 2936 ns, Total: 19149 ns
[2024-05-29T03:27:12.249+0000][1][safepoint   ] Safepoint "Cleanup", Time since last: 8043826091 ns, Reaching safepoint: 15823 ns, Cleanup: 14278 ns, At safepoint: 3372 ns, Total: 33473 ns
[2024-05-29T03:27:30.264+0000][1][safepoint   ] Safepoint "Cleanup", Time since last: 18014655739 ns, Reaching safepoint: 13662 ns, Cleanup: 12783 ns, At safepoint: 3182 ns, Total: 29627 ns
[2024-05-29T03:27:39.291+0000][1][safepoint   ] Safepoint "Cleanup", Time since last: 9026568509 ns, Reaching safepoint: 5626 ns, Cleanup: 8087 ns, At safepoint: 2216 ns, Total: 15929 ns
[2024-05-29T03:28:00.636+0000][1][safepoint   ] Safepoint "Cleanup", Time since last: 21345633889 ns, Reaching safepoint: 17088 ns, Cleanup: 15404 ns, At safepoint: 4158 ns, Total: 36650 ns
[2024-05-29T03:28:01.636+0000][1][safepoint   ] Safepoint "Cleanup", Time since last: 1000139490 ns, Reaching safepoint: 12906 ns, Cleanup: 12771 ns, At safepoint: 2470 ns, Total: 28147 ns
[2024-05-29T03:28:03.637+0000][1][safepoint   ] Safepoint "Cleanup", Time since last: 2000223570 ns, Reaching safepoint: 11516 ns, Cleanup: 11949 ns, At safepoint: 2840 ns, Total: 26305 ns
[2024-05-29T03:30:00.651+0000][1][safepoint   ] Safepoint "Cleanup", Time since last: 117014268161 ns, Reaching safepoint: 20239 ns, Cleanup: 14643 ns, At safepoint: 3256 ns, Total: 38138 ns
[2024-05-29T03:30:01.651+0000][1][safepoint   ] Safepoint "Cleanup", Time since last: 1000149376 ns, Reaching safepoint: 12921 ns, Cleanup: 12634 ns, At safepoint: 2505 ns, Total: 28060 ns
[2024-05-29T03:30:26.656+0000][1][safepoint   ] Safepoint "Cleanup", Time since last: 25005085875 ns, Reaching safepoint: 32356 ns, Cleanup: 16645 ns, At safepoint: 2481 ns, Total: 51482 ns
[2024-05-29T03:32:32.670+0000][1][safepoint   ] Safepoint "Cleanup", Time since last: 126013487671 ns, Reaching safepoint: 41130 ns, Cleanup: 13879 ns, At safepoint: 3441 ns, Total: 58450 ns
[2024-05-29T03:32:42.671+0000][1][safepoint   ] Safepoint "Cleanup", Time since last: 10001111199 ns, Reaching safepoint: 13004 ns, Cleanup: 13196 ns, At safepoint: 3148 ns, Total: 29348 ns
[2024-05-29T03:32:49.672+0000][1][safepoint   ] Safepoint "Cleanup", Time since last: 7000842785 ns, Reaching safepoint: 12917 ns, Cleanup: 12739 ns, At safepoint: 3319 ns, Total: 28975 ns
[2024-05-29T03:33:01.859+0000][1][safepoint   ] Safepoint "Cleanup", Time since last: 12186964388 ns, Reaching safepoint: 39630 ns, Cleanup: 14960 ns, At safepoint: 3159 ns, Total: 57749 ns
[2024-05-29T03:34:36.875+0000][1][safepoint   ] Safepoint "Cleanup", Time since last: 95016539142 ns, Reaching safepoint: 37419 ns, Cleanup: 14745 ns, At safepoint: 3434 ns, Total: 55598 ns
[2024-05-29T03:35:40.883+0000][1][safepoint   ] Safepoint "Cleanup", Time since last: 64007308434 ns, Reaching safepoint: 34960 ns, Cleanup: 14264 ns, At safepoint: 3394 ns, Total: 52618 ns
[2024-05-29T03:35:42.871+0000][1][safepoint   ] Safepoint "Cleanup", Time since last: 1987856833 ns, Reaching safepoint: 13904 ns, Cleanup: 12818 ns, At safepoint: 2409 ns, Total: 29131 ns
[2024-05-29T03:36:23.878+0000][1][safepoint   ] Safepoint "Cleanup", Time since last: 41007161355 ns, Reaching safepoint: 50510 ns, Cleanup: 13588 ns, At safepoint: 5392 ns, Total: 69490 ns
[2024-05-29T03:36:37.880+0000][1][safepoint   ] Safepoint "Cleanup", Time since last: 14001709192 ns, Reaching safepoint: 12898 ns, Cleanup: 12417 ns, At safepoint: 3020 ns, Total: 28335 ns
[2024-05-29T03:36:57.882+0000][1][safepoint   ] Safepoint "Cleanup", Time since last: 20001870007 ns, Reaching safepoint: 13533 ns, Cleanup: 13571 ns, At safepoint: 2657 ns, Total: 29761 ns
[2024-05-29T03:37:04.882+0000][1][safepoint   ] Safepoint "Cleanup", Time since last: 7000810253 ns, Reaching safepoint: 16389 ns, Cleanup: 13341 ns, At safepoint: 4091 ns, Total: 33821 ns
[2024-05-29T03:37:06.883+0000][1][safepoint   ] Safepoint "Cleanup", Time since last: 2000300347 ns, Reaching safepoint: 12172 ns, Cleanup: 20990 ns, At safepoint: 3950 ns, Total: 37112 ns
[2024-05-29T03:37:12.883+0000][1][safepoint   ] Safepoint "Cleanup", Time since last: 6000644218 ns, Reaching safepoint: 12139 ns, Cleanup: 17040 ns, At safepoint: 3820 ns, Total: 32999 ns
[2024-05-29T03:37:14.884+0000][1][safepoint   ] Safepoint "Cleanup", Time since last: 2000216218 ns, Reaching safepoint: 12931 ns, Cleanup: 14596 ns, At safepoint: 2595 ns, Total: 30122 ns
[2024-05-29T03:37:31.886+0000][1][safepoint   ] Safepoint "Cleanup", Time since last: 17001793421 ns, Reaching safepoint: 35441 ns, Cleanup: 14874 ns, At safepoint: 3348 ns, Total: 53663 ns
[2024-05-29T03:37:46.887+0000][1][safepoint   ] Safepoint "Cleanup", Time since last: 15001564035 ns, Reaching safepoint: 37989 ns, Cleanup: 20177 ns, At safepoint: 3295 ns, Total: 61461 ns
[2024-05-29T03:38:01.889+0000][1][safepoint   ] Safepoint "Cleanup", Time since last: 15001799963 ns, Reaching safepoint: 13000 ns, Cleanup: 18319 ns, At safepoint: 3564 ns, Total: 34883 ns
[2024-05-29T03:38:24.892+0000][1][safepoint   ] Safepoint "Cleanup", Time since last: 23002673363 ns, Reaching safepoint: 38233 ns, Cleanup: 14078 ns, At safepoint: 3465 ns, Total: 55776 ns
[2024-05-29T03:40:24.905+0000][1][safepoint   ] Safepoint "Cleanup", Time since last: 120013040189 ns, Reaching safepoint: 36561 ns, Cleanup: 14834 ns, At safepoint: 5235 ns, Total: 56630 ns
[2024-05-29T03:40:59.991+0000][1][safepoint   ] Safepoint "Cleanup", Time since last: 35085775357 ns, Reaching safepoint: 13633 ns, Cleanup: 13111 ns, At safepoint: 2603 ns, Total: 29347 ns
[2024-05-29T03:41:36.995+0000][1][safepoint   ] Safepoint "Cleanup", Time since last: 37003978570 ns, Reaching safepoint: 38904 ns, Cleanup: 15339 ns, At safepoint: 2994 ns, Total: 57237 ns
[2024-05-29T03:42:01.998+0000][1][safepoint   ] Safepoint "Cleanup", Time since last: 25003321708 ns, Reaching safepoint: 13103 ns, Cleanup: 13794 ns, At safepoint: 2565 ns, Total: 29462 ns
[2024-05-29T03:42:08.999+0000][1][safepoint   ] Safepoint "Cleanup", Time since last: 7000952858 ns, Reaching safepoint: 14046 ns, Cleanup: 13247 ns, At safepoint: 3410 ns, Total: 30703 ns
[2024-05-29T03:42:10.999+0000][1][safepoint   ] Safepoint "Cleanup", Time since last: 2000319908 ns, Reaching safepoint: 15607 ns, Cleanup: 14976 ns, At safepoint: 3155 ns, Total: 33738 ns
[2024-05-29T03:42:20.000+0000][1][safepoint   ] Safepoint "Cleanup", Time since last: 9001048393 ns, Reaching safepoint: 15767 ns, Cleanup: 16349 ns, At safepoint: 3780 ns, Total: 35896 ns
[2024-05-29T03:42:35.003+0000][1][safepoint   ] Safepoint "Cleanup", Time since last: 15002437763 ns, Reaching safepoint: 39958 ns, Cleanup: 13585 ns, At safepoint: 2848 ns, Total: 56391 ns
[2024-05-29T03:43:21.011+0000][1][safepoint   ] Safepoint "Cleanup", Time since last: 46007620681 ns, Reaching safepoint: 38294 ns, Cleanup: 19054 ns, At safepoint: 2834 ns, Total: 60182 ns
[2024-05-29T03:44:27.023+0000][1][safepoint   ] Safepoint "Cleanup", Time since last: 66012634838 ns, Reaching safepoint: 38760 ns, Cleanup: 15344 ns, At safepoint: 5987 ns, Total: 60091 ns
[2024-05-29T03:44:51.885+0000][1][safepoint   ] Safepoint "Cleanup", Time since last: 24861275171 ns, Reaching safepoint: 4938 ns, Cleanup: 8203 ns, At safepoint: 2327 ns, Total: 15468 ns
[2024-05-29T03:45:11.109+0000][1][safepoint   ] Safepoint "Cleanup", Time since last: 19224751338 ns, Reaching safepoint: 39588 ns, Cleanup: 14013 ns, At safepoint: 3485 ns, Total: 57086 ns
[2024-05-29T03:47:02.129+0000][1][safepoint   ] Safepoint "Cleanup", Time since last: 111019378702 ns, Reaching safepoint: 39268 ns, Cleanup: 15947 ns, At safepoint: 6162 ns, Total: 61377 ns
[2024-05-29T03:49:05.146+0000][1][safepoint   ] Safepoint "Cleanup", Time since last: 123017518855 ns, Reaching safepoint: 35718 ns, Cleanup: 26670 ns, At safepoint: 7118 ns, Total: 69506 ns
[2024-05-29T03:49:34.150+0000][1][safepoint   ] Safepoint "Cleanup", Time since last: 29003966870 ns, Reaching safepoint: 39251 ns, Cleanup: 17574 ns, At safepoint: 2904 ns, Total: 59729 ns
[2024-05-29T03:52:11.900+0000][1][safepoint   ] Safepoint "Cleanup", Time since last: 157749438780 ns, Reaching safepoint: 13464 ns, Cleanup: 11144 ns, At safepoint: 2180 ns, Total: 26788 ns
[2024-05-29T03:52:41.940+0000][1][safepoint   ] Safepoint "Cleanup", Time since last: 30040315443 ns, Reaching safepoint: 10521 ns, Cleanup: 6703 ns, At safepoint: 2295 ns, Total: 19519 ns
[2024-05-29T03:53:09.612+0000][1][safepoint   ] Safepoint "Cleanup", Time since last: 27671578772 ns, Reaching safepoint: 13184 ns, Cleanup: 16236 ns, At safepoint: 3276 ns, Total: 32696 ns
[2024-05-29T03:56:34.633+0000][1][safepoint   ] Safepoint "Cleanup", Time since last: 205021234894 ns, Reaching safepoint: 40257 ns, Cleanup: 12892 ns, At safepoint: 3480 ns, Total: 56629 ns
[2024-05-29T03:56:45.638+0000][1][safepoint   ] Safepoint "Cleanup", Time since last: 11004371708 ns, Reaching safepoint: 14789 ns, Cleanup: 12319 ns, At safepoint: 3666 ns, Total: 30774 ns
[2024-05-29T03:57:10.948+0000][1][safepoint   ] Safepoint "Cleanup", Time since last: 25309976458 ns, Reaching safepoint: 8548 ns, Cleanup: 10921 ns, At safepoint: 5262 ns, Total: 24731 ns
[2024-05-29T03:57:11.962+0000][1][safepoint   ] Safepoint "Cleanup", Time since last: 1014617271 ns, Reaching safepoint: 12779 ns, Cleanup: 23986 ns, At safepoint: 3360 ns, Total: 40125 ns
[2024-05-29T03:57:26.964+0000][1][safepoint   ] Safepoint "Cleanup", Time since last: 15001713284 ns, Reaching safepoint: 37446 ns, Cleanup: 12753 ns, At safepoint: 2980 ns, Total: 53179 ns
[2024-05-29T03:57:37.965+0000][1][safepoint   ] Safepoint "Cleanup", Time since last: 11000977523 ns, Reaching safepoint: 14961 ns, Cleanup: 11962 ns, At safepoint: 3443 ns, Total: 30366 ns
[2024-05-29T03:57:42.966+0000][1][safepoint   ] Safepoint "Cleanup", Time since last: 5000712908 ns, Reaching safepoint: 12772 ns, Cleanup: 10875 ns, At safepoint: 2880 ns, Total: 26527 ns
[2024-05-29T03:57:45.966+0000][1][safepoint   ] Safepoint "Cleanup", Time since last: 3000458851 ns, Reaching safepoint: 14840 ns, Cleanup: 92553 ns, At safepoint: 3734 ns, Total: 111127 ns
[2024-05-29T03:58:50.483+0000][1][safepoint   ] Safepoint "Cleanup", Time since last: 64516376503 ns, Reaching safepoint: 13542 ns, Cleanup: 118533 ns, At safepoint: 8675 ns, Total: 140750 ns
[2024-05-29T03:59:25.507+0000][1][safepoint   ] Safepoint "Cleanup", Time since last: 35023932965 ns, Reaching safepoint: 46391 ns, Cleanup: 11563 ns, At safepoint: 3585 ns, Total: 61539 ns
[2024-05-29T04:00:00.511+0000][1][safepoint   ] Safepoint "Cleanup", Time since last: 35003666688 ns, Reaching safepoint: 38051 ns, Cleanup: 31069 ns, At safepoint: 6803 ns, Total: 75923 ns
[2024-05-29T04:00:46.516+0000][1][safepoint   ] Safepoint "Cleanup", Time since last: 46005008775 ns, Reaching safepoint: 39315 ns, Cleanup: 13630 ns, At safepoint: 3564 ns, Total: 56509 ns
[2024-05-29T04:00:52.516+0000][1][safepoint   ] Safepoint "Cleanup", Time since last: 6000689584 ns, Reaching safepoint: 10756 ns, Cleanup: 8244 ns, At safepoint: 2877 ns, Total: 21877 ns
[2024-05-29T04:02:10.594+0000][1][safepoint   ] Safepoint "Cleanup", Time since last: 78077583551 ns, Reaching safepoint: 75317 ns, Cleanup: 12380 ns, At safepoint: 4300 ns, Total: 91997 ns
[2024-05-29T04:02:37.597+0000][1][safepoint   ] Safepoint "Cleanup", Time since last: 27003277563 ns, Reaching safepoint: 42508 ns, Cleanup: 12860 ns, At safepoint: 3204 ns, Total: 58572 ns
[2024-05-29T04:03:01.600+0000][1][safepoint   ] Safepoint "Cleanup", Time since last: 24002609669 ns, Reaching safepoint: 39391 ns, Cleanup: 13648 ns, At safepoint: 3042 ns, Total: 56081 ns
[2024-05-29T04:03:34.604+0000][1][safepoint   ] Safepoint "Cleanup", Time since last: 33004025302 ns, Reaching safepoint: 31059 ns, Cleanup: 14669 ns, At safepoint: 2908 ns, Total: 48636 ns
[2024-05-29T04:03:58.606+0000][1][safepoint   ] Safepoint "Cleanup", Time since last: 24002386571 ns, Reaching safepoint: 36438 ns, Cleanup: 14069 ns, At safepoint: 3297 ns, Total: 53804 ns
[2024-05-29T04:04:01.607+0000][1][safepoint   ] Safepoint "Cleanup", Time since last: 3000307653 ns, Reaching safepoint: 14963 ns, Cleanup: 13978 ns, At safepoint: 2948 ns, Total: 31889 ns
[2024-05-29T04:04:02.607+0000][1][safepoint   ] Safepoint "Cleanup", Time since last: 1000169582 ns, Reaching safepoint: 13096 ns, Cleanup: 14167 ns, At safepoint: 3088 ns, Total: 30351 ns
[2024-05-29T04:07:27.630+0000][1][safepoint   ] Safepoint "Cleanup", Time since last: 205023202583 ns, Reaching safepoint: 38557 ns, Cleanup: 14341 ns, At safepoint: 3108 ns, Total: 56006 ns
[2024-05-29T04:09:12.643+0000][1][safepoint   ] Safepoint "Cleanup", Time since last: 105012424590 ns, Reaching safepoint: 39859 ns, Cleanup: 17495 ns, At safepoint: 5404 ns, Total: 62758 ns
[2024-05-29T04:11:48.664+0000][1][safepoint   ] Safepoint "Cleanup", Time since last: 156021135831 ns, Reaching safepoint: 39961 ns, Cleanup: 24624 ns, At safepoint: 6475 ns, Total: 71060 ns
[2024-05-29T04:11:56.665+0000][1][safepoint   ] Safepoint "Cleanup", Time since last: 8001054988 ns, Reaching safepoint: 12605 ns, Cleanup: 11922 ns, At safepoint: 2506 ns, Total: 27033 ns
[2024-05-29T04:13:01.902+0000][1][safepoint   ] Safepoint "Cleanup", Time since last: 65237259033 ns, Reaching safepoint: 12814 ns, Cleanup: 23305 ns, At safepoint: 4876 ns, Total: 40995 ns
[2024-05-29T04:15:17.917+0000][1][safepoint   ] Safepoint "Cleanup", Time since last: 136014629153 ns, Reaching safepoint: 40181 ns, Cleanup: 14491 ns, At safepoint: 3309 ns, Total: 57981 ns
[2024-05-29T04:16:02.922+0000][1][safepoint   ] Safepoint "Cleanup", Time since last: 45004741715 ns, Reaching safepoint: 10759 ns, Cleanup: 10360 ns, At safepoint: 3264 ns, Total: 24383 ns
[2024-05-29T04:19:02.942+0000][1][safepoint   ] Safepoint "Cleanup", Time since last: 180020156135 ns, Reaching safepoint: 13510 ns, Cleanup: 12606 ns, At safepoint: 2729 ns, Total: 28845 ns
[2024-05-29T04:20:53.954+0000][1][safepoint   ] Safepoint "Cleanup", Time since last: 111012437119 ns, Reaching safepoint: 14732 ns, Cleanup: 14884 ns, At safepoint: 3160 ns, Total: 32776 ns
[2024-05-29T04:20:56.955+0000][1][safepoint   ] Safepoint "Cleanup", Time since last: 3000439705 ns, Reaching safepoint: 14019 ns, Cleanup: 12744 ns, At safepoint: 3514 ns, Total: 30277 ns
[2024-05-29T04:21:13.957+0000][1][safepoint   ] Safepoint "Cleanup", Time since last: 17001658432 ns, Reaching safepoint: 13128 ns, Cleanup: 12907 ns, At safepoint: 3177 ns, Total: 29212 ns
[2024-05-29T04:21:37.959+0000][1][safepoint   ] Safepoint "Cleanup", Time since last: 24002246920 ns, Reaching safepoint: 37121 ns, Cleanup: 14607 ns, At safepoint: 5726 ns, Total: 57454 ns
[2024-05-29T04:22:31.965+0000][1][safepoint   ] Safepoint "Cleanup", Time since last: 54006145918 ns, Reaching safepoint: 41240 ns, Cleanup: 13771 ns, At safepoint: 3399 ns, Total: 58410 ns
[2024-05-29T04:23:00.973+0000][1][safepoint   ] Safepoint "Cleanup", Time since last: 29007403558 ns, Reaching safepoint: 12470 ns, Cleanup: 13073 ns, At safepoint: 3216 ns, Total: 28759 ns
[2024-05-29T04:23:32.976+0000][1][safepoint   ] Safepoint "Cleanup", Time since last: 32003496135 ns, Reaching safepoint: 39370 ns, Cleanup: 15717 ns, At safepoint: 2887 ns, Total: 57974 ns
[2024-05-29T04:23:47.978+0000][1][safepoint   ] Safepoint "Cleanup", Time since last: 15001686461 ns, Reaching safepoint: 112191 ns, Cleanup: 28136 ns, At safepoint: 3747 ns, Total: 144074 ns
[2024-05-29T04:23:50.978+0000][1][safepoint   ] Safepoint "Cleanup", Time since last: 3000350166 ns, Reaching safepoint: 28549 ns, Cleanup: 16375 ns, At safepoint: 5276 ns, Total: 50200 ns
[2024-05-29T04:25:17.988+0000][1][safepoint   ] Safepoint "Cleanup", Time since last: 87009725970 ns, Reaching safepoint: 13543 ns, Cleanup: 12203 ns, At safepoint: 3076 ns, Total: 28822 ns
[2024-05-29T04:25:49.992+0000][1][safepoint   ] Safepoint "Cleanup", Time since last: 32003549840 ns, Reaching safepoint: 39717 ns, Cleanup: 15229 ns, At safepoint: 3180 ns, Total: 58126 ns
[2024-05-29T04:26:19.995+0000][1][safepoint   ] Safepoint "Cleanup", Time since last: 30002997424 ns, Reaching safepoint: 46457 ns, Cleanup: 15037 ns, At safepoint: 6411 ns, Total: 67905 ns
[2024-05-29T04:26:33.996+0000][1][safepoint   ] Safepoint "Cleanup", Time since last: 14001403589 ns, Reaching safepoint: 42758 ns, Cleanup: 14053 ns, At safepoint: 3241 ns, Total: 60052 ns
[2024-05-29T04:26:44.997+0000][1][safepoint   ] Safepoint "Cleanup", Time since last: 11001112460 ns, Reaching safepoint: 44848 ns, Cleanup: 11897 ns, At safepoint: 5496 ns, Total: 62241 ns
[2024-05-29T04:28:08.008+0000][1][safepoint   ] Safepoint "Cleanup", Time since last: 83010410868 ns, Reaching safepoint: 37406 ns, Cleanup: 13782 ns, At safepoint: 5275 ns, Total: 56463 ns
[2024-05-29T04:30:47.028+0000][1][safepoint   ] Safepoint "Cleanup", Time since last: 159020430161 ns, Reaching safepoint: 41064 ns, Cleanup: 31630 ns, At safepoint: 4140 ns, Total: 76834 ns
[2024-05-29T04:31:36.034+0000][1][safepoint   ] Safepoint "Cleanup", Time since last: 49005429712 ns, Reaching safepoint: 50014 ns, Cleanup: 18358 ns, At safepoint: 2732 ns, Total: 71104 ns
[2024-05-29T04:31:48.035+0000][1][safepoint   ] Safepoint "Cleanup", Time since last: 12001321433 ns, Reaching safepoint: 14902 ns, Cleanup: 12681 ns, At safepoint: 2722 ns, Total: 30305 ns
[2024-05-29T04:32:02.000+0000][1][safepoint   ] Safepoint "Cleanup", Time since last: 13965211019 ns, Reaching safepoint: 6699 ns, Cleanup: 10799 ns, At safepoint: 6193 ns, Total: 23691 ns
[2024-05-29T04:32:03.002+0000][1][safepoint   ] Safepoint "Cleanup", Time since last: 1001692125 ns, Reaching safepoint: 35252 ns, Cleanup: 13981 ns, At safepoint: 5268 ns, Total: 54501 ns
[2024-05-29T04:32:28.005+0000][1][safepoint   ] Safepoint "Cleanup", Time since last: 25002475199 ns, Reaching safepoint: 12612 ns, Cleanup: 13535 ns, At safepoint: 2618 ns, Total: 28765 ns
[2024-05-29T04:32:54.467+0000][1][safepoint   ] Safepoint "Cleanup", Time since last: 26462653362 ns, Reaching safepoint: 14188 ns, Cleanup: 14485 ns, At safepoint: 3694 ns, Total: 32367 ns
[2024-05-29T04:33:01.468+0000][1][safepoint   ] Safepoint "Cleanup", Time since last: 7000886156 ns, Reaching safepoint: 17231 ns, Cleanup: 15987 ns, At safepoint: 4732 ns, Total: 37950 ns
[2024-05-29T04:33:02.469+0000][1][safepoint   ] Safepoint "Cleanup", Time since last: 1000165171 ns, Reaching safepoint: 11875 ns, Cleanup: 47623 ns, At safepoint: 4019 ns, Total: 63517 ns
[2024-05-29T04:34:14.477+0000][1][safepoint   ] Safepoint "Cleanup", Time since last: 72008535722 ns, Reaching safepoint: 12137 ns, Cleanup: 125082 ns, At safepoint: 5410 ns, Total: 142629 ns
[2024-05-29T04:35:24.487+0000][1][safepoint   ] Safepoint "Cleanup", Time since last: 70010159699 ns, Reaching safepoint: 44093 ns, Cleanup: 13237 ns, At safepoint: 3493 ns, Total: 60823 ns
[2024-05-29T04:35:30.488+0000][1][safepoint   ] Safepoint "Cleanup", Time since last: 6000906976 ns, Reaching safepoint: 17534 ns, Cleanup: 14969 ns, At safepoint: 2797 ns, Total: 35300 ns
[2024-05-29T04:35:33.489+0000][1][safepoint   ] Safepoint "Cleanup", Time since last: 3000393872 ns, Reaching safepoint: 13398 ns, Cleanup: 12921 ns, At safepoint: 2819 ns, Total: 29138 ns
[2024-05-29T04:35:38.489+0000][1][safepoint   ] Safepoint "Cleanup", Time since last: 5000565941 ns, Reaching safepoint: 12876 ns, Cleanup: 12159 ns, At safepoint: 3213 ns, Total: 28248 ns
[2024-05-29T04:36:03.492+0000][1][safepoint   ] Safepoint "Cleanup", Time since last: 25002612157 ns, Reaching safepoint: 13118 ns, Cleanup: 13230 ns, At safepoint: 26719 ns, Total: 53067 ns
[2024-05-29T04:37:44.020+0000][1][safepoint   ] Safepoint "Cleanup", Time since last: 100527344996 ns, Reaching safepoint: 44346 ns, Cleanup: 14513 ns, At safepoint: 3354 ns, Total: 62213 ns
[2024-05-29T04:39:00.028+0000][1][safepoint   ] Safepoint "Cleanup", Time since last: 76008185631 ns, Reaching safepoint: 45551 ns, Cleanup: 14753 ns, At safepoint: 3439 ns, Total: 63743 ns
[2024-05-29T04:40:44.041+0000][1][safepoint   ] Safepoint "Cleanup", Time since last: 104013667412 ns, Reaching safepoint: 38872 ns, Cleanup: 13623 ns, At safepoint: 5327 ns, Total: 57822 ns
[2024-05-29T04:43:00.056+0000][1][safepoint   ] Safepoint "Cleanup", Time since last: 136014797977 ns, Reaching safepoint: 13037 ns, Cleanup: 13572 ns, At safepoint: 31352 ns, Total: 57961 ns
[2024-05-29T04:45:21.073+0000][1][safepoint   ] Safepoint "Cleanup", Time since last: 141016723045 ns, Reaching safepoint: 64992 ns, Cleanup: 15265 ns, At safepoint: 3171 ns, Total: 83428 ns
[2024-05-29T04:45:39.075+0000][1][safepoint   ] Safepoint "Cleanup", Time since last: 18002168554 ns, Reaching safepoint: 39520 ns, Cleanup: 16674 ns, At safepoint: 3497 ns, Total: 59691 ns
[2024-05-29T04:46:14.082+0000][1][safepoint   ] Safepoint "Cleanup", Time since last: 35006100969 ns, Reaching safepoint: 42550 ns, Cleanup: 33816 ns, At safepoint: 4020 ns, Total: 80386 ns
[2024-05-29T04:46:22.082+0000][1][safepoint   ] Safepoint "Cleanup", Time since last: 8000895477 ns, Reaching safepoint: 14091 ns, Cleanup: 12642 ns, At safepoint: 2910 ns, Total: 29643 ns
[2024-05-29T04:48:01.093+0000][1][safepoint   ] Safepoint "Cleanup", Time since last: 99010750919 ns, Reaching safepoint: 12514 ns, Cleanup: 131279 ns, At safepoint: 6769 ns, Total: 150562 ns
[2024-05-29T04:48:02.094+0000][1][safepoint   ] Safepoint "Cleanup", Time since last: 1000172574 ns, Reaching safepoint: 12372 ns, Cleanup: 14799 ns, At safepoint: 3363 ns, Total: 30534 ns
[2024-05-29T04:54:11.144+0000][1][safepoint   ] Safepoint "Cleanup", Time since last: 369050821991 ns, Reaching safepoint: 39992 ns, Cleanup: 15189 ns, At safepoint: 5275 ns, Total: 60456 ns
[2024-05-29T04:56:23.159+0000][1][safepoint   ] Safepoint "Cleanup", Time since last: 132014078647 ns, Reaching safepoint: 39627 ns, Cleanup: 27714 ns, At safepoint: 3714 ns, Total: 71055 ns
[2024-05-29T04:58:44.181+0000][1][safepoint   ] Safepoint "Cleanup", Time since last: 141022422700 ns, Reaching safepoint: 42481 ns, Cleanup: 13668 ns, At safepoint: 3015 ns, Total: 59164 ns
[2024-05-29T05:00:23.251+0000][1][safepoint   ] Safepoint "Cleanup", Time since last: 99069607184 ns, Reaching safepoint: 43068 ns, Cleanup: 15284 ns, At safepoint: 3653 ns, Total: 62005 ns
[2024-05-29T05:06:57.444+0000][1][safepoint   ] Safepoint "Cleanup", Time since last: 394193246955 ns, Reaching safepoint: 12963 ns, Cleanup: 24154 ns, At safepoint: 3556 ns, Total: 40673 ns
[2024-05-29T05:09:17.465+0000][1][safepoint   ] Safepoint "Cleanup", Time since last: 140020949566 ns, Reaching safepoint: 12871 ns, Cleanup: 12499 ns, At safepoint: 3083 ns, Total: 28453 ns
[2024-05-29T05:09:52.469+0000][1][safepoint   ] Safepoint "Cleanup", Time since last: 35003946656 ns, Reaching safepoint: 38854 ns, Cleanup: 14476 ns, At safepoint: 6291 ns, Total: 59621 ns
[2024-05-29T05:14:17.119+0000][1][safepoint   ] Safepoint "Cleanup", Time since last: 264650267471 ns, Reaching safepoint: 38958 ns, Cleanup: 16103 ns, At safepoint: 3498 ns, Total: 58559 ns
[2024-05-29T05:15:09.125+0000][1][safepoint   ] Safepoint "Cleanup", Time since last: 52005413787 ns, Reaching safepoint: 41659 ns, Cleanup: 18248 ns, At safepoint: 3420 ns, Total: 63327 ns
[2024-05-29T05:15:49.130+0000][1][safepoint   ] Safepoint "Cleanup", Time since last: 40004789934 ns, Reaching safepoint: 39286 ns, Cleanup: 16246 ns, At safepoint: 3350 ns, Total: 58882 ns
[2024-05-29T05:16:49.137+0000][1][safepoint   ] Safepoint "Cleanup", Time since last: 60007329971 ns, Reaching safepoint: 43900 ns, Cleanup: 15103 ns, At safepoint: 4275 ns, Total: 63278 ns
[2024-05-29T05:18:00.145+0000][1][safepoint   ] Safepoint "Cleanup", Time since last: 71008015420 ns, Reaching safepoint: 14376 ns, Cleanup: 14966 ns, At safepoint: 31021 ns, Total: 60363 ns
[2024-05-29T05:18:26.149+0000][1][safepoint   ] Safepoint "Cleanup", Time since last: 26003849282 ns, Reaching safepoint: 37953 ns, Cleanup: 19413 ns, At safepoint: 3450 ns, Total: 60816 ns
[2024-05-29T05:18:37.150+0000][1][safepoint   ] Safepoint "Cleanup", Time since last: 11001291879 ns, Reaching safepoint: 37699 ns, Cleanup: 15758 ns, At safepoint: 2954 ns, Total: 56411 ns
[2024-05-29T05:18:55.180+0000][1][safepoint   ] Safepoint "Cleanup", Time since last: 18014308622 ns, Reaching safepoint: 15537527 ns, Cleanup: 53071 ns, At safepoint: 30004 ns, Total: 15620602 ns
[2024-05-29T05:18:56.183+0000][1][safepoint   ] Safepoint "Cleanup", Time since last: 1002270228 ns, Reaching safepoint: 6170 ns, Cleanup: 30015 ns, At safepoint: 2613 ns, Total: 38798 ns
[2024-05-29T05:18:56.390+0000][1][gc,start    ] GC(39) Pause Young (Normal) (G1 Evacuation Pause)
[2024-05-29T05:18:56.390+0000][1][gc,task     ] GC(39) Using 2 workers of 2 for evacuation
[2024-05-29T05:18:56.390+0000][1][gc,age      ] GC(39) Desired survivor size 161480704 bytes, new threshold 15 (max threshold 15)
[2024-05-29T05:18:56.468+0000][1][gc,phases   ] GC(39)   Pre Evacuate Collection Set: 1.1ms
[2024-05-29T05:18:56.468+0000][1][gc,phases   ] GC(39)   Merge Heap Roots: 0.3ms
[2024-05-29T05:18:56.468+0000][1][gc,phases   ] GC(39)   Evacuate Collection Set: 73.0ms
[2024-05-29T05:18:56.468+0000][1][gc,phases   ] GC(39)   Post Evacuate Collection Set: 3.5ms
[2024-05-29T05:18:56.468+0000][1][gc,phases   ] GC(39)   Other: 0.1ms
[2024-05-29T05:18:56.468+0000][1][gc,age      ] GC(39) Age table with threshold 15 (max threshold 15)
[2024-05-29T05:18:56.468+0000][1][gc,age      ] GC(39) - age   1:    4108904 bytes,    4108904 total
[2024-05-29T05:18:56.468+0000][1][gc,age      ] GC(39) - age   2:     197288 bytes,    4306192 total
[2024-05-29T05:18:56.468+0000][1][gc,age      ] GC(39) - age   3:     131904 bytes,    4438096 total
[2024-05-29T05:18:56.468+0000][1][gc,age      ] GC(39) - age   4:     239432 bytes,    4677528 total
[2024-05-29T05:18:56.468+0000][1][gc,age      ] GC(39) - age   5:     168936 bytes,    4846464 total
[2024-05-29T05:18:56.468+0000][1][gc,age      ] GC(39) - age   6:     198544 bytes,    5045008 total
[2024-05-29T05:18:56.468+0000][1][gc,age      ] GC(39) - age   7:      78072 bytes,    5123080 total
[2024-05-29T05:18:56.468+0000][1][gc,age      ] GC(39) - age   8:      61672 bytes,    5184752 total
[2024-05-29T05:18:56.468+0000][1][gc,age      ] GC(39) - age   9:      62048 bytes,    5246800 total
[2024-05-29T05:18:56.468+0000][1][gc,age      ] GC(39) - age  10:      58312 bytes,    5305112 total
[2024-05-29T05:18:56.468+0000][1][gc,age      ] GC(39) - age  11:      62696 bytes,    5367808 total
[2024-05-29T05:18:56.468+0000][1][gc,age      ] GC(39) - age  12:      57472 bytes,    5425280 total
[2024-05-29T05:18:56.468+0000][1][gc,age      ] GC(39) - age  13:      79760 bytes,    5505040 total
[2024-05-29T05:18:56.468+0000][1][gc,age      ] GC(39) - age  14:      64024 bytes,    5569064 total
[2024-05-29T05:18:56.468+0000][1][gc,age      ] GC(39) - age  15:      64016 bytes,    5633080 total
[2024-05-29T05:18:56.468+0000][1][gc,heap     ] GC(39) Eden regions: 1224->0(1225)
[2024-05-29T05:18:56.468+0000][1][gc,heap     ] GC(39) Survivor regions: 4->3(154)
[2024-05-29T05:18:56.468+0000][1][gc,heap     ] GC(39) Old regions: 24->24
[2024-05-29T05:18:56.468+0000][1][gc,heap     ] GC(39) Humongous regions: 8->0
[2024-05-29T05:18:56.468+0000][1][gc,metaspace] GC(39) Metaspace: 98267K(99776K)->98267K(99776K) NonClass: 86292K(87104K)->86292K(87104K) Class: 11975K(12672K)->11975K(12672K)
[2024-05-29T05:18:56.468+0000][1][gc          ] GC(39) Pause Young (Normal) (G1 Evacuation Pause) 2518M->52M(4096M) 78.354ms
[2024-05-29T05:18:56.468+0000][1][gc,cpu      ] GC(39) User=0.03s Sys=0.00s Real=0.08s
[2024-05-29T05:18:56.468+0000][1][safepoint   ] Safepoint "G1CollectForAllocation", Time since last: 207344270 ns, Reaching safepoint: 9132 ns, Cleanup: 17165 ns, At safepoint: 78443786 ns, Total: 78470083 ns
[2024-05-29T05:18:56.713+0000][1][gc,heap,exit] Heap
[2024-05-29T05:18:56.713+0000][1][gc,heap,exit]  garbage-first heap   total 4194304K, used 68643K [0x0000000700000000, 0x0000000800000000)
[2024-05-29T05:18:56.713+0000][1][gc,heap,exit]   region size 2048K, 11 young (22528K), 3 survivors (6144K)
[2024-05-29T05:18:56.713+0000][1][gc,heap,exit]  Metaspace       used 98344K, committed 99776K, reserved 1179648K
[2024-05-29T05:18:56.713+0000][1][gc,heap,exit]   class space    used 11996K, committed 12672K, reserved 1048576K
