[2024-05-16T23:14:32.816+0000][1][gc,init] CardTable entry size: 512
[2024-05-16T23:14:32.826+0000][1][gc     ] Using G1
[2024-05-16T23:14:32.845+0000][1][gc,init] Version: 21.0.3+9-LTS (release)
[2024-05-16T23:14:32.845+0000][1][gc,init] CPUs: 2 total, 2 available
[2024-05-16T23:14:32.845+0000][1][gc,init] Memory: 7811M
[2024-05-16T23:14:32.845+0000][1][gc,init] Large Page Support: Disabled
[2024-05-16T23:14:32.845+0000][1][gc,init] NUMA Support: Disabled
[2024-05-16T23:14:32.845+0000][1][gc,init] Compressed Oops: Enabled (32-bit)
[2024-05-16T23:14:32.845+0000][1][gc,init] Heap Region Size: 1M
[2024-05-16T23:14:32.845+0000][1][gc,init] Heap Min Capacity: 1G
[2024-05-16T23:14:32.845+0000][1][gc,init] Heap Initial Capacity: 1G
[2024-05-16T23:14:32.845+0000][1][gc,init] Heap Max Capacity: 1G
[2024-05-16T23:14:32.845+0000][1][gc,init] Pre-touch: Disabled
[2024-05-16T23:14:32.845+0000][1][gc,init] Parallel Workers: 2
[2024-05-16T23:14:32.845+0000][1][gc,init] Concurrent Workers: 1
[2024-05-16T23:14:32.845+0000][1][gc,init] Concurrent Refinement Workers: 2
[2024-05-16T23:14:32.845+0000][1][gc,init] Periodic GC: Disabled
[2024-05-16T23:14:32.845+0000][1][gc,metaspace] CDS archive(s) not mapped
[2024-05-16T23:14:32.845+0000][1][gc,metaspace] Compressed class space mapped at: 0x0000000100000000-0x0000000140000000, reserved size: 1073741824
[2024-05-16T23:14:32.845+0000][1][gc,metaspace] Narrow klass base: 0x0000000000000000, Narrow klass shift: 3, Narrow klass range: 0x140000000
[2024-05-16T23:14:34.437+0000][1][safepoint   ] Safepoint "Cleanup", Time since last: 1459117250 ns, Reaching safepoint: 5257 ns, Cleanup: 39560 ns, At safepoint: 3024 ns, Total: 47841 ns
[2024-05-16T23:14:35.806+0000][1][safepoint   ] Safepoint "Cleanup", Time since last: 1365760111 ns, Reaching safepoint: 3191770 ns, Cleanup: 76521 ns, At safepoint: 7644 ns, Total: 3275935 ns
[2024-05-16T23:14:36.806+0000][1][safepoint   ] Safepoint "Cleanup", Time since last: 1000468107 ns, Reaching safepoint: 3240 ns, Cleanup: 50779 ns, At safepoint: 2034 ns, Total: 56053 ns
[2024-05-16T23:14:37.195+0000][1][gc,start    ] GC(0) Pause Young (Concurrent Start) (Metadata GC Threshold)
[2024-05-16T23:14:37.195+0000][1][gc,task     ] GC(0) Using 2 workers of 2 for evacuation
[2024-05-16T23:14:37.195+0000][1][gc,age      ] GC(0) Desired survivor size 3670016 bytes, new threshold 15 (max threshold 15)
[2024-05-16T23:14:37.206+0000][1][gc,phases   ] GC(0)   Pre Evacuate Collection Set: 0.4ms
[2024-05-16T23:14:37.207+0000][1][gc,phases   ] GC(0)   Merge Heap Roots: 0.1ms
[2024-05-16T23:14:37.207+0000][1][gc,phases   ] GC(0)   Evacuate Collection Set: 10.2ms
[2024-05-16T23:14:37.207+0000][1][gc,phases   ] GC(0)   Post Evacuate Collection Set: 0.7ms
[2024-05-16T23:14:37.207+0000][1][gc,phases   ] GC(0)   Other: 0.3ms
[2024-05-16T23:14:37.207+0000][1][gc,age      ] GC(0) Age table with threshold 15 (max threshold 15)
[2024-05-16T23:14:37.207+0000][1][gc,age      ] GC(0) - age   1:    6906624 bytes,    6906624 total
[2024-05-16T23:14:37.207+0000][1][gc,heap     ] GC(0) Eden regions: 41->0(44)
[2024-05-16T23:14:37.207+0000][1][gc,heap     ] GC(0) Survivor regions: 0->7(7)
[2024-05-16T23:14:37.207+0000][1][gc,heap     ] GC(0) Old regions: 0->2
[2024-05-16T23:14:37.207+0000][1][gc,heap     ] GC(0) Humongous regions: 3->3
[2024-05-16T23:14:37.207+0000][1][gc,metaspace] GC(0) Metaspace: 21264K(21504K)->21264K(21504K) NonClass: 19018K(19136K)->19018K(19136K) Class: 2246K(2368K)->2246K(2368K)
[2024-05-16T23:14:37.207+0000][1][gc          ] GC(0) Pause Young (Concurrent Start) (Metadata GC Threshold) 44M->11M(1024M) 11.895ms
[2024-05-16T23:14:37.207+0000][1][gc,cpu      ] GC(0) User=0.02s Sys=0.01s Real=0.01s
[2024-05-16T23:14:37.207+0000][1][safepoint   ] Safepoint "CollectForMetadataAllocation", Time since last: 388360545 ns, Reaching safepoint: 3319 ns, Cleanup: 54477 ns, At safepoint: 11976486 ns, Total: 12034282 ns
[2024-05-16T23:14:37.207+0000][1][gc          ] GC(1) Concurrent Mark Cycle
[2024-05-16T23:14:37.207+0000][1][gc,marking  ] GC(1) Concurrent Scan Root Regions
[2024-05-16T23:14:37.210+0000][1][gc,marking  ] GC(1) Concurrent Scan Root Regions 3.263ms
[2024-05-16T23:14:37.210+0000][1][gc,marking  ] GC(1) Concurrent Mark
[2024-05-16T23:14:37.210+0000][1][gc,marking  ] GC(1) Concurrent Mark From Roots
[2024-05-16T23:14:37.210+0000][1][gc,task     ] GC(1) Using 1 workers of 1 for marking
[2024-05-16T23:14:37.211+0000][1][gc,marking  ] GC(1) Concurrent Mark From Roots 0.984ms
[2024-05-16T23:14:37.211+0000][1][gc,marking  ] GC(1) Concurrent Preclean
[2024-05-16T23:14:37.211+0000][1][gc,marking  ] GC(1) Concurrent Preclean 0.010ms
[2024-05-16T23:14:37.211+0000][1][gc,start    ] GC(1) Pause Remark
[2024-05-16T23:14:37.214+0000][1][gc          ] GC(1) Pause Remark 11M->11M(1024M) 2.582ms
[2024-05-16T23:14:37.214+0000][1][gc,cpu      ] GC(1) User=0.01s Sys=0.00s Real=0.00s
[2024-05-16T23:14:37.214+0000][1][safepoint   ] Safepoint "G1PauseRemark", Time since last: 4396225 ns, Reaching safepoint: 79686 ns, Cleanup: 2419 ns, At safepoint: 2626439 ns, Total: 2708544 ns
[2024-05-16T23:14:37.214+0000][1][gc,marking  ] GC(1) Concurrent Mark 3.783ms
[2024-05-16T23:14:37.214+0000][1][gc,marking  ] GC(1) Concurrent Rebuild Remembered Sets and Scrub Regions
[2024-05-16T23:14:37.215+0000][1][gc,marking  ] GC(1) Concurrent Rebuild Remembered Sets and Scrub Regions 1.033ms
[2024-05-16T23:14:37.215+0000][1][gc,start    ] GC(1) Pause Cleanup
[2024-05-16T23:14:37.215+0000][1][gc          ] GC(1) Pause Cleanup 11M->11M(1024M) 0.135ms
[2024-05-16T23:14:37.215+0000][1][gc,cpu      ] GC(1) User=0.00s Sys=0.00s Real=0.00s
[2024-05-16T23:14:37.215+0000][1][safepoint   ] Safepoint "G1PauseCleanup", Time since last: 1092167 ns, Reaching safepoint: 79113 ns, Cleanup: 2613 ns, At safepoint: 165080 ns, Total: 246806 ns
[2024-05-16T23:14:37.215+0000][1][gc,marking  ] GC(1) Concurrent Clear Claimed Marks
[2024-05-16T23:14:37.215+0000][1][gc,marking  ] GC(1) Concurrent Clear Claimed Marks 0.017ms
[2024-05-16T23:14:37.215+0000][1][gc,marking  ] GC(1) Concurrent Cleanup for Next Mark
[2024-05-16T23:14:37.230+0000][1][gc,marking  ] GC(1) Concurrent Cleanup for Next Mark 15.257ms
[2024-05-16T23:14:37.230+0000][1][gc          ] GC(1) Concurrent Mark Cycle 23.760ms
[2024-05-16T23:14:38.076+0000][1][gc,start    ] GC(2) Pause Young (Normal) (G1 Evacuation Pause)
[2024-05-16T23:14:38.076+0000][1][gc,task     ] GC(2) Using 2 workers of 2 for evacuation
[2024-05-16T23:14:38.076+0000][1][gc,age      ] GC(2) Desired survivor size 3670016 bytes, new threshold 1 (max threshold 15)
[2024-05-16T23:14:38.089+0000][1][gc,phases   ] GC(2)   Pre Evacuate Collection Set: 0.3ms
[2024-05-16T23:14:38.089+0000][1][gc,phases   ] GC(2)   Merge Heap Roots: 0.1ms
[2024-05-16T23:14:38.089+0000][1][gc,phases   ] GC(2)   Evacuate Collection Set: 11.1ms
[2024-05-16T23:14:38.089+0000][1][gc,phases   ] GC(2)   Post Evacuate Collection Set: 0.9ms
[2024-05-16T23:14:38.089+0000][1][gc,phases   ] GC(2)   Other: 0.1ms
[2024-05-16T23:14:38.089+0000][1][gc,age      ] GC(2) Age table with threshold 1 (max threshold 15)
[2024-05-16T23:14:38.089+0000][1][gc,age      ] GC(2) - age   1:    1210472 bytes,    1210472 total
[2024-05-16T23:14:38.089+0000][1][gc,heap     ] GC(2) Eden regions: 44->0(49)
[2024-05-16T23:14:38.089+0000][1][gc,heap     ] GC(2) Survivor regions: 7->2(7)
[2024-05-16T23:14:38.089+0000][1][gc,heap     ] GC(2) Old regions: 2->8
[2024-05-16T23:14:38.089+0000][1][gc,heap     ] GC(2) Humongous regions: 3->3
[2024-05-16T23:14:38.089+0000][1][gc,metaspace] GC(2) Metaspace: 28694K(29056K)->28694K(29056K) NonClass: 25618K(25792K)->25618K(25792K) Class: 3075K(3264K)->3075K(3264K)
[2024-05-16T23:14:38.089+0000][1][gc          ] GC(2) Pause Young (Normal) (G1 Evacuation Pause) 55M->12M(1024M) 12.514ms
[2024-05-16T23:14:38.089+0000][1][gc,cpu      ] GC(2) User=0.02s Sys=0.00s Real=0.01s
[2024-05-16T23:14:38.089+0000][1][safepoint   ] Safepoint "G1CollectForAllocation", Time since last: 861148112 ns, Reaching safepoint: 4405 ns, Cleanup: 78615 ns, At safepoint: 12559513 ns, Total: 12642533 ns
[2024-05-16T23:14:38.569+0000][1][gc,start    ] GC(3) Pause Young (Normal) (G1 Evacuation Pause)
[2024-05-16T23:14:38.569+0000][1][gc,task     ] GC(3) Using 2 workers of 2 for evacuation
[2024-05-16T23:14:38.569+0000][1][gc,age      ] GC(3) Desired survivor size 3670016 bytes, new threshold 15 (max threshold 15)
[2024-05-16T23:14:38.577+0000][1][gc,phases   ] GC(3)   Pre Evacuate Collection Set: 0.4ms
[2024-05-16T23:14:38.577+0000][1][gc,phases   ] GC(3)   Merge Heap Roots: 0.1ms
[2024-05-16T23:14:38.577+0000][1][gc,phases   ] GC(3)   Evacuate Collection Set: 7.1ms
[2024-05-16T23:14:38.577+0000][1][gc,phases   ] GC(3)   Post Evacuate Collection Set: 0.6ms
[2024-05-16T23:14:38.577+0000][1][gc,phases   ] GC(3)   Other: 0.1ms
[2024-05-16T23:14:38.577+0000][1][gc,age      ] GC(3) Age table with threshold 15 (max threshold 15)
[2024-05-16T23:14:38.577+0000][1][gc,age      ] GC(3) - age   1:    3256768 bytes,    3256768 total
[2024-05-16T23:14:38.577+0000][1][gc,age      ] GC(3) - age   2:    1170456 bytes,    4427224 total
[2024-05-16T23:14:38.577+0000][1][gc,heap     ] GC(3) Eden regions: 49->0(46)
[2024-05-16T23:14:38.577+0000][1][gc,heap     ] GC(3) Survivor regions: 2->5(7)
[2024-05-16T23:14:38.577+0000][1][gc,heap     ] GC(3) Old regions: 8->8
[2024-05-16T23:14:38.577+0000][1][gc,heap     ] GC(3) Humongous regions: 3->3
[2024-05-16T23:14:38.577+0000][1][gc,metaspace] GC(3) Metaspace: 32572K(32896K)->32572K(32896K) NonClass: 28955K(29120K)->28955K(29120K) Class: 3617K(3776K)->3617K(3776K)
[2024-05-16T23:14:38.577+0000][1][gc          ] GC(3) Pause Young (Normal) (G1 Evacuation Pause) 61M->15M(1024M) 8.405ms
[2024-05-16T23:14:38.577+0000][1][gc,cpu      ] GC(3) User=0.01s Sys=0.00s Real=0.01s
[2024-05-16T23:14:38.577+0000][1][safepoint   ] Safepoint "G1CollectForAllocation", Time since last: 479529666 ns, Reaching safepoint: 5401 ns, Cleanup: 90360 ns, At safepoint: 8449469 ns, Total: 8545230 ns
[2024-05-16T23:14:38.742+0000][1][gc,start    ] GC(4) Pause Young (Normal) (G1 Evacuation Pause)
[2024-05-16T23:14:38.742+0000][1][gc,task     ] GC(4) Using 2 workers of 2 for evacuation
[2024-05-16T23:14:38.742+0000][1][gc,age      ] GC(4) Desired survivor size 3670016 bytes, new threshold 2 (max threshold 15)
[2024-05-16T23:14:38.749+0000][1][gc,phases   ] GC(4)   Pre Evacuate Collection Set: 0.3ms
[2024-05-16T23:14:38.749+0000][1][gc,phases   ] GC(4)   Merge Heap Roots: 0.0ms
[2024-05-16T23:14:38.749+0000][1][gc,phases   ] GC(4)   Evacuate Collection Set: 5.1ms
[2024-05-16T23:14:38.749+0000][1][gc,phases   ] GC(4)   Post Evacuate Collection Set: 0.7ms
[2024-05-16T23:14:38.749+0000][1][gc,phases   ] GC(4)   Other: 0.1ms
[2024-05-16T23:14:38.749+0000][1][gc,age      ] GC(4) Age table with threshold 2 (max threshold 15)
[2024-05-16T23:14:38.749+0000][1][gc,age      ] GC(4) - age   1:    1099536 bytes,    1099536 total
[2024-05-16T23:14:38.749+0000][1][gc,age      ] GC(4) - age   2:     951440 bytes,    2050976 total
[2024-05-16T23:14:38.749+0000][1][gc,heap     ] GC(4) Eden regions: 46->0(153)
[2024-05-16T23:14:38.749+0000][1][gc,heap     ] GC(4) Survivor regions: 5->3(7)
[2024-05-16T23:14:38.749+0000][1][gc,heap     ] GC(4) Old regions: 8->10
[2024-05-16T23:14:38.749+0000][1][gc,heap     ] GC(4) Humongous regions: 3->3
[2024-05-16T23:14:38.749+0000][1][gc,metaspace] GC(4) Metaspace: 32751K(33088K)->32751K(33088K) NonClass: 29123K(29312K)->29123K(29312K) Class: 3628K(3776K)->3628K(3776K)
[2024-05-16T23:14:38.749+0000][1][gc          ] GC(4) Pause Young (Normal) (G1 Evacuation Pause) 61M->14M(1024M) 6.353ms
[2024-05-16T23:14:38.749+0000][1][gc,cpu      ] GC(4) User=0.01s Sys=0.00s Real=0.00s
[2024-05-16T23:14:38.749+0000][1][safepoint   ] Safepoint "G1CollectForAllocation", Time since last: 165370758 ns, Reaching safepoint: 4094 ns, Cleanup: 22225 ns, At safepoint: 6395146 ns, Total: 6421465 ns
[2024-05-16T23:14:39.463+0000][1][gc,start    ] GC(5) Pause Young (Concurrent Start) (Metadata GC Threshold)
[2024-05-16T23:14:39.463+0000][1][gc,task     ] GC(5) Using 2 workers of 2 for evacuation
[2024-05-16T23:14:39.463+0000][1][gc,age      ] GC(5) Desired survivor size 10485760 bytes, new threshold 15 (max threshold 15)
[2024-05-16T23:14:39.478+0000][1][gc,phases   ] GC(5)   Pre Evacuate Collection Set: 0.5ms
[2024-05-16T23:14:39.478+0000][1][gc,phases   ] GC(5)   Merge Heap Roots: 0.1ms
[2024-05-16T23:14:39.478+0000][1][gc,phases   ] GC(5)   Evacuate Collection Set: 13.6ms
[2024-05-16T23:14:39.478+0000][1][gc,phases   ] GC(5)   Post Evacuate Collection Set: 0.6ms
[2024-05-16T23:14:39.478+0000][1][gc,phases   ] GC(5)   Other: 0.2ms
[2024-05-16T23:14:39.478+0000][1][gc,age      ] GC(5) Age table with threshold 15 (max threshold 15)
[2024-05-16T23:14:39.478+0000][1][gc,age      ] GC(5) - age   1:    1013040 bytes,    1013040 total
[2024-05-16T23:14:39.478+0000][1][gc,age      ] GC(5) - age   2:      96424 bytes,    1109464 total
[2024-05-16T23:14:39.478+0000][1][gc,age      ] GC(5) - age   3:     949224 bytes,    2058688 total
[2024-05-16T23:14:39.478+0000][1][gc,heap     ] GC(5) Eden regions: 133->0(611)
[2024-05-16T23:14:39.478+0000][1][gc,heap     ] GC(5) Survivor regions: 3->3(20)
[2024-05-16T23:14:39.478+0000][1][gc,heap     ] GC(5) Old regions: 10->10
[2024-05-16T23:14:39.478+0000][1][gc,heap     ] GC(5) Humongous regions: 3->3
[2024-05-16T23:14:39.478+0000][1][gc,metaspace] GC(5) Metaspace: 35588K(35968K)->35588K(35968K) NonClass: 31518K(31744K)->31518K(31744K) Class: 4070K(4224K)->4070K(4224K)
[2024-05-16T23:14:39.478+0000][1][gc          ] GC(5) Pause Young (Concurrent Start) (Metadata GC Threshold) 147M->14M(1024M) 15.086ms
[2024-05-16T23:14:39.478+0000][1][gc,cpu      ] GC(5) User=0.02s Sys=0.01s Real=0.01s
[2024-05-16T23:14:39.478+0000][1][safepoint   ] Safepoint "CollectForMetadataAllocation", Time since last: 714413125 ns, Reaching safepoint: 4015 ns, Cleanup: 73799 ns, At safepoint: 15174530 ns, Total: 15252344 ns
[2024-05-16T23:14:39.482+0000][1][gc          ] GC(6) Concurrent Mark Cycle
[2024-05-16T23:14:39.482+0000][1][gc,marking  ] GC(6) Concurrent Scan Root Regions
[2024-05-16T23:14:39.484+0000][1][gc,marking  ] GC(6) Concurrent Scan Root Regions 2.713ms
[2024-05-16T23:14:39.484+0000][1][gc,marking  ] GC(6) Concurrent Mark
[2024-05-16T23:14:39.484+0000][1][gc,marking  ] GC(6) Concurrent Mark From Roots
[2024-05-16T23:14:39.484+0000][1][gc,task     ] GC(6) Using 1 workers of 1 for marking
[2024-05-16T23:14:39.522+0000][1][gc,marking  ] GC(6) Concurrent Mark From Roots 37.568ms
[2024-05-16T23:14:39.522+0000][1][gc,marking  ] GC(6) Concurrent Preclean
[2024-05-16T23:14:39.522+0000][1][gc,marking  ] GC(6) Concurrent Preclean 0.084ms
[2024-05-16T23:14:39.522+0000][1][gc,start    ] GC(6) Pause Remark
[2024-05-16T23:14:39.526+0000][1][gc          ] GC(6) Pause Remark 15M->15M(1024M) 3.694ms
[2024-05-16T23:14:39.526+0000][1][gc,cpu      ] GC(6) User=0.01s Sys=0.00s Real=0.00s
[2024-05-16T23:14:39.526+0000][1][safepoint   ] Safepoint "G1PauseRemark", Time since last: 43589700 ns, Reaching safepoint: 3963 ns, Cleanup: 6849 ns, At safepoint: 3754934 ns, Total: 3765746 ns
[2024-05-16T23:14:39.526+0000][1][gc,marking  ] GC(6) Concurrent Mark 41.514ms
[2024-05-16T23:14:39.526+0000][1][gc,marking  ] GC(6) Concurrent Rebuild Remembered Sets and Scrub Regions
[2024-05-16T23:14:39.531+0000][1][gc,marking  ] GC(6) Concurrent Rebuild Remembered Sets and Scrub Regions 5.028ms
[2024-05-16T23:14:39.531+0000][1][gc,start    ] GC(6) Pause Cleanup
[2024-05-16T23:14:39.531+0000][1][gc          ] GC(6) Pause Cleanup 15M->15M(1024M) 0.163ms
[2024-05-16T23:14:39.531+0000][1][gc,cpu      ] GC(6) User=0.00s Sys=0.00s Real=0.00s
[2024-05-16T23:14:39.531+0000][1][safepoint   ] Safepoint "G1PauseCleanup", Time since last: 5114187 ns, Reaching safepoint: 88749 ns, Cleanup: 3880 ns, At safepoint: 197390 ns, Total: 290019 ns
[2024-05-16T23:14:39.531+0000][1][gc,marking  ] GC(6) Concurrent Clear Claimed Marks
[2024-05-16T23:14:39.531+0000][1][gc,marking  ] GC(6) Concurrent Clear Claimed Marks 0.060ms
[2024-05-16T23:14:39.531+0000][1][gc,marking  ] GC(6) Concurrent Cleanup for Next Mark
[2024-05-16T23:14:39.534+0000][1][gc,marking  ] GC(6) Concurrent Cleanup for Next Mark 2.928ms
[2024-05-16T23:14:39.534+0000][1][gc          ] GC(6) Concurrent Mark Cycle 52.704ms
[2024-05-16T23:14:40.677+0000][1][safepoint   ] Safepoint "ICBufferFull", Time since last: 1145211294 ns, Reaching safepoint: 4677 ns, Cleanup: 117138 ns, At safepoint: 2988 ns, Total: 124803 ns
[2024-05-16T23:14:41.606+0000][1][safepoint   ] Safepoint "ICBufferFull", Time since last: 929823668 ns, Reaching safepoint: 4816 ns, Cleanup: 108144 ns, At safepoint: 3070 ns, Total: 116030 ns
[2024-05-16T23:14:42.298+0000][1][gc,start    ] GC(7) Pause Young (Concurrent Start) (Metadata GC Threshold)
[2024-05-16T23:14:42.298+0000][1][gc,task     ] GC(7) Using 2 workers of 2 for evacuation
[2024-05-16T23:14:42.298+0000][1][gc,age      ] GC(7) Desired survivor size 40370176 bytes, new threshold 15 (max threshold 15)
[2024-05-16T23:14:42.315+0000][1][gc,phases   ] GC(7)   Pre Evacuate Collection Set: 0.3ms
[2024-05-16T23:14:42.315+0000][1][gc,phases   ] GC(7)   Merge Heap Roots: 0.1ms
[2024-05-16T23:14:42.316+0000][1][gc,phases   ] GC(7)   Evacuate Collection Set: 15.8ms
[2024-05-16T23:14:42.316+0000][1][gc,phases   ] GC(7)   Post Evacuate Collection Set: 1.1ms
[2024-05-16T23:14:42.316+0000][1][gc,phases   ] GC(7)   Other: 0.1ms
[2024-05-16T23:14:42.316+0000][1][gc,age      ] GC(7) Age table with threshold 15 (max threshold 15)
[2024-05-16T23:14:42.316+0000][1][gc,age      ] GC(7) - age   1:    6972424 bytes,    6972424 total
[2024-05-16T23:14:42.316+0000][1][gc,age      ] GC(7) - age   2:     879640 bytes,    7852064 total
[2024-05-16T23:14:42.316+0000][1][gc,age      ] GC(7) - age   3:      93104 bytes,    7945168 total
[2024-05-16T23:14:42.316+0000][1][gc,age      ] GC(7) - age   4:     899800 bytes,    8844968 total
[2024-05-16T23:14:42.316+0000][1][gc,heap     ] GC(7) Eden regions: 88->0(230)
[2024-05-16T23:14:42.316+0000][1][gc,heap     ] GC(7) Survivor regions: 3->9(77)
[2024-05-16T23:14:42.316+0000][1][gc,heap     ] GC(7) Old regions: 10->10
[2024-05-16T23:14:42.316+0000][1][gc,heap     ] GC(7) Humongous regions: 3->3
[2024-05-16T23:14:42.316+0000][1][gc,metaspace] GC(7) Metaspace: 59886K(60480K)->59886K(60480K) NonClass: 52513K(52864K)->52513K(52864K) Class: 7373K(7616K)->7373K(7616K)
[2024-05-16T23:14:42.316+0000][1][gc          ] GC(7) Pause Young (Concurrent Start) (Metadata GC Threshold) 101M->21M(1024M) 17.577ms
[2024-05-16T23:14:42.316+0000][1][gc,cpu      ] GC(7) User=0.04s Sys=0.00s Real=0.02s
[2024-05-16T23:14:42.316+0000][1][safepoint   ] Safepoint "CollectForMetadataAllocation", Time since last: 691488110 ns, Reaching safepoint: 4332 ns, Cleanup: 46104 ns, At safepoint: 17650413 ns, Total: 17700849 ns
[2024-05-16T23:14:42.318+0000][1][gc          ] GC(8) Concurrent Mark Cycle
[2024-05-16T23:14:42.318+0000][1][gc,marking  ] GC(8) Concurrent Scan Root Regions
[2024-05-16T23:14:42.337+0000][1][gc,marking  ] GC(8) Concurrent Scan Root Regions 19.165ms
[2024-05-16T23:14:42.337+0000][1][gc,marking  ] GC(8) Concurrent Mark
[2024-05-16T23:14:42.337+0000][1][gc,marking  ] GC(8) Concurrent Mark From Roots
[2024-05-16T23:14:42.337+0000][1][gc,task     ] GC(8) Using 1 workers of 1 for marking
[2024-05-16T23:14:42.337+0000][1][safepoint   ] Safepoint "CollectForMetadataAllocation", Time since last: 21657848 ns, Reaching safepoint: 25830 ns, Cleanup: 8373 ns, At safepoint: 29124 ns, Total: 63327 ns
[2024-05-16T23:14:42.350+0000][1][gc,marking  ] GC(8) Concurrent Mark From Roots 13.660ms
[2024-05-16T23:14:42.351+0000][1][gc,marking  ] GC(8) Concurrent Preclean
[2024-05-16T23:14:42.351+0000][1][gc,marking  ] GC(8) Concurrent Preclean 0.072ms
[2024-05-16T23:14:42.351+0000][1][gc,start    ] GC(8) Pause Remark
[2024-05-16T23:14:42.356+0000][1][gc          ] GC(8) Pause Remark 23M->23M(1024M) 4.905ms
[2024-05-16T23:14:42.356+0000][1][gc,cpu      ] GC(8) User=0.01s Sys=0.00s Real=0.00s
[2024-05-16T23:14:42.356+0000][1][safepoint   ] Safepoint "G1PauseRemark", Time since last: 13241843 ns, Reaching safepoint: 80234 ns, Cleanup: 2691 ns, At safepoint: 4964334 ns, Total: 5047259 ns
[2024-05-16T23:14:42.356+0000][1][gc,marking  ] GC(8) Concurrent Mark 18.885ms
[2024-05-16T23:14:42.356+0000][1][gc,marking  ] GC(8) Concurrent Rebuild Remembered Sets and Scrub Regions
[2024-05-16T23:14:42.371+0000][1][gc,marking  ] GC(8) Concurrent Rebuild Remembered Sets and Scrub Regions 14.964ms
[2024-05-16T23:14:42.371+0000][1][gc,start    ] GC(8) Pause Cleanup
[2024-05-16T23:14:42.371+0000][1][gc          ] GC(8) Pause Cleanup 23M->23M(1024M) 0.143ms
[2024-05-16T23:14:42.371+0000][1][gc,cpu      ] GC(8) User=0.00s Sys=0.00s Real=0.00s
[2024-05-16T23:14:42.371+0000][1][safepoint   ] Safepoint "G1PauseCleanup", Time since last: 15059191 ns, Reaching safepoint: 74473 ns, Cleanup: 3532 ns, At safepoint: 179776 ns, Total: 257781 ns
[2024-05-16T23:14:42.371+0000][1][gc,marking  ] GC(8) Concurrent Clear Claimed Marks
[2024-05-16T23:14:42.371+0000][1][gc,marking  ] GC(8) Concurrent Clear Claimed Marks 0.053ms
[2024-05-16T23:14:42.371+0000][1][gc,marking  ] GC(8) Concurrent Cleanup for Next Mark
[2024-05-16T23:14:42.374+0000][1][gc,marking  ] GC(8) Concurrent Cleanup for Next Mark 2.968ms
[2024-05-16T23:14:42.374+0000][1][gc          ] GC(8) Concurrent Mark Cycle 56.507ms
[2024-05-16T23:14:42.986+0000][1][safepoint   ] Safepoint "ICBufferFull", Time since last: 614509140 ns, Reaching safepoint: 80160 ns, Cleanup: 137616 ns, At safepoint: 6504 ns, Total: 224280 ns
[2024-05-16T23:14:43.514+0000][1][safepoint   ] Safepoint "ICBufferFull", Time since last: 528513287 ns, Reaching safepoint: 5959 ns, Cleanup: 144254 ns, At safepoint: 2922 ns, Total: 153135 ns
[2024-05-16T23:14:43.727+0000][1][gc,heap,exit] Heap
[2024-05-16T23:14:43.727+0000][1][gc,heap,exit]  garbage-first heap   total 1048576K, used 86681K [0x00000000c0000000, 0x0000000100000000)
[2024-05-16T23:14:43.727+0000][1][gc,heap,exit]   region size 1024K, 73 young (74752K), 9 survivors (9216K)
[2024-05-16T23:14:43.727+0000][1][gc,heap,exit]  Metaspace       used 72591K, committed 73792K, reserved 1114112K
[2024-05-16T23:14:43.727+0000][1][gc,heap,exit]   class space    used 9614K, committed 10176K, reserved 1048576K
