[2024-05-29T14:17:24.757+0000][1][gc,init] CardTable entry size: 512
[2024-05-29T14:17:24.765+0000][1][gc     ] Using G1
[2024-05-29T14:17:24.828+0000][1][gc,init] Version: 21.0.3+9-LTS (release)
[2024-05-29T14:17:24.828+0000][1][gc,init] CPUs: 2 total, 2 available
[2024-05-29T14:17:24.828+0000][1][gc,init] Memory: 4096M
[2024-05-29T14:17:24.828+0000][1][gc,init] Large Page Support: Disabled
[2024-05-29T14:17:24.828+0000][1][gc,init] NUMA Support: Disabled
[2024-05-29T14:17:24.828+0000][1][gc,init] Compressed Oops: Enabled (Zero based)
[2024-05-29T14:17:24.828+0000][1][gc,init] Heap Region Size: 2M
[2024-05-29T14:17:24.828+0000][1][gc,init] Heap Min Capacity: 4G
[2024-05-29T14:17:24.828+0000][1][gc,init] Heap Initial Capacity: 4G
[2024-05-29T14:17:24.828+0000][1][gc,init] Heap Max Capacity: 4G
[2024-05-29T14:17:24.828+0000][1][gc,init] Pre-touch: Disabled
[2024-05-29T14:17:24.828+0000][1][gc,init] Parallel Workers: 2
[2024-05-29T14:17:24.828+0000][1][gc,init] Concurrent Workers: 1
[2024-05-29T14:17:24.828+0000][1][gc,init] Concurrent Refinement Workers: 2
[2024-05-29T14:17:24.828+0000][1][gc,init] Periodic GC: Disabled
[2024-05-29T14:17:24.828+0000][1][gc,metaspace] CDS archive(s) not mapped
[2024-05-29T14:17:24.828+0000][1][gc,metaspace] Compressed class space mapped at: 0x0000000800000000-0x0000000840000000, reserved size: 1073741824
[2024-05-29T14:17:24.828+0000][1][gc,metaspace] Narrow klass base: 0x0000000800000000, Narrow klass shift: 0, Narrow klass range: 0x40000000
[2024-05-29T14:17:26.690+0000][1][safepoint   ] Safepoint "Cleanup", Time since last: 1625866258 ns, Reaching safepoint: 5553 ns, Cleanup: 36894 ns, At safepoint: 2962 ns, Total: 45409 ns
[2024-05-29T14:17:28.449+0000][1][safepoint   ] Safepoint "Cleanup", Time since last: 1754975781 ns, Reaching safepoint: 3270477 ns, Cleanup: 84128 ns, At safepoint: 9638 ns, Total: 3364243 ns
[2024-05-29T14:17:29.452+0000][1][safepoint   ] Safepoint "Cleanup", Time since last: 1003429040 ns, Reaching safepoint: 3018 ns, Cleanup: 41673 ns, At safepoint: 2085 ns, Total: 46776 ns
[2024-05-29T14:17:29.840+0000][1][gc,start    ] GC(0) Pause Young (Concurrent Start) (Metadata GC Threshold)
[2024-05-29T14:17:29.841+0000][1][gc,task     ] GC(0) Using 2 workers of 2 for evacuation
[2024-05-29T14:17:29.841+0000][1][gc,age      ] GC(0) Desired survivor size 13631488 bytes, new threshold 15 (max threshold 15)
[2024-05-29T14:17:29.857+0000][1][gc,phases   ] GC(0)   Pre Evacuate Collection Set: 1.1ms
[2024-05-29T14:17:29.857+0000][1][gc,phases   ] GC(0)   Merge Heap Roots: 0.1ms
[2024-05-29T14:17:29.857+0000][1][gc,phases   ] GC(0)   Evacuate Collection Set: 13.9ms
[2024-05-29T14:17:29.858+0000][1][gc,phases   ] GC(0)   Post Evacuate Collection Set: 1.0ms
[2024-05-29T14:17:29.858+0000][1][gc,phases   ] GC(0)   Other: 0.6ms
[2024-05-29T14:17:29.858+0000][1][gc,age      ] GC(0) Age table with threshold 15 (max threshold 15)
[2024-05-29T14:17:29.858+0000][1][gc,age      ] GC(0) - age   1:    9987520 bytes,    9987520 total
[2024-05-29T14:17:29.858+0000][1][gc,heap     ] GC(0) Eden regions: 23->0(97)
[2024-05-29T14:17:29.858+0000][1][gc,heap     ] GC(0) Survivor regions: 0->5(13)
[2024-05-29T14:17:29.858+0000][1][gc,heap     ] GC(0) Old regions: 0->0
[2024-05-29T14:17:29.858+0000][1][gc,heap     ] GC(0) Humongous regions: 0->0
[2024-05-29T14:17:29.858+0000][1][gc,metaspace] GC(0) Metaspace: 21249K(21504K)->21249K(21504K) NonClass: 19000K(19136K)->19000K(19136K) Class: 2248K(2368K)->2248K(2368K)
[2024-05-29T14:17:29.858+0000][1][gc          ] GC(0) Pause Young (Concurrent Start) (Metadata GC Threshold) 45M->9M(4096M) 17.896ms
[2024-05-29T14:17:29.858+0000][1][gc,cpu      ] GC(0) User=0.03s Sys=0.01s Real=0.02s
[2024-05-29T14:17:29.858+0000][1][gc          ] GC(1) Concurrent Mark Cycle
[2024-05-29T14:17:29.858+0000][1][gc,marking  ] GC(1) Concurrent Scan Root Regions
[2024-05-29T14:17:29.861+0000][1][safepoint   ] Safepoint "CollectForMetadataAllocation", Time since last: 387949245 ns, Reaching safepoint: 4731 ns, Cleanup: 66356 ns, At safepoint: 20284188 ns, Total: 20355275 ns
[2024-05-29T14:17:29.861+0000][1][gc,marking  ] GC(1) Concurrent Scan Root Regions 2.697ms
[2024-05-29T14:17:29.861+0000][1][gc,marking  ] GC(1) Concurrent Mark
[2024-05-29T14:17:29.861+0000][1][gc,marking  ] GC(1) Concurrent Mark From Roots
[2024-05-29T14:17:29.861+0000][1][gc,task     ] GC(1) Using 1 workers of 1 for marking
[2024-05-29T14:17:29.865+0000][1][gc,marking  ] GC(1) Concurrent Mark From Roots 3.566ms
[2024-05-29T14:17:29.865+0000][1][gc,marking  ] GC(1) Concurrent Preclean
[2024-05-29T14:17:29.865+0000][1][gc,marking  ] GC(1) Concurrent Preclean 0.083ms
[2024-05-29T14:17:29.866+0000][1][gc,start    ] GC(1) Pause Remark
[2024-05-29T14:17:29.868+0000][1][gc          ] GC(1) Pause Remark 11M->11M(4096M) 2.702ms
[2024-05-29T14:17:29.869+0000][1][gc,cpu      ] GC(1) User=0.00s Sys=0.00s Real=0.01s
[2024-05-29T14:17:29.869+0000][1][safepoint   ] Safepoint "G1PauseRemark", Time since last: 4618093 ns, Reaching safepoint: 432994 ns, Cleanup: 3408 ns, At safepoint: 3115598 ns, Total: 3552000 ns
[2024-05-29T14:17:29.870+0000][1][gc,marking  ] GC(1) Concurrent Mark 8.655ms
[2024-05-29T14:17:29.870+0000][1][gc,marking  ] GC(1) Concurrent Rebuild Remembered Sets and Scrub Regions
[2024-05-29T14:17:29.870+0000][1][gc,marking  ] GC(1) Concurrent Rebuild Remembered Sets and Scrub Regions 0.306ms
[2024-05-29T14:17:29.870+0000][1][gc,start    ] GC(1) Pause Cleanup
[2024-05-29T14:17:29.870+0000][1][gc          ] GC(1) Pause Cleanup 11M->11M(4096M) 0.107ms
[2024-05-29T14:17:29.871+0000][1][gc,cpu      ] GC(1) User=0.00s Sys=0.00s Real=0.00s
[2024-05-29T14:17:29.871+0000][1][safepoint   ] Safepoint "G1PauseCleanup", Time since last: 1676957 ns, Reaching safepoint: 2962 ns, Cleanup: 2478 ns, At safepoint: 380220 ns, Total: 385660 ns
[2024-05-29T14:17:29.871+0000][1][gc,marking  ] GC(1) Concurrent Clear Claimed Marks
[2024-05-29T14:17:29.871+0000][1][gc,marking  ] GC(1) Concurrent Clear Claimed Marks 0.097ms
[2024-05-29T14:17:29.871+0000][1][gc,marking  ] GC(1) Concurrent Cleanup for Next Mark
[2024-05-29T14:17:29.942+0000][1][gc,marking  ] GC(1) Concurrent Cleanup for Next Mark 70.475ms
[2024-05-29T14:17:29.942+0000][1][gc          ] GC(1) Concurrent Mark Cycle 84.019ms
[2024-05-29T14:17:31.063+0000][1][safepoint   ] Safepoint "Cleanup", Time since last: 1192530256 ns, Reaching safepoint: 3660 ns, Cleanup: 82286 ns, At safepoint: 4794 ns, Total: 90740 ns
[2024-05-29T14:17:32.052+0000][1][gc,start    ] GC(2) Pause Young (Normal) (G1 Evacuation Pause)
[2024-05-29T14:17:32.052+0000][1][gc,task     ] GC(2) Using 2 workers of 2 for evacuation
[2024-05-29T14:17:32.052+0000][1][gc,age      ] GC(2) Desired survivor size 13631488 bytes, new threshold 15 (max threshold 15)
[2024-05-29T14:17:32.095+0000][1][gc,phases   ] GC(2)   Pre Evacuate Collection Set: 1.0ms
[2024-05-29T14:17:32.095+0000][1][gc,phases   ] GC(2)   Merge Heap Roots: 0.1ms
[2024-05-29T14:17:32.095+0000][1][gc,phases   ] GC(2)   Evacuate Collection Set: 39.2ms
[2024-05-29T14:17:32.095+0000][1][gc,phases   ] GC(2)   Post Evacuate Collection Set: 2.0ms
[2024-05-29T14:17:32.095+0000][1][gc,phases   ] GC(2)   Other: 0.1ms
[2024-05-29T14:17:32.095+0000][1][gc,age      ] GC(2) Age table with threshold 15 (max threshold 15)
[2024-05-29T14:17:32.095+0000][1][gc,age      ] GC(2) - age   1:    4074016 bytes,    4074016 total
[2024-05-29T14:17:32.095+0000][1][gc,age      ] GC(2) - age   2:    9824024 bytes,   13898040 total
[2024-05-29T14:17:32.095+0000][1][gc,heap     ] GC(2) Eden regions: 97->0(95)
[2024-05-29T14:17:32.095+0000][1][gc,heap     ] GC(2) Survivor regions: 5->7(13)
[2024-05-29T14:17:32.095+0000][1][gc,heap     ] GC(2) Old regions: 0->0
[2024-05-29T14:17:32.095+0000][1][gc,heap     ] GC(2) Humongous regions: 0->0
[2024-05-29T14:17:32.095+0000][1][gc,metaspace] GC(2) Metaspace: 32850K(33216K)->32850K(33216K) NonClass: 29206K(29440K)->29206K(29440K) Class: 3644K(3776K)->3644K(3776K)
[2024-05-29T14:17:32.095+0000][1][gc          ] GC(2) Pause Young (Normal) (G1 Evacuation Pause) 203M->14M(4096M) 42.580ms
[2024-05-29T14:17:32.095+0000][1][gc,cpu      ] GC(2) User=0.08s Sys=0.01s Real=0.04s
[2024-05-29T14:17:32.095+0000][1][safepoint   ] Safepoint "G1CollectForAllocation", Time since last: 988591879 ns, Reaching safepoint: 6758 ns, Cleanup: 101961 ns, At safepoint: 42654672 ns, Total: 42763391 ns
[2024-05-29T14:17:32.680+0000][1][gc,start    ] GC(3) Pause Young (Concurrent Start) (Metadata GC Threshold)
[2024-05-29T14:17:32.680+0000][1][gc,task     ] GC(3) Using 2 workers of 2 for evacuation
[2024-05-29T14:17:32.680+0000][1][gc,age      ] GC(3) Desired survivor size 13631488 bytes, new threshold 2 (max threshold 15)
[2024-05-29T14:17:32.712+0000][1][gc,phases   ] GC(3)   Pre Evacuate Collection Set: 0.7ms
[2024-05-29T14:17:32.712+0000][1][gc,phases   ] GC(3)   Merge Heap Roots: 0.0ms
[2024-05-29T14:17:32.713+0000][1][gc,phases   ] GC(3)   Evacuate Collection Set: 29.3ms
[2024-05-29T14:17:32.713+0000][1][gc,phases   ] GC(3)   Post Evacuate Collection Set: 1.7ms
[2024-05-29T14:17:32.713+0000][1][gc,phases   ] GC(3)   Other: 0.1ms
[2024-05-29T14:17:32.713+0000][1][gc,age      ] GC(3) Age table with threshold 2 (max threshold 15)
[2024-05-29T14:17:32.713+0000][1][gc,age      ] GC(3) - age   1:     919104 bytes,     919104 total
[2024-05-29T14:17:32.713+0000][1][gc,age      ] GC(3) - age   2:    2250520 bytes,    3169624 total
[2024-05-29T14:17:32.713+0000][1][gc,heap     ] GC(3) Eden regions: 41->0(100)
[2024-05-29T14:17:32.713+0000][1][gc,heap     ] GC(3) Survivor regions: 7->2(13)
[2024-05-29T14:17:32.713+0000][1][gc,heap     ] GC(3) Old regions: 0->6
[2024-05-29T14:17:32.713+0000][1][gc,heap     ] GC(3) Humongous regions: 0->0
[2024-05-29T14:17:32.713+0000][1][gc,metaspace] GC(3) Metaspace: 35534K(35968K)->35534K(35968K) NonClass: 31466K(31680K)->31466K(31680K) Class: 4067K(4288K)->4067K(4288K)
[2024-05-29T14:17:32.714+0000][1][gc          ] GC(3) Pause Young (Concurrent Start) (Metadata GC Threshold) 95M->14M(4096M) 33.259ms
[2024-05-29T14:17:32.714+0000][1][gc,cpu      ] GC(3) User=0.06s Sys=0.02s Real=0.04s
[2024-05-29T14:17:32.714+0000][1][safepoint   ] Safepoint "CollectForMetadataAllocation", Time since last: 585441612 ns, Reaching safepoint: 5056 ns, Cleanup: 75854 ns, At safepoint: 33526979 ns, Total: 33607889 ns
[2024-05-29T14:17:32.714+0000][1][gc          ] GC(4) Concurrent Mark Cycle
[2024-05-29T14:17:32.716+0000][1][gc,marking  ] GC(4) Concurrent Scan Root Regions
[2024-05-29T14:17:32.723+0000][1][gc,marking  ] GC(4) Concurrent Scan Root Regions 6.394ms
[2024-05-29T14:17:32.723+0000][1][gc,marking  ] GC(4) Concurrent Mark
[2024-05-29T14:17:32.723+0000][1][gc,marking  ] GC(4) Concurrent Mark From Roots
[2024-05-29T14:17:32.723+0000][1][gc,task     ] GC(4) Using 1 workers of 1 for marking
[2024-05-29T14:17:32.725+0000][1][gc,marking  ] GC(4) Concurrent Mark From Roots 2.168ms
[2024-05-29T14:17:32.725+0000][1][gc,marking  ] GC(4) Concurrent Preclean
[2024-05-29T14:17:32.725+0000][1][gc,marking  ] GC(4) Concurrent Preclean 0.079ms
[2024-05-29T14:17:32.725+0000][1][gc,start    ] GC(4) Pause Remark
[2024-05-29T14:17:32.733+0000][1][gc          ] GC(4) Pause Remark 15M->15M(4096M) 7.292ms
[2024-05-29T14:17:32.733+0000][1][gc,cpu      ] GC(4) User=0.02s Sys=0.00s Real=0.01s
[2024-05-29T14:17:32.733+0000][1][safepoint   ] Safepoint "G1PauseRemark", Time since last: 11491686 ns, Reaching safepoint: 5144 ns, Cleanup: 3298 ns, At safepoint: 7583710 ns, Total: 7592152 ns
[2024-05-29T14:17:32.733+0000][1][gc,marking  ] GC(4) Concurrent Mark 10.311ms
[2024-05-29T14:17:32.733+0000][1][gc,marking  ] GC(4) Concurrent Rebuild Remembered Sets and Scrub Regions
[2024-05-29T14:17:32.737+0000][1][gc,marking  ] GC(4) Concurrent Rebuild Remembered Sets and Scrub Regions 3.542ms
[2024-05-29T14:17:32.737+0000][1][gc,start    ] GC(4) Pause Cleanup
[2024-05-29T14:17:32.737+0000][1][gc          ] GC(4) Pause Cleanup 15M->15M(4096M) 0.501ms
[2024-05-29T14:17:32.737+0000][1][gc,cpu      ] GC(4) User=0.00s Sys=0.00s Real=0.00s
[2024-05-29T14:17:32.738+0000][1][safepoint   ] Safepoint "G1PauseCleanup", Time since last: 3935449 ns, Reaching safepoint: 5019 ns, Cleanup: 4274 ns, At safepoint: 726112 ns, Total: 735405 ns
[2024-05-29T14:17:32.738+0000][1][gc,marking  ] GC(4) Concurrent Clear Claimed Marks
[2024-05-29T14:17:32.738+0000][1][gc,marking  ] GC(4) Concurrent Clear Claimed Marks 0.120ms
[2024-05-29T14:17:32.738+0000][1][gc,marking  ] GC(4) Concurrent Cleanup for Next Mark
[2024-05-29T14:17:32.749+0000][1][gc,marking  ] GC(4) Concurrent Cleanup for Next Mark 11.424ms
[2024-05-29T14:17:32.750+0000][1][gc          ] GC(4) Concurrent Mark Cycle 35.779ms
[2024-05-29T14:17:34.078+0000][1][safepoint   ] Safepoint "ICBufferFull", Time since last: 1340088502 ns, Reaching safepoint: 4850 ns, Cleanup: 121179 ns, At safepoint: 2432 ns, Total: 128461 ns
[2024-05-29T14:17:35.078+0000][1][safepoint   ] Safepoint "Cleanup", Time since last: 1000131825 ns, Reaching safepoint: 88324 ns, Cleanup: 110080 ns, At safepoint: 5917 ns, Total: 204321 ns
[2024-05-29T14:17:35.751+0000][1][gc,start    ] GC(5) Pause Young (Concurrent Start) (Metadata GC Threshold)
[2024-05-29T14:17:35.751+0000][1][gc,task     ] GC(5) Using 2 workers of 2 for evacuation
[2024-05-29T14:17:35.751+0000][1][gc,age      ] GC(5) Desired survivor size 13631488 bytes, new threshold 15 (max threshold 15)
[2024-05-29T14:17:35.771+0000][1][gc,phases   ] GC(5)   Pre Evacuate Collection Set: 1.0ms
[2024-05-29T14:17:35.771+0000][1][gc,phases   ] GC(5)   Merge Heap Roots: 0.1ms
[2024-05-29T14:17:35.771+0000][1][gc,phases   ] GC(5)   Evacuate Collection Set: 17.8ms
[2024-05-29T14:17:35.771+0000][1][gc,phases   ] GC(5)   Post Evacuate Collection Set: 1.4ms
[2024-05-29T14:17:35.771+0000][1][gc,phases   ] GC(5)   Other: 0.1ms
[2024-05-29T14:17:35.771+0000][1][gc,age      ] GC(5) Age table with threshold 15 (max threshold 15)
[2024-05-29T14:17:35.771+0000][1][gc,age      ] GC(5) - age   1:    7171232 bytes,    7171232 total
[2024-05-29T14:17:35.771+0000][1][gc,age      ] GC(5) - age   2:     794696 bytes,    7965928 total
[2024-05-29T14:17:35.772+0000][1][gc,age      ] GC(5) - age   3:    2178272 bytes,   10144200 total
[2024-05-29T14:17:35.772+0000][1][gc,heap     ] GC(5) Eden regions: 45->0(97)
[2024-05-29T14:17:35.772+0000][1][gc,heap     ] GC(5) Survivor regions: 2->5(13)
[2024-05-29T14:17:35.772+0000][1][gc,heap     ] GC(5) Old regions: 6->6
[2024-05-29T14:17:35.772+0000][1][gc,heap     ] GC(5) Humongous regions: 0->0
[2024-05-29T14:17:35.772+0000][1][gc,metaspace] GC(5) Metaspace: 59532K(60160K)->59532K(60160K) NonClass: 52231K(52608K)->52231K(52608K) Class: 7301K(7552K)->7301K(7552K)
[2024-05-29T14:17:35.772+0000][1][gc          ] GC(5) Pause Young (Concurrent Start) (Metadata GC Threshold) 102M->20M(4096M) 20.750ms
[2024-05-29T14:17:35.772+0000][1][gc,cpu      ] GC(5) User=0.04s Sys=0.00s Real=0.02s
[2024-05-29T14:17:35.772+0000][1][safepoint   ] Safepoint "CollectForMetadataAllocation", Time since last: 672624897 ns, Reaching safepoint: 6065 ns, Cleanup: 84954 ns, At safepoint: 20860540 ns, Total: 20951559 ns
[2024-05-29T14:17:35.772+0000][1][gc          ] GC(6) Concurrent Mark Cycle
[2024-05-29T14:17:35.773+0000][1][gc,marking  ] GC(6) Concurrent Scan Root Regions
[2024-05-29T14:17:35.786+0000][1][gc,marking  ] GC(6) Concurrent Scan Root Regions 13.005ms
[2024-05-29T14:17:35.786+0000][1][gc,marking  ] GC(6) Concurrent Mark
[2024-05-29T14:17:35.786+0000][1][gc,marking  ] GC(6) Concurrent Mark From Roots
[2024-05-29T14:17:35.786+0000][1][gc,task     ] GC(6) Using 1 workers of 1 for marking
[2024-05-29T14:17:35.796+0000][1][gc,marking  ] GC(6) Concurrent Mark From Roots 10.683ms
[2024-05-29T14:17:35.796+0000][1][gc,marking  ] GC(6) Concurrent Preclean
[2024-05-29T14:17:35.796+0000][1][gc,marking  ] GC(6) Concurrent Preclean 0.102ms
[2024-05-29T14:17:35.797+0000][1][gc,start    ] GC(6) Pause Remark
[2024-05-29T14:17:35.807+0000][1][gc          ] GC(6) Pause Remark 21M->21M(4096M) 10.301ms
[2024-05-29T14:17:35.807+0000][1][gc,cpu      ] GC(6) User=0.02s Sys=0.00s Real=0.01s
[2024-05-29T14:17:35.807+0000][1][safepoint   ] Safepoint "G1PauseRemark", Time since last: 24833376 ns, Reaching safepoint: 158614 ns, Cleanup: 13180 ns, At safepoint: 10411762 ns, Total: 10583556 ns
[2024-05-29T14:17:35.807+0000][1][gc,marking  ] GC(6) Concurrent Mark 21.510ms
[2024-05-29T14:17:35.807+0000][1][gc,marking  ] GC(6) Concurrent Rebuild Remembered Sets and Scrub Regions
[2024-05-29T14:17:35.812+0000][1][gc,marking  ] GC(6) Concurrent Rebuild Remembered Sets and Scrub Regions 4.367ms
[2024-05-29T14:17:35.812+0000][1][gc,start    ] GC(6) Pause Cleanup
[2024-05-29T14:17:35.812+0000][1][gc          ] GC(6) Pause Cleanup 21M->21M(4096M) 0.525ms
[2024-05-29T14:17:35.812+0000][1][gc,cpu      ] GC(6) User=0.00s Sys=0.00s Real=0.00s
[2024-05-29T14:17:35.812+0000][1][safepoint   ] Safepoint "G1PauseCleanup", Time since last: 4501984 ns, Reaching safepoint: 6077 ns, Cleanup: 5216 ns, At safepoint: 595601 ns, Total: 606894 ns
[2024-05-29T14:17:35.812+0000][1][gc,marking  ] GC(6) Concurrent Clear Claimed Marks
[2024-05-29T14:17:35.812+0000][1][gc,marking  ] GC(6) Concurrent Clear Claimed Marks 0.060ms
[2024-05-29T14:17:35.812+0000][1][gc,marking  ] GC(6) Concurrent Cleanup for Next Mark
[2024-05-29T14:17:35.824+0000][1][gc,marking  ] GC(6) Concurrent Cleanup for Next Mark 11.224ms
[2024-05-29T14:17:35.824+0000][1][gc          ] GC(6) Concurrent Mark Cycle 51.099ms
[2024-05-29T14:17:36.636+0000][1][safepoint   ] Safepoint "ICBufferFull", Time since last: 823193428 ns, Reaching safepoint: 5704 ns, Cleanup: 139483 ns, At safepoint: 3108 ns, Total: 148295 ns
[2024-05-29T14:17:37.449+0000][1][safepoint   ] Safepoint "ICBufferFull", Time since last: 813556157 ns, Reaching safepoint: 128450 ns, Cleanup: 120769 ns, At safepoint: 11636 ns, Total: 260855 ns
[2024-05-29T14:17:38.291+0000][1][safepoint   ] Safepoint "ICBufferFull", Time since last: 841230161 ns, Reaching safepoint: 107207 ns, Cleanup: 130223 ns, At safepoint: 14363 ns, Total: 251793 ns
[2024-05-29T14:17:38.800+0000][1][safepoint   ] Safepoint "ICBufferFull", Time since last: 509188578 ns, Reaching safepoint: 121711 ns, Cleanup: 120356 ns, At safepoint: 8016 ns, Total: 250083 ns
[2024-05-29T14:17:39.455+0000][1][safepoint   ] Safepoint "ICBufferFull", Time since last: 654811406 ns, Reaching safepoint: 12445 ns, Cleanup: 137661 ns, At safepoint: 3713 ns, Total: 153819 ns
[2024-05-29T14:17:41.125+0000][1][safepoint   ] Safepoint "Cleanup", Time since last: 1669823119 ns, Reaching safepoint: 13455 ns, Cleanup: 124001 ns, At safepoint: 3968 ns, Total: 141424 ns
[2024-05-29T14:17:42.125+0000][1][safepoint   ] Safepoint "Cleanup", Time since last: 1000178497 ns, Reaching safepoint: 13039 ns, Cleanup: 13054 ns, At safepoint: 3083 ns, Total: 29176 ns
[2024-05-29T14:17:43.126+0000][1][safepoint   ] Safepoint "Cleanup", Time since last: 1000136782 ns, Reaching safepoint: 11743 ns, Cleanup: 17532 ns, At safepoint: 2883 ns, Total: 32158 ns
[2024-05-29T14:17:44.126+0000][1][safepoint   ] Safepoint "Cleanup", Time since last: 1000150815 ns, Reaching safepoint: 12112 ns, Cleanup: 14690 ns, At safepoint: 3387 ns, Total: 30189 ns
[2024-05-29T14:17:45.126+0000][1][safepoint   ] Safepoint "Cleanup", Time since last: 1000151562 ns, Reaching safepoint: 13040 ns, Cleanup: 12827 ns, At safepoint: 3423 ns, Total: 29290 ns
[2024-05-29T14:17:46.126+0000][1][safepoint   ] Safepoint "Cleanup", Time since last: 1000149445 ns, Reaching safepoint: 13551 ns, Cleanup: 15799 ns, At safepoint: 3118 ns, Total: 32468 ns
[2024-05-29T14:17:47.126+0000][1][safepoint   ] Safepoint "Cleanup", Time since last: 1000141255 ns, Reaching safepoint: 12708 ns, Cleanup: 15426 ns, At safepoint: 2596 ns, Total: 30730 ns
[2024-05-29T14:17:48.070+0000][1][gc,start    ] GC(7) Pause Young (Prepare Mixed) (G1 Evacuation Pause)
[2024-05-29T14:17:48.070+0000][1][gc,task     ] GC(7) Using 2 workers of 2 for evacuation
[2024-05-29T14:17:48.070+0000][1][gc,age      ] GC(7) Desired survivor size 13631488 bytes, new threshold 15 (max threshold 15)
[2024-05-29T14:17:48.123+0000][1][gc,phases   ] GC(7)   Pre Evacuate Collection Set: 0.8ms
[2024-05-29T14:17:48.123+0000][1][gc,phases   ] GC(7)   Merge Heap Roots: 0.1ms
[2024-05-29T14:17:48.123+0000][1][gc,phases   ] GC(7)   Evacuate Collection Set: 49.1ms
[2024-05-29T14:17:48.123+0000][1][gc,phases   ] GC(7)   Post Evacuate Collection Set: 2.5ms
[2024-05-29T14:17:48.123+0000][1][gc,phases   ] GC(7)   Other: 0.2ms
[2024-05-29T14:17:48.123+0000][1][gc,age      ] GC(7) Age table with threshold 15 (max threshold 15)
[2024-05-29T14:17:48.123+0000][1][gc,age      ] GC(7) - age   1:   16514728 bytes,   16514728 total
[2024-05-29T14:17:48.123+0000][1][gc,age      ] GC(7) - age   2:    6455688 bytes,   22970416 total
[2024-05-29T14:17:48.123+0000][1][gc,age      ] GC(7) - age   3:     787680 bytes,   23758096 total
[2024-05-29T14:17:48.123+0000][1][gc,age      ] GC(7) - age   4:    2171712 bytes,   25929808 total
[2024-05-29T14:17:48.123+0000][1][gc,heap     ] GC(7) Eden regions: 97->0(89)
[2024-05-29T14:17:48.123+0000][1][gc,heap     ] GC(7) Survivor regions: 5->13(13)
[2024-05-29T14:17:48.123+0000][1][gc,heap     ] GC(7) Old regions: 6->6
[2024-05-29T14:17:48.123+0000][1][gc,heap     ] GC(7) Humongous regions: 0->0
[2024-05-29T14:17:48.123+0000][1][gc,metaspace] GC(7) Metaspace: 81303K(82752K)->81303K(82752K) NonClass: 70557K(71360K)->70557K(71360K) Class: 10746K(11392K)->10746K(11392K)
[2024-05-29T14:17:48.123+0000][1][gc          ] GC(7) Pause Young (Prepare Mixed) (G1 Evacuation Pause) 213M->36M(4096M) 53.312ms
[2024-05-29T14:17:48.123+0000][1][gc,cpu      ] GC(7) User=0.09s Sys=0.01s Real=0.05s
[2024-05-29T14:17:48.123+0000][1][safepoint   ] Safepoint "G1CollectForAllocation", Time since last: 943027090 ns, Reaching safepoint: 137691 ns, Cleanup: 98212 ns, At safepoint: 53393656 ns, Total: 53629559 ns
[2024-05-29T14:17:49.123+0000][1][safepoint   ] Safepoint "Cleanup", Time since last: 1000120692 ns, Reaching safepoint: 12363 ns, Cleanup: 51005 ns, At safepoint: 4479 ns, Total: 67847 ns
[2024-05-29T14:17:50.123+0000][1][safepoint   ] Safepoint "Cleanup", Time since last: 1000179659 ns, Reaching safepoint: 11981 ns, Cleanup: 14798 ns, At safepoint: 3027 ns, Total: 29806 ns
[2024-05-29T14:17:53.124+0000][1][safepoint   ] Safepoint "Cleanup", Time since last: 3000330130 ns, Reaching safepoint: 15092 ns, Cleanup: 19010 ns, At safepoint: 3672 ns, Total: 37774 ns
[2024-05-29T14:17:54.124+0000][1][safepoint   ] Safepoint "Cleanup", Time since last: 1000193260 ns, Reaching safepoint: 12128 ns, Cleanup: 15784 ns, At safepoint: 3742 ns, Total: 31654 ns
[2024-05-29T14:17:56.124+0000][1][safepoint   ] Safepoint "Cleanup", Time since last: 2000249888 ns, Reaching safepoint: 12763 ns, Cleanup: 17860 ns, At safepoint: 3382 ns, Total: 34005 ns
[2024-05-29T14:17:57.124+0000][1][safepoint   ] Safepoint "Cleanup", Time since last: 1000149497 ns, Reaching safepoint: 12425 ns, Cleanup: 16145 ns, At safepoint: 3104 ns, Total: 31674 ns
[2024-05-29T14:17:58.125+0000][1][safepoint   ] Safepoint "Cleanup", Time since last: 1000207740 ns, Reaching safepoint: 13665 ns, Cleanup: 15579 ns, At safepoint: 3340 ns, Total: 32584 ns
[2024-05-29T14:18:01.125+0000][1][safepoint   ] Safepoint "Cleanup", Time since last: 3000349370 ns, Reaching safepoint: 43787 ns, Cleanup: 16425 ns, At safepoint: 4373 ns, Total: 64585 ns
[2024-05-29T14:18:06.126+0000][1][safepoint   ] Safepoint "Cleanup", Time since last: 5000695528 ns, Reaching safepoint: 13290 ns, Cleanup: 16702 ns, At safepoint: 3060 ns, Total: 33052 ns
[2024-05-29T14:18:08.126+0000][1][safepoint   ] Safepoint "Cleanup", Time since last: 2000448360 ns, Reaching safepoint: 14052 ns, Cleanup: 41392 ns, At safepoint: 4074 ns, Total: 59518 ns
[2024-05-29T14:18:09.127+0000][1][safepoint   ] Safepoint "Cleanup", Time since last: 1000189582 ns, Reaching safepoint: 12902 ns, Cleanup: 15372 ns, At safepoint: 3336 ns, Total: 31610 ns
[2024-05-29T14:18:10.127+0000][1][safepoint   ] Safepoint "Cleanup", Time since last: 1000182314 ns, Reaching safepoint: 14241 ns, Cleanup: 20439 ns, At safepoint: 3453 ns, Total: 38133 ns
[2024-05-29T14:18:11.127+0000][1][safepoint   ] Safepoint "Cleanup", Time since last: 1000152828 ns, Reaching safepoint: 14645 ns, Cleanup: 14555 ns, At safepoint: 2929 ns, Total: 32129 ns
[2024-05-29T14:18:12.127+0000][1][safepoint   ] Safepoint "Cleanup", Time since last: 1000268691 ns, Reaching safepoint: 14704 ns, Cleanup: 14037 ns, At safepoint: 3285 ns, Total: 32026 ns
[2024-05-29T14:18:13.127+0000][1][safepoint   ] Safepoint "Cleanup", Time since last: 1000212730 ns, Reaching safepoint: 14302 ns, Cleanup: 16888 ns, At safepoint: 3119 ns, Total: 34309 ns
[2024-05-29T14:18:17.128+0000][1][safepoint   ] Safepoint "Cleanup", Time since last: 4000436845 ns, Reaching safepoint: 12910 ns, Cleanup: 14233 ns, At safepoint: 3437 ns, Total: 30580 ns
[2024-05-29T14:18:18.128+0000][1][safepoint   ] Safepoint "Cleanup", Time since last: 1000196640 ns, Reaching safepoint: 16488 ns, Cleanup: 16355 ns, At safepoint: 4485 ns, Total: 37328 ns
[2024-05-29T14:18:19.129+0000][1][safepoint   ] Safepoint "Cleanup", Time since last: 1000294371 ns, Reaching safepoint: 13615 ns, Cleanup: 14938 ns, At safepoint: 4306 ns, Total: 32859 ns
[2024-05-29T14:18:22.129+0000][1][safepoint   ] Safepoint "Cleanup", Time since last: 3000465149 ns, Reaching safepoint: 12899 ns, Cleanup: 14061 ns, At safepoint: 2996 ns, Total: 29956 ns
[2024-05-29T14:18:23.129+0000][1][safepoint   ] Safepoint "Cleanup", Time since last: 1000215621 ns, Reaching safepoint: 12358 ns, Cleanup: 16206 ns, At safepoint: 3415 ns, Total: 31979 ns
[2024-05-29T14:18:24.748+0000][1][safepoint   ] Safepoint "Cleanup", Time since last: 1618658041 ns, Reaching safepoint: 8722 ns, Cleanup: 14860 ns, At safepoint: 66816 ns, Total: 90398 ns
[2024-05-29T14:18:29.749+0000][1][safepoint   ] Safepoint "Cleanup", Time since last: 5000593811 ns, Reaching safepoint: 13652 ns, Cleanup: 14757 ns, At safepoint: 3256 ns, Total: 31665 ns
[2024-05-29T14:18:37.750+0000][1][safepoint   ] Safepoint "Cleanup", Time since last: 8001311652 ns, Reaching safepoint: 13631 ns, Cleanup: 21265 ns, At safepoint: 3708 ns, Total: 38604 ns
[2024-05-29T14:18:38.750+0000][1][safepoint   ] Safepoint "Cleanup", Time since last: 1000485774 ns, Reaching safepoint: 12449 ns, Cleanup: 16456 ns, At safepoint: 3204 ns, Total: 32109 ns
[2024-05-29T14:18:39.751+0000][1][safepoint   ] Safepoint "Cleanup", Time since last: 1000146279 ns, Reaching safepoint: 12882 ns, Cleanup: 14024 ns, At safepoint: 3223 ns, Total: 30129 ns
[2024-05-29T14:18:43.751+0000][1][safepoint   ] Safepoint "Cleanup", Time since last: 4000485213 ns, Reaching safepoint: 12429 ns, Cleanup: 12925 ns, At safepoint: 2869 ns, Total: 28223 ns
[2024-05-29T14:18:46.752+0000][1][safepoint   ] Safepoint "Cleanup", Time since last: 3000342132 ns, Reaching safepoint: 14431 ns, Cleanup: 13188 ns, At safepoint: 3227 ns, Total: 30846 ns
[2024-05-29T14:18:48.752+0000][1][safepoint   ] Safepoint "Cleanup", Time since last: 2000303883 ns, Reaching safepoint: 27364 ns, Cleanup: 13291 ns, At safepoint: 3009 ns, Total: 43664 ns
[2024-05-29T14:19:03.753+0000][1][safepoint   ] Safepoint "Cleanup", Time since last: 15001383815 ns, Reaching safepoint: 31971 ns, Cleanup: 14182 ns, At safepoint: 2962 ns, Total: 49115 ns
[2024-05-29T14:19:17.755+0000][1][safepoint   ] Safepoint "Cleanup", Time since last: 14001369091 ns, Reaching safepoint: 13899 ns, Cleanup: 17326 ns, At safepoint: 2871 ns, Total: 34096 ns
[2024-05-29T14:19:19.755+0000][1][safepoint   ] Safepoint "Cleanup", Time since last: 2000235998 ns, Reaching safepoint: 13948 ns, Cleanup: 14006 ns, At safepoint: 3117 ns, Total: 31071 ns
[2024-05-29T14:19:25.756+0000][1][safepoint   ] Safepoint "Cleanup", Time since last: 6000713328 ns, Reaching safepoint: 11740 ns, Cleanup: 17919 ns, At safepoint: 3690 ns, Total: 33349 ns
[2024-05-29T14:19:27.756+0000][1][safepoint   ] Safepoint "Cleanup", Time since last: 2000275868 ns, Reaching safepoint: 13591 ns, Cleanup: 13076 ns, At safepoint: 2992 ns, Total: 29659 ns
[2024-05-29T14:19:37.757+0000][1][safepoint   ] Safepoint "Cleanup", Time since last: 10001219005 ns, Reaching safepoint: 37087 ns, Cleanup: 12413 ns, At safepoint: 2778 ns, Total: 52278 ns
[2024-05-29T14:19:38.757+0000][1][safepoint   ] Safepoint "Cleanup", Time since last: 1000131665 ns, Reaching safepoint: 13570 ns, Cleanup: 15044 ns, At safepoint: 3068 ns, Total: 31682 ns
[2024-05-29T14:19:44.758+0000][1][safepoint   ] Safepoint "Cleanup", Time since last: 6000690479 ns, Reaching safepoint: 20057 ns, Cleanup: 62918 ns, At safepoint: 6056 ns, Total: 89031 ns
[2024-05-29T14:19:53.759+0000][1][safepoint   ] Safepoint "Cleanup", Time since last: 9001090477 ns, Reaching safepoint: 11978 ns, Cleanup: 12642 ns, At safepoint: 3255 ns, Total: 27875 ns
[2024-05-29T14:19:54.760+0000][1][safepoint   ] Safepoint "Cleanup", Time since last: 1000172510 ns, Reaching safepoint: 11908 ns, Cleanup: 17102 ns, At safepoint: 3976 ns, Total: 32986 ns
[2024-05-29T14:20:03.761+0000][1][safepoint   ] Safepoint "Cleanup", Time since last: 9000978669 ns, Reaching safepoint: 36024 ns, Cleanup: 17274 ns, At safepoint: 5732 ns, Total: 59030 ns
[2024-05-29T14:20:07.761+0000][1][safepoint   ] Safepoint "Cleanup", Time since last: 4000427772 ns, Reaching safepoint: 10335 ns, Cleanup: 17930 ns, At safepoint: 3036 ns, Total: 31301 ns
[2024-05-29T14:20:08.761+0000][1][safepoint   ] Safepoint "Cleanup", Time since last: 1000150779 ns, Reaching safepoint: 12669 ns, Cleanup: 12198 ns, At safepoint: 2954 ns, Total: 27821 ns
[2024-05-29T14:20:09.761+0000][1][safepoint   ] Safepoint "Cleanup", Time since last: 1000155402 ns, Reaching safepoint: 14807 ns, Cleanup: 12393 ns, At safepoint: 2700 ns, Total: 29900 ns
[2024-05-29T14:20:20.762+0000][1][safepoint   ] Safepoint "Cleanup", Time since last: 11001007647 ns, Reaching safepoint: 11676 ns, Cleanup: 12238 ns, At safepoint: 3328 ns, Total: 27242 ns
[2024-05-29T14:20:24.763+0000][1][safepoint   ] Safepoint "Cleanup", Time since last: 4000462107 ns, Reaching safepoint: 20497 ns, Cleanup: 12531 ns, At safepoint: 3068 ns, Total: 36096 ns
[2024-05-29T14:20:37.765+0000][1][safepoint   ] Safepoint "Cleanup", Time since last: 13001890748 ns, Reaching safepoint: 36982 ns, Cleanup: 14031 ns, At safepoint: 3262 ns, Total: 54275 ns
[2024-05-29T14:20:39.765+0000][1][safepoint   ] Safepoint "Cleanup", Time since last: 2000243775 ns, Reaching safepoint: 12836 ns, Cleanup: 14702 ns, At safepoint: 3367 ns, Total: 30905 ns
[2024-05-29T14:21:07.768+0000][1][safepoint   ] Safepoint "Cleanup", Time since last: 28002965470 ns, Reaching safepoint: 33517 ns, Cleanup: 13023 ns, At safepoint: 3278 ns, Total: 49818 ns
[2024-05-29T14:21:10.769+0000][1][safepoint   ] Safepoint "Cleanup", Time since last: 3000374297 ns, Reaching safepoint: 12160 ns, Cleanup: 11861 ns, At safepoint: 3329 ns, Total: 27350 ns
[2024-05-29T14:21:14.769+0000][1][safepoint   ] Safepoint "Cleanup", Time since last: 4000457442 ns, Reaching safepoint: 14456 ns, Cleanup: 13850 ns, At safepoint: 3053 ns, Total: 31359 ns
[2024-05-29T14:21:17.770+0000][1][safepoint   ] Safepoint "Cleanup", Time since last: 3000410803 ns, Reaching safepoint: 12181 ns, Cleanup: 14842 ns, At safepoint: 3443 ns, Total: 30466 ns
[2024-05-29T14:21:22.770+0000][1][safepoint   ] Safepoint "Cleanup", Time since last: 5000558404 ns, Reaching safepoint: 10988 ns, Cleanup: 12807 ns, At safepoint: 3386 ns, Total: 27181 ns
[2024-05-29T14:21:33.771+0000][1][safepoint   ] Safepoint "Cleanup", Time since last: 11001167700 ns, Reaching safepoint: 11462 ns, Cleanup: 14156 ns, At safepoint: 3213 ns, Total: 28831 ns
[2024-05-29T14:21:38.772+0000][1][safepoint   ] Safepoint "Cleanup", Time since last: 5000563543 ns, Reaching safepoint: 37724 ns, Cleanup: 13224 ns, At safepoint: 3623 ns, Total: 54571 ns
[2024-05-29T14:22:14.776+0000][1][safepoint   ] Safepoint "Cleanup", Time since last: 36003522298 ns, Reaching safepoint: 35913 ns, Cleanup: 14077 ns, At safepoint: 3162 ns, Total: 53152 ns
[2024-05-29T14:22:23.777+0000][1][safepoint   ] Safepoint "Cleanup", Time since last: 9001283836 ns, Reaching safepoint: 10783 ns, Cleanup: 33088 ns, At safepoint: 3908 ns, Total: 47779 ns
[2024-05-29T14:22:28.855+0000][1][safepoint   ] Safepoint "Cleanup", Time since last: 5077800886 ns, Reaching safepoint: 36741 ns, Cleanup: 29465 ns, At safepoint: 3139 ns, Total: 69345 ns
[2024-05-29T14:22:33.855+0000][1][safepoint   ] Safepoint "Cleanup", Time since last: 5000532064 ns, Reaching safepoint: 13453 ns, Cleanup: 18145 ns, At safepoint: 2954 ns, Total: 34552 ns
[2024-05-29T14:22:37.856+0000][1][safepoint   ] Safepoint "Cleanup", Time since last: 4000543129 ns, Reaching safepoint: 91197 ns, Cleanup: 9769 ns, At safepoint: 8304 ns, Total: 109270 ns
[2024-05-29T14:22:38.857+0000][1][safepoint   ] Safepoint "Cleanup", Time since last: 1000472672 ns, Reaching safepoint: 15017 ns, Cleanup: 58710 ns, At safepoint: 3259 ns, Total: 76986 ns
[2024-05-29T14:22:39.857+0000][1][safepoint   ] Safepoint "Cleanup", Time since last: 1000236071 ns, Reaching safepoint: 15218 ns, Cleanup: 13917 ns, At safepoint: 3549 ns, Total: 32684 ns
[2024-05-29T14:22:40.857+0000][1][safepoint   ] Safepoint "Cleanup", Time since last: 1000286440 ns, Reaching safepoint: 13095 ns, Cleanup: 15359 ns, At safepoint: 3521 ns, Total: 31975 ns
[2024-05-29T14:22:43.858+0000][1][safepoint   ] Safepoint "Cleanup", Time since last: 3000437524 ns, Reaching safepoint: 14357 ns, Cleanup: 22589 ns, At safepoint: 3731 ns, Total: 40677 ns
[2024-05-29T14:22:48.858+0000][1][safepoint   ] Safepoint "Cleanup", Time since last: 5000588346 ns, Reaching safepoint: 14823 ns, Cleanup: 20396 ns, At safepoint: 2966 ns, Total: 38185 ns
[2024-05-29T14:22:58.859+0000][1][safepoint   ] Safepoint "Cleanup", Time since last: 10001086208 ns, Reaching safepoint: 16495 ns, Cleanup: 18679 ns, At safepoint: 3921 ns, Total: 39095 ns
[2024-05-29T14:23:03.860+0000][1][safepoint   ] Safepoint "Cleanup", Time since last: 5000538683 ns, Reaching safepoint: 14917 ns, Cleanup: 38104 ns, At safepoint: 3144 ns, Total: 56165 ns
[2024-05-29T14:23:08.861+0000][1][safepoint   ] Safepoint "Cleanup", Time since last: 5000825853 ns, Reaching safepoint: 51053 ns, Cleanup: 12972 ns, At safepoint: 4052 ns, Total: 68077 ns
[2024-05-29T14:23:13.861+0000][1][safepoint   ] Safepoint "Cleanup", Time since last: 5000619024 ns, Reaching safepoint: 12798 ns, Cleanup: 26094 ns, At safepoint: 3560 ns, Total: 42452 ns
[2024-05-29T14:23:18.862+0000][1][safepoint   ] Safepoint "Cleanup", Time since last: 5000617683 ns, Reaching safepoint: 18778 ns, Cleanup: 18390 ns, At safepoint: 3430 ns, Total: 40598 ns
[2024-05-29T14:23:23.863+0000][1][safepoint   ] Safepoint "Cleanup", Time since last: 5000526716 ns, Reaching safepoint: 14626 ns, Cleanup: 23853 ns, At safepoint: 2442 ns, Total: 40921 ns
[2024-05-29T14:23:38.882+0000][1][safepoint   ] Safepoint "Cleanup", Time since last: 15019160478 ns, Reaching safepoint: 41033 ns, Cleanup: 21363 ns, At safepoint: 3696 ns, Total: 66092 ns
[2024-05-29T14:23:39.882+0000][1][safepoint   ] Safepoint "Cleanup", Time since last: 1000123732 ns, Reaching safepoint: 12393 ns, Cleanup: 13772 ns, At safepoint: 3313 ns, Total: 29478 ns
[2024-05-29T14:23:43.883+0000][1][safepoint   ] Safepoint "Cleanup", Time since last: 4000518231 ns, Reaching safepoint: 300525 ns, Cleanup: 24593 ns, At safepoint: 7224 ns, Total: 332342 ns
[2024-05-29T14:23:48.884+0000][1][safepoint   ] Safepoint "Cleanup", Time since last: 5000667059 ns, Reaching safepoint: 17963 ns, Cleanup: 17221 ns, At safepoint: 4377 ns, Total: 39561 ns
[2024-05-29T14:23:53.884+0000][1][safepoint   ] Safepoint "Cleanup", Time since last: 5000650315 ns, Reaching safepoint: 13986 ns, Cleanup: 15084 ns, At safepoint: 3129 ns, Total: 32199 ns
[2024-05-29T14:23:54.885+0000][1][safepoint   ] Safepoint "Cleanup", Time since last: 1000193425 ns, Reaching safepoint: 13860 ns, Cleanup: 13687 ns, At safepoint: 2621 ns, Total: 30168 ns
[2024-05-29T14:23:58.885+0000][1][safepoint   ] Safepoint "Cleanup", Time since last: 4000578641 ns, Reaching safepoint: 13053 ns, Cleanup: 17141 ns, At safepoint: 3127 ns, Total: 33321 ns
[2024-05-29T14:24:03.886+0000][1][safepoint   ] Safepoint "Cleanup", Time since last: 5000686641 ns, Reaching safepoint: 14745 ns, Cleanup: 15294 ns, At safepoint: 2922 ns, Total: 32961 ns
[2024-05-29T14:24:07.886+0000][1][safepoint   ] Safepoint "Cleanup", Time since last: 4000430083 ns, Reaching safepoint: 14286 ns, Cleanup: 13165 ns, At safepoint: 3080 ns, Total: 30531 ns
[2024-05-29T14:24:08.887+0000][1][safepoint   ] Safepoint "Cleanup", Time since last: 1000175017 ns, Reaching safepoint: 65143 ns, Cleanup: 17768 ns, At safepoint: 7819 ns, Total: 90730 ns
[2024-05-29T14:24:13.064+0000][1][gc,start    ] GC(8) Pause Young (Mixed) (G1 Evacuation Pause)
[2024-05-29T14:24:13.064+0000][1][gc,task     ] GC(8) Using 2 workers of 2 for evacuation
[2024-05-29T14:24:13.064+0000][1][gc,age      ] GC(8) Desired survivor size 13631488 bytes, new threshold 1 (max threshold 15)
[2024-05-29T14:24:13.144+0000][1][gc,phases   ] GC(8)   Pre Evacuate Collection Set: 0.7ms
[2024-05-29T14:24:13.144+0000][1][gc,phases   ] GC(8)   Merge Heap Roots: 0.3ms
[2024-05-29T14:24:13.144+0000][1][gc,phases   ] GC(8)   Evacuate Collection Set: 76.5ms
[2024-05-29T14:24:13.144+0000][1][gc,phases   ] GC(8)   Post Evacuate Collection Set: 2.8ms
[2024-05-29T14:24:13.144+0000][1][gc,phases   ] GC(8)   Other: 0.1ms
[2024-05-29T14:24:13.144+0000][1][gc,age      ] GC(8) Age table with threshold 1 (max threshold 15)
[2024-05-29T14:24:13.144+0000][1][gc,age      ] GC(8) - age   1:    1659832 bytes,    1659832 total
[2024-05-29T14:24:13.144+0000][1][gc,heap     ] GC(8) Eden regions: 89->0(100)
[2024-05-29T14:24:13.144+0000][1][gc,heap     ] GC(8) Survivor regions: 13->2(13)
[2024-05-29T14:24:13.144+0000][1][gc,heap     ] GC(8) Old regions: 6->18
[2024-05-29T14:24:13.144+0000][1][gc,heap     ] GC(8) Humongous regions: 0->0
[2024-05-29T14:24:13.144+0000][1][gc,metaspace] GC(8) Metaspace: 82468K(83968K)->82468K(83968K) NonClass: 71631K(72448K)->71631K(72448K) Class: 10837K(11520K)->10837K(11520K)
[2024-05-29T14:24:13.144+0000][1][gc          ] GC(8) Pause Young (Mixed) (G1 Evacuation Pause) 214M->37M(4096M) 80.660ms
[2024-05-29T14:24:13.144+0000][1][gc,cpu      ] GC(8) User=0.13s Sys=0.03s Real=0.08s
[2024-05-29T14:24:13.144+0000][1][safepoint   ] Safepoint "G1CollectForAllocation", Time since last: 4176315390 ns, Reaching safepoint: 685355 ns, Cleanup: 6579 ns, At safepoint: 80750156 ns, Total: 81442090 ns
[2024-05-29T14:24:14.145+0000][1][safepoint   ] Safepoint "Cleanup", Time since last: 1000546065 ns, Reaching safepoint: 15624 ns, Cleanup: 12441 ns, At safepoint: 3169 ns, Total: 31234 ns
[2024-05-29T14:24:18.146+0000][1][safepoint   ] Safepoint "Cleanup", Time since last: 4000538236 ns, Reaching safepoint: 16019 ns, Cleanup: 19121 ns, At safepoint: 2958 ns, Total: 38098 ns
[2024-05-29T14:24:23.146+0000][1][safepoint   ] Safepoint "Cleanup", Time since last: 5000681361 ns, Reaching safepoint: 14217 ns, Cleanup: 26192 ns, At safepoint: 4154 ns, Total: 44563 ns
[2024-05-29T14:24:28.909+0000][1][safepoint   ] Safepoint "Cleanup", Time since last: 5762405687 ns, Reaching safepoint: 16902 ns, Cleanup: 14246 ns, At safepoint: 2841 ns, Total: 33989 ns
[2024-05-29T14:24:33.909+0000][1][safepoint   ] Safepoint "Cleanup", Time since last: 5000562790 ns, Reaching safepoint: 15486 ns, Cleanup: 15306 ns, At safepoint: 2997 ns, Total: 33789 ns
[2024-05-29T14:24:37.910+0000][1][safepoint   ] Safepoint "Cleanup", Time since last: 4000542757 ns, Reaching safepoint: 12755 ns, Cleanup: 12325 ns, At safepoint: 3188 ns, Total: 28268 ns
[2024-05-29T14:24:38.910+0000][1][safepoint   ] Safepoint "Cleanup", Time since last: 1000197096 ns, Reaching safepoint: 12583 ns, Cleanup: 321695 ns, At safepoint: 17310 ns, Total: 351588 ns
[2024-05-29T14:24:43.911+0000][1][safepoint   ] Safepoint "Cleanup", Time since last: 5000651621 ns, Reaching safepoint: 12025 ns, Cleanup: 13797 ns, At safepoint: 3408 ns, Total: 29230 ns
[2024-05-29T14:24:48.912+0000][1][safepoint   ] Safepoint "Cleanup", Time since last: 5000732908 ns, Reaching safepoint: 15575 ns, Cleanup: 17005 ns, At safepoint: 2927 ns, Total: 35507 ns
[2024-05-29T14:24:53.912+0000][1][safepoint   ] Safepoint "Cleanup", Time since last: 5000569240 ns, Reaching safepoint: 14471 ns, Cleanup: 12151 ns, At safepoint: 2897 ns, Total: 29519 ns
[2024-05-29T14:24:58.081+0000][1][safepoint   ] Safepoint "Cleanup", Time since last: 4168034068 ns, Reaching safepoint: 729124 ns, Cleanup: 14852 ns, At safepoint: 13832 ns, Total: 757808 ns
[2024-05-29T14:24:59.082+0000][1][safepoint   ] Safepoint "Cleanup", Time since last: 1000444839 ns, Reaching safepoint: 13198 ns, Cleanup: 17109 ns, At safepoint: 3101 ns, Total: 33408 ns
[2024-05-29T14:25:08.084+0000][1][safepoint   ] Safepoint "Cleanup", Time since last: 9002220991 ns, Reaching safepoint: 450419 ns, Cleanup: 13075 ns, At safepoint: 16788 ns, Total: 480282 ns
[2024-05-29T14:25:09.086+0000][1][safepoint   ] Safepoint "Cleanup", Time since last: 1001502832 ns, Reaching safepoint: 18928 ns, Cleanup: 12085 ns, At safepoint: 2693 ns, Total: 33706 ns
[2024-05-29T14:25:13.087+0000][1][safepoint   ] Safepoint "Cleanup", Time since last: 4000420697 ns, Reaching safepoint: 216725 ns, Cleanup: 10552 ns, At safepoint: 17652 ns, Total: 244929 ns
[2024-05-29T14:25:18.088+0000][1][safepoint   ] Safepoint "Cleanup", Time since last: 5000934680 ns, Reaching safepoint: 90256 ns, Cleanup: 10714 ns, At safepoint: 5970 ns, Total: 106940 ns
[2024-05-29T14:25:23.089+0000][1][safepoint   ] Safepoint "Cleanup", Time since last: 5000840404 ns, Reaching safepoint: 90992 ns, Cleanup: 9818 ns, At safepoint: 7832 ns, Total: 108642 ns
[2024-05-29T14:25:34.090+0000][1][safepoint   ] Safepoint "Cleanup", Time since last: 11001332369 ns, Reaching safepoint: 14112 ns, Cleanup: 16976 ns, At safepoint: 3014 ns, Total: 34102 ns
[2024-05-29T14:25:39.091+0000][1][safepoint   ] Safepoint "Cleanup", Time since last: 5000653404 ns, Reaching safepoint: 14430 ns, Cleanup: 22533 ns, At safepoint: 3458 ns, Total: 40421 ns
[2024-05-29T14:25:43.794+0000][1][safepoint   ] Safepoint "Cleanup", Time since last: 4702805866 ns, Reaching safepoint: 7292 ns, Cleanup: 45309 ns, At safepoint: 2497 ns, Total: 55098 ns
[2024-05-29T14:25:44.589+0000][1][safepoint   ] Safepoint "ICBufferFull", Time since last: 795366149 ns, Reaching safepoint: 13101 ns, Cleanup: 117315 ns, At safepoint: 3756 ns, Total: 134172 ns
[2024-05-29T14:25:45.589+0000][1][safepoint   ] Safepoint "Cleanup", Time since last: 1000305812 ns, Reaching safepoint: 12926 ns, Cleanup: 40804 ns, At safepoint: 3907 ns, Total: 57637 ns
[2024-05-29T14:25:47.590+0000][1][safepoint   ] Safepoint "Cleanup", Time since last: 2000253469 ns, Reaching safepoint: 14212 ns, Cleanup: 14268 ns, At safepoint: 2939 ns, Total: 31419 ns
[2024-05-29T14:25:48.756+0000][1][gc,start    ] GC(9) Pause Young (Normal) (G1 Evacuation Pause)
[2024-05-29T14:25:48.756+0000][1][gc,task     ] GC(9) Using 2 workers of 2 for evacuation
[2024-05-29T14:25:48.756+0000][1][gc,age      ] GC(9) Desired survivor size 13631488 bytes, new threshold 15 (max threshold 15)
[2024-05-29T14:25:48.766+0000][1][gc,phases   ] GC(9)   Pre Evacuate Collection Set: 0.7ms
[2024-05-29T14:25:48.766+0000][1][gc,phases   ] GC(9)   Merge Heap Roots: 0.1ms
[2024-05-29T14:25:48.766+0000][1][gc,phases   ] GC(9)   Evacuate Collection Set: 8.6ms
[2024-05-29T14:25:48.766+0000][1][gc,phases   ] GC(9)   Post Evacuate Collection Set: 0.9ms
[2024-05-29T14:25:48.766+0000][1][gc,phases   ] GC(9)   Other: 0.3ms
[2024-05-29T14:25:48.766+0000][1][gc,age      ] GC(9) Age table with threshold 15 (max threshold 15)
[2024-05-29T14:25:48.766+0000][1][gc,age      ] GC(9) - age   1:    4966904 bytes,    4966904 total
[2024-05-29T14:25:48.766+0000][1][gc,age      ] GC(9) - age   2:    1592416 bytes,    6559320 total
[2024-05-29T14:25:48.766+0000][1][gc,heap     ] GC(9) Eden regions: 100->0(105)
[2024-05-29T14:25:48.766+0000][1][gc,heap     ] GC(9) Survivor regions: 2->4(13)
[2024-05-29T14:25:48.766+0000][1][gc,heap     ] GC(9) Old regions: 18->18
[2024-05-29T14:25:48.766+0000][1][gc,heap     ] GC(9) Humongous regions: 0->0
[2024-05-29T14:25:48.766+0000][1][gc,metaspace] GC(9) Metaspace: 84000K(85504K)->84000K(85504K) NonClass: 72976K(73792K)->72976K(73792K) Class: 11024K(11712K)->11024K(11712K)
[2024-05-29T14:25:48.767+0000][1][gc          ] GC(9) Pause Young (Normal) (G1 Evacuation Pause) 237M->41M(4096M) 10.975ms
[2024-05-29T14:25:48.767+0000][1][gc,cpu      ] GC(9) User=0.02s Sys=0.00s Real=0.01s
[2024-05-29T14:25:48.767+0000][1][safepoint   ] Safepoint "G1CollectForAllocation", Time since last: 1165701177 ns, Reaching safepoint: 117807 ns, Cleanup: 40543 ns, At safepoint: 11049223 ns, Total: 11207573 ns
[2024-05-29T14:25:49.767+0000][1][safepoint   ] Safepoint "Cleanup", Time since last: 1000136222 ns, Reaching safepoint: 13274 ns, Cleanup: 35426 ns, At safepoint: 4433 ns, Total: 53133 ns
[2024-05-29T14:25:52.767+0000][1][safepoint   ] Safepoint "Cleanup", Time since last: 3000353968 ns, Reaching safepoint: 16264 ns, Cleanup: 12736 ns, At safepoint: 2738 ns, Total: 31738 ns
[2024-05-29T14:25:53.775+0000][1][safepoint   ] Safepoint "Cleanup", Time since last: 1000456098 ns, Reaching safepoint: 7476484 ns, Cleanup: 36739 ns, At safepoint: 21407 ns, Total: 7534630 ns
[2024-05-29T14:25:54.776+0000][1][safepoint   ] Safepoint "Cleanup", Time since last: 1000422860 ns, Reaching safepoint: 12812 ns, Cleanup: 14022 ns, At safepoint: 3618 ns, Total: 30452 ns
[2024-05-29T14:25:58.776+0000][1][safepoint   ] Safepoint "Cleanup", Time since last: 4000535558 ns, Reaching safepoint: 133216 ns, Cleanup: 19856 ns, At safepoint: 12652 ns, Total: 165724 ns
[2024-05-29T14:25:59.777+0000][1][safepoint   ] Safepoint "Cleanup", Time since last: 1000352665 ns, Reaching safepoint: 14318 ns, Cleanup: 13608 ns, At safepoint: 2791 ns, Total: 30717 ns
[2024-05-29T14:26:03.763+0000][1][gc,start    ] GC(10) Pause Young (Normal) (G1 Evacuation Pause)
[2024-05-29T14:26:03.763+0000][1][gc,task     ] GC(10) Using 2 workers of 2 for evacuation
[2024-05-29T14:26:03.764+0000][1][gc,age      ] GC(10) Desired survivor size 14680064 bytes, new threshold 15 (max threshold 15)
[2024-05-29T14:26:03.776+0000][1][gc,phases   ] GC(10)   Pre Evacuate Collection Set: 1.0ms
[2024-05-29T14:26:03.776+0000][1][gc,phases   ] GC(10)   Merge Heap Roots: 0.1ms
[2024-05-29T14:26:03.776+0000][1][gc,phases   ] GC(10)   Evacuate Collection Set: 10.3ms
[2024-05-29T14:26:03.776+0000][1][gc,phases   ] GC(10)   Post Evacuate Collection Set: 1.1ms
[2024-05-29T14:26:03.776+0000][1][gc,phases   ] GC(10)   Other: 0.3ms
[2024-05-29T14:26:03.776+0000][1][gc,age      ] GC(10) Age table with threshold 15 (max threshold 15)
[2024-05-29T14:26:03.776+0000][1][gc,age      ] GC(10) - age   1:    4395248 bytes,    4395248 total
[2024-05-29T14:26:03.776+0000][1][gc,age      ] GC(10) - age   2:     574232 bytes,    4969480 total
[2024-05-29T14:26:03.776+0000][1][gc,age      ] GC(10) - age   3:    1592384 bytes,    6561864 total
[2024-05-29T14:26:03.776+0000][1][gc,heap     ] GC(10) Eden regions: 105->0(1224)
[2024-05-29T14:26:03.776+0000][1][gc,heap     ] GC(10) Survivor regions: 4->4(14)
[2024-05-29T14:26:03.776+0000][1][gc,heap     ] GC(10) Old regions: 18->18
[2024-05-29T14:26:03.776+0000][1][gc,heap     ] GC(10) Humongous regions: 0->0
[2024-05-29T14:26:03.776+0000][1][gc,metaspace] GC(10) Metaspace: 84073K(85504K)->84073K(85504K) NonClass: 73047K(73792K)->73047K(73792K) Class: 11025K(11712K)->11025K(11712K)
[2024-05-29T14:26:03.776+0000][1][gc          ] GC(10) Pause Young (Normal) (G1 Evacuation Pause) 251M->41M(4096M) 13.219ms
[2024-05-29T14:26:03.776+0000][1][gc,cpu      ] GC(10) User=0.03s Sys=0.00s Real=0.01s
[2024-05-29T14:26:03.776+0000][1][safepoint   ] Safepoint "G1CollectForAllocation", Time since last: 3986409898 ns, Reaching safepoint: 15089 ns, Cleanup: 26968 ns, At safepoint: 13294023 ns, Total: 13336080 ns
[2024-05-29T14:26:04.777+0000][1][safepoint   ] Safepoint "Cleanup", Time since last: 1000157617 ns, Reaching safepoint: 12640 ns, Cleanup: 15705 ns, At safepoint: 2640 ns, Total: 30985 ns
[2024-05-29T14:26:07.777+0000][1][safepoint   ] Safepoint "Cleanup", Time since last: 3000388822 ns, Reaching safepoint: 14389 ns, Cleanup: 17588 ns, At safepoint: 3336 ns, Total: 35313 ns
[2024-05-29T14:26:08.777+0000][1][safepoint   ] Safepoint "Cleanup", Time since last: 1000207019 ns, Reaching safepoint: 93899 ns, Cleanup: 22847 ns, At safepoint: 7520 ns, Total: 124266 ns
[2024-05-29T14:26:09.778+0000][1][safepoint   ] Safepoint "Cleanup", Time since last: 1000264066 ns, Reaching safepoint: 15011 ns, Cleanup: 13140 ns, At safepoint: 3240 ns, Total: 31391 ns
[2024-05-29T14:26:13.778+0000][1][safepoint   ] Safepoint "Cleanup", Time since last: 4000416182 ns, Reaching safepoint: 151980 ns, Cleanup: 15029 ns, At safepoint: 6317 ns, Total: 173326 ns
[2024-05-29T14:26:18.779+0000][1][safepoint   ] Safepoint "Cleanup", Time since last: 5000665108 ns, Reaching safepoint: 110518 ns, Cleanup: 19998 ns, At safepoint: 11662 ns, Total: 142178 ns
[2024-05-29T14:26:23.781+0000][1][safepoint   ] Safepoint "Cleanup", Time since last: 5001354422 ns, Reaching safepoint: 151371 ns, Cleanup: 17983 ns, At safepoint: 7925 ns, Total: 177279 ns
[2024-05-29T14:26:28.973+0000][1][safepoint   ] Safepoint "Cleanup", Time since last: 5192007572 ns, Reaching safepoint: 12457 ns, Cleanup: 41965 ns, At safepoint: 3911 ns, Total: 58333 ns
[2024-05-29T14:26:33.973+0000][1][safepoint   ] Safepoint "Cleanup", Time since last: 5000668224 ns, Reaching safepoint: 13070 ns, Cleanup: 27556 ns, At safepoint: 3707 ns, Total: 44333 ns
[2024-05-29T14:26:34.974+0000][1][safepoint   ] Safepoint "Cleanup", Time since last: 1000180638 ns, Reaching safepoint: 14203 ns, Cleanup: 14263 ns, At safepoint: 3402 ns, Total: 31868 ns
[2024-05-29T14:26:37.974+0000][1][safepoint   ] Safepoint "Cleanup", Time since last: 3000406616 ns, Reaching safepoint: 13071 ns, Cleanup: 17568 ns, At safepoint: 3380 ns, Total: 34019 ns
[2024-05-29T14:26:38.974+0000][1][safepoint   ] Safepoint "Cleanup", Time since last: 1000181874 ns, Reaching safepoint: 13130 ns, Cleanup: 21039 ns, At safepoint: 3185 ns, Total: 37354 ns
[2024-05-29T14:26:43.975+0000][1][safepoint   ] Safepoint "Cleanup", Time since last: 5000598343 ns, Reaching safepoint: 37813 ns, Cleanup: 23775 ns, At safepoint: 3006 ns, Total: 64594 ns
[2024-05-29T14:26:48.975+0000][1][safepoint   ] Safepoint "Cleanup", Time since last: 5000519499 ns, Reaching safepoint: 14143 ns, Cleanup: 15376 ns, At safepoint: 3432 ns, Total: 32951 ns
[2024-05-29T14:26:53.976+0000][1][safepoint   ] Safepoint "Cleanup", Time since last: 5000584762 ns, Reaching safepoint: 14167 ns, Cleanup: 20896 ns, At safepoint: 3591 ns, Total: 38654 ns
[2024-05-29T14:26:58.980+0000][1][safepoint   ] Safepoint "Cleanup", Time since last: 5003976602 ns, Reaching safepoint: 14644 ns, Cleanup: 21753 ns, At safepoint: 3467 ns, Total: 39864 ns
[2024-05-29T14:27:03.981+0000][1][safepoint   ] Safepoint "Cleanup", Time since last: 5000636409 ns, Reaching safepoint: 18743 ns, Cleanup: 14309 ns, At safepoint: 3032 ns, Total: 36084 ns
[2024-05-29T14:27:08.982+0000][1][safepoint   ] Safepoint "Cleanup", Time since last: 5000717550 ns, Reaching safepoint: 13326 ns, Cleanup: 24585 ns, At safepoint: 3320 ns, Total: 41231 ns
[2024-05-29T14:27:13.982+0000][1][safepoint   ] Safepoint "Cleanup", Time since last: 5000669463 ns, Reaching safepoint: 38590 ns, Cleanup: 24176 ns, At safepoint: 3984 ns, Total: 66750 ns
[2024-05-29T14:27:18.983+0000][1][safepoint   ] Safepoint "Cleanup", Time since last: 5000656214 ns, Reaching safepoint: 14492 ns, Cleanup: 19487 ns, At safepoint: 2891 ns, Total: 36870 ns
[2024-05-29T14:27:23.984+0000][1][safepoint   ] Safepoint "Cleanup", Time since last: 5000689982 ns, Reaching safepoint: 11919 ns, Cleanup: 16329 ns, At safepoint: 4388 ns, Total: 32636 ns
[2024-05-29T14:27:29.000+0000][1][safepoint   ] Safepoint "Cleanup", Time since last: 5016370437 ns, Reaching safepoint: 15261 ns, Cleanup: 19014 ns, At safepoint: 3526 ns, Total: 37801 ns
[2024-05-29T14:27:34.002+0000][1][safepoint   ] Safepoint "Cleanup", Time since last: 5001525263 ns, Reaching safepoint: 12511 ns, Cleanup: 17119 ns, At safepoint: 3661 ns, Total: 33291 ns
[2024-05-29T14:27:37.079+0000][1][safepoint   ] Safepoint "Cleanup", Time since last: 3077248006 ns, Reaching safepoint: 8463 ns, Cleanup: 10107 ns, At safepoint: 6258 ns, Total: 24828 ns
[2024-05-29T14:27:38.182+0000][1][safepoint   ] Safepoint "Cleanup", Time since last: 1103005443 ns, Reaching safepoint: 7520 ns, Cleanup: 94672 ns, At safepoint: 7668 ns, Total: 109860 ns
[2024-05-29T14:27:39.182+0000][1][safepoint   ] Safepoint "Cleanup", Time since last: 1000175802 ns, Reaching safepoint: 12760 ns, Cleanup: 31193 ns, At safepoint: 3747 ns, Total: 47700 ns
[2024-05-29T14:27:40.182+0000][1][safepoint   ] Safepoint "Cleanup", Time since last: 1000157962 ns, Reaching safepoint: 13084 ns, Cleanup: 13263 ns, At safepoint: 2941 ns, Total: 29288 ns
[2024-05-29T14:27:44.183+0000][1][safepoint   ] Safepoint "Cleanup", Time since last: 4000457552 ns, Reaching safepoint: 13556 ns, Cleanup: 20407 ns, At safepoint: 2557 ns, Total: 36520 ns
[2024-05-29T14:27:49.184+0000][1][safepoint   ] Safepoint "Cleanup", Time since last: 5000590206 ns, Reaching safepoint: 13604 ns, Cleanup: 21437 ns, At safepoint: 3698 ns, Total: 38739 ns
[2024-05-29T14:27:54.184+0000][1][safepoint   ] Safepoint "Cleanup", Time since last: 5000652018 ns, Reaching safepoint: 13922 ns, Cleanup: 13982 ns, At safepoint: 3429 ns, Total: 31333 ns
[2024-05-29T14:27:59.185+0000][1][safepoint   ] Safepoint "Cleanup", Time since last: 5000664340 ns, Reaching safepoint: 13907 ns, Cleanup: 20136 ns, At safepoint: 2720 ns, Total: 36763 ns
[2024-05-29T14:28:04.186+0000][1][safepoint   ] Safepoint "Cleanup", Time since last: 5000568408 ns, Reaching safepoint: 14102 ns, Cleanup: 17009 ns, At safepoint: 2621 ns, Total: 33732 ns
[2024-05-29T14:28:08.186+0000][1][safepoint   ] Safepoint "Cleanup", Time since last: 4000539449 ns, Reaching safepoint: 14215 ns, Cleanup: 22294 ns, At safepoint: 3177 ns, Total: 39686 ns
[2024-05-29T14:28:09.186+0000][1][safepoint   ] Safepoint "Cleanup", Time since last: 1000189960 ns, Reaching safepoint: 13398 ns, Cleanup: 12829 ns, At safepoint: 3518 ns, Total: 29745 ns
[2024-05-29T14:28:19.188+0000][1][safepoint   ] Safepoint "Cleanup", Time since last: 10001313763 ns, Reaching safepoint: 127511 ns, Cleanup: 13850 ns, At safepoint: 3225 ns, Total: 144586 ns
[2024-05-29T14:28:20.188+0000][1][safepoint   ] Safepoint "Cleanup", Time since last: 1000190922 ns, Reaching safepoint: 12788 ns, Cleanup: 13795 ns, At safepoint: 3473 ns, Total: 30056 ns
[2024-05-29T14:28:24.189+0000][1][safepoint   ] Safepoint "Cleanup", Time since last: 4000478065 ns, Reaching safepoint: 13646 ns, Cleanup: 22992 ns, At safepoint: 3832 ns, Total: 40470 ns
[2024-05-29T14:28:29.037+0000][1][safepoint   ] Safepoint "Cleanup", Time since last: 4848646210 ns, Reaching safepoint: 14448 ns, Cleanup: 21169 ns, At safepoint: 3103 ns, Total: 38720 ns
[2024-05-29T14:28:30.037+0000][1][safepoint   ] Safepoint "Cleanup", Time since last: 1000173033 ns, Reaching safepoint: 13028 ns, Cleanup: 12935 ns, At safepoint: 3225 ns, Total: 29188 ns
[2024-05-29T14:28:34.038+0000][1][safepoint   ] Safepoint "Cleanup", Time since last: 4000494093 ns, Reaching safepoint: 12368 ns, Cleanup: 15942 ns, At safepoint: 3426 ns, Total: 31736 ns
[2024-05-29T14:28:38.039+0000][1][safepoint   ] Safepoint "Cleanup", Time since last: 4000545610 ns, Reaching safepoint: 12037 ns, Cleanup: 14110 ns, At safepoint: 3073 ns, Total: 29220 ns
[2024-05-29T14:28:39.039+0000][1][safepoint   ] Safepoint "Cleanup", Time since last: 1000152353 ns, Reaching safepoint: 13295 ns, Cleanup: 14805 ns, At safepoint: 3192 ns, Total: 31292 ns
[2024-05-29T14:28:42.039+0000][1][safepoint   ] Safepoint "Cleanup", Time since last: 3000443804 ns, Reaching safepoint: 13943 ns, Cleanup: 16387 ns, At safepoint: 3623 ns, Total: 33953 ns
[2024-05-29T14:28:44.040+0000][1][safepoint   ] Safepoint "Cleanup", Time since last: 2000297539 ns, Reaching safepoint: 13904 ns, Cleanup: 21557 ns, At safepoint: 2855 ns, Total: 38316 ns
[2024-05-29T14:28:54.041+0000][1][safepoint   ] Safepoint "Cleanup", Time since last: 10001101979 ns, Reaching safepoint: 15237 ns, Cleanup: 15627 ns, At safepoint: 3830 ns, Total: 34694 ns
[2024-05-29T14:28:55.041+0000][1][safepoint   ] Safepoint "Cleanup", Time since last: 1000175202 ns, Reaching safepoint: 14488 ns, Cleanup: 13721 ns, At safepoint: 3236 ns, Total: 31445 ns
[2024-05-29T14:28:59.042+0000][1][safepoint   ] Safepoint "Cleanup", Time since last: 4000569468 ns, Reaching safepoint: 42220 ns, Cleanup: 17609 ns, At safepoint: 3423 ns, Total: 63252 ns
[2024-05-29T14:29:04.042+0000][1][safepoint   ] Safepoint "Cleanup", Time since last: 5000599791 ns, Reaching safepoint: 11585 ns, Cleanup: 17823 ns, At safepoint: 2995 ns, Total: 32403 ns
[2024-05-29T14:29:05.042+0000][1][safepoint   ] Safepoint "Cleanup", Time since last: 1000181990 ns, Reaching safepoint: 11854 ns, Cleanup: 14027 ns, At safepoint: 2968 ns, Total: 28849 ns
[2024-05-29T14:29:09.043+0000][1][safepoint   ] Safepoint "Cleanup", Time since last: 4000949634 ns, Reaching safepoint: 37204 ns, Cleanup: 19951 ns, At safepoint: 3418 ns, Total: 60573 ns
[2024-05-29T14:29:19.045+0000][1][safepoint   ] Safepoint "Cleanup", Time since last: 10001260310 ns, Reaching safepoint: 14321 ns, Cleanup: 26726 ns, At safepoint: 5284 ns, Total: 46331 ns
[2024-05-29T14:29:24.045+0000][1][safepoint   ] Safepoint "Cleanup", Time since last: 5000601388 ns, Reaching safepoint: 11821 ns, Cleanup: 10487 ns, At safepoint: 2812 ns, Total: 25120 ns
[2024-05-29T14:29:25.046+0000][1][safepoint   ] Safepoint "Cleanup", Time since last: 1000184688 ns, Reaching safepoint: 13243 ns, Cleanup: 13733 ns, At safepoint: 2758 ns, Total: 29734 ns
[2024-05-29T14:29:33.684+0000][1][gc,start    ] GC(11) Pause Young (Normal) (G1 Evacuation Pause)
[2024-05-29T14:29:33.685+0000][1][gc,task     ] GC(11) Using 2 workers of 2 for evacuation
[2024-05-29T14:29:33.685+0000][1][gc,age      ] GC(11) Desired survivor size 161480704 bytes, new threshold 15 (max threshold 15)
[2024-05-29T14:29:33.718+0000][1][gc,phases   ] GC(11)   Pre Evacuate Collection Set: 1.2ms
[2024-05-29T14:29:33.718+0000][1][gc,phases   ] GC(11)   Merge Heap Roots: 1.5ms
[2024-05-29T14:29:33.718+0000][1][gc,phases   ] GC(11)   Evacuate Collection Set: 24.2ms
[2024-05-29T14:29:33.718+0000][1][gc,phases   ] GC(11)   Post Evacuate Collection Set: 2.9ms
[2024-05-29T14:29:33.718+0000][1][gc,phases   ] GC(11)   Other: 3.6ms
[2024-05-29T14:29:33.718+0000][1][gc,age      ] GC(11) Age table with threshold 15 (max threshold 15)
[2024-05-29T14:29:33.718+0000][1][gc,age      ] GC(11) - age   1:    3114096 bytes,    3114096 total
[2024-05-29T14:29:33.718+0000][1][gc,age      ] GC(11) - age   2:       4360 bytes,    3118456 total
[2024-05-29T14:29:33.718+0000][1][gc,age      ] GC(11) - age   3:     558712 bytes,    3677168 total
[2024-05-29T14:29:33.718+0000][1][gc,age      ] GC(11) - age   4:    1591392 bytes,    5268560 total
[2024-05-29T14:29:33.718+0000][1][gc,heap     ] GC(11) Eden regions: 1224->0(1225)
[2024-05-29T14:29:33.718+0000][1][gc,heap     ] GC(11) Survivor regions: 4->3(154)
[2024-05-29T14:29:33.718+0000][1][gc,heap     ] GC(11) Old regions: 18->18
[2024-05-29T14:29:33.718+0000][1][gc,heap     ] GC(11) Humongous regions: 0->0
[2024-05-29T14:29:33.718+0000][1][gc,metaspace] GC(11) Metaspace: 89019K(90496K)->89019K(90496K) NonClass: 77480K(78272K)->77480K(78272K) Class: 11538K(12224K)->11538K(12224K)
[2024-05-29T14:29:33.718+0000][1][gc          ] GC(11) Pause Young (Normal) (G1 Evacuation Pause) 2489M->40M(4096M) 33.601ms
[2024-05-29T14:29:33.718+0000][1][gc,cpu      ] GC(11) User=0.05s Sys=0.01s Real=0.03s
[2024-05-29T14:29:33.718+0000][1][safepoint   ] Safepoint "G1CollectForAllocation", Time since last: 8638815779 ns, Reaching safepoint: 96886 ns, Cleanup: 3314 ns, At safepoint: 33697917 ns, Total: 33798117 ns
[2024-05-29T14:29:38.719+0000][1][safepoint   ] Safepoint "Cleanup", Time since last: 5001046360 ns, Reaching safepoint: 109643 ns, Cleanup: 13113 ns, At safepoint: 8206 ns, Total: 130962 ns
[2024-05-29T14:29:43.720+0000][1][safepoint   ] Safepoint "Cleanup", Time since last: 5000781174 ns, Reaching safepoint: 180517 ns, Cleanup: 10047 ns, At safepoint: 14053 ns, Total: 204617 ns
[2024-05-29T14:29:53.722+0000][1][safepoint   ] Safepoint "Cleanup", Time since last: 10001232845 ns, Reaching safepoint: 147758 ns, Cleanup: 13071 ns, At safepoint: 11647 ns, Total: 172476 ns
[2024-05-29T14:29:58.725+0000][1][safepoint   ] Safepoint "Cleanup", Time since last: 5002963835 ns, Reaching safepoint: 126447 ns, Cleanup: 13420 ns, At safepoint: 9284 ns, Total: 149151 ns
[2024-05-29T14:29:59.725+0000][1][safepoint   ] Safepoint "Cleanup", Time since last: 1000316302 ns, Reaching safepoint: 11439 ns, Cleanup: 16616 ns, At safepoint: 3015 ns, Total: 31070 ns
[2024-05-29T14:30:03.726+0000][1][safepoint   ] Safepoint "Cleanup", Time since last: 4000517826 ns, Reaching safepoint: 191854 ns, Cleanup: 9357 ns, At safepoint: 11000 ns, Total: 212211 ns
[2024-05-29T14:30:07.727+0000][1][safepoint   ] Safepoint "Cleanup", Time since last: 4000552912 ns, Reaching safepoint: 34620 ns, Cleanup: 19474 ns, At safepoint: 5363 ns, Total: 59457 ns
[2024-05-29T14:30:08.727+0000][1][safepoint   ] Safepoint "Cleanup", Time since last: 1000128791 ns, Reaching safepoint: 86698 ns, Cleanup: 17878 ns, At safepoint: 11735 ns, Total: 116311 ns
[2024-05-29T14:30:18.728+0000][1][safepoint   ] Safepoint "Cleanup", Time since last: 10001323112 ns, Reaching safepoint: 172052 ns, Cleanup: 12779 ns, At safepoint: 13115 ns, Total: 197946 ns
[2024-05-29T14:30:23.730+0000][1][safepoint   ] Safepoint "Cleanup", Time since last: 5001103109 ns, Reaching safepoint: 246146 ns, Cleanup: 12376 ns, At safepoint: 11980 ns, Total: 270502 ns
[2024-05-29T14:30:24.730+0000][1][safepoint   ] Safepoint "Cleanup", Time since last: 1000459003 ns, Reaching safepoint: 15881 ns, Cleanup: 13390 ns, At safepoint: 3807 ns, Total: 33078 ns
[2024-05-29T14:30:34.089+0000][1][safepoint   ] Safepoint "Cleanup", Time since last: 9358631594 ns, Reaching safepoint: 34996 ns, Cleanup: 15163 ns, At safepoint: 3573 ns, Total: 53732 ns
[2024-05-29T14:30:38.090+0000][1][safepoint   ] Safepoint "Cleanup", Time since last: 4000647778 ns, Reaching safepoint: 39977 ns, Cleanup: 14547 ns, At safepoint: 5304 ns, Total: 59828 ns
[2024-05-29T14:30:44.090+0000][1][safepoint   ] Safepoint "Cleanup", Time since last: 6000669163 ns, Reaching safepoint: 40086 ns, Cleanup: 25473 ns, At safepoint: 3471 ns, Total: 69030 ns
[2024-05-29T14:30:54.091+0000][1][safepoint   ] Safepoint "Cleanup", Time since last: 10000965989 ns, Reaching safepoint: 34234 ns, Cleanup: 26968 ns, At safepoint: 3474 ns, Total: 64676 ns
[2024-05-29T14:30:59.092+0000][1][safepoint   ] Safepoint "Cleanup", Time since last: 5000501924 ns, Reaching safepoint: 12978 ns, Cleanup: 16306 ns, At safepoint: 3005 ns, Total: 32289 ns
[2024-05-29T14:31:04.093+0000][1][safepoint   ] Safepoint "Cleanup", Time since last: 5000608229 ns, Reaching safepoint: 61276 ns, Cleanup: 31966 ns, At safepoint: 5277 ns, Total: 98519 ns
[2024-05-29T14:31:08.093+0000][1][safepoint   ] Safepoint "Cleanup", Time since last: 4000433389 ns, Reaching safepoint: 17979 ns, Cleanup: 12144 ns, At safepoint: 2924 ns, Total: 33047 ns
[2024-05-29T14:31:09.093+0000][1][safepoint   ] Safepoint "Cleanup", Time since last: 1000184375 ns, Reaching safepoint: 38068 ns, Cleanup: 21265 ns, At safepoint: 3846 ns, Total: 63179 ns
[2024-05-29T14:31:14.094+0000][1][safepoint   ] Safepoint "Cleanup", Time since last: 5000647534 ns, Reaching safepoint: 34953 ns, Cleanup: 13479 ns, At safepoint: 3197 ns, Total: 51629 ns
[2024-05-29T14:31:19.095+0000][1][safepoint   ] Safepoint "Cleanup", Time since last: 5000595281 ns, Reaching safepoint: 35372 ns, Cleanup: 12769 ns, At safepoint: 2750 ns, Total: 50891 ns
[2024-05-29T14:31:21.095+0000][1][safepoint   ] Safepoint "Cleanup", Time since last: 2000311962 ns, Reaching safepoint: 11768 ns, Cleanup: 18258 ns, At safepoint: 3257 ns, Total: 33283 ns
[2024-05-29T14:31:26.115+0000][1][safepoint   ] Safepoint "Cleanup", Time since last: 5020325043 ns, Reaching safepoint: 13516 ns, Cleanup: 78470 ns, At safepoint: 3379 ns, Total: 95365 ns
[2024-05-29T14:31:29.116+0000][1][safepoint   ] Safepoint "Cleanup", Time since last: 3000422353 ns, Reaching safepoint: 37136 ns, Cleanup: 29767 ns, At safepoint: 3113 ns, Total: 70016 ns
[2024-05-29T14:31:32.116+0000][1][safepoint   ] Safepoint "Cleanup", Time since last: 3000514272 ns, Reaching safepoint: 14977 ns, Cleanup: 28067 ns, At safepoint: 3434 ns, Total: 46478 ns
[2024-05-29T14:31:35.117+0000][1][safepoint   ] Safepoint "Cleanup", Time since last: 3000515208 ns, Reaching safepoint: 42891 ns, Cleanup: 35269 ns, At safepoint: 4131 ns, Total: 82291 ns
[2024-05-29T14:31:36.117+0000][1][safepoint   ] Safepoint "Cleanup", Time since last: 1000277328 ns, Reaching safepoint: 93890 ns, Cleanup: 19104 ns, At safepoint: 8775 ns, Total: 121769 ns
[2024-05-29T14:31:37.118+0000][1][safepoint   ] Safepoint "Cleanup", Time since last: 1000515493 ns, Reaching safepoint: 16249 ns, Cleanup: 25750 ns, At safepoint: 4240 ns, Total: 46239 ns
[2024-05-29T14:31:38.118+0000][1][safepoint   ] Safepoint "Cleanup", Time since last: 1000181545 ns, Reaching safepoint: 13200 ns, Cleanup: 18251 ns, At safepoint: 2747 ns, Total: 34198 ns
[2024-05-29T14:31:40.119+0000][1][safepoint   ] Safepoint "Cleanup", Time since last: 2000309889 ns, Reaching safepoint: 38611 ns, Cleanup: 32842 ns, At safepoint: 3879 ns, Total: 75332 ns
[2024-05-29T14:31:45.119+0000][1][safepoint   ] Safepoint "Cleanup", Time since last: 5000685615 ns, Reaching safepoint: 43239 ns, Cleanup: 32191 ns, At safepoint: 6221 ns, Total: 81651 ns
[2024-05-29T14:31:50.120+0000][1][safepoint   ] Safepoint "Cleanup", Time since last: 5000655596 ns, Reaching safepoint: 40500 ns, Cleanup: 23513 ns, At safepoint: 6400 ns, Total: 70413 ns
[2024-05-29T14:31:55.121+0000][1][safepoint   ] Safepoint "Cleanup", Time since last: 5000530944 ns, Reaching safepoint: 34301 ns, Cleanup: 17378 ns, At safepoint: 5662 ns, Total: 57341 ns
[2024-05-29T14:31:58.121+0000][1][safepoint   ] Safepoint "Cleanup", Time since last: 3000362914 ns, Reaching safepoint: 13073 ns, Cleanup: 14072 ns, At safepoint: 2938 ns, Total: 30083 ns
[2024-05-29T14:32:00.121+0000][1][safepoint   ] Safepoint "Cleanup", Time since last: 2000235709 ns, Reaching safepoint: 31567 ns, Cleanup: 22721 ns, At safepoint: 6022 ns, Total: 60310 ns
[2024-05-29T14:32:03.122+0000][1][safepoint   ] Safepoint "Cleanup", Time since last: 3000445382 ns, Reaching safepoint: 10857 ns, Cleanup: 21759 ns, At safepoint: 3578 ns, Total: 36194 ns
[2024-05-29T14:32:05.122+0000][1][safepoint   ] Safepoint "Cleanup", Time since last: 2000345755 ns, Reaching safepoint: 37676 ns, Cleanup: 20564 ns, At safepoint: 2873 ns, Total: 61113 ns
[2024-05-29T14:32:08.123+0000][1][safepoint   ] Safepoint "Cleanup", Time since last: 3000396977 ns, Reaching safepoint: 13215 ns, Cleanup: 12920 ns, At safepoint: 3583 ns, Total: 29718 ns
[2024-05-29T14:32:10.123+0000][1][safepoint   ] Safepoint "Cleanup", Time since last: 2000347725 ns, Reaching safepoint: 42059 ns, Cleanup: 14575 ns, At safepoint: 6532 ns, Total: 63166 ns
[2024-05-29T14:32:15.124+0000][1][safepoint   ] Safepoint "Cleanup", Time since last: 5000626885 ns, Reaching safepoint: 39395 ns, Cleanup: 13765 ns, At safepoint: 6325 ns, Total: 59485 ns
[2024-05-29T14:32:20.124+0000][1][safepoint   ] Safepoint "Cleanup", Time since last: 5000567790 ns, Reaching safepoint: 14079 ns, Cleanup: 15945 ns, At safepoint: 2412 ns, Total: 32436 ns
[2024-05-29T14:32:25.125+0000][1][safepoint   ] Safepoint "Cleanup", Time since last: 5000590032 ns, Reaching safepoint: 13961 ns, Cleanup: 13790 ns, At safepoint: 2957 ns, Total: 30708 ns
[2024-05-29T14:32:30.153+0000][1][safepoint   ] Safepoint "Cleanup", Time since last: 5028325624 ns, Reaching safepoint: 12504 ns, Cleanup: 40987 ns, At safepoint: 4768 ns, Total: 58259 ns
[2024-05-29T14:32:35.154+0000][1][safepoint   ] Safepoint "Cleanup", Time since last: 5000686071 ns, Reaching safepoint: 14848 ns, Cleanup: 15635 ns, At safepoint: 2997 ns, Total: 33480 ns
[2024-05-29T14:32:38.154+0000][1][safepoint   ] Safepoint "Cleanup", Time since last: 3000335713 ns, Reaching safepoint: 12622 ns, Cleanup: 17814 ns, At safepoint: 2734 ns, Total: 33170 ns
[2024-05-29T14:32:40.155+0000][1][safepoint   ] Safepoint "Cleanup", Time since last: 2000257291 ns, Reaching safepoint: 12190 ns, Cleanup: 17011 ns, At safepoint: 2769 ns, Total: 31970 ns
[2024-05-29T14:32:45.155+0000][1][safepoint   ] Safepoint "Cleanup", Time since last: 5000582094 ns, Reaching safepoint: 15296 ns, Cleanup: 13279 ns, At safepoint: 2785 ns, Total: 31360 ns
[2024-05-29T14:32:50.156+0000][1][safepoint   ] Safepoint "Cleanup", Time since last: 5000615194 ns, Reaching safepoint: 16255 ns, Cleanup: 23813 ns, At safepoint: 3118 ns, Total: 43186 ns
[2024-05-29T14:32:55.157+0000][1][safepoint   ] Safepoint "Cleanup", Time since last: 5000570957 ns, Reaching safepoint: 36856 ns, Cleanup: 15243 ns, At safepoint: 3872 ns, Total: 55971 ns
[2024-05-29T14:33:00.157+0000][1][safepoint   ] Safepoint "Cleanup", Time since last: 5000608313 ns, Reaching safepoint: 12390 ns, Cleanup: 12919 ns, At safepoint: 2824 ns, Total: 28133 ns
[2024-05-29T14:33:07.158+0000][1][safepoint   ] Safepoint "Cleanup", Time since last: 7000775296 ns, Reaching safepoint: 90709 ns, Cleanup: 12919 ns, At safepoint: 10073 ns, Total: 113701 ns
[2024-05-29T14:33:15.161+0000][1][safepoint   ] Safepoint "Cleanup", Time since last: 8002464418 ns, Reaching safepoint: 13872 ns, Cleanup: 14830 ns, At safepoint: 3441 ns, Total: 32143 ns
[2024-05-29T14:33:20.161+0000][1][safepoint   ] Safepoint "Cleanup", Time since last: 5000592625 ns, Reaching safepoint: 14348 ns, Cleanup: 14439 ns, At safepoint: 2945 ns, Total: 31732 ns
[2024-05-29T14:33:30.182+0000][1][safepoint   ] Safepoint "Cleanup", Time since last: 10020728131 ns, Reaching safepoint: 12760 ns, Cleanup: 13252 ns, At safepoint: 3175 ns, Total: 29187 ns
[2024-05-29T14:33:34.319+0000][1][gc,start    ] GC(12) Pause Young (Normal) (G1 Evacuation Pause)
[2024-05-29T14:33:34.319+0000][1][gc,task     ] GC(12) Using 2 workers of 2 for evacuation
[2024-05-29T14:33:34.319+0000][1][gc,age      ] GC(12) Desired survivor size 161480704 bytes, new threshold 15 (max threshold 15)
[2024-05-29T14:33:34.336+0000][1][gc,phases   ] GC(12)   Pre Evacuate Collection Set: 0.7ms
[2024-05-29T14:33:34.336+0000][1][gc,phases   ] GC(12)   Merge Heap Roots: 0.2ms
[2024-05-29T14:33:34.336+0000][1][gc,phases   ] GC(12)   Evacuate Collection Set: 13.5ms
[2024-05-29T14:33:34.336+0000][1][gc,phases   ] GC(12)   Post Evacuate Collection Set: 2.6ms
[2024-05-29T14:33:34.336+0000][1][gc,phases   ] GC(12)   Other: 0.4ms
[2024-05-29T14:33:34.336+0000][1][gc,age      ] GC(12) Age table with threshold 15 (max threshold 15)
[2024-05-29T14:33:34.336+0000][1][gc,age      ] GC(12) - age   1:    2710800 bytes,    2710800 total
[2024-05-29T14:33:34.336+0000][1][gc,age      ] GC(12) - age   2:    2131768 bytes,    4842568 total
[2024-05-29T14:33:34.336+0000][1][gc,age      ] GC(12) - age   3:       4320 bytes,    4846888 total
[2024-05-29T14:33:34.336+0000][1][gc,age      ] GC(12) - age   4:     551000 bytes,    5397888 total
[2024-05-29T14:33:34.336+0000][1][gc,age      ] GC(12) - age   5:    1591240 bytes,    6989128 total
[2024-05-29T14:33:34.336+0000][1][gc,heap     ] GC(12) Eden regions: 1225->0(1224)
[2024-05-29T14:33:34.336+0000][1][gc,heap     ] GC(12) Survivor regions: 3->4(154)
[2024-05-29T14:33:34.336+0000][1][gc,heap     ] GC(12) Old regions: 18->18
[2024-05-29T14:33:34.336+0000][1][gc,heap     ] GC(12) Humongous regions: 0->0
[2024-05-29T14:33:34.336+0000][1][gc,metaspace] GC(12) Metaspace: 89763K(91264K)->89763K(91264K) NonClass: 78195K(78976K)->78195K(78976K) Class: 11567K(12288K)->11567K(12288K)
[2024-05-29T14:33:34.336+0000][1][gc          ] GC(12) Pause Young (Normal) (G1 Evacuation Pause) 2490M->41M(4096M) 17.649ms
[2024-05-29T14:33:34.336+0000][1][gc,cpu      ] GC(12) User=0.02s Sys=0.01s Real=0.02s
[2024-05-29T14:33:34.336+0000][1][safepoint   ] Safepoint "G1CollectForAllocation", Time since last: 4136668375 ns, Reaching safepoint: 12633 ns, Cleanup: 17759 ns, At safepoint: 17734898 ns, Total: 17765290 ns
[2024-05-29T14:33:39.337+0000][1][safepoint   ] Safepoint "Cleanup", Time since last: 5000489397 ns, Reaching safepoint: 11781 ns, Cleanup: 12908 ns, At safepoint: 3039 ns, Total: 27728 ns
[2024-05-29T14:33:44.338+0000][1][safepoint   ] Safepoint "Cleanup", Time since last: 5000609595 ns, Reaching safepoint: 12950 ns, Cleanup: 14608 ns, At safepoint: 3364 ns, Total: 30922 ns
[2024-05-29T14:33:49.340+0000][1][safepoint   ] Safepoint "Cleanup", Time since last: 5002318733 ns, Reaching safepoint: 12574 ns, Cleanup: 19305 ns, At safepoint: 3371 ns, Total: 35250 ns
[2024-05-29T14:33:54.341+0000][1][safepoint   ] Safepoint "Cleanup", Time since last: 5000602798 ns, Reaching safepoint: 37914 ns, Cleanup: 17880 ns, At safepoint: 3139 ns, Total: 58933 ns
[2024-05-29T14:34:09.342+0000][1][safepoint   ] Safepoint "Cleanup", Time since last: 15001399191 ns, Reaching safepoint: 12068 ns, Cleanup: 10416 ns, At safepoint: 2586 ns, Total: 25070 ns
[2024-05-29T14:34:19.343+0000][1][safepoint   ] Safepoint "Cleanup", Time since last: 10001251018 ns, Reaching safepoint: 104745 ns, Cleanup: 16527 ns, At safepoint: 11169 ns, Total: 132441 ns
[2024-05-29T14:34:42.209+0000][1][safepoint   ] Safepoint "Cleanup", Time since last: 22865529080 ns, Reaching safepoint: 12316 ns, Cleanup: 17168 ns, At safepoint: 2599 ns, Total: 32083 ns
[2024-05-29T14:34:45.209+0000][1][safepoint   ] Safepoint "Cleanup", Time since last: 3000314580 ns, Reaching safepoint: 12389 ns, Cleanup: 11959 ns, At safepoint: 2928 ns, Total: 27276 ns
[2024-05-29T14:34:55.211+0000][1][safepoint   ] Safepoint "Cleanup", Time since last: 10001101653 ns, Reaching safepoint: 41368 ns, Cleanup: 14389 ns, At safepoint: 2760 ns, Total: 58517 ns
[2024-05-29T14:35:00.211+0000][1][safepoint   ] Safepoint "Cleanup", Time since last: 5000614885 ns, Reaching safepoint: 12490 ns, Cleanup: 15570 ns, At safepoint: 3754 ns, Total: 31814 ns
[2024-05-29T14:35:05.212+0000][1][safepoint   ] Safepoint "Cleanup", Time since last: 5000587190 ns, Reaching safepoint: 13774 ns, Cleanup: 13947 ns, At safepoint: 3405 ns, Total: 31126 ns
[2024-05-29T14:35:10.212+0000][1][safepoint   ] Safepoint "Cleanup", Time since last: 5000574241 ns, Reaching safepoint: 12459 ns, Cleanup: 14724 ns, At safepoint: 3363 ns, Total: 30546 ns
[2024-05-29T14:35:15.213+0000][1][safepoint   ] Safepoint "Cleanup", Time since last: 5000602897 ns, Reaching safepoint: 12853 ns, Cleanup: 14179 ns, At safepoint: 2860 ns, Total: 29892 ns
[2024-05-29T14:35:25.214+0000][1][safepoint   ] Safepoint "Cleanup", Time since last: 10001055523 ns, Reaching safepoint: 40522 ns, Cleanup: 21175 ns, At safepoint: 5382 ns, Total: 67079 ns
[2024-05-29T14:35:30.238+0000][1][safepoint   ] Safepoint "Cleanup", Time since last: 5024011897 ns, Reaching safepoint: 13791 ns, Cleanup: 16292 ns, At safepoint: 2870 ns, Total: 32953 ns
[2024-05-29T14:35:35.239+0000][1][safepoint   ] Safepoint "Cleanup", Time since last: 5000553071 ns, Reaching safepoint: 12896 ns, Cleanup: 18780 ns, At safepoint: 3533 ns, Total: 35209 ns
[2024-05-29T14:35:40.239+0000][1][safepoint   ] Safepoint "Cleanup", Time since last: 5000508926 ns, Reaching safepoint: 12907 ns, Cleanup: 12963 ns, At safepoint: 2497 ns, Total: 28367 ns
[2024-05-29T14:35:45.240+0000][1][safepoint   ] Safepoint "Cleanup", Time since last: 5000577455 ns, Reaching safepoint: 13174 ns, Cleanup: 21060 ns, At safepoint: 3055 ns, Total: 37289 ns
[2024-05-29T14:35:50.241+0000][1][safepoint   ] Safepoint "Cleanup", Time since last: 5000560359 ns, Reaching safepoint: 12984 ns, Cleanup: 15949 ns, At safepoint: 2783 ns, Total: 31716 ns
[2024-05-29T14:36:00.242+0000][1][safepoint   ] Safepoint "Cleanup", Time since last: 10001028130 ns, Reaching safepoint: 38915 ns, Cleanup: 18552 ns, At safepoint: 3223 ns, Total: 60690 ns
[2024-05-29T14:36:05.242+0000][1][safepoint   ] Safepoint "Cleanup", Time since last: 5000685020 ns, Reaching safepoint: 15962 ns, Cleanup: 15261 ns, At safepoint: 3903 ns, Total: 35126 ns
[2024-05-29T14:36:10.243+0000][1][safepoint   ] Safepoint "Cleanup", Time since last: 5000599873 ns, Reaching safepoint: 14523 ns, Cleanup: 17403 ns, At safepoint: 3227 ns, Total: 35153 ns
[2024-05-29T14:36:15.244+0000][1][safepoint   ] Safepoint "Cleanup", Time since last: 5000582278 ns, Reaching safepoint: 12617 ns, Cleanup: 14049 ns, At safepoint: 2770 ns, Total: 29436 ns
[2024-05-29T14:36:20.244+0000][1][safepoint   ] Safepoint "Cleanup", Time since last: 5000686224 ns, Reaching safepoint: 13549 ns, Cleanup: 24756 ns, At safepoint: 2651 ns, Total: 40956 ns
[2024-05-29T14:36:30.262+0000][1][safepoint   ] Safepoint "Cleanup", Time since last: 10017723135 ns, Reaching safepoint: 36320 ns, Cleanup: 17091 ns, At safepoint: 3317 ns, Total: 56728 ns
[2024-05-29T14:36:40.263+0000][1][safepoint   ] Safepoint "Cleanup", Time since last: 10001145277 ns, Reaching safepoint: 13231 ns, Cleanup: 12465 ns, At safepoint: 3974 ns, Total: 29670 ns
[2024-05-29T14:36:50.264+0000][1][safepoint   ] Safepoint "Cleanup", Time since last: 10001079188 ns, Reaching safepoint: 12380 ns, Cleanup: 17965 ns, At safepoint: 2886 ns, Total: 33231 ns
[2024-05-29T14:37:05.266+0000][1][safepoint   ] Safepoint "Cleanup", Time since last: 15001754656 ns, Reaching safepoint: 45079 ns, Cleanup: 14993 ns, At safepoint: 3666 ns, Total: 63738 ns
[2024-05-29T14:37:11.267+0000][1][safepoint   ] Safepoint "Cleanup", Time since last: 6000711647 ns, Reaching safepoint: 16281 ns, Cleanup: 31028 ns, At safepoint: 4025 ns, Total: 51334 ns
[2024-05-29T14:37:15.268+0000][1][safepoint   ] Safepoint "Cleanup", Time since last: 4000516549 ns, Reaching safepoint: 13026 ns, Cleanup: 20385 ns, At safepoint: 2962 ns, Total: 36373 ns
[2024-05-29T14:37:20.269+0000][1][safepoint   ] Safepoint "Cleanup", Time since last: 5001074917 ns, Reaching safepoint: 12991 ns, Cleanup: 14288 ns, At safepoint: 2962 ns, Total: 30241 ns
[2024-05-29T14:37:25.269+0000][1][safepoint   ] Safepoint "Cleanup", Time since last: 5000577993 ns, Reaching safepoint: 15465 ns, Cleanup: 17720 ns, At safepoint: 3568 ns, Total: 36753 ns
[2024-05-29T14:37:30.270+0000][1][safepoint   ] Safepoint "Cleanup", Time since last: 5000747437 ns, Reaching safepoint: 43004 ns, Cleanup: 16306 ns, At safepoint: 3535 ns, Total: 62845 ns
[2024-05-29T14:37:35.271+0000][1][safepoint   ] Safepoint "Cleanup", Time since last: 5000560347 ns, Reaching safepoint: 13713 ns, Cleanup: 13252 ns, At safepoint: 2828 ns, Total: 29793 ns
[2024-05-29T14:37:38.271+0000][1][safepoint   ] Safepoint "Cleanup", Time since last: 3000417413 ns, Reaching safepoint: 18128 ns, Cleanup: 19087 ns, At safepoint: 3239 ns, Total: 40454 ns
[2024-05-29T14:37:39.271+0000][1][safepoint   ] Safepoint "Cleanup", Time since last: 1000153594 ns, Reaching safepoint: 16991 ns, Cleanup: 14172 ns, At safepoint: 3222 ns, Total: 34385 ns
[2024-05-29T14:37:40.272+0000][1][safepoint   ] Safepoint "Cleanup", Time since last: 1000321193 ns, Reaching safepoint: 16398 ns, Cleanup: 36640 ns, At safepoint: 3470 ns, Total: 56508 ns
[2024-05-29T14:37:41.272+0000][1][safepoint   ] Safepoint "Cleanup", Time since last: 1000177584 ns, Reaching safepoint: 15240 ns, Cleanup: 16411 ns, At safepoint: 3761 ns, Total: 35412 ns
[2024-05-29T14:37:45.272+0000][1][safepoint   ] Safepoint "Cleanup", Time since last: 4000504494 ns, Reaching safepoint: 13553 ns, Cleanup: 15133 ns, At safepoint: 3453 ns, Total: 32139 ns
[2024-05-29T14:37:50.273+0000][1][safepoint   ] Safepoint "Cleanup", Time since last: 5000591314 ns, Reaching safepoint: 13278 ns, Cleanup: 14353 ns, At safepoint: 2811 ns, Total: 30442 ns
[2024-05-29T14:37:55.274+0000][1][safepoint   ] Safepoint "Cleanup", Time since last: 5000534020 ns, Reaching safepoint: 15004 ns, Cleanup: 14922 ns, At safepoint: 3683 ns, Total: 33609 ns
[2024-05-29T14:38:00.274+0000][1][safepoint   ] Safepoint "Cleanup", Time since last: 5000490571 ns, Reaching safepoint: 42044 ns, Cleanup: 15926 ns, At safepoint: 4152 ns, Total: 62122 ns
[2024-05-29T14:38:05.275+0000][1][safepoint   ] Safepoint "Cleanup", Time since last: 5000712038 ns, Reaching safepoint: 17603 ns, Cleanup: 15736 ns, At safepoint: 3966 ns, Total: 37305 ns
[2024-05-29T14:38:08.275+0000][1][safepoint   ] Safepoint "Cleanup", Time since last: 3000390830 ns, Reaching safepoint: 12914 ns, Cleanup: 12855 ns, At safepoint: 3171 ns, Total: 28940 ns
[2024-05-29T14:38:15.276+0000][1][safepoint   ] Safepoint "Cleanup", Time since last: 7000867103 ns, Reaching safepoint: 12352 ns, Cleanup: 12848 ns, At safepoint: 2822 ns, Total: 28022 ns
[2024-05-29T14:38:20.277+0000][1][safepoint   ] Safepoint "Cleanup", Time since last: 5000634166 ns, Reaching safepoint: 14963 ns, Cleanup: 15255 ns, At safepoint: 4474 ns, Total: 34692 ns
[2024-05-29T14:38:30.332+0000][1][safepoint   ] Safepoint "Cleanup", Time since last: 10054887372 ns, Reaching safepoint: 36535 ns, Cleanup: 14243 ns, At safepoint: 3438 ns, Total: 54216 ns
[2024-05-29T14:38:35.333+0000][1][safepoint   ] Safepoint "Cleanup", Time since last: 5000731716 ns, Reaching safepoint: 12069 ns, Cleanup: 12608 ns, At safepoint: 3029 ns, Total: 27706 ns
[2024-05-29T14:38:38.333+0000][1][safepoint   ] Safepoint "Cleanup", Time since last: 3000463068 ns, Reaching safepoint: 11846 ns, Cleanup: 14474 ns, At safepoint: 3327 ns, Total: 29647 ns
[2024-05-29T14:38:41.334+0000][1][safepoint   ] Safepoint "Cleanup", Time since last: 3000408164 ns, Reaching safepoint: 13084 ns, Cleanup: 23672 ns, At safepoint: 3252 ns, Total: 40008 ns
[2024-05-29T14:38:55.335+0000][1][safepoint   ] Safepoint "Cleanup", Time since last: 14001645353 ns, Reaching safepoint: 14856 ns, Cleanup: 13775 ns, At safepoint: 2869 ns, Total: 31500 ns
[2024-05-29T14:39:00.336+0000][1][safepoint   ] Safepoint "Cleanup", Time since last: 5000635543 ns, Reaching safepoint: 39077 ns, Cleanup: 15011 ns, At safepoint: 23732 ns, Total: 77820 ns
[2024-05-29T14:39:13.338+0000][1][safepoint   ] Safepoint "Cleanup", Time since last: 13001556463 ns, Reaching safepoint: 45237 ns, Cleanup: 21244 ns, At safepoint: 3987 ns, Total: 70468 ns
[2024-05-29T14:40:07.345+0000][1][safepoint   ] Safepoint "Cleanup", Time since last: 54006775010 ns, Reaching safepoint: 118575 ns, Cleanup: 115461 ns, At safepoint: 10247 ns, Total: 244283 ns
[2024-05-29T14:40:09.310+0000][1][safepoint   ] Safepoint "Cleanup", Time since last: 1965725457 ns, Reaching safepoint: 16346 ns, Cleanup: 67839 ns, At safepoint: 4133 ns, Total: 88318 ns
[2024-05-29T14:40:14.206+0000][1][gc,start    ] GC(13) Pause Young (Normal) (G1 Evacuation Pause)
[2024-05-29T14:40:14.206+0000][1][gc,task     ] GC(13) Using 2 workers of 2 for evacuation
[2024-05-29T14:40:14.206+0000][1][gc,age      ] GC(13) Desired survivor size 161480704 bytes, new threshold 15 (max threshold 15)
[2024-05-29T14:40:14.231+0000][1][gc,phases   ] GC(13)   Pre Evacuate Collection Set: 0.6ms
[2024-05-29T14:40:14.231+0000][1][gc,phases   ] GC(13)   Merge Heap Roots: 0.2ms
[2024-05-29T14:40:14.231+0000][1][gc,phases   ] GC(13)   Evacuate Collection Set: 18.8ms
[2024-05-29T14:40:14.231+0000][1][gc,phases   ] GC(13)   Post Evacuate Collection Set: 5.1ms
[2024-05-29T14:40:14.231+0000][1][gc,phases   ] GC(13)   Other: 0.3ms
[2024-05-29T14:40:14.231+0000][1][gc,age      ] GC(13) Age table with threshold 15 (max threshold 15)
[2024-05-29T14:40:14.231+0000][1][gc,age      ] GC(13) - age   1:    7603808 bytes,    7603808 total
[2024-05-29T14:40:14.231+0000][1][gc,age      ] GC(13) - age   2:     338584 bytes,    7942392 total
[2024-05-29T14:40:14.231+0000][1][gc,age      ] GC(13) - age   3:    2130880 bytes,   10073272 total
[2024-05-29T14:40:14.231+0000][1][gc,age      ] GC(13) - age   4:       4320 bytes,   10077592 total
[2024-05-29T14:40:14.231+0000][1][gc,age      ] GC(13) - age   5:     550832 bytes,   10628424 total
[2024-05-29T14:40:14.231+0000][1][gc,age      ] GC(13) - age   6:    1591240 bytes,   12219664 total
[2024-05-29T14:40:14.231+0000][1][gc,heap     ] GC(13) Eden regions: 1224->0(1221)
[2024-05-29T14:40:14.231+0000][1][gc,heap     ] GC(13) Survivor regions: 4->7(154)
[2024-05-29T14:40:14.231+0000][1][gc,heap     ] GC(13) Old regions: 18->18
[2024-05-29T14:40:14.231+0000][1][gc,heap     ] GC(13) Humongous regions: 4->0
[2024-05-29T14:40:14.231+0000][1][gc,metaspace] GC(13) Metaspace: 90224K(91776K)->90224K(91776K) NonClass: 78649K(79488K)->78649K(79488K) Class: 11575K(12288K)->11575K(12288K)
[2024-05-29T14:40:14.232+0000][1][gc          ] GC(13) Pause Young (Normal) (G1 Evacuation Pause) 2497M->47M(4096M) 25.447ms
[2024-05-29T14:40:14.232+0000][1][gc,cpu      ] GC(13) User=0.04s Sys=0.00s Real=0.03s
[2024-05-29T14:40:14.232+0000][1][safepoint   ] Safepoint "G1CollectForAllocation", Time since last: 4895643989 ns, Reaching safepoint: 13808 ns, Cleanup: 23540 ns, At safepoint: 25514261 ns, Total: 25551609 ns
[2024-05-29T14:40:15.232+0000][1][safepoint   ] Safepoint "Cleanup", Time since last: 1000255406 ns, Reaching safepoint: 13876 ns, Cleanup: 22877 ns, At safepoint: 4553 ns, Total: 41306 ns
[2024-05-29T14:40:19.232+0000][1][safepoint   ] Safepoint "Cleanup", Time since last: 4000435549 ns, Reaching safepoint: 13190 ns, Cleanup: 21535 ns, At safepoint: 3745 ns, Total: 38470 ns
[2024-05-29T14:40:24.233+0000][1][safepoint   ] Safepoint "Cleanup", Time since last: 5000534124 ns, Reaching safepoint: 42923 ns, Cleanup: 24724 ns, At safepoint: 4120 ns, Total: 71767 ns
[2024-05-29T14:40:25.233+0000][1][safepoint   ] Safepoint "Cleanup", Time since last: 1000475682 ns, Reaching safepoint: 15308 ns, Cleanup: 28640 ns, At safepoint: 3900 ns, Total: 47848 ns
[2024-05-29T14:40:29.408+0000][1][safepoint   ] Safepoint "Cleanup", Time since last: 4174301574 ns, Reaching safepoint: 13171 ns, Cleanup: 14407 ns, At safepoint: 3080 ns, Total: 30658 ns
[2024-05-29T14:40:34.409+0000][1][safepoint   ] Safepoint "Cleanup", Time since last: 5000635364 ns, Reaching safepoint: 136545 ns, Cleanup: 16326 ns, At safepoint: 19110 ns, Total: 171981 ns
[2024-05-29T14:40:35.409+0000][1][safepoint   ] Safepoint "Cleanup", Time since last: 1000193051 ns, Reaching safepoint: 13873 ns, Cleanup: 21123 ns, At safepoint: 2827 ns, Total: 37823 ns
[2024-05-29T14:40:44.410+0000][1][safepoint   ] Safepoint "Cleanup", Time since last: 9001113400 ns, Reaching safepoint: 19604 ns, Cleanup: 77788 ns, At safepoint: 4621 ns, Total: 102013 ns
[2024-05-29T14:40:45.410+0000][1][safepoint   ] Safepoint "Cleanup", Time since last: 1000197423 ns, Reaching safepoint: 13942 ns, Cleanup: 16915 ns, At safepoint: 3162 ns, Total: 34019 ns
[2024-05-29T14:40:54.411+0000][1][safepoint   ] Safepoint "Cleanup", Time since last: 9001058868 ns, Reaching safepoint: 116067 ns, Cleanup: 12069 ns, At safepoint: 7479 ns, Total: 135615 ns
[2024-05-29T14:40:55.412+0000][1][safepoint   ] Safepoint "Cleanup", Time since last: 1000423239 ns, Reaching safepoint: 16292 ns, Cleanup: 20931 ns, At safepoint: 3451 ns, Total: 40674 ns
[2024-05-29T14:41:04.414+0000][1][safepoint   ] Safepoint "Cleanup", Time since last: 9001001456 ns, Reaching safepoint: 812421 ns, Cleanup: 20392 ns, At safepoint: 17414 ns, Total: 850227 ns
[2024-05-29T14:41:05.414+0000][1][safepoint   ] Safepoint "Cleanup", Time since last: 1000158611 ns, Reaching safepoint: 12495 ns, Cleanup: 18704 ns, At safepoint: 3031 ns, Total: 34230 ns
[2024-05-29T14:41:14.415+0000][1][safepoint   ] Safepoint "Cleanup", Time since last: 9000937431 ns, Reaching safepoint: 14899 ns, Cleanup: 45014 ns, At safepoint: 3804 ns, Total: 63717 ns
[2024-05-29T14:41:24.166+0000][1][gc,start    ] GC(14) Pause Young (Normal) (G1 Evacuation Pause)
[2024-05-29T14:41:24.167+0000][1][gc,task     ] GC(14) Using 2 workers of 2 for evacuation
[2024-05-29T14:41:24.167+0000][1][gc,age      ] GC(14) Desired survivor size 161480704 bytes, new threshold 15 (max threshold 15)
[2024-05-29T14:41:24.194+0000][1][gc,phases   ] GC(14)   Pre Evacuate Collection Set: 0.6ms
[2024-05-29T14:41:24.194+0000][1][gc,phases   ] GC(14)   Merge Heap Roots: 0.2ms
[2024-05-29T14:41:24.194+0000][1][gc,phases   ] GC(14)   Evacuate Collection Set: 23.4ms
[2024-05-29T14:41:24.194+0000][1][gc,phases   ] GC(14)   Post Evacuate Collection Set: 2.4ms
[2024-05-29T14:41:24.194+0000][1][gc,phases   ] GC(14)   Other: 0.1ms
[2024-05-29T14:41:24.194+0000][1][gc,age      ] GC(14) Age table with threshold 15 (max threshold 15)
[2024-05-29T14:41:24.194+0000][1][gc,age      ] GC(14) - age   1:     852216 bytes,     852216 total
[2024-05-29T14:41:24.194+0000][1][gc,age      ] GC(14) - age   2:     272568 bytes,    1124784 total
[2024-05-29T14:41:24.194+0000][1][gc,age      ] GC(14) - age   3:     338552 bytes,    1463336 total
[2024-05-29T14:41:24.194+0000][1][gc,age      ] GC(14) - age   4:    2130880 bytes,    3594216 total
[2024-05-29T14:41:24.194+0000][1][gc,age      ] GC(14) - age   5:       4320 bytes,    3598536 total
[2024-05-29T14:41:24.194+0000][1][gc,age      ] GC(14) - age   6:     550736 bytes,    4149272 total
[2024-05-29T14:41:24.194+0000][1][gc,age      ] GC(14) - age   7:    1591240 bytes,    5740512 total
[2024-05-29T14:41:24.194+0000][1][gc,heap     ] GC(14) Eden regions: 1221->0(1224)
[2024-05-29T14:41:24.194+0000][1][gc,heap     ] GC(14) Survivor regions: 7->4(154)
[2024-05-29T14:41:24.194+0000][1][gc,heap     ] GC(14) Old regions: 18->18
[2024-05-29T14:41:24.194+0000][1][gc,heap     ] GC(14) Humongous regions: 14->0
[2024-05-29T14:41:24.194+0000][1][gc,metaspace] GC(14) Metaspace: 90502K(91968K)->90502K(91968K) NonClass: 78926K(79680K)->78926K(79680K) Class: 11575K(12288K)->11575K(12288K)
[2024-05-29T14:41:24.194+0000][1][gc          ] GC(14) Pause Young (Normal) (G1 Evacuation Pause) 2517M->41M(4096M) 27.754ms
[2024-05-29T14:41:24.194+0000][1][gc,cpu      ] GC(14) User=0.04s Sys=0.00s Real=0.03s
[2024-05-29T14:41:24.194+0000][1][safepoint   ] Safepoint "G1CollectForAllocation", Time since last: 9750919662 ns, Reaching safepoint: 87446 ns, Cleanup: 15123 ns, At safepoint: 27863510 ns, Total: 27966079 ns
[2024-05-29T14:41:25.194+0000][1][safepoint   ] Safepoint "Cleanup", Time since last: 1000130898 ns, Reaching safepoint: 14986 ns, Cleanup: 28861 ns, At safepoint: 4743 ns, Total: 48590 ns
[2024-05-29T14:41:26.456+0000][1][safepoint   ] Safepoint "Cleanup", Time since last: 1261560443 ns, Reaching safepoint: 15223 ns, Cleanup: 28074 ns, At safepoint: 5395 ns, Total: 48692 ns
[2024-05-29T14:41:28.456+0000][1][safepoint   ] Safepoint "Cleanup", Time since last: 2000323390 ns, Reaching safepoint: 86312 ns, Cleanup: 8017 ns, At safepoint: 9833 ns, Total: 104162 ns
[2024-05-29T14:41:29.457+0000][1][safepoint   ] Safepoint "Cleanup", Time since last: 1000528336 ns, Reaching safepoint: 17148 ns, Cleanup: 23725 ns, At safepoint: 3992 ns, Total: 44865 ns
[2024-05-29T14:41:35.457+0000][1][safepoint   ] Safepoint "Cleanup", Time since last: 6000644616 ns, Reaching safepoint: 14373 ns, Cleanup: 24244 ns, At safepoint: 3063 ns, Total: 41680 ns
[2024-05-29T14:41:36.458+0000][1][safepoint   ] Safepoint "Cleanup", Time since last: 1000428005 ns, Reaching safepoint: 17647 ns, Cleanup: 14591 ns, At safepoint: 3619 ns, Total: 35857 ns
[2024-05-29T14:41:38.458+0000][1][safepoint   ] Safepoint "Cleanup", Time since last: 2000309956 ns, Reaching safepoint: 38483 ns, Cleanup: 18589 ns, At safepoint: 5921 ns, Total: 62993 ns
[2024-05-29T14:41:45.461+0000][1][safepoint   ] Safepoint "Cleanup", Time since last: 7002311850 ns, Reaching safepoint: 14551 ns, Cleanup: 13891 ns, At safepoint: 3375 ns, Total: 31817 ns
[2024-05-29T14:41:47.465+0000][1][safepoint   ] Safepoint "Cleanup", Time since last: 2004040749 ns, Reaching safepoint: 15989 ns, Cleanup: 14946 ns, At safepoint: 3284 ns, Total: 34219 ns
[2024-05-29T14:41:52.465+0000][1][safepoint   ] Safepoint "Cleanup", Time since last: 5000520653 ns, Reaching safepoint: 96310 ns, Cleanup: 14056 ns, At safepoint: 9184 ns, Total: 119550 ns
[2024-05-29T14:41:53.477+0000][1][safepoint   ] Safepoint "Cleanup", Time since last: 1011336011 ns, Reaching safepoint: 16350 ns, Cleanup: 21375 ns, At safepoint: 3874 ns, Total: 41599 ns
[2024-05-29T14:41:56.477+0000][1][safepoint   ] Safepoint "Cleanup", Time since last: 3000312031 ns, Reaching safepoint: 38785 ns, Cleanup: 23126 ns, At safepoint: 3509 ns, Total: 65420 ns
[2024-05-29T14:42:00.478+0000][1][safepoint   ] Safepoint "Cleanup", Time since last: 4000490265 ns, Reaching safepoint: 171510 ns, Cleanup: 17382 ns, At safepoint: 11615 ns, Total: 200507 ns
[2024-05-29T14:42:01.478+0000][1][safepoint   ] Safepoint "Cleanup", Time since last: 1000445399 ns, Reaching safepoint: 19141 ns, Cleanup: 53296 ns, At safepoint: 5595 ns, Total: 78032 ns
[2024-05-29T14:42:02.479+0000][1][safepoint   ] Safepoint "Cleanup", Time since last: 1000181309 ns, Reaching safepoint: 96547 ns, Cleanup: 20605 ns, At safepoint: 8147 ns, Total: 125299 ns
[2024-05-29T14:42:03.479+0000][1][safepoint   ] Safepoint "Cleanup", Time since last: 1000329112 ns, Reaching safepoint: 20960 ns, Cleanup: 22995 ns, At safepoint: 5195 ns, Total: 49150 ns
[2024-05-29T14:42:12.153+0000][1][gc,start    ] GC(15) Pause Young (Normal) (G1 Evacuation Pause)
[2024-05-29T14:42:12.153+0000][1][gc,task     ] GC(15) Using 2 workers of 2 for evacuation
[2024-05-29T14:42:12.153+0000][1][gc,age      ] GC(15) Desired survivor size 161480704 bytes, new threshold 15 (max threshold 15)
[2024-05-29T14:42:12.173+0000][1][gc,phases   ] GC(15)   Pre Evacuate Collection Set: 0.6ms
[2024-05-29T14:42:12.173+0000][1][gc,phases   ] GC(15)   Merge Heap Roots: 0.2ms
[2024-05-29T14:42:12.173+0000][1][gc,phases   ] GC(15)   Evacuate Collection Set: 16.2ms
[2024-05-29T14:42:12.173+0000][1][gc,phases   ] GC(15)   Post Evacuate Collection Set: 2.4ms
[2024-05-29T14:42:12.173+0000][1][gc,phases   ] GC(15)   Other: 0.2ms
[2024-05-29T14:42:12.173+0000][1][gc,age      ] GC(15) Age table with threshold 15 (max threshold 15)
[2024-05-29T14:42:12.173+0000][1][gc,age      ] GC(15) - age   1:    4687000 bytes,    4687000 total
[2024-05-29T14:42:12.173+0000][1][gc,age      ] GC(15) - age   2:      32712 bytes,    4719712 total
[2024-05-29T14:42:12.173+0000][1][gc,age      ] GC(15) - age   3:     272232 bytes,    4991944 total
[2024-05-29T14:42:12.173+0000][1][gc,age      ] GC(15) - age   4:     338400 bytes,    5330344 total
[2024-05-29T14:42:12.173+0000][1][gc,age      ] GC(15) - age   5:    2130880 bytes,    7461224 total
[2024-05-29T14:42:12.173+0000][1][gc,age      ] GC(15) - age   6:       4320 bytes,    7465544 total
[2024-05-29T14:42:12.173+0000][1][gc,age      ] GC(15) - age   7:     550736 bytes,    8016280 total
[2024-05-29T14:42:12.173+0000][1][gc,age      ] GC(15) - age   8:    1591240 bytes,    9607520 total
[2024-05-29T14:42:12.173+0000][1][gc,heap     ] GC(15) Eden regions: 1224->0(1223)
[2024-05-29T14:42:12.173+0000][1][gc,heap     ] GC(15) Survivor regions: 4->5(154)
[2024-05-29T14:42:12.173+0000][1][gc,heap     ] GC(15) Old regions: 18->18
[2024-05-29T14:42:12.173+0000][1][gc,heap     ] GC(15) Humongous regions: 16->0
[2024-05-29T14:42:12.173+0000][1][gc,metaspace] GC(15) Metaspace: 90608K(92096K)->90608K(92096K) NonClass: 79032K(79808K)->79032K(79808K) Class: 11575K(12288K)->11575K(12288K)
[2024-05-29T14:42:12.173+0000][1][gc          ] GC(15) Pause Young (Normal) (G1 Evacuation Pause) 2521M->44M(4096M) 19.842ms
[2024-05-29T14:42:12.173+0000][1][gc,cpu      ] GC(15) User=0.03s Sys=0.00s Real=0.02s
[2024-05-29T14:42:12.173+0000][1][safepoint   ] Safepoint "G1CollectForAllocation", Time since last: 8673917634 ns, Reaching safepoint: 43902 ns, Cleanup: 6028 ns, At safepoint: 19963505 ns, Total: 20013435 ns
[2024-05-29T14:42:13.173+0000][1][safepoint   ] Safepoint "Cleanup", Time since last: 1000138522 ns, Reaching safepoint: 15105 ns, Cleanup: 34008 ns, At safepoint: 3474 ns, Total: 52587 ns
[2024-05-29T14:42:22.175+0000][1][safepoint   ] Safepoint "Cleanup", Time since last: 9002089196 ns, Reaching safepoint: 14955 ns, Cleanup: 22964 ns, At safepoint: 9823 ns, Total: 47742 ns
[2024-05-29T14:42:23.176+0000][1][safepoint   ] Safepoint "Cleanup", Time since last: 1000367320 ns, Reaching safepoint: 16460 ns, Cleanup: 20296 ns, At safepoint: 3904 ns, Total: 40660 ns
[2024-05-29T14:42:40.499+0000][1][safepoint   ] Safepoint "Cleanup", Time since last: 17323087549 ns, Reaching safepoint: 44661 ns, Cleanup: 14894 ns, At safepoint: 4048 ns, Total: 63603 ns
[2024-05-29T14:44:09.509+0000][1][safepoint   ] Safepoint "Cleanup", Time since last: 89010103940 ns, Reaching safepoint: 37126 ns, Cleanup: 14764 ns, At safepoint: 3406 ns, Total: 55296 ns
[2024-05-29T14:45:23.516+0000][1][safepoint   ] Safepoint "Cleanup", Time since last: 74007497077 ns, Reaching safepoint: 35431 ns, Cleanup: 12993 ns, At safepoint: 5373 ns, Total: 53797 ns
[2024-05-29T14:46:29.524+0000][1][safepoint   ] Safepoint "Cleanup", Time since last: 66007042617 ns, Reaching safepoint: 12226 ns, Cleanup: 14608 ns, At safepoint: 3206 ns, Total: 30040 ns
[2024-05-29T14:46:54.526+0000][1][safepoint   ] Safepoint "Cleanup", Time since last: 25002806394 ns, Reaching safepoint: 12101 ns, Cleanup: 15393 ns, At safepoint: 2764 ns, Total: 30258 ns
[2024-05-29T14:47:11.529+0000][1][safepoint   ] Safepoint "Cleanup", Time since last: 17002130821 ns, Reaching safepoint: 45269 ns, Cleanup: 17491 ns, At safepoint: 3632 ns, Total: 66392 ns
[2024-05-29T14:47:27.656+0000][1][safepoint   ] Safepoint "Cleanup", Time since last: 16127703995 ns, Reaching safepoint: 39592 ns, Cleanup: 16137 ns, At safepoint: 5570 ns, Total: 61299 ns
[2024-05-29T14:47:38.658+0000][1][safepoint   ] Safepoint "Cleanup", Time since last: 11001191078 ns, Reaching safepoint: 15226 ns, Cleanup: 12915 ns, At safepoint: 3481 ns, Total: 31622 ns
[2024-05-29T14:48:01.661+0000][1][safepoint   ] Safepoint "Cleanup", Time since last: 23002829315 ns, Reaching safepoint: 130587 ns, Cleanup: 17428 ns, At safepoint: 11205 ns, Total: 159220 ns
[2024-05-29T14:48:02.662+0000][1][safepoint   ] Safepoint "Cleanup", Time since last: 1001411234 ns, Reaching safepoint: 12032 ns, Cleanup: 14234 ns, At safepoint: 3065 ns, Total: 29331 ns
[2024-05-29T14:48:12.663+0000][1][safepoint   ] Safepoint "Cleanup", Time since last: 10001141320 ns, Reaching safepoint: 13033 ns, Cleanup: 14036 ns, At safepoint: 2597 ns, Total: 29666 ns
[2024-05-29T14:52:10.696+0000][1][safepoint   ] Safepoint "Cleanup", Time since last: 238032803142 ns, Reaching safepoint: 38683 ns, Cleanup: 15134 ns, At safepoint: 4092 ns, Total: 57909 ns
[2024-05-29T14:53:53.709+0000][1][safepoint   ] Safepoint "Cleanup", Time since last: 103012537611 ns, Reaching safepoint: 44825 ns, Cleanup: 16034 ns, At safepoint: 3524 ns, Total: 64383 ns
[2024-05-29T14:54:31.712+0000][1][safepoint   ] Safepoint "Cleanup", Time since last: 38003449002 ns, Reaching safepoint: 14456 ns, Cleanup: 16999 ns, At safepoint: 3435 ns, Total: 34890 ns
[2024-05-29T14:58:38.740+0000][1][safepoint   ] Safepoint "Cleanup", Time since last: 247028242930 ns, Reaching safepoint: 12092 ns, Cleanup: 14593 ns, At safepoint: 24556 ns, Total: 51241 ns
[2024-05-29T14:59:35.747+0000][1][safepoint   ] Safepoint "Cleanup", Time since last: 57006332261 ns, Reaching safepoint: 12327 ns, Cleanup: 15239 ns, At safepoint: 3403 ns, Total: 30969 ns
[2024-05-29T15:00:06.752+0000][1][safepoint   ] Safepoint "Cleanup", Time since last: 31005419833 ns, Reaching safepoint: 126086 ns, Cleanup: 22896 ns, At safepoint: 9292 ns, Total: 158274 ns
[2024-05-29T15:00:13.753+0000][1][safepoint   ] Safepoint "Cleanup", Time since last: 7000778599 ns, Reaching safepoint: 16181 ns, Cleanup: 20068 ns, At safepoint: 3270 ns, Total: 39519 ns
[2024-05-29T15:00:22.754+0000][1][safepoint   ] Safepoint "Cleanup", Time since last: 9000941873 ns, Reaching safepoint: 41884 ns, Cleanup: 21061 ns, At safepoint: 3787 ns, Total: 66732 ns
[2024-05-29T15:01:00.060+0000][1][safepoint   ] Safepoint "Cleanup", Time since last: 37305303942 ns, Reaching safepoint: 187162 ns, Cleanup: 18864 ns, At safepoint: 13220 ns, Total: 219246 ns
[2024-05-29T15:01:01.060+0000][1][safepoint   ] Safepoint "Cleanup", Time since last: 1000597685 ns, Reaching safepoint: 18543 ns, Cleanup: 21728 ns, At safepoint: 58901 ns, Total: 99172 ns
[2024-05-29T15:01:08.061+0000][1][safepoint   ] Safepoint "Cleanup", Time since last: 7001090854 ns, Reaching safepoint: 12355 ns, Cleanup: 11850 ns, At safepoint: 2888 ns, Total: 27093 ns
[2024-05-29T15:01:10.547+0000][1][gc,start    ] GC(16) Pause Young (Normal) (G1 Evacuation Pause)
[2024-05-29T15:01:10.547+0000][1][gc,task     ] GC(16) Using 2 workers of 2 for evacuation
[2024-05-29T15:01:10.547+0000][1][gc,age      ] GC(16) Desired survivor size 161480704 bytes, new threshold 15 (max threshold 15)
[2024-05-29T15:01:10.566+0000][1][gc,phases   ] GC(16)   Pre Evacuate Collection Set: 0.6ms
[2024-05-29T15:01:10.566+0000][1][gc,phases   ] GC(16)   Merge Heap Roots: 0.2ms
[2024-05-29T15:01:10.566+0000][1][gc,phases   ] GC(16)   Evacuate Collection Set: 15.6ms
[2024-05-29T15:01:10.566+0000][1][gc,phases   ] GC(16)   Post Evacuate Collection Set: 2.9ms
[2024-05-29T15:01:10.566+0000][1][gc,phases   ] GC(16)   Other: 0.1ms
[2024-05-29T15:01:10.566+0000][1][gc,age      ] GC(16) Age table with threshold 15 (max threshold 15)
[2024-05-29T15:01:10.566+0000][1][gc,age      ] GC(16) - age   1:    5052440 bytes,    5052440 total
[2024-05-29T15:01:10.566+0000][1][gc,age      ] GC(16) - age   2:      30472 bytes,    5082912 total
[2024-05-29T15:01:10.567+0000][1][gc,age      ] GC(16) - age   3:      32504 bytes,    5115416 total
[2024-05-29T15:01:10.567+0000][1][gc,age      ] GC(16) - age   4:     269672 bytes,    5385088 total
[2024-05-29T15:01:10.567+0000][1][gc,age      ] GC(16) - age   5:     338360 bytes,    5723448 total
[2024-05-29T15:01:10.567+0000][1][gc,age      ] GC(16) - age   6:    2130880 bytes,    7854328 total
[2024-05-29T15:01:10.567+0000][1][gc,age      ] GC(16) - age   7:       4320 bytes,    7858648 total
[2024-05-29T15:01:10.567+0000][1][gc,age      ] GC(16) - age   8:     550736 bytes,    8409384 total
[2024-05-29T15:01:10.567+0000][1][gc,age      ] GC(16) - age   9:    1590744 bytes,   10000128 total
[2024-05-29T15:01:10.567+0000][1][gc,heap     ] GC(16) Eden regions: 1223->0(1222)
[2024-05-29T15:01:10.567+0000][1][gc,heap     ] GC(16) Survivor regions: 5->6(154)
[2024-05-29T15:01:10.567+0000][1][gc,heap     ] GC(16) Old regions: 18->18
[2024-05-29T15:01:10.567+0000][1][gc,heap     ] GC(16) Humongous regions: 16->0
[2024-05-29T15:01:10.567+0000][1][gc,metaspace] GC(16) Metaspace: 90845K(92352K)->90845K(92352K) NonClass: 79262K(80064K)->79262K(80064K) Class: 11583K(12288K)->11583K(12288K)
[2024-05-29T15:01:10.567+0000][1][gc          ] GC(16) Pause Young (Normal) (G1 Evacuation Pause) 2522M->45M(4096M) 19.770ms
[2024-05-29T15:01:10.567+0000][1][gc,cpu      ] GC(16) User=0.03s Sys=0.00s Real=0.02s
[2024-05-29T15:01:10.567+0000][1][safepoint   ] Safepoint "G1CollectForAllocation", Time since last: 2485225278 ns, Reaching safepoint: 140713 ns, Cleanup: 16726 ns, At safepoint: 19845961 ns, Total: 20003400 ns
[2024-05-29T15:01:11.567+0000][1][safepoint   ] Safepoint "Cleanup", Time since last: 1000138134 ns, Reaching safepoint: 18260 ns, Cleanup: 15759 ns, At safepoint: 5021 ns, Total: 39040 ns
[2024-05-29T15:01:20.568+0000][1][safepoint   ] Safepoint "Cleanup", Time since last: 9001025930 ns, Reaching safepoint: 16341 ns, Cleanup: 16462 ns, At safepoint: 3952 ns, Total: 36755 ns
[2024-05-29T15:01:51.098+0000][1][safepoint   ] Safepoint "Cleanup", Time since last: 30529787593 ns, Reaching safepoint: 41853 ns, Cleanup: 13219 ns, At safepoint: 3008 ns, Total: 58080 ns
[2024-05-29T15:02:00.099+0000][1][safepoint   ] Safepoint "Cleanup", Time since last: 9001092447 ns, Reaching safepoint: 90714 ns, Cleanup: 12964 ns, At safepoint: 12069 ns, Total: 115747 ns
[2024-05-29T15:02:01.099+0000][1][safepoint   ] Safepoint "Cleanup", Time since last: 1000188369 ns, Reaching safepoint: 21209 ns, Cleanup: 24610 ns, At safepoint: 7870 ns, Total: 53689 ns
[2024-05-29T15:02:10.100+0000][1][safepoint   ] Safepoint "Cleanup", Time since last: 9001129986 ns, Reaching safepoint: 109025 ns, Cleanup: 11032 ns, At safepoint: 8864 ns, Total: 128921 ns
[2024-05-29T15:02:11.101+0000][1][safepoint   ] Safepoint "Cleanup", Time since last: 1000318532 ns, Reaching safepoint: 19067 ns, Cleanup: 29143 ns, At safepoint: 5075 ns, Total: 53285 ns
[2024-05-29T15:02:40.145+0000][1][safepoint   ] Safepoint "Cleanup", Time since last: 29044489499 ns, Reaching safepoint: 14170 ns, Cleanup: 13152 ns, At safepoint: 3527 ns, Total: 30849 ns
[2024-05-29T15:03:20.156+0000][1][safepoint   ] Safepoint "Cleanup", Time since last: 40010989638 ns, Reaching safepoint: 41036 ns, Cleanup: 13083 ns, At safepoint: 7021 ns, Total: 61140 ns
[2024-05-29T15:04:15.166+0000][1][safepoint   ] Safepoint "Cleanup", Time since last: 55009464092 ns, Reaching safepoint: 90453 ns, Cleanup: 15874 ns, At safepoint: 11764 ns, Total: 118091 ns
[2024-05-29T15:04:16.166+0000][1][safepoint   ] Safepoint "Cleanup", Time since last: 1000301036 ns, Reaching safepoint: 12542 ns, Cleanup: 87881 ns, At safepoint: 3690 ns, Total: 104113 ns
[2024-05-29T15:04:38.223+0000][1][safepoint   ] Safepoint "Cleanup", Time since last: 22056930661 ns, Reaching safepoint: 14300 ns, Cleanup: 17338 ns, At safepoint: 3030 ns, Total: 34668 ns
[2024-05-29T15:04:55.226+0000][1][safepoint   ] Safepoint "Cleanup", Time since last: 17002196219 ns, Reaching safepoint: 120655 ns, Cleanup: 15787 ns, At safepoint: 8198 ns, Total: 144640 ns
[2024-05-29T15:04:56.226+0000][1][safepoint   ] Safepoint "Cleanup", Time since last: 1000353752 ns, Reaching safepoint: 12767 ns, Cleanup: 21784 ns, At safepoint: 3400 ns, Total: 37951 ns
[2024-05-29T15:04:58.226+0000][1][safepoint   ] Safepoint "Cleanup", Time since last: 2000344498 ns, Reaching safepoint: 14819 ns, Cleanup: 14606 ns, At safepoint: 3643 ns, Total: 33068 ns
[2024-05-29T15:05:06.929+0000][1][gc,start    ] GC(17) Pause Young (Normal) (G1 Evacuation Pause)
[2024-05-29T15:05:06.929+0000][1][gc,task     ] GC(17) Using 2 workers of 2 for evacuation
[2024-05-29T15:05:06.929+0000][1][gc,age      ] GC(17) Desired survivor size 161480704 bytes, new threshold 15 (max threshold 15)
[2024-05-29T15:05:06.950+0000][1][gc,phases   ] GC(17)   Pre Evacuate Collection Set: 0.7ms
[2024-05-29T15:05:06.950+0000][1][gc,phases   ] GC(17)   Merge Heap Roots: 0.4ms
[2024-05-29T15:05:06.950+0000][1][gc,phases   ] GC(17)   Evacuate Collection Set: 16.5ms
[2024-05-29T15:05:06.950+0000][1][gc,phases   ] GC(17)   Post Evacuate Collection Set: 3.1ms
[2024-05-29T15:05:06.950+0000][1][gc,phases   ] GC(17)   Other: 0.1ms
[2024-05-29T15:05:06.950+0000][1][gc,age      ] GC(17) Age table with threshold 15 (max threshold 15)
[2024-05-29T15:05:06.950+0000][1][gc,age      ] GC(17) - age   1:    3555680 bytes,    3555680 total
[2024-05-29T15:05:06.950+0000][1][gc,age      ] GC(17) - age   2:      55992 bytes,    3611672 total
[2024-05-29T15:05:06.950+0000][1][gc,age      ] GC(17) - age   3:      30472 bytes,    3642144 total
[2024-05-29T15:05:06.950+0000][1][gc,age      ] GC(17) - age   4:      32504 bytes,    3674648 total
[2024-05-29T15:05:06.950+0000][1][gc,age      ] GC(17) - age   5:     269488 bytes,    3944136 total
[2024-05-29T15:05:06.950+0000][1][gc,age      ] GC(17) - age   6:     338328 bytes,    4282464 total
[2024-05-29T15:05:06.950+0000][1][gc,age      ] GC(17) - age   7:    2130880 bytes,    6413344 total
[2024-05-29T15:05:06.950+0000][1][gc,age      ] GC(17) - age   8:       4320 bytes,    6417664 total
[2024-05-29T15:05:06.950+0000][1][gc,age      ] GC(17) - age   9:     550736 bytes,    6968400 total
[2024-05-29T15:05:06.950+0000][1][gc,age      ] GC(17) - age  10:    1590744 bytes,    8559144 total
[2024-05-29T15:05:06.950+0000][1][gc,heap     ] GC(17) Eden regions: 1222->0(1223)
[2024-05-29T15:05:06.950+0000][1][gc,heap     ] GC(17) Survivor regions: 6->5(154)
[2024-05-29T15:05:06.950+0000][1][gc,heap     ] GC(17) Old regions: 18->18
[2024-05-29T15:05:06.950+0000][1][gc,heap     ] GC(17) Humongous regions: 16->0
[2024-05-29T15:05:06.950+0000][1][gc,metaspace] GC(17) Metaspace: 90937K(92416K)->90937K(92416K) NonClass: 79353K(80128K)->79353K(80128K) Class: 11583K(12288K)->11583K(12288K)
[2024-05-29T15:05:06.950+0000][1][gc          ] GC(17) Pause Young (Normal) (G1 Evacuation Pause) 2521M->43M(4096M) 21.151ms
[2024-05-29T15:05:06.950+0000][1][gc,cpu      ] GC(17) User=0.03s Sys=0.00s Real=0.02s
[2024-05-29T15:05:06.950+0000][1][safepoint   ] Safepoint "G1CollectForAllocation", Time since last: 8702200742 ns, Reaching safepoint: 99895 ns, Cleanup: 5842 ns, At safepoint: 21225712 ns, Total: 21331449 ns
[2024-05-29T15:05:07.950+0000][1][safepoint   ] Safepoint "Cleanup", Time since last: 1000130062 ns, Reaching safepoint: 13929 ns, Cleanup: 23292 ns, At safepoint: 3862 ns, Total: 41083 ns
[2024-05-29T15:05:16.951+0000][1][safepoint   ] Safepoint "Cleanup", Time since last: 9001094053 ns, Reaching safepoint: 89409 ns, Cleanup: 13814 ns, At safepoint: 13405 ns, Total: 116628 ns
[2024-05-29T15:05:17.952+0000][1][safepoint   ] Safepoint "Cleanup", Time since last: 1000477003 ns, Reaching safepoint: 12724 ns, Cleanup: 49460 ns, At safepoint: 3167 ns, Total: 65351 ns
[2024-05-29T15:05:19.952+0000][1][safepoint   ] Safepoint "Cleanup", Time since last: 2000229842 ns, Reaching safepoint: 13668 ns, Cleanup: 12148 ns, At safepoint: 2790 ns, Total: 28606 ns
[2024-05-29T15:05:30.953+0000][1][safepoint   ] Safepoint "Cleanup", Time since last: 11001050621 ns, Reaching safepoint: 17994 ns, Cleanup: 15036 ns, At safepoint: 3530 ns, Total: 36560 ns
[2024-05-29T15:05:31.954+0000][1][safepoint   ] Safepoint "Cleanup", Time since last: 1000264079 ns, Reaching safepoint: 15631 ns, Cleanup: 26880 ns, At safepoint: 5277 ns, Total: 47788 ns
[2024-05-29T15:05:32.954+0000][1][safepoint   ] Safepoint "Cleanup", Time since last: 1000608390 ns, Reaching safepoint: 20518 ns, Cleanup: 34023 ns, At safepoint: 4786 ns, Total: 59327 ns
[2024-05-29T15:07:37.231+0000][1][safepoint   ] Safepoint "Cleanup", Time since last: 124276549164 ns, Reaching safepoint: 9008 ns, Cleanup: 13152 ns, At safepoint: 59576 ns, Total: 81736 ns
[2024-05-29T15:07:38.258+0000][1][safepoint   ] Safepoint "Cleanup", Time since last: 1027374732 ns, Reaching safepoint: 13252 ns, Cleanup: 29128 ns, At safepoint: 2768 ns, Total: 45148 ns
[2024-05-29T15:08:26.264+0000][1][safepoint   ] Safepoint "Cleanup", Time since last: 48005396102 ns, Reaching safepoint: 178221 ns, Cleanup: 11192 ns, At safepoint: 12375 ns, Total: 201788 ns
[2024-05-29T15:08:27.264+0000][1][safepoint   ] Safepoint "Cleanup", Time since last: 1000372748 ns, Reaching safepoint: 15539 ns, Cleanup: 20443 ns, At safepoint: 3497 ns, Total: 39479 ns
[2024-05-29T15:08:36.265+0000][1][safepoint   ] Safepoint "Cleanup", Time since last: 9000923431 ns, Reaching safepoint: 93066 ns, Cleanup: 32925 ns, At safepoint: 63457 ns, Total: 189448 ns
[2024-05-29T15:08:46.273+0000][1][safepoint   ] Safepoint "Cleanup", Time since last: 10007526439 ns, Reaching safepoint: 165524 ns, Cleanup: 16188 ns, At safepoint: 8996 ns, Total: 190708 ns
[2024-05-29T15:08:47.273+0000][1][safepoint   ] Safepoint "Cleanup", Time since last: 1000158771 ns, Reaching safepoint: 13873 ns, Cleanup: 22500 ns, At safepoint: 3156 ns, Total: 39529 ns
[2024-05-29T15:08:56.276+0000][1][safepoint   ] Safepoint "Cleanup", Time since last: 9002113428 ns, Reaching safepoint: 93813 ns, Cleanup: 26798 ns, At safepoint: 8913 ns, Total: 129524 ns
[2024-05-29T15:08:56.373+0000][1][gc,start    ] GC(18) Pause Young (Normal) (G1 Evacuation Pause)
[2024-05-29T15:08:56.373+0000][1][gc,task     ] GC(18) Using 2 workers of 2 for evacuation
[2024-05-29T15:08:56.373+0000][1][gc,age      ] GC(18) Desired survivor size 161480704 bytes, new threshold 15 (max threshold 15)
[2024-05-29T15:08:56.400+0000][1][gc,phases   ] GC(18)   Pre Evacuate Collection Set: 0.6ms
[2024-05-29T15:08:56.400+0000][1][gc,phases   ] GC(18)   Merge Heap Roots: 0.3ms
[2024-05-29T15:08:56.400+0000][1][gc,phases   ] GC(18)   Evacuate Collection Set: 22.2ms
[2024-05-29T15:08:56.400+0000][1][gc,phases   ] GC(18)   Post Evacuate Collection Set: 3.3ms
[2024-05-29T15:08:56.400+0000][1][gc,phases   ] GC(18)   Other: 0.1ms
[2024-05-29T15:08:56.400+0000][1][gc,age      ] GC(18) Age table with threshold 15 (max threshold 15)
[2024-05-29T15:08:56.400+0000][1][gc,age      ] GC(18) - age   1:    5701528 bytes,    5701528 total
[2024-05-29T15:08:56.400+0000][1][gc,age      ] GC(18) - age   2:      25600 bytes,    5727128 total
[2024-05-29T15:08:56.400+0000][1][gc,age      ] GC(18) - age   3:      54816 bytes,    5781944 total
[2024-05-29T15:08:56.400+0000][1][gc,age      ] GC(18) - age   4:      30320 bytes,    5812264 total
[2024-05-29T15:08:56.400+0000][1][gc,age      ] GC(18) - age   5:      32504 bytes,    5844768 total
[2024-05-29T15:08:56.400+0000][1][gc,age      ] GC(18) - age   6:     269384 bytes,    6114152 total
[2024-05-29T15:08:56.400+0000][1][gc,age      ] GC(18) - age   7:     338328 bytes,    6452480 total
[2024-05-29T15:08:56.400+0000][1][gc,age      ] GC(18) - age   8:    2130880 bytes,    8583360 total
[2024-05-29T15:08:56.400+0000][1][gc,age      ] GC(18) - age   9:       4320 bytes,    8587680 total
[2024-05-29T15:08:56.400+0000][1][gc,age      ] GC(18) - age  10:     550736 bytes,    9138416 total
[2024-05-29T15:08:56.400+0000][1][gc,age      ] GC(18) - age  11:    1590648 bytes,   10729064 total
[2024-05-29T15:08:56.400+0000][1][gc,heap     ] GC(18) Eden regions: 1223->0(1222)
[2024-05-29T15:08:56.400+0000][1][gc,heap     ] GC(18) Survivor regions: 5->6(154)
[2024-05-29T15:08:56.400+0000][1][gc,heap     ] GC(18) Old regions: 18->18
[2024-05-29T15:08:56.400+0000][1][gc,heap     ] GC(18) Humongous regions: 14->0
[2024-05-29T15:08:56.400+0000][1][gc,metaspace] GC(18) Metaspace: 91275K(92736K)->91275K(92736K) NonClass: 79679K(80448K)->79679K(80448K) Class: 11595K(12288K)->11595K(12288K)
[2024-05-29T15:08:56.400+0000][1][gc          ] GC(18) Pause Young (Normal) (G1 Evacuation Pause) 2517M->47M(4096M) 26.924ms
[2024-05-29T15:08:56.400+0000][1][gc,cpu      ] GC(18) User=0.04s Sys=0.01s Real=0.02s
[2024-05-29T15:08:56.400+0000][1][safepoint   ] Safepoint "G1CollectForAllocation", Time since last: 97463846 ns, Reaching safepoint: 10978 ns, Cleanup: 11596 ns, At safepoint: 26998180 ns, Total: 27020754 ns
[2024-05-29T15:08:57.400+0000][1][safepoint   ] Safepoint "Cleanup", Time since last: 1000132781 ns, Reaching safepoint: 39900 ns, Cleanup: 18545 ns, At safepoint: 5863 ns, Total: 64308 ns
[2024-05-29T15:09:11.402+0000][1][safepoint   ] Safepoint "Cleanup", Time since last: 14001683266 ns, Reaching safepoint: 15791 ns, Cleanup: 24465 ns, At safepoint: 4258 ns, Total: 44514 ns
[2024-05-29T15:09:38.387+0000][1][safepoint   ] Safepoint "Cleanup", Time since last: 26984750214 ns, Reaching safepoint: 51343 ns, Cleanup: 17072 ns, At safepoint: 4056 ns, Total: 72471 ns
[2024-05-29T15:09:55.392+0000][1][safepoint   ] Safepoint "Cleanup", Time since last: 17005194958 ns, Reaching safepoint: 119962 ns, Cleanup: 26470 ns, At safepoint: 9148 ns, Total: 155580 ns
[2024-05-29T15:09:56.393+0000][1][safepoint   ] Safepoint "Cleanup", Time since last: 1000487570 ns, Reaching safepoint: 17408 ns, Cleanup: 18386 ns, At safepoint: 3542 ns, Total: 39336 ns
[2024-05-29T15:10:05.395+0000][1][safepoint   ] Safepoint "Cleanup", Time since last: 9002593117 ns, Reaching safepoint: 44475 ns, Cleanup: 29932 ns, At safepoint: 3988 ns, Total: 78395 ns
[2024-05-29T15:11:08.423+0000][1][safepoint   ] Safepoint "Cleanup", Time since last: 63027697412 ns, Reaching safepoint: 36904 ns, Cleanup: 14824 ns, At safepoint: 3408 ns, Total: 55136 ns
[2024-05-29T15:11:11.424+0000][1][safepoint   ] Safepoint "Cleanup", Time since last: 3000394838 ns, Reaching safepoint: 11246 ns, Cleanup: 15317 ns, At safepoint: 3393 ns, Total: 29956 ns
[2024-05-29T15:11:17.424+0000][1][safepoint   ] Safepoint "Cleanup", Time since last: 6000686981 ns, Reaching safepoint: 13063 ns, Cleanup: 17169 ns, At safepoint: 3264 ns, Total: 33496 ns
[2024-05-29T15:11:38.427+0000][1][safepoint   ] Safepoint "Cleanup", Time since last: 21002830561 ns, Reaching safepoint: 40416 ns, Cleanup: 15576 ns, At safepoint: 2945 ns, Total: 58937 ns
[2024-05-29T15:11:40.428+0000][1][safepoint   ] Safepoint "Cleanup", Time since last: 2000220586 ns, Reaching safepoint: 91286 ns, Cleanup: 13989 ns, At safepoint: 11662 ns, Total: 116937 ns
[2024-05-29T15:11:41.428+0000][1][safepoint   ] Safepoint "Cleanup", Time since last: 1000190081 ns, Reaching safepoint: 16425 ns, Cleanup: 26492 ns, At safepoint: 4371 ns, Total: 47288 ns
[2024-05-29T15:11:48.431+0000][1][safepoint   ] Safepoint "Cleanup", Time since last: 7003120951 ns, Reaching safepoint: 15624 ns, Cleanup: 25228 ns, At safepoint: 3748 ns, Total: 44600 ns
[2024-05-29T15:11:58.432+0000][1][safepoint   ] Safepoint "Cleanup", Time since last: 10000962515 ns, Reaching safepoint: 61912 ns, Cleanup: 15049 ns, At safepoint: 3494 ns, Total: 80455 ns
[2024-05-29T15:12:33.482+0000][1][safepoint   ] Safepoint "Cleanup", Time since last: 35050029457 ns, Reaching safepoint: 12051 ns, Cleanup: 11141 ns, At safepoint: 4379 ns, Total: 27571 ns
[2024-05-29T15:12:34.482+0000][1][safepoint   ] Safepoint "Cleanup", Time since last: 1000186486 ns, Reaching safepoint: 14097 ns, Cleanup: 22202 ns, At safepoint: 3766 ns, Total: 40065 ns
[2024-05-29T15:12:38.483+0000][1][safepoint   ] Safepoint "Cleanup", Time since last: 4000537410 ns, Reaching safepoint: 42286 ns, Cleanup: 14595 ns, At safepoint: 3471 ns, Total: 60352 ns
[2024-05-29T15:12:40.483+0000][1][safepoint   ] Safepoint "Cleanup", Time since last: 2000292561 ns, Reaching safepoint: 12277 ns, Cleanup: 15190 ns, At safepoint: 3292 ns, Total: 30759 ns
[2024-05-29T15:12:44.484+0000][1][safepoint   ] Safepoint "Cleanup", Time since last: 4000563887 ns, Reaching safepoint: 47925 ns, Cleanup: 19367 ns, At safepoint: 114943 ns, Total: 182235 ns
[2024-05-29T15:12:53.427+0000][1][gc,start    ] GC(19) Pause Young (Normal) (G1 Evacuation Pause)
[2024-05-29T15:12:53.427+0000][1][gc,task     ] GC(19) Using 2 workers of 2 for evacuation
[2024-05-29T15:12:53.427+0000][1][gc,age      ] GC(19) Desired survivor size 161480704 bytes, new threshold 15 (max threshold 15)
[2024-05-29T15:12:53.449+0000][1][gc,phases   ] GC(19)   Pre Evacuate Collection Set: 0.9ms
[2024-05-29T15:12:53.449+0000][1][gc,phases   ] GC(19)   Merge Heap Roots: 0.2ms
[2024-05-29T15:12:53.449+0000][1][gc,phases   ] GC(19)   Evacuate Collection Set: 17.8ms
[2024-05-29T15:12:53.449+0000][1][gc,phases   ] GC(19)   Post Evacuate Collection Set: 3.2ms
[2024-05-29T15:12:53.449+0000][1][gc,phases   ] GC(19)   Other: 0.2ms
[2024-05-29T15:12:53.449+0000][1][gc,age      ] GC(19) Age table with threshold 15 (max threshold 15)
[2024-05-29T15:12:53.449+0000][1][gc,age      ] GC(19) - age   1:    4598456 bytes,    4598456 total
[2024-05-29T15:12:53.449+0000][1][gc,age      ] GC(19) - age   2:     267424 bytes,    4865880 total
[2024-05-29T15:12:53.449+0000][1][gc,age      ] GC(19) - age   3:      25600 bytes,    4891480 total
[2024-05-29T15:12:53.449+0000][1][gc,age      ] GC(19) - age   4:      54784 bytes,    4946264 total
[2024-05-29T15:12:53.449+0000][1][gc,age      ] GC(19) - age   5:      30320 bytes,    4976584 total
[2024-05-29T15:12:53.449+0000][1][gc,age      ] GC(19) - age   6:      32504 bytes,    5009088 total
[2024-05-29T15:12:53.449+0000][1][gc,age      ] GC(19) - age   7:     269384 bytes,    5278472 total
[2024-05-29T15:12:53.449+0000][1][gc,age      ] GC(19) - age   8:     338328 bytes,    5616800 total
[2024-05-29T15:12:53.449+0000][1][gc,age      ] GC(19) - age   9:    2130880 bytes,    7747680 total
[2024-05-29T15:12:53.449+0000][1][gc,age      ] GC(19) - age  10:       4320 bytes,    7752000 total
[2024-05-29T15:12:53.449+0000][1][gc,age      ] GC(19) - age  11:     550736 bytes,    8302736 total
[2024-05-29T15:12:53.449+0000][1][gc,age      ] GC(19) - age  12:    1590648 bytes,    9893384 total
[2024-05-29T15:12:53.449+0000][1][gc,heap     ] GC(19) Eden regions: 1222->0(1222)
[2024-05-29T15:12:53.449+0000][1][gc,heap     ] GC(19) Survivor regions: 6->6(154)
[2024-05-29T15:12:53.449+0000][1][gc,heap     ] GC(19) Old regions: 18->18
[2024-05-29T15:12:53.449+0000][1][gc,heap     ] GC(19) Humongous regions: 16->0
[2024-05-29T15:12:53.449+0000][1][gc,metaspace] GC(19) Metaspace: 91421K(92864K)->91421K(92864K) NonClass: 79825K(80576K)->79825K(80576K) Class: 11595K(12288K)->11595K(12288K)
[2024-05-29T15:12:53.449+0000][1][gc          ] GC(19) Pause Young (Normal) (G1 Evacuation Pause) 2523M->45M(4096M) 22.603ms
[2024-05-29T15:12:53.449+0000][1][gc,cpu      ] GC(19) User=0.04s Sys=0.00s Real=0.03s
[2024-05-29T15:12:53.449+0000][1][safepoint   ] Safepoint "G1CollectForAllocation", Time since last: 8942649114 ns, Reaching safepoint: 160835 ns, Cleanup: 18445 ns, At safepoint: 22677624 ns, Total: 22856904 ns
[2024-05-29T15:12:54.450+0000][1][safepoint   ] Safepoint "Cleanup", Time since last: 1000137669 ns, Reaching safepoint: 17936 ns, Cleanup: 23559 ns, At safepoint: 3628 ns, Total: 45123 ns
[2024-05-29T15:13:03.451+0000][1][safepoint   ] Safepoint "Cleanup", Time since last: 9001177418 ns, Reaching safepoint: 133664 ns, Cleanup: 8994 ns, At safepoint: 13033 ns, Total: 155691 ns
[2024-05-29T15:13:04.451+0000][1][safepoint   ] Safepoint "Cleanup", Time since last: 1000167340 ns, Reaching safepoint: 14757 ns, Cleanup: 24497 ns, At safepoint: 2970 ns, Total: 42224 ns
[2024-05-29T15:13:14.452+0000][1][safepoint   ] Safepoint "Cleanup", Time since last: 10001177687 ns, Reaching safepoint: 20749 ns, Cleanup: 28128 ns, At safepoint: 5146 ns, Total: 54023 ns
[2024-05-29T15:13:24.454+0000][1][safepoint   ] Safepoint "Cleanup", Time since last: 10001592860 ns, Reaching safepoint: 14676 ns, Cleanup: 19702 ns, At safepoint: 3708 ns, Total: 38086 ns
[2024-05-29T15:14:57.535+0000][1][safepoint   ] Safepoint "Cleanup", Time since last: 93080156236 ns, Reaching safepoint: 247944 ns, Cleanup: 231980 ns, At safepoint: 12680 ns, Total: 492604 ns
[2024-05-29T15:14:58.535+0000][1][safepoint   ] Safepoint "Cleanup", Time since last: 1000325076 ns, Reaching safepoint: 16409 ns, Cleanup: 18437 ns, At safepoint: 4597 ns, Total: 39443 ns
[2024-05-29T15:15:07.538+0000][1][safepoint   ] Safepoint "Cleanup", Time since last: 9002937103 ns, Reaching safepoint: 129306 ns, Cleanup: 10554 ns, At safepoint: 12097 ns, Total: 151957 ns
[2024-05-29T15:15:08.541+0000][1][safepoint   ] Safepoint "Cleanup", Time since last: 1002470148 ns, Reaching safepoint: 140329 ns, Cleanup: 17423 ns, At safepoint: 12055 ns, Total: 169807 ns
[2024-05-29T15:15:37.589+0000][1][safepoint   ] Safepoint "Cleanup", Time since last: 29048406034 ns, Reaching safepoint: 21171 ns, Cleanup: 25536 ns, At safepoint: 4791 ns, Total: 51498 ns
[2024-05-29T15:15:38.590+0000][1][safepoint   ] Safepoint "Cleanup", Time since last: 1000180012 ns, Reaching safepoint: 103503 ns, Cleanup: 16107 ns, At safepoint: 8876 ns, Total: 128486 ns
[2024-05-29T15:16:31.615+0000][1][safepoint   ] Safepoint "Cleanup", Time since last: 53025790125 ns, Reaching safepoint: 17673 ns, Cleanup: 20084 ns, At safepoint: 5165 ns, Total: 42922 ns
[2024-05-29T15:17:04.378+0000][1][gc,start    ] GC(20) Pause Young (Normal) (G1 Evacuation Pause)
[2024-05-29T15:17:04.378+0000][1][gc,task     ] GC(20) Using 2 workers of 2 for evacuation
[2024-05-29T15:17:04.378+0000][1][gc,age      ] GC(20) Desired survivor size 161480704 bytes, new threshold 15 (max threshold 15)
[2024-05-29T15:17:04.405+0000][1][gc,phases   ] GC(20)   Pre Evacuate Collection Set: 4.0ms
[2024-05-29T15:17:04.405+0000][1][gc,phases   ] GC(20)   Merge Heap Roots: 0.3ms
[2024-05-29T15:17:04.405+0000][1][gc,phases   ] GC(20)   Evacuate Collection Set: 19.0ms
[2024-05-29T15:17:04.405+0000][1][gc,phases   ] GC(20)   Post Evacuate Collection Set: 2.9ms
[2024-05-29T15:17:04.405+0000][1][gc,phases   ] GC(20)   Other: 0.3ms
[2024-05-29T15:17:04.405+0000][1][gc,age      ] GC(20) Age table with threshold 15 (max threshold 15)
[2024-05-29T15:17:04.405+0000][1][gc,age      ] GC(20) - age   1:    5668376 bytes,    5668376 total
[2024-05-29T15:17:04.405+0000][1][gc,age      ] GC(20) - age   2:      37776 bytes,    5706152 total
[2024-05-29T15:17:04.405+0000][1][gc,age      ] GC(20) - age   3:     267344 bytes,    5973496 total
[2024-05-29T15:17:04.405+0000][1][gc,age      ] GC(20) - age   4:      25600 bytes,    5999096 total
[2024-05-29T15:17:04.405+0000][1][gc,age      ] GC(20) - age   5:      54480 bytes,    6053576 total
[2024-05-29T15:17:04.405+0000][1][gc,age      ] GC(20) - age   6:      30320 bytes,    6083896 total
[2024-05-29T15:17:04.405+0000][1][gc,age      ] GC(20) - age   7:      32504 bytes,    6116400 total
[2024-05-29T15:17:04.405+0000][1][gc,age      ] GC(20) - age   8:     269384 bytes,    6385784 total
[2024-05-29T15:17:04.405+0000][1][gc,age      ] GC(20) - age   9:     338328 bytes,    6724112 total
[2024-05-29T15:17:04.405+0000][1][gc,age      ] GC(20) - age  10:    2130880 bytes,    8854992 total
[2024-05-29T15:17:04.405+0000][1][gc,age      ] GC(20) - age  11:       4320 bytes,    8859312 total
[2024-05-29T15:17:04.405+0000][1][gc,age      ] GC(20) - age  12:     550736 bytes,    9410048 total
[2024-05-29T15:17:04.405+0000][1][gc,age      ] GC(20) - age  13:    1590648 bytes,   11000696 total
[2024-05-29T15:17:04.405+0000][1][gc,heap     ] GC(20) Eden regions: 1222->0(1222)
[2024-05-29T15:17:04.405+0000][1][gc,heap     ] GC(20) Survivor regions: 6->6(154)
[2024-05-29T15:17:04.405+0000][1][gc,heap     ] GC(20) Old regions: 18->18
[2024-05-29T15:17:04.405+0000][1][gc,heap     ] GC(20) Humongous regions: 14->0
[2024-05-29T15:17:04.405+0000][1][gc,metaspace] GC(20) Metaspace: 91504K(92992K)->91504K(92992K) NonClass: 79908K(80704K)->79908K(80704K) Class: 11595K(12288K)->11595K(12288K)
[2024-05-29T15:17:04.405+0000][1][gc          ] GC(20) Pause Young (Normal) (G1 Evacuation Pause) 2517M->46M(4096M) 26.861ms
[2024-05-29T15:17:04.405+0000][1][gc,cpu      ] GC(20) User=0.05s Sys=0.00s Real=0.03s
[2024-05-29T15:17:04.405+0000][1][safepoint   ] Safepoint "G1CollectForAllocation", Time since last: 32762893172 ns, Reaching safepoint: 121230 ns, Cleanup: 4768 ns, At safepoint: 26953760 ns, Total: 27079758 ns
[2024-05-29T15:17:05.405+0000][1][safepoint   ] Safepoint "Cleanup", Time since last: 1000110584 ns, Reaching safepoint: 13133 ns, Cleanup: 13275 ns, At safepoint: 3286 ns, Total: 29694 ns
[2024-05-29T15:17:14.407+0000][1][safepoint   ] Safepoint "Cleanup", Time since last: 9000938267 ns, Reaching safepoint: 151256 ns, Cleanup: 13170 ns, At safepoint: 12181 ns, Total: 176607 ns
[2024-05-29T15:17:38.644+0000][1][safepoint   ] Safepoint "Cleanup", Time since last: 24237459201 ns, Reaching safepoint: 169257 ns, Cleanup: 100069 ns, At safepoint: 13770 ns, Total: 283096 ns
[2024-05-29T15:17:39.645+0000][1][safepoint   ] Safepoint "Cleanup", Time since last: 1000594675 ns, Reaching safepoint: 14937 ns, Cleanup: 20992 ns, At safepoint: 4220 ns, Total: 40149 ns
[2024-05-29T15:17:48.657+0000][1][safepoint   ] Safepoint "Cleanup", Time since last: 9011893905 ns, Reaching safepoint: 13758 ns, Cleanup: 14971 ns, At safepoint: 3494 ns, Total: 32223 ns
[2024-05-29T15:17:58.660+0000][1][safepoint   ] Safepoint "Cleanup", Time since last: 10002868374 ns, Reaching safepoint: 115700 ns, Cleanup: 39164 ns, At safepoint: 9415 ns, Total: 164279 ns
[2024-05-29T15:17:59.660+0000][1][safepoint   ] Safepoint "Cleanup", Time since last: 1000474257 ns, Reaching safepoint: 15536 ns, Cleanup: 61380 ns, At safepoint: 5712 ns, Total: 82628 ns
[2024-05-29T15:18:08.662+0000][1][safepoint   ] Safepoint "Cleanup", Time since last: 9001006694 ns, Reaching safepoint: 15622 ns, Cleanup: 37673 ns, At safepoint: 3723 ns, Total: 57018 ns
[2024-05-29T15:18:38.685+0000][1][safepoint   ] Safepoint "Cleanup", Time since last: 30023517801 ns, Reaching safepoint: 13458 ns, Cleanup: 13172 ns, At safepoint: 3966 ns, Total: 30596 ns
[2024-05-29T15:19:14.692+0000][1][safepoint   ] Safepoint "Cleanup", Time since last: 36007279296 ns, Reaching safepoint: 45346 ns, Cleanup: 14092 ns, At safepoint: 6656 ns, Total: 66094 ns
[2024-05-29T15:19:39.695+0000][1][safepoint   ] Safepoint "Cleanup", Time since last: 25002795518 ns, Reaching safepoint: 14220 ns, Cleanup: 14091 ns, At safepoint: 3003 ns, Total: 31314 ns
[2024-05-29T15:19:48.505+0000][1][gc,start    ] GC(21) Pause Young (Normal) (G1 Evacuation Pause)
[2024-05-29T15:19:48.505+0000][1][gc,task     ] GC(21) Using 2 workers of 2 for evacuation
[2024-05-29T15:19:48.505+0000][1][gc,age      ] GC(21) Desired survivor size 161480704 bytes, new threshold 15 (max threshold 15)
[2024-05-29T15:19:48.525+0000][1][gc,phases   ] GC(21)   Pre Evacuate Collection Set: 0.6ms
[2024-05-29T15:19:48.525+0000][1][gc,phases   ] GC(21)   Merge Heap Roots: 0.2ms
[2024-05-29T15:19:48.525+0000][1][gc,phases   ] GC(21)   Evacuate Collection Set: 17.0ms
[2024-05-29T15:19:48.525+0000][1][gc,phases   ] GC(21)   Post Evacuate Collection Set: 2.4ms
[2024-05-29T15:19:48.525+0000][1][gc,phases   ] GC(21)   Other: 0.3ms
[2024-05-29T15:19:48.525+0000][1][gc,age      ] GC(21) Age table with threshold 15 (max threshold 15)
[2024-05-29T15:19:48.525+0000][1][gc,age      ] GC(21) - age   1:    3818544 bytes,    3818544 total
[2024-05-29T15:19:48.525+0000][1][gc,age      ] GC(21) - age   2:      26568 bytes,    3845112 total
[2024-05-29T15:19:48.525+0000][1][gc,age      ] GC(21) - age   3:      36960 bytes,    3882072 total
[2024-05-29T15:19:48.525+0000][1][gc,age      ] GC(21) - age   4:     266528 bytes,    4148600 total
[2024-05-29T15:19:48.525+0000][1][gc,age      ] GC(21) - age   5:      25600 bytes,    4174200 total
[2024-05-29T15:19:48.525+0000][1][gc,age      ] GC(21) - age   6:      54328 bytes,    4228528 total
[2024-05-29T15:19:48.525+0000][1][gc,age      ] GC(21) - age   7:      30320 bytes,    4258848 total
[2024-05-29T15:19:48.525+0000][1][gc,age      ] GC(21) - age   8:      32504 bytes,    4291352 total
[2024-05-29T15:19:48.525+0000][1][gc,age      ] GC(21) - age   9:     269384 bytes,    4560736 total
[2024-05-29T15:19:48.525+0000][1][gc,age      ] GC(21) - age  10:     338328 bytes,    4899064 total
[2024-05-29T15:19:48.526+0000][1][gc,age      ] GC(21) - age  11:    2130880 bytes,    7029944 total
[2024-05-29T15:19:48.526+0000][1][gc,age      ] GC(21) - age  12:       4320 bytes,    7034264 total
[2024-05-29T15:19:48.526+0000][1][gc,age      ] GC(21) - age  13:     550736 bytes,    7585000 total
[2024-05-29T15:19:48.526+0000][1][gc,age      ] GC(21) - age  14:    1590648 bytes,    9175648 total
[2024-05-29T15:19:48.526+0000][1][gc,heap     ] GC(21) Eden regions: 1222->0(1223)
[2024-05-29T15:19:48.526+0000][1][gc,heap     ] GC(21) Survivor regions: 6->5(154)
[2024-05-29T15:19:48.526+0000][1][gc,heap     ] GC(21) Old regions: 18->18
[2024-05-29T15:19:48.526+0000][1][gc,heap     ] GC(21) Humongous regions: 16->0
[2024-05-29T15:19:48.526+0000][1][gc,metaspace] GC(21) Metaspace: 91841K(93312K)->91841K(93312K) NonClass: 80245K(81024K)->80245K(81024K) Class: 11595K(12288K)->11595K(12288K)
[2024-05-29T15:19:48.526+0000][1][gc          ] GC(21) Pause Young (Normal) (G1 Evacuation Pause) 2522M->44M(4096M) 20.929ms
[2024-05-29T15:19:48.526+0000][1][gc,cpu      ] GC(21) User=0.04s Sys=0.00s Real=0.02s
[2024-05-29T15:19:48.526+0000][1][safepoint   ] Safepoint "G1CollectForAllocation", Time since last: 8809258781 ns, Reaching safepoint: 137656 ns, Cleanup: 4820 ns, At safepoint: 21005605 ns, Total: 21148081 ns
[2024-05-29T15:19:49.526+0000][1][safepoint   ] Safepoint "Cleanup", Time since last: 1000148859 ns, Reaching safepoint: 15155 ns, Cleanup: 22804 ns, At safepoint: 3529 ns, Total: 41488 ns
[2024-05-29T15:20:05.529+0000][1][safepoint   ] Safepoint "Cleanup", Time since last: 16003353427 ns, Reaching safepoint: 15553 ns, Cleanup: 20038 ns, At safepoint: 4207 ns, Total: 39798 ns
[2024-05-29T15:20:19.531+0000][1][safepoint   ] Safepoint "Cleanup", Time since last: 14001738557 ns, Reaching safepoint: 367217 ns, Cleanup: 13260 ns, At safepoint: 47043 ns, Total: 427520 ns
[2024-05-29T15:20:38.757+0000][1][safepoint   ] Safepoint "Cleanup", Time since last: 19226015025 ns, Reaching safepoint: 41775 ns, Cleanup: 15404 ns, At safepoint: 7365 ns, Total: 64544 ns
[2024-05-29T15:20:39.761+0000][1][safepoint   ] Safepoint "Cleanup", Time since last: 1000146599 ns, Reaching safepoint: 2845071 ns, Cleanup: 22258 ns, At safepoint: 18160 ns, Total: 2885489 ns
[2024-05-29T15:20:49.762+0000][1][safepoint   ] Safepoint "Cleanup", Time since last: 10000925862 ns, Reaching safepoint: 47871 ns, Cleanup: 14903 ns, At safepoint: 6823 ns, Total: 69597 ns
[2024-05-29T15:21:00.763+0000][1][safepoint   ] Safepoint "Cleanup", Time since last: 11001006167 ns, Reaching safepoint: 88731 ns, Cleanup: 14165 ns, At safepoint: 7193 ns, Total: 110089 ns
[2024-05-29T15:21:29.912+0000][1][gc,start    ] GC(22) Pause Young (Normal) (G1 Evacuation Pause)
[2024-05-29T15:21:29.912+0000][1][gc,task     ] GC(22) Using 2 workers of 2 for evacuation
[2024-05-29T15:21:29.912+0000][1][gc,age      ] GC(22) Desired survivor size 161480704 bytes, new threshold 15 (max threshold 15)
[2024-05-29T15:21:29.934+0000][1][gc,phases   ] GC(22)   Pre Evacuate Collection Set: 0.7ms
[2024-05-29T15:21:29.934+0000][1][gc,phases   ] GC(22)   Merge Heap Roots: 0.2ms
[2024-05-29T15:21:29.934+0000][1][gc,phases   ] GC(22)   Evacuate Collection Set: 18.6ms
[2024-05-29T15:21:29.934+0000][1][gc,phases   ] GC(22)   Post Evacuate Collection Set: 2.6ms
[2024-05-29T15:21:29.935+0000][1][gc,phases   ] GC(22)   Other: 0.2ms
[2024-05-29T15:21:29.935+0000][1][gc,age      ] GC(22) Age table with threshold 15 (max threshold 15)
[2024-05-29T15:21:29.935+0000][1][gc,age      ] GC(22) - age   1:    4510888 bytes,    4510888 total
[2024-05-29T15:21:29.935+0000][1][gc,age      ] GC(22) - age   2:      31048 bytes,    4541936 total
[2024-05-29T15:21:29.935+0000][1][gc,age      ] GC(22) - age   3:      26480 bytes,    4568416 total
[2024-05-29T15:21:29.935+0000][1][gc,age      ] GC(22) - age   4:      36960 bytes,    4605376 total
[2024-05-29T15:21:29.935+0000][1][gc,age      ] GC(22) - age   5:     266528 bytes,    4871904 total
[2024-05-29T15:21:29.935+0000][1][gc,age      ] GC(22) - age   6:      25600 bytes,    4897504 total
[2024-05-29T15:21:29.935+0000][1][gc,age      ] GC(22) - age   7:      54328 bytes,    4951832 total
[2024-05-29T15:21:29.935+0000][1][gc,age      ] GC(22) - age   8:      30320 bytes,    4982152 total
[2024-05-29T15:21:29.935+0000][1][gc,age      ] GC(22) - age   9:      32504 bytes,    5014656 total
[2024-05-29T15:21:29.935+0000][1][gc,age      ] GC(22) - age  10:     269384 bytes,    5284040 total
[2024-05-29T15:21:29.935+0000][1][gc,age      ] GC(22) - age  11:     338328 bytes,    5622368 total
[2024-05-29T15:21:29.935+0000][1][gc,age      ] GC(22) - age  12:    2130880 bytes,    7753248 total
[2024-05-29T15:21:29.935+0000][1][gc,age      ] GC(22) - age  13:       4320 bytes,    7757568 total
[2024-05-29T15:21:29.936+0000][1][gc,age      ] GC(22) - age  14:     550736 bytes,    8308304 total
[2024-05-29T15:21:29.936+0000][1][gc,age      ] GC(22) - age  15:    1590648 bytes,    9898952 total
[2024-05-29T15:21:29.936+0000][1][gc,heap     ] GC(22) Eden regions: 1223->0(1223)
[2024-05-29T15:21:29.936+0000][1][gc,heap     ] GC(22) Survivor regions: 5->5(154)
[2024-05-29T15:21:29.936+0000][1][gc,heap     ] GC(22) Old regions: 18->18
[2024-05-29T15:21:29.936+0000][1][gc,heap     ] GC(22) Humongous regions: 20->0
[2024-05-29T15:21:29.936+0000][1][gc,metaspace] GC(22) Metaspace: 91897K(93376K)->91897K(93376K) NonClass: 80301K(81088K)->80301K(81088K) Class: 11595K(12288K)->11595K(12288K)
[2024-05-29T15:21:29.936+0000][1][gc          ] GC(22) Pause Young (Normal) (G1 Evacuation Pause) 2530M->45M(4096M) 24.435ms
[2024-05-29T15:21:29.936+0000][1][gc,cpu      ] GC(22) User=0.04s Sys=0.01s Real=0.02s
[2024-05-29T15:21:29.936+0000][1][safepoint   ] Safepoint "G1CollectForAllocation", Time since last: 29148656953 ns, Reaching safepoint: 197812 ns, Cleanup: 13247 ns, At safepoint: 24814383 ns, Total: 25025442 ns
[2024-05-29T15:21:30.937+0000][1][safepoint   ] Safepoint "Cleanup", Time since last: 1000730432 ns, Reaching safepoint: 13999 ns, Cleanup: 19129 ns, At safepoint: 3466 ns, Total: 36594 ns
[2024-05-29T15:21:34.938+0000][1][safepoint   ] Safepoint "Cleanup", Time since last: 4000409787 ns, Reaching safepoint: 40912 ns, Cleanup: 14995 ns, At safepoint: 6320 ns, Total: 62227 ns
[2024-05-29T15:21:37.938+0000][1][safepoint   ] Safepoint "Cleanup", Time since last: 3000346346 ns, Reaching safepoint: 14466 ns, Cleanup: 13502 ns, At safepoint: 3547 ns, Total: 31515 ns
[2024-05-29T15:21:39.939+0000][1][safepoint   ] Safepoint "Cleanup", Time since last: 2001007448 ns, Reaching safepoint: 110775 ns, Cleanup: 10146 ns, At safepoint: 12390 ns, Total: 133311 ns
[2024-05-29T15:21:40.939+0000][1][safepoint   ] Safepoint "Cleanup", Time since last: 1000280553 ns, Reaching safepoint: 17914 ns, Cleanup: 24191 ns, At safepoint: 4308 ns, Total: 46413 ns
[2024-05-29T15:21:49.945+0000][1][safepoint   ] Safepoint "Cleanup", Time since last: 9001164192 ns, Reaching safepoint: 3851558 ns, Cleanup: 16859 ns, At safepoint: 67945 ns, Total: 3936362 ns
[2024-05-29T15:21:51.945+0000][1][safepoint   ] Safepoint "Cleanup", Time since last: 2000214510 ns, Reaching safepoint: 14908 ns, Cleanup: 14345 ns, At safepoint: 4378 ns, Total: 33631 ns
[2024-05-29T15:21:59.946+0000][1][safepoint   ] Safepoint "Cleanup", Time since last: 8000755604 ns, Reaching safepoint: 155897 ns, Cleanup: 10319 ns, At safepoint: 12447 ns, Total: 178663 ns
[2024-05-29T15:22:00.946+0000][1][safepoint   ] Safepoint "Cleanup", Time since last: 1000324407 ns, Reaching safepoint: 43657 ns, Cleanup: 18337 ns, At safepoint: 3665 ns, Total: 65659 ns
[2024-05-29T15:22:07.948+0000][1][safepoint   ] Safepoint "Cleanup", Time since last: 7001935005 ns, Reaching safepoint: 41671 ns, Cleanup: 16929 ns, At safepoint: 3683 ns, Total: 62283 ns
[2024-05-29T15:22:09.949+0000][1][safepoint   ] Safepoint "Cleanup", Time since last: 2000943766 ns, Reaching safepoint: 142585 ns, Cleanup: 14701 ns, At safepoint: 10291 ns, Total: 167577 ns
[2024-05-29T15:22:10.949+0000][1][safepoint   ] Safepoint "Cleanup", Time since last: 1000146708 ns, Reaching safepoint: 15946 ns, Cleanup: 20930 ns, At safepoint: 4570 ns, Total: 41446 ns
[2024-05-29T15:22:38.834+0000][1][safepoint   ] Safepoint "Cleanup", Time since last: 27884604370 ns, Reaching safepoint: 37124 ns, Cleanup: 12199 ns, At safepoint: 5283 ns, Total: 54606 ns
[2024-05-29T15:23:37.841+0000][1][safepoint   ] Safepoint "Cleanup", Time since last: 59007394804 ns, Reaching safepoint: 44171 ns, Cleanup: 13710 ns, At safepoint: 9032 ns, Total: 66913 ns
[2024-05-29T15:23:44.842+0000][1][safepoint   ] Safepoint "Cleanup", Time since last: 7000718240 ns, Reaching safepoint: 43991 ns, Cleanup: 13521 ns, At safepoint: 3692 ns, Total: 61204 ns
[2024-05-29T15:23:50.843+0000][1][safepoint   ] Safepoint "Cleanup", Time since last: 6000827842 ns, Reaching safepoint: 18431 ns, Cleanup: 23715 ns, At safepoint: 5004 ns, Total: 47150 ns
[2024-05-29T15:23:51.843+0000][1][safepoint   ] Safepoint "Cleanup", Time since last: 1000195538 ns, Reaching safepoint: 14141 ns, Cleanup: 14974 ns, At safepoint: 2788 ns, Total: 31903 ns
[2024-05-29T15:23:59.844+0000][1][safepoint   ] Safepoint "Cleanup", Time since last: 8000847548 ns, Reaching safepoint: 96385 ns, Cleanup: 12915 ns, At safepoint: 30987 ns, Total: 140287 ns
[2024-05-29T15:24:00.845+0000][1][safepoint   ] Safepoint "Cleanup", Time since last: 1000442581 ns, Reaching safepoint: 17872 ns, Cleanup: 17173 ns, At safepoint: 4645 ns, Total: 39690 ns
[2024-05-29T15:24:19.930+0000][1][gc,start    ] GC(23) Pause Young (Normal) (G1 Evacuation Pause)
[2024-05-29T15:24:19.930+0000][1][gc,task     ] GC(23) Using 2 workers of 2 for evacuation
[2024-05-29T15:24:19.930+0000][1][gc,age      ] GC(23) Desired survivor size 161480704 bytes, new threshold 15 (max threshold 15)
[2024-05-29T15:24:19.974+0000][1][gc,phases   ] GC(23)   Pre Evacuate Collection Set: 1.3ms
[2024-05-29T15:24:19.974+0000][1][gc,phases   ] GC(23)   Merge Heap Roots: 0.4ms
[2024-05-29T15:24:19.974+0000][1][gc,phases   ] GC(23)   Evacuate Collection Set: 31.9ms
[2024-05-29T15:24:19.974+0000][1][gc,phases   ] GC(23)   Post Evacuate Collection Set: 10.4ms
[2024-05-29T15:24:19.974+0000][1][gc,phases   ] GC(23)   Other: 0.1ms
[2024-05-29T15:24:19.974+0000][1][gc,age      ] GC(23) Age table with threshold 15 (max threshold 15)
[2024-05-29T15:24:19.974+0000][1][gc,age      ] GC(23) - age   1:    5964840 bytes,    5964840 total
[2024-05-29T15:24:19.974+0000][1][gc,age      ] GC(23) - age   2:      26296 bytes,    5991136 total
[2024-05-29T15:24:19.974+0000][1][gc,age      ] GC(23) - age   3:      29784 bytes,    6020920 total
[2024-05-29T15:24:19.974+0000][1][gc,age      ] GC(23) - age   4:      26480 bytes,    6047400 total
[2024-05-29T15:24:19.974+0000][1][gc,age      ] GC(23) - age   5:      36960 bytes,    6084360 total
[2024-05-29T15:24:19.974+0000][1][gc,age      ] GC(23) - age   6:     266528 bytes,    6350888 total
[2024-05-29T15:24:19.974+0000][1][gc,age      ] GC(23) - age   7:      25600 bytes,    6376488 total
[2024-05-29T15:24:19.974+0000][1][gc,age      ] GC(23) - age   8:      54176 bytes,    6430664 total
[2024-05-29T15:24:19.974+0000][1][gc,age      ] GC(23) - age   9:      30320 bytes,    6460984 total
[2024-05-29T15:24:19.974+0000][1][gc,age      ] GC(23) - age  10:      32504 bytes,    6493488 total
[2024-05-29T15:24:19.974+0000][1][gc,age      ] GC(23) - age  11:     269384 bytes,    6762872 total
[2024-05-29T15:24:19.974+0000][1][gc,age      ] GC(23) - age  12:     338328 bytes,    7101200 total
[2024-05-29T15:24:19.974+0000][1][gc,age      ] GC(23) - age  13:    2130880 bytes,    9232080 total
[2024-05-29T15:24:19.975+0000][1][gc,age      ] GC(23) - age  14:       4320 bytes,    9236400 total
[2024-05-29T15:24:19.975+0000][1][gc,age      ] GC(23) - age  15:     550736 bytes,    9787136 total
[2024-05-29T15:24:19.975+0000][1][gc,heap     ] GC(23) Eden regions: 1223->0(1223)
[2024-05-29T15:24:19.975+0000][1][gc,heap     ] GC(23) Survivor regions: 5->5(154)
[2024-05-29T15:24:19.975+0000][1][gc,heap     ] GC(23) Old regions: 18->19
[2024-05-29T15:24:19.975+0000][1][gc,heap     ] GC(23) Humongous regions: 18->0
[2024-05-29T15:24:19.975+0000][1][gc,metaspace] GC(23) Metaspace: 91992K(93440K)->91992K(93440K) NonClass: 80396K(81152K)->80396K(81152K) Class: 11595K(12288K)->11595K(12288K)
[2024-05-29T15:24:19.975+0000][1][gc          ] GC(23) Pause Young (Normal) (G1 Evacuation Pause) 2527M->47M(4096M) 44.543ms
[2024-05-29T15:24:19.975+0000][1][gc,cpu      ] GC(23) User=0.04s Sys=0.00s Real=0.04s
[2024-05-29T15:24:19.975+0000][1][safepoint   ] Safepoint "G1CollectForAllocation", Time since last: 19085154341 ns, Reaching safepoint: 42542 ns, Cleanup: 4946 ns, At safepoint: 44613755 ns, Total: 44661243 ns
[2024-05-29T15:24:20.975+0000][1][safepoint   ] Safepoint "Cleanup", Time since last: 1000211244 ns, Reaching safepoint: 16052 ns, Cleanup: 15132 ns, At safepoint: 3671 ns, Total: 34855 ns
[2024-05-29T15:24:34.888+0000][1][safepoint   ] Safepoint "Cleanup", Time since last: 13912743537 ns, Reaching safepoint: 46752 ns, Cleanup: 14443 ns, At safepoint: 3848 ns, Total: 65043 ns
[2024-05-29T15:24:39.891+0000][1][safepoint   ] Safepoint "Cleanup", Time since last: 5002772118 ns, Reaching safepoint: 136003 ns, Cleanup: 11795 ns, At safepoint: 8517 ns, Total: 156315 ns
[2024-05-29T15:24:40.891+0000][1][safepoint   ] Safepoint "Cleanup", Time since last: 1000140227 ns, Reaching safepoint: 15669 ns, Cleanup: 15854 ns, At safepoint: 3013 ns, Total: 34536 ns
[2024-05-29T15:24:57.893+0000][1][safepoint   ] Safepoint "Cleanup", Time since last: 17001981366 ns, Reaching safepoint: 40335 ns, Cleanup: 15206 ns, At safepoint: 3250 ns, Total: 58791 ns
[2024-05-29T15:25:10.895+0000][1][safepoint   ] Safepoint "Cleanup", Time since last: 13002259878 ns, Reaching safepoint: 20016 ns, Cleanup: 36528 ns, At safepoint: 5066 ns, Total: 61610 ns
[2024-05-29T15:25:14.896+0000][1][safepoint   ] Safepoint "Cleanup", Time since last: 4000537661 ns, Reaching safepoint: 40260 ns, Cleanup: 18502 ns, At safepoint: 5790 ns, Total: 64552 ns
[2024-05-29T15:27:17.939+0000][1][safepoint   ] Safepoint "Cleanup", Time since last: 123042877646 ns, Reaching safepoint: 35917 ns, Cleanup: 18619 ns, At safepoint: 5188 ns, Total: 59724 ns
[2024-05-29T15:27:31.940+0000][1][safepoint   ] Safepoint "Cleanup", Time since last: 14001498270 ns, Reaching safepoint: 40537 ns, Cleanup: 20214 ns, At safepoint: 6961 ns, Total: 67712 ns
[2024-05-29T15:27:37.941+0000][1][safepoint   ] Safepoint "Cleanup", Time since last: 6000670350 ns, Reaching safepoint: 40111 ns, Cleanup: 17539 ns, At safepoint: 4122 ns, Total: 61772 ns
[2024-05-29T15:27:38.941+0000][1][safepoint   ] Safepoint "Cleanup", Time since last: 1000144366 ns, Reaching safepoint: 12500 ns, Cleanup: 12277 ns, At safepoint: 2816 ns, Total: 27593 ns
[2024-05-29T15:30:00.969+0000][1][safepoint   ] Safepoint "Cleanup", Time since last: 142027519215 ns, Reaching safepoint: 60714 ns, Cleanup: 23606 ns, At safepoint: 5311 ns, Total: 89631 ns
[2024-05-29T15:30:09.977+0000][1][safepoint   ] Safepoint "Cleanup", Time since last: 9008275933 ns, Reaching safepoint: 118405 ns, Cleanup: 13260 ns, At safepoint: 10090 ns, Total: 141755 ns
[2024-05-29T15:30:10.978+0000][1][safepoint   ] Safepoint "Cleanup", Time since last: 1000307583 ns, Reaching safepoint: 16111 ns, Cleanup: 23100 ns, At safepoint: 4044 ns, Total: 43255 ns
[2024-05-29T15:30:20.495+0000][1][gc,start    ] GC(24) Pause Young (Normal) (G1 Evacuation Pause)
[2024-05-29T15:30:20.495+0000][1][gc,task     ] GC(24) Using 2 workers of 2 for evacuation
[2024-05-29T15:30:20.495+0000][1][gc,age      ] GC(24) Desired survivor size 161480704 bytes, new threshold 15 (max threshold 15)
[2024-05-29T15:30:20.520+0000][1][gc,phases   ] GC(24)   Pre Evacuate Collection Set: 0.7ms
[2024-05-29T15:30:20.520+0000][1][gc,phases   ] GC(24)   Merge Heap Roots: 0.3ms
[2024-05-29T15:30:20.520+0000][1][gc,phases   ] GC(24)   Evacuate Collection Set: 20.8ms
[2024-05-29T15:30:20.520+0000][1][gc,phases   ] GC(24)   Post Evacuate Collection Set: 3.1ms
[2024-05-29T15:30:20.520+0000][1][gc,phases   ] GC(24)   Other: 0.2ms
[2024-05-29T15:30:20.520+0000][1][gc,age      ] GC(24) Age table with threshold 15 (max threshold 15)
[2024-05-29T15:30:20.520+0000][1][gc,age      ] GC(24) - age   1:    6766912 bytes,    6766912 total
[2024-05-29T15:30:20.520+0000][1][gc,age      ] GC(24) - age   2:      29600 bytes,    6796512 total
[2024-05-29T15:30:20.520+0000][1][gc,age      ] GC(24) - age   3:      26208 bytes,    6822720 total
[2024-05-29T15:30:20.520+0000][1][gc,age      ] GC(24) - age   4:      28968 bytes,    6851688 total
[2024-05-29T15:30:20.520+0000][1][gc,age      ] GC(24) - age   5:      26480 bytes,    6878168 total
[2024-05-29T15:30:20.520+0000][1][gc,age      ] GC(24) - age   6:      36960 bytes,    6915128 total
[2024-05-29T15:30:20.520+0000][1][gc,age      ] GC(24) - age   7:     266528 bytes,    7181656 total
[2024-05-29T15:30:20.520+0000][1][gc,age      ] GC(24) - age   8:      25296 bytes,    7206952 total
[2024-05-29T15:30:20.520+0000][1][gc,age      ] GC(24) - age   9:      54176 bytes,    7261128 total
[2024-05-29T15:30:20.521+0000][1][gc,age      ] GC(24) - age  10:      30240 bytes,    7291368 total
[2024-05-29T15:30:20.521+0000][1][gc,age      ] GC(24) - age  11:      32504 bytes,    7323872 total
[2024-05-29T15:30:20.521+0000][1][gc,age      ] GC(24) - age  12:     269352 bytes,    7593224 total
[2024-05-29T15:30:20.521+0000][1][gc,age      ] GC(24) - age  13:     338328 bytes,    7931552 total
[2024-05-29T15:30:20.521+0000][1][gc,age      ] GC(24) - age  14:    2130880 bytes,   10062432 total
[2024-05-29T15:30:20.521+0000][1][gc,age      ] GC(24) - age  15:       4320 bytes,   10066752 total
[2024-05-29T15:30:20.521+0000][1][gc,heap     ] GC(24) Eden regions: 1223->0(1223)
[2024-05-29T15:30:20.521+0000][1][gc,heap     ] GC(24) Survivor regions: 5->5(154)
[2024-05-29T15:30:20.521+0000][1][gc,heap     ] GC(24) Old regions: 19->19
[2024-05-29T15:30:20.521+0000][1][gc,heap     ] GC(24) Humongous regions: 20->0
[2024-05-29T15:30:20.521+0000][1][gc,metaspace] GC(24) Metaspace: 92032K(93504K)->92032K(93504K) NonClass: 80436K(81216K)->80436K(81216K) Class: 11595K(12288K)->11595K(12288K)
[2024-05-29T15:30:20.521+0000][1][gc          ] GC(24) Pause Young (Normal) (G1 Evacuation Pause) 2532M->47M(4096M) 25.540ms
[2024-05-29T15:30:20.521+0000][1][gc,cpu      ] GC(24) User=0.04s Sys=0.00s Real=0.03s
[2024-05-29T15:30:20.521+0000][1][safepoint   ] Safepoint "G1CollectForAllocation", Time since last: 9517456816 ns, Reaching safepoint: 11264 ns, Cleanup: 18144 ns, At safepoint: 25613167 ns, Total: 25642575 ns
[2024-05-29T15:30:21.521+0000][1][safepoint   ] Safepoint "Cleanup", Time since last: 1000199351 ns, Reaching safepoint: 16613 ns, Cleanup: 15822 ns, At safepoint: 3716 ns, Total: 36151 ns
[2024-05-29T15:30:32.088+0000][1][safepoint   ] Safepoint "Cleanup", Time since last: 10567225090 ns, Reaching safepoint: 15955 ns, Cleanup: 14545 ns, At safepoint: 4336 ns, Total: 34836 ns
[2024-05-29T15:30:40.089+0000][1][safepoint   ] Safepoint "Cleanup", Time since last: 8000795769 ns, Reaching safepoint: 203810 ns, Cleanup: 24219 ns, At safepoint: 14057 ns, Total: 242086 ns
[2024-05-29T15:30:41.093+0000][1][safepoint   ] Safepoint "Cleanup", Time since last: 1003293765 ns, Reaching safepoint: 110618 ns, Cleanup: 16230 ns, At safepoint: 9978 ns, Total: 136826 ns
[2024-05-29T15:30:51.095+0000][1][safepoint   ] Safepoint "Cleanup", Time since last: 10002558901 ns, Reaching safepoint: 14785 ns, Cleanup: 14218 ns, At safepoint: 4437 ns, Total: 33440 ns
[2024-05-29T15:32:20.129+0000][1][safepoint   ] Safepoint "Cleanup", Time since last: 89033740267 ns, Reaching safepoint: 192850 ns, Cleanup: 13252 ns, At safepoint: 13378 ns, Total: 219480 ns
[2024-05-29T15:32:21.130+0000][1][safepoint   ] Safepoint "Cleanup", Time since last: 1000470037 ns, Reaching safepoint: 13927 ns, Cleanup: 14956 ns, At safepoint: 3726 ns, Total: 32609 ns
[2024-05-29T15:34:08.194+0000][1][safepoint   ] Safepoint "Cleanup", Time since last: 107064590242 ns, Reaching safepoint: 123102 ns, Cleanup: 12733 ns, At safepoint: 14923 ns, Total: 150758 ns
[2024-05-29T15:34:09.195+0000][1][safepoint   ] Safepoint "Cleanup", Time since last: 1000329335 ns, Reaching safepoint: 12734 ns, Cleanup: 14393 ns, At safepoint: 2890 ns, Total: 30017 ns
[2024-05-29T15:34:10.568+0000][1][gc,start    ] GC(25) Pause Young (Normal) (G1 Evacuation Pause)
[2024-05-29T15:34:10.568+0000][1][gc,task     ] GC(25) Using 2 workers of 2 for evacuation
[2024-05-29T15:34:10.568+0000][1][gc,age      ] GC(25) Desired survivor size 161480704 bytes, new threshold 15 (max threshold 15)
[2024-05-29T15:34:10.588+0000][1][gc,phases   ] GC(25)   Pre Evacuate Collection Set: 1.1ms
[2024-05-29T15:34:10.589+0000][1][gc,phases   ] GC(25)   Merge Heap Roots: 0.5ms
[2024-05-29T15:34:10.589+0000][1][gc,phases   ] GC(25)   Evacuate Collection Set: 14.9ms
[2024-05-29T15:34:10.589+0000][1][gc,phases   ] GC(25)   Post Evacuate Collection Set: 3.8ms
[2024-05-29T15:34:10.589+0000][1][gc,phases   ] GC(25)   Other: 0.2ms
[2024-05-29T15:34:10.589+0000][1][gc,age      ] GC(25) Age table with threshold 15 (max threshold 15)
[2024-05-29T15:34:10.589+0000][1][gc,age      ] GC(25) - age   1:    2723296 bytes,    2723296 total
[2024-05-29T15:34:10.589+0000][1][gc,age      ] GC(25) - age   2:      27624 bytes,    2750920 total
[2024-05-29T15:34:10.589+0000][1][gc,age      ] GC(25) - age   3:      29600 bytes,    2780520 total
[2024-05-29T15:34:10.589+0000][1][gc,age      ] GC(25) - age   4:      26208 bytes,    2806728 total
[2024-05-29T15:34:10.589+0000][1][gc,age      ] GC(25) - age   5:      28968 bytes,    2835696 total
[2024-05-29T15:34:10.589+0000][1][gc,age      ] GC(25) - age   6:      26480 bytes,    2862176 total
[2024-05-29T15:34:10.589+0000][1][gc,age      ] GC(25) - age   7:      36808 bytes,    2898984 total
[2024-05-29T15:34:10.589+0000][1][gc,age      ] GC(25) - age   8:     266528 bytes,    3165512 total
[2024-05-29T15:34:10.589+0000][1][gc,age      ] GC(25) - age   9:      25296 bytes,    3190808 total
[2024-05-29T15:34:10.589+0000][1][gc,age      ] GC(25) - age  10:      54176 bytes,    3244984 total
[2024-05-29T15:34:10.589+0000][1][gc,age      ] GC(25) - age  11:      30240 bytes,    3275224 total
[2024-05-29T15:34:10.589+0000][1][gc,age      ] GC(25) - age  12:      32504 bytes,    3307728 total
[2024-05-29T15:34:10.589+0000][1][gc,age      ] GC(25) - age  13:     269352 bytes,    3577080 total
[2024-05-29T15:34:10.589+0000][1][gc,age      ] GC(25) - age  14:     338328 bytes,    3915408 total
[2024-05-29T15:34:10.589+0000][1][gc,age      ] GC(25) - age  15:    2130880 bytes,    6046288 total
[2024-05-29T15:34:10.589+0000][1][gc,heap     ] GC(25) Eden regions: 1223->0(1224)
[2024-05-29T15:34:10.589+0000][1][gc,heap     ] GC(25) Survivor regions: 5->4(154)
[2024-05-29T15:34:10.589+0000][1][gc,heap     ] GC(25) Old regions: 19->19
[2024-05-29T15:34:10.589+0000][1][gc,heap     ] GC(25) Humongous regions: 22->0
[2024-05-29T15:34:10.589+0000][1][gc,metaspace] GC(25) Metaspace: 92040K(93504K)->92040K(93504K) NonClass: 80444K(81216K)->80444K(81216K) Class: 11595K(12288K)->11595K(12288K)
[2024-05-29T15:34:10.589+0000][1][gc          ] GC(25) Pause Young (Normal) (G1 Evacuation Pause) 2537M->44M(4096M) 20.980ms
[2024-05-29T15:34:10.589+0000][1][gc,cpu      ] GC(25) User=0.02s Sys=0.00s Real=0.03s
[2024-05-29T15:34:10.589+0000][1][safepoint   ] Safepoint "G1CollectForAllocation", Time since last: 1373031026 ns, Reaching safepoint: 13362 ns, Cleanup: 16899 ns, At safepoint: 21079571 ns, Total: 21109832 ns
[2024-05-29T15:34:11.589+0000][1][safepoint   ] Safepoint "Cleanup", Time since last: 1000133578 ns, Reaching safepoint: 15685 ns, Cleanup: 13961 ns, At safepoint: 4040 ns, Total: 33686 ns
[2024-05-29T15:34:20.591+0000][1][safepoint   ] Safepoint "Cleanup", Time since last: 9001708112 ns, Reaching safepoint: 17801 ns, Cleanup: 18887 ns, At safepoint: 4100 ns, Total: 40788 ns
[2024-05-29T15:35:21.235+0000][1][safepoint   ] Safepoint "Cleanup", Time since last: 60644251351 ns, Reaching safepoint: 39080 ns, Cleanup: 17334 ns, At safepoint: 4527 ns, Total: 60941 ns
[2024-05-29T15:35:30.273+0000][1][safepoint   ] Safepoint "Cleanup", Time since last: 9037168031 ns, Reaching safepoint: 159682 ns, Cleanup: 13468 ns, At safepoint: 13165 ns, Total: 186315 ns
[2024-05-29T15:35:31.273+0000][1][safepoint   ] Safepoint "Cleanup", Time since last: 1000159893 ns, Reaching safepoint: 105362 ns, Cleanup: 22197 ns, At safepoint: 7665 ns, Total: 135224 ns
[2024-05-29T15:35:32.273+0000][1][safepoint   ] Safepoint "Cleanup", Time since last: 1000166755 ns, Reaching safepoint: 14820 ns, Cleanup: 15165 ns, At safepoint: 4285 ns, Total: 34270 ns
[2024-05-29T15:35:41.274+0000][1][safepoint   ] Safepoint "Cleanup", Time since last: 9000994412 ns, Reaching safepoint: 15880 ns, Cleanup: 18157 ns, At safepoint: 4262 ns, Total: 38299 ns
[2024-05-29T15:35:50.765+0000][1][gc,start    ] GC(26) Pause Young (Normal) (G1 Evacuation Pause)
[2024-05-29T15:35:50.765+0000][1][gc,task     ] GC(26) Using 2 workers of 2 for evacuation
[2024-05-29T15:35:50.765+0000][1][gc,age      ] GC(26) Desired survivor size 161480704 bytes, new threshold 15 (max threshold 15)
[2024-05-29T15:35:50.783+0000][1][gc,phases   ] GC(26)   Pre Evacuate Collection Set: 2.6ms
[2024-05-29T15:35:50.783+0000][1][gc,phases   ] GC(26)   Merge Heap Roots: 0.2ms
[2024-05-29T15:35:50.783+0000][1][gc,phases   ] GC(26)   Evacuate Collection Set: 11.7ms
[2024-05-29T15:35:50.783+0000][1][gc,phases   ] GC(26)   Post Evacuate Collection Set: 3.4ms
[2024-05-29T15:35:50.783+0000][1][gc,phases   ] GC(26)   Other: 0.2ms
[2024-05-29T15:35:50.783+0000][1][gc,age      ] GC(26) Age table with threshold 15 (max threshold 15)
[2024-05-29T15:35:50.783+0000][1][gc,age      ] GC(26) - age   1:    4492136 bytes,    4492136 total
[2024-05-29T15:35:50.783+0000][1][gc,age      ] GC(26) - age   2:      25760 bytes,    4517896 total
[2024-05-29T15:35:50.783+0000][1][gc,age      ] GC(26) - age   3:      27536 bytes,    4545432 total
[2024-05-29T15:35:50.783+0000][1][gc,age      ] GC(26) - age   4:      29600 bytes,    4575032 total
[2024-05-29T15:35:50.783+0000][1][gc,age      ] GC(26) - age   5:      26208 bytes,    4601240 total
[2024-05-29T15:35:50.783+0000][1][gc,age      ] GC(26) - age   6:      28968 bytes,    4630208 total
[2024-05-29T15:35:50.783+0000][1][gc,age      ] GC(26) - age   7:      26480 bytes,    4656688 total
[2024-05-29T15:35:50.783+0000][1][gc,age      ] GC(26) - age   8:      36656 bytes,    4693344 total
[2024-05-29T15:35:50.783+0000][1][gc,age      ] GC(26) - age   9:     266528 bytes,    4959872 total
[2024-05-29T15:35:50.783+0000][1][gc,age      ] GC(26) - age  10:      25296 bytes,    4985168 total
[2024-05-29T15:35:50.783+0000][1][gc,age      ] GC(26) - age  11:      54176 bytes,    5039344 total
[2024-05-29T15:35:50.783+0000][1][gc,age      ] GC(26) - age  12:      30240 bytes,    5069584 total
[2024-05-29T15:35:50.783+0000][1][gc,age      ] GC(26) - age  13:      32504 bytes,    5102088 total
[2024-05-29T15:35:50.783+0000][1][gc,age      ] GC(26) - age  14:     269352 bytes,    5371440 total
[2024-05-29T15:35:50.783+0000][1][gc,age      ] GC(26) - age  15:     338328 bytes,    5709768 total
[2024-05-29T15:35:50.783+0000][1][gc,heap     ] GC(26) Eden regions: 1224->0(1224)
[2024-05-29T15:35:50.783+0000][1][gc,heap     ] GC(26) Survivor regions: 4->4(154)
[2024-05-29T15:35:50.783+0000][1][gc,heap     ] GC(26) Old regions: 19->20
[2024-05-29T15:35:50.783+0000][1][gc,heap     ] GC(26) Humongous regions: 16->0
[2024-05-29T15:35:50.783+0000][1][gc,metaspace] GC(26) Metaspace: 92086K(93568K)->92086K(93568K) NonClass: 80490K(81280K)->80490K(81280K) Class: 11595K(12288K)->11595K(12288K)
[2024-05-29T15:35:50.783+0000][1][gc          ] GC(26) Pause Young (Normal) (G1 Evacuation Pause) 2524M->46M(4096M) 18.333ms
[2024-05-29T15:35:50.783+0000][1][gc,cpu      ] GC(26) User=0.03s Sys=0.00s Real=0.02s
[2024-05-29T15:35:50.783+0000][1][safepoint   ] Safepoint "G1CollectForAllocation", Time since last: 9490940135 ns, Reaching safepoint: 13053 ns, Cleanup: 5886 ns, At safepoint: 18409833 ns, Total: 18428772 ns
[2024-05-29T15:36:11.786+0000][1][safepoint   ] Safepoint "Cleanup", Time since last: 21002202120 ns, Reaching safepoint: 47756 ns, Cleanup: 20149 ns, At safepoint: 3966 ns, Total: 71871 ns
[2024-05-29T15:36:24.787+0000][1][safepoint   ] Safepoint "Cleanup", Time since last: 13001611324 ns, Reaching safepoint: 92207 ns, Cleanup: 11059 ns, At safepoint: 10257 ns, Total: 113523 ns
[2024-05-29T15:36:31.308+0000][1][safepoint   ] Safepoint "Cleanup", Time since last: 6520048427 ns, Reaching safepoint: 121711 ns, Cleanup: 15473 ns, At safepoint: 8579 ns, Total: 145763 ns
[2024-05-29T15:36:41.312+0000][1][safepoint   ] Safepoint "Cleanup", Time since last: 10004590553 ns, Reaching safepoint: 16535 ns, Cleanup: 24121 ns, At safepoint: 4744 ns, Total: 45400 ns
[2024-05-29T15:37:01.296+0000][1][gc,start    ] GC(27) Pause Young (Normal) (G1 Evacuation Pause)
[2024-05-29T15:37:01.296+0000][1][gc,task     ] GC(27) Using 2 workers of 2 for evacuation
[2024-05-29T15:37:01.296+0000][1][gc,age      ] GC(27) Desired survivor size 161480704 bytes, new threshold 15 (max threshold 15)
[2024-05-29T15:37:01.310+0000][1][gc,phases   ] GC(27)   Pre Evacuate Collection Set: 0.6ms
[2024-05-29T15:37:01.310+0000][1][gc,phases   ] GC(27)   Merge Heap Roots: 0.2ms
[2024-05-29T15:37:01.310+0000][1][gc,phases   ] GC(27)   Evacuate Collection Set: 10.9ms
[2024-05-29T15:37:01.310+0000][1][gc,phases   ] GC(27)   Post Evacuate Collection Set: 2.3ms
[2024-05-29T15:37:01.310+0000][1][gc,phases   ] GC(27)   Other: 0.1ms
[2024-05-29T15:37:01.310+0000][1][gc,age      ] GC(27) Age table with threshold 15 (max threshold 15)
[2024-05-29T15:37:01.310+0000][1][gc,age      ] GC(27) - age   1:    4233768 bytes,    4233768 total
[2024-05-29T15:37:01.310+0000][1][gc,age      ] GC(27) - age   2:      26392 bytes,    4260160 total
[2024-05-29T15:37:01.310+0000][1][gc,age      ] GC(27) - age   3:      25584 bytes,    4285744 total
[2024-05-29T15:37:01.310+0000][1][gc,age      ] GC(27) - age   4:      27536 bytes,    4313280 total
[2024-05-29T15:37:01.310+0000][1][gc,age      ] GC(27) - age   5:      29600 bytes,    4342880 total
[2024-05-29T15:37:01.310+0000][1][gc,age      ] GC(27) - age   6:      26208 bytes,    4369088 total
[2024-05-29T15:37:01.310+0000][1][gc,age      ] GC(27) - age   7:      28968 bytes,    4398056 total
[2024-05-29T15:37:01.310+0000][1][gc,age      ] GC(27) - age   8:      26480 bytes,    4424536 total
[2024-05-29T15:37:01.310+0000][1][gc,age      ] GC(27) - age   9:      36656 bytes,    4461192 total
[2024-05-29T15:37:01.310+0000][1][gc,age      ] GC(27) - age  10:     266528 bytes,    4727720 total
[2024-05-29T15:37:01.310+0000][1][gc,age      ] GC(27) - age  11:      25296 bytes,    4753016 total
[2024-05-29T15:37:01.310+0000][1][gc,age      ] GC(27) - age  12:      54176 bytes,    4807192 total
[2024-05-29T15:37:01.310+0000][1][gc,age      ] GC(27) - age  13:      30240 bytes,    4837432 total
[2024-05-29T15:37:01.310+0000][1][gc,age      ] GC(27) - age  14:      32504 bytes,    4869936 total
[2024-05-29T15:37:01.310+0000][1][gc,age      ] GC(27) - age  15:     269352 bytes,    5139288 total
[2024-05-29T15:37:01.310+0000][1][gc,heap     ] GC(27) Eden regions: 1224->0(1225)
[2024-05-29T15:37:01.310+0000][1][gc,heap     ] GC(27) Survivor regions: 4->3(154)
[2024-05-29T15:37:01.310+0000][1][gc,heap     ] GC(27) Old regions: 20->21
[2024-05-29T15:37:01.310+0000][1][gc,heap     ] GC(27) Humongous regions: 14->0
[2024-05-29T15:37:01.310+0000][1][gc,metaspace] GC(27) Metaspace: 92155K(93632K)->92155K(93632K) NonClass: 80559K(81344K)->80559K(81344K) Class: 11595K(12288K)->11595K(12288K)
[2024-05-29T15:37:01.310+0000][1][gc          ] GC(27) Pause Young (Normal) (G1 Evacuation Pause) 2522M->45M(4096M) 14.513ms
[2024-05-29T15:37:01.310+0000][1][gc,cpu      ] GC(27) User=0.03s Sys=0.00s Real=0.02s
[2024-05-29T15:37:01.310+0000][1][safepoint   ] Safepoint "G1CollectForAllocation", Time since last: 19983218244 ns, Reaching safepoint: 106584 ns, Cleanup: 4415 ns, At safepoint: 14597536 ns, Total: 14708535 ns
[2024-05-29T15:37:11.311+0000][1][safepoint   ] Safepoint "Cleanup", Time since last: 10000965434 ns, Reaching safepoint: 15152 ns, Cleanup: 20826 ns, At safepoint: 3897 ns, Total: 39875 ns
[2024-05-29T15:37:21.313+0000][1][safepoint   ] Safepoint "Cleanup", Time since last: 10001329312 ns, Reaching safepoint: 89814 ns, Cleanup: 15707 ns, At safepoint: 8424 ns, Total: 113945 ns
[2024-05-29T15:37:22.313+0000][1][safepoint   ] Safepoint "Cleanup", Time since last: 1000503841 ns, Reaching safepoint: 16110 ns, Cleanup: 26382 ns, At safepoint: 4042 ns, Total: 46534 ns
[2024-05-29T15:37:31.354+0000][1][safepoint   ] Safepoint "Cleanup", Time since last: 9040368747 ns, Reaching safepoint: 17239 ns, Cleanup: 25128 ns, At safepoint: 4140 ns, Total: 46507 ns
[2024-05-29T15:37:38.354+0000][1][safepoint   ] Safepoint "Cleanup", Time since last: 7000755227 ns, Reaching safepoint: 37629 ns, Cleanup: 36506 ns, At safepoint: 3651 ns, Total: 77786 ns
[2024-05-29T15:37:39.355+0000][1][safepoint   ] Safepoint "Cleanup", Time since last: 1000158950 ns, Reaching safepoint: 16306 ns, Cleanup: 13278 ns, At safepoint: 3223 ns, Total: 32807 ns
[2024-05-29T15:37:51.357+0000][1][safepoint   ] Safepoint "Cleanup", Time since last: 12002376026 ns, Reaching safepoint: 15448 ns, Cleanup: 13985 ns, At safepoint: 3996 ns, Total: 33429 ns
[2024-05-29T15:38:01.358+0000][1][safepoint   ] Safepoint "Cleanup", Time since last: 10001056014 ns, Reaching safepoint: 103283 ns, Cleanup: 13078 ns, At safepoint: 9749 ns, Total: 126110 ns
[2024-05-29T15:38:11.359+0000][1][safepoint   ] Safepoint "Cleanup", Time since last: 10001134478 ns, Reaching safepoint: 115680 ns, Cleanup: 14372 ns, At safepoint: 8229 ns, Total: 138281 ns
[2024-05-29T15:38:12.360+0000][1][safepoint   ] Safepoint "Cleanup", Time since last: 1000328426 ns, Reaching safepoint: 15991 ns, Cleanup: 15374 ns, At safepoint: 4530 ns, Total: 35895 ns
[2024-05-29T15:38:20.911+0000][1][gc,start    ] GC(28) Pause Young (Normal) (G1 Evacuation Pause)
[2024-05-29T15:38:20.911+0000][1][gc,task     ] GC(28) Using 2 workers of 2 for evacuation
[2024-05-29T15:38:20.911+0000][1][gc,age      ] GC(28) Desired survivor size 161480704 bytes, new threshold 15 (max threshold 15)
[2024-05-29T15:38:20.923+0000][1][gc,phases   ] GC(28)   Pre Evacuate Collection Set: 0.7ms
[2024-05-29T15:38:20.923+0000][1][gc,phases   ] GC(28)   Merge Heap Roots: 0.2ms
[2024-05-29T15:38:20.923+0000][1][gc,phases   ] GC(28)   Evacuate Collection Set: 8.0ms
[2024-05-29T15:38:20.923+0000][1][gc,phases   ] GC(28)   Post Evacuate Collection Set: 2.7ms
[2024-05-29T15:38:20.923+0000][1][gc,phases   ] GC(28)   Other: 0.2ms
[2024-05-29T15:38:20.923+0000][1][gc,age      ] GC(28) Age table with threshold 15 (max threshold 15)
[2024-05-29T15:38:20.923+0000][1][gc,age      ] GC(28) - age   1:    3798256 bytes,    3798256 total
[2024-05-29T15:38:20.923+0000][1][gc,age      ] GC(28) - age   2:      24704 bytes,    3822960 total
[2024-05-29T15:38:20.923+0000][1][gc,age      ] GC(28) - age   3:      26184 bytes,    3849144 total
[2024-05-29T15:38:20.923+0000][1][gc,age      ] GC(28) - age   4:      24768 bytes,    3873912 total
[2024-05-29T15:38:20.923+0000][1][gc,age      ] GC(28) - age   5:      26688 bytes,    3900600 total
[2024-05-29T15:38:20.923+0000][1][gc,age      ] GC(28) - age   6:      29600 bytes,    3930200 total
[2024-05-29T15:38:20.923+0000][1][gc,age      ] GC(28) - age   7:      26208 bytes,    3956408 total
[2024-05-29T15:38:20.923+0000][1][gc,age      ] GC(28) - age   8:      28968 bytes,    3985376 total
[2024-05-29T15:38:20.923+0000][1][gc,age      ] GC(28) - age   9:      26328 bytes,    4011704 total
[2024-05-29T15:38:20.923+0000][1][gc,age      ] GC(28) - age  10:      36656 bytes,    4048360 total
[2024-05-29T15:38:20.923+0000][1][gc,age      ] GC(28) - age  11:     266528 bytes,    4314888 total
[2024-05-29T15:38:20.923+0000][1][gc,age      ] GC(28) - age  12:      25296 bytes,    4340184 total
[2024-05-29T15:38:20.923+0000][1][gc,age      ] GC(28) - age  13:      54176 bytes,    4394360 total
[2024-05-29T15:38:20.923+0000][1][gc,age      ] GC(28) - age  14:      30240 bytes,    4424600 total
[2024-05-29T15:38:20.923+0000][1][gc,age      ] GC(28) - age  15:      32504 bytes,    4457104 total
[2024-05-29T15:38:20.923+0000][1][gc,heap     ] GC(28) Eden regions: 1225->0(1225)
[2024-05-29T15:38:20.923+0000][1][gc,heap     ] GC(28) Survivor regions: 3->3(154)
[2024-05-29T15:38:20.923+0000][1][gc,heap     ] GC(28) Old regions: 21->21
[2024-05-29T15:38:20.923+0000][1][gc,heap     ] GC(28) Humongous regions: 16->0
[2024-05-29T15:38:20.923+0000][1][gc,metaspace] GC(28) Metaspace: 92212K(93696K)->92212K(93696K) NonClass: 80617K(81408K)->80617K(81408K) Class: 11595K(12288K)->11595K(12288K)
[2024-05-29T15:38:20.923+0000][1][gc          ] GC(28) Pause Young (Normal) (G1 Evacuation Pause) 2527M->45M(4096M) 12.129ms
[2024-05-29T15:38:20.923+0000][1][gc,cpu      ] GC(28) User=0.02s Sys=0.01s Real=0.01s
[2024-05-29T15:38:20.923+0000][1][safepoint   ] Safepoint "G1CollectForAllocation", Time since last: 8551197951 ns, Reaching safepoint: 150363 ns, Cleanup: 5372 ns, At safepoint: 12208192 ns, Total: 12363927 ns
[2024-05-29T15:38:21.924+0000][1][safepoint   ] Safepoint "Cleanup", Time since last: 1000125665 ns, Reaching safepoint: 15851 ns, Cleanup: 16037 ns, At safepoint: 3739 ns, Total: 35627 ns
[2024-05-29T15:38:31.383+0000][1][safepoint   ] Safepoint "Cleanup", Time since last: 9459324527 ns, Reaching safepoint: 91844 ns, Cleanup: 16984 ns, At safepoint: 10080 ns, Total: 118908 ns
[2024-05-29T15:38:42.385+0000][1][safepoint   ] Safepoint "Cleanup", Time since last: 11001488822 ns, Reaching safepoint: 15244 ns, Cleanup: 13547 ns, At safepoint: 3167 ns, Total: 31958 ns
[2024-05-29T15:39:01.387+0000][1][safepoint   ] Safepoint "Cleanup", Time since last: 19002028502 ns, Reaching safepoint: 15449 ns, Cleanup: 15868 ns, At safepoint: 4111 ns, Total: 35428 ns
[2024-05-29T15:39:11.388+0000][1][safepoint   ] Safepoint "Cleanup", Time since last: 10001153263 ns, Reaching safepoint: 136186 ns, Cleanup: 12626 ns, At safepoint: 12591 ns, Total: 161403 ns
[2024-05-29T15:39:12.388+0000][1][safepoint   ] Safepoint "Cleanup", Time since last: 1000148724 ns, Reaching safepoint: 12410 ns, Cleanup: 18181 ns, At safepoint: 2955 ns, Total: 33546 ns
[2024-05-29T15:39:21.389+0000][1][safepoint   ] Safepoint "Cleanup", Time since last: 9000966684 ns, Reaching safepoint: 90350 ns, Cleanup: 18551 ns, At safepoint: 9105 ns, Total: 118006 ns
[2024-05-29T15:39:31.417+0000][1][safepoint   ] Safepoint "Cleanup", Time since last: 10027469757 ns, Reaching safepoint: 13981 ns, Cleanup: 14272 ns, At safepoint: 4369 ns, Total: 32622 ns
[2024-05-29T15:39:40.594+0000][1][gc,start    ] GC(29) Pause Young (Normal) (G1 Evacuation Pause)
[2024-05-29T15:39:40.594+0000][1][gc,task     ] GC(29) Using 2 workers of 2 for evacuation
[2024-05-29T15:39:40.594+0000][1][gc,age      ] GC(29) Desired survivor size 161480704 bytes, new threshold 15 (max threshold 15)
[2024-05-29T15:39:40.610+0000][1][gc,phases   ] GC(29)   Pre Evacuate Collection Set: 0.7ms
[2024-05-29T15:39:40.610+0000][1][gc,phases   ] GC(29)   Merge Heap Roots: 0.2ms
[2024-05-29T15:39:40.610+0000][1][gc,phases   ] GC(29)   Evacuate Collection Set: 12.3ms
[2024-05-29T15:39:40.610+0000][1][gc,phases   ] GC(29)   Post Evacuate Collection Set: 2.7ms
[2024-05-29T15:39:40.610+0000][1][gc,phases   ] GC(29)   Other: 0.1ms
[2024-05-29T15:39:40.610+0000][1][gc,age      ] GC(29) Age table with threshold 15 (max threshold 15)
[2024-05-29T15:39:40.610+0000][1][gc,age      ] GC(29) - age   1:    4734728 bytes,    4734728 total
[2024-05-29T15:39:40.610+0000][1][gc,age      ] GC(29) - age   2:      26568 bytes,    4761296 total
[2024-05-29T15:39:40.610+0000][1][gc,age      ] GC(29) - age   3:      24616 bytes,    4785912 total
[2024-05-29T15:39:40.610+0000][1][gc,age      ] GC(29) - age   4:      25856 bytes,    4811768 total
[2024-05-29T15:39:40.610+0000][1][gc,age      ] GC(29) - age   5:      24768 bytes,    4836536 total
[2024-05-29T15:39:40.610+0000][1][gc,age      ] GC(29) - age   6:      26688 bytes,    4863224 total
[2024-05-29T15:39:40.610+0000][1][gc,age      ] GC(29) - age   7:      29600 bytes,    4892824 total
[2024-05-29T15:39:40.610+0000][1][gc,age      ] GC(29) - age   8:      26208 bytes,    4919032 total
[2024-05-29T15:39:40.610+0000][1][gc,age      ] GC(29) - age   9:      28888 bytes,    4947920 total
[2024-05-29T15:39:40.610+0000][1][gc,age      ] GC(29) - age  10:      26328 bytes,    4974248 total
[2024-05-29T15:39:40.610+0000][1][gc,age      ] GC(29) - age  11:      36656 bytes,    5010904 total
[2024-05-29T15:39:40.610+0000][1][gc,age      ] GC(29) - age  12:     266528 bytes,    5277432 total
[2024-05-29T15:39:40.610+0000][1][gc,age      ] GC(29) - age  13:      25296 bytes,    5302728 total
[2024-05-29T15:39:40.610+0000][1][gc,age      ] GC(29) - age  14:      54176 bytes,    5356904 total
[2024-05-29T15:39:40.610+0000][1][gc,age      ] GC(29) - age  15:      30240 bytes,    5387144 total
[2024-05-29T15:39:40.610+0000][1][gc,heap     ] GC(29) Eden regions: 1225->0(1225)
[2024-05-29T15:39:40.610+0000][1][gc,heap     ] GC(29) Survivor regions: 3->3(154)
[2024-05-29T15:39:40.610+0000][1][gc,heap     ] GC(29) Old regions: 21->21
[2024-05-29T15:39:40.610+0000][1][gc,heap     ] GC(29) Humongous regions: 14->0
[2024-05-29T15:39:40.610+0000][1][gc,metaspace] GC(29) Metaspace: 92214K(93696K)->92214K(93696K) NonClass: 80618K(81408K)->80618K(81408K) Class: 11595K(12288K)->11595K(12288K)
[2024-05-29T15:39:40.610+0000][1][gc          ] GC(29) Pause Young (Normal) (G1 Evacuation Pause) 2523M->46M(4096M) 16.349ms
[2024-05-29T15:39:40.610+0000][1][gc,cpu      ] GC(29) User=0.03s Sys=0.00s Real=0.02s
[2024-05-29T15:39:40.610+0000][1][safepoint   ] Safepoint "G1CollectForAllocation", Time since last: 9177344920 ns, Reaching safepoint: 42497 ns, Cleanup: 5801 ns, At safepoint: 16426930 ns, Total: 16475228 ns
[2024-05-29T15:39:41.611+0000][1][safepoint   ] Safepoint "Cleanup", Time since last: 1000128854 ns, Reaching safepoint: 15900 ns, Cleanup: 31424 ns, At safepoint: 4464 ns, Total: 51788 ns
[2024-05-29T15:39:51.612+0000][1][safepoint   ] Safepoint "Cleanup", Time since last: 10001129972 ns, Reaching safepoint: 17284 ns, Cleanup: 98863 ns, At safepoint: 5034 ns, Total: 121181 ns
[2024-05-29T15:40:11.615+0000][1][safepoint   ] Safepoint "Cleanup", Time since last: 20002835402 ns, Reaching safepoint: 96086 ns, Cleanup: 15256 ns, At safepoint: 3944 ns, Total: 115286 ns
[2024-05-29T15:40:21.616+0000][1][safepoint   ] Safepoint "Cleanup", Time since last: 10001188731 ns, Reaching safepoint: 17521 ns, Cleanup: 18781 ns, At safepoint: 4015 ns, Total: 40317 ns
[2024-05-29T15:40:31.451+0000][1][safepoint   ] Safepoint "Cleanup", Time since last: 9834365762 ns, Reaching safepoint: 111661 ns, Cleanup: 11995 ns, At safepoint: 8178 ns, Total: 131834 ns
[2024-05-29T15:40:41.452+0000][1][safepoint   ] Safepoint "Cleanup", Time since last: 10000990992 ns, Reaching safepoint: 45830 ns, Cleanup: 15114 ns, At safepoint: 6765 ns, Total: 67709 ns
[2024-05-29T15:40:51.281+0000][1][gc,start    ] GC(30) Pause Young (Normal) (G1 Evacuation Pause)
[2024-05-29T15:40:51.281+0000][1][gc,task     ] GC(30) Using 2 workers of 2 for evacuation
[2024-05-29T15:40:51.281+0000][1][gc,age      ] GC(30) Desired survivor size 161480704 bytes, new threshold 15 (max threshold 15)
[2024-05-29T15:40:51.293+0000][1][gc,phases   ] GC(30)   Pre Evacuate Collection Set: 0.7ms
[2024-05-29T15:40:51.293+0000][1][gc,phases   ] GC(30)   Merge Heap Roots: 0.2ms
[2024-05-29T15:40:51.293+0000][1][gc,phases   ] GC(30)   Evacuate Collection Set: 8.4ms
[2024-05-29T15:40:51.293+0000][1][gc,phases   ] GC(30)   Post Evacuate Collection Set: 2.6ms
[2024-05-29T15:40:51.293+0000][1][gc,phases   ] GC(30)   Other: 0.2ms
[2024-05-29T15:40:51.293+0000][1][gc,age      ] GC(30) Age table with threshold 15 (max threshold 15)
[2024-05-29T15:40:51.293+0000][1][gc,age      ] GC(30) - age   1:    4064072 bytes,    4064072 total
[2024-05-29T15:40:51.293+0000][1][gc,age      ] GC(30) - age   2:      25720 bytes,    4089792 total
[2024-05-29T15:40:51.293+0000][1][gc,age      ] GC(30) - age   3:      26480 bytes,    4116272 total
[2024-05-29T15:40:51.293+0000][1][gc,age      ] GC(30) - age   4:      24528 bytes,    4140800 total
[2024-05-29T15:40:51.293+0000][1][gc,age      ] GC(30) - age   5:      25856 bytes,    4166656 total
[2024-05-29T15:40:51.293+0000][1][gc,age      ] GC(30) - age   6:      24768 bytes,    4191424 total
[2024-05-29T15:40:51.293+0000][1][gc,age      ] GC(30) - age   7:      26688 bytes,    4218112 total
[2024-05-29T15:40:51.293+0000][1][gc,age      ] GC(30) - age   8:      29600 bytes,    4247712 total
[2024-05-29T15:40:51.293+0000][1][gc,age      ] GC(30) - age   9:      26208 bytes,    4273920 total
[2024-05-29T15:40:51.293+0000][1][gc,age      ] GC(30) - age  10:      28888 bytes,    4302808 total
[2024-05-29T15:40:51.293+0000][1][gc,age      ] GC(30) - age  11:      26328 bytes,    4329136 total
[2024-05-29T15:40:51.293+0000][1][gc,age      ] GC(30) - age  12:      36656 bytes,    4365792 total
[2024-05-29T15:40:51.293+0000][1][gc,age      ] GC(30) - age  13:     266528 bytes,    4632320 total
[2024-05-29T15:40:51.293+0000][1][gc,age      ] GC(30) - age  14:      25296 bytes,    4657616 total
[2024-05-29T15:40:51.293+0000][1][gc,age      ] GC(30) - age  15:      54176 bytes,    4711792 total
[2024-05-29T15:40:51.293+0000][1][gc,heap     ] GC(30) Eden regions: 1225->0(1225)
[2024-05-29T15:40:51.293+0000][1][gc,heap     ] GC(30) Survivor regions: 3->3(154)
[2024-05-29T15:40:51.293+0000][1][gc,heap     ] GC(30) Old regions: 21->21
[2024-05-29T15:40:51.293+0000][1][gc,heap     ] GC(30) Humongous regions: 16->0
[2024-05-29T15:40:51.293+0000][1][gc,metaspace] GC(30) Metaspace: 92222K(93696K)->92222K(93696K) NonClass: 80626K(81408K)->80626K(81408K) Class: 11595K(12288K)->11595K(12288K)
[2024-05-29T15:40:51.293+0000][1][gc          ] GC(30) Pause Young (Normal) (G1 Evacuation Pause) 2528M->45M(4096M) 12.365ms
[2024-05-29T15:40:51.293+0000][1][gc,cpu      ] GC(30) User=0.02s Sys=0.00s Real=0.01s
[2024-05-29T15:40:51.294+0000][1][safepoint   ] Safepoint "G1CollectForAllocation", Time since last: 9829371142 ns, Reaching safepoint: 43149 ns, Cleanup: 18379 ns, At safepoint: 12531987 ns, Total: 12593515 ns
[2024-05-29T15:40:52.294+0000][1][safepoint   ] Safepoint "Cleanup", Time since last: 1000148595 ns, Reaching safepoint: 15589 ns, Cleanup: 18228 ns, At safepoint: 3894 ns, Total: 37711 ns
[2024-05-29T15:41:11.297+0000][1][safepoint   ] Safepoint "Cleanup", Time since last: 19002544807 ns, Reaching safepoint: 145936 ns, Cleanup: 14360 ns, At safepoint: 13370 ns, Total: 173666 ns
[2024-05-29T15:41:22.299+0000][1][safepoint   ] Safepoint "Cleanup", Time since last: 11001984035 ns, Reaching safepoint: 96965 ns, Cleanup: 13519 ns, At safepoint: 8212 ns, Total: 118696 ns
[2024-05-29T15:41:31.478+0000][1][safepoint   ] Safepoint "Cleanup", Time since last: 9179158559 ns, Reaching safepoint: 17254 ns, Cleanup: 15105 ns, At safepoint: 3230 ns, Total: 35589 ns
[2024-05-29T15:41:41.479+0000][1][safepoint   ] Safepoint "Cleanup", Time since last: 10001191605 ns, Reaching safepoint: 15371 ns, Cleanup: 25228 ns, At safepoint: 3889 ns, Total: 44488 ns
[2024-05-29T15:42:10.853+0000][1][gc,start    ] GC(31) Pause Young (Normal) (G1 Evacuation Pause)
[2024-05-29T15:42:10.853+0000][1][gc,task     ] GC(31) Using 2 workers of 2 for evacuation
[2024-05-29T15:42:10.853+0000][1][gc,age      ] GC(31) Desired survivor size 161480704 bytes, new threshold 15 (max threshold 15)
[2024-05-29T15:42:10.875+0000][1][gc,phases   ] GC(31)   Pre Evacuate Collection Set: 0.6ms
[2024-05-29T15:42:10.875+0000][1][gc,phases   ] GC(31)   Merge Heap Roots: 1.6ms
[2024-05-29T15:42:10.875+0000][1][gc,phases   ] GC(31)   Evacuate Collection Set: 17.5ms
[2024-05-29T15:42:10.875+0000][1][gc,phases   ] GC(31)   Post Evacuate Collection Set: 2.4ms
[2024-05-29T15:42:10.875+0000][1][gc,phases   ] GC(31)   Other: 0.2ms
[2024-05-29T15:42:10.875+0000][1][gc,age      ] GC(31) Age table with threshold 15 (max threshold 15)
[2024-05-29T15:42:10.875+0000][1][gc,age      ] GC(31) - age   1:    4554208 bytes,    4554208 total
[2024-05-29T15:42:10.875+0000][1][gc,age      ] GC(31) - age   2:      26232 bytes,    4580440 total
[2024-05-29T15:42:10.875+0000][1][gc,age      ] GC(31) - age   3:      25424 bytes,    4605864 total
[2024-05-29T15:42:10.875+0000][1][gc,age      ] GC(31) - age   4:      26328 bytes,    4632192 total
[2024-05-29T15:42:10.875+0000][1][gc,age      ] GC(31) - age   5:      24528 bytes,    4656720 total
[2024-05-29T15:42:10.875+0000][1][gc,age      ] GC(31) - age   6:      25856 bytes,    4682576 total
[2024-05-29T15:42:10.875+0000][1][gc,age      ] GC(31) - age   7:      24768 bytes,    4707344 total
[2024-05-29T15:42:10.875+0000][1][gc,age      ] GC(31) - age   8:      26688 bytes,    4734032 total
[2024-05-29T15:42:10.875+0000][1][gc,age      ] GC(31) - age   9:      29600 bytes,    4763632 total
[2024-05-29T15:42:10.875+0000][1][gc,age      ] GC(31) - age  10:      26208 bytes,    4789840 total
[2024-05-29T15:42:10.875+0000][1][gc,age      ] GC(31) - age  11:      28888 bytes,    4818728 total
[2024-05-29T15:42:10.875+0000][1][gc,age      ] GC(31) - age  12:      26328 bytes,    4845056 total
[2024-05-29T15:42:10.875+0000][1][gc,age      ] GC(31) - age  13:      36656 bytes,    4881712 total
[2024-05-29T15:42:10.875+0000][1][gc,age      ] GC(31) - age  14:     266528 bytes,    5148240 total
[2024-05-29T15:42:10.875+0000][1][gc,age      ] GC(31) - age  15:      25296 bytes,    5173536 total
[2024-05-29T15:42:10.875+0000][1][gc,heap     ] GC(31) Eden regions: 1225->0(1225)
[2024-05-29T15:42:10.875+0000][1][gc,heap     ] GC(31) Survivor regions: 3->3(154)
[2024-05-29T15:42:10.875+0000][1][gc,heap     ] GC(31) Old regions: 21->21
[2024-05-29T15:42:10.875+0000][1][gc,heap     ] GC(31) Humongous regions: 16->0
[2024-05-29T15:42:10.875+0000][1][gc,metaspace] GC(31) Metaspace: 92235K(93696K)->92235K(93696K) NonClass: 80639K(81408K)->80639K(81408K) Class: 11595K(12288K)->11595K(12288K)
[2024-05-29T15:42:10.875+0000][1][gc          ] GC(31) Pause Young (Normal) (G1 Evacuation Pause) 2527M->46M(4096M) 22.689ms
[2024-05-29T15:42:10.875+0000][1][gc,cpu      ] GC(31) User=0.03s Sys=0.00s Real=0.02s
[2024-05-29T15:42:10.875+0000][1][safepoint   ] Safepoint "G1CollectForAllocation", Time since last: 29373204561 ns, Reaching safepoint: 345284 ns, Cleanup: 15857 ns, At safepoint: 22768359 ns, Total: 23129500 ns
[2024-05-29T15:42:11.876+0000][1][safepoint   ] Safepoint "Cleanup", Time since last: 1000139984 ns, Reaching safepoint: 15518 ns, Cleanup: 15184 ns, At safepoint: 4162 ns, Total: 34864 ns
[2024-05-29T15:42:21.877+0000][1][safepoint   ] Safepoint "Cleanup", Time since last: 10001138981 ns, Reaching safepoint: 44038 ns, Cleanup: 19251 ns, At safepoint: 3839 ns, Total: 67128 ns
[2024-05-29T15:42:31.507+0000][1][safepoint   ] Safepoint "Cleanup", Time since last: 9629936621 ns, Reaching safepoint: 14039 ns, Cleanup: 14102 ns, At safepoint: 4676 ns, Total: 32817 ns
[2024-05-29T15:42:38.508+0000][1][safepoint   ] Safepoint "Cleanup", Time since last: 7001046375 ns, Reaching safepoint: 40115 ns, Cleanup: 9553 ns, At safepoint: 3192 ns, Total: 52860 ns
[2024-05-29T15:42:41.508+0000][1][safepoint   ] Safepoint "Cleanup", Time since last: 3000362982 ns, Reaching safepoint: 63171 ns, Cleanup: 22754 ns, At safepoint: 6890 ns, Total: 92815 ns
[2024-05-29T15:42:51.509+0000][1][safepoint   ] Safepoint "Cleanup", Time since last: 10001058618 ns, Reaching safepoint: 45721 ns, Cleanup: 15115 ns, At safepoint: 3587 ns, Total: 64423 ns
[2024-05-29T15:43:01.511+0000][1][safepoint   ] Safepoint "Cleanup", Time since last: 10001026910 ns, Reaching safepoint: 91535 ns, Cleanup: 14193 ns, At safepoint: 9538 ns, Total: 115266 ns
[2024-05-29T15:43:21.316+0000][1][gc,start    ] GC(32) Pause Young (Normal) (G1 Evacuation Pause)
[2024-05-29T15:43:21.316+0000][1][gc,task     ] GC(32) Using 2 workers of 2 for evacuation
[2024-05-29T15:43:21.316+0000][1][gc,age      ] GC(32) Desired survivor size 161480704 bytes, new threshold 15 (max threshold 15)
[2024-05-29T15:43:21.333+0000][1][gc,phases   ] GC(32)   Pre Evacuate Collection Set: 0.7ms
[2024-05-29T15:43:21.333+0000][1][gc,phases   ] GC(32)   Merge Heap Roots: 0.2ms
[2024-05-29T15:43:21.333+0000][1][gc,phases   ] GC(32)   Evacuate Collection Set: 12.8ms
[2024-05-29T15:43:21.333+0000][1][gc,phases   ] GC(32)   Post Evacuate Collection Set: 2.8ms
[2024-05-29T15:43:21.333+0000][1][gc,phases   ] GC(32)   Other: 0.1ms
[2024-05-29T15:43:21.333+0000][1][gc,age      ] GC(32) Age table with threshold 15 (max threshold 15)
[2024-05-29T15:43:21.333+0000][1][gc,age      ] GC(32) - age   1:    6762504 bytes,    6762504 total
[2024-05-29T15:43:21.333+0000][1][gc,age      ] GC(32) - age   2:      25248 bytes,    6787752 total
[2024-05-29T15:43:21.333+0000][1][gc,age      ] GC(32) - age   3:      26232 bytes,    6813984 total
[2024-05-29T15:43:21.333+0000][1][gc,age      ] GC(32) - age   4:      25336 bytes,    6839320 total
[2024-05-29T15:43:21.333+0000][1][gc,age      ] GC(32) - age   5:      25512 bytes,    6864832 total
[2024-05-29T15:43:21.333+0000][1][gc,age      ] GC(32) - age   6:      24528 bytes,    6889360 total
[2024-05-29T15:43:21.333+0000][1][gc,age      ] GC(32) - age   7:      25856 bytes,    6915216 total
[2024-05-29T15:43:21.333+0000][1][gc,age      ] GC(32) - age   8:      24768 bytes,    6939984 total
[2024-05-29T15:43:21.333+0000][1][gc,age      ] GC(32) - age   9:      26688 bytes,    6966672 total
[2024-05-29T15:43:21.333+0000][1][gc,age      ] GC(32) - age  10:      29600 bytes,    6996272 total
[2024-05-29T15:43:21.333+0000][1][gc,age      ] GC(32) - age  11:      26208 bytes,    7022480 total
[2024-05-29T15:43:21.333+0000][1][gc,age      ] GC(32) - age  12:      28888 bytes,    7051368 total
[2024-05-29T15:43:21.333+0000][1][gc,age      ] GC(32) - age  13:      26328 bytes,    7077696 total
[2024-05-29T15:43:21.333+0000][1][gc,age      ] GC(32) - age  14:      36656 bytes,    7114352 total
[2024-05-29T15:43:21.333+0000][1][gc,age      ] GC(32) - age  15:     266528 bytes,    7380880 total
[2024-05-29T15:43:21.333+0000][1][gc,heap     ] GC(32) Eden regions: 1225->0(1224)
[2024-05-29T15:43:21.333+0000][1][gc,heap     ] GC(32) Survivor regions: 3->4(154)
[2024-05-29T15:43:21.333+0000][1][gc,heap     ] GC(32) Old regions: 21->21
[2024-05-29T15:43:21.333+0000][1][gc,heap     ] GC(32) Humongous regions: 14->0
[2024-05-29T15:43:21.333+0000][1][gc,metaspace] GC(32) Metaspace: 92247K(93696K)->92247K(93696K) NonClass: 80651K(81408K)->80651K(81408K) Class: 11595K(12288K)->11595K(12288K)
[2024-05-29T15:43:21.333+0000][1][gc          ] GC(32) Pause Young (Normal) (G1 Evacuation Pause) 2524M->48M(4096M) 17.226ms
[2024-05-29T15:43:21.333+0000][1][gc,cpu      ] GC(32) User=0.03s Sys=0.00s Real=0.02s
[2024-05-29T15:43:21.333+0000][1][safepoint   ] Safepoint "G1CollectForAllocation", Time since last: 19805175301 ns, Reaching safepoint: 37551 ns, Cleanup: 13916 ns, At safepoint: 17294529 ns, Total: 17345996 ns
[2024-05-29T15:43:22.333+0000][1][safepoint   ] Safepoint "Cleanup", Time since last: 1000233471 ns, Reaching safepoint: 16202 ns, Cleanup: 42619 ns, At safepoint: 4473 ns, Total: 63294 ns
[2024-05-29T15:43:31.548+0000][1][safepoint   ] Safepoint "Cleanup", Time since last: 9214123996 ns, Reaching safepoint: 59829 ns, Cleanup: 22267 ns, At safepoint: 5077 ns, Total: 87173 ns
[2024-05-29T15:43:50.550+0000][1][safepoint   ] Safepoint "Cleanup", Time since last: 19001970154 ns, Reaching safepoint: 125372 ns, Cleanup: 14668 ns, At safepoint: 13195 ns, Total: 153235 ns
[2024-05-29T15:44:11.552+0000][1][safepoint   ] Safepoint "Cleanup", Time since last: 21002585745 ns, Reaching safepoint: 46176 ns, Cleanup: 16758 ns, At safepoint: 9120 ns, Total: 72054 ns
[2024-05-29T15:44:31.578+0000][1][safepoint   ] Safepoint "Cleanup", Time since last: 20025440463 ns, Reaching safepoint: 17425 ns, Cleanup: 17174 ns, At safepoint: 4422 ns, Total: 39021 ns
[2024-05-29T15:44:40.952+0000][1][gc,start    ] GC(33) Pause Young (Normal) (G1 Evacuation Pause)
[2024-05-29T15:44:40.953+0000][1][gc,task     ] GC(33) Using 2 workers of 2 for evacuation
[2024-05-29T15:44:40.953+0000][1][gc,age      ] GC(33) Desired survivor size 161480704 bytes, new threshold 15 (max threshold 15)
[2024-05-29T15:44:40.963+0000][1][gc,phases   ] GC(33)   Pre Evacuate Collection Set: 0.6ms
[2024-05-29T15:44:40.963+0000][1][gc,phases   ] GC(33)   Merge Heap Roots: 0.4ms
[2024-05-29T15:44:40.963+0000][1][gc,phases   ] GC(33)   Evacuate Collection Set: 7.2ms
[2024-05-29T15:44:40.963+0000][1][gc,phases   ] GC(33)   Post Evacuate Collection Set: 2.4ms
[2024-05-29T15:44:40.963+0000][1][gc,phases   ] GC(33)   Other: 0.1ms
[2024-05-29T15:44:40.963+0000][1][gc,age      ] GC(33) Age table with threshold 15 (max threshold 15)
[2024-05-29T15:44:40.963+0000][1][gc,age      ] GC(33) - age   1:    3820088 bytes,    3820088 total
[2024-05-29T15:44:40.963+0000][1][gc,age      ] GC(33) - age   2:      24568 bytes,    3844656 total
[2024-05-29T15:44:40.963+0000][1][gc,age      ] GC(33) - age   3:      24952 bytes,    3869608 total
[2024-05-29T15:44:40.963+0000][1][gc,age      ] GC(33) - age   4:      26232 bytes,    3895840 total
[2024-05-29T15:44:40.963+0000][1][gc,age      ] GC(33) - age   5:      25336 bytes,    3921176 total
[2024-05-29T15:44:40.964+0000][1][gc,age      ] GC(33) - age   6:      25512 bytes,    3946688 total
[2024-05-29T15:44:40.964+0000][1][gc,age      ] GC(33) - age   7:      24528 bytes,    3971216 total
[2024-05-29T15:44:40.964+0000][1][gc,age      ] GC(33) - age   8:      25856 bytes,    3997072 total
[2024-05-29T15:44:40.964+0000][1][gc,age      ] GC(33) - age   9:      24768 bytes,    4021840 total
[2024-05-29T15:44:40.964+0000][1][gc,age      ] GC(33) - age  10:      26688 bytes,    4048528 total
[2024-05-29T15:44:40.964+0000][1][gc,age      ] GC(33) - age  11:      29600 bytes,    4078128 total
[2024-05-29T15:44:40.964+0000][1][gc,age      ] GC(33) - age  12:      26208 bytes,    4104336 total
[2024-05-29T15:44:40.964+0000][1][gc,age      ] GC(33) - age  13:      28736 bytes,    4133072 total
[2024-05-29T15:44:40.964+0000][1][gc,age      ] GC(33) - age  14:      26328 bytes,    4159400 total
[2024-05-29T15:44:40.964+0000][1][gc,age      ] GC(33) - age  15:      36656 bytes,    4196056 total
[2024-05-29T15:44:40.964+0000][1][gc,heap     ] GC(33) Eden regions: 1224->0(1225)
[2024-05-29T15:44:40.964+0000][1][gc,heap     ] GC(33) Survivor regions: 4->3(154)
[2024-05-29T15:44:40.964+0000][1][gc,heap     ] GC(33) Old regions: 21->21
[2024-05-29T15:44:40.964+0000][1][gc,heap     ] GC(33) Humongous regions: 16->0
[2024-05-29T15:44:40.964+0000][1][gc,metaspace] GC(33) Metaspace: 92247K(93696K)->92247K(93696K) NonClass: 80651K(81408K)->80651K(81408K) Class: 11595K(12288K)->11595K(12288K)
[2024-05-29T15:44:40.964+0000][1][gc          ] GC(33) Pause Young (Normal) (G1 Evacuation Pause) 2528M->45M(4096M) 11.207ms
[2024-05-29T15:44:40.964+0000][1][gc,cpu      ] GC(33) User=0.02s Sys=0.00s Real=0.01s
[2024-05-29T15:44:40.964+0000][1][safepoint   ] Safepoint "G1CollectForAllocation", Time since last: 9374430396 ns, Reaching safepoint: 124232 ns, Cleanup: 12128 ns, At safepoint: 11281374 ns, Total: 11417734 ns
[2024-05-29T15:45:10.967+0000][1][safepoint   ] Safepoint "Cleanup", Time since last: 30003307982 ns, Reaching safepoint: 272079 ns, Cleanup: 16784 ns, At safepoint: 10872 ns, Total: 299735 ns
[2024-05-29T15:45:11.968+0000][1][safepoint   ] Safepoint "Cleanup", Time since last: 1000598065 ns, Reaching safepoint: 16351 ns, Cleanup: 15246 ns, At safepoint: 4950 ns, Total: 36547 ns
[2024-05-29T15:45:21.969+0000][1][safepoint   ] Safepoint "Cleanup", Time since last: 10001274721 ns, Reaching safepoint: 49018 ns, Cleanup: 16188 ns, At safepoint: 3336 ns, Total: 68542 ns
[2024-05-29T15:45:31.610+0000][1][safepoint   ] Safepoint "Cleanup", Time since last: 9641094233 ns, Reaching safepoint: 61550 ns, Cleanup: 31199 ns, At safepoint: 5266 ns, Total: 98015 ns
[2024-05-29T15:45:40.612+0000][1][safepoint   ] Safepoint "Cleanup", Time since last: 9001024950 ns, Reaching safepoint: 115897 ns, Cleanup: 44264 ns, At safepoint: 52548 ns, Total: 212709 ns
[2024-05-29T15:45:41.612+0000][1][safepoint   ] Safepoint "Cleanup", Time since last: 1000591197 ns, Reaching safepoint: 16710 ns, Cleanup: 27333 ns, At safepoint: 4819 ns, Total: 48862 ns
[2024-05-29T15:45:51.613+0000][1][safepoint   ] Safepoint "Cleanup", Time since last: 10001000948 ns, Reaching safepoint: 47754 ns, Cleanup: 23228 ns, At safepoint: 3742 ns, Total: 74724 ns
[2024-05-29T15:46:00.649+0000][1][gc,start    ] GC(34) Pause Young (Normal) (G1 Evacuation Pause)
[2024-05-29T15:46:00.649+0000][1][gc,task     ] GC(34) Using 2 workers of 2 for evacuation
[2024-05-29T15:46:00.649+0000][1][gc,age      ] GC(34) Desired survivor size 161480704 bytes, new threshold 15 (max threshold 15)
[2024-05-29T15:46:00.672+0000][1][gc,phases   ] GC(34)   Pre Evacuate Collection Set: 0.6ms
[2024-05-29T15:46:00.672+0000][1][gc,phases   ] GC(34)   Merge Heap Roots: 0.2ms
[2024-05-29T15:46:00.672+0000][1][gc,phases   ] GC(34)   Evacuate Collection Set: 14.6ms
[2024-05-29T15:46:00.672+0000][1][gc,phases   ] GC(34)   Post Evacuate Collection Set: 7.4ms
[2024-05-29T15:46:00.672+0000][1][gc,phases   ] GC(34)   Other: 0.1ms
[2024-05-29T15:46:00.672+0000][1][gc,age      ] GC(34) Age table with threshold 15 (max threshold 15)
[2024-05-29T15:46:00.672+0000][1][gc,age      ] GC(34) - age   1:    4892152 bytes,    4892152 total
[2024-05-29T15:46:00.672+0000][1][gc,age      ] GC(34) - age   2:      27752 bytes,    4919904 total
[2024-05-29T15:46:00.672+0000][1][gc,age      ] GC(34) - age   3:      24480 bytes,    4944384 total
[2024-05-29T15:46:00.672+0000][1][gc,age      ] GC(34) - age   4:      24952 bytes,    4969336 total
[2024-05-29T15:46:00.672+0000][1][gc,age      ] GC(34) - age   5:      26144 bytes,    4995480 total
[2024-05-29T15:46:00.672+0000][1][gc,age      ] GC(34) - age   6:      25336 bytes,    5020816 total
[2024-05-29T15:46:00.672+0000][1][gc,age      ] GC(34) - age   7:      25512 bytes,    5046328 total
[2024-05-29T15:46:00.672+0000][1][gc,age      ] GC(34) - age   8:      24528 bytes,    5070856 total
[2024-05-29T15:46:00.672+0000][1][gc,age      ] GC(34) - age   9:      25856 bytes,    5096712 total
[2024-05-29T15:46:00.672+0000][1][gc,age      ] GC(34) - age  10:      24768 bytes,    5121480 total
[2024-05-29T15:46:00.672+0000][1][gc,age      ] GC(34) - age  11:      26688 bytes,    5148168 total
[2024-05-29T15:46:00.672+0000][1][gc,age      ] GC(34) - age  12:      29448 bytes,    5177616 total
[2024-05-29T15:46:00.672+0000][1][gc,age      ] GC(34) - age  13:      26208 bytes,    5203824 total
[2024-05-29T15:46:00.672+0000][1][gc,age      ] GC(34) - age  14:      28736 bytes,    5232560 total
[2024-05-29T15:46:00.672+0000][1][gc,age      ] GC(34) - age  15:      26328 bytes,    5258888 total
[2024-05-29T15:46:00.672+0000][1][gc,heap     ] GC(34) Eden regions: 1225->0(1225)
[2024-05-29T15:46:00.672+0000][1][gc,heap     ] GC(34) Survivor regions: 3->3(154)
[2024-05-29T15:46:00.672+0000][1][gc,heap     ] GC(34) Old regions: 21->21
[2024-05-29T15:46:00.672+0000][1][gc,heap     ] GC(34) Humongous regions: 14->0
[2024-05-29T15:46:00.672+0000][1][gc,metaspace] GC(34) Metaspace: 92258K(93696K)->92258K(93696K) NonClass: 80662K(81408K)->80662K(81408K) Class: 11595K(12288K)->11595K(12288K)
[2024-05-29T15:46:00.672+0000][1][gc          ] GC(34) Pause Young (Normal) (G1 Evacuation Pause) 2523M->47M(4096M) 23.451ms
[2024-05-29T15:46:00.672+0000][1][gc,cpu      ] GC(34) User=0.04s Sys=0.01s Real=0.02s
[2024-05-29T15:46:00.672+0000][1][safepoint   ] Safepoint "G1CollectForAllocation", Time since last: 9035094170 ns, Reaching safepoint: 164204 ns, Cleanup: 7215 ns, At safepoint: 23529516 ns, Total: 23700935 ns
[2024-05-29T15:46:11.673+0000][1][safepoint   ] Safepoint "Cleanup", Time since last: 11001045755 ns, Reaching safepoint: 83532 ns, Cleanup: 29257 ns, At safepoint: 40140 ns, Total: 152929 ns
[2024-05-29T15:46:20.676+0000][1][safepoint   ] Safepoint "Cleanup", Time since last: 9002194187 ns, Reaching safepoint: 116371 ns, Cleanup: 13614 ns, At safepoint: 6943 ns, Total: 136928 ns
[2024-05-29T15:46:21.676+0000][1][safepoint   ] Safepoint "Cleanup", Time since last: 1000372460 ns, Reaching safepoint: 19568 ns, Cleanup: 28625 ns, At safepoint: 4612 ns, Total: 52805 ns
[2024-05-29T15:46:31.657+0000][1][safepoint   ] Safepoint "Cleanup", Time since last: 9981201157 ns, Reaching safepoint: 15822 ns, Cleanup: 14934 ns, At safepoint: 3605 ns, Total: 34361 ns
[2024-05-29T15:46:51.660+0000][1][safepoint   ] Safepoint "Cleanup", Time since last: 20002288454 ns, Reaching safepoint: 65255 ns, Cleanup: 39505 ns, At safepoint: 6074 ns, Total: 110834 ns
[2024-05-29T15:47:00.661+0000][1][safepoint   ] Safepoint "Cleanup", Time since last: 9000962028 ns, Reaching safepoint: 121590 ns, Cleanup: 10336 ns, At safepoint: 14711 ns, Total: 146637 ns
[2024-05-29T15:47:01.661+0000][1][safepoint   ] Safepoint "Cleanup", Time since last: 1000158954 ns, Reaching safepoint: 14858 ns, Cleanup: 18439 ns, At safepoint: 4086 ns, Total: 37383 ns
[2024-05-29T15:47:11.322+0000][1][gc,start    ] GC(35) Pause Young (Normal) (G1 Evacuation Pause)
[2024-05-29T15:47:11.322+0000][1][gc,task     ] GC(35) Using 2 workers of 2 for evacuation
[2024-05-29T15:47:11.322+0000][1][gc,age      ] GC(35) Desired survivor size 161480704 bytes, new threshold 15 (max threshold 15)
[2024-05-29T15:47:11.333+0000][1][gc,phases   ] GC(35)   Pre Evacuate Collection Set: 0.7ms
[2024-05-29T15:47:11.333+0000][1][gc,phases   ] GC(35)   Merge Heap Roots: 0.2ms
[2024-05-29T15:47:11.333+0000][1][gc,phases   ] GC(35)   Evacuate Collection Set: 7.2ms
[2024-05-29T15:47:11.333+0000][1][gc,phases   ] GC(35)   Post Evacuate Collection Set: 2.1ms
[2024-05-29T15:47:11.333+0000][1][gc,phases   ] GC(35)   Other: 0.2ms
[2024-05-29T15:47:11.333+0000][1][gc,age      ] GC(35) Age table with threshold 15 (max threshold 15)
[2024-05-29T15:47:11.333+0000][1][gc,age      ] GC(35) - age   1:    3888992 bytes,    3888992 total
[2024-05-29T15:47:11.333+0000][1][gc,age      ] GC(35) - age   2:      25920 bytes,    3914912 total
[2024-05-29T15:47:11.333+0000][1][gc,age      ] GC(35) - age   3:      27488 bytes,    3942400 total
[2024-05-29T15:47:11.333+0000][1][gc,age      ] GC(35) - age   4:      24480 bytes,    3966880 total
[2024-05-29T15:47:11.333+0000][1][gc,age      ] GC(35) - age   5:      24952 bytes,    3991832 total
[2024-05-29T15:47:11.333+0000][1][gc,age      ] GC(35) - age   6:      26144 bytes,    4017976 total
[2024-05-29T15:47:11.333+0000][1][gc,age      ] GC(35) - age   7:      25336 bytes,    4043312 total
[2024-05-29T15:47:11.333+0000][1][gc,age      ] GC(35) - age   8:      25512 bytes,    4068824 total
[2024-05-29T15:47:11.333+0000][1][gc,age      ] GC(35) - age   9:      24528 bytes,    4093352 total
[2024-05-29T15:47:11.333+0000][1][gc,age      ] GC(35) - age  10:      25856 bytes,    4119208 total
[2024-05-29T15:47:11.333+0000][1][gc,age      ] GC(35) - age  11:      24768 bytes,    4143976 total
[2024-05-29T15:47:11.333+0000][1][gc,age      ] GC(35) - age  12:      26688 bytes,    4170664 total
[2024-05-29T15:47:11.333+0000][1][gc,age      ] GC(35) - age  13:      29448 bytes,    4200112 total
[2024-05-29T15:47:11.333+0000][1][gc,age      ] GC(35) - age  14:      26208 bytes,    4226320 total
[2024-05-29T15:47:11.333+0000][1][gc,age      ] GC(35) - age  15:      28736 bytes,    4255056 total
[2024-05-29T15:47:11.333+0000][1][gc,heap     ] GC(35) Eden regions: 1225->0(1225)
[2024-05-29T15:47:11.333+0000][1][gc,heap     ] GC(35) Survivor regions: 3->3(154)
[2024-05-29T15:47:11.333+0000][1][gc,heap     ] GC(35) Old regions: 21->21
[2024-05-29T15:47:11.333+0000][1][gc,heap     ] GC(35) Humongous regions: 16->0
[2024-05-29T15:47:11.333+0000][1][gc,metaspace] GC(35) Metaspace: 92260K(93696K)->92260K(93696K) NonClass: 80664K(81408K)->80664K(81408K) Class: 11595K(12288K)->11595K(12288K)
[2024-05-29T15:47:11.333+0000][1][gc          ] GC(35) Pause Young (Normal) (G1 Evacuation Pause) 2529M->45M(4096M) 10.647ms
[2024-05-29T15:47:11.333+0000][1][gc,cpu      ] GC(35) User=0.02s Sys=0.00s Real=0.01s
[2024-05-29T15:47:11.333+0000][1][safepoint   ] Safepoint "G1CollectForAllocation", Time since last: 9660935287 ns, Reaching safepoint: 120897 ns, Cleanup: 6319 ns, At safepoint: 10726415 ns, Total: 10853631 ns
[2024-05-29T15:47:31.693+0000][1][safepoint   ] Safepoint "Cleanup", Time since last: 20360457309 ns, Reaching safepoint: 45803 ns, Cleanup: 21780 ns, At safepoint: 4099 ns, Total: 71682 ns
[2024-05-29T15:47:38.695+0000][1][safepoint   ] Safepoint "Cleanup", Time since last: 7001087880 ns, Reaching safepoint: 41105 ns, Cleanup: 87898 ns, At safepoint: 9638 ns, Total: 138641 ns
[2024-05-29T15:47:40.695+0000][1][safepoint   ] Safepoint "Cleanup", Time since last: 2000291517 ns, Reaching safepoint: 89107 ns, Cleanup: 15136 ns, At safepoint: 9896 ns, Total: 114139 ns
[2024-05-29T15:47:51.699+0000][1][safepoint   ] Safepoint "Cleanup", Time since last: 11003982290 ns, Reaching safepoint: 42993 ns, Cleanup: 22044 ns, At safepoint: 6723 ns, Total: 71760 ns
[2024-05-29T15:48:00.700+0000][1][safepoint   ] Safepoint "Cleanup", Time since last: 9001089803 ns, Reaching safepoint: 121993 ns, Cleanup: 10034 ns, At safepoint: 14660 ns, Total: 146687 ns
[2024-05-29T15:48:11.702+0000][1][safepoint   ] Safepoint "Cleanup", Time since last: 11001438280 ns, Reaching safepoint: 46913 ns, Cleanup: 18556 ns, At safepoint: 3669 ns, Total: 69138 ns
[2024-05-29T15:48:21.703+0000][1][safepoint   ] Safepoint "Cleanup", Time since last: 10001200231 ns, Reaching safepoint: 67040 ns, Cleanup: 28051 ns, At safepoint: 47774 ns, Total: 142865 ns
[2024-05-29T15:48:30.920+0000][1][gc,start    ] GC(36) Pause Young (Normal) (G1 Evacuation Pause)
[2024-05-29T15:48:30.921+0000][1][gc,task     ] GC(36) Using 2 workers of 2 for evacuation
[2024-05-29T15:48:30.921+0000][1][gc,age      ] GC(36) Desired survivor size 161480704 bytes, new threshold 15 (max threshold 15)
[2024-05-29T15:48:30.932+0000][1][gc,phases   ] GC(36)   Pre Evacuate Collection Set: 0.6ms
[2024-05-29T15:48:30.932+0000][1][gc,phases   ] GC(36)   Merge Heap Roots: 0.3ms
[2024-05-29T15:48:30.932+0000][1][gc,phases   ] GC(36)   Evacuate Collection Set: 7.5ms
[2024-05-29T15:48:30.932+0000][1][gc,phases   ] GC(36)   Post Evacuate Collection Set: 2.8ms
[2024-05-29T15:48:30.932+0000][1][gc,phases   ] GC(36)   Other: 0.2ms
[2024-05-29T15:48:30.932+0000][1][gc,age      ] GC(36) Age table with threshold 15 (max threshold 15)
[2024-05-29T15:48:30.932+0000][1][gc,age      ] GC(36) - age   1:    3732464 bytes,    3732464 total
[2024-05-29T15:48:30.932+0000][1][gc,age      ] GC(36) - age   2:      24648 bytes,    3757112 total
[2024-05-29T15:48:30.932+0000][1][gc,age      ] GC(36) - age   3:      25712 bytes,    3782824 total
[2024-05-29T15:48:30.932+0000][1][gc,age      ] GC(36) - age   4:      27488 bytes,    3810312 total
[2024-05-29T15:48:30.932+0000][1][gc,age      ] GC(36) - age   5:      23664 bytes,    3833976 total
[2024-05-29T15:48:30.932+0000][1][gc,age      ] GC(36) - age   6:      24952 bytes,    3858928 total
[2024-05-29T15:48:30.932+0000][1][gc,age      ] GC(36) - age   7:      26144 bytes,    3885072 total
[2024-05-29T15:48:30.932+0000][1][gc,age      ] GC(36) - age   8:      25336 bytes,    3910408 total
[2024-05-29T15:48:30.932+0000][1][gc,age      ] GC(36) - age   9:      24696 bytes,    3935104 total
[2024-05-29T15:48:30.932+0000][1][gc,age      ] GC(36) - age  10:      24528 bytes,    3959632 total
[2024-05-29T15:48:30.932+0000][1][gc,age      ] GC(36) - age  11:      25856 bytes,    3985488 total
[2024-05-29T15:48:30.932+0000][1][gc,age      ] GC(36) - age  12:      24768 bytes,    4010256 total
[2024-05-29T15:48:30.932+0000][1][gc,age      ] GC(36) - age  13:      26688 bytes,    4036944 total
[2024-05-29T15:48:30.932+0000][1][gc,age      ] GC(36) - age  14:      29296 bytes,    4066240 total
[2024-05-29T15:48:30.932+0000][1][gc,age      ] GC(36) - age  15:      26208 bytes,    4092448 total
[2024-05-29T15:48:30.932+0000][1][gc,heap     ] GC(36) Eden regions: 1225->0(1226)
[2024-05-29T15:48:30.932+0000][1][gc,heap     ] GC(36) Survivor regions: 3->2(154)
[2024-05-29T15:48:30.932+0000][1][gc,heap     ] GC(36) Old regions: 21->21
[2024-05-29T15:48:30.932+0000][1][gc,heap     ] GC(36) Humongous regions: 16->0
[2024-05-29T15:48:30.932+0000][1][gc,metaspace] GC(36) Metaspace: 92268K(93696K)->92268K(93696K) NonClass: 80672K(81408K)->80672K(81408K) Class: 11595K(12288K)->11595K(12288K)
[2024-05-29T15:48:30.932+0000][1][gc          ] GC(36) Pause Young (Normal) (G1 Evacuation Pause) 2527M->45M(4096M) 11.785ms
[2024-05-29T15:48:30.932+0000][1][gc,cpu      ] GC(36) User=0.01s Sys=0.00s Real=0.01s
[2024-05-29T15:48:30.932+0000][1][safepoint   ] Safepoint "G1CollectForAllocation", Time since last: 9217195337 ns, Reaching safepoint: 15308 ns, Cleanup: 16735 ns, At safepoint: 11879928 ns, Total: 11911971 ns
[2024-05-29T15:48:31.933+0000][1][safepoint   ] Safepoint "Cleanup", Time since last: 1000150436 ns, Reaching safepoint: 15021 ns, Cleanup: 13338 ns, At safepoint: 3540 ns, Total: 31899 ns
[2024-05-29T15:48:40.934+0000][1][safepoint   ] Safepoint "Cleanup", Time since last: 9001071318 ns, Reaching safepoint: 95157 ns, Cleanup: 11172 ns, At safepoint: 11641 ns, Total: 117970 ns
[2024-05-29T15:48:41.934+0000][1][safepoint   ] Safepoint "Cleanup", Time since last: 1000695007 ns, Reaching safepoint: 15500 ns, Cleanup: 15272 ns, At safepoint: 4072 ns, Total: 34844 ns
[2024-05-29T15:48:50.936+0000][1][safepoint   ] Safepoint "Cleanup", Time since last: 9001028926 ns, Reaching safepoint: 45653 ns, Cleanup: 18754 ns, At safepoint: 6734 ns, Total: 71141 ns
[2024-05-29T15:48:51.936+0000][1][safepoint   ] Safepoint "Cleanup", Time since last: 1000298281 ns, Reaching safepoint: 14042 ns, Cleanup: 18578 ns, At safepoint: 3107 ns, Total: 35727 ns
[2024-05-29T15:49:21.941+0000][1][safepoint   ] Safepoint "Cleanup", Time since last: 30004746413 ns, Reaching safepoint: 50637 ns, Cleanup: 16384 ns, At safepoint: 4310 ns, Total: 71331 ns
[2024-05-29T15:49:31.777+0000][1][safepoint   ] Safepoint "Cleanup", Time since last: 9836510466 ns, Reaching safepoint: 15940 ns, Cleanup: 14164 ns, At safepoint: 3669 ns, Total: 33773 ns
[2024-05-29T15:49:38.778+0000][1][safepoint   ] Safepoint "Cleanup", Time since last: 7000830250 ns, Reaching safepoint: 12467 ns, Cleanup: 13475 ns, At safepoint: 2485 ns, Total: 28427 ns
[2024-05-29T15:49:50.613+0000][1][gc,start    ] GC(37) Pause Young (Normal) (G1 Evacuation Pause)
[2024-05-29T15:49:50.613+0000][1][gc,task     ] GC(37) Using 2 workers of 2 for evacuation
[2024-05-29T15:49:50.613+0000][1][gc,age      ] GC(37) Desired survivor size 161480704 bytes, new threshold 15 (max threshold 15)
[2024-05-29T15:49:50.624+0000][1][gc,phases   ] GC(37)   Pre Evacuate Collection Set: 0.6ms
[2024-05-29T15:49:50.624+0000][1][gc,phases   ] GC(37)   Merge Heap Roots: 0.3ms
[2024-05-29T15:49:50.624+0000][1][gc,phases   ] GC(37)   Evacuate Collection Set: 7.1ms
[2024-05-29T15:49:50.624+0000][1][gc,phases   ] GC(37)   Post Evacuate Collection Set: 2.9ms
[2024-05-29T15:49:50.624+0000][1][gc,phases   ] GC(37)   Other: 0.1ms
[2024-05-29T15:49:50.624+0000][1][gc,age      ] GC(37) Age table with threshold 15 (max threshold 15)
[2024-05-29T15:49:50.624+0000][1][gc,age      ] GC(37) - age   1:    3694904 bytes,    3694904 total
[2024-05-29T15:49:50.624+0000][1][gc,age      ] GC(37) - age   2:      25344 bytes,    3720248 total
[2024-05-29T15:49:50.624+0000][1][gc,age      ] GC(37) - age   3:      24472 bytes,    3744720 total
[2024-05-29T15:49:50.624+0000][1][gc,age      ] GC(37) - age   4:      25472 bytes,    3770192 total
[2024-05-29T15:49:50.624+0000][1][gc,age      ] GC(37) - age   5:      27488 bytes,    3797680 total
[2024-05-29T15:49:50.624+0000][1][gc,age      ] GC(37) - age   6:      23664 bytes,    3821344 total
[2024-05-29T15:49:50.624+0000][1][gc,age      ] GC(37) - age   7:      24952 bytes,    3846296 total
[2024-05-29T15:49:50.624+0000][1][gc,age      ] GC(37) - age   8:      26144 bytes,    3872440 total
[2024-05-29T15:49:50.624+0000][1][gc,age      ] GC(37) - age   9:      25336 bytes,    3897776 total
[2024-05-29T15:49:50.624+0000][1][gc,age      ] GC(37) - age  10:      24696 bytes,    3922472 total
[2024-05-29T15:49:50.625+0000][1][gc,age      ] GC(37) - age  11:      24528 bytes,    3947000 total
[2024-05-29T15:49:50.625+0000][1][gc,age      ] GC(37) - age  12:      25856 bytes,    3972856 total
[2024-05-29T15:49:50.625+0000][1][gc,age      ] GC(37) - age  13:      24768 bytes,    3997624 total
[2024-05-29T15:49:50.625+0000][1][gc,age      ] GC(37) - age  14:      26688 bytes,    4024312 total
[2024-05-29T15:49:50.625+0000][1][gc,age      ] GC(37) - age  15:      29296 bytes,    4053608 total
[2024-05-29T15:49:50.625+0000][1][gc,heap     ] GC(37) Eden regions: 1226->0(1225)
[2024-05-29T15:49:50.625+0000][1][gc,heap     ] GC(37) Survivor regions: 2->3(154)
[2024-05-29T15:49:50.625+0000][1][gc,heap     ] GC(37) Old regions: 21->21
[2024-05-29T15:49:50.625+0000][1][gc,heap     ] GC(37) Humongous regions: 14->0
[2024-05-29T15:49:50.625+0000][1][gc,metaspace] GC(37) Metaspace: 92269K(93696K)->92269K(93696K) NonClass: 80673K(81408K)->80673K(81408K) Class: 11595K(12288K)->11595K(12288K)
[2024-05-29T15:49:50.625+0000][1][gc          ] GC(37) Pause Young (Normal) (G1 Evacuation Pause) 2525M->45M(4096M) 11.455ms
[2024-05-29T15:49:50.625+0000][1][gc,cpu      ] GC(37) User=0.01s Sys=0.01s Real=0.01s
[2024-05-29T15:49:50.625+0000][1][safepoint   ] Safepoint "G1CollectForAllocation", Time since last: 11835025317 ns, Reaching safepoint: 42571 ns, Cleanup: 14166 ns, At safepoint: 11526639 ns, Total: 11583376 ns
[2024-05-29T15:49:51.625+0000][1][safepoint   ] Safepoint "Cleanup", Time since last: 1000117340 ns, Reaching safepoint: 16382 ns, Cleanup: 15181 ns, At safepoint: 3762 ns, Total: 35325 ns
[2024-05-29T15:50:01.626+0000][1][safepoint   ] Safepoint "Cleanup", Time since last: 10001267365 ns, Reaching safepoint: 15025 ns, Cleanup: 14147 ns, At safepoint: 4582 ns, Total: 33754 ns
[2024-05-29T15:50:11.627+0000][1][safepoint   ] Safepoint "Cleanup", Time since last: 10001281069 ns, Reaching safepoint: 15663 ns, Cleanup: 28499 ns, At safepoint: 3718 ns, Total: 47880 ns
[2024-05-29T15:50:21.629+0000][1][safepoint   ] Safepoint "Cleanup", Time since last: 10001122439 ns, Reaching safepoint: 47841 ns, Cleanup: 23622 ns, At safepoint: 3768 ns, Total: 75231 ns
[2024-05-29T15:50:41.631+0000][1][safepoint   ] Safepoint "Cleanup", Time since last: 20001891791 ns, Reaching safepoint: 15446 ns, Cleanup: 18861 ns, At safepoint: 3405 ns, Total: 37712 ns
[2024-05-29T15:51:01.306+0000][1][gc,start    ] GC(38) Pause Young (Normal) (G1 Evacuation Pause)
[2024-05-29T15:51:01.306+0000][1][gc,task     ] GC(38) Using 2 workers of 2 for evacuation
[2024-05-29T15:51:01.306+0000][1][gc,age      ] GC(38) Desired survivor size 161480704 bytes, new threshold 15 (max threshold 15)
[2024-05-29T15:51:01.319+0000][1][gc,phases   ] GC(38)   Pre Evacuate Collection Set: 0.6ms
[2024-05-29T15:51:01.319+0000][1][gc,phases   ] GC(38)   Merge Heap Roots: 0.4ms
[2024-05-29T15:51:01.319+0000][1][gc,phases   ] GC(38)   Evacuate Collection Set: 8.3ms
[2024-05-29T15:51:01.319+0000][1][gc,phases   ] GC(38)   Post Evacuate Collection Set: 3.1ms
[2024-05-29T15:51:01.319+0000][1][gc,phases   ] GC(38)   Other: 0.5ms
[2024-05-29T15:51:01.319+0000][1][gc,age      ] GC(38) Age table with threshold 15 (max threshold 15)
[2024-05-29T15:51:01.319+0000][1][gc,age      ] GC(38) - age   1:    2601496 bytes,    2601496 total
[2024-05-29T15:51:01.319+0000][1][gc,age      ] GC(38) - age   2:      25864 bytes,    2627360 total
[2024-05-29T15:51:01.319+0000][1][gc,age      ] GC(38) - age   3:      25256 bytes,    2652616 total
[2024-05-29T15:51:01.319+0000][1][gc,age      ] GC(38) - age   4:      24384 bytes,    2677000 total
[2024-05-29T15:51:01.319+0000][1][gc,age      ] GC(38) - age   5:      25472 bytes,    2702472 total
[2024-05-29T15:51:01.319+0000][1][gc,age      ] GC(38) - age   6:      27488 bytes,    2729960 total
[2024-05-29T15:51:01.319+0000][1][gc,age      ] GC(38) - age   7:      23664 bytes,    2753624 total
[2024-05-29T15:51:01.319+0000][1][gc,age      ] GC(38) - age   8:      24952 bytes,    2778576 total
[2024-05-29T15:51:01.319+0000][1][gc,age      ] GC(38) - age   9:      26144 bytes,    2804720 total
[2024-05-29T15:51:01.319+0000][1][gc,age      ] GC(38) - age  10:      25336 bytes,    2830056 total
[2024-05-29T15:51:01.319+0000][1][gc,age      ] GC(38) - age  11:      24696 bytes,    2854752 total
[2024-05-29T15:51:01.319+0000][1][gc,age      ] GC(38) - age  12:      24528 bytes,    2879280 total
[2024-05-29T15:51:01.319+0000][1][gc,age      ] GC(38) - age  13:      25856 bytes,    2905136 total
[2024-05-29T15:51:01.319+0000][1][gc,age      ] GC(38) - age  14:      24768 bytes,    2929904 total
[2024-05-29T15:51:01.319+0000][1][gc,age      ] GC(38) - age  15:      26688 bytes,    2956592 total
[2024-05-29T15:51:01.319+0000][1][gc,heap     ] GC(38) Eden regions: 1225->0(1226)
[2024-05-29T15:51:01.319+0000][1][gc,heap     ] GC(38) Survivor regions: 3->2(154)
[2024-05-29T15:51:01.319+0000][1][gc,heap     ] GC(38) Old regions: 21->21
[2024-05-29T15:51:01.319+0000][1][gc,heap     ] GC(38) Humongous regions: 16->0
[2024-05-29T15:51:01.319+0000][1][gc,metaspace] GC(38) Metaspace: 92275K(93760K)->92275K(93760K) NonClass: 80680K(81472K)->80680K(81472K) Class: 11595K(12288K)->11595K(12288K)
[2024-05-29T15:51:01.319+0000][1][gc          ] GC(38) Pause Young (Normal) (G1 Evacuation Pause) 2527M->44M(4096M) 13.405ms
[2024-05-29T15:51:01.319+0000][1][gc,cpu      ] GC(38) User=0.02s Sys=0.00s Real=0.01s
[2024-05-29T15:51:01.319+0000][1][safepoint   ] Safepoint "G1CollectForAllocation", Time since last: 19675218345 ns, Reaching safepoint: 163665 ns, Cleanup: 5765 ns, At safepoint: 13485443 ns, Total: 13654873 ns
[2024-05-29T15:51:11.321+0000][1][safepoint   ] Safepoint "Cleanup", Time since last: 10001214261 ns, Reaching safepoint: 86698 ns, Cleanup: 13359 ns, At safepoint: 9510 ns, Total: 109567 ns
[2024-05-29T15:51:31.837+0000][1][safepoint   ] Safepoint "Cleanup", Time since last: 20516381408 ns, Reaching safepoint: 11599 ns, Cleanup: 11700 ns, At safepoint: 2919 ns, Total: 26218 ns
[2024-05-29T15:51:41.839+0000][1][safepoint   ] Safepoint "Cleanup", Time since last: 10001471284 ns, Reaching safepoint: 17402 ns, Cleanup: 20925 ns, At safepoint: 5444 ns, Total: 43771 ns
[2024-05-29T15:52:11.843+0000][1][safepoint   ] Safepoint "Cleanup", Time since last: 30003862407 ns, Reaching safepoint: 48303 ns, Cleanup: 14376 ns, At safepoint: 3766 ns, Total: 66445 ns
[2024-05-29T15:52:20.902+0000][1][gc,start    ] GC(39) Pause Young (Normal) (G1 Evacuation Pause)
[2024-05-29T15:52:20.902+0000][1][gc,task     ] GC(39) Using 2 workers of 2 for evacuation
[2024-05-29T15:52:20.902+0000][1][gc,age      ] GC(39) Desired survivor size 161480704 bytes, new threshold 15 (max threshold 15)
[2024-05-29T15:52:20.916+0000][1][gc,phases   ] GC(39)   Pre Evacuate Collection Set: 0.9ms
[2024-05-29T15:52:20.916+0000][1][gc,phases   ] GC(39)   Merge Heap Roots: 0.3ms
[2024-05-29T15:52:20.916+0000][1][gc,phases   ] GC(39)   Evacuate Collection Set: 9.6ms
[2024-05-29T15:52:20.916+0000][1][gc,phases   ] GC(39)   Post Evacuate Collection Set: 2.6ms
[2024-05-29T15:52:20.916+0000][1][gc,phases   ] GC(39)   Other: 0.1ms
[2024-05-29T15:52:20.916+0000][1][gc,age      ] GC(39) Age table with threshold 15 (max threshold 15)
[2024-05-29T15:52:20.916+0000][1][gc,age      ] GC(39) - age   1:    3537544 bytes,    3537544 total
[2024-05-29T15:52:20.916+0000][1][gc,age      ] GC(39) - age   2:      23856 bytes,    3561400 total
[2024-05-29T15:52:20.916+0000][1][gc,age      ] GC(39) - age   3:      25480 bytes,    3586880 total
[2024-05-29T15:52:20.916+0000][1][gc,age      ] GC(39) - age   4:      25104 bytes,    3611984 total
[2024-05-29T15:52:20.916+0000][1][gc,age      ] GC(39) - age   5:      24384 bytes,    3636368 total
[2024-05-29T15:52:20.916+0000][1][gc,age      ] GC(39) - age   6:      25472 bytes,    3661840 total
[2024-05-29T15:52:20.916+0000][1][gc,age      ] GC(39) - age   7:      27488 bytes,    3689328 total
[2024-05-29T15:52:20.916+0000][1][gc,age      ] GC(39) - age   8:      23664 bytes,    3712992 total
[2024-05-29T15:52:20.916+0000][1][gc,age      ] GC(39) - age   9:      24952 bytes,    3737944 total
[2024-05-29T15:52:20.916+0000][1][gc,age      ] GC(39) - age  10:      26144 bytes,    3764088 total
[2024-05-29T15:52:20.916+0000][1][gc,age      ] GC(39) - age  11:      25336 bytes,    3789424 total
[2024-05-29T15:52:20.916+0000][1][gc,age      ] GC(39) - age  12:      24696 bytes,    3814120 total
[2024-05-29T15:52:20.916+0000][1][gc,age      ] GC(39) - age  13:      24528 bytes,    3838648 total
[2024-05-29T15:52:20.916+0000][1][gc,age      ] GC(39) - age  14:      25856 bytes,    3864504 total
[2024-05-29T15:52:20.916+0000][1][gc,age      ] GC(39) - age  15:      24768 bytes,    3889272 total
[2024-05-29T15:52:20.916+0000][1][gc,heap     ] GC(39) Eden regions: 1226->0(1226)
[2024-05-29T15:52:20.916+0000][1][gc,heap     ] GC(39) Survivor regions: 2->2(154)
[2024-05-29T15:52:20.916+0000][1][gc,heap     ] GC(39) Old regions: 21->21
[2024-05-29T15:52:20.916+0000][1][gc,heap     ] GC(39) Humongous regions: 16->0
[2024-05-29T15:52:20.916+0000][1][gc,metaspace] GC(39) Metaspace: 92276K(93760K)->92276K(93760K) NonClass: 80681K(81472K)->80681K(81472K) Class: 11595K(12288K)->11595K(12288K)
[2024-05-29T15:52:20.916+0000][1][gc          ] GC(39) Pause Young (Normal) (G1 Evacuation Pause) 2528M->45M(4096M) 13.883ms
[2024-05-29T15:52:20.916+0000][1][gc,cpu      ] GC(39) User=0.02s Sys=0.00s Real=0.01s
[2024-05-29T15:52:20.916+0000][1][safepoint   ] Safepoint "G1CollectForAllocation", Time since last: 9058988226 ns, Reaching safepoint: 257375 ns, Cleanup: 7132 ns, At safepoint: 13960171 ns, Total: 14224678 ns
[2024-05-29T15:52:30.917+0000][1][safepoint   ] Safepoint "Cleanup", Time since last: 10001030559 ns, Reaching safepoint: 296942 ns, Cleanup: 14473 ns, At safepoint: 10031 ns, Total: 321446 ns
[2024-05-29T15:52:37.918+0000][1][safepoint   ] Safepoint "Cleanup", Time since last: 7000829236 ns, Reaching safepoint: 14623 ns, Cleanup: 13160 ns, At safepoint: 2983 ns, Total: 30766 ns
[2024-05-29T15:53:10.924+0000][1][safepoint   ] Safepoint "Cleanup", Time since last: 33006167042 ns, Reaching safepoint: 144479 ns, Cleanup: 19520 ns, At safepoint: 8814 ns, Total: 172813 ns
[2024-05-29T15:53:11.925+0000][1][safepoint   ] Safepoint "Cleanup", Time since last: 1000490041 ns, Reaching safepoint: 15376 ns, Cleanup: 15849 ns, At safepoint: 3374 ns, Total: 34599 ns
[2024-05-29T15:53:31.417+0000][1][gc,start    ] GC(40) Pause Young (Normal) (G1 Evacuation Pause)
[2024-05-29T15:53:31.418+0000][1][gc,task     ] GC(40) Using 2 workers of 2 for evacuation
[2024-05-29T15:53:31.418+0000][1][gc,age      ] GC(40) Desired survivor size 161480704 bytes, new threshold 15 (max threshold 15)
[2024-05-29T15:53:31.424+0000][1][gc,phases   ] GC(40)   Pre Evacuate Collection Set: 0.5ms
[2024-05-29T15:53:31.424+0000][1][gc,phases   ] GC(40)   Merge Heap Roots: 0.2ms
[2024-05-29T15:53:31.424+0000][1][gc,phases   ] GC(40)   Evacuate Collection Set: 2.9ms
[2024-05-29T15:53:31.424+0000][1][gc,phases   ] GC(40)   Post Evacuate Collection Set: 2.6ms
[2024-05-29T15:53:31.424+0000][1][gc,phases   ] GC(40)   Other: 0.1ms
[2024-05-29T15:53:31.424+0000][1][gc,age      ] GC(40) Age table with threshold 15 (max threshold 15)
[2024-05-29T15:53:31.424+0000][1][gc,age      ] GC(40) - age   1:    1393640 bytes,    1393640 total
[2024-05-29T15:53:31.424+0000][1][gc,age      ] GC(40) - age   2:      24784 bytes,    1418424 total
[2024-05-29T15:53:31.424+0000][1][gc,age      ] GC(40) - age   3:      23768 bytes,    1442192 total
[2024-05-29T15:53:31.424+0000][1][gc,age      ] GC(40) - age   4:      25480 bytes,    1467672 total
[2024-05-29T15:53:31.424+0000][1][gc,age      ] GC(40) - age   5:      24288 bytes,    1491960 total
[2024-05-29T15:53:31.424+0000][1][gc,age      ] GC(40) - age   6:      24384 bytes,    1516344 total
[2024-05-29T15:53:31.424+0000][1][gc,age      ] GC(40) - age   7:      25472 bytes,    1541816 total
[2024-05-29T15:53:31.424+0000][1][gc,age      ] GC(40) - age   8:      27488 bytes,    1569304 total
[2024-05-29T15:53:31.424+0000][1][gc,age      ] GC(40) - age   9:      23664 bytes,    1592968 total
[2024-05-29T15:53:31.424+0000][1][gc,age      ] GC(40) - age  10:      24952 bytes,    1617920 total
[2024-05-29T15:53:31.424+0000][1][gc,age      ] GC(40) - age  11:      26144 bytes,    1644064 total
[2024-05-29T15:53:31.424+0000][1][gc,age      ] GC(40) - age  12:      25336 bytes,    1669400 total
[2024-05-29T15:53:31.424+0000][1][gc,age      ] GC(40) - age  13:      24696 bytes,    1694096 total
[2024-05-29T15:53:31.424+0000][1][gc,age      ] GC(40) - age  14:      24528 bytes,    1718624 total
[2024-05-29T15:53:31.424+0000][1][gc,age      ] GC(40) - age  15:      25856 bytes,    1744480 total
[2024-05-29T15:53:31.424+0000][1][gc,heap     ] GC(40) Eden regions: 1226->0(1227)
[2024-05-29T15:53:31.424+0000][1][gc,heap     ] GC(40) Survivor regions: 2->1(154)
[2024-05-29T15:53:31.424+0000][1][gc,heap     ] GC(40) Old regions: 21->21
[2024-05-29T15:53:31.424+0000][1][gc,heap     ] GC(40) Humongous regions: 14->0
[2024-05-29T15:53:31.424+0000][1][gc,metaspace] GC(40) Metaspace: 92277K(93760K)->92277K(93760K) NonClass: 80681K(81472K)->80681K(81472K) Class: 11595K(12288K)->11595K(12288K)
[2024-05-29T15:53:31.424+0000][1][gc          ] GC(40) Pause Young (Normal) (G1 Evacuation Pause) 2525M->43M(4096M) 6.703ms
[2024-05-29T15:53:31.424+0000][1][gc,cpu      ] GC(40) User=0.01s Sys=0.00s Real=0.01s
[2024-05-29T15:53:31.424+0000][1][safepoint   ] Safepoint "G1CollectForAllocation", Time since last: 19492526005 ns, Reaching safepoint: 11477 ns, Cleanup: 5572 ns, At safepoint: 6769447 ns, Total: 6786496 ns
[2024-05-29T15:53:39.425+0000][1][safepoint   ] Safepoint "Cleanup", Time since last: 8000993211 ns, Reaching safepoint: 12373 ns, Cleanup: 12431 ns, At safepoint: 3083 ns, Total: 27887 ns
[2024-05-29T15:53:51.427+0000][1][safepoint   ] Safepoint "Cleanup", Time since last: 12001393690 ns, Reaching safepoint: 46956 ns, Cleanup: 18219 ns, At safepoint: 4806 ns, Total: 69981 ns
[2024-05-29T15:54:01.428+0000][1][safepoint   ] Safepoint "Cleanup", Time since last: 10001178496 ns, Reaching safepoint: 14042 ns, Cleanup: 13937 ns, At safepoint: 3435 ns, Total: 31414 ns
[2024-05-29T15:54:21.432+0000][1][safepoint   ] Safepoint "Cleanup", Time since last: 20004177020 ns, Reaching safepoint: 137479 ns, Cleanup: 8705 ns, At safepoint: 11929 ns, Total: 158113 ns
[2024-05-29T15:54:35.942+0000][1][safepoint   ] Safepoint "Cleanup", Time since last: 14509571743 ns, Reaching safepoint: 143620 ns, Cleanup: 21640 ns, At safepoint: 10576 ns, Total: 175836 ns
[2024-05-29T15:54:36.942+0000][1][safepoint   ] Safepoint "Cleanup", Time since last: 1000185873 ns, Reaching safepoint: 15489 ns, Cleanup: 20759 ns, At safepoint: 3770 ns, Total: 40018 ns
[2024-05-29T15:54:41.943+0000][1][safepoint   ] Safepoint "Cleanup", Time since last: 5000598653 ns, Reaching safepoint: 14368 ns, Cleanup: 18324 ns, At safepoint: 3130 ns, Total: 35822 ns
[2024-05-29T15:54:51.141+0000][1][gc,start    ] GC(41) Pause Young (Normal) (G1 Evacuation Pause)
[2024-05-29T15:54:51.141+0000][1][gc,task     ] GC(41) Using 2 workers of 2 for evacuation
[2024-05-29T15:54:51.141+0000][1][gc,age      ] GC(41) Desired survivor size 161480704 bytes, new threshold 15 (max threshold 15)
[2024-05-29T15:54:51.152+0000][1][gc,phases   ] GC(41)   Pre Evacuate Collection Set: 0.6ms
[2024-05-29T15:54:51.152+0000][1][gc,phases   ] GC(41)   Merge Heap Roots: 0.2ms
[2024-05-29T15:54:51.152+0000][1][gc,phases   ] GC(41)   Evacuate Collection Set: 7.1ms
[2024-05-29T15:54:51.152+0000][1][gc,phases   ] GC(41)   Post Evacuate Collection Set: 2.5ms
[2024-05-29T15:54:51.152+0000][1][gc,phases   ] GC(41)   Other: 0.3ms
[2024-05-29T15:54:51.152+0000][1][gc,age      ] GC(41) Age table with threshold 15 (max threshold 15)
[2024-05-29T15:54:51.152+0000][1][gc,age      ] GC(41) - age   1:    3896808 bytes,    3896808 total
[2024-05-29T15:54:51.152+0000][1][gc,age      ] GC(41) - age   2:      24472 bytes,    3921280 total
[2024-05-29T15:54:51.152+0000][1][gc,age      ] GC(41) - age   3:      24576 bytes,    3945856 total
[2024-05-29T15:54:51.152+0000][1][gc,age      ] GC(41) - age   4:      23680 bytes,    3969536 total
[2024-05-29T15:54:51.152+0000][1][gc,age      ] GC(41) - age   5:      25480 bytes,    3995016 total
[2024-05-29T15:54:51.152+0000][1][gc,age      ] GC(41) - age   6:      24288 bytes,    4019304 total
[2024-05-29T15:54:51.152+0000][1][gc,age      ] GC(41) - age   7:      24384 bytes,    4043688 total
[2024-05-29T15:54:51.152+0000][1][gc,age      ] GC(41) - age   8:      25472 bytes,    4069160 total
[2024-05-29T15:54:51.152+0000][1][gc,age      ] GC(41) - age   9:      27488 bytes,    4096648 total
[2024-05-29T15:54:51.152+0000][1][gc,age      ] GC(41) - age  10:      23664 bytes,    4120312 total
[2024-05-29T15:54:51.152+0000][1][gc,age      ] GC(41) - age  11:      24952 bytes,    4145264 total
[2024-05-29T15:54:51.152+0000][1][gc,age      ] GC(41) - age  12:      26144 bytes,    4171408 total
[2024-05-29T15:54:51.152+0000][1][gc,age      ] GC(41) - age  13:      25336 bytes,    4196744 total
[2024-05-29T15:54:51.152+0000][1][gc,age      ] GC(41) - age  14:      24696 bytes,    4221440 total
[2024-05-29T15:54:51.152+0000][1][gc,age      ] GC(41) - age  15:      24528 bytes,    4245968 total
[2024-05-29T15:54:51.152+0000][1][gc,heap     ] GC(41) Eden regions: 1227->0(1225)
[2024-05-29T15:54:51.152+0000][1][gc,heap     ] GC(41) Survivor regions: 1->3(154)
[2024-05-29T15:54:51.152+0000][1][gc,heap     ] GC(41) Old regions: 21->21
[2024-05-29T15:54:51.152+0000][1][gc,heap     ] GC(41) Humongous regions: 16->0
[2024-05-29T15:54:51.152+0000][1][gc,metaspace] GC(41) Metaspace: 92292K(93760K)->92292K(93760K) NonClass: 80697K(81472K)->80697K(81472K) Class: 11595K(12288K)->11595K(12288K)
[2024-05-29T15:54:51.152+0000][1][gc          ] GC(41) Pause Young (Normal) (G1 Evacuation Pause) 2529M->45M(4096M) 11.155ms
[2024-05-29T15:54:51.152+0000][1][gc,cpu      ] GC(41) User=0.02s Sys=0.00s Real=0.01s
[2024-05-29T15:54:51.152+0000][1][safepoint   ] Safepoint "G1CollectForAllocation", Time since last: 9197755583 ns, Reaching safepoint: 121965 ns, Cleanup: 5054 ns, At safepoint: 11233545 ns, Total: 11360564 ns
[2024-05-29T15:55:30.976+0000][1][safepoint   ] Safepoint "Cleanup", Time since last: 39823787197 ns, Reaching safepoint: 88422 ns, Cleanup: 11306 ns, At safepoint: 19058 ns, Total: 118786 ns
[2024-05-29T15:55:31.976+0000][1][safepoint   ] Safepoint "Cleanup", Time since last: 1000397018 ns, Reaching safepoint: 16174 ns, Cleanup: 17002 ns, At safepoint: 3489 ns, Total: 36665 ns
[2024-05-29T15:55:51.979+0000][1][safepoint   ] Safepoint "Cleanup", Time since last: 20002149559 ns, Reaching safepoint: 14665 ns, Cleanup: 17826 ns, At safepoint: 3558 ns, Total: 36049 ns
[2024-05-29T15:56:10.867+0000][1][gc,start    ] GC(42) Pause Young (Normal) (G1 Evacuation Pause)
[2024-05-29T15:56:10.867+0000][1][gc,task     ] GC(42) Using 2 workers of 2 for evacuation
[2024-05-29T15:56:10.867+0000][1][gc,age      ] GC(42) Desired survivor size 161480704 bytes, new threshold 15 (max threshold 15)
[2024-05-29T15:56:10.886+0000][1][gc,phases   ] GC(42)   Pre Evacuate Collection Set: 0.7ms
[2024-05-29T15:56:10.886+0000][1][gc,phases   ] GC(42)   Merge Heap Roots: 0.6ms
[2024-05-29T15:56:10.886+0000][1][gc,phases   ] GC(42)   Evacuate Collection Set: 13.6ms
[2024-05-29T15:56:10.886+0000][1][gc,phases   ] GC(42)   Post Evacuate Collection Set: 3.4ms
[2024-05-29T15:56:10.886+0000][1][gc,phases   ] GC(42)   Other: 0.2ms
[2024-05-29T15:56:10.886+0000][1][gc,age      ] GC(42) Age table with threshold 15 (max threshold 15)
[2024-05-29T15:56:10.886+0000][1][gc,age      ] GC(42) - age   1:    7376696 bytes,    7376696 total
[2024-05-29T15:56:10.886+0000][1][gc,age      ] GC(42) - age   2:      23872 bytes,    7400568 total
[2024-05-29T15:56:10.886+0000][1][gc,age      ] GC(42) - age   3:      24384 bytes,    7424952 total
[2024-05-29T15:56:10.886+0000][1][gc,age      ] GC(42) - age   4:      24576 bytes,    7449528 total
[2024-05-29T15:56:10.886+0000][1][gc,age      ] GC(42) - age   5:      23680 bytes,    7473208 total
[2024-05-29T15:56:10.886+0000][1][gc,age      ] GC(42) - age   6:      25480 bytes,    7498688 total
[2024-05-29T15:56:10.886+0000][1][gc,age      ] GC(42) - age   7:      24288 bytes,    7522976 total
[2024-05-29T15:56:10.886+0000][1][gc,age      ] GC(42) - age   8:      24384 bytes,    7547360 total
[2024-05-29T15:56:10.886+0000][1][gc,age      ] GC(42) - age   9:      25472 bytes,    7572832 total
[2024-05-29T15:56:10.886+0000][1][gc,age      ] GC(42) - age  10:      27488 bytes,    7600320 total
[2024-05-29T15:56:10.886+0000][1][gc,age      ] GC(42) - age  11:      23664 bytes,    7623984 total
[2024-05-29T15:56:10.886+0000][1][gc,age      ] GC(42) - age  12:      24952 bytes,    7648936 total
[2024-05-29T15:56:10.886+0000][1][gc,age      ] GC(42) - age  13:      26144 bytes,    7675080 total
[2024-05-29T15:56:10.886+0000][1][gc,age      ] GC(42) - age  14:      25336 bytes,    7700416 total
[2024-05-29T15:56:10.886+0000][1][gc,age      ] GC(42) - age  15:      24696 bytes,    7725112 total
[2024-05-29T15:56:10.886+0000][1][gc,heap     ] GC(42) Eden regions: 1225->0(1224)
[2024-05-29T15:56:10.886+0000][1][gc,heap     ] GC(42) Survivor regions: 3->4(154)
[2024-05-29T15:56:10.886+0000][1][gc,heap     ] GC(42) Old regions: 21->21
[2024-05-29T15:56:10.886+0000][1][gc,heap     ] GC(42) Humongous regions: 14->0
[2024-05-29T15:56:10.886+0000][1][gc,metaspace] GC(42) Metaspace: 92292K(93760K)->92292K(93760K) NonClass: 80697K(81472K)->80697K(81472K) Class: 11595K(12288K)->11595K(12288K)
[2024-05-29T15:56:10.886+0000][1][gc          ] GC(42) Pause Young (Normal) (G1 Evacuation Pause) 2523M->49M(4096M) 19.097ms
[2024-05-29T15:56:10.886+0000][1][gc,cpu      ] GC(42) User=0.03s Sys=0.00s Real=0.02s
[2024-05-29T15:56:10.886+0000][1][safepoint   ] Safepoint "G1CollectForAllocation", Time since last: 18888332604 ns, Reaching safepoint: 35975 ns, Cleanup: 5263 ns, At safepoint: 19174405 ns, Total: 19215643 ns
[2024-05-29T15:56:11.886+0000][1][safepoint   ] Safepoint "Cleanup", Time since last: 1000130465 ns, Reaching safepoint: 21666 ns, Cleanup: 20449 ns, At safepoint: 5279 ns, Total: 47394 ns
[2024-05-29T15:56:21.890+0000][1][safepoint   ] Safepoint "Cleanup", Time since last: 10003319482 ns, Reaching safepoint: 15509 ns, Cleanup: 15256 ns, At safepoint: 3555 ns, Total: 34320 ns
[2024-05-29T15:56:31.891+0000][1][safepoint   ] Safepoint "Cleanup", Time since last: 10001138606 ns, Reaching safepoint: 13627 ns, Cleanup: 13659 ns, At safepoint: 3564 ns, Total: 30850 ns
[2024-05-29T15:56:41.892+0000][1][safepoint   ] Safepoint "Cleanup", Time since last: 10001524521 ns, Reaching safepoint: 14654 ns, Cleanup: 14019 ns, At safepoint: 3310 ns, Total: 31983 ns
[2024-05-29T15:56:51.894+0000][1][safepoint   ] Safepoint "Cleanup", Time since last: 10001301365 ns, Reaching safepoint: 15319 ns, Cleanup: 15961 ns, At safepoint: 3503 ns, Total: 34783 ns
[2024-05-29T15:57:01.895+0000][1][safepoint   ] Safepoint "Cleanup", Time since last: 10001458643 ns, Reaching safepoint: 46640 ns, Cleanup: 21591 ns, At safepoint: 3464 ns, Total: 71695 ns
[2024-05-29T15:57:20.898+0000][1][safepoint   ] Safepoint "Cleanup", Time since last: 19002217655 ns, Reaching safepoint: 378663 ns, Cleanup: 12578 ns, At safepoint: 23919 ns, Total: 415160 ns
[2024-05-29T15:57:21.583+0000][1][gc,start    ] GC(43) Pause Young (Normal) (G1 Evacuation Pause)
[2024-05-29T15:57:21.583+0000][1][gc,task     ] GC(43) Using 2 workers of 2 for evacuation
[2024-05-29T15:57:21.583+0000][1][gc,age      ] GC(43) Desired survivor size 161480704 bytes, new threshold 15 (max threshold 15)
[2024-05-29T15:57:21.594+0000][1][gc,phases   ] GC(43)   Pre Evacuate Collection Set: 0.6ms
[2024-05-29T15:57:21.594+0000][1][gc,phases   ] GC(43)   Merge Heap Roots: 0.3ms
[2024-05-29T15:57:21.594+0000][1][gc,phases   ] GC(43)   Evacuate Collection Set: 7.1ms
[2024-05-29T15:57:21.594+0000][1][gc,phases   ] GC(43)   Post Evacuate Collection Set: 2.9ms
[2024-05-29T15:57:21.594+0000][1][gc,phases   ] GC(43)   Other: 0.1ms
[2024-05-29T15:57:21.594+0000][1][gc,age      ] GC(43) Age table with threshold 15 (max threshold 15)
[2024-05-29T15:57:21.594+0000][1][gc,age      ] GC(43) - age   1:    4089808 bytes,    4089808 total
[2024-05-29T15:57:21.594+0000][1][gc,age      ] GC(43) - age   2:      24832 bytes,    4114640 total
[2024-05-29T15:57:21.594+0000][1][gc,age      ] GC(43) - age   3:      23784 bytes,    4138424 total
[2024-05-29T15:57:21.594+0000][1][gc,age      ] GC(43) - age   4:      24384 bytes,    4162808 total
[2024-05-29T15:57:21.594+0000][1][gc,age      ] GC(43) - age   5:      24488 bytes,    4187296 total
[2024-05-29T15:57:21.594+0000][1][gc,age      ] GC(43) - age   6:      23680 bytes,    4210976 total
[2024-05-29T15:57:21.594+0000][1][gc,age      ] GC(43) - age   7:      25480 bytes,    4236456 total
[2024-05-29T15:57:21.594+0000][1][gc,age      ] GC(43) - age   8:      24288 bytes,    4260744 total
[2024-05-29T15:57:21.594+0000][1][gc,age      ] GC(43) - age   9:      24384 bytes,    4285128 total
[2024-05-29T15:57:21.594+0000][1][gc,age      ] GC(43) - age  10:      25472 bytes,    4310600 total
[2024-05-29T15:57:21.594+0000][1][gc,age      ] GC(43) - age  11:      27488 bytes,    4338088 total
[2024-05-29T15:57:21.594+0000][1][gc,age      ] GC(43) - age  12:      23664 bytes,    4361752 total
[2024-05-29T15:57:21.594+0000][1][gc,age      ] GC(43) - age  13:      24952 bytes,    4386704 total
[2024-05-29T15:57:21.594+0000][1][gc,age      ] GC(43) - age  14:      26144 bytes,    4412848 total
[2024-05-29T15:57:21.594+0000][1][gc,age      ] GC(43) - age  15:      25336 bytes,    4438184 total
[2024-05-29T15:57:21.594+0000][1][gc,heap     ] GC(43) Eden regions: 1224->0(1225)
[2024-05-29T15:57:21.594+0000][1][gc,heap     ] GC(43) Survivor regions: 4->3(154)
[2024-05-29T15:57:21.594+0000][1][gc,heap     ] GC(43) Old regions: 21->21
[2024-05-29T15:57:21.594+0000][1][gc,heap     ] GC(43) Humongous regions: 16->0
[2024-05-29T15:57:21.594+0000][1][gc,metaspace] GC(43) Metaspace: 92293K(93760K)->92293K(93760K) NonClass: 80697K(81472K)->80697K(81472K) Class: 11595K(12288K)->11595K(12288K)
[2024-05-29T15:57:21.594+0000][1][gc          ] GC(43) Pause Young (Normal) (G1 Evacuation Pause) 2529M->46M(4096M) 11.505ms
[2024-05-29T15:57:21.594+0000][1][gc,cpu      ] GC(43) User=0.02s Sys=0.00s Real=0.01s
[2024-05-29T15:57:21.594+0000][1][safepoint   ] Safepoint "G1CollectForAllocation", Time since last: 684797968 ns, Reaching safepoint: 15029 ns, Cleanup: 5148 ns, At safepoint: 11579122 ns, Total: 11599299 ns
[2024-05-29T15:57:38.038+0000][1][safepoint   ] Safepoint "Cleanup", Time since last: 16444153874 ns, Reaching safepoint: 13365 ns, Cleanup: 16125 ns, At safepoint: 3653 ns, Total: 33143 ns
[2024-05-29T15:57:52.040+0000][1][safepoint   ] Safepoint "Cleanup", Time since last: 14001696664 ns, Reaching safepoint: 15576 ns, Cleanup: 17824 ns, At safepoint: 3707 ns, Total: 37107 ns
[2024-05-29T15:58:08.043+0000][1][safepoint   ] Safepoint "Cleanup", Time since last: 16003226381 ns, Reaching safepoint: 41997 ns, Cleanup: 15781 ns, At safepoint: 3216 ns, Total: 60994 ns
[2024-05-29T15:58:41.047+0000][1][safepoint   ] Safepoint "Cleanup", Time since last: 33003323936 ns, Reaching safepoint: 91550 ns, Cleanup: 14467 ns, At safepoint: 11429 ns, Total: 117446 ns
[2024-05-29T15:58:41.079+0000][1][gc,start    ] GC(44) Pause Young (Normal) (G1 Evacuation Pause)
[2024-05-29T15:58:41.079+0000][1][gc,task     ] GC(44) Using 2 workers of 2 for evacuation
[2024-05-29T15:58:41.079+0000][1][gc,age      ] GC(44) Desired survivor size 161480704 bytes, new threshold 15 (max threshold 15)
[2024-05-29T15:58:41.089+0000][1][gc,phases   ] GC(44)   Pre Evacuate Collection Set: 0.7ms
[2024-05-29T15:58:41.089+0000][1][gc,phases   ] GC(44)   Merge Heap Roots: 0.2ms
[2024-05-29T15:58:41.089+0000][1][gc,phases   ] GC(44)   Evacuate Collection Set: 6.6ms
[2024-05-29T15:58:41.089+0000][1][gc,phases   ] GC(44)   Post Evacuate Collection Set: 2.3ms
[2024-05-29T15:58:41.089+0000][1][gc,phases   ] GC(44)   Other: 0.1ms
[2024-05-29T15:58:41.089+0000][1][gc,age      ] GC(44) Age table with threshold 15 (max threshold 15)
[2024-05-29T15:58:41.089+0000][1][gc,age      ] GC(44) - age   1:    3740128 bytes,    3740128 total
[2024-05-29T15:58:41.089+0000][1][gc,age      ] GC(44) - age   2:      26696 bytes,    3766824 total
[2024-05-29T15:58:41.089+0000][1][gc,age      ] GC(44) - age   3:      24624 bytes,    3791448 total
[2024-05-29T15:58:41.089+0000][1][gc,age      ] GC(44) - age   4:      23784 bytes,    3815232 total
[2024-05-29T15:58:41.089+0000][1][gc,age      ] GC(44) - age   5:      23568 bytes,    3838800 total
[2024-05-29T15:58:41.089+0000][1][gc,age      ] GC(44) - age   6:      24488 bytes,    3863288 total
[2024-05-29T15:58:41.089+0000][1][gc,age      ] GC(44) - age   7:      23680 bytes,    3886968 total
[2024-05-29T15:58:41.089+0000][1][gc,age      ] GC(44) - age   8:      25480 bytes,    3912448 total
[2024-05-29T15:58:41.089+0000][1][gc,age      ] GC(44) - age   9:      23472 bytes,    3935920 total
[2024-05-29T15:58:41.090+0000][1][gc,age      ] GC(44) - age  10:      24384 bytes,    3960304 total
[2024-05-29T15:58:41.090+0000][1][gc,age      ] GC(44) - age  11:      25472 bytes,    3985776 total
[2024-05-29T15:58:41.090+0000][1][gc,age      ] GC(44) - age  12:      27488 bytes,    4013264 total
[2024-05-29T15:58:41.090+0000][1][gc,age      ] GC(44) - age  13:      23664 bytes,    4036928 total
[2024-05-29T15:58:41.090+0000][1][gc,age      ] GC(44) - age  14:      24952 bytes,    4061880 total
[2024-05-29T15:58:41.090+0000][1][gc,age      ] GC(44) - age  15:      26144 bytes,    4088024 total
[2024-05-29T15:58:41.090+0000][1][gc,heap     ] GC(44) Eden regions: 1225->0(1225)
[2024-05-29T15:58:41.090+0000][1][gc,heap     ] GC(44) Survivor regions: 3->3(154)
[2024-05-29T15:58:41.090+0000][1][gc,heap     ] GC(44) Old regions: 21->21
[2024-05-29T15:58:41.090+0000][1][gc,heap     ] GC(44) Humongous regions: 16->0
[2024-05-29T15:58:41.090+0000][1][gc,metaspace] GC(44) Metaspace: 92295K(93760K)->92295K(93760K) NonClass: 80699K(81472K)->80699K(81472K) Class: 11595K(12288K)->11595K(12288K)
[2024-05-29T15:58:41.090+0000][1][gc          ] GC(44) Pause Young (Normal) (G1 Evacuation Pause) 2528M->46M(4096M) 10.303ms
[2024-05-29T15:58:41.090+0000][1][gc,cpu      ] GC(44) User=0.02s Sys=0.00s Real=0.02s
[2024-05-29T15:58:41.090+0000][1][safepoint   ] Safepoint "G1CollectForAllocation", Time since last: 32332708 ns, Reaching safepoint: 98880 ns, Cleanup: 4676 ns, At safepoint: 10378676 ns, Total: 10482232 ns
[2024-05-29T15:58:42.090+0000][1][safepoint   ] Safepoint "Cleanup", Time since last: 1000215475 ns, Reaching safepoint: 15563 ns, Cleanup: 42038 ns, At safepoint: 4369 ns, Total: 61970 ns
[2024-05-29T15:59:02.093+0000][1][safepoint   ] Safepoint "Cleanup", Time since last: 20002755335 ns, Reaching safepoint: 15214 ns, Cleanup: 18469 ns, At safepoint: 3375 ns, Total: 37058 ns
[2024-05-29T15:59:31.109+0000][1][safepoint   ] Safepoint "Cleanup", Time since last: 29016472952 ns, Reaching safepoint: 142680 ns, Cleanup: 11367 ns, At safepoint: 13635 ns, Total: 167682 ns
[2024-05-29T15:59:41.110+0000][1][safepoint   ] Safepoint "Cleanup", Time since last: 10001041503 ns, Reaching safepoint: 13410 ns, Cleanup: 14132 ns, At safepoint: 7809 ns, Total: 35351 ns
[2024-05-29T16:00:00.797+0000][1][gc,start    ] GC(45) Pause Young (Normal) (G1 Evacuation Pause)
[2024-05-29T16:00:00.797+0000][1][gc,task     ] GC(45) Using 2 workers of 2 for evacuation
[2024-05-29T16:00:00.797+0000][1][gc,age      ] GC(45) Desired survivor size 161480704 bytes, new threshold 15 (max threshold 15)
[2024-05-29T16:00:00.809+0000][1][gc,phases   ] GC(45)   Pre Evacuate Collection Set: 0.7ms
[2024-05-29T16:00:00.809+0000][1][gc,phases   ] GC(45)   Merge Heap Roots: 0.4ms
[2024-05-29T16:00:00.809+0000][1][gc,phases   ] GC(45)   Evacuate Collection Set: 8.3ms
[2024-05-29T16:00:00.809+0000][1][gc,phases   ] GC(45)   Post Evacuate Collection Set: 2.6ms
[2024-05-29T16:00:00.809+0000][1][gc,phases   ] GC(45)   Other: 0.2ms
[2024-05-29T16:00:00.809+0000][1][gc,age      ] GC(45) Age table with threshold 15 (max threshold 15)
[2024-05-29T16:00:00.809+0000][1][gc,age      ] GC(45) - age   1:    4570848 bytes,    4570848 total
[2024-05-29T16:00:00.809+0000][1][gc,age      ] GC(45) - age   2:      27496 bytes,    4598344 total
[2024-05-29T16:00:00.809+0000][1][gc,age      ] GC(45) - age   3:      26696 bytes,    4625040 total
[2024-05-29T16:00:00.809+0000][1][gc,age      ] GC(45) - age   4:      24296 bytes,    4649336 total
[2024-05-29T16:00:00.809+0000][1][gc,age      ] GC(45) - age   5:      23784 bytes,    4673120 total
[2024-05-29T16:00:00.809+0000][1][gc,age      ] GC(45) - age   6:      23568 bytes,    4696688 total
[2024-05-29T16:00:00.809+0000][1][gc,age      ] GC(45) - age   7:      24488 bytes,    4721176 total
[2024-05-29T16:00:00.809+0000][1][gc,age      ] GC(45) - age   8:      23680 bytes,    4744856 total
[2024-05-29T16:00:00.809+0000][1][gc,age      ] GC(45) - age   9:      25480 bytes,    4770336 total
[2024-05-29T16:00:00.809+0000][1][gc,age      ] GC(45) - age  10:      23472 bytes,    4793808 total
[2024-05-29T16:00:00.809+0000][1][gc,age      ] GC(45) - age  11:      24384 bytes,    4818192 total
[2024-05-29T16:00:00.809+0000][1][gc,age      ] GC(45) - age  12:      25472 bytes,    4843664 total
[2024-05-29T16:00:00.809+0000][1][gc,age      ] GC(45) - age  13:      27488 bytes,    4871152 total
[2024-05-29T16:00:00.809+0000][1][gc,age      ] GC(45) - age  14:      23664 bytes,    4894816 total
[2024-05-29T16:00:00.809+0000][1][gc,age      ] GC(45) - age  15:      24952 bytes,    4919768 total
[2024-05-29T16:00:00.809+0000][1][gc,heap     ] GC(45) Eden regions: 1225->0(1225)
[2024-05-29T16:00:00.809+0000][1][gc,heap     ] GC(45) Survivor regions: 3->3(154)
[2024-05-29T16:00:00.809+0000][1][gc,heap     ] GC(45) Old regions: 21->21
[2024-05-29T16:00:00.809+0000][1][gc,heap     ] GC(45) Humongous regions: 14->0
[2024-05-29T16:00:00.809+0000][1][gc,metaspace] GC(45) Metaspace: 92307K(93760K)->92307K(93760K) NonClass: 80711K(81472K)->80711K(81472K) Class: 11595K(12288K)->11595K(12288K)
[2024-05-29T16:00:00.810+0000][1][gc          ] GC(45) Pause Young (Normal) (G1 Evacuation Pause) 2524M->46M(4096M) 12.549ms
[2024-05-29T16:00:00.810+0000][1][gc,cpu      ] GC(45) User=0.02s Sys=0.00s Real=0.02s
[2024-05-29T16:00:00.810+0000][1][safepoint   ] Safepoint "G1CollectForAllocation", Time since last: 19686241633 ns, Reaching safepoint: 161452 ns, Cleanup: 5088 ns, At safepoint: 12675756 ns, Total: 12842296 ns
[2024-05-29T16:00:11.811+0000][1][safepoint   ] Safepoint "Cleanup", Time since last: 11001808115 ns, Reaching safepoint: 16073 ns, Cleanup: 16420 ns, At safepoint: 3076 ns, Total: 35569 ns
[2024-05-29T16:00:20.815+0000][1][safepoint   ] Safepoint "Cleanup", Time since last: 9002929191 ns, Reaching safepoint: 101450 ns, Cleanup: 12684 ns, At safepoint: 10426 ns, Total: 124560 ns
[2024-05-29T16:00:21.815+0000][1][safepoint   ] Safepoint "Cleanup", Time since last: 1000816808 ns, Reaching safepoint: 77809 ns, Cleanup: 17446 ns, At safepoint: 4673 ns, Total: 99928 ns
[2024-05-29T16:00:30.818+0000][1][safepoint   ] Safepoint "Cleanup", Time since last: 9002081560 ns, Reaching safepoint: 140758 ns, Cleanup: 11680 ns, At safepoint: 11749 ns, Total: 164187 ns
[2024-05-29T16:00:31.818+0000][1][safepoint   ] Safepoint "Cleanup", Time since last: 1000459282 ns, Reaching safepoint: 98909 ns, Cleanup: 15445 ns, At safepoint: 12136 ns, Total: 126490 ns
[2024-05-29T16:00:50.820+0000][1][safepoint   ] Safepoint "Cleanup", Time since last: 19001955055 ns, Reaching safepoint: 99201 ns, Cleanup: 11488 ns, At safepoint: 15748 ns, Total: 126437 ns
[2024-05-29T16:01:01.824+0000][1][safepoint   ] Safepoint "Cleanup", Time since last: 11003166487 ns, Reaching safepoint: 135065 ns, Cleanup: 12041 ns, At safepoint: 11177 ns, Total: 158283 ns
[2024-05-29T16:01:08.825+0000][1][safepoint   ] Safepoint "Cleanup", Time since last: 7001077331 ns, Reaching safepoint: 14987 ns, Cleanup: 17480 ns, At safepoint: 3381 ns, Total: 35848 ns
[2024-05-29T16:01:11.438+0000][1][gc,start    ] GC(46) Pause Young (Normal) (G1 Evacuation Pause)
[2024-05-29T16:01:11.438+0000][1][gc,task     ] GC(46) Using 2 workers of 2 for evacuation
[2024-05-29T16:01:11.438+0000][1][gc,age      ] GC(46) Desired survivor size 161480704 bytes, new threshold 15 (max threshold 15)
[2024-05-29T16:01:11.457+0000][1][gc,phases   ] GC(46)   Pre Evacuate Collection Set: 1.8ms
[2024-05-29T16:01:11.457+0000][1][gc,phases   ] GC(46)   Merge Heap Roots: 0.2ms
[2024-05-29T16:01:11.457+0000][1][gc,phases   ] GC(46)   Evacuate Collection Set: 12.2ms
[2024-05-29T16:01:11.457+0000][1][gc,phases   ] GC(46)   Post Evacuate Collection Set: 3.4ms
[2024-05-29T16:01:11.457+0000][1][gc,phases   ] GC(46)   Other: 0.9ms
[2024-05-29T16:01:11.457+0000][1][gc,age      ] GC(46) Age table with threshold 15 (max threshold 15)
[2024-05-29T16:01:11.457+0000][1][gc,age      ] GC(46) - age   1:    2738832 bytes,    2738832 total
[2024-05-29T16:01:11.457+0000][1][gc,age      ] GC(46) - age   2:      25872 bytes,    2764704 total
[2024-05-29T16:01:11.457+0000][1][gc,age      ] GC(46) - age   3:      27320 bytes,    2792024 total
[2024-05-29T16:01:11.457+0000][1][gc,age      ] GC(46) - age   4:      26608 bytes,    2818632 total
[2024-05-29T16:01:11.457+0000][1][gc,age      ] GC(46) - age   5:      24296 bytes,    2842928 total
[2024-05-29T16:01:11.457+0000][1][gc,age      ] GC(46) - age   6:      23784 bytes,    2866712 total
[2024-05-29T16:01:11.457+0000][1][gc,age      ] GC(46) - age   7:      23568 bytes,    2890280 total
[2024-05-29T16:01:11.457+0000][1][gc,age      ] GC(46) - age   8:      24488 bytes,    2914768 total
[2024-05-29T16:01:11.457+0000][1][gc,age      ] GC(46) - age   9:      23680 bytes,    2938448 total
[2024-05-29T16:01:11.457+0000][1][gc,age      ] GC(46) - age  10:      25480 bytes,    2963928 total
[2024-05-29T16:01:11.457+0000][1][gc,age      ] GC(46) - age  11:      23472 bytes,    2987400 total
[2024-05-29T16:01:11.457+0000][1][gc,age      ] GC(46) - age  12:      24384 bytes,    3011784 total
[2024-05-29T16:01:11.457+0000][1][gc,age      ] GC(46) - age  13:      25472 bytes,    3037256 total
[2024-05-29T16:01:11.457+0000][1][gc,age      ] GC(46) - age  14:      27488 bytes,    3064744 total
[2024-05-29T16:01:11.457+0000][1][gc,age      ] GC(46) - age  15:      23664 bytes,    3088408 total
[2024-05-29T16:01:11.457+0000][1][gc,heap     ] GC(46) Eden regions: 1225->0(1226)
[2024-05-29T16:01:11.457+0000][1][gc,heap     ] GC(46) Survivor regions: 3->2(154)
[2024-05-29T16:01:11.457+0000][1][gc,heap     ] GC(46) Old regions: 21->21
[2024-05-29T16:01:11.457+0000][1][gc,heap     ] GC(46) Humongous regions: 16->0
[2024-05-29T16:01:11.457+0000][1][gc,metaspace] GC(46) Metaspace: 92308K(93760K)->92308K(93760K) NonClass: 80712K(81472K)->80712K(81472K) Class: 11595K(12288K)->11595K(12288K)
[2024-05-29T16:01:11.458+0000][1][gc          ] GC(46) Pause Young (Normal) (G1 Evacuation Pause) 2528M->45M(4096M) 19.864ms
[2024-05-29T16:01:11.458+0000][1][gc,cpu      ] GC(46) User=0.03s Sys=0.00s Real=0.02s
[2024-05-29T16:01:11.458+0000][1][safepoint   ] Safepoint "G1CollectForAllocation", Time since last: 2612840475 ns, Reaching safepoint: 97677 ns, Cleanup: 5684 ns, At safepoint: 19980906 ns, Total: 20084267 ns
[2024-05-29T16:01:22.459+0000][1][safepoint   ] Safepoint "Cleanup", Time since last: 11001407772 ns, Reaching safepoint: 16538 ns, Cleanup: 15564 ns, At safepoint: 4175 ns, Total: 36277 ns
[2024-05-29T16:01:41.178+0000][1][safepoint   ] Safepoint "Cleanup", Time since last: 18718752688 ns, Reaching safepoint: 94570 ns, Cleanup: 15023 ns, At safepoint: 12276 ns, Total: 121869 ns
[2024-05-29T16:01:42.178+0000][1][safepoint   ] Safepoint "Cleanup", Time since last: 1000358063 ns, Reaching safepoint: 14178 ns, Cleanup: 23412 ns, At safepoint: 3496 ns, Total: 41086 ns
[2024-05-29T16:02:01.181+0000][1][safepoint   ] Safepoint "Cleanup", Time since last: 19002450836 ns, Reaching safepoint: 213403 ns, Cleanup: 13093 ns, At safepoint: 15089 ns, Total: 241585 ns
[2024-05-29T16:02:12.183+0000][1][safepoint   ] Safepoint "Cleanup", Time since last: 11002202453 ns, Reaching safepoint: 16285 ns, Cleanup: 19207 ns, At safepoint: 3581 ns, Total: 39073 ns
[2024-05-29T16:02:22.185+0000][1][safepoint   ] Safepoint "Cleanup", Time since last: 10001437788 ns, Reaching safepoint: 12703 ns, Cleanup: 16643 ns, At safepoint: 2926 ns, Total: 32272 ns
[2024-05-29T16:02:27.568+0000][1][gc,start    ] GC(47) Pause Young (Normal) (G1 Evacuation Pause)
[2024-05-29T16:02:27.568+0000][1][gc,task     ] GC(47) Using 2 workers of 2 for evacuation
[2024-05-29T16:02:27.568+0000][1][gc,age      ] GC(47) Desired survivor size 161480704 bytes, new threshold 15 (max threshold 15)
[2024-05-29T16:02:27.580+0000][1][gc,phases   ] GC(47)   Pre Evacuate Collection Set: 0.6ms
[2024-05-29T16:02:27.580+0000][1][gc,phases   ] GC(47)   Merge Heap Roots: 0.6ms
[2024-05-29T16:02:27.580+0000][1][gc,phases   ] GC(47)   Evacuate Collection Set: 6.2ms
[2024-05-29T16:02:27.580+0000][1][gc,phases   ] GC(47)   Post Evacuate Collection Set: 3.9ms
[2024-05-29T16:02:27.580+0000][1][gc,phases   ] GC(47)   Other: 0.2ms
[2024-05-29T16:02:27.580+0000][1][gc,age      ] GC(47) Age table with threshold 15 (max threshold 15)
[2024-05-29T16:02:27.580+0000][1][gc,age      ] GC(47) - age   1:    3760904 bytes,    3760904 total
[2024-05-29T16:02:27.580+0000][1][gc,age      ] GC(47) - age   2:      25928 bytes,    3786832 total
[2024-05-29T16:02:27.580+0000][1][gc,age      ] GC(47) - age   3:      25576 bytes,    3812408 total
[2024-05-29T16:02:27.580+0000][1][gc,age      ] GC(47) - age   4:      27168 bytes,    3839576 total
[2024-05-29T16:02:27.580+0000][1][gc,age      ] GC(47) - age   5:      26608 bytes,    3866184 total
[2024-05-29T16:02:27.580+0000][1][gc,age      ] GC(47) - age   6:      24296 bytes,    3890480 total
[2024-05-29T16:02:27.580+0000][1][gc,age      ] GC(47) - age   7:      23784 bytes,    3914264 total
[2024-05-29T16:02:27.580+0000][1][gc,age      ] GC(47) - age   8:      23568 bytes,    3937832 total
[2024-05-29T16:02:27.580+0000][1][gc,age      ] GC(47) - age   9:      24488 bytes,    3962320 total
[2024-05-29T16:02:27.580+0000][1][gc,age      ] GC(47) - age  10:      23680 bytes,    3986000 total
[2024-05-29T16:02:27.580+0000][1][gc,age      ] GC(47) - age  11:      25480 bytes,    4011480 total
[2024-05-29T16:02:27.580+0000][1][gc,age      ] GC(47) - age  12:      23472 bytes,    4034952 total
[2024-05-29T16:02:27.580+0000][1][gc,age      ] GC(47) - age  13:      24384 bytes,    4059336 total
[2024-05-29T16:02:27.580+0000][1][gc,age      ] GC(47) - age  14:      25472 bytes,    4084808 total
[2024-05-29T16:02:27.580+0000][1][gc,age      ] GC(47) - age  15:      27488 bytes,    4112296 total
[2024-05-29T16:02:27.580+0000][1][gc,heap     ] GC(47) Eden regions: 1226->0(1225)
[2024-05-29T16:02:27.580+0000][1][gc,heap     ] GC(47) Survivor regions: 2->3(154)
[2024-05-29T16:02:27.580+0000][1][gc,heap     ] GC(47) Old regions: 21->21
[2024-05-29T16:02:27.580+0000][1][gc,heap     ] GC(47) Humongous regions: 14->0
[2024-05-29T16:02:27.580+0000][1][gc,metaspace] GC(47) Metaspace: 92308K(93760K)->92308K(93760K) NonClass: 80712K(81472K)->80712K(81472K) Class: 11595K(12288K)->11595K(12288K)
[2024-05-29T16:02:27.580+0000][1][gc          ] GC(47) Pause Young (Normal) (G1 Evacuation Pause) 2525M->46M(4096M) 11.940ms
[2024-05-29T16:02:27.580+0000][1][gc,cpu      ] GC(47) User=0.01s Sys=0.00s Real=0.01s
[2024-05-29T16:02:27.580+0000][1][safepoint   ] Safepoint "G1CollectForAllocation", Time since last: 5383069228 ns, Reaching safepoint: 236586 ns, Cleanup: 12269 ns, At safepoint: 12015696 ns, Total: 12264551 ns
[2024-05-29T16:02:29.207+0000][1][safepoint   ] Safepoint "Cleanup", Time since last: 1626889867 ns, Reaching safepoint: 13472 ns, Cleanup: 16211 ns, At safepoint: 3223 ns, Total: 32906 ns
[2024-05-29T16:02:36.208+0000][1][safepoint   ] Safepoint "Cleanup", Time since last: 7000943125 ns, Reaching safepoint: 15004 ns, Cleanup: 20880 ns, At safepoint: 3440 ns, Total: 39324 ns
[2024-05-29T16:02:39.208+0000][1][safepoint   ] Safepoint "Cleanup", Time since last: 3000401517 ns, Reaching safepoint: 11576 ns, Cleanup: 14100 ns, At safepoint: 32790 ns, Total: 58466 ns
[2024-05-29T16:02:40.209+0000][1][safepoint   ] Safepoint "Cleanup", Time since last: 1000191051 ns, Reaching safepoint: 12934 ns, Cleanup: 12658 ns, At safepoint: 3614 ns, Total: 29206 ns
[2024-05-29T16:02:47.210+0000][1][safepoint   ] Safepoint "Cleanup", Time since last: 7000891083 ns, Reaching safepoint: 92138 ns, Cleanup: 50880 ns, At safepoint: 15333 ns, Total: 158351 ns
[2024-05-29T16:02:52.205+0000][1][gc,start    ] GC(48) Pause Young (Concurrent Start) (CodeCache GC Threshold)
[2024-05-29T16:02:52.205+0000][1][gc,task     ] GC(48) Using 2 workers of 2 for evacuation
[2024-05-29T16:02:52.205+0000][1][gc,age      ] GC(48) Desired survivor size 161480704 bytes, new threshold 15 (max threshold 15)
[2024-05-29T16:02:52.211+0000][1][gc,phases   ] GC(48)   Pre Evacuate Collection Set: 0.7ms
[2024-05-29T16:02:52.211+0000][1][gc,phases   ] GC(48)   Merge Heap Roots: 0.1ms
[2024-05-29T16:02:52.212+0000][1][gc,phases   ] GC(48)   Evacuate Collection Set: 3.6ms
[2024-05-29T16:02:52.212+0000][1][gc,phases   ] GC(48)   Post Evacuate Collection Set: 1.4ms
[2024-05-29T16:02:52.212+0000][1][gc,phases   ] GC(48)   Other: 0.2ms
[2024-05-29T16:02:52.212+0000][1][gc,age      ] GC(48) Age table with threshold 15 (max threshold 15)
[2024-05-29T16:02:52.212+0000][1][gc,age      ] GC(48) - age   1:     384840 bytes,     384840 total
[2024-05-29T16:02:52.212+0000][1][gc,age      ] GC(48) - age   2:      29624 bytes,     414464 total
[2024-05-29T16:02:52.212+0000][1][gc,age      ] GC(48) - age   3:      25840 bytes,     440304 total
[2024-05-29T16:02:52.212+0000][1][gc,age      ] GC(48) - age   4:      25576 bytes,     465880 total
[2024-05-29T16:02:52.212+0000][1][gc,age      ] GC(48) - age   5:      26352 bytes,     492232 total
[2024-05-29T16:02:52.212+0000][1][gc,age      ] GC(48) - age   6:      26608 bytes,     518840 total
[2024-05-29T16:02:52.212+0000][1][gc,age      ] GC(48) - age   7:      24296 bytes,     543136 total
[2024-05-29T16:02:52.212+0000][1][gc,age      ] GC(48) - age   8:      23784 bytes,     566920 total
[2024-05-29T16:02:52.212+0000][1][gc,age      ] GC(48) - age   9:      23568 bytes,     590488 total
[2024-05-29T16:02:52.212+0000][1][gc,age      ] GC(48) - age  10:      24488 bytes,     614976 total
[2024-05-29T16:02:52.212+0000][1][gc,age      ] GC(48) - age  11:      23680 bytes,     638656 total
[2024-05-29T16:02:52.212+0000][1][gc,age      ] GC(48) - age  12:      25480 bytes,     664136 total
[2024-05-29T16:02:52.212+0000][1][gc,age      ] GC(48) - age  13:      23472 bytes,     687608 total
[2024-05-29T16:02:52.212+0000][1][gc,age      ] GC(48) - age  14:      24384 bytes,     711992 total
[2024-05-29T16:02:52.212+0000][1][gc,age      ] GC(48) - age  15:      25472 bytes,     737464 total
[2024-05-29T16:02:52.212+0000][1][gc,heap     ] GC(48) Eden regions: 364->0(1227)
[2024-05-29T16:02:52.212+0000][1][gc,heap     ] GC(48) Survivor regions: 3->1(154)
[2024-05-29T16:02:52.212+0000][1][gc,heap     ] GC(48) Old regions: 21->21
[2024-05-29T16:02:52.212+0000][1][gc,heap     ] GC(48) Humongous regions: 4->0
[2024-05-29T16:02:52.212+0000][1][gc,metaspace] GC(48) Metaspace: 92319K(93760K)->92319K(93760K) NonClass: 80724K(81472K)->80724K(81472K) Class: 11595K(12288K)->11595K(12288K)
[2024-05-29T16:02:52.212+0000][1][gc          ] GC(48) Pause Young (Concurrent Start) (CodeCache GC Threshold) 782M->42M(4096M) 7.292ms
[2024-05-29T16:02:52.212+0000][1][gc,cpu      ] GC(48) User=0.01s Sys=0.00s Real=0.01s
[2024-05-29T16:02:52.212+0000][1][safepoint   ] Safepoint "G1TryInitiateConcMark", Time since last: 4994843000 ns, Reaching safepoint: 116095 ns, Cleanup: 12536 ns, At safepoint: 7371856 ns, Total: 7500487 ns
[2024-05-29T16:02:52.212+0000][1][gc          ] GC(49) Concurrent Mark Cycle
[2024-05-29T16:02:52.212+0000][1][gc,marking  ] GC(49) Concurrent Scan Root Regions
[2024-05-29T16:02:52.215+0000][1][gc,marking  ] GC(49) Concurrent Scan Root Regions 2.636ms
[2024-05-29T16:02:52.215+0000][1][gc,marking  ] GC(49) Concurrent Mark
[2024-05-29T16:02:52.215+0000][1][gc,marking  ] GC(49) Concurrent Mark From Roots
[2024-05-29T16:02:52.215+0000][1][gc,task     ] GC(49) Using 1 workers of 1 for marking
[2024-05-29T16:02:52.328+0000][1][gc,marking  ] GC(49) Concurrent Mark From Roots 113.030ms
[2024-05-29T16:02:52.328+0000][1][gc,marking  ] GC(49) Concurrent Preclean
[2024-05-29T16:02:52.329+0000][1][gc,marking  ] GC(49) Concurrent Preclean 0.662ms
[2024-05-29T16:02:52.329+0000][1][gc,start    ] GC(49) Pause Remark
[2024-05-29T16:02:52.362+0000][1][gc          ] GC(49) Pause Remark 88M->88M(4096M) 32.426ms
[2024-05-29T16:02:52.362+0000][1][gc,cpu      ] GC(49) User=0.05s Sys=0.00s Real=0.03s
[2024-05-29T16:02:52.363+0000][1][safepoint   ] Safepoint "G1PauseRemark", Time since last: 117005457 ns, Reaching safepoint: 121594 ns, Cleanup: 8399 ns, At safepoint: 33692259 ns, Total: 33822252 ns
[2024-05-29T16:02:52.363+0000][1][gc,marking  ] GC(49) Concurrent Mark 148.145ms
[2024-05-29T16:02:52.368+0000][1][gc,marking  ] GC(49) Concurrent Rebuild Remembered Sets and Scrub Regions
[2024-05-29T16:02:52.428+0000][1][gc,marking  ] GC(49) Concurrent Rebuild Remembered Sets and Scrub Regions 60.016ms
[2024-05-29T16:02:52.429+0000][1][gc,start    ] GC(49) Pause Cleanup
[2024-05-29T16:02:52.430+0000][1][gc          ] GC(49) Pause Cleanup 103M->103M(4096M) 0.725ms
[2024-05-29T16:02:52.430+0000][1][gc,cpu      ] GC(49) User=0.00s Sys=0.00s Real=0.00s
[2024-05-29T16:02:52.430+0000][1][safepoint   ] Safepoint "G1PauseCleanup", Time since last: 66146249 ns, Reaching safepoint: 13145 ns, Cleanup: 6696 ns, At safepoint: 794762 ns, Total: 814603 ns
[2024-05-29T16:02:52.430+0000][1][gc,marking  ] GC(49) Concurrent Clear Claimed Marks
[2024-05-29T16:02:52.431+0000][1][gc,marking  ] GC(49) Concurrent Clear Claimed Marks 0.198ms
[2024-05-29T16:02:52.431+0000][1][gc,marking  ] GC(49) Concurrent Cleanup for Next Mark
[2024-05-29T16:02:52.443+0000][1][gc,marking  ] GC(49) Concurrent Cleanup for Next Mark 12.180ms
[2024-05-29T16:02:52.443+0000][1][gc          ] GC(49) Concurrent Mark Cycle 230.836ms
[2024-05-29T16:02:57.431+0000][1][safepoint   ] Safepoint "Cleanup", Time since last: 5000614122 ns, Reaching safepoint: 12938 ns, Cleanup: 16722 ns, At safepoint: 2623 ns, Total: 32283 ns
[2024-05-29T16:03:27.434+0000][1][safepoint   ] Safepoint "Cleanup", Time since last: 30003442986 ns, Reaching safepoint: 99422 ns, Cleanup: 15048 ns, At safepoint: 8768 ns, Total: 123238 ns
[2024-05-29T16:03:29.242+0000][1][safepoint   ] Safepoint "Cleanup", Time since last: 1808086503 ns, Reaching safepoint: 12282 ns, Cleanup: 20556 ns, At safepoint: 3075 ns, Total: 35913 ns
[2024-05-29T16:03:31.243+0000][1][safepoint   ] Safepoint "Cleanup", Time since last: 2000283629 ns, Reaching safepoint: 14257 ns, Cleanup: 13909 ns, At safepoint: 2964 ns, Total: 31130 ns
[2024-05-29T16:03:36.243+0000][1][safepoint   ] Safepoint "Cleanup", Time since last: 5000546895 ns, Reaching safepoint: 13115 ns, Cleanup: 14739 ns, At safepoint: 2964 ns, Total: 30818 ns
[2024-05-29T16:03:38.243+0000][1][safepoint   ] Safepoint "Cleanup", Time since last: 2000263699 ns, Reaching safepoint: 13070 ns, Cleanup: 13505 ns, At safepoint: 3223 ns, Total: 29798 ns
[2024-05-29T16:04:08.247+0000][1][safepoint   ] Safepoint "Cleanup", Time since last: 30003695810 ns, Reaching safepoint: 38327 ns, Cleanup: 15072 ns, At safepoint: 3536 ns, Total: 56935 ns
[2024-05-29T16:04:12.248+0000][1][safepoint   ] Safepoint "Cleanup", Time since last: 4000467341 ns, Reaching safepoint: 15723 ns, Cleanup: 17527 ns, At safepoint: 4230 ns, Total: 37480 ns
[2024-05-29T16:04:40.279+0000][1][safepoint   ] Safepoint "Cleanup", Time since last: 28031477438 ns, Reaching safepoint: 37977 ns, Cleanup: 14707 ns, At safepoint: 5234 ns, Total: 57918 ns
[2024-05-29T16:04:42.279+0000][1][safepoint   ] Safepoint "Cleanup", Time since last: 2000244171 ns, Reaching safepoint: 12920 ns, Cleanup: 14043 ns, At safepoint: 2965 ns, Total: 29928 ns
[2024-05-29T16:05:17.999+0000][1][gc,start    ] GC(50) Pause Young (Prepare Mixed) (G1 Evacuation Pause)
[2024-05-29T16:05:17.999+0000][1][gc,task     ] GC(50) Using 2 workers of 2 for evacuation
[2024-05-29T16:05:17.999+0000][1][gc,age      ] GC(50) Desired survivor size 161480704 bytes, new threshold 15 (max threshold 15)
[2024-05-29T16:05:18.018+0000][1][gc,phases   ] GC(50)   Pre Evacuate Collection Set: 1.2ms
[2024-05-29T16:05:18.018+0000][1][gc,phases   ] GC(50)   Merge Heap Roots: 0.3ms
[2024-05-29T16:05:18.018+0000][1][gc,phases   ] GC(50)   Evacuate Collection Set: 12.0ms
[2024-05-29T16:05:18.018+0000][1][gc,phases   ] GC(50)   Post Evacuate Collection Set: 4.8ms
[2024-05-29T16:05:18.018+0000][1][gc,phases   ] GC(50)   Other: 0.2ms
[2024-05-29T16:05:18.018+0000][1][gc,age      ] GC(50) Age table with threshold 15 (max threshold 15)
[2024-05-29T16:05:18.018+0000][1][gc,age      ] GC(50) - age   1:    5073256 bytes,    5073256 total
[2024-05-29T16:05:18.018+0000][1][gc,age      ] GC(50) - age   2:       9624 bytes,    5082880 total
[2024-05-29T16:05:18.018+0000][1][gc,age      ] GC(50) - age   3:      29296 bytes,    5112176 total
[2024-05-29T16:05:18.019+0000][1][gc,age      ] GC(50) - age   4:      25752 bytes,    5137928 total
[2024-05-29T16:05:18.019+0000][1][gc,age      ] GC(50) - age   5:      25576 bytes,    5163504 total
[2024-05-29T16:05:18.019+0000][1][gc,age      ] GC(50) - age   6:      26352 bytes,    5189856 total
[2024-05-29T16:05:18.019+0000][1][gc,age      ] GC(50) - age   7:      26608 bytes,    5216464 total
[2024-05-29T16:05:18.019+0000][1][gc,age      ] GC(50) - age   8:      24296 bytes,    5240760 total
[2024-05-29T16:05:18.019+0000][1][gc,age      ] GC(50) - age   9:      23784 bytes,    5264544 total
[2024-05-29T16:05:18.019+0000][1][gc,age      ] GC(50) - age  10:      23568 bytes,    5288112 total
[2024-05-29T16:05:18.019+0000][1][gc,age      ] GC(50) - age  11:      24488 bytes,    5312600 total
[2024-05-29T16:05:18.019+0000][1][gc,age      ] GC(50) - age  12:      23680 bytes,    5336280 total
[2024-05-29T16:05:18.019+0000][1][gc,age      ] GC(50) - age  13:      25480 bytes,    5361760 total
[2024-05-29T16:05:18.019+0000][1][gc,age      ] GC(50) - age  14:      23472 bytes,    5385232 total
[2024-05-29T16:05:18.019+0000][1][gc,age      ] GC(50) - age  15:      24384 bytes,    5409616 total
[2024-05-29T16:05:18.019+0000][1][gc,heap     ] GC(50) Eden regions: 1227->0(1225)
[2024-05-29T16:05:18.019+0000][1][gc,heap     ] GC(50) Survivor regions: 1->3(154)
[2024-05-29T16:05:18.019+0000][1][gc,heap     ] GC(50) Old regions: 21->21
[2024-05-29T16:05:18.019+0000][1][gc,heap     ] GC(50) Humongous regions: 10->0
[2024-05-29T16:05:18.019+0000][1][gc,metaspace] GC(50) Metaspace: 91152K(93760K)->91152K(93760K) NonClass: 79848K(81472K)->79848K(81472K) Class: 11304K(12288K)->11304K(12288K)
[2024-05-29T16:05:18.020+0000][1][gc          ] GC(50) Pause Young (Prepare Mixed) (G1 Evacuation Pause) 2516M->46M(4096M) 20.471ms
[2024-05-29T16:05:18.020+0000][1][gc,cpu      ] GC(50) User=0.03s Sys=0.00s Real=0.02s
[2024-05-29T16:05:18.020+0000][1][safepoint   ] Safepoint "G1CollectForAllocation", Time since last: 35719421136 ns, Reaching safepoint: 198996 ns, Cleanup: 18277 ns, At safepoint: 20669413 ns, Total: 20886686 ns
[2024-05-29T16:05:19.020+0000][1][safepoint   ] Safepoint "Cleanup", Time since last: 1000456355 ns, Reaching safepoint: 16992 ns, Cleanup: 13863 ns, At safepoint: 3792 ns, Total: 34647 ns
[2024-05-29T16:05:29.313+0000][1][safepoint   ] Safepoint "Cleanup", Time since last: 10292510460 ns, Reaching safepoint: 15191 ns, Cleanup: 13872 ns, At safepoint: 3566 ns, Total: 32629 ns
[2024-05-29T16:05:38.315+0000][1][safepoint   ] Safepoint "Cleanup", Time since last: 9001871289 ns, Reaching safepoint: 13795 ns, Cleanup: 13540 ns, At safepoint: 3374 ns, Total: 30709 ns
[2024-05-29T16:07:39.374+0000][1][safepoint   ] Safepoint "Cleanup", Time since last: 121058862342 ns, Reaching safepoint: 12696 ns, Cleanup: 14585 ns, At safepoint: 2945 ns, Total: 30226 ns
[2024-05-29T16:07:42.374+0000][1][safepoint   ] Safepoint "Cleanup", Time since last: 3000371210 ns, Reaching safepoint: 15366 ns, Cleanup: 14945 ns, At safepoint: 3302 ns, Total: 33613 ns
[2024-05-29T16:08:37.404+0000][1][safepoint   ] Safepoint "Cleanup", Time since last: 55029475035 ns, Reaching safepoint: 15625 ns, Cleanup: 14209 ns, At safepoint: 4013 ns, Total: 33847 ns
[2024-05-29T16:09:42.433+0000][1][safepoint   ] Safepoint "Cleanup", Time since last: 65029356686 ns, Reaching safepoint: 14376 ns, Cleanup: 14898 ns, At safepoint: 3709 ns, Total: 32983 ns
[2024-05-29T16:09:43.007+0000][1][gc,start    ] GC(51) Pause Young (Mixed) (G1 Evacuation Pause)
[2024-05-29T16:09:43.007+0000][1][gc,task     ] GC(51) Using 2 workers of 2 for evacuation
[2024-05-29T16:09:43.014+0000][1][gc,age      ] GC(51) Desired survivor size 161480704 bytes, new threshold 15 (max threshold 15)
[2024-05-29T16:09:43.036+0000][1][gc,phases   ] GC(51)   Pre Evacuate Collection Set: 1.0ms
[2024-05-29T16:09:43.036+0000][1][gc,phases   ] GC(51)   Merge Heap Roots: 0.5ms
[2024-05-29T16:09:43.036+0000][1][gc,phases   ] GC(51)   Evacuate Collection Set: 17.4ms
[2024-05-29T16:09:43.036+0000][1][gc,phases   ] GC(51)   Post Evacuate Collection Set: 2.6ms
[2024-05-29T16:09:43.036+0000][1][gc,phases   ] GC(51)   Other: 7.7ms
[2024-05-29T16:09:43.036+0000][1][gc,age      ] GC(51) Age table with threshold 15 (max threshold 15)
[2024-05-29T16:09:43.036+0000][1][gc,age      ] GC(51) - age   1:    5283552 bytes,    5283552 total
[2024-05-29T16:09:43.036+0000][1][gc,age      ] GC(51) - age   2:      48992 bytes,    5332544 total
[2024-05-29T16:09:43.036+0000][1][gc,age      ] GC(51) - age   3:       8808 bytes,    5341352 total
[2024-05-29T16:09:43.036+0000][1][gc,age      ] GC(51) - age   4:      24992 bytes,    5366344 total
[2024-05-29T16:09:43.036+0000][1][gc,age      ] GC(51) - age   5:      25664 bytes,    5392008 total
[2024-05-29T16:09:43.036+0000][1][gc,age      ] GC(51) - age   6:      25576 bytes,    5417584 total
[2024-05-29T16:09:43.036+0000][1][gc,age      ] GC(51) - age   7:      25536 bytes,    5443120 total
[2024-05-29T16:09:43.036+0000][1][gc,age      ] GC(51) - age   8:      26608 bytes,    5469728 total
[2024-05-29T16:09:43.036+0000][1][gc,age      ] GC(51) - age   9:      24296 bytes,    5494024 total
[2024-05-29T16:09:43.036+0000][1][gc,age      ] GC(51) - age  10:      23784 bytes,    5517808 total
[2024-05-29T16:09:43.036+0000][1][gc,age      ] GC(51) - age  11:      23568 bytes,    5541376 total
[2024-05-29T16:09:43.036+0000][1][gc,age      ] GC(51) - age  12:      24488 bytes,    5565864 total
[2024-05-29T16:09:43.036+0000][1][gc,age      ] GC(51) - age  13:      23680 bytes,    5589544 total
[2024-05-29T16:09:43.036+0000][1][gc,age      ] GC(51) - age  14:      25480 bytes,    5615024 total
[2024-05-29T16:09:43.036+0000][1][gc,age      ] GC(51) - age  15:      23472 bytes,    5638496 total
[2024-05-29T16:09:43.036+0000][1][gc,heap     ] GC(51) Eden regions: 1225->0(1225)
[2024-05-29T16:09:43.036+0000][1][gc,heap     ] GC(51) Survivor regions: 3->3(154)
[2024-05-29T16:09:43.036+0000][1][gc,heap     ] GC(51) Old regions: 21->21
[2024-05-29T16:09:43.036+0000][1][gc,heap     ] GC(51) Humongous regions: 6->0
[2024-05-29T16:09:43.036+0000][1][gc,metaspace] GC(51) Metaspace: 91152K(93760K)->91152K(93760K) NonClass: 79848K(81472K)->79848K(81472K) Class: 11304K(12288K)->11304K(12288K)
[2024-05-29T16:09:43.036+0000][1][gc          ] GC(51) Pause Young (Mixed) (G1 Evacuation Pause) 2508M->45M(4096M) 29.698ms
[2024-05-29T16:09:43.036+0000][1][gc,cpu      ] GC(51) User=0.04s Sys=0.00s Real=0.03s
[2024-05-29T16:09:43.036+0000][1][safepoint   ] Safepoint "G1CollectForAllocation", Time since last: 573739587 ns, Reaching safepoint: 12769 ns, Cleanup: 5395 ns, At safepoint: 29771781 ns, Total: 29789945 ns
[2024-05-29T16:09:47.037+0000][1][safepoint   ] Safepoint "Cleanup", Time since last: 4000395197 ns, Reaching safepoint: 12189 ns, Cleanup: 13167 ns, At safepoint: 2973 ns, Total: 28329 ns
[2024-05-29T16:10:38.463+0000][1][safepoint   ] Safepoint "Cleanup", Time since last: 51425804945 ns, Reaching safepoint: 12512 ns, Cleanup: 11729 ns, At safepoint: 2778 ns, Total: 27019 ns
[2024-05-29T16:10:47.464+0000][1][safepoint   ] Safepoint "Cleanup", Time since last: 9001057639 ns, Reaching safepoint: 16800 ns, Cleanup: 14069 ns, At safepoint: 3735 ns, Total: 34604 ns
[2024-05-29T16:11:19.467+0000][1][safepoint   ] Safepoint "Cleanup", Time since last: 32003689222 ns, Reaching safepoint: 12164 ns, Cleanup: 12631 ns, At safepoint: 2780 ns, Total: 27575 ns
[2024-05-29T16:12:41.519+0000][1][safepoint   ] Safepoint "Cleanup", Time since last: 82051102711 ns, Reaching safepoint: 15893 ns, Cleanup: 15052 ns, At safepoint: 3123 ns, Total: 34068 ns
[2024-05-29T16:13:43.879+0000][1][gc,start    ] GC(52) Pause Young (Normal) (G1 Evacuation Pause)
[2024-05-29T16:13:43.879+0000][1][gc,task     ] GC(52) Using 2 workers of 2 for evacuation
[2024-05-29T16:13:43.880+0000][1][gc,age      ] GC(52) Desired survivor size 161480704 bytes, new threshold 15 (max threshold 15)
[2024-05-29T16:13:43.893+0000][1][gc,phases   ] GC(52)   Pre Evacuate Collection Set: 1.3ms
[2024-05-29T16:13:43.894+0000][1][gc,phases   ] GC(52)   Merge Heap Roots: 0.2ms
[2024-05-29T16:13:43.894+0000][1][gc,phases   ] GC(52)   Evacuate Collection Set: 8.9ms
[2024-05-29T16:13:43.894+0000][1][gc,phases   ] GC(52)   Post Evacuate Collection Set: 3.3ms
[2024-05-29T16:13:43.894+0000][1][gc,phases   ] GC(52)   Other: 0.3ms
[2024-05-29T16:13:43.894+0000][1][gc,age      ] GC(52) Age table with threshold 15 (max threshold 15)
[2024-05-29T16:13:43.894+0000][1][gc,age      ] GC(52) - age   1:    1910552 bytes,    1910552 total
[2024-05-29T16:13:43.894+0000][1][gc,age      ] GC(52) - age   2:      38768 bytes,    1949320 total
[2024-05-29T16:13:43.894+0000][1][gc,age      ] GC(52) - age   3:      48904 bytes,    1998224 total
[2024-05-29T16:13:43.894+0000][1][gc,age      ] GC(52) - age   4:       8808 bytes,    2007032 total
[2024-05-29T16:13:43.894+0000][1][gc,age      ] GC(52) - age   5:      24952 bytes,    2031984 total
[2024-05-29T16:13:43.895+0000][1][gc,age      ] GC(52) - age   6:      25664 bytes,    2057648 total
[2024-05-29T16:13:43.895+0000][1][gc,age      ] GC(52) - age   7:      25576 bytes,    2083224 total
[2024-05-29T16:13:43.895+0000][1][gc,age      ] GC(52) - age   8:      25536 bytes,    2108760 total
[2024-05-29T16:13:43.895+0000][1][gc,age      ] GC(52) - age   9:      26608 bytes,    2135368 total
[2024-05-29T16:13:43.895+0000][1][gc,age      ] GC(52) - age  10:      24296 bytes,    2159664 total
[2024-05-29T16:13:43.895+0000][1][gc,age      ] GC(52) - age  11:      23784 bytes,    2183448 total
[2024-05-29T16:13:43.895+0000][1][gc,age      ] GC(52) - age  12:      23568 bytes,    2207016 total
[2024-05-29T16:13:43.895+0000][1][gc,age      ] GC(52) - age  13:      24488 bytes,    2231504 total
[2024-05-29T16:13:43.895+0000][1][gc,age      ] GC(52) - age  14:      23680 bytes,    2255184 total
[2024-05-29T16:13:43.895+0000][1][gc,age      ] GC(52) - age  15:      25328 bytes,    2280512 total
[2024-05-29T16:13:43.895+0000][1][gc,heap     ] GC(52) Eden regions: 1225->0(1226)
[2024-05-29T16:13:43.895+0000][1][gc,heap     ] GC(52) Survivor regions: 3->2(154)
[2024-05-29T16:13:43.895+0000][1][gc,heap     ] GC(52) Old regions: 21->21
[2024-05-29T16:13:43.895+0000][1][gc,heap     ] GC(52) Humongous regions: 6->0
[2024-05-29T16:13:43.895+0000][1][gc,metaspace] GC(52) Metaspace: 91153K(93760K)->91153K(93760K) NonClass: 79848K(81472K)->79848K(81472K) Class: 11305K(12288K)->11305K(12288K)
[2024-05-29T16:13:43.895+0000][1][gc          ] GC(52) Pause Young (Normal) (G1 Evacuation Pause) 2507M->42M(4096M) 15.673ms
[2024-05-29T16:13:43.895+0000][1][gc,cpu      ] GC(52) User=0.01s Sys=0.00s Real=0.02s
[2024-05-29T16:13:43.895+0000][1][safepoint   ] Safepoint "G1CollectForAllocation", Time since last: 62360563197 ns, Reaching safepoint: 48234 ns, Cleanup: 5407 ns, At safepoint: 15753424 ns, Total: 15807065 ns
[2024-05-29T16:14:08.902+0000][1][safepoint   ] Safepoint "Cleanup", Time since last: 25002761743 ns, Reaching safepoint: 3911135 ns, Cleanup: 18977 ns, At safepoint: 307253 ns, Total: 4237365 ns
[2024-05-29T16:14:19.905+0000][1][safepoint   ] Safepoint "Cleanup", Time since last: 11002587289 ns, Reaching safepoint: 13635 ns, Cleanup: 13972 ns, At safepoint: 3238 ns, Total: 30845 ns
[2024-05-29T16:14:48.909+0000][1][safepoint   ] Safepoint "Cleanup", Time since last: 29003595457 ns, Reaching safepoint: 281969 ns, Cleanup: 12128 ns, At safepoint: 15367 ns, Total: 309464 ns
[2024-05-29T16:15:09.912+0000][1][safepoint   ] Safepoint "Cleanup", Time since last: 21003121175 ns, Reaching safepoint: 40079 ns, Cleanup: 19597 ns, At safepoint: 3784 ns, Total: 63460 ns
[2024-05-29T16:16:09.919+0000][1][safepoint   ] Safepoint "Cleanup", Time since last: 60007035415 ns, Reaching safepoint: 41223 ns, Cleanup: 18082 ns, At safepoint: 6231 ns, Total: 65536 ns
[2024-05-29T16:16:48.923+0000][1][safepoint   ] Safepoint "Cleanup", Time since last: 39004310847 ns, Reaching safepoint: 41024 ns, Cleanup: 13898 ns, At safepoint: 2809 ns, Total: 57731 ns
[2024-05-29T16:17:02.925+0000][1][safepoint   ] Safepoint "Cleanup", Time since last: 14001674441 ns, Reaching safepoint: 13495 ns, Cleanup: 14581 ns, At safepoint: 2985 ns, Total: 31061 ns
[2024-05-29T16:17:39.695+0000][1][safepoint   ] Safepoint "Cleanup", Time since last: 36769903464 ns, Reaching safepoint: 39388 ns, Cleanup: 17216 ns, At safepoint: 3994 ns, Total: 60598 ns
[2024-05-29T16:17:46.348+0000][1][gc,start    ] GC(53) Pause Young (Normal) (G1 Evacuation Pause)
[2024-05-29T16:17:46.348+0000][1][gc,task     ] GC(53) Using 2 workers of 2 for evacuation
[2024-05-29T16:17:46.348+0000][1][gc,age      ] GC(53) Desired survivor size 161480704 bytes, new threshold 15 (max threshold 15)
[2024-05-29T16:17:46.361+0000][1][gc,phases   ] GC(53)   Pre Evacuate Collection Set: 0.6ms
[2024-05-29T16:17:46.361+0000][1][gc,phases   ] GC(53)   Merge Heap Roots: 0.3ms
[2024-05-29T16:17:46.361+0000][1][gc,phases   ] GC(53)   Evacuate Collection Set: 8.4ms
[2024-05-29T16:17:46.361+0000][1][gc,phases   ] GC(53)   Post Evacuate Collection Set: 2.8ms
[2024-05-29T16:17:46.361+0000][1][gc,phases   ] GC(53)   Other: 0.2ms
[2024-05-29T16:17:46.361+0000][1][gc,age      ] GC(53) Age table with threshold 15 (max threshold 15)
[2024-05-29T16:17:46.361+0000][1][gc,age      ] GC(53) - age   1:    5891440 bytes,    5891440 total
[2024-05-29T16:17:46.361+0000][1][gc,age      ] GC(53) - age   2:      38936 bytes,    5930376 total
[2024-05-29T16:17:46.361+0000][1][gc,age      ] GC(53) - age   3:      37952 bytes,    5968328 total
[2024-05-29T16:17:46.361+0000][1][gc,age      ] GC(53) - age   4:      48904 bytes,    6017232 total
[2024-05-29T16:17:46.361+0000][1][gc,age      ] GC(53) - age   5:       8808 bytes,    6026040 total
[2024-05-29T16:17:46.361+0000][1][gc,age      ] GC(53) - age   6:      24952 bytes,    6050992 total
[2024-05-29T16:17:46.361+0000][1][gc,age      ] GC(53) - age   7:      25664 bytes,    6076656 total
[2024-05-29T16:17:46.361+0000][1][gc,age      ] GC(53) - age   8:      25576 bytes,    6102232 total
[2024-05-29T16:17:46.361+0000][1][gc,age      ] GC(53) - age   9:      25536 bytes,    6127768 total
[2024-05-29T16:17:46.361+0000][1][gc,age      ] GC(53) - age  10:      26608 bytes,    6154376 total
[2024-05-29T16:17:46.361+0000][1][gc,age      ] GC(53) - age  11:      24296 bytes,    6178672 total
[2024-05-29T16:17:46.361+0000][1][gc,age      ] GC(53) - age  12:      23632 bytes,    6202304 total
[2024-05-29T16:17:46.361+0000][1][gc,age      ] GC(53) - age  13:      23568 bytes,    6225872 total
[2024-05-29T16:17:46.361+0000][1][gc,age      ] GC(53) - age  14:      24336 bytes,    6250208 total
[2024-05-29T16:17:46.361+0000][1][gc,age      ] GC(53) - age  15:      23680 bytes,    6273888 total
[2024-05-29T16:17:46.361+0000][1][gc,heap     ] GC(53) Eden regions: 1226->0(1224)
[2024-05-29T16:17:46.361+0000][1][gc,heap     ] GC(53) Survivor regions: 2->4(154)
[2024-05-29T16:17:46.361+0000][1][gc,heap     ] GC(53) Old regions: 21->21
[2024-05-29T16:17:46.361+0000][1][gc,heap     ] GC(53) Humongous regions: 6->0
[2024-05-29T16:17:46.361+0000][1][gc,metaspace] GC(53) Metaspace: 91153K(93760K)->91153K(93760K) NonClass: 79848K(81472K)->79848K(81472K) Class: 11305K(12288K)->11305K(12288K)
[2024-05-29T16:17:46.361+0000][1][gc          ] GC(53) Pause Young (Normal) (G1 Evacuation Pause) 2506M->47M(4096M) 12.637ms
[2024-05-29T16:17:46.361+0000][1][gc,cpu      ] GC(53) User=0.02s Sys=0.00s Real=0.02s
[2024-05-29T16:17:46.361+0000][1][safepoint   ] Safepoint "G1CollectForAllocation", Time since last: 6653236379 ns, Reaching safepoint: 14795 ns, Cleanup: 14652 ns, At safepoint: 12714208 ns, Total: 12743655 ns
[2024-05-29T16:17:47.361+0000][1][safepoint   ] Safepoint "Cleanup", Time since last: 1000136401 ns, Reaching safepoint: 15511 ns, Cleanup: 19482 ns, At safepoint: 3348 ns, Total: 38341 ns
[2024-05-29T16:19:08.729+0000][1][safepoint   ] Safepoint "Cleanup", Time since last: 81367861929 ns, Reaching safepoint: 36400 ns, Cleanup: 14056 ns, At safepoint: 2976 ns, Total: 53432 ns
[2024-05-29T16:19:29.755+0000][1][safepoint   ] Safepoint "Cleanup", Time since last: 21025937091 ns, Reaching safepoint: 13182 ns, Cleanup: 12922 ns, At safepoint: 3345 ns, Total: 29449 ns
[2024-05-29T16:19:59.758+0000][1][safepoint   ] Safepoint "Cleanup", Time since last: 30003311019 ns, Reaching safepoint: 39814 ns, Cleanup: 14458 ns, At safepoint: 6340 ns, Total: 60612 ns
[2024-05-29T16:22:08.774+0000][1][safepoint   ] Safepoint "Cleanup", Time since last: 129015187513 ns, Reaching safepoint: 43536 ns, Cleanup: 16569 ns, At safepoint: 6059 ns, Total: 66164 ns
[2024-05-29T16:22:34.776+0000][1][safepoint   ] Safepoint "Cleanup", Time since last: 26002871488 ns, Reaching safepoint: 12214 ns, Cleanup: 13034 ns, At safepoint: 3098 ns, Total: 28346 ns
[2024-05-29T16:22:43.947+0000][1][gc,start    ] GC(54) Pause Young (Normal) (G1 Evacuation Pause)
[2024-05-29T16:22:43.947+0000][1][gc,task     ] GC(54) Using 2 workers of 2 for evacuation
[2024-05-29T16:22:43.947+0000][1][gc,age      ] GC(54) Desired survivor size 161480704 bytes, new threshold 15 (max threshold 15)
[2024-05-29T16:22:43.969+0000][1][gc,phases   ] GC(54)   Pre Evacuate Collection Set: 2.0ms
[2024-05-29T16:22:43.969+0000][1][gc,phases   ] GC(54)   Merge Heap Roots: 0.4ms
[2024-05-29T16:22:43.969+0000][1][gc,phases   ] GC(54)   Evacuate Collection Set: 12.2ms
[2024-05-29T16:22:43.969+0000][1][gc,phases   ] GC(54)   Post Evacuate Collection Set: 5.9ms
[2024-05-29T16:22:43.969+0000][1][gc,phases   ] GC(54)   Other: 1.3ms
[2024-05-29T16:22:43.969+0000][1][gc,age      ] GC(54) Age table with threshold 15 (max threshold 15)
[2024-05-29T16:22:43.969+0000][1][gc,age      ] GC(54) - age   1:    1895056 bytes,    1895056 total
[2024-05-29T16:22:43.969+0000][1][gc,age      ] GC(54) - age   2:      53576 bytes,    1948632 total
[2024-05-29T16:22:43.969+0000][1][gc,age      ] GC(54) - age   3:      38936 bytes,    1987568 total
[2024-05-29T16:22:43.969+0000][1][gc,age      ] GC(54) - age   4:      37952 bytes,    2025520 total
[2024-05-29T16:22:43.969+0000][1][gc,age      ] GC(54) - age   5:      48904 bytes,    2074424 total
[2024-05-29T16:22:43.969+0000][1][gc,age      ] GC(54) - age   6:       8808 bytes,    2083232 total
[2024-05-29T16:22:43.969+0000][1][gc,age      ] GC(54) - age   7:      24952 bytes,    2108184 total
[2024-05-29T16:22:43.969+0000][1][gc,age      ] GC(54) - age   8:      25664 bytes,    2133848 total
[2024-05-29T16:22:43.969+0000][1][gc,age      ] GC(54) - age   9:      25576 bytes,    2159424 total
[2024-05-29T16:22:43.969+0000][1][gc,age      ] GC(54) - age  10:      25536 bytes,    2184960 total
[2024-05-29T16:22:43.969+0000][1][gc,age      ] GC(54) - age  11:      26608 bytes,    2211568 total
[2024-05-29T16:22:43.969+0000][1][gc,age      ] GC(54) - age  12:      24296 bytes,    2235864 total
[2024-05-29T16:22:43.969+0000][1][gc,age      ] GC(54) - age  13:      23632 bytes,    2259496 total
[2024-05-29T16:22:43.969+0000][1][gc,age      ] GC(54) - age  14:      23568 bytes,    2283064 total
[2024-05-29T16:22:43.969+0000][1][gc,age      ] GC(54) - age  15:      24336 bytes,    2307400 total
[2024-05-29T16:22:43.969+0000][1][gc,heap     ] GC(54) Eden regions: 1224->0(1226)
[2024-05-29T16:22:43.969+0000][1][gc,heap     ] GC(54) Survivor regions: 4->2(154)
[2024-05-29T16:22:43.969+0000][1][gc,heap     ] GC(54) Old regions: 21->21
[2024-05-29T16:22:43.969+0000][1][gc,heap     ] GC(54) Humongous regions: 2->0
[2024-05-29T16:22:43.969+0000][1][gc,metaspace] GC(54) Metaspace: 91153K(93760K)->91153K(93760K) NonClass: 79848K(81472K)->79848K(81472K) Class: 11305K(12288K)->11305K(12288K)
[2024-05-29T16:22:43.969+0000][1][gc          ] GC(54) Pause Young (Normal) (G1 Evacuation Pause) 2499M->42M(4096M) 22.340ms
[2024-05-29T16:22:43.969+0000][1][gc,cpu      ] GC(54) User=0.04s Sys=0.00s Real=0.03s
[2024-05-29T16:22:43.970+0000][1][safepoint   ] Safepoint "G1CollectForAllocation", Time since last: 9170559217 ns, Reaching safepoint: 137023 ns, Cleanup: 5895 ns, At safepoint: 22423493 ns, Total: 22566411 ns
[2024-05-29T16:23:28.975+0000][1][safepoint   ] Safepoint "Cleanup", Time since last: 45005851037 ns, Reaching safepoint: 13316 ns, Cleanup: 18673 ns, At safepoint: 2788 ns, Total: 34777 ns
[2024-05-29T16:24:51.985+0000][1][safepoint   ] Safepoint "Cleanup", Time since last: 83009715532 ns, Reaching safepoint: 11536 ns, Cleanup: 12496 ns, At safepoint: 3032 ns, Total: 27064 ns
[2024-05-29T16:25:03.986+0000][1][safepoint   ] Safepoint "Cleanup", Time since last: 12001254766 ns, Reaching safepoint: 11635 ns, Cleanup: 11647 ns, At safepoint: 2773 ns, Total: 26055 ns
[2024-05-29T16:25:07.987+0000][1][safepoint   ] Safepoint "Cleanup", Time since last: 4000448316 ns, Reaching safepoint: 13333 ns, Cleanup: 12397 ns, At safepoint: 2507 ns, Total: 28237 ns
[2024-05-29T16:25:08.987+0000][1][safepoint   ] Safepoint "Cleanup", Time since last: 1000139531 ns, Reaching safepoint: 34429 ns, Cleanup: 17277 ns, At safepoint: 6057 ns, Total: 57763 ns
[2024-05-29T16:25:31.286+0000][1][gc,start    ] GC(55) Pause Young (Normal) (G1 Evacuation Pause)
[2024-05-29T16:25:31.286+0000][1][gc,task     ] GC(55) Using 2 workers of 2 for evacuation
[2024-05-29T16:25:31.286+0000][1][gc,age      ] GC(55) Desired survivor size 161480704 bytes, new threshold 15 (max threshold 15)
[2024-05-29T16:25:31.294+0000][1][gc,phases   ] GC(55)   Pre Evacuate Collection Set: 0.6ms
[2024-05-29T16:25:31.295+0000][1][gc,phases   ] GC(55)   Merge Heap Roots: 0.2ms
[2024-05-29T16:25:31.295+0000][1][gc,phases   ] GC(55)   Evacuate Collection Set: 5.5ms
[2024-05-29T16:25:31.295+0000][1][gc,phases   ] GC(55)   Post Evacuate Collection Set: 2.5ms
[2024-05-29T16:25:31.295+0000][1][gc,phases   ] GC(55)   Other: 0.1ms
[2024-05-29T16:25:31.295+0000][1][gc,age      ] GC(55) Age table with threshold 15 (max threshold 15)
[2024-05-29T16:25:31.295+0000][1][gc,age      ] GC(55) - age   1:    3351752 bytes,    3351752 total
[2024-05-29T16:25:31.295+0000][1][gc,age      ] GC(55) - age   2:      39800 bytes,    3391552 total
[2024-05-29T16:25:31.295+0000][1][gc,age      ] GC(55) - age   3:      53576 bytes,    3445128 total
[2024-05-29T16:25:31.295+0000][1][gc,age      ] GC(55) - age   4:      38896 bytes,    3484024 total
[2024-05-29T16:25:31.295+0000][1][gc,age      ] GC(55) - age   5:      37952 bytes,    3521976 total
[2024-05-29T16:25:31.295+0000][1][gc,age      ] GC(55) - age   6:      48904 bytes,    3570880 total
[2024-05-29T16:25:31.295+0000][1][gc,age      ] GC(55) - age   7:       8808 bytes,    3579688 total
[2024-05-29T16:25:31.295+0000][1][gc,age      ] GC(55) - age   8:      24952 bytes,    3604640 total
[2024-05-29T16:25:31.295+0000][1][gc,age      ] GC(55) - age   9:      25664 bytes,    3630304 total
[2024-05-29T16:25:31.295+0000][1][gc,age      ] GC(55) - age  10:      25424 bytes,    3655728 total
[2024-05-29T16:25:31.295+0000][1][gc,age      ] GC(55) - age  11:      25536 bytes,    3681264 total
[2024-05-29T16:25:31.295+0000][1][gc,age      ] GC(55) - age  12:      26608 bytes,    3707872 total
[2024-05-29T16:25:31.295+0000][1][gc,age      ] GC(55) - age  13:      24296 bytes,    3732168 total
[2024-05-29T16:25:31.295+0000][1][gc,age      ] GC(55) - age  14:      23632 bytes,    3755800 total
[2024-05-29T16:25:31.295+0000][1][gc,age      ] GC(55) - age  15:      23568 bytes,    3779368 total
[2024-05-29T16:25:31.295+0000][1][gc,heap     ] GC(55) Eden regions: 1226->0(1226)
[2024-05-29T16:25:31.295+0000][1][gc,heap     ] GC(55) Survivor regions: 2->2(154)
[2024-05-29T16:25:31.295+0000][1][gc,heap     ] GC(55) Old regions: 21->21
[2024-05-29T16:25:31.295+0000][1][gc,heap     ] GC(55) Humongous regions: 2->0
[2024-05-29T16:25:31.295+0000][1][gc,metaspace] GC(55) Metaspace: 91157K(93760K)->91157K(93760K) NonClass: 79851K(81472K)->79851K(81472K) Class: 11305K(12288K)->11305K(12288K)
[2024-05-29T16:25:31.295+0000][1][gc          ] GC(55) Pause Young (Normal) (G1 Evacuation Pause) 2498M->44M(4096M) 9.200ms
[2024-05-29T16:25:31.295+0000][1][gc,cpu      ] GC(55) User=0.02s Sys=0.00s Real=0.01s
[2024-05-29T16:25:31.295+0000][1][safepoint   ] Safepoint "G1CollectForAllocation", Time since last: 22298287582 ns, Reaching safepoint: 96745 ns, Cleanup: 5644 ns, At safepoint: 9274162 ns, Total: 9376551 ns
[2024-05-29T16:25:47.298+0000][1][safepoint   ] Safepoint "Cleanup", Time since last: 16002683726 ns, Reaching safepoint: 41030 ns, Cleanup: 15086 ns, At safepoint: 6107 ns, Total: 62223 ns
[2024-05-29T16:25:49.298+0000][1][safepoint   ] Safepoint "Cleanup", Time since last: 2000278357 ns, Reaching safepoint: 15323 ns, Cleanup: 14043 ns, At safepoint: 3374 ns, Total: 32740 ns
[2024-05-29T16:26:18.308+0000][1][safepoint   ] Safepoint "Cleanup", Time since last: 29009960472 ns, Reaching safepoint: 35093 ns, Cleanup: 14864 ns, At safepoint: 3323 ns, Total: 53280 ns
[2024-05-29T16:26:24.309+0000][1][safepoint   ] Safepoint "Cleanup", Time since last: 6000755944 ns, Reaching safepoint: 12936 ns, Cleanup: 13842 ns, At safepoint: 2665 ns, Total: 29443 ns
[2024-05-29T16:26:28.310+0000][1][safepoint   ] Safepoint "Cleanup", Time since last: 4000986930 ns, Reaching safepoint: 11898 ns, Cleanup: 13500 ns, At safepoint: 2442 ns, Total: 27840 ns
[2024-05-29T16:26:38.311+0000][1][safepoint   ] Safepoint "Cleanup", Time since last: 10001353080 ns, Reaching safepoint: 14654 ns, Cleanup: 14619 ns, At safepoint: 3167 ns, Total: 32440 ns
[2024-05-29T16:26:51.316+0000][1][gc,start    ] GC(56) Pause Young (Normal) (G1 Evacuation Pause)
[2024-05-29T16:26:51.316+0000][1][gc,task     ] GC(56) Using 2 workers of 2 for evacuation
[2024-05-29T16:26:51.316+0000][1][gc,age      ] GC(56) Desired survivor size 161480704 bytes, new threshold 15 (max threshold 15)
[2024-05-29T16:26:51.343+0000][1][gc,phases   ] GC(56)   Pre Evacuate Collection Set: 0.9ms
[2024-05-29T16:26:51.343+0000][1][gc,phases   ] GC(56)   Merge Heap Roots: 0.2ms
[2024-05-29T16:26:51.343+0000][1][gc,phases   ] GC(56)   Evacuate Collection Set: 11.2ms
[2024-05-29T16:26:51.343+0000][1][gc,phases   ] GC(56)   Post Evacuate Collection Set: 14.0ms
[2024-05-29T16:26:51.343+0000][1][gc,phases   ] GC(56)   Other: 0.2ms
[2024-05-29T16:26:51.343+0000][1][gc,age      ] GC(56) Age table with threshold 15 (max threshold 15)
[2024-05-29T16:26:51.343+0000][1][gc,age      ] GC(56) - age   1:    5534512 bytes,    5534512 total
[2024-05-29T16:26:51.343+0000][1][gc,age      ] GC(56) - age   2:      37096 bytes,    5571608 total
[2024-05-29T16:26:51.343+0000][1][gc,age      ] GC(56) - age   3:      39712 bytes,    5611320 total
[2024-05-29T16:26:51.343+0000][1][gc,age      ] GC(56) - age   4:      37544 bytes,    5648864 total
[2024-05-29T16:26:51.343+0000][1][gc,age      ] GC(56) - age   5:      38896 bytes,    5687760 total
[2024-05-29T16:26:51.343+0000][1][gc,age      ] GC(56) - age   6:      37952 bytes,    5725712 total
[2024-05-29T16:26:51.343+0000][1][gc,age      ] GC(56) - age   7:      48904 bytes,    5774616 total
[2024-05-29T16:26:51.343+0000][1][gc,age      ] GC(56) - age   8:       8808 bytes,    5783424 total
[2024-05-29T16:26:51.343+0000][1][gc,age      ] GC(56) - age   9:      24800 bytes,    5808224 total
[2024-05-29T16:26:51.343+0000][1][gc,age      ] GC(56) - age  10:      25664 bytes,    5833888 total
[2024-05-29T16:26:51.343+0000][1][gc,age      ] GC(56) - age  11:      25424 bytes,    5859312 total
[2024-05-29T16:26:51.343+0000][1][gc,age      ] GC(56) - age  12:      25536 bytes,    5884848 total
[2024-05-29T16:26:51.343+0000][1][gc,age      ] GC(56) - age  13:      26608 bytes,    5911456 total
[2024-05-29T16:26:51.343+0000][1][gc,age      ] GC(56) - age  14:      24296 bytes,    5935752 total
[2024-05-29T16:26:51.343+0000][1][gc,age      ] GC(56) - age  15:      23632 bytes,    5959384 total
[2024-05-29T16:26:51.343+0000][1][gc,heap     ] GC(56) Eden regions: 1226->0(1224)
[2024-05-29T16:26:51.343+0000][1][gc,heap     ] GC(56) Survivor regions: 2->4(154)
[2024-05-29T16:26:51.343+0000][1][gc,heap     ] GC(56) Old regions: 21->21
[2024-05-29T16:26:51.343+0000][1][gc,heap     ] GC(56) Humongous regions: 2->0
[2024-05-29T16:26:51.343+0000][1][gc,metaspace] GC(56) Metaspace: 91166K(93760K)->91166K(93760K) NonClass: 79861K(81472K)->79861K(81472K) Class: 11305K(12288K)->11305K(12288K)
[2024-05-29T16:26:51.343+0000][1][gc          ] GC(56) Pause Young (Normal) (G1 Evacuation Pause) 2500M->46M(4096M) 26.984ms
[2024-05-29T16:26:51.343+0000][1][gc,cpu      ] GC(56) User=0.04s Sys=0.00s Real=0.03s
[2024-05-29T16:26:51.343+0000][1][safepoint   ] Safepoint "G1CollectForAllocation", Time since last: 13005037490 ns, Reaching safepoint: 14732 ns, Cleanup: 5065 ns, At safepoint: 27085022 ns, Total: 27104819 ns
[2024-05-29T16:26:58.344+0000][1][safepoint   ] Safepoint "Cleanup", Time since last: 7000859881 ns, Reaching safepoint: 14631 ns, Cleanup: 13310 ns, At safepoint: 3147 ns, Total: 31088 ns
[2024-05-29T16:27:01.345+0000][1][safepoint   ] Safepoint "Cleanup", Time since last: 3000425179 ns, Reaching safepoint: 14504 ns, Cleanup: 16620 ns, At safepoint: 4133 ns, Total: 35257 ns
[2024-05-29T16:27:58.327+0000][1][gc,start    ] GC(57) Pause Young (Normal) (G1 Evacuation Pause)
[2024-05-29T16:27:58.328+0000][1][gc,task     ] GC(57) Using 2 workers of 2 for evacuation
[2024-05-29T16:27:58.328+0000][1][gc,age      ] GC(57) Desired survivor size 161480704 bytes, new threshold 15 (max threshold 15)
[2024-05-29T16:27:58.340+0000][1][gc,phases   ] GC(57)   Pre Evacuate Collection Set: 0.9ms
[2024-05-29T16:27:58.340+0000][1][gc,phases   ] GC(57)   Merge Heap Roots: 0.3ms
[2024-05-29T16:27:58.340+0000][1][gc,phases   ] GC(57)   Evacuate Collection Set: 8.1ms
[2024-05-29T16:27:58.340+0000][1][gc,phases   ] GC(57)   Post Evacuate Collection Set: 2.6ms
[2024-05-29T16:27:58.340+0000][1][gc,phases   ] GC(57)   Other: 0.1ms
[2024-05-29T16:27:58.340+0000][1][gc,age      ] GC(57) Age table with threshold 15 (max threshold 15)
[2024-05-29T16:27:58.340+0000][1][gc,age      ] GC(57) - age   1:    6577208 bytes,    6577208 total
[2024-05-29T16:27:58.340+0000][1][gc,age      ] GC(57) - age   2:      59952 bytes,    6637160 total
[2024-05-29T16:27:58.340+0000][1][gc,age      ] GC(57) - age   3:      37008 bytes,    6674168 total
[2024-05-29T16:27:58.340+0000][1][gc,age      ] GC(57) - age   4:      38896 bytes,    6713064 total
[2024-05-29T16:27:58.340+0000][1][gc,age      ] GC(57) - age   5:      36728 bytes,    6749792 total
[2024-05-29T16:27:58.340+0000][1][gc,age      ] GC(57) - age   6:      38896 bytes,    6788688 total
[2024-05-29T16:27:58.340+0000][1][gc,age      ] GC(57) - age   7:      37912 bytes,    6826600 total
[2024-05-29T16:27:58.340+0000][1][gc,age      ] GC(57) - age   8:      48752 bytes,    6875352 total
[2024-05-29T16:27:58.340+0000][1][gc,age      ] GC(57) - age   9:       8808 bytes,    6884160 total
[2024-05-29T16:27:58.340+0000][1][gc,age      ] GC(57) - age  10:      24800 bytes,    6908960 total
[2024-05-29T16:27:58.340+0000][1][gc,age      ] GC(57) - age  11:      25664 bytes,    6934624 total
[2024-05-29T16:27:58.340+0000][1][gc,age      ] GC(57) - age  12:      25424 bytes,    6960048 total
[2024-05-29T16:27:58.340+0000][1][gc,age      ] GC(57) - age  13:      25536 bytes,    6985584 total
[2024-05-29T16:27:58.340+0000][1][gc,age      ] GC(57) - age  14:      26608 bytes,    7012192 total
[2024-05-29T16:27:58.340+0000][1][gc,age      ] GC(57) - age  15:      24296 bytes,    7036488 total
[2024-05-29T16:27:58.340+0000][1][gc,heap     ] GC(57) Eden regions: 1224->0(1224)
[2024-05-29T16:27:58.340+0000][1][gc,heap     ] GC(57) Survivor regions: 4->4(154)
[2024-05-29T16:27:58.340+0000][1][gc,heap     ] GC(57) Old regions: 21->21
[2024-05-29T16:27:58.340+0000][1][gc,heap     ] GC(57) Humongous regions: 4->0
[2024-05-29T16:27:58.340+0000][1][gc,metaspace] GC(57) Metaspace: 91167K(93760K)->91167K(93760K) NonClass: 79862K(81472K)->79862K(81472K) Class: 11305K(12288K)->11305K(12288K)
[2024-05-29T16:27:58.340+0000][1][gc          ] GC(57) Pause Young (Normal) (G1 Evacuation Pause) 2502M->47M(4096M) 12.483ms
[2024-05-29T16:27:58.340+0000][1][gc,cpu      ] GC(57) User=0.02s Sys=0.00s Real=0.01s
[2024-05-29T16:27:58.340+0000][1][safepoint   ] Safepoint "G1CollectForAllocation", Time since last: 56982777954 ns, Reaching safepoint: 125872 ns, Cleanup: 5199 ns, At safepoint: 12557679 ns, Total: 12688750 ns
[2024-05-29T16:28:06.341+0000][1][safepoint   ] Safepoint "Cleanup", Time since last: 8001103946 ns, Reaching safepoint: 14044 ns, Cleanup: 13276 ns, At safepoint: 3232 ns, Total: 30552 ns
[2024-05-29T16:30:37.093+0000][1][safepoint   ] Safepoint "Cleanup", Time since last: 150752267862 ns, Reaching safepoint: 73384 ns, Cleanup: 13964 ns, At safepoint: 5709 ns, Total: 93057 ns
[2024-05-29T16:30:44.094+0000][1][safepoint   ] Safepoint "Cleanup", Time since last: 7000905267 ns, Reaching safepoint: 13688 ns, Cleanup: 13007 ns, At safepoint: 3247 ns, Total: 29942 ns
[2024-05-29T16:31:05.586+0000][1][gc,start    ] GC(58) Pause Young (Normal) (G1 Evacuation Pause)
[2024-05-29T16:31:05.587+0000][1][gc,task     ] GC(58) Using 2 workers of 2 for evacuation
[2024-05-29T16:31:05.587+0000][1][gc,age      ] GC(58) Desired survivor size 161480704 bytes, new threshold 15 (max threshold 15)
[2024-05-29T16:31:05.609+0000][1][gc,phases   ] GC(58)   Pre Evacuate Collection Set: 0.8ms
[2024-05-29T16:31:05.609+0000][1][gc,phases   ] GC(58)   Merge Heap Roots: 0.2ms
[2024-05-29T16:31:05.609+0000][1][gc,phases   ] GC(58)   Evacuate Collection Set: 11.7ms
[2024-05-29T16:31:05.609+0000][1][gc,phases   ] GC(58)   Post Evacuate Collection Set: 9.4ms
[2024-05-29T16:31:05.609+0000][1][gc,phases   ] GC(58)   Other: 0.2ms
[2024-05-29T16:31:05.609+0000][1][gc,age      ] GC(58) Age table with threshold 15 (max threshold 15)
[2024-05-29T16:31:05.609+0000][1][gc,age      ] GC(58) - age   1:    4518128 bytes,    4518128 total
[2024-05-29T16:31:05.609+0000][1][gc,age      ] GC(58) - age   2:      38328 bytes,    4556456 total
[2024-05-29T16:31:05.609+0000][1][gc,age      ] GC(58) - age   3:      38104 bytes,    4594560 total
[2024-05-29T16:31:05.609+0000][1][gc,age      ] GC(58) - age   4:      36920 bytes,    4631480 total
[2024-05-29T16:31:05.609+0000][1][gc,age      ] GC(58) - age   5:      38896 bytes,    4670376 total
[2024-05-29T16:31:05.609+0000][1][gc,age      ] GC(58) - age   6:      36728 bytes,    4707104 total
[2024-05-29T16:31:05.609+0000][1][gc,age      ] GC(58) - age   7:      38896 bytes,    4746000 total
[2024-05-29T16:31:05.609+0000][1][gc,age      ] GC(58) - age   8:      37912 bytes,    4783912 total
[2024-05-29T16:31:05.609+0000][1][gc,age      ] GC(58) - age   9:      32720 bytes,    4816632 total
[2024-05-29T16:31:05.609+0000][1][gc,age      ] GC(58) - age  10:       8808 bytes,    4825440 total
[2024-05-29T16:31:05.609+0000][1][gc,age      ] GC(58) - age  11:      24800 bytes,    4850240 total
[2024-05-29T16:31:05.609+0000][1][gc,age      ] GC(58) - age  12:      25664 bytes,    4875904 total
[2024-05-29T16:31:05.609+0000][1][gc,age      ] GC(58) - age  13:      25424 bytes,    4901328 total
[2024-05-29T16:31:05.609+0000][1][gc,age      ] GC(58) - age  14:      25536 bytes,    4926864 total
[2024-05-29T16:31:05.609+0000][1][gc,age      ] GC(58) - age  15:      26608 bytes,    4953472 total
[2024-05-29T16:31:05.609+0000][1][gc,heap     ] GC(58) Eden regions: 1224->0(1225)
[2024-05-29T16:31:05.609+0000][1][gc,heap     ] GC(58) Survivor regions: 4->3(154)
[2024-05-29T16:31:05.609+0000][1][gc,heap     ] GC(58) Old regions: 21->21
[2024-05-29T16:31:05.609+0000][1][gc,heap     ] GC(58) Humongous regions: 2->0
[2024-05-29T16:31:05.609+0000][1][gc,metaspace] GC(58) Metaspace: 91167K(93760K)->91167K(93760K) NonClass: 79862K(81472K)->79862K(81472K) Class: 11305K(12288K)->11305K(12288K)
[2024-05-29T16:31:05.609+0000][1][gc          ] GC(58) Pause Young (Normal) (G1 Evacuation Pause) 2499M->45M(4096M) 22.692ms
[2024-05-29T16:31:05.609+0000][1][gc,cpu      ] GC(58) User=0.02s Sys=0.01s Real=0.03s
[2024-05-29T16:31:05.609+0000][1][safepoint   ] Safepoint "G1CollectForAllocation", Time since last: 21491997843 ns, Reaching safepoint: 12969 ns, Cleanup: 5987 ns, At safepoint: 22766731 ns, Total: 22785687 ns
[2024-05-29T16:31:17.611+0000][1][safepoint   ] Safepoint "Cleanup", Time since last: 12001458209 ns, Reaching safepoint: 37201 ns, Cleanup: 14856 ns, At safepoint: 5456 ns, Total: 57513 ns
[2024-05-29T16:31:41.136+0000][1][safepoint   ] Safepoint "Cleanup", Time since last: 23524894029 ns, Reaching safepoint: 12713 ns, Cleanup: 18453 ns, At safepoint: 2710 ns, Total: 33876 ns
[2024-05-29T16:32:19.140+0000][1][safepoint   ] Safepoint "Cleanup", Time since last: 38004683923 ns, Reaching safepoint: 37372 ns, Cleanup: 16861 ns, At safepoint: 5894 ns, Total: 60127 ns
[2024-05-29T16:32:25.141+0000][1][safepoint   ] Safepoint "Cleanup", Time since last: 6000757316 ns, Reaching safepoint: 15831 ns, Cleanup: 12936 ns, At safepoint: 3439 ns, Total: 32206 ns
[2024-05-29T16:32:55.167+0000][1][safepoint   ] Safepoint "Cleanup", Time since last: 30025246093 ns, Reaching safepoint: 13563 ns, Cleanup: 52709 ns, At safepoint: 3813 ns, Total: 70085 ns
[2024-05-29T16:33:05.168+0000][1][safepoint   ] Safepoint "Cleanup", Time since last: 10001000933 ns, Reaching safepoint: 12443 ns, Cleanup: 17545 ns, At safepoint: 2845 ns, Total: 32833 ns
[2024-05-29T16:33:06.324+0000][1][gc,start    ] GC(59) Pause Young (Normal) (G1 Evacuation Pause)
[2024-05-29T16:33:06.325+0000][1][gc,task     ] GC(59) Using 2 workers of 2 for evacuation
[2024-05-29T16:33:06.325+0000][1][gc,age      ] GC(59) Desired survivor size 161480704 bytes, new threshold 15 (max threshold 15)
[2024-05-29T16:33:06.333+0000][1][gc,phases   ] GC(59)   Pre Evacuate Collection Set: 0.9ms
[2024-05-29T16:33:06.333+0000][1][gc,phases   ] GC(59)   Merge Heap Roots: 0.2ms
[2024-05-29T16:33:06.342+0000][1][gc,phases   ] GC(59)   Evacuate Collection Set: 3.9ms
[2024-05-29T16:33:06.342+0000][1][gc,phases   ] GC(59)   Post Evacuate Collection Set: 3.0ms
[2024-05-29T16:33:06.342+0000][1][gc,phases   ] GC(59)   Other: 0.1ms
[2024-05-29T16:33:06.342+0000][1][gc,age      ] GC(59) Age table with threshold 15 (max threshold 15)
[2024-05-29T16:33:06.342+0000][1][gc,age      ] GC(59) - age   1:     866368 bytes,     866368 total
[2024-05-29T16:33:06.342+0000][1][gc,age      ] GC(59) - age   2:      38136 bytes,     904504 total
[2024-05-29T16:33:06.342+0000][1][gc,age      ] GC(59) - age   3:      37360 bytes,     941864 total
[2024-05-29T16:33:06.342+0000][1][gc,age      ] GC(59) - age   4:      38104 bytes,     979968 total
[2024-05-29T16:33:06.342+0000][1][gc,age      ] GC(59) - age   5:      36920 bytes,    1016888 total
[2024-05-29T16:33:06.342+0000][1][gc,age      ] GC(59) - age   6:      38896 bytes,    1055784 total
[2024-05-29T16:33:06.342+0000][1][gc,age      ] GC(59) - age   7:      36728 bytes,    1092512 total
[2024-05-29T16:33:06.342+0000][1][gc,age      ] GC(59) - age   8:      38896 bytes,    1131408 total
[2024-05-29T16:33:06.342+0000][1][gc,age      ] GC(59) - age   9:      37912 bytes,    1169320 total
[2024-05-29T16:33:06.342+0000][1][gc,age      ] GC(59) - age  10:      32720 bytes,    1202040 total
[2024-05-29T16:33:06.342+0000][1][gc,age      ] GC(59) - age  11:       8808 bytes,    1210848 total
[2024-05-29T16:33:06.342+0000][1][gc,age      ] GC(59) - age  12:      24800 bytes,    1235648 total
[2024-05-29T16:33:06.342+0000][1][gc,age      ] GC(59) - age  13:      25664 bytes,    1261312 total
[2024-05-29T16:33:06.342+0000][1][gc,age      ] GC(59) - age  14:      25424 bytes,    1286736 total
[2024-05-29T16:33:06.342+0000][1][gc,age      ] GC(59) - age  15:      25536 bytes,    1312272 total
[2024-05-29T16:33:06.342+0000][1][gc,heap     ] GC(59) Eden regions: 1225->0(1227)
[2024-05-29T16:33:06.342+0000][1][gc,heap     ] GC(59) Survivor regions: 3->1(154)
[2024-05-29T16:33:06.342+0000][1][gc,heap     ] GC(59) Old regions: 21->21
[2024-05-29T16:33:06.342+0000][1][gc,heap     ] GC(59) Humongous regions: 2->0
[2024-05-29T16:33:06.342+0000][1][gc,metaspace] GC(59) Metaspace: 91167K(93760K)->91167K(93760K) NonClass: 79862K(81472K)->79862K(81472K) Class: 11305K(12288K)->11305K(12288K)
[2024-05-29T16:33:06.342+0000][1][gc          ] GC(59) Pause Young (Normal) (G1 Evacuation Pause) 2499M->41M(4096M) 17.605ms
[2024-05-29T16:33:06.342+0000][1][gc,cpu      ] GC(59) User=0.01s Sys=0.01s Real=0.02s
[2024-05-29T16:33:06.342+0000][1][safepoint   ] Safepoint "G1CollectForAllocation", Time since last: 1156260726 ns, Reaching safepoint: 570240 ns, Cleanup: 5932 ns, At safepoint: 17686992 ns, Total: 18263164 ns
[2024-05-29T16:33:26.346+0000][1][safepoint   ] Safepoint "Cleanup", Time since last: 20003001524 ns, Reaching safepoint: 291087 ns, Cleanup: 102827 ns, At safepoint: 60344 ns, Total: 454258 ns
[2024-05-29T16:34:00.203+0000][1][safepoint   ] Safepoint "Cleanup", Time since last: 33857939378 ns, Reaching safepoint: 12469 ns, Cleanup: 13070 ns, At safepoint: 3414 ns, Total: 28953 ns
[2024-05-29T16:34:20.211+0000][1][safepoint   ] Safepoint "Cleanup", Time since last: 20007429183 ns, Reaching safepoint: 15528 ns, Cleanup: 15289 ns, At safepoint: 4236 ns, Total: 35053 ns
[2024-05-29T16:34:29.312+0000][1][gc,start    ] GC(60) Pause Young (Normal) (G1 Evacuation Pause)
[2024-05-29T16:34:29.312+0000][1][gc,task     ] GC(60) Using 2 workers of 2 for evacuation
[2024-05-29T16:34:29.313+0000][1][gc,age      ] GC(60) Desired survivor size 161480704 bytes, new threshold 15 (max threshold 15)
[2024-05-29T16:34:29.330+0000][1][gc,phases   ] GC(60)   Pre Evacuate Collection Set: 1.3ms
[2024-05-29T16:34:29.330+0000][1][gc,phases   ] GC(60)   Merge Heap Roots: 0.8ms
[2024-05-29T16:34:29.330+0000][1][gc,phases   ] GC(60)   Evacuate Collection Set: 11.2ms
[2024-05-29T16:34:29.330+0000][1][gc,phases   ] GC(60)   Post Evacuate Collection Set: 3.4ms
[2024-05-29T16:34:29.330+0000][1][gc,phases   ] GC(60)   Other: 1.1ms
[2024-05-29T16:34:29.330+0000][1][gc,age      ] GC(60) Age table with threshold 15 (max threshold 15)
[2024-05-29T16:34:29.330+0000][1][gc,age      ] GC(60) - age   1:    2702896 bytes,    2702896 total
[2024-05-29T16:34:29.330+0000][1][gc,age      ] GC(60) - age   2:      82104 bytes,    2785000 total
[2024-05-29T16:34:29.330+0000][1][gc,age      ] GC(60) - age   3:      38048 bytes,    2823048 total
[2024-05-29T16:34:29.330+0000][1][gc,age      ] GC(60) - age   4:      37360 bytes,    2860408 total
[2024-05-29T16:34:29.330+0000][1][gc,age      ] GC(60) - age   5:      38104 bytes,    2898512 total
[2024-05-29T16:34:29.330+0000][1][gc,age      ] GC(60) - age   6:      36920 bytes,    2935432 total
[2024-05-29T16:34:29.330+0000][1][gc,age      ] GC(60) - age   7:      38896 bytes,    2974328 total
[2024-05-29T16:34:29.330+0000][1][gc,age      ] GC(60) - age   8:      36728 bytes,    3011056 total
[2024-05-29T16:34:29.330+0000][1][gc,age      ] GC(60) - age   9:      38896 bytes,    3049952 total
[2024-05-29T16:34:29.330+0000][1][gc,age      ] GC(60) - age  10:      37760 bytes,    3087712 total
[2024-05-29T16:34:29.330+0000][1][gc,age      ] GC(60) - age  11:      32720 bytes,    3120432 total
[2024-05-29T16:34:29.330+0000][1][gc,age      ] GC(60) - age  12:       8808 bytes,    3129240 total
[2024-05-29T16:34:29.330+0000][1][gc,age      ] GC(60) - age  13:      24800 bytes,    3154040 total
[2024-05-29T16:34:29.330+0000][1][gc,age      ] GC(60) - age  14:      25664 bytes,    3179704 total
[2024-05-29T16:34:29.330+0000][1][gc,age      ] GC(60) - age  15:      25424 bytes,    3205128 total
[2024-05-29T16:34:29.330+0000][1][gc,heap     ] GC(60) Eden regions: 1227->0(1226)
[2024-05-29T16:34:29.330+0000][1][gc,heap     ] GC(60) Survivor regions: 1->2(154)
[2024-05-29T16:34:29.330+0000][1][gc,heap     ] GC(60) Old regions: 21->21
[2024-05-29T16:34:29.330+0000][1][gc,heap     ] GC(60) Humongous regions: 4->0
[2024-05-29T16:34:29.330+0000][1][gc,metaspace] GC(60) Metaspace: 91167K(93760K)->91167K(93760K) NonClass: 79862K(81472K)->79862K(81472K) Class: 11305K(12288K)->11305K(12288K)
[2024-05-29T16:34:29.330+0000][1][gc          ] GC(60) Pause Young (Normal) (G1 Evacuation Pause) 2503M->43M(4096M) 18.029ms
[2024-05-29T16:34:29.330+0000][1][gc,cpu      ] GC(60) User=0.02s Sys=0.01s Real=0.02s
[2024-05-29T16:34:29.330+0000][1][safepoint   ] Safepoint "G1CollectForAllocation", Time since last: 9101271303 ns, Reaching safepoint: 96657 ns, Cleanup: 7157 ns, At safepoint: 18107919 ns, Total: 18211733 ns
[2024-05-29T16:35:01.338+0000][1][safepoint   ] Safepoint "Cleanup", Time since last: 32007672919 ns, Reaching safepoint: 127834 ns, Cleanup: 14131 ns, At safepoint: 8894 ns, Total: 150859 ns
[2024-05-29T16:35:46.348+0000][1][gc,start    ] GC(61) Pause Young (Normal) (G1 Evacuation Pause)
[2024-05-29T16:35:46.348+0000][1][gc,task     ] GC(61) Using 2 workers of 2 for evacuation
[2024-05-29T16:35:46.348+0000][1][gc,age      ] GC(61) Desired survivor size 161480704 bytes, new threshold 15 (max threshold 15)
[2024-05-29T16:35:46.363+0000][1][gc,phases   ] GC(61)   Pre Evacuate Collection Set: 0.8ms
[2024-05-29T16:35:46.363+0000][1][gc,phases   ] GC(61)   Merge Heap Roots: 0.5ms
[2024-05-29T16:35:46.363+0000][1][gc,phases   ] GC(61)   Evacuate Collection Set: 9.2ms
[2024-05-29T16:35:46.363+0000][1][gc,phases   ] GC(61)   Post Evacuate Collection Set: 4.1ms
[2024-05-29T16:35:46.363+0000][1][gc,phases   ] GC(61)   Other: 0.2ms
[2024-05-29T16:35:46.363+0000][1][gc,age      ] GC(61) Age table with threshold 15 (max threshold 15)
[2024-05-29T16:35:46.363+0000][1][gc,age      ] GC(61) - age   1:    1816000 bytes,    1816000 total
[2024-05-29T16:35:46.363+0000][1][gc,age      ] GC(61) - age   2:      38544 bytes,    1854544 total
[2024-05-29T16:35:46.363+0000][1][gc,age      ] GC(61) - age   3:      81928 bytes,    1936472 total
[2024-05-29T16:35:46.363+0000][1][gc,age      ] GC(61) - age   4:      38048 bytes,    1974520 total
[2024-05-29T16:35:46.363+0000][1][gc,age      ] GC(61) - age   5:      37360 bytes,    2011880 total
[2024-05-29T16:35:46.363+0000][1][gc,age      ] GC(61) - age   6:      38104 bytes,    2049984 total
[2024-05-29T16:35:46.363+0000][1][gc,age      ] GC(61) - age   7:      36920 bytes,    2086904 total
[2024-05-29T16:35:46.363+0000][1][gc,age      ] GC(61) - age   8:      38896 bytes,    2125800 total
[2024-05-29T16:35:46.363+0000][1][gc,age      ] GC(61) - age   9:      36728 bytes,    2162528 total
[2024-05-29T16:35:46.363+0000][1][gc,age      ] GC(61) - age  10:      38744 bytes,    2201272 total
[2024-05-29T16:35:46.363+0000][1][gc,age      ] GC(61) - age  11:      37760 bytes,    2239032 total
[2024-05-29T16:35:46.363+0000][1][gc,age      ] GC(61) - age  12:      32720 bytes,    2271752 total
[2024-05-29T16:35:46.363+0000][1][gc,age      ] GC(61) - age  13:       8808 bytes,    2280560 total
[2024-05-29T16:35:46.363+0000][1][gc,age      ] GC(61) - age  14:      24800 bytes,    2305360 total
[2024-05-29T16:35:46.363+0000][1][gc,age      ] GC(61) - age  15:      25664 bytes,    2331024 total
[2024-05-29T16:35:46.363+0000][1][gc,heap     ] GC(61) Eden regions: 1226->0(1226)
[2024-05-29T16:35:46.363+0000][1][gc,heap     ] GC(61) Survivor regions: 2->2(154)
[2024-05-29T16:35:46.363+0000][1][gc,heap     ] GC(61) Old regions: 21->21
[2024-05-29T16:35:46.363+0000][1][gc,heap     ] GC(61) Humongous regions: 0->0
[2024-05-29T16:35:46.363+0000][1][gc,metaspace] GC(61) Metaspace: 91167K(93760K)->91167K(93760K) NonClass: 79862K(81472K)->79862K(81472K) Class: 11305K(12288K)->11305K(12288K)
[2024-05-29T16:35:46.364+0000][1][gc          ] GC(61) Pause Young (Normal) (G1 Evacuation Pause) 2495M->42M(4096M) 15.372ms
[2024-05-29T16:35:46.364+0000][1][gc,cpu      ] GC(61) User=0.02s Sys=0.01s Real=0.02s
[2024-05-29T16:35:46.364+0000][1][safepoint   ] Safepoint "G1CollectForAllocation", Time since last: 45009852371 ns, Reaching safepoint: 12807 ns, Cleanup: 5405 ns, At safepoint: 15450650 ns, Total: 15468862 ns
[2024-05-29T16:36:30.308+0000][1][safepoint   ] Safepoint "Cleanup", Time since last: 43944531715 ns, Reaching safepoint: 41955 ns, Cleanup: 19144 ns, At safepoint: 6250 ns, Total: 67349 ns
[2024-05-29T16:36:39.309+0000][1][safepoint   ] Safepoint "Cleanup", Time since last: 9001016757 ns, Reaching safepoint: 172898 ns, Cleanup: 13148 ns, At safepoint: 9246 ns, Total: 195292 ns
[2024-05-29T16:37:05.322+0000][1][safepoint   ] Safepoint "Cleanup", Time since last: 26012484511 ns, Reaching safepoint: 46008 ns, Cleanup: 31881 ns, At safepoint: 4292 ns, Total: 82181 ns
[2024-05-29T16:37:06.322+0000][1][safepoint   ] Safepoint "Cleanup", Time since last: 1000143544 ns, Reaching safepoint: 105409 ns, Cleanup: 13209 ns, At safepoint: 17049 ns, Total: 135667 ns
[2024-05-29T16:37:15.494+0000][1][gc,start    ] GC(62) Pause Young (Normal) (G1 Evacuation Pause)
[2024-05-29T16:37:15.495+0000][1][gc,task     ] GC(62) Using 2 workers of 2 for evacuation
[2024-05-29T16:37:15.495+0000][1][gc,age      ] GC(62) Desired survivor size 161480704 bytes, new threshold 15 (max threshold 15)
[2024-05-29T16:37:15.516+0000][1][gc,phases   ] GC(62)   Pre Evacuate Collection Set: 0.9ms
[2024-05-29T16:37:15.516+0000][1][gc,phases   ] GC(62)   Merge Heap Roots: 0.4ms
[2024-05-29T16:37:15.516+0000][1][gc,phases   ] GC(62)   Evacuate Collection Set: 17.0ms
[2024-05-29T16:37:15.516+0000][1][gc,phases   ] GC(62)   Post Evacuate Collection Set: 2.8ms
[2024-05-29T16:37:15.516+0000][1][gc,phases   ] GC(62)   Other: 0.2ms
[2024-05-29T16:37:15.516+0000][1][gc,age      ] GC(62) Age table with threshold 15 (max threshold 15)
[2024-05-29T16:37:15.516+0000][1][gc,age      ] GC(62) - age   1:    4536448 bytes,    4536448 total
[2024-05-29T16:37:15.516+0000][1][gc,age      ] GC(62) - age   2:      39672 bytes,    4576120 total
[2024-05-29T16:37:15.516+0000][1][gc,age      ] GC(62) - age   3:      38368 bytes,    4614488 total
[2024-05-29T16:37:15.516+0000][1][gc,age      ] GC(62) - age   4:      81928 bytes,    4696416 total
[2024-05-29T16:37:15.516+0000][1][gc,age      ] GC(62) - age   5:      38048 bytes,    4734464 total
[2024-05-29T16:37:15.517+0000][1][gc,age      ] GC(62) - age   6:      37360 bytes,    4771824 total
[2024-05-29T16:37:15.517+0000][1][gc,age      ] GC(62) - age   7:      38104 bytes,    4809928 total
[2024-05-29T16:37:15.517+0000][1][gc,age      ] GC(62) - age   8:      36920 bytes,    4846848 total
[2024-05-29T16:37:15.517+0000][1][gc,age      ] GC(62) - age   9:      38896 bytes,    4885744 total
[2024-05-29T16:37:15.517+0000][1][gc,age      ] GC(62) - age  10:      36728 bytes,    4922472 total
[2024-05-29T16:37:15.517+0000][1][gc,age      ] GC(62) - age  11:      38744 bytes,    4961216 total
[2024-05-29T16:37:15.517+0000][1][gc,age      ] GC(62) - age  12:      37760 bytes,    4998976 total
[2024-05-29T16:37:15.517+0000][1][gc,age      ] GC(62) - age  13:      32720 bytes,    5031696 total
[2024-05-29T16:37:15.517+0000][1][gc,age      ] GC(62) - age  14:       8808 bytes,    5040504 total
[2024-05-29T16:37:15.517+0000][1][gc,age      ] GC(62) - age  15:      24800 bytes,    5065304 total
[2024-05-29T16:37:15.517+0000][1][gc,heap     ] GC(62) Eden regions: 1226->0(1225)
[2024-05-29T16:37:15.517+0000][1][gc,heap     ] GC(62) Survivor regions: 2->3(154)
[2024-05-29T16:37:15.517+0000][1][gc,heap     ] GC(62) Old regions: 21->21
[2024-05-29T16:37:15.517+0000][1][gc,heap     ] GC(62) Humongous regions: 0->0
[2024-05-29T16:37:15.517+0000][1][gc,metaspace] GC(62) Metaspace: 91167K(93760K)->91167K(93760K) NonClass: 79862K(81472K)->79862K(81472K) Class: 11305K(12288K)->11305K(12288K)
[2024-05-29T16:37:15.517+0000][1][gc          ] GC(62) Pause Young (Normal) (G1 Evacuation Pause) 2494M->45M(4096M) 22.822ms
[2024-05-29T16:37:15.517+0000][1][gc,cpu      ] GC(62) User=0.03s Sys=0.00s Real=0.02s
[2024-05-29T16:37:15.517+0000][1][safepoint   ] Safepoint "G1CollectForAllocation", Time since last: 9171170805 ns, Reaching safepoint: 1041815 ns, Cleanup: 9066 ns, At safepoint: 22997551 ns, Total: 24048432 ns
[2024-05-29T16:37:16.518+0000][1][safepoint   ] Safepoint "Cleanup", Time since last: 1000144959 ns, Reaching safepoint: 38769 ns, Cleanup: 16485 ns, At safepoint: 5852 ns, Total: 61106 ns
[2024-05-29T16:37:21.521+0000][1][safepoint   ] Safepoint "Cleanup", Time since last: 5003011942 ns, Reaching safepoint: 28908 ns, Cleanup: 13799 ns, At safepoint: 5041 ns, Total: 47748 ns
[2024-05-29T16:37:59.525+0000][1][safepoint   ] Safepoint "Cleanup", Time since last: 38004106388 ns, Reaching safepoint: 128833 ns, Cleanup: 85144 ns, At safepoint: 16839 ns, Total: 230816 ns
[2024-05-29T16:38:05.526+0000][1][safepoint   ] Safepoint "Cleanup", Time since last: 6001141418 ns, Reaching safepoint: 40707 ns, Cleanup: 21033 ns, At safepoint: 3500 ns, Total: 65240 ns
[2024-05-29T16:38:11.527+0000][1][safepoint   ] Safepoint "Cleanup", Time since last: 6000785421 ns, Reaching safepoint: 41037 ns, Cleanup: 15687 ns, At safepoint: 3993 ns, Total: 60717 ns
[2024-05-29T16:38:19.528+0000][1][safepoint   ] Safepoint "Cleanup", Time since last: 8001230556 ns, Reaching safepoint: 17561 ns, Cleanup: 15898 ns, At safepoint: 3524 ns, Total: 36983 ns
[2024-05-29T16:38:30.469+0000][1][gc,start    ] GC(63) Pause Young (Normal) (G1 Evacuation Pause)
[2024-05-29T16:38:30.469+0000][1][gc,task     ] GC(63) Using 2 workers of 2 for evacuation
[2024-05-29T16:38:30.469+0000][1][gc,age      ] GC(63) Desired survivor size 161480704 bytes, new threshold 15 (max threshold 15)
[2024-05-29T16:38:30.485+0000][1][gc,phases   ] GC(63)   Pre Evacuate Collection Set: 0.8ms
[2024-05-29T16:38:30.485+0000][1][gc,phases   ] GC(63)   Merge Heap Roots: 0.2ms
[2024-05-29T16:38:30.485+0000][1][gc,phases   ] GC(63)   Evacuate Collection Set: 11.1ms
[2024-05-29T16:38:30.485+0000][1][gc,phases   ] GC(63)   Post Evacuate Collection Set: 3.3ms
[2024-05-29T16:38:30.485+0000][1][gc,phases   ] GC(63)   Other: 0.3ms
[2024-05-29T16:38:30.485+0000][1][gc,age      ] GC(63) Age table with threshold 15 (max threshold 15)
[2024-05-29T16:38:30.485+0000][1][gc,age      ] GC(63) - age   1:    5593872 bytes,    5593872 total
[2024-05-29T16:38:30.485+0000][1][gc,age      ] GC(63) - age   2:      40960 bytes,    5634832 total
[2024-05-29T16:38:30.485+0000][1][gc,age      ] GC(63) - age   3:      39376 bytes,    5674208 total
[2024-05-29T16:38:30.485+0000][1][gc,age      ] GC(63) - age   4:      38208 bytes,    5712416 total
[2024-05-29T16:38:30.485+0000][1][gc,age      ] GC(63) - age   5:      81112 bytes,    5793528 total
[2024-05-29T16:38:30.485+0000][1][gc,age      ] GC(63) - age   6:      38008 bytes,    5831536 total
[2024-05-29T16:38:30.485+0000][1][gc,age      ] GC(63) - age   7:      36544 bytes,    5868080 total
[2024-05-29T16:38:30.485+0000][1][gc,age      ] GC(63) - age   8:      38104 bytes,    5906184 total
[2024-05-29T16:38:30.485+0000][1][gc,age      ] GC(63) - age   9:      36880 bytes,    5943064 total
[2024-05-29T16:38:30.485+0000][1][gc,age      ] GC(63) - age  10:      38896 bytes,    5981960 total
[2024-05-29T16:38:30.485+0000][1][gc,age      ] GC(63) - age  11:      36728 bytes,    6018688 total
[2024-05-29T16:38:30.485+0000][1][gc,age      ] GC(63) - age  12:      38592 bytes,    6057280 total
[2024-05-29T16:38:30.485+0000][1][gc,age      ] GC(63) - age  13:      37760 bytes,    6095040 total
[2024-05-29T16:38:30.485+0000][1][gc,age      ] GC(63) - age  14:      32720 bytes,    6127760 total
[2024-05-29T16:38:30.485+0000][1][gc,age      ] GC(63) - age  15:       8808 bytes,    6136568 total
[2024-05-29T16:38:30.485+0000][1][gc,heap     ] GC(63) Eden regions: 1225->0(1224)
[2024-05-29T16:38:30.485+0000][1][gc,heap     ] GC(63) Survivor regions: 3->4(154)
[2024-05-29T16:38:30.485+0000][1][gc,heap     ] GC(63) Old regions: 21->21
[2024-05-29T16:38:30.485+0000][1][gc,heap     ] GC(63) Humongous regions: 2->0
[2024-05-29T16:38:30.485+0000][1][gc,metaspace] GC(63) Metaspace: 91168K(93760K)->91168K(93760K) NonClass: 79863K(81472K)->79863K(81472K) Class: 11305K(12288K)->11305K(12288K)
[2024-05-29T16:38:30.485+0000][1][gc          ] GC(63) Pause Young (Normal) (G1 Evacuation Pause) 2499M->46M(4096M) 16.180ms
[2024-05-29T16:38:30.485+0000][1][gc,cpu      ] GC(63) User=0.03s Sys=0.00s Real=0.01s
[2024-05-29T16:38:30.485+0000][1][safepoint   ] Safepoint "G1CollectForAllocation", Time since last: 10940300700 ns, Reaching safepoint: 93365 ns, Cleanup: 5703 ns, At safepoint: 16259595 ns, Total: 16358663 ns
[2024-05-29T16:39:25.494+0000][1][safepoint   ] Safepoint "Cleanup", Time since last: 55008642596 ns, Reaching safepoint: 122004 ns, Cleanup: 12880 ns, At safepoint: 8437 ns, Total: 143321 ns
[2024-05-29T16:39:55.502+0000][1][safepoint   ] Safepoint "Cleanup", Time since last: 30008362072 ns, Reaching safepoint: 120046 ns, Cleanup: 11716 ns, At safepoint: 9214 ns, Total: 140976 ns
[2024-05-29T16:39:59.872+0000][1][gc,start    ] GC(64) Pause Young (Normal) (G1 Evacuation Pause)
[2024-05-29T16:39:59.872+0000][1][gc,task     ] GC(64) Using 2 workers of 2 for evacuation
[2024-05-29T16:39:59.872+0000][1][gc,age      ] GC(64) Desired survivor size 161480704 bytes, new threshold 15 (max threshold 15)
[2024-05-29T16:39:59.883+0000][1][gc,phases   ] GC(64)   Pre Evacuate Collection Set: 0.9ms
[2024-05-29T16:39:59.883+0000][1][gc,phases   ] GC(64)   Merge Heap Roots: 0.2ms
[2024-05-29T16:39:59.883+0000][1][gc,phases   ] GC(64)   Evacuate Collection Set: 5.3ms
[2024-05-29T16:39:59.883+0000][1][gc,phases   ] GC(64)   Post Evacuate Collection Set: 4.1ms
[2024-05-29T16:39:59.883+0000][1][gc,phases   ] GC(64)   Other: 0.2ms
[2024-05-29T16:39:59.883+0000][1][gc,age      ] GC(64) Age table with threshold 15 (max threshold 15)
[2024-05-29T16:39:59.883+0000][1][gc,age      ] GC(64) - age   1:    2200176 bytes,    2200176 total
[2024-05-29T16:39:59.883+0000][1][gc,age      ] GC(64) - age   2:      41200 bytes,    2241376 total
[2024-05-29T16:39:59.883+0000][1][gc,age      ] GC(64) - age   3:      40784 bytes,    2282160 total
[2024-05-29T16:39:59.883+0000][1][gc,age      ] GC(64) - age   4:      39224 bytes,    2321384 total
[2024-05-29T16:39:59.883+0000][1][gc,age      ] GC(64) - age   5:      38208 bytes,    2359592 total
[2024-05-29T16:39:59.883+0000][1][gc,age      ] GC(64) - age   6:      81112 bytes,    2440704 total
[2024-05-29T16:39:59.883+0000][1][gc,age      ] GC(64) - age   7:      38008 bytes,    2478712 total
[2024-05-29T16:39:59.883+0000][1][gc,age      ] GC(64) - age   8:      36544 bytes,    2515256 total
[2024-05-29T16:39:59.883+0000][1][gc,age      ] GC(64) - age   9:      38104 bytes,    2553360 total
[2024-05-29T16:39:59.883+0000][1][gc,age      ] GC(64) - age  10:      36880 bytes,    2590240 total
[2024-05-29T16:39:59.883+0000][1][gc,age      ] GC(64) - age  11:      38896 bytes,    2629136 total
[2024-05-29T16:39:59.883+0000][1][gc,age      ] GC(64) - age  12:      36728 bytes,    2665864 total
[2024-05-29T16:39:59.883+0000][1][gc,age      ] GC(64) - age  13:      38592 bytes,    2704456 total
[2024-05-29T16:39:59.883+0000][1][gc,age      ] GC(64) - age  14:      37760 bytes,    2742216 total
[2024-05-29T16:39:59.883+0000][1][gc,age      ] GC(64) - age  15:      32720 bytes,    2774936 total
[2024-05-29T16:39:59.883+0000][1][gc,heap     ] GC(64) Eden regions: 1224->0(1226)
[2024-05-29T16:39:59.883+0000][1][gc,heap     ] GC(64) Survivor regions: 4->2(154)
[2024-05-29T16:39:59.883+0000][1][gc,heap     ] GC(64) Old regions: 21->21
[2024-05-29T16:39:59.883+0000][1][gc,heap     ] GC(64) Humongous regions: 0->0
[2024-05-29T16:39:59.883+0000][1][gc,metaspace] GC(64) Metaspace: 91168K(93760K)->91168K(93760K) NonClass: 79863K(81472K)->79863K(81472K) Class: 11305K(12288K)->11305K(12288K)
[2024-05-29T16:39:59.883+0000][1][gc          ] GC(64) Pause Young (Normal) (G1 Evacuation Pause) 2494M->43M(4096M) 11.097ms
[2024-05-29T16:39:59.883+0000][1][gc,cpu      ] GC(64) User=0.02s Sys=0.00s Real=0.01s
[2024-05-29T16:39:59.883+0000][1][safepoint   ] Safepoint "G1CollectForAllocation", Time since last: 4369843701 ns, Reaching safepoint: 10860 ns, Cleanup: 5106 ns, At safepoint: 11232189 ns, Total: 11248155 ns
[2024-05-29T16:40:38.439+0000][1][safepoint   ] Safepoint "Cleanup", Time since last: 38555729254 ns, Reaching safepoint: 13057 ns, Cleanup: 13050 ns, At safepoint: 2768 ns, Total: 28875 ns
[2024-05-29T16:41:26.448+0000][1][safepoint   ] Safepoint "Cleanup", Time since last: 48008529977 ns, Reaching safepoint: 41660 ns, Cleanup: 19840 ns, At safepoint: 3671 ns, Total: 65171 ns
[2024-05-29T16:41:29.341+0000][1][gc,start    ] GC(65) Pause Young (Normal) (G1 Evacuation Pause)
[2024-05-29T16:41:29.341+0000][1][gc,task     ] GC(65) Using 2 workers of 2 for evacuation
[2024-05-29T16:41:29.341+0000][1][gc,age      ] GC(65) Desired survivor size 161480704 bytes, new threshold 15 (max threshold 15)
[2024-05-29T16:41:29.360+0000][1][gc,phases   ] GC(65)   Pre Evacuate Collection Set: 0.8ms
[2024-05-29T16:41:29.360+0000][1][gc,phases   ] GC(65)   Merge Heap Roots: 0.6ms
[2024-05-29T16:41:29.360+0000][1][gc,phases   ] GC(65)   Evacuate Collection Set: 14.7ms
[2024-05-29T16:41:29.360+0000][1][gc,phases   ] GC(65)   Post Evacuate Collection Set: 3.2ms
[2024-05-29T16:41:29.360+0000][1][gc,phases   ] GC(65)   Other: 0.2ms
[2024-05-29T16:41:29.360+0000][1][gc,age      ] GC(65) Age table with threshold 15 (max threshold 15)
[2024-05-29T16:41:29.360+0000][1][gc,age      ] GC(65) - age   1:    2558312 bytes,    2558312 total
[2024-05-29T16:41:29.360+0000][1][gc,age      ] GC(65) - age   2:      40256 bytes,    2598568 total
[2024-05-29T16:41:29.360+0000][1][gc,age      ] GC(65) - age   3:      41112 bytes,    2639680 total
[2024-05-29T16:41:29.360+0000][1][gc,age      ] GC(65) - age   4:      40696 bytes,    2680376 total
[2024-05-29T16:41:29.360+0000][1][gc,age      ] GC(65) - age   5:      39224 bytes,    2719600 total
[2024-05-29T16:41:29.360+0000][1][gc,age      ] GC(65) - age   6:      38208 bytes,    2757808 total
[2024-05-29T16:41:29.360+0000][1][gc,age      ] GC(65) - age   7:      81112 bytes,    2838920 total
[2024-05-29T16:41:29.360+0000][1][gc,age      ] GC(65) - age   8:      38008 bytes,    2876928 total
[2024-05-29T16:41:29.360+0000][1][gc,age      ] GC(65) - age   9:      36544 bytes,    2913472 total
[2024-05-29T16:41:29.360+0000][1][gc,age      ] GC(65) - age  10:      38104 bytes,    2951576 total
[2024-05-29T16:41:29.360+0000][1][gc,age      ] GC(65) - age  11:      36880 bytes,    2988456 total
[2024-05-29T16:41:29.360+0000][1][gc,age      ] GC(65) - age  12:      38896 bytes,    3027352 total
[2024-05-29T16:41:29.360+0000][1][gc,age      ] GC(65) - age  13:      36728 bytes,    3064080 total
[2024-05-29T16:41:29.360+0000][1][gc,age      ] GC(65) - age  14:      38592 bytes,    3102672 total
[2024-05-29T16:41:29.360+0000][1][gc,age      ] GC(65) - age  15:      37760 bytes,    3140432 total
[2024-05-29T16:41:29.360+0000][1][gc,heap     ] GC(65) Eden regions: 1226->0(1226)
[2024-05-29T16:41:29.360+0000][1][gc,heap     ] GC(65) Survivor regions: 2->2(154)
[2024-05-29T16:41:29.360+0000][1][gc,heap     ] GC(65) Old regions: 21->21
[2024-05-29T16:41:29.362+0000][1][gc,heap     ] GC(65) Humongous regions: 0->0
[2024-05-29T16:41:29.362+0000][1][gc,metaspace] GC(65) Metaspace: 91168K(93760K)->91168K(93760K) NonClass: 79863K(81472K)->79863K(81472K) Class: 11305K(12288K)->11305K(12288K)
[2024-05-29T16:41:29.362+0000][1][gc          ] GC(65) Pause Young (Normal) (G1 Evacuation Pause) 2495M->43M(4096M) 21.134ms
[2024-05-29T16:41:29.362+0000][1][gc,cpu      ] GC(65) User=0.03s Sys=0.00s Real=0.02s
[2024-05-29T16:41:29.362+0000][1][safepoint   ] Safepoint "G1CollectForAllocation", Time since last: 2892738607 ns, Reaching safepoint: 179808 ns, Cleanup: 7036 ns, At safepoint: 21220721 ns, Total: 21407565 ns
[2024-05-29T16:41:34.470+0000][1][safepoint   ] Safepoint "Cleanup", Time since last: 5107809379 ns, Reaching safepoint: 12736 ns, Cleanup: 16797 ns, At safepoint: 3276 ns, Total: 32809 ns
[2024-05-29T16:41:39.471+0000][1][safepoint   ] Safepoint "Cleanup", Time since last: 5000594485 ns, Reaching safepoint: 117466 ns, Cleanup: 13300 ns, At safepoint: 12195 ns, Total: 142961 ns
[2024-05-29T16:41:40.471+0000][1][safepoint   ] Safepoint "Cleanup", Time since last: 1000465657 ns, Reaching safepoint: 101207 ns, Cleanup: 23145 ns, At safepoint: 11252 ns, Total: 135604 ns
[2024-05-29T16:42:05.480+0000][1][safepoint   ] Safepoint "Cleanup", Time since last: 25008284681 ns, Reaching safepoint: 312513 ns, Cleanup: 19877 ns, At safepoint: 65083 ns, Total: 397473 ns
[2024-05-29T16:42:35.470+0000][1][gc,start    ] GC(66) Pause Young (Normal) (G1 Evacuation Pause)
[2024-05-29T16:42:35.470+0000][1][gc,task     ] GC(66) Using 2 workers of 2 for evacuation
[2024-05-29T16:42:35.470+0000][1][gc,age      ] GC(66) Desired survivor size 161480704 bytes, new threshold 15 (max threshold 15)
[2024-05-29T16:42:35.484+0000][1][gc,phases   ] GC(66)   Pre Evacuate Collection Set: 0.7ms
[2024-05-29T16:42:35.484+0000][1][gc,phases   ] GC(66)   Merge Heap Roots: 0.3ms
[2024-05-29T16:42:35.484+0000][1][gc,phases   ] GC(66)   Evacuate Collection Set: 9.3ms
[2024-05-29T16:42:35.484+0000][1][gc,phases   ] GC(66)   Post Evacuate Collection Set: 2.7ms
[2024-05-29T16:42:35.484+0000][1][gc,phases   ] GC(66)   Other: 0.2ms
[2024-05-29T16:42:35.484+0000][1][gc,age      ] GC(66) Age table with threshold 15 (max threshold 15)
[2024-05-29T16:42:35.484+0000][1][gc,age      ] GC(66) - age   1:    7145272 bytes,    7145272 total
[2024-05-29T16:42:35.484+0000][1][gc,age      ] GC(66) - age   2:      39464 bytes,    7184736 total
[2024-05-29T16:42:35.484+0000][1][gc,age      ] GC(66) - age   3:      39960 bytes,    7224696 total
[2024-05-29T16:42:35.484+0000][1][gc,age      ] GC(66) - age   4:      40800 bytes,    7265496 total
[2024-05-29T16:42:35.484+0000][1][gc,age      ] GC(66) - age   5:      40696 bytes,    7306192 total
[2024-05-29T16:42:35.484+0000][1][gc,age      ] GC(66) - age   6:      39224 bytes,    7345416 total
[2024-05-29T16:42:35.484+0000][1][gc,age      ] GC(66) - age   7:      38208 bytes,    7383624 total
[2024-05-29T16:42:35.484+0000][1][gc,age      ] GC(66) - age   8:      49048 bytes,    7432672 total
[2024-05-29T16:42:35.484+0000][1][gc,age      ] GC(66) - age   9:      38008 bytes,    7470680 total
[2024-05-29T16:42:35.484+0000][1][gc,age      ] GC(66) - age  10:      36544 bytes,    7507224 total
[2024-05-29T16:42:35.484+0000][1][gc,age      ] GC(66) - age  11:      38104 bytes,    7545328 total
[2024-05-29T16:42:35.484+0000][1][gc,age      ] GC(66) - age  12:      36880 bytes,    7582208 total
[2024-05-29T16:42:35.484+0000][1][gc,age      ] GC(66) - age  13:      38896 bytes,    7621104 total
[2024-05-29T16:42:35.484+0000][1][gc,age      ] GC(66) - age  14:      36728 bytes,    7657832 total
[2024-05-29T16:42:35.484+0000][1][gc,age      ] GC(66) - age  15:      38592 bytes,    7696424 total
[2024-05-29T16:42:35.484+0000][1][gc,heap     ] GC(66) Eden regions: 1226->0(1224)
[2024-05-29T16:42:35.484+0000][1][gc,heap     ] GC(66) Survivor regions: 2->4(154)
[2024-05-29T16:42:35.484+0000][1][gc,heap     ] GC(66) Old regions: 21->21
[2024-05-29T16:42:35.484+0000][1][gc,heap     ] GC(66) Humongous regions: 2->0
[2024-05-29T16:42:35.484+0000][1][gc,metaspace] GC(66) Metaspace: 91168K(93760K)->91168K(93760K) NonClass: 79863K(81472K)->79863K(81472K) Class: 11305K(12288K)->11305K(12288K)
[2024-05-29T16:42:35.484+0000][1][gc          ] GC(66) Pause Young (Normal) (G1 Evacuation Pause) 2499M->48M(4096M) 13.664ms
[2024-05-29T16:42:35.484+0000][1][gc,cpu      ] GC(66) User=0.02s Sys=0.00s Real=0.01s
[2024-05-29T16:42:35.484+0000][1][safepoint   ] Safepoint "G1CollectForAllocation", Time since last: 29990376049 ns, Reaching safepoint: 97722 ns, Cleanup: 5821 ns, At safepoint: 13747700 ns, Total: 13851243 ns
[2024-05-29T16:43:04.492+0000][1][safepoint   ] Safepoint "Cleanup", Time since last: 29007621086 ns, Reaching safepoint: 13162 ns, Cleanup: 15737 ns, At safepoint: 3373 ns, Total: 32272 ns
[2024-05-29T16:43:34.543+0000][1][safepoint   ] Safepoint "Cleanup", Time since last: 30051776222 ns, Reaching safepoint: 15680 ns, Cleanup: 15863 ns, At safepoint: 3959 ns, Total: 35502 ns
[2024-05-29T16:43:51.545+0000][1][safepoint   ] Safepoint "Cleanup", Time since last: 17001852741 ns, Reaching safepoint: 13634 ns, Cleanup: 14278 ns, At safepoint: 3322 ns, Total: 31234 ns
[2024-05-29T16:44:04.869+0000][1][gc,start    ] GC(67) Pause Young (Normal) (G1 Evacuation Pause)
[2024-05-29T16:44:04.869+0000][1][gc,task     ] GC(67) Using 2 workers of 2 for evacuation
[2024-05-29T16:44:04.869+0000][1][gc,age      ] GC(67) Desired survivor size 161480704 bytes, new threshold 15 (max threshold 15)
[2024-05-29T16:44:04.882+0000][1][gc,phases   ] GC(67)   Pre Evacuate Collection Set: 0.6ms
[2024-05-29T16:44:04.882+0000][1][gc,phases   ] GC(67)   Merge Heap Roots: 0.3ms
[2024-05-29T16:44:04.882+0000][1][gc,phases   ] GC(67)   Evacuate Collection Set: 7.9ms
[2024-05-29T16:44:04.882+0000][1][gc,phases   ] GC(67)   Post Evacuate Collection Set: 4.5ms
[2024-05-29T16:44:04.882+0000][1][gc,phases   ] GC(67)   Other: 0.1ms
[2024-05-29T16:44:04.882+0000][1][gc,age      ] GC(67) Age table with threshold 15 (max threshold 15)
[2024-05-29T16:44:04.883+0000][1][gc,age      ] GC(67) - age   1:    1945248 bytes,    1945248 total
[2024-05-29T16:44:04.883+0000][1][gc,age      ] GC(67) - age   2:      69984 bytes,    2015232 total
[2024-05-29T16:44:04.883+0000][1][gc,age      ] GC(67) - age   3:      39288 bytes,    2054520 total
[2024-05-29T16:44:04.883+0000][1][gc,age      ] GC(67) - age   4:      39960 bytes,    2094480 total
[2024-05-29T16:44:04.883+0000][1][gc,age      ] GC(67) - age   5:      39984 bytes,    2134464 total
[2024-05-29T16:44:04.883+0000][1][gc,age      ] GC(67) - age   6:      40696 bytes,    2175160 total
[2024-05-29T16:44:04.883+0000][1][gc,age      ] GC(67) - age   7:      39224 bytes,    2214384 total
[2024-05-29T16:44:04.883+0000][1][gc,age      ] GC(67) - age   8:      38208 bytes,    2252592 total
[2024-05-29T16:44:04.883+0000][1][gc,age      ] GC(67) - age   9:      49048 bytes,    2301640 total
[2024-05-29T16:44:04.883+0000][1][gc,age      ] GC(67) - age  10:      38008 bytes,    2339648 total
[2024-05-29T16:44:04.883+0000][1][gc,age      ] GC(67) - age  11:      36544 bytes,    2376192 total
[2024-05-29T16:44:04.883+0000][1][gc,age      ] GC(67) - age  12:      38104 bytes,    2414296 total
[2024-05-29T16:44:04.883+0000][1][gc,age      ] GC(67) - age  13:      36880 bytes,    2451176 total
[2024-05-29T16:44:04.883+0000][1][gc,age      ] GC(67) - age  14:      38744 bytes,    2489920 total
[2024-05-29T16:44:04.883+0000][1][gc,age      ] GC(67) - age  15:      36728 bytes,    2526648 total
[2024-05-29T16:44:04.883+0000][1][gc,heap     ] GC(67) Eden regions: 1224->0(1226)
[2024-05-29T16:44:04.883+0000][1][gc,heap     ] GC(67) Survivor regions: 4->2(154)
[2024-05-29T16:44:04.883+0000][1][gc,heap     ] GC(67) Old regions: 21->21
[2024-05-29T16:44:04.883+0000][1][gc,heap     ] GC(67) Humongous regions: 0->0
[2024-05-29T16:44:04.883+0000][1][gc,metaspace] GC(67) Metaspace: 91168K(93760K)->91168K(93760K) NonClass: 79863K(81472K)->79863K(81472K) Class: 11305K(12288K)->11305K(12288K)
[2024-05-29T16:44:04.883+0000][1][gc          ] GC(67) Pause Young (Normal) (G1 Evacuation Pause) 2496M->43M(4096M) 14.020ms
[2024-05-29T16:44:04.883+0000][1][gc,cpu      ] GC(67) User=0.02s Sys=0.00s Real=0.01s
[2024-05-29T16:44:04.883+0000][1][safepoint   ] Safepoint "G1CollectForAllocation", Time since last: 13323291248 ns, Reaching safepoint: 11308 ns, Cleanup: 4452 ns, At safepoint: 14097833 ns, Total: 14113593 ns
[2024-05-29T16:44:40.572+0000][1][safepoint   ] Safepoint "Cleanup", Time since last: 35688711873 ns, Reaching safepoint: 13466 ns, Cleanup: 11882 ns, At safepoint: 2915 ns, Total: 28263 ns
[2024-05-29T16:44:54.577+0000][1][safepoint   ] Safepoint "Cleanup", Time since last: 14005449697 ns, Reaching safepoint: 46249 ns, Cleanup: 13378 ns, At safepoint: 3078 ns, Total: 62705 ns
[2024-05-29T16:44:55.577+0000][1][safepoint   ] Safepoint "Cleanup", Time since last: 1000133819 ns, Reaching safepoint: 13303 ns, Cleanup: 19119 ns, At safepoint: 3459 ns, Total: 35881 ns
[2024-05-29T16:45:34.305+0000][1][gc,start    ] GC(68) Pause Young (Normal) (G1 Evacuation Pause)
[2024-05-29T16:45:34.305+0000][1][gc,task     ] GC(68) Using 2 workers of 2 for evacuation
[2024-05-29T16:45:34.305+0000][1][gc,age      ] GC(68) Desired survivor size 161480704 bytes, new threshold 15 (max threshold 15)
[2024-05-29T16:45:34.316+0000][1][gc,phases   ] GC(68)   Pre Evacuate Collection Set: 0.6ms
[2024-05-29T16:45:34.316+0000][1][gc,phases   ] GC(68)   Merge Heap Roots: 0.3ms
[2024-05-29T16:45:34.316+0000][1][gc,phases   ] GC(68)   Evacuate Collection Set: 6.6ms
[2024-05-29T16:45:34.316+0000][1][gc,phases   ] GC(68)   Post Evacuate Collection Set: 3.1ms
[2024-05-29T16:45:34.316+0000][1][gc,phases   ] GC(68)   Other: 0.2ms
[2024-05-29T16:45:34.316+0000][1][gc,age      ] GC(68) Age table with threshold 15 (max threshold 15)
[2024-05-29T16:45:34.316+0000][1][gc,age      ] GC(68) - age   1:    2705792 bytes,    2705792 total
[2024-05-29T16:45:34.316+0000][1][gc,age      ] GC(68) - age   2:      41104 bytes,    2746896 total
[2024-05-29T16:45:34.316+0000][1][gc,age      ] GC(68) - age   3:      69808 bytes,    2816704 total
[2024-05-29T16:45:34.316+0000][1][gc,age      ] GC(68) - age   4:      39200 bytes,    2855904 total
[2024-05-29T16:45:34.316+0000][1][gc,age      ] GC(68) - age   5:      39960 bytes,    2895864 total
[2024-05-29T16:45:34.316+0000][1][gc,age      ] GC(68) - age   6:      39984 bytes,    2935848 total
[2024-05-29T16:45:34.316+0000][1][gc,age      ] GC(68) - age   7:      40696 bytes,    2976544 total
[2024-05-29T16:45:34.316+0000][1][gc,age      ] GC(68) - age   8:      39224 bytes,    3015768 total
[2024-05-29T16:45:34.316+0000][1][gc,age      ] GC(68) - age   9:      38208 bytes,    3053976 total
[2024-05-29T16:45:34.316+0000][1][gc,age      ] GC(68) - age  10:      49048 bytes,    3103024 total
[2024-05-29T16:45:34.316+0000][1][gc,age      ] GC(68) - age  11:      38008 bytes,    3141032 total
[2024-05-29T16:45:34.316+0000][1][gc,age      ] GC(68) - age  12:      36544 bytes,    3177576 total
[2024-05-29T16:45:34.316+0000][1][gc,age      ] GC(68) - age  13:      38104 bytes,    3215680 total
[2024-05-29T16:45:34.316+0000][1][gc,age      ] GC(68) - age  14:      36880 bytes,    3252560 total
[2024-05-29T16:45:34.316+0000][1][gc,age      ] GC(68) - age  15:      38744 bytes,    3291304 total
[2024-05-29T16:45:34.316+0000][1][gc,heap     ] GC(68) Eden regions: 1226->0(1226)
[2024-05-29T16:45:34.316+0000][1][gc,heap     ] GC(68) Survivor regions: 2->2(154)
[2024-05-29T16:45:34.316+0000][1][gc,heap     ] GC(68) Old regions: 21->21
[2024-05-29T16:45:34.316+0000][1][gc,heap     ] GC(68) Humongous regions: 0->0
[2024-05-29T16:45:34.316+0000][1][gc,metaspace] GC(68) Metaspace: 91168K(93760K)->91168K(93760K) NonClass: 79863K(81472K)->79863K(81472K) Class: 11305K(12288K)->11305K(12288K)
[2024-05-29T16:45:34.316+0000][1][gc          ] GC(68) Pause Young (Normal) (G1 Evacuation Pause) 2495M->43M(4096M) 11.287ms
[2024-05-29T16:45:34.316+0000][1][gc,cpu      ] GC(68) User=0.01s Sys=0.01s Real=0.01s
[2024-05-29T16:45:34.316+0000][1][safepoint   ] Safepoint "G1CollectForAllocation", Time since last: 38727300757 ns, Reaching safepoint: 130514 ns, Cleanup: 13781 ns, At safepoint: 11371450 ns, Total: 11515745 ns
[2024-05-29T16:45:38.317+0000][1][safepoint   ] Safepoint "Cleanup", Time since last: 4000516452 ns, Reaching safepoint: 52541 ns, Cleanup: 12068 ns, At safepoint: 3246 ns, Total: 67855 ns
[2024-05-29T16:46:33.639+0000][1][safepoint   ] Safepoint "Cleanup", Time since last: 55322517463 ns, Reaching safepoint: 95350 ns, Cleanup: 12393 ns, At safepoint: 6837 ns, Total: 114580 ns
[2024-05-29T16:46:34.640+0000][1][safepoint   ] Safepoint "Cleanup", Time since last: 1000186144 ns, Reaching safepoint: 125296 ns, Cleanup: 14128 ns, At safepoint: 13192 ns, Total: 152616 ns
[2024-05-29T16:46:35.375+0000][1][gc,start    ] GC(69) Pause Young (Normal) (G1 Evacuation Pause)
[2024-05-29T16:46:35.375+0000][1][gc,task     ] GC(69) Using 2 workers of 2 for evacuation
[2024-05-29T16:46:35.376+0000][1][gc,age      ] GC(69) Desired survivor size 161480704 bytes, new threshold 15 (max threshold 15)
[2024-05-29T16:46:35.390+0000][1][gc,phases   ] GC(69)   Pre Evacuate Collection Set: 1.3ms
[2024-05-29T16:46:35.390+0000][1][gc,phases   ] GC(69)   Merge Heap Roots: 0.4ms
[2024-05-29T16:46:35.390+0000][1][gc,phases   ] GC(69)   Evacuate Collection Set: 8.3ms
[2024-05-29T16:46:35.390+0000][1][gc,phases   ] GC(69)   Post Evacuate Collection Set: 3.9ms
[2024-05-29T16:46:35.390+0000][1][gc,phases   ] GC(69)   Other: 0.1ms
[2024-05-29T16:46:35.390+0000][1][gc,age      ] GC(69) Age table with threshold 15 (max threshold 15)
[2024-05-29T16:46:35.390+0000][1][gc,age      ] GC(69) - age   1:    4031416 bytes,    4031416 total
[2024-05-29T16:46:35.390+0000][1][gc,age      ] GC(69) - age   2:      41992 bytes,    4073408 total
[2024-05-29T16:46:35.390+0000][1][gc,age      ] GC(69) - age   3:      40808 bytes,    4114216 total
[2024-05-29T16:46:35.390+0000][1][gc,age      ] GC(69) - age   4:      37584 bytes,    4151800 total
[2024-05-29T16:46:35.390+0000][1][gc,age      ] GC(69) - age   5:      39200 bytes,    4191000 total
[2024-05-29T16:46:35.390+0000][1][gc,age      ] GC(69) - age   6:      39960 bytes,    4230960 total
[2024-05-29T16:46:35.390+0000][1][gc,age      ] GC(69) - age   7:      39984 bytes,    4270944 total
[2024-05-29T16:46:35.390+0000][1][gc,age      ] GC(69) - age   8:      40696 bytes,    4311640 total
[2024-05-29T16:46:35.390+0000][1][gc,age      ] GC(69) - age   9:      39224 bytes,    4350864 total
[2024-05-29T16:46:35.390+0000][1][gc,age      ] GC(69) - age  10:      38208 bytes,    4389072 total
[2024-05-29T16:46:35.390+0000][1][gc,age      ] GC(69) - age  11:      49048 bytes,    4438120 total
[2024-05-29T16:46:35.391+0000][1][gc,age      ] GC(69) - age  12:      38008 bytes,    4476128 total
[2024-05-29T16:46:35.391+0000][1][gc,age      ] GC(69) - age  13:      36544 bytes,    4512672 total
[2024-05-29T16:46:35.391+0000][1][gc,age      ] GC(69) - age  14:      38104 bytes,    4550776 total
[2024-05-29T16:46:35.391+0000][1][gc,age      ] GC(69) - age  15:      36880 bytes,    4587656 total
[2024-05-29T16:46:35.391+0000][1][gc,heap     ] GC(69) Eden regions: 1226->0(1225)
[2024-05-29T16:46:35.391+0000][1][gc,heap     ] GC(69) Survivor regions: 2->3(154)
[2024-05-29T16:46:35.391+0000][1][gc,heap     ] GC(69) Old regions: 21->21
[2024-05-29T16:46:35.391+0000][1][gc,heap     ] GC(69) Humongous regions: 4->0
[2024-05-29T16:46:35.391+0000][1][gc,metaspace] GC(69) Metaspace: 91168K(93760K)->91168K(93760K) NonClass: 79863K(81472K)->79863K(81472K) Class: 11305K(12288K)->11305K(12288K)
[2024-05-29T16:46:35.391+0000][1][gc          ] GC(69) Pause Young (Normal) (G1 Evacuation Pause) 2503M->45M(4096M) 15.189ms
[2024-05-29T16:46:35.391+0000][1][gc,cpu      ] GC(69) User=0.02s Sys=0.00s Real=0.02s
[2024-05-29T16:46:35.391+0000][1][safepoint   ] Safepoint "G1CollectForAllocation", Time since last: 735813704 ns, Reaching safepoint: 15494 ns, Cleanup: 7535 ns, At safepoint: 15264909 ns, Total: 15287938 ns
[2024-05-29T16:46:46.398+0000][1][safepoint   ] Safepoint "Cleanup", Time since last: 11007298425 ns, Reaching safepoint: 90321 ns, Cleanup: 10880 ns, At safepoint: 8628 ns, Total: 109829 ns
[2024-05-29T16:47:05.993+0000][1][gc,start    ] GC(70) Pause Young (Normal) (G1 Evacuation Pause)
[2024-05-29T16:47:05.993+0000][1][gc,task     ] GC(70) Using 2 workers of 2 for evacuation
[2024-05-29T16:47:05.993+0000][1][gc,age      ] GC(70) Desired survivor size 161480704 bytes, new threshold 15 (max threshold 15)
[2024-05-29T16:47:06.005+0000][1][gc,phases   ] GC(70)   Pre Evacuate Collection Set: 0.6ms
[2024-05-29T16:47:06.005+0000][1][gc,phases   ] GC(70)   Merge Heap Roots: 0.2ms
[2024-05-29T16:47:06.005+0000][1][gc,phases   ] GC(70)   Evacuate Collection Set: 8.4ms
[2024-05-29T16:47:06.005+0000][1][gc,phases   ] GC(70)   Post Evacuate Collection Set: 2.7ms
[2024-05-29T16:47:06.005+0000][1][gc,phases   ] GC(70)   Other: 0.1ms
[2024-05-29T16:47:06.005+0000][1][gc,age      ] GC(70) Age table with threshold 15 (max threshold 15)
[2024-05-29T16:47:06.005+0000][1][gc,age      ] GC(70) - age   1:    4723784 bytes,    4723784 total
[2024-05-29T16:47:06.005+0000][1][gc,age      ] GC(70) - age   2:      36904 bytes,    4760688 total
[2024-05-29T16:47:06.005+0000][1][gc,age      ] GC(70) - age   3:      41904 bytes,    4802592 total
[2024-05-29T16:47:06.005+0000][1][gc,age      ] GC(70) - age   4:      40808 bytes,    4843400 total
[2024-05-29T16:47:06.005+0000][1][gc,age      ] GC(70) - age   5:      37584 bytes,    4880984 total
[2024-05-29T16:47:06.005+0000][1][gc,age      ] GC(70) - age   6:      39200 bytes,    4920184 total
[2024-05-29T16:47:06.005+0000][1][gc,age      ] GC(70) - age   7:      39960 bytes,    4960144 total
[2024-05-29T16:47:06.005+0000][1][gc,age      ] GC(70) - age   8:      39984 bytes,    5000128 total
[2024-05-29T16:47:06.005+0000][1][gc,age      ] GC(70) - age   9:      40696 bytes,    5040824 total
[2024-05-29T16:47:06.005+0000][1][gc,age      ] GC(70) - age  10:      39224 bytes,    5080048 total
[2024-05-29T16:47:06.005+0000][1][gc,age      ] GC(70) - age  11:      38208 bytes,    5118256 total
[2024-05-29T16:47:06.005+0000][1][gc,age      ] GC(70) - age  12:      49048 bytes,    5167304 total
[2024-05-29T16:47:06.005+0000][1][gc,age      ] GC(70) - age  13:      38008 bytes,    5205312 total
[2024-05-29T16:47:06.005+0000][1][gc,age      ] GC(70) - age  14:      36544 bytes,    5241856 total
[2024-05-29T16:47:06.005+0000][1][gc,age      ] GC(70) - age  15:      38104 bytes,    5279960 total
[2024-05-29T16:47:06.005+0000][1][gc,heap     ] GC(70) Eden regions: 1225->0(1225)
[2024-05-29T16:47:06.005+0000][1][gc,heap     ] GC(70) Survivor regions: 3->3(154)
[2024-05-29T16:47:06.005+0000][1][gc,heap     ] GC(70) Old regions: 21->21
[2024-05-29T16:47:06.005+0000][1][gc,heap     ] GC(70) Humongous regions: 8->0
[2024-05-29T16:47:06.005+0000][1][gc,metaspace] GC(70) Metaspace: 91168K(93760K)->91168K(93760K) NonClass: 79863K(81472K)->79863K(81472K) Class: 11305K(12288K)->11305K(12288K)
[2024-05-29T16:47:06.005+0000][1][gc          ] GC(70) Pause Young (Normal) (G1 Evacuation Pause) 2511M->46M(4096M) 12.371ms
[2024-05-29T16:47:06.005+0000][1][gc,cpu      ] GC(70) User=0.01s Sys=0.00s Real=0.01s
[2024-05-29T16:47:06.005+0000][1][safepoint   ] Safepoint "G1CollectForAllocation", Time since last: 19593550779 ns, Reaching safepoint: 1399603 ns, Cleanup: 9426 ns, At safepoint: 12453279 ns, Total: 13862308 ns
[2024-05-29T16:47:45.451+0000][1][gc,start    ] GC(71) Pause Young (Normal) (G1 Evacuation Pause)
[2024-05-29T16:47:45.451+0000][1][gc,task     ] GC(71) Using 2 workers of 2 for evacuation
[2024-05-29T16:47:45.451+0000][1][gc,age      ] GC(71) Desired survivor size 161480704 bytes, new threshold 15 (max threshold 15)
[2024-05-29T16:47:45.470+0000][1][gc,phases   ] GC(71)   Pre Evacuate Collection Set: 0.8ms
[2024-05-29T16:47:45.470+0000][1][gc,phases   ] GC(71)   Merge Heap Roots: 0.2ms
[2024-05-29T16:47:45.470+0000][1][gc,phases   ] GC(71)   Evacuate Collection Set: 13.1ms
[2024-05-29T16:47:45.470+0000][1][gc,phases   ] GC(71)   Post Evacuate Collection Set: 4.5ms
[2024-05-29T16:47:45.470+0000][1][gc,phases   ] GC(71)   Other: 0.3ms
[2024-05-29T16:47:45.470+0000][1][gc,age      ] GC(71) Age table with threshold 15 (max threshold 15)
[2024-05-29T16:47:45.470+0000][1][gc,age      ] GC(71) - age   1:    5504184 bytes,    5504184 total
[2024-05-29T16:47:45.470+0000][1][gc,age      ] GC(71) - age   2:      66848 bytes,    5571032 total
[2024-05-29T16:47:45.470+0000][1][gc,age      ] GC(71) - age   3:      36600 bytes,    5607632 total
[2024-05-29T16:47:45.470+0000][1][gc,age      ] GC(71) - age   4:      41816 bytes,    5649448 total
[2024-05-29T16:47:45.470+0000][1][gc,age      ] GC(71) - age   5:      39992 bytes,    5689440 total
[2024-05-29T16:47:45.470+0000][1][gc,age      ] GC(71) - age   6:      37584 bytes,    5727024 total
[2024-05-29T16:47:45.470+0000][1][gc,age      ] GC(71) - age   7:      39200 bytes,    5766224 total
[2024-05-29T16:47:45.470+0000][1][gc,age      ] GC(71) - age   8:      39960 bytes,    5806184 total
[2024-05-29T16:47:45.470+0000][1][gc,age      ] GC(71) - age   9:      39168 bytes,    5845352 total
[2024-05-29T16:47:45.471+0000][1][gc,age      ] GC(71) - age  10:      40696 bytes,    5886048 total
[2024-05-29T16:47:45.471+0000][1][gc,age      ] GC(71) - age  11:      39224 bytes,    5925272 total
[2024-05-29T16:47:45.471+0000][1][gc,age      ] GC(71) - age  12:      38208 bytes,    5963480 total
[2024-05-29T16:47:45.471+0000][1][gc,age      ] GC(71) - age  13:      49048 bytes,    6012528 total
[2024-05-29T16:47:45.471+0000][1][gc,age      ] GC(71) - age  14:      37968 bytes,    6050496 total
[2024-05-29T16:47:45.471+0000][1][gc,age      ] GC(71) - age  15:      36544 bytes,    6087040 total
[2024-05-29T16:47:45.471+0000][1][gc,heap     ] GC(71) Eden regions: 1225->0(1224)
[2024-05-29T16:47:45.471+0000][1][gc,heap     ] GC(71) Survivor regions: 3->4(154)
[2024-05-29T16:47:45.471+0000][1][gc,heap     ] GC(71) Old regions: 21->21
[2024-05-29T16:47:45.471+0000][1][gc,heap     ] GC(71) Humongous regions: 6->0
[2024-05-29T16:47:45.471+0000][1][gc,metaspace] GC(71) Metaspace: 91168K(93760K)->91168K(93760K) NonClass: 79863K(81472K)->79863K(81472K) Class: 11305K(12288K)->11305K(12288K)
[2024-05-29T16:47:45.471+0000][1][gc          ] GC(71) Pause Young (Normal) (G1 Evacuation Pause) 2508M->46M(4096M) 19.372ms
[2024-05-29T16:47:45.471+0000][1][gc,cpu      ] GC(71) User=0.03s Sys=0.00s Real=0.02s
[2024-05-29T16:47:45.471+0000][1][safepoint   ] Safepoint "G1CollectForAllocation", Time since last: 39445579535 ns, Reaching safepoint: 153046 ns, Cleanup: 5716 ns, At safepoint: 19456576 ns, Total: 19615338 ns
[2024-05-29T16:48:10.473+0000][1][safepoint   ] Safepoint "Cleanup", Time since last: 25002480003 ns, Reaching safepoint: 107472 ns, Cleanup: 18604 ns, At safepoint: 12853 ns, Total: 138929 ns
[2024-05-29T16:48:30.719+0000][1][safepoint   ] Safepoint "Cleanup", Time since last: 20246091857 ns, Reaching safepoint: 14462 ns, Cleanup: 14924 ns, At safepoint: 3685 ns, Total: 33071 ns
[2024-05-29T16:48:42.860+0000][1][gc,start    ] GC(72) Pause Young (Normal) (G1 Evacuation Pause)
[2024-05-29T16:48:42.860+0000][1][gc,task     ] GC(72) Using 2 workers of 2 for evacuation
[2024-05-29T16:48:42.860+0000][1][gc,age      ] GC(72) Desired survivor size 161480704 bytes, new threshold 15 (max threshold 15)
[2024-05-29T16:48:42.869+0000][1][gc,phases   ] GC(72)   Pre Evacuate Collection Set: 0.7ms
[2024-05-29T16:48:42.869+0000][1][gc,phases   ] GC(72)   Merge Heap Roots: 0.2ms
[2024-05-29T16:48:42.869+0000][1][gc,phases   ] GC(72)   Evacuate Collection Set: 5.4ms
[2024-05-29T16:48:42.869+0000][1][gc,phases   ] GC(72)   Post Evacuate Collection Set: 2.1ms
[2024-05-29T16:48:42.869+0000][1][gc,phases   ] GC(72)   Other: 0.1ms
[2024-05-29T16:48:42.869+0000][1][gc,age      ] GC(72) Age table with threshold 15 (max threshold 15)
[2024-05-29T16:48:42.869+0000][1][gc,age      ] GC(72) - age   1:    3955432 bytes,    3955432 total
[2024-05-29T16:48:42.869+0000][1][gc,age      ] GC(72) - age   2:      34632 bytes,    3990064 total
[2024-05-29T16:48:42.869+0000][1][gc,age      ] GC(72) - age   3:      62512 bytes,    4052576 total
[2024-05-29T16:48:42.869+0000][1][gc,age      ] GC(72) - age   4:      36600 bytes,    4089176 total
[2024-05-29T16:48:42.869+0000][1][gc,age      ] GC(72) - age   5:      41728 bytes,    4130904 total
[2024-05-29T16:48:42.869+0000][1][gc,age      ] GC(72) - age   6:      39992 bytes,    4170896 total
[2024-05-29T16:48:42.869+0000][1][gc,age      ] GC(72) - age   7:      37584 bytes,    4208480 total
[2024-05-29T16:48:42.869+0000][1][gc,age      ] GC(72) - age   8:      39200 bytes,    4247680 total
[2024-05-29T16:48:42.869+0000][1][gc,age      ] GC(72) - age   9:      39960 bytes,    4287640 total
[2024-05-29T16:48:42.869+0000][1][gc,age      ] GC(72) - age  10:      39128 bytes,    4326768 total
[2024-05-29T16:48:42.869+0000][1][gc,age      ] GC(72) - age  11:      40696 bytes,    4367464 total
[2024-05-29T16:48:42.869+0000][1][gc,age      ] GC(72) - age  12:      39224 bytes,    4406688 total
[2024-05-29T16:48:42.869+0000][1][gc,age      ] GC(72) - age  13:      38208 bytes,    4444896 total
[2024-05-29T16:48:42.869+0000][1][gc,age      ] GC(72) - age  14:      49048 bytes,    4493944 total
[2024-05-29T16:48:42.869+0000][1][gc,age      ] GC(72) - age  15:      37968 bytes,    4531912 total
[2024-05-29T16:48:42.869+0000][1][gc,heap     ] GC(72) Eden regions: 1224->0(1225)
[2024-05-29T16:48:42.869+0000][1][gc,heap     ] GC(72) Survivor regions: 4->3(154)
[2024-05-29T16:48:42.869+0000][1][gc,heap     ] GC(72) Old regions: 21->21
[2024-05-29T16:48:42.869+0000][1][gc,heap     ] GC(72) Humongous regions: 4->0
[2024-05-29T16:48:42.869+0000][1][gc,metaspace] GC(72) Metaspace: 91168K(93760K)->91168K(93760K) NonClass: 79863K(81472K)->79863K(81472K) Class: 11305K(12288K)->11305K(12288K)
[2024-05-29T16:48:42.869+0000][1][gc          ] GC(72) Pause Young (Normal) (G1 Evacuation Pause) 2502M->45M(4096M) 8.880ms
[2024-05-29T16:48:42.869+0000][1][gc,cpu      ] GC(72) User=0.02s Sys=0.00s Real=0.02s
[2024-05-29T16:48:42.869+0000][1][safepoint   ] Safepoint "G1CollectForAllocation", Time since last: 12140749001 ns, Reaching safepoint: 123208 ns, Cleanup: 5582 ns, At safepoint: 8951821 ns, Total: 9080611 ns
[2024-05-29T16:48:59.872+0000][1][safepoint   ] Safepoint "Cleanup", Time since last: 17002564297 ns, Reaching safepoint: 15174 ns, Cleanup: 13980 ns, At safepoint: 3329 ns, Total: 32483 ns
[2024-05-29T16:49:05.874+0000][1][safepoint   ] Safepoint "Cleanup", Time since last: 6001915884 ns, Reaching safepoint: 14174 ns, Cleanup: 13396 ns, At safepoint: 3330 ns, Total: 30900 ns
[2024-05-29T16:49:51.763+0000][1][safepoint   ] Safepoint "Cleanup", Time since last: 45889018386 ns, Reaching safepoint: 42016 ns, Cleanup: 13600 ns, At safepoint: 4025 ns, Total: 59641 ns
[2024-05-29T16:49:54.852+0000][1][gc,start    ] GC(73) Pause Young (Normal) (G1 Evacuation Pause)
[2024-05-29T16:49:54.852+0000][1][gc,task     ] GC(73) Using 2 workers of 2 for evacuation
[2024-05-29T16:49:54.852+0000][1][gc,age      ] GC(73) Desired survivor size 161480704 bytes, new threshold 15 (max threshold 15)
[2024-05-29T16:49:54.863+0000][1][gc,phases   ] GC(73)   Pre Evacuate Collection Set: 0.8ms
[2024-05-29T16:49:54.863+0000][1][gc,phases   ] GC(73)   Merge Heap Roots: 0.3ms
[2024-05-29T16:49:54.863+0000][1][gc,phases   ] GC(73)   Evacuate Collection Set: 6.0ms
[2024-05-29T16:49:54.863+0000][1][gc,phases   ] GC(73)   Post Evacuate Collection Set: 3.4ms
[2024-05-29T16:49:54.863+0000][1][gc,phases   ] GC(73)   Other: 0.3ms
[2024-05-29T16:49:54.863+0000][1][gc,age      ] GC(73) Age table with threshold 15 (max threshold 15)
[2024-05-29T16:49:54.863+0000][1][gc,age      ] GC(73) - age   1:    2716264 bytes,    2716264 total
[2024-05-29T16:49:54.863+0000][1][gc,age      ] GC(73) - age   2:      40368 bytes,    2756632 total
[2024-05-29T16:49:54.863+0000][1][gc,age      ] GC(73) - age   3:      34424 bytes,    2791056 total
[2024-05-29T16:49:54.863+0000][1][gc,age      ] GC(73) - age   4:      62512 bytes,    2853568 total
[2024-05-29T16:49:54.863+0000][1][gc,age      ] GC(73) - age   5:      36360 bytes,    2889928 total
[2024-05-29T16:49:54.863+0000][1][gc,age      ] GC(73) - age   6:      41728 bytes,    2931656 total
[2024-05-29T16:49:54.863+0000][1][gc,age      ] GC(73) - age   7:      39992 bytes,    2971648 total
[2024-05-29T16:49:54.863+0000][1][gc,age      ] GC(73) - age   8:      37584 bytes,    3009232 total
[2024-05-29T16:49:54.863+0000][1][gc,age      ] GC(73) - age   9:      39200 bytes,    3048432 total
[2024-05-29T16:49:54.863+0000][1][gc,age      ] GC(73) - age  10:      39960 bytes,    3088392 total
[2024-05-29T16:49:54.863+0000][1][gc,age      ] GC(73) - age  11:      39128 bytes,    3127520 total
[2024-05-29T16:49:54.863+0000][1][gc,age      ] GC(73) - age  12:      40696 bytes,    3168216 total
[2024-05-29T16:49:54.863+0000][1][gc,age      ] GC(73) - age  13:      39224 bytes,    3207440 total
[2024-05-29T16:49:54.863+0000][1][gc,age      ] GC(73) - age  14:      38208 bytes,    3245648 total
[2024-05-29T16:49:54.863+0000][1][gc,age      ] GC(73) - age  15:      49048 bytes,    3294696 total
[2024-05-29T16:49:54.863+0000][1][gc,heap     ] GC(73) Eden regions: 1225->0(1226)
[2024-05-29T16:49:54.863+0000][1][gc,heap     ] GC(73) Survivor regions: 3->2(154)
[2024-05-29T16:49:54.863+0000][1][gc,heap     ] GC(73) Old regions: 21->21
[2024-05-29T16:49:54.863+0000][1][gc,heap     ] GC(73) Humongous regions: 0->0
[2024-05-29T16:49:54.863+0000][1][gc,metaspace] GC(73) Metaspace: 91168K(93760K)->91168K(93760K) NonClass: 79863K(81472K)->79863K(81472K) Class: 11305K(12288K)->11305K(12288K)
[2024-05-29T16:49:54.863+0000][1][gc          ] GC(73) Pause Young (Normal) (G1 Evacuation Pause) 2495M->44M(4096M) 11.142ms
[2024-05-29T16:49:54.863+0000][1][gc,cpu      ] GC(73) User=0.02s Sys=0.00s Real=0.01s
[2024-05-29T16:49:54.863+0000][1][safepoint   ] Safepoint "G1CollectForAllocation", Time since last: 3088802718 ns, Reaching safepoint: 11600 ns, Cleanup: 4584 ns, At safepoint: 11220103 ns, Total: 11236287 ns
[2024-05-29T16:50:59.260+0000][1][gc,start    ] GC(74) Pause Young (Normal) (G1 Evacuation Pause)
[2024-05-29T16:50:59.260+0000][1][gc,task     ] GC(74) Using 2 workers of 2 for evacuation
[2024-05-29T16:50:59.260+0000][1][gc,age      ] GC(74) Desired survivor size 161480704 bytes, new threshold 15 (max threshold 15)
[2024-05-29T16:50:59.270+0000][1][gc,phases   ] GC(74)   Pre Evacuate Collection Set: 0.6ms
[2024-05-29T16:50:59.270+0000][1][gc,phases   ] GC(74)   Merge Heap Roots: 0.4ms
[2024-05-29T16:50:59.270+0000][1][gc,phases   ] GC(74)   Evacuate Collection Set: 5.6ms
[2024-05-29T16:50:59.270+0000][1][gc,phases   ] GC(74)   Post Evacuate Collection Set: 3.1ms
[2024-05-29T16:50:59.270+0000][1][gc,phases   ] GC(74)   Other: 0.1ms
[2024-05-29T16:50:59.270+0000][1][gc,age      ] GC(74) Age table with threshold 15 (max threshold 15)
[2024-05-29T16:50:59.270+0000][1][gc,age      ] GC(74) - age   1:    3913192 bytes,    3913192 total
[2024-05-29T16:50:59.270+0000][1][gc,age      ] GC(74) - age   2:      40544 bytes,    3953736 total
[2024-05-29T16:50:59.270+0000][1][gc,age      ] GC(74) - age   3:      40280 bytes,    3994016 total
[2024-05-29T16:50:59.270+0000][1][gc,age      ] GC(74) - age   4:      34424 bytes,    4028440 total
[2024-05-29T16:50:59.270+0000][1][gc,age      ] GC(74) - age   5:      62424 bytes,    4090864 total
[2024-05-29T16:50:59.270+0000][1][gc,age      ] GC(74) - age   6:      36360 bytes,    4127224 total
[2024-05-29T16:50:59.270+0000][1][gc,age      ] GC(74) - age   7:      41728 bytes,    4168952 total
[2024-05-29T16:50:59.270+0000][1][gc,age      ] GC(74) - age   8:      39992 bytes,    4208944 total
[2024-05-29T16:50:59.270+0000][1][gc,age      ] GC(74) - age   9:      37584 bytes,    4246528 total
[2024-05-29T16:50:59.270+0000][1][gc,age      ] GC(74) - age  10:      39200 bytes,    4285728 total
[2024-05-29T16:50:59.270+0000][1][gc,age      ] GC(74) - age  11:      39960 bytes,    4325688 total
[2024-05-29T16:50:59.270+0000][1][gc,age      ] GC(74) - age  12:      39128 bytes,    4364816 total
[2024-05-29T16:50:59.270+0000][1][gc,age      ] GC(74) - age  13:      40696 bytes,    4405512 total
[2024-05-29T16:50:59.270+0000][1][gc,age      ] GC(74) - age  14:      39224 bytes,    4444736 total
[2024-05-29T16:50:59.270+0000][1][gc,age      ] GC(74) - age  15:      38208 bytes,    4482944 total
[2024-05-29T16:50:59.270+0000][1][gc,heap     ] GC(74) Eden regions: 1226->0(1225)
[2024-05-29T16:50:59.270+0000][1][gc,heap     ] GC(74) Survivor regions: 2->3(154)
[2024-05-29T16:50:59.270+0000][1][gc,heap     ] GC(74) Old regions: 21->21
[2024-05-29T16:50:59.270+0000][1][gc,heap     ] GC(74) Humongous regions: 2->0
[2024-05-29T16:50:59.270+0000][1][gc,metaspace] GC(74) Metaspace: 91168K(93760K)->91168K(93760K) NonClass: 79863K(81472K)->79863K(81472K) Class: 11305K(12288K)->11305K(12288K)
[2024-05-29T16:50:59.270+0000][1][gc          ] GC(74) Pause Young (Normal) (G1 Evacuation Pause) 2500M->45M(4096M) 10.200ms
[2024-05-29T16:50:59.270+0000][1][gc,cpu      ] GC(74) User=0.02s Sys=0.00s Real=0.02s
[2024-05-29T16:50:59.270+0000][1][safepoint   ] Safepoint "G1CollectForAllocation", Time since last: 64396813236 ns, Reaching safepoint: 142281 ns, Cleanup: 5312 ns, At safepoint: 10277870 ns, Total: 10425463 ns
[2024-05-29T16:51:32.867+0000][1][safepoint   ] Safepoint "Cleanup", Time since last: 33596398608 ns, Reaching safepoint: 13745 ns, Cleanup: 21692 ns, At safepoint: 3360 ns, Total: 38797 ns
[2024-05-29T16:52:14.343+0000][1][gc,start    ] GC(75) Pause Young (Normal) (G1 Evacuation Pause)
[2024-05-29T16:52:14.343+0000][1][gc,task     ] GC(75) Using 2 workers of 2 for evacuation
[2024-05-29T16:52:14.343+0000][1][gc,age      ] GC(75) Desired survivor size 161480704 bytes, new threshold 15 (max threshold 15)
[2024-05-29T16:52:14.353+0000][1][gc,phases   ] GC(75)   Pre Evacuate Collection Set: 0.6ms
[2024-05-29T16:52:14.353+0000][1][gc,phases   ] GC(75)   Merge Heap Roots: 0.2ms
[2024-05-29T16:52:14.353+0000][1][gc,phases   ] GC(75)   Evacuate Collection Set: 6.6ms
[2024-05-29T16:52:14.353+0000][1][gc,phases   ] GC(75)   Post Evacuate Collection Set: 2.5ms
[2024-05-29T16:52:14.353+0000][1][gc,phases   ] GC(75)   Other: 0.1ms
[2024-05-29T16:52:14.353+0000][1][gc,age      ] GC(75) Age table with threshold 15 (max threshold 15)
[2024-05-29T16:52:14.353+0000][1][gc,age      ] GC(75) - age   1:    3652496 bytes,    3652496 total
[2024-05-29T16:52:14.353+0000][1][gc,age      ] GC(75) - age   2:      37872 bytes,    3690368 total
[2024-05-29T16:52:14.353+0000][1][gc,age      ] GC(75) - age   3:      40248 bytes,    3730616 total
[2024-05-29T16:52:14.353+0000][1][gc,age      ] GC(75) - age   4:      40192 bytes,    3770808 total
[2024-05-29T16:52:14.353+0000][1][gc,age      ] GC(75) - age   5:      34272 bytes,    3805080 total
[2024-05-29T16:52:14.353+0000][1][gc,age      ] GC(75) - age   6:      62424 bytes,    3867504 total
[2024-05-29T16:52:14.353+0000][1][gc,age      ] GC(75) - age   7:      36360 bytes,    3903864 total
[2024-05-29T16:52:14.353+0000][1][gc,age      ] GC(75) - age   8:      41728 bytes,    3945592 total
[2024-05-29T16:52:14.353+0000][1][gc,age      ] GC(75) - age   9:      39992 bytes,    3985584 total
[2024-05-29T16:52:14.353+0000][1][gc,age      ] GC(75) - age  10:      37584 bytes,    4023168 total
[2024-05-29T16:52:14.353+0000][1][gc,age      ] GC(75) - age  11:      39200 bytes,    4062368 total
[2024-05-29T16:52:14.353+0000][1][gc,age      ] GC(75) - age  12:      39960 bytes,    4102328 total
[2024-05-29T16:52:14.353+0000][1][gc,age      ] GC(75) - age  13:      39128 bytes,    4141456 total
[2024-05-29T16:52:14.353+0000][1][gc,age      ] GC(75) - age  14:      40696 bytes,    4182152 total
[2024-05-29T16:52:14.353+0000][1][gc,age      ] GC(75) - age  15:      39224 bytes,    4221376 total
[2024-05-29T16:52:14.353+0000][1][gc,heap     ] GC(75) Eden regions: 1225->0(1225)
[2024-05-29T16:52:14.353+0000][1][gc,heap     ] GC(75) Survivor regions: 3->3(154)
[2024-05-29T16:52:14.353+0000][1][gc,heap     ] GC(75) Old regions: 21->21
[2024-05-29T16:52:14.353+0000][1][gc,heap     ] GC(75) Humongous regions: 0->0
[2024-05-29T16:52:14.353+0000][1][gc,metaspace] GC(75) Metaspace: 91168K(93760K)->91168K(93760K) NonClass: 79863K(81472K)->79863K(81472K) Class: 11305K(12288K)->11305K(12288K)
[2024-05-29T16:52:14.353+0000][1][gc          ] GC(75) Pause Young (Normal) (G1 Evacuation Pause) 2495M->45M(4096M) 10.480ms
[2024-05-29T16:52:14.353+0000][1][gc,cpu      ] GC(75) User=0.02s Sys=0.00s Real=0.01s
[2024-05-29T16:52:14.353+0000][1][safepoint   ] Safepoint "G1CollectForAllocation", Time since last: 41476131880 ns, Reaching safepoint: 94694 ns, Cleanup: 5747 ns, At safepoint: 10559410 ns, Total: 10659851 ns
[2024-05-29T16:52:16.354+0000][1][safepoint   ] Safepoint "Cleanup", Time since last: 2000277592 ns, Reaching safepoint: 104869 ns, Cleanup: 15650 ns, At safepoint: 12226 ns, Total: 132745 ns
[2024-05-29T16:53:25.468+0000][1][gc,start    ] GC(76) Pause Young (Normal) (G1 Evacuation Pause)
[2024-05-29T16:53:25.468+0000][1][gc,task     ] GC(76) Using 2 workers of 2 for evacuation
[2024-05-29T16:53:25.468+0000][1][gc,age      ] GC(76) Desired survivor size 161480704 bytes, new threshold 15 (max threshold 15)
[2024-05-29T16:53:25.485+0000][1][gc,phases   ] GC(76)   Pre Evacuate Collection Set: 2.1ms
[2024-05-29T16:53:25.485+0000][1][gc,phases   ] GC(76)   Merge Heap Roots: 0.8ms
[2024-05-29T16:53:25.485+0000][1][gc,phases   ] GC(76)   Evacuate Collection Set: 11.5ms
[2024-05-29T16:53:25.485+0000][1][gc,phases   ] GC(76)   Post Evacuate Collection Set: 3.0ms
[2024-05-29T16:53:25.485+0000][1][gc,phases   ] GC(76)   Other: 0.1ms
[2024-05-29T16:53:25.485+0000][1][gc,age      ] GC(76) Age table with threshold 15 (max threshold 15)
[2024-05-29T16:53:25.485+0000][1][gc,age      ] GC(76) - age   1:    5509752 bytes,    5509752 total
[2024-05-29T16:53:25.485+0000][1][gc,age      ] GC(76) - age   2:      40496 bytes,    5550248 total
[2024-05-29T16:53:25.485+0000][1][gc,age      ] GC(76) - age   3:      37624 bytes,    5587872 total
[2024-05-29T16:53:25.485+0000][1][gc,age      ] GC(76) - age   4:      40248 bytes,    5628120 total
[2024-05-29T16:53:25.485+0000][1][gc,age      ] GC(76) - age   5:      40192 bytes,    5668312 total
[2024-05-29T16:53:25.485+0000][1][gc,age      ] GC(76) - age   6:      33456 bytes,    5701768 total
[2024-05-29T16:53:25.485+0000][1][gc,age      ] GC(76) - age   7:      62424 bytes,    5764192 total
[2024-05-29T16:53:25.485+0000][1][gc,age      ] GC(76) - age   8:      36360 bytes,    5800552 total
[2024-05-29T16:53:25.485+0000][1][gc,age      ] GC(76) - age   9:      41728 bytes,    5842280 total
[2024-05-29T16:53:25.485+0000][1][gc,age      ] GC(76) - age  10:      39992 bytes,    5882272 total
[2024-05-29T16:53:25.485+0000][1][gc,age      ] GC(76) - age  11:      37584 bytes,    5919856 total
[2024-05-29T16:53:25.485+0000][1][gc,age      ] GC(76) - age  12:      39200 bytes,    5959056 total
[2024-05-29T16:53:25.485+0000][1][gc,age      ] GC(76) - age  13:      39960 bytes,    5999016 total
[2024-05-29T16:53:25.485+0000][1][gc,age      ] GC(76) - age  14:      39128 bytes,    6038144 total
[2024-05-29T16:53:25.485+0000][1][gc,age      ] GC(76) - age  15:      40696 bytes,    6078840 total
[2024-05-29T16:53:25.485+0000][1][gc,heap     ] GC(76) Eden regions: 1225->0(1224)
[2024-05-29T16:53:25.485+0000][1][gc,heap     ] GC(76) Survivor regions: 3->4(154)
[2024-05-29T16:53:25.485+0000][1][gc,heap     ] GC(76) Old regions: 21->21
[2024-05-29T16:53:25.485+0000][1][gc,heap     ] GC(76) Humongous regions: 2->0
[2024-05-29T16:53:25.485+0000][1][gc,metaspace] GC(76) Metaspace: 91168K(93760K)->91168K(93760K) NonClass: 79863K(81472K)->79863K(81472K) Class: 11305K(12288K)->11305K(12288K)
[2024-05-29T16:53:25.486+0000][1][gc          ] GC(76) Pause Young (Normal) (G1 Evacuation Pause) 2499M->47M(4096M) 17.963ms
[2024-05-29T16:53:25.486+0000][1][gc,cpu      ] GC(76) User=0.03s Sys=0.00s Real=0.02s
[2024-05-29T16:53:25.486+0000][1][safepoint   ] Safepoint "G1CollectForAllocation", Time since last: 69113672937 ns, Reaching safepoint: 49081 ns, Cleanup: 5755 ns, At safepoint: 18041586 ns, Total: 18096422 ns
[2024-05-29T16:54:15.945+0000][1][safepoint   ] Safepoint "Cleanup", Time since last: 50459212877 ns, Reaching safepoint: 16295 ns, Cleanup: 15136 ns, At safepoint: 3500 ns, Total: 34931 ns
[2024-05-29T16:54:36.426+0000][1][gc,start    ] GC(77) Pause Young (Normal) (G1 Evacuation Pause)
[2024-05-29T16:54:36.426+0000][1][gc,task     ] GC(77) Using 2 workers of 2 for evacuation
[2024-05-29T16:54:36.426+0000][1][gc,age      ] GC(77) Desired survivor size 161480704 bytes, new threshold 15 (max threshold 15)
[2024-05-29T16:54:36.439+0000][1][gc,phases   ] GC(77)   Pre Evacuate Collection Set: 0.9ms
[2024-05-29T16:54:36.439+0000][1][gc,phases   ] GC(77)   Merge Heap Roots: 0.4ms
[2024-05-29T16:54:36.439+0000][1][gc,phases   ] GC(77)   Evacuate Collection Set: 5.7ms
[2024-05-29T16:54:36.439+0000][1][gc,phases   ] GC(77)   Post Evacuate Collection Set: 5.3ms
[2024-05-29T16:54:36.439+0000][1][gc,phases   ] GC(77)   Other: 0.5ms
[2024-05-29T16:54:36.439+0000][1][gc,age      ] GC(77) Age table with threshold 15 (max threshold 15)
[2024-05-29T16:54:36.439+0000][1][gc,age      ] GC(77) - age   1:    2405168 bytes,    2405168 total
[2024-05-29T16:54:36.439+0000][1][gc,age      ] GC(77) - age   2:      38776 bytes,    2443944 total
[2024-05-29T16:54:36.439+0000][1][gc,age      ] GC(77) - age   3:      40200 bytes,    2484144 total
[2024-05-29T16:54:36.439+0000][1][gc,age      ] GC(77) - age   4:      37624 bytes,    2521768 total
[2024-05-29T16:54:36.439+0000][1][gc,age      ] GC(77) - age   5:      40248 bytes,    2562016 total
[2024-05-29T16:54:36.439+0000][1][gc,age      ] GC(77) - age   6:      35888 bytes,    2597904 total
[2024-05-29T16:54:36.439+0000][1][gc,age      ] GC(77) - age   7:      33456 bytes,    2631360 total
[2024-05-29T16:54:36.439+0000][1][gc,age      ] GC(77) - age   8:      62424 bytes,    2693784 total
[2024-05-29T16:54:36.439+0000][1][gc,age      ] GC(77) - age   9:      36360 bytes,    2730144 total
[2024-05-29T16:54:36.439+0000][1][gc,age      ] GC(77) - age  10:      41728 bytes,    2771872 total
[2024-05-29T16:54:36.439+0000][1][gc,age      ] GC(77) - age  11:      39992 bytes,    2811864 total
[2024-05-29T16:54:36.439+0000][1][gc,age      ] GC(77) - age  12:      37584 bytes,    2849448 total
[2024-05-29T16:54:36.439+0000][1][gc,age      ] GC(77) - age  13:      39200 bytes,    2888648 total
[2024-05-29T16:54:36.439+0000][1][gc,age      ] GC(77) - age  14:      39960 bytes,    2928608 total
[2024-05-29T16:54:36.439+0000][1][gc,age      ] GC(77) - age  15:      39128 bytes,    2967736 total
[2024-05-29T16:54:36.439+0000][1][gc,heap     ] GC(77) Eden regions: 1224->0(1226)
[2024-05-29T16:54:36.439+0000][1][gc,heap     ] GC(77) Survivor regions: 4->2(154)
[2024-05-29T16:54:36.439+0000][1][gc,heap     ] GC(77) Old regions: 21->21
[2024-05-29T16:54:36.439+0000][1][gc,heap     ] GC(77) Humongous regions: 2->0
[2024-05-29T16:54:36.439+0000][1][gc,metaspace] GC(77) Metaspace: 91169K(93760K)->91169K(93760K) NonClass: 79864K(81472K)->79864K(81472K) Class: 11305K(12288K)->11305K(12288K)
[2024-05-29T16:54:36.439+0000][1][gc          ] GC(77) Pause Young (Normal) (G1 Evacuation Pause) 2499M->44M(4096M) 13.067ms
[2024-05-29T16:54:36.439+0000][1][gc,cpu      ] GC(77) User=0.02s Sys=0.00s Real=0.01s
[2024-05-29T16:54:36.439+0000][1][safepoint   ] Safepoint "G1CollectForAllocation", Time since last: 20481319893 ns, Reaching safepoint: 11358 ns, Cleanup: 5499 ns, At safepoint: 13146124 ns, Total: 13162981 ns
[2024-05-29T16:54:38.440+0000][1][safepoint   ] Safepoint "Cleanup", Time since last: 2000247808 ns, Reaching safepoint: 11765 ns, Cleanup: 14936 ns, At safepoint: 2634 ns, Total: 29335 ns
[2024-05-29T16:54:55.443+0000][1][safepoint   ] Safepoint "Cleanup", Time since last: 17003126169 ns, Reaching safepoint: 120314 ns, Cleanup: 100361 ns, At safepoint: 23229 ns, Total: 243904 ns
[2024-05-29T16:55:15.447+0000][1][safepoint   ] Safepoint "Cleanup", Time since last: 20003655880 ns, Reaching safepoint: 92920 ns, Cleanup: 15560 ns, At safepoint: 10688 ns, Total: 119168 ns
[2024-05-29T16:55:51.346+0000][1][gc,start    ] GC(78) Pause Young (Normal) (G1 Evacuation Pause)
[2024-05-29T16:55:51.346+0000][1][gc,task     ] GC(78) Using 2 workers of 2 for evacuation
[2024-05-29T16:55:51.346+0000][1][gc,age      ] GC(78) Desired survivor size 161480704 bytes, new threshold 15 (max threshold 15)
[2024-05-29T16:55:51.354+0000][1][gc,phases   ] GC(78)   Pre Evacuate Collection Set: 0.6ms
[2024-05-29T16:55:51.355+0000][1][gc,phases   ] GC(78)   Merge Heap Roots: 0.3ms
[2024-05-29T16:55:51.355+0000][1][gc,phases   ] GC(78)   Evacuate Collection Set: 4.7ms
[2024-05-29T16:55:51.355+0000][1][gc,phases   ] GC(78)   Post Evacuate Collection Set: 2.8ms
[2024-05-29T16:55:51.355+0000][1][gc,phases   ] GC(78)   Other: 0.2ms
[2024-05-29T16:55:51.355+0000][1][gc,age      ] GC(78) Age table with threshold 15 (max threshold 15)
[2024-05-29T16:55:51.355+0000][1][gc,age      ] GC(78) - age   1:    2988192 bytes,    2988192 total
[2024-05-29T16:55:51.355+0000][1][gc,age      ] GC(78) - age   2:      43024 bytes,    3031216 total
[2024-05-29T16:55:51.355+0000][1][gc,age      ] GC(78) - age   3:      38600 bytes,    3069816 total
[2024-05-29T16:55:51.355+0000][1][gc,age      ] GC(78) - age   4:      40200 bytes,    3110016 total
[2024-05-29T16:55:51.355+0000][1][gc,age      ] GC(78) - age   5:      37536 bytes,    3147552 total
[2024-05-29T16:55:51.355+0000][1][gc,age      ] GC(78) - age   6:      40248 bytes,    3187800 total
[2024-05-29T16:55:51.355+0000][1][gc,age      ] GC(78) - age   7:      35848 bytes,    3223648 total
[2024-05-29T16:55:51.355+0000][1][gc,age      ] GC(78) - age   8:      33456 bytes,    3257104 total
[2024-05-29T16:55:51.355+0000][1][gc,age      ] GC(78) - age   9:      46392 bytes,    3303496 total
[2024-05-29T16:55:51.355+0000][1][gc,age      ] GC(78) - age  10:      36360 bytes,    3339856 total
[2024-05-29T16:55:51.355+0000][1][gc,age      ] GC(78) - age  11:      41728 bytes,    3381584 total
[2024-05-29T16:55:51.355+0000][1][gc,age      ] GC(78) - age  12:      39992 bytes,    3421576 total
[2024-05-29T16:55:51.355+0000][1][gc,age      ] GC(78) - age  13:      37584 bytes,    3459160 total
[2024-05-29T16:55:51.355+0000][1][gc,age      ] GC(78) - age  14:      39200 bytes,    3498360 total
[2024-05-29T16:55:51.355+0000][1][gc,age      ] GC(78) - age  15:      39960 bytes,    3538320 total
[2024-05-29T16:55:51.355+0000][1][gc,heap     ] GC(78) Eden regions: 1226->0(1226)
[2024-05-29T16:55:51.355+0000][1][gc,heap     ] GC(78) Survivor regions: 2->2(154)
[2024-05-29T16:55:51.355+0000][1][gc,heap     ] GC(78) Old regions: 21->21
[2024-05-29T16:55:51.355+0000][1][gc,heap     ] GC(78) Humongous regions: 0->0
[2024-05-29T16:55:51.355+0000][1][gc,metaspace] GC(78) Metaspace: 91169K(93760K)->91169K(93760K) NonClass: 79864K(81472K)->79864K(81472K) Class: 11305K(12288K)->11305K(12288K)
[2024-05-29T16:55:51.355+0000][1][gc          ] GC(78) Pause Young (Normal) (G1 Evacuation Pause) 2496M->44M(4096M) 9.091ms
[2024-05-29T16:55:51.355+0000][1][gc,cpu      ] GC(78) User=0.01s Sys=0.00s Real=0.01s
[2024-05-29T16:55:51.355+0000][1][safepoint   ] Safepoint "G1CollectForAllocation", Time since last: 35898983536 ns, Reaching safepoint: 10831 ns, Cleanup: 4804 ns, At safepoint: 9167489 ns, Total: 9183124 ns
[2024-05-29T16:56:26.364+0000][1][safepoint   ] Safepoint "Cleanup", Time since last: 35003921277 ns, Reaching safepoint: 5205833 ns, Cleanup: 20779 ns, At safepoint: 24562 ns, Total: 5251174 ns
[2024-05-29T16:56:36.039+0000][1][safepoint   ] Safepoint "Cleanup", Time since last: 9674559667 ns, Reaching safepoint: 16234 ns, Cleanup: 13241 ns, At safepoint: 3835 ns, Total: 33310 ns
[2024-05-29T16:57:14.838+0000][1][gc,start    ] GC(79) Pause Young (Normal) (G1 Evacuation Pause)
[2024-05-29T16:57:14.839+0000][1][gc,task     ] GC(79) Using 2 workers of 2 for evacuation
[2024-05-29T16:57:14.839+0000][1][gc,age      ] GC(79) Desired survivor size 161480704 bytes, new threshold 15 (max threshold 15)
[2024-05-29T16:57:14.847+0000][1][gc,phases   ] GC(79)   Pre Evacuate Collection Set: 0.6ms
[2024-05-29T16:57:14.847+0000][1][gc,phases   ] GC(79)   Merge Heap Roots: 0.3ms
[2024-05-29T16:57:14.847+0000][1][gc,phases   ] GC(79)   Evacuate Collection Set: 4.3ms
[2024-05-29T16:57:14.847+0000][1][gc,phases   ] GC(79)   Post Evacuate Collection Set: 2.9ms
[2024-05-29T16:57:14.847+0000][1][gc,phases   ] GC(79)   Other: 0.1ms
[2024-05-29T16:57:14.847+0000][1][gc,age      ] GC(79) Age table with threshold 15 (max threshold 15)
[2024-05-29T16:57:14.847+0000][1][gc,age      ] GC(79) - age   1:    2715712 bytes,    2715712 total
[2024-05-29T16:57:14.847+0000][1][gc,age      ] GC(79) - age   2:      56800 bytes,    2772512 total
[2024-05-29T16:57:14.847+0000][1][gc,age      ] GC(79) - age   3:      42848 bytes,    2815360 total
[2024-05-29T16:57:14.847+0000][1][gc,age      ] GC(79) - age   4:      38600 bytes,    2853960 total
[2024-05-29T16:57:14.847+0000][1][gc,age      ] GC(79) - age   5:      40200 bytes,    2894160 total
[2024-05-29T16:57:14.847+0000][1][gc,age      ] GC(79) - age   6:      37536 bytes,    2931696 total
[2024-05-29T16:57:14.847+0000][1][gc,age      ] GC(79) - age   7:      40248 bytes,    2971944 total
[2024-05-29T16:57:14.847+0000][1][gc,age      ] GC(79) - age   8:      35848 bytes,    3007792 total
[2024-05-29T16:57:14.847+0000][1][gc,age      ] GC(79) - age   9:      33456 bytes,    3041248 total
[2024-05-29T16:57:14.847+0000][1][gc,age      ] GC(79) - age  10:      46392 bytes,    3087640 total
[2024-05-29T16:57:14.847+0000][1][gc,age      ] GC(79) - age  11:      36360 bytes,    3124000 total
[2024-05-29T16:57:14.847+0000][1][gc,age      ] GC(79) - age  12:      41728 bytes,    3165728 total
[2024-05-29T16:57:14.847+0000][1][gc,age      ] GC(79) - age  13:      39992 bytes,    3205720 total
[2024-05-29T16:57:14.847+0000][1][gc,age      ] GC(79) - age  14:      37584 bytes,    3243304 total
[2024-05-29T16:57:14.847+0000][1][gc,age      ] GC(79) - age  15:      39200 bytes,    3282504 total
[2024-05-29T16:57:14.847+0000][1][gc,heap     ] GC(79) Eden regions: 1226->0(1226)
[2024-05-29T16:57:14.847+0000][1][gc,heap     ] GC(79) Survivor regions: 2->2(154)
[2024-05-29T16:57:14.847+0000][1][gc,heap     ] GC(79) Old regions: 21->21
[2024-05-29T16:57:14.847+0000][1][gc,heap     ] GC(79) Humongous regions: 0->0
[2024-05-29T16:57:14.847+0000][1][gc,metaspace] GC(79) Metaspace: 91169K(93760K)->91169K(93760K) NonClass: 79864K(81472K)->79864K(81472K) Class: 11305K(12288K)->11305K(12288K)
[2024-05-29T16:57:14.847+0000][1][gc          ] GC(79) Pause Young (Normal) (G1 Evacuation Pause) 2496M->44M(4096M) 8.566ms
[2024-05-29T16:57:14.847+0000][1][gc,cpu      ] GC(79) User=0.01s Sys=0.00s Real=0.01s
[2024-05-29T16:57:14.847+0000][1][safepoint   ] Safepoint "G1CollectForAllocation", Time since last: 38799775907 ns, Reaching safepoint: 41449 ns, Cleanup: 5650 ns, At safepoint: 8670318 ns, Total: 8717417 ns
[2024-05-29T16:57:15.847+0000][1][safepoint   ] Safepoint "Cleanup", Time since last: 1000226130 ns, Reaching safepoint: 12694 ns, Cleanup: 13184 ns, At safepoint: 2846 ns, Total: 28724 ns
[2024-05-29T16:57:19.848+0000][1][safepoint   ] Safepoint "Cleanup", Time since last: 4000475382 ns, Reaching safepoint: 91046 ns, Cleanup: 11429 ns, At safepoint: 14027 ns, Total: 116502 ns
[2024-05-29T16:57:38.850+0000][1][safepoint   ] Safepoint "Cleanup", Time since last: 19002247089 ns, Reaching safepoint: 12324 ns, Cleanup: 15261 ns, At safepoint: 3403 ns, Total: 30988 ns
[2024-05-29T16:58:30.453+0000][1][gc,start    ] GC(80) Pause Young (Normal) (G1 Evacuation Pause)
[2024-05-29T16:58:30.453+0000][1][gc,task     ] GC(80) Using 2 workers of 2 for evacuation
[2024-05-29T16:58:30.453+0000][1][gc,age      ] GC(80) Desired survivor size 161480704 bytes, new threshold 15 (max threshold 15)
[2024-05-29T16:58:30.474+0000][1][gc,phases   ] GC(80)   Pre Evacuate Collection Set: 0.7ms
[2024-05-29T16:58:30.474+0000][1][gc,phases   ] GC(80)   Merge Heap Roots: 0.3ms
[2024-05-29T16:58:30.474+0000][1][gc,phases   ] GC(80)   Evacuate Collection Set: 13.3ms
[2024-05-29T16:58:30.474+0000][1][gc,phases   ] GC(80)   Post Evacuate Collection Set: 6.1ms
[2024-05-29T16:58:30.474+0000][1][gc,phases   ] GC(80)   Other: 0.5ms
[2024-05-29T16:58:30.474+0000][1][gc,age      ] GC(80) Age table with threshold 15 (max threshold 15)
[2024-05-29T16:58:30.474+0000][1][gc,age      ] GC(80) - age   1:    4445648 bytes,    4445648 total
[2024-05-29T16:58:30.474+0000][1][gc,age      ] GC(80) - age   2:      40064 bytes,    4485712 total
[2024-05-29T16:58:30.474+0000][1][gc,age      ] GC(80) - age   3:      56552 bytes,    4542264 total
[2024-05-29T16:58:30.474+0000][1][gc,age      ] GC(80) - age   4:      38424 bytes,    4580688 total
[2024-05-29T16:58:30.474+0000][1][gc,age      ] GC(80) - age   5:      37784 bytes,    4618472 total
[2024-05-29T16:58:30.474+0000][1][gc,age      ] GC(80) - age   6:      40200 bytes,    4658672 total
[2024-05-29T16:58:30.474+0000][1][gc,age      ] GC(80) - age   7:      37536 bytes,    4696208 total
[2024-05-29T16:58:30.474+0000][1][gc,age      ] GC(80) - age   8:      40248 bytes,    4736456 total
[2024-05-29T16:58:30.474+0000][1][gc,age      ] GC(80) - age   9:      35848 bytes,    4772304 total
[2024-05-29T16:58:30.474+0000][1][gc,age      ] GC(80) - age  10:      32640 bytes,    4804944 total
[2024-05-29T16:58:30.474+0000][1][gc,age      ] GC(80) - age  11:      46392 bytes,    4851336 total
[2024-05-29T16:58:30.474+0000][1][gc,age      ] GC(80) - age  12:      36360 bytes,    4887696 total
[2024-05-29T16:58:30.474+0000][1][gc,age      ] GC(80) - age  13:      41728 bytes,    4929424 total
[2024-05-29T16:58:30.474+0000][1][gc,age      ] GC(80) - age  14:      39992 bytes,    4969416 total
[2024-05-29T16:58:30.474+0000][1][gc,age      ] GC(80) - age  15:      37584 bytes,    5007000 total
[2024-05-29T16:58:30.474+0000][1][gc,heap     ] GC(80) Eden regions: 1226->0(1225)
[2024-05-29T16:58:30.474+0000][1][gc,heap     ] GC(80) Survivor regions: 2->3(154)
[2024-05-29T16:58:30.474+0000][1][gc,heap     ] GC(80) Old regions: 21->21
[2024-05-29T16:58:30.474+0000][1][gc,heap     ] GC(80) Humongous regions: 2->0
[2024-05-29T16:58:30.474+0000][1][gc,metaspace] GC(80) Metaspace: 91169K(93760K)->91169K(93760K) NonClass: 79864K(81472K)->79864K(81472K) Class: 11305K(12288K)->11305K(12288K)
[2024-05-29T16:58:30.474+0000][1][gc          ] GC(80) Pause Young (Normal) (G1 Evacuation Pause) 2500M->46M(4096M) 21.692ms
[2024-05-29T16:58:30.474+0000][1][gc,cpu      ] GC(80) User=0.03s Sys=0.00s Real=0.02s
[2024-05-29T16:58:30.475+0000][1][safepoint   ] Safepoint "G1CollectForAllocation", Time since last: 51602218656 ns, Reaching safepoint: 183301 ns, Cleanup: 6192 ns, At safepoint: 22012728 ns, Total: 22202221 ns
[2024-05-29T16:58:44.479+0000][1][safepoint   ] Safepoint "Cleanup", Time since last: 14004642995 ns, Reaching safepoint: 14291 ns, Cleanup: 15618 ns, At safepoint: 3522 ns, Total: 33431 ns
[2024-05-29T16:59:10.485+0000][1][safepoint   ] Safepoint "Cleanup", Time since last: 26005261291 ns, Reaching safepoint: 263874 ns, Cleanup: 17353 ns, At safepoint: 12737 ns, Total: 293964 ns
[2024-05-29T16:59:15.487+0000][1][safepoint   ] Safepoint "Cleanup", Time since last: 5002392154 ns, Reaching safepoint: 105235 ns, Cleanup: 13244 ns, At safepoint: 13094 ns, Total: 131573 ns
[2024-05-29T16:59:36.155+0000][1][safepoint   ] Safepoint "Cleanup", Time since last: 20667817749 ns, Reaching safepoint: 12867 ns, Cleanup: 12413 ns, At safepoint: 3112 ns, Total: 28392 ns
[2024-05-29T16:59:41.156+0000][1][safepoint   ] Safepoint "Cleanup", Time since last: 5000724177 ns, Reaching safepoint: 11927 ns, Cleanup: 12830 ns, At safepoint: 2674 ns, Total: 27431 ns
[2024-05-29T16:59:59.291+0000][1][gc,start    ] GC(81) Pause Young (Normal) (G1 Evacuation Pause)
[2024-05-29T16:59:59.291+0000][1][gc,task     ] GC(81) Using 2 workers of 2 for evacuation
[2024-05-29T16:59:59.291+0000][1][gc,age      ] GC(81) Desired survivor size 161480704 bytes, new threshold 15 (max threshold 15)
[2024-05-29T16:59:59.345+0000][1][gc,phases   ] GC(81)   Pre Evacuate Collection Set: 1.0ms
[2024-05-29T16:59:59.345+0000][1][gc,phases   ] GC(81)   Merge Heap Roots: 8.9ms
[2024-05-29T16:59:59.345+0000][1][gc,phases   ] GC(81)   Evacuate Collection Set: 20.2ms
[2024-05-29T16:59:59.345+0000][1][gc,phases   ] GC(81)   Post Evacuate Collection Set: 20.7ms
[2024-05-29T16:59:59.345+0000][1][gc,phases   ] GC(81)   Other: 0.2ms
[2024-05-29T16:59:59.345+0000][1][gc,age      ] GC(81) Age table with threshold 15 (max threshold 15)
[2024-05-29T16:59:59.345+0000][1][gc,age      ] GC(81) - age   1:    2557648 bytes,    2557648 total
[2024-05-29T16:59:59.345+0000][1][gc,age      ] GC(81) - age   2:      39616 bytes,    2597264 total
[2024-05-29T16:59:59.345+0000][1][gc,age      ] GC(81) - age   3:      39888 bytes,    2637152 total
[2024-05-29T16:59:59.345+0000][1][gc,age      ] GC(81) - age   4:      56312 bytes,    2693464 total
[2024-05-29T16:59:59.345+0000][1][gc,age      ] GC(81) - age   5:      38424 bytes,    2731888 total
[2024-05-29T16:59:59.345+0000][1][gc,age      ] GC(81) - age   6:      37784 bytes,    2769672 total
[2024-05-29T16:59:59.345+0000][1][gc,age      ] GC(81) - age   7:      40200 bytes,    2809872 total
[2024-05-29T16:59:59.345+0000][1][gc,age      ] GC(81) - age   8:      37536 bytes,    2847408 total
[2024-05-29T16:59:59.345+0000][1][gc,age      ] GC(81) - age   9:      40248 bytes,    2887656 total
[2024-05-29T16:59:59.345+0000][1][gc,age      ] GC(81) - age  10:      35808 bytes,    2923464 total
[2024-05-29T16:59:59.345+0000][1][gc,age      ] GC(81) - age  11:      32640 bytes,    2956104 total
[2024-05-29T16:59:59.345+0000][1][gc,age      ] GC(81) - age  12:      46392 bytes,    3002496 total
[2024-05-29T16:59:59.345+0000][1][gc,age      ] GC(81) - age  13:      36360 bytes,    3038856 total
[2024-05-29T16:59:59.345+0000][1][gc,age      ] GC(81) - age  14:      41728 bytes,    3080584 total
[2024-05-29T16:59:59.345+0000][1][gc,age      ] GC(81) - age  15:      39992 bytes,    3120576 total
[2024-05-29T16:59:59.345+0000][1][gc,heap     ] GC(81) Eden regions: 1225->0(1226)
[2024-05-29T16:59:59.345+0000][1][gc,heap     ] GC(81) Survivor regions: 3->2(154)
[2024-05-29T16:59:59.345+0000][1][gc,heap     ] GC(81) Old regions: 21->21
[2024-05-29T16:59:59.345+0000][1][gc,heap     ] GC(81) Humongous regions: 0->0
[2024-05-29T16:59:59.345+0000][1][gc,metaspace] GC(81) Metaspace: 91169K(93760K)->91169K(93760K) NonClass: 79864K(81472K)->79864K(81472K) Class: 11305K(12288K)->11305K(12288K)
[2024-05-29T16:59:59.345+0000][1][gc          ] GC(81) Pause Young (Normal) (G1 Evacuation Pause) 2496M->44M(4096M) 54.418ms
[2024-05-29T16:59:59.345+0000][1][gc,cpu      ] GC(81) User=0.06s Sys=0.01s Real=0.05s
[2024-05-29T16:59:59.358+0000][1][safepoint   ] Safepoint "G1CollectForAllocation", Time since last: 18132951074 ns, Reaching safepoint: 1671657 ns, Cleanup: 7747 ns, At safepoint: 67183906 ns, Total: 68863310 ns
[2024-05-29T17:01:25.474+0000][1][gc,start    ] GC(82) Pause Young (Normal) (G1 Evacuation Pause)
[2024-05-29T17:01:25.476+0000][1][gc,task     ] GC(82) Using 2 workers of 2 for evacuation
[2024-05-29T17:01:25.476+0000][1][gc,age      ] GC(82) Desired survivor size 161480704 bytes, new threshold 15 (max threshold 15)
[2024-05-29T17:01:25.498+0000][1][gc,phases   ] GC(82)   Pre Evacuate Collection Set: 0.7ms
[2024-05-29T17:01:25.498+0000][1][gc,phases   ] GC(82)   Merge Heap Roots: 3.6ms
[2024-05-29T17:01:25.498+0000][1][gc,phases   ] GC(82)   Evacuate Collection Set: 8.9ms
[2024-05-29T17:01:25.498+0000][1][gc,phases   ] GC(82)   Post Evacuate Collection Set: 8.7ms
[2024-05-29T17:01:25.498+0000][1][gc,phases   ] GC(82)   Other: 0.2ms
[2024-05-29T17:01:25.498+0000][1][gc,age      ] GC(82) Age table with threshold 15 (max threshold 15)
[2024-05-29T17:01:25.498+0000][1][gc,age      ] GC(82) - age   1:    5514136 bytes,    5514136 total
[2024-05-29T17:01:25.498+0000][1][gc,age      ] GC(82) - age   2:      40056 bytes,    5554192 total
[2024-05-29T17:01:25.498+0000][1][gc,age      ] GC(82) - age   3:      39440 bytes,    5593632 total
[2024-05-29T17:01:25.498+0000][1][gc,age      ] GC(82) - age   4:      39888 bytes,    5633520 total
[2024-05-29T17:01:25.498+0000][1][gc,age      ] GC(82) - age   5:      56312 bytes,    5689832 total
[2024-05-29T17:01:25.498+0000][1][gc,age      ] GC(82) - age   6:      38424 bytes,    5728256 total
[2024-05-29T17:01:25.499+0000][1][gc,age      ] GC(82) - age   7:      37784 bytes,    5766040 total
[2024-05-29T17:01:25.499+0000][1][gc,age      ] GC(82) - age   8:      40200 bytes,    5806240 total
[2024-05-29T17:01:25.499+0000][1][gc,age      ] GC(82) - age   9:      37536 bytes,    5843776 total
[2024-05-29T17:01:25.499+0000][1][gc,age      ] GC(82) - age  10:      40248 bytes,    5884024 total
[2024-05-29T17:01:25.499+0000][1][gc,age      ] GC(82) - age  11:      35808 bytes,    5919832 total
[2024-05-29T17:01:25.499+0000][1][gc,age      ] GC(82) - age  12:      32640 bytes,    5952472 total
[2024-05-29T17:01:25.499+0000][1][gc,age      ] GC(82) - age  13:      46392 bytes,    5998864 total
[2024-05-29T17:01:25.499+0000][1][gc,age      ] GC(82) - age  14:      36360 bytes,    6035224 total
[2024-05-29T17:01:25.499+0000][1][gc,age      ] GC(82) - age  15:      41728 bytes,    6076952 total
[2024-05-29T17:01:25.499+0000][1][gc,heap     ] GC(82) Eden regions: 1226->0(1224)
[2024-05-29T17:01:25.499+0000][1][gc,heap     ] GC(82) Survivor regions: 2->4(154)
[2024-05-29T17:01:25.499+0000][1][gc,heap     ] GC(82) Old regions: 21->21
[2024-05-29T17:01:25.499+0000][1][gc,heap     ] GC(82) Humongous regions: 0->0
[2024-05-29T17:01:25.499+0000][1][gc,metaspace] GC(82) Metaspace: 91169K(93760K)->91169K(93760K) NonClass: 79864K(81472K)->79864K(81472K) Class: 11305K(12288K)->11305K(12288K)
[2024-05-29T17:01:25.499+0000][1][gc          ] GC(82) Pause Young (Normal) (G1 Evacuation Pause) 2496M->47M(4096M) 24.389ms
[2024-05-29T17:01:25.499+0000][1][gc,cpu      ] GC(82) User=0.03s Sys=0.01s Real=0.02s
[2024-05-29T17:01:25.505+0000][1][safepoint   ] Safepoint "G1CollectForAllocation", Time since last: 86116476246 ns, Reaching safepoint: 127404 ns, Cleanup: 6387 ns, At safepoint: 30038098 ns, Total: 30171889 ns
[2024-05-29T17:02:15.237+0000][1][safepoint   ] Safepoint "Cleanup", Time since last: 49732698548 ns, Reaching safepoint: 12702 ns, Cleanup: 12331 ns, At safepoint: 2738 ns, Total: 27771 ns
[2024-05-29T17:02:40.482+0000][1][gc,start    ] GC(83) Pause Young (Normal) (G1 Evacuation Pause)
[2024-05-29T17:02:40.482+0000][1][gc,task     ] GC(83) Using 2 workers of 2 for evacuation
[2024-05-29T17:02:40.482+0000][1][gc,age      ] GC(83) Desired survivor size 161480704 bytes, new threshold 15 (max threshold 15)
[2024-05-29T17:02:40.495+0000][1][gc,phases   ] GC(83)   Pre Evacuate Collection Set: 1.0ms
[2024-05-29T17:02:40.495+0000][1][gc,phases   ] GC(83)   Merge Heap Roots: 0.2ms
[2024-05-29T17:02:40.495+0000][1][gc,phases   ] GC(83)   Evacuate Collection Set: 9.0ms
[2024-05-29T17:02:40.495+0000][1][gc,phases   ] GC(83)   Post Evacuate Collection Set: 2.5ms
[2024-05-29T17:02:40.495+0000][1][gc,phases   ] GC(83)   Other: 0.2ms
[2024-05-29T17:02:40.495+0000][1][gc,age      ] GC(83) Age table with threshold 15 (max threshold 15)
[2024-05-29T17:02:40.495+0000][1][gc,age      ] GC(83) - age   1:    4577544 bytes,    4577544 total
[2024-05-29T17:02:40.495+0000][1][gc,age      ] GC(83) - age   2:      39312 bytes,    4616856 total
[2024-05-29T17:02:40.496+0000][1][gc,age      ] GC(83) - age   3:      39720 bytes,    4656576 total
[2024-05-29T17:02:40.496+0000][1][gc,age      ] GC(83) - age   4:      38352 bytes,    4694928 total
[2024-05-29T17:02:40.496+0000][1][gc,age      ] GC(83) - age   5:      39888 bytes,    4734816 total
[2024-05-29T17:02:40.496+0000][1][gc,age      ] GC(83) - age   6:      56312 bytes,    4791128 total
[2024-05-29T17:02:40.496+0000][1][gc,age      ] GC(83) - age   7:      38424 bytes,    4829552 total
[2024-05-29T17:02:40.496+0000][1][gc,age      ] GC(83) - age   8:      37784 bytes,    4867336 total
[2024-05-29T17:02:40.496+0000][1][gc,age      ] GC(83) - age   9:      40200 bytes,    4907536 total
[2024-05-29T17:02:40.496+0000][1][gc,age      ] GC(83) - age  10:      37536 bytes,    4945072 total
[2024-05-29T17:02:40.496+0000][1][gc,age      ] GC(83) - age  11:      40248 bytes,    4985320 total
[2024-05-29T17:02:40.496+0000][1][gc,age      ] GC(83) - age  12:      35808 bytes,    5021128 total
[2024-05-29T17:02:40.496+0000][1][gc,age      ] GC(83) - age  13:      32640 bytes,    5053768 total
[2024-05-29T17:02:40.496+0000][1][gc,age      ] GC(83) - age  14:      46392 bytes,    5100160 total
[2024-05-29T17:02:40.496+0000][1][gc,age      ] GC(83) - age  15:      36360 bytes,    5136520 total
[2024-05-29T17:02:40.496+0000][1][gc,heap     ] GC(83) Eden regions: 1224->0(1225)
[2024-05-29T17:02:40.496+0000][1][gc,heap     ] GC(83) Survivor regions: 4->3(154)
[2024-05-29T17:02:40.496+0000][1][gc,heap     ] GC(83) Old regions: 21->21
[2024-05-29T17:02:40.496+0000][1][gc,heap     ] GC(83) Humongous regions: 2->0
[2024-05-29T17:02:40.496+0000][1][gc,metaspace] GC(83) Metaspace: 91169K(93760K)->91169K(93760K) NonClass: 79864K(81472K)->79864K(81472K) Class: 11305K(12288K)->11305K(12288K)
[2024-05-29T17:02:40.496+0000][1][gc          ] GC(83) Pause Young (Normal) (G1 Evacuation Pause) 2499M->46M(4096M) 13.328ms
[2024-05-29T17:02:40.496+0000][1][gc,cpu      ] GC(83) User=0.03s Sys=0.00s Real=0.01s
[2024-05-29T17:02:40.496+0000][1][safepoint   ] Safepoint "G1CollectForAllocation", Time since last: 25244877594 ns, Reaching safepoint: 126049 ns, Cleanup: 87178 ns, At safepoint: 13408168 ns, Total: 13621395 ns
[2024-05-29T17:02:49.497+0000][1][safepoint   ] Safepoint "Cleanup", Time since last: 9001017773 ns, Reaching safepoint: 97985 ns, Cleanup: 12883 ns, At safepoint: 9947 ns, Total: 120815 ns
[2024-05-29T17:03:25.504+0000][1][safepoint   ] Safepoint "Cleanup", Time since last: 36007054777 ns, Reaching safepoint: 94991 ns, Cleanup: 10143 ns, At safepoint: 12864 ns, Total: 117998 ns
[2024-05-29T17:03:26.505+0000][1][safepoint   ] Safepoint "Cleanup", Time since last: 1000810323 ns, Reaching safepoint: 12467 ns, Cleanup: 15621 ns, At safepoint: 3252 ns, Total: 31340 ns
[2024-05-29T17:03:36.326+0000][1][gc,start    ] GC(84) Pause Young (Normal) (G1 Evacuation Pause)
[2024-05-29T17:03:36.326+0000][1][gc,task     ] GC(84) Using 2 workers of 2 for evacuation
[2024-05-29T17:03:36.326+0000][1][gc,age      ] GC(84) Desired survivor size 161480704 bytes, new threshold 15 (max threshold 15)
[2024-05-29T17:03:36.346+0000][1][gc,phases   ] GC(84)   Pre Evacuate Collection Set: 1.0ms
[2024-05-29T17:03:36.346+0000][1][gc,phases   ] GC(84)   Merge Heap Roots: 0.4ms
[2024-05-29T17:03:36.346+0000][1][gc,phases   ] GC(84)   Evacuate Collection Set: 12.9ms
[2024-05-29T17:03:36.346+0000][1][gc,phases   ] GC(84)   Post Evacuate Collection Set: 4.8ms
[2024-05-29T17:03:36.346+0000][1][gc,phases   ] GC(84)   Other: 0.4ms
[2024-05-29T17:03:36.346+0000][1][gc,age      ] GC(84) Age table with threshold 15 (max threshold 15)
[2024-05-29T17:03:36.346+0000][1][gc,age      ] GC(84) - age   1:    1623912 bytes,    1623912 total
[2024-05-29T17:03:36.346+0000][1][gc,age      ] GC(84) - age   2:      38712 bytes,    1662624 total
[2024-05-29T17:03:36.346+0000][1][gc,age      ] GC(84) - age   3:      39224 bytes,    1701848 total
[2024-05-29T17:03:36.346+0000][1][gc,age      ] GC(84) - age   4:      39720 bytes,    1741568 total
[2024-05-29T17:03:36.346+0000][1][gc,age      ] GC(84) - age   5:      38352 bytes,    1779920 total
[2024-05-29T17:03:36.346+0000][1][gc,age      ] GC(84) - age   6:      39888 bytes,    1819808 total
[2024-05-29T17:03:36.346+0000][1][gc,age      ] GC(84) - age   7:      56312 bytes,    1876120 total
[2024-05-29T17:03:36.346+0000][1][gc,age      ] GC(84) - age   8:      38424 bytes,    1914544 total
[2024-05-29T17:03:36.346+0000][1][gc,age      ] GC(84) - age   9:      37784 bytes,    1952328 total
[2024-05-29T17:03:36.346+0000][1][gc,age      ] GC(84) - age  10:      40200 bytes,    1992528 total
[2024-05-29T17:03:36.346+0000][1][gc,age      ] GC(84) - age  11:      37536 bytes,    2030064 total
[2024-05-29T17:03:36.346+0000][1][gc,age      ] GC(84) - age  12:      40248 bytes,    2070312 total
[2024-05-29T17:03:36.346+0000][1][gc,age      ] GC(84) - age  13:      35808 bytes,    2106120 total
[2024-05-29T17:03:36.346+0000][1][gc,age      ] GC(84) - age  14:      32640 bytes,    2138760 total
[2024-05-29T17:03:36.346+0000][1][gc,age      ] GC(84) - age  15:      46392 bytes,    2185152 total
[2024-05-29T17:03:36.346+0000][1][gc,heap     ] GC(84) Eden regions: 1225->0(1226)
[2024-05-29T17:03:36.346+0000][1][gc,heap     ] GC(84) Survivor regions: 3->2(154)
[2024-05-29T17:03:36.346+0000][1][gc,heap     ] GC(84) Old regions: 21->21
[2024-05-29T17:03:36.346+0000][1][gc,heap     ] GC(84) Humongous regions: 2->0
[2024-05-29T17:03:36.346+0000][1][gc,metaspace] GC(84) Metaspace: 91188K(93760K)->91188K(93760K) NonClass: 79881K(81472K)->79881K(81472K) Class: 11306K(12288K)->11306K(12288K)
[2024-05-29T17:03:36.346+0000][1][gc          ] GC(84) Pause Young (Normal) (G1 Evacuation Pause) 2500M->44M(4096M) 20.044ms
[2024-05-29T17:03:36.346+0000][1][gc,cpu      ] GC(84) User=0.03s Sys=0.00s Real=0.02s
[2024-05-29T17:03:36.346+0000][1][safepoint   ] Safepoint "G1CollectForAllocation", Time since last: 9820878517 ns, Reaching safepoint: 120807 ns, Cleanup: 5537 ns, At safepoint: 20126616 ns, Total: 20252960 ns
[2024-05-29T17:03:46.347+0000][1][safepoint   ] Safepoint "Cleanup", Time since last: 10001348620 ns, Reaching safepoint: 100363 ns, Cleanup: 15704 ns, At safepoint: 10307 ns, Total: 126374 ns
[2024-05-29T17:03:49.348+0000][1][safepoint   ] Safepoint "Cleanup", Time since last: 3000688921 ns, Reaching safepoint: 12569 ns, Cleanup: 11806 ns, At safepoint: 2920 ns, Total: 27295 ns
[2024-05-29T17:04:12.351+0000][1][safepoint   ] Safepoint "Cleanup", Time since last: 23002521918 ns, Reaching safepoint: 40835 ns, Cleanup: 14632 ns, At safepoint: 3192 ns, Total: 58659 ns
[2024-05-29T17:04:59.275+0000][1][gc,start    ] GC(85) Pause Young (Normal) (G1 Evacuation Pause)
[2024-05-29T17:04:59.275+0000][1][gc,task     ] GC(85) Using 2 workers of 2 for evacuation
[2024-05-29T17:04:59.275+0000][1][gc,age      ] GC(85) Desired survivor size 161480704 bytes, new threshold 15 (max threshold 15)
[2024-05-29T17:04:59.287+0000][1][gc,phases   ] GC(85)   Pre Evacuate Collection Set: 0.9ms
[2024-05-29T17:04:59.287+0000][1][gc,phases   ] GC(85)   Merge Heap Roots: 0.2ms
[2024-05-29T17:04:59.287+0000][1][gc,phases   ] GC(85)   Evacuate Collection Set: 7.5ms
[2024-05-29T17:04:59.287+0000][1][gc,phases   ] GC(85)   Post Evacuate Collection Set: 3.0ms
[2024-05-29T17:04:59.287+0000][1][gc,phases   ] GC(85)   Other: 0.2ms
[2024-05-29T17:04:59.287+0000][1][gc,age      ] GC(85) Age table with threshold 15 (max threshold 15)
[2024-05-29T17:04:59.287+0000][1][gc,age      ] GC(85) - age   1:    4083072 bytes,    4083072 total
[2024-05-29T17:04:59.287+0000][1][gc,age      ] GC(85) - age   2:      52952 bytes,    4136024 total
[2024-05-29T17:04:59.287+0000][1][gc,age      ] GC(85) - age   3:      38320 bytes,    4174344 total
[2024-05-29T17:04:59.287+0000][1][gc,age      ] GC(85) - age   4:      39136 bytes,    4213480 total
[2024-05-29T17:04:59.287+0000][1][gc,age      ] GC(85) - age   5:      39720 bytes,    4253200 total
[2024-05-29T17:04:59.287+0000][1][gc,age      ] GC(85) - age   6:      38352 bytes,    4291552 total
[2024-05-29T17:04:59.287+0000][1][gc,age      ] GC(85) - age   7:      39888 bytes,    4331440 total
[2024-05-29T17:04:59.287+0000][1][gc,age      ] GC(85) - age   8:      56312 bytes,    4387752 total
[2024-05-29T17:04:59.287+0000][1][gc,age      ] GC(85) - age   9:      38424 bytes,    4426176 total
[2024-05-29T17:04:59.287+0000][1][gc,age      ] GC(85) - age  10:      37744 bytes,    4463920 total
[2024-05-29T17:04:59.287+0000][1][gc,age      ] GC(85) - age  11:      40200 bytes,    4504120 total
[2024-05-29T17:04:59.287+0000][1][gc,age      ] GC(85) - age  12:      37536 bytes,    4541656 total
[2024-05-29T17:04:59.287+0000][1][gc,age      ] GC(85) - age  13:      40248 bytes,    4581904 total
[2024-05-29T17:04:59.287+0000][1][gc,age      ] GC(85) - age  14:      35808 bytes,    4617712 total
[2024-05-29T17:04:59.287+0000][1][gc,age      ] GC(85) - age  15:      32640 bytes,    4650352 total
[2024-05-29T17:04:59.287+0000][1][gc,heap     ] GC(85) Eden regions: 1226->0(1225)
[2024-05-29T17:04:59.287+0000][1][gc,heap     ] GC(85) Survivor regions: 2->3(154)
[2024-05-29T17:04:59.287+0000][1][gc,heap     ] GC(85) Old regions: 21->21
[2024-05-29T17:04:59.287+0000][1][gc,heap     ] GC(85) Humongous regions: 0->0
[2024-05-29T17:04:59.287+0000][1][gc,metaspace] GC(85) Metaspace: 91190K(93760K)->91190K(93760K) NonClass: 79882K(81472K)->79882K(81472K) Class: 11307K(12288K)->11307K(12288K)
[2024-05-29T17:04:59.287+0000][1][gc          ] GC(85) Pause Young (Normal) (G1 Evacuation Pause) 2496M->45M(4096M) 12.250ms
[2024-05-29T17:04:59.287+0000][1][gc,cpu      ] GC(85) User=0.02s Sys=0.00s Real=0.01s
[2024-05-29T17:04:59.288+0000][1][safepoint   ] Safepoint "G1CollectForAllocation", Time since last: 46924400340 ns, Reaching safepoint: 12940 ns, Cleanup: 5774 ns, At safepoint: 12325260 ns, Total: 12343974 ns
[2024-05-29T17:05:06.293+0000][1][safepoint   ] Safepoint "Cleanup", Time since last: 7005047139 ns, Reaching safepoint: 13604 ns, Cleanup: 13174 ns, At safepoint: 28259 ns, Total: 55037 ns
[2024-05-29T17:05:08.293+0000][1][safepoint   ] Safepoint "Cleanup", Time since last: 2000287916 ns, Reaching safepoint: 14836 ns, Cleanup: 19135 ns, At safepoint: 3790 ns, Total: 37761 ns
[2024-05-29T17:05:45.385+0000][1][safepoint   ] Safepoint "Cleanup", Time since last: 37088323865 ns, Reaching safepoint: 3549995 ns, Cleanup: 56652 ns, At safepoint: 19653 ns, Total: 3626300 ns
[2024-05-29T17:05:45.531+0000][1][gc,heap,exit] Heap
[2024-05-29T17:05:45.531+0000][1][gc,heap,exit]  garbage-first heap   total 4194304K, used 1392478K [0x0000000700000000, 0x0000000800000000)
[2024-05-29T17:05:45.531+0000][1][gc,heap,exit]   region size 2048K, 661 young (1353728K), 3 survivors (6144K)
[2024-05-29T17:05:45.531+0000][1][gc,heap,exit]  Metaspace       used 91373K, committed 93824K, reserved 1179648K
[2024-05-29T17:05:45.531+0000][1][gc,heap,exit]   class space    used 11349K, committed 12288K, reserved 1048576K
