[2024-05-27T18:00:53.739+0000][1][gc,init] CardTable entry size: 512
[2024-05-27T18:00:53.740+0000][1][gc     ] Using G1
[2024-05-27T18:00:53.777+0000][1][gc,init] Version: 21.0.3+9-LTS (release)
[2024-05-27T18:00:53.787+0000][1][gc,init] CPUs: 4 total, 4 available
[2024-05-27T18:00:53.787+0000][1][gc,init] Memory: 3458M
[2024-05-27T18:00:53.787+0000][1][gc,init] Large Page Support: Disabled
[2024-05-27T18:00:53.787+0000][1][gc,init] NUMA Support: Disabled
[2024-05-27T18:00:53.787+0000][1][gc,init] Compressed Oops: Enabled (32-bit)
[2024-05-27T18:00:53.787+0000][1][gc,init] Heap Region Size: 1M
[2024-05-27T18:00:53.787+0000][1][gc,init] Heap Min Capacity: 1G
[2024-05-27T18:00:53.787+0000][1][gc,init] Heap Initial Capacity: 1G
[2024-05-27T18:00:53.787+0000][1][gc,init] Heap Max Capacity: 1G
[2024-05-27T18:00:53.787+0000][1][gc,init] Pre-touch: Disabled
[2024-05-27T18:00:53.787+0000][1][gc,init] Parallel Workers: 4
[2024-05-27T18:00:53.787+0000][1][gc,init] Concurrent Workers: 1
[2024-05-27T18:00:53.787+0000][1][gc,init] Concurrent Refinement Workers: 4
[2024-05-27T18:00:53.787+0000][1][gc,init] Periodic GC: Disabled
[2024-05-27T18:00:53.787+0000][1][gc,metaspace] CDS archive(s) not mapped
[2024-05-27T18:00:53.787+0000][1][gc,metaspace] Compressed class space mapped at: 0x0000000100000000-0x0000000140000000, reserved size: 1073741824
[2024-05-27T18:00:53.787+0000][1][gc,metaspace] Narrow klass base: 0x0000000000000000, Narrow klass shift: 3, Narrow klass range: 0x140000000
[2024-05-27T18:00:55.525+0000][1][safepoint   ] Safepoint "Cleanup", Time since last: 1707194372 ns, Reaching safepoint: 5153 ns, Cleanup: 74871 ns, At safepoint: 2987 ns, Total: 83011 ns
[2024-05-27T18:00:56.260+0000][1][gc,start    ] GC(0) Pause Young (Concurrent Start) (Metadata GC Threshold)
[2024-05-27T18:00:56.261+0000][1][gc,task     ] GC(0) Using 4 workers of 4 for evacuation
[2024-05-27T18:00:56.261+0000][1][gc,age      ] GC(0) Desired survivor size 3670016 bytes, new threshold 15 (max threshold 15)
[2024-05-27T18:00:56.275+0000][1][gc,phases   ] GC(0)   Pre Evacuate Collection Set: 0.5ms
[2024-05-27T18:00:56.275+0000][1][gc,phases   ] GC(0)   Merge Heap Roots: 0.1ms
[2024-05-27T18:00:56.275+0000][1][gc,phases   ] GC(0)   Evacuate Collection Set: 12.5ms
[2024-05-27T18:00:56.275+0000][1][gc,phases   ] GC(0)   Post Evacuate Collection Set: 1.4ms
[2024-05-27T18:00:56.275+0000][1][gc,phases   ] GC(0)   Other: 1.0ms
[2024-05-27T18:00:56.275+0000][1][gc,age      ] GC(0) Age table with threshold 15 (max threshold 15)
[2024-05-27T18:00:56.275+0000][1][gc,age      ] GC(0) - age   1:    6953280 bytes,    6953280 total
[2024-05-27T18:00:56.275+0000][1][gc,heap     ] GC(0) Eden regions: 42->0(44)
[2024-05-27T18:00:56.275+0000][1][gc,heap     ] GC(0) Survivor regions: 0->7(7)
[2024-05-27T18:00:56.275+0000][1][gc,heap     ] GC(0) Old regions: 0->2
[2024-05-27T18:00:56.275+0000][1][gc,heap     ] GC(0) Humongous regions: 3->3
[2024-05-27T18:00:56.275+0000][1][gc,metaspace] GC(0) Metaspace: 21276K(21504K)->21276K(21504K) NonClass: 19028K(19136K)->19028K(19136K) Class: 2247K(2368K)->2247K(2368K)
[2024-05-27T18:00:56.275+0000][1][gc          ] GC(0) Pause Young (Concurrent Start) (Metadata GC Threshold) 44M->11M(1024M) 15.893ms
[2024-05-27T18:00:56.276+0000][1][gc,cpu      ] GC(0) User=0.03s Sys=0.00s Real=0.02s
[2024-05-27T18:00:56.276+0000][1][safepoint   ] Safepoint "CollectForMetadataAllocation", Time since last: 734558496 ns, Reaching safepoint: 7036 ns, Cleanup: 99152 ns, At safepoint: 16043660 ns, Total: 16149848 ns
[2024-05-27T18:00:56.276+0000][1][gc          ] GC(1) Concurrent Mark Cycle
[2024-05-27T18:00:56.276+0000][1][gc,marking  ] GC(1) Concurrent Scan Root Regions
[2024-05-27T18:00:56.279+0000][1][gc,marking  ] GC(1) Concurrent Scan Root Regions 3.565ms
[2024-05-27T18:00:56.279+0000][1][gc,marking  ] GC(1) Concurrent Mark
[2024-05-27T18:00:56.279+0000][1][gc,marking  ] GC(1) Concurrent Mark From Roots
[2024-05-27T18:00:56.279+0000][1][gc,task     ] GC(1) Using 1 workers of 1 for marking
[2024-05-27T18:00:56.281+0000][1][gc,marking  ] GC(1) Concurrent Mark From Roots 1.523ms
[2024-05-27T18:00:56.281+0000][1][gc,marking  ] GC(1) Concurrent Preclean
[2024-05-27T18:00:56.281+0000][1][gc,marking  ] GC(1) Concurrent Preclean 0.016ms
[2024-05-27T18:00:56.281+0000][1][gc,start    ] GC(1) Pause Remark
[2024-05-27T18:00:56.283+0000][1][gc          ] GC(1) Pause Remark 11M->11M(1024M) 2.157ms
[2024-05-27T18:00:56.283+0000][1][gc,cpu      ] GC(1) User=0.00s Sys=0.00s Real=0.00s
[2024-05-27T18:00:56.283+0000][1][safepoint   ] Safepoint "G1PauseRemark", Time since last: 5363877 ns, Reaching safepoint: 284391 ns, Cleanup: 9199 ns, At safepoint: 2250451 ns, Total: 2544041 ns
[2024-05-27T18:00:56.284+0000][1][gc,marking  ] GC(1) Concurrent Mark 4.235ms
[2024-05-27T18:00:56.284+0000][1][gc,marking  ] GC(1) Concurrent Rebuild Remembered Sets and Scrub Regions
[2024-05-27T18:00:56.284+0000][1][gc,marking  ] GC(1) Concurrent Rebuild Remembered Sets and Scrub Regions 0.810ms
[2024-05-27T18:00:56.284+0000][1][gc,start    ] GC(1) Pause Cleanup
[2024-05-27T18:00:56.285+0000][1][gc          ] GC(1) Pause Cleanup 11M->11M(1024M) 0.198ms
[2024-05-27T18:00:56.285+0000][1][gc,cpu      ] GC(1) User=0.00s Sys=0.00s Real=0.00s
[2024-05-27T18:00:56.285+0000][1][safepoint   ] Safepoint "G1PauseCleanup", Time since last: 904566 ns, Reaching safepoint: 78075 ns, Cleanup: 3377 ns, At safepoint: 245768 ns, Total: 327220 ns
[2024-05-27T18:00:56.285+0000][1][gc,marking  ] GC(1) Concurrent Clear Claimed Marks
[2024-05-27T18:00:56.285+0000][1][gc,marking  ] GC(1) Concurrent Clear Claimed Marks 0.039ms
[2024-05-27T18:00:56.285+0000][1][gc,marking  ] GC(1) Concurrent Cleanup for Next Mark
[2024-05-27T18:00:56.327+0000][1][gc,marking  ] GC(1) Concurrent Cleanup for Next Mark 41.708ms
[2024-05-27T18:00:56.327+0000][1][gc          ] GC(1) Concurrent Mark Cycle 51.132ms
[2024-05-27T18:00:57.010+0000][1][gc,start    ] GC(2) Pause Young (Normal) (G1 Evacuation Pause)
[2024-05-27T18:00:57.010+0000][1][gc,task     ] GC(2) Using 4 workers of 4 for evacuation
[2024-05-27T18:00:57.010+0000][1][gc,age      ] GC(2) Desired survivor size 3670016 bytes, new threshold 1 (max threshold 15)
[2024-05-27T18:00:57.035+0000][1][gc,phases   ] GC(2)   Pre Evacuate Collection Set: 0.4ms
[2024-05-27T18:00:57.035+0000][1][gc,phases   ] GC(2)   Merge Heap Roots: 0.1ms
[2024-05-27T18:00:57.035+0000][1][gc,phases   ] GC(2)   Evacuate Collection Set: 21.1ms
[2024-05-27T18:00:57.035+0000][1][gc,phases   ] GC(2)   Post Evacuate Collection Set: 3.6ms
[2024-05-27T18:00:57.035+0000][1][gc,phases   ] GC(2)   Other: 0.1ms
[2024-05-27T18:00:57.035+0000][1][gc,age      ] GC(2) Age table with threshold 1 (max threshold 15)
[2024-05-27T18:00:57.035+0000][1][gc,age      ] GC(2) - age   1:    1207752 bytes,    1207752 total
[2024-05-27T18:00:57.035+0000][1][gc,heap     ] GC(2) Eden regions: 44->0(49)
[2024-05-27T18:00:57.035+0000][1][gc,heap     ] GC(2) Survivor regions: 7->2(7)
[2024-05-27T18:00:57.035+0000][1][gc,heap     ] GC(2) Old regions: 2->9
[2024-05-27T18:00:57.035+0000][1][gc,heap     ] GC(2) Humongous regions: 3->3
[2024-05-27T18:00:57.035+0000][1][gc,metaspace] GC(2) Metaspace: 28467K(28800K)->28467K(28800K) NonClass: 25420K(25600K)->25420K(25600K) Class: 3047K(3200K)->3047K(3200K)
[2024-05-27T18:00:57.035+0000][1][gc          ] GC(2) Pause Young (Normal) (G1 Evacuation Pause) 55M->12M(1024M) 25.826ms
[2024-05-27T18:00:57.036+0000][1][gc,cpu      ] GC(2) User=0.05s Sys=0.00s Real=0.02s
[2024-05-27T18:00:57.036+0000][1][safepoint   ] Safepoint "G1CollectForAllocation", Time since last: 724797760 ns, Reaching safepoint: 5905 ns, Cleanup: 108702 ns, At safepoint: 25897040 ns, Total: 26011647 ns
[2024-05-27T18:00:57.525+0000][1][gc,start    ] GC(3) Pause Young (Normal) (G1 Evacuation Pause)
[2024-05-27T18:00:57.525+0000][1][gc,task     ] GC(3) Using 4 workers of 4 for evacuation
[2024-05-27T18:00:57.525+0000][1][gc,age      ] GC(3) Desired survivor size 3670016 bytes, new threshold 15 (max threshold 15)
[2024-05-27T18:00:57.534+0000][1][gc,phases   ] GC(3)   Pre Evacuate Collection Set: 0.5ms
[2024-05-27T18:00:57.534+0000][1][gc,phases   ] GC(3)   Merge Heap Roots: 0.1ms
[2024-05-27T18:00:57.534+0000][1][gc,phases   ] GC(3)   Evacuate Collection Set: 6.5ms
[2024-05-27T18:00:57.534+0000][1][gc,phases   ] GC(3)   Post Evacuate Collection Set: 1.3ms
[2024-05-27T18:00:57.534+0000][1][gc,phases   ] GC(3)   Other: 0.1ms
[2024-05-27T18:00:57.534+0000][1][gc,age      ] GC(3) Age table with threshold 15 (max threshold 15)
[2024-05-27T18:00:57.534+0000][1][gc,age      ] GC(3) - age   1:    3127936 bytes,    3127936 total
[2024-05-27T18:00:57.534+0000][1][gc,age      ] GC(3) - age   2:    1141528 bytes,    4269464 total
[2024-05-27T18:00:57.534+0000][1][gc,heap     ] GC(3) Eden regions: 49->0(110)
[2024-05-27T18:00:57.534+0000][1][gc,heap     ] GC(3) Survivor regions: 2->5(7)
[2024-05-27T18:00:57.534+0000][1][gc,heap     ] GC(3) Old regions: 9->9
[2024-05-27T18:00:57.534+0000][1][gc,heap     ] GC(3) Humongous regions: 3->3
[2024-05-27T18:00:57.534+0000][1][gc,metaspace] GC(3) Metaspace: 32588K(32960K)->32588K(32960K) NonClass: 28965K(29184K)->28965K(29184K) Class: 3622K(3776K)->3622K(3776K)
[2024-05-27T18:00:57.534+0000][1][gc          ] GC(3) Pause Young (Normal) (G1 Evacuation Pause) 61M->15M(1024M) 8.731ms
[2024-05-27T18:00:57.534+0000][1][gc,cpu      ] GC(3) User=0.02s Sys=0.00s Real=0.01s
[2024-05-27T18:00:57.534+0000][1][safepoint   ] Safepoint "G1CollectForAllocation", Time since last: 489352504 ns, Reaching safepoint: 9051 ns, Cleanup: 91825 ns, At safepoint: 8797862 ns, Total: 8898738 ns
[2024-05-27T18:00:57.966+0000][1][gc,start    ] GC(4) Pause Young (Normal) (G1 Evacuation Pause)
[2024-05-27T18:00:57.966+0000][1][gc,task     ] GC(4) Using 4 workers of 4 for evacuation
[2024-05-27T18:00:57.966+0000][1][gc,age      ] GC(4) Desired survivor size 7864320 bytes, new threshold 15 (max threshold 15)
[2024-05-27T18:00:57.995+0000][1][gc,phases   ] GC(4)   Pre Evacuate Collection Set: 0.5ms
[2024-05-27T18:00:57.995+0000][1][gc,phases   ] GC(4)   Merge Heap Roots: 0.1ms
[2024-05-27T18:00:57.995+0000][1][gc,phases   ] GC(4)   Evacuate Collection Set: 25.1ms
[2024-05-27T18:00:57.995+0000][1][gc,phases   ] GC(4)   Post Evacuate Collection Set: 3.5ms
[2024-05-27T18:00:57.995+0000][1][gc,phases   ] GC(4)   Other: 0.1ms
[2024-05-27T18:00:57.995+0000][1][gc,age      ] GC(4) Age table with threshold 15 (max threshold 15)
[2024-05-27T18:00:57.995+0000][1][gc,age      ] GC(4) - age   1:    5536472 bytes,    5536472 total
[2024-05-27T18:00:57.995+0000][1][gc,age      ] GC(4) - age   2:     988280 bytes,    6524752 total
[2024-05-27T18:00:57.995+0000][1][gc,age      ] GC(4) - age   3:    1141496 bytes,    7666248 total
[2024-05-27T18:00:57.995+0000][1][gc,heap     ] GC(4) Eden regions: 114->0(606)
[2024-05-27T18:00:57.995+0000][1][gc,heap     ] GC(4) Survivor regions: 5->8(15)
[2024-05-27T18:00:57.995+0000][1][gc,heap     ] GC(4) Old regions: 9->9
[2024-05-27T18:00:57.995+0000][1][gc,heap     ] GC(4) Humongous regions: 3->3
[2024-05-27T18:00:57.995+0000][1][gc,metaspace] GC(4) Metaspace: 32793K(33152K)->32793K(33152K) NonClass: 29157K(29376K)->29157K(29376K) Class: 3635K(3776K)->3635K(3776K)
[2024-05-27T18:00:57.995+0000][1][gc          ] GC(4) Pause Young (Normal) (G1 Evacuation Pause) 129M->19M(1024M) 29.572ms
[2024-05-27T18:00:57.995+0000][1][gc,cpu      ] GC(4) User=0.05s Sys=0.00s Real=0.03s
[2024-05-27T18:00:57.995+0000][1][safepoint   ] Safepoint "G1CollectForAllocation", Time since last: 431638589 ns, Reaching safepoint: 13421 ns, Cleanup: 51736 ns, At safepoint: 29643718 ns, Total: 29708875 ns
[2024-05-27T18:00:58.544+0000][1][gc,start    ] GC(5) Pause Young (Concurrent Start) (Metadata GC Threshold)
[2024-05-27T18:00:58.544+0000][1][gc,task     ] GC(5) Using 4 workers of 4 for evacuation
[2024-05-27T18:00:58.544+0000][1][gc,age      ] GC(5) Desired survivor size 40370176 bytes, new threshold 15 (max threshold 15)
[2024-05-27T18:00:58.550+0000][1][gc,phases   ] GC(5)   Pre Evacuate Collection Set: 0.5ms
[2024-05-27T18:00:58.551+0000][1][gc,phases   ] GC(5)   Merge Heap Roots: 0.1ms
[2024-05-27T18:00:58.551+0000][1][gc,phases   ] GC(5)   Evacuate Collection Set: 4.7ms
[2024-05-27T18:00:58.551+0000][1][gc,phases   ] GC(5)   Post Evacuate Collection Set: 1.1ms
[2024-05-27T18:00:58.551+0000][1][gc,phases   ] GC(5)   Other: 0.1ms
[2024-05-27T18:00:58.551+0000][1][gc,age      ] GC(5) Age table with threshold 15 (max threshold 15)
[2024-05-27T18:00:58.551+0000][1][gc,age      ] GC(5) - age   1:     948184 bytes,     948184 total
[2024-05-27T18:00:58.551+0000][1][gc,age      ] GC(5) - age   2:     166096 bytes,    1114280 total
[2024-05-27T18:00:58.551+0000][1][gc,age      ] GC(5) - age   3:     985328 bytes,    2099608 total
[2024-05-27T18:00:58.551+0000][1][gc,age      ] GC(5) - age   4:    1106560 bytes,    3206168 total
[2024-05-27T18:00:58.551+0000][1][gc,heap     ] GC(5) Eden regions: 66->0(610)
[2024-05-27T18:00:58.551+0000][1][gc,heap     ] GC(5) Survivor regions: 8->4(77)
[2024-05-27T18:00:58.551+0000][1][gc,heap     ] GC(5) Old regions: 9->9
[2024-05-27T18:00:58.551+0000][1][gc,heap     ] GC(5) Humongous regions: 3->3
[2024-05-27T18:00:58.551+0000][1][gc,metaspace] GC(5) Metaspace: 35663K(36096K)->35663K(36096K) NonClass: 31570K(31808K)->31570K(31808K) Class: 4093K(4288K)->4093K(4288K)
[2024-05-27T18:00:58.551+0000][1][gc          ] GC(5) Pause Young (Concurrent Start) (Metadata GC Threshold) 85M->14M(1024M) 7.015ms
[2024-05-27T18:00:58.551+0000][1][gc,cpu      ] GC(5) User=0.02s Sys=0.00s Real=0.01s
[2024-05-27T18:00:58.551+0000][1][gc          ] GC(6) Concurrent Mark Cycle
[2024-05-27T18:00:58.551+0000][1][gc,marking  ] GC(6) Concurrent Scan Root Regions
[2024-05-27T18:00:58.551+0000][1][safepoint   ] Safepoint "CollectForMetadataAllocation", Time since last: 548633638 ns, Reaching safepoint: 8191 ns, Cleanup: 66569 ns, At safepoint: 7163662 ns, Total: 7238422 ns
[2024-05-27T18:00:58.556+0000][1][gc,marking  ] GC(6) Concurrent Scan Root Regions 5.025ms
[2024-05-27T18:00:58.556+0000][1][gc,marking  ] GC(6) Concurrent Mark
[2024-05-27T18:00:58.556+0000][1][gc,marking  ] GC(6) Concurrent Mark From Roots
[2024-05-27T18:00:58.556+0000][1][gc,task     ] GC(6) Using 1 workers of 1 for marking
[2024-05-27T18:00:58.567+0000][1][gc,marking  ] GC(6) Concurrent Mark From Roots 11.049ms
[2024-05-27T18:00:58.567+0000][1][gc,marking  ] GC(6) Concurrent Preclean
[2024-05-27T18:00:58.567+0000][1][gc,marking  ] GC(6) Concurrent Preclean 0.082ms
[2024-05-27T18:00:58.567+0000][1][gc,start    ] GC(6) Pause Remark
[2024-05-27T18:00:58.571+0000][1][gc          ] GC(6) Pause Remark 15M->15M(1024M) 3.363ms
[2024-05-27T18:00:58.571+0000][1][gc,cpu      ] GC(6) User=0.01s Sys=0.00s Real=0.01s
[2024-05-27T18:00:58.571+0000][1][safepoint   ] Safepoint "G1PauseRemark", Time since last: 16357113 ns, Reaching safepoint: 86069 ns, Cleanup: 4629 ns, At safepoint: 3479459 ns, Total: 3570157 ns
[2024-05-27T18:00:58.571+0000][1][gc,marking  ] GC(6) Concurrent Mark 14.895ms
[2024-05-27T18:00:58.571+0000][1][gc,marking  ] GC(6) Concurrent Rebuild Remembered Sets and Scrub Regions
[2024-05-27T18:00:58.577+0000][1][gc,marking  ] GC(6) Concurrent Rebuild Remembered Sets and Scrub Regions 5.639ms
[2024-05-27T18:00:58.577+0000][1][gc,start    ] GC(6) Pause Cleanup
[2024-05-27T18:00:58.577+0000][1][gc          ] GC(6) Pause Cleanup 15M->15M(1024M) 0.317ms
[2024-05-27T18:00:58.577+0000][1][gc,cpu      ] GC(6) User=0.00s Sys=0.00s Real=0.00s
[2024-05-27T18:00:58.577+0000][1][safepoint   ] Safepoint "G1PauseCleanup", Time since last: 5810692 ns, Reaching safepoint: 82736 ns, Cleanup: 12194 ns, At safepoint: 382996 ns, Total: 477926 ns
[2024-05-27T18:00:58.577+0000][1][gc,marking  ] GC(6) Concurrent Clear Claimed Marks
[2024-05-27T18:00:58.577+0000][1][gc,marking  ] GC(6) Concurrent Clear Claimed Marks 0.067ms
[2024-05-27T18:00:58.577+0000][1][gc,marking  ] GC(6) Concurrent Cleanup for Next Mark
[2024-05-27T18:00:58.584+0000][1][gc,marking  ] GC(6) Concurrent Cleanup for Next Mark 7.001ms
[2024-05-27T18:00:58.584+0000][1][gc          ] GC(6) Concurrent Mark Cycle 33.559ms
[2024-05-27T18:01:00.120+0000][1][safepoint   ] Safepoint "Cleanup", Time since last: 1542082482 ns, Reaching safepoint: 81638 ns, Cleanup: 113663 ns, At safepoint: 6954 ns, Total: 202255 ns
[2024-05-27T18:01:01.194+0000][1][safepoint   ] Safepoint "ICBufferFull", Time since last: 1074070501 ns, Reaching safepoint: 7556 ns, Cleanup: 110892 ns, At safepoint: 3326 ns, Total: 121774 ns
[2024-05-27T18:01:01.741+0000][1][gc,start    ] GC(7) Pause Young (Prepare Mixed) (Metadata GC Threshold)
[2024-05-27T18:01:01.741+0000][1][gc,task     ] GC(7) Using 4 workers of 4 for evacuation
[2024-05-27T18:01:01.741+0000][1][gc,age      ] GC(7) Desired survivor size 40370176 bytes, new threshold 15 (max threshold 15)
[2024-05-27T18:01:01.761+0000][1][gc,phases   ] GC(7)   Pre Evacuate Collection Set: 0.4ms
[2024-05-27T18:01:01.761+0000][1][gc,phases   ] GC(7)   Merge Heap Roots: 0.1ms
[2024-05-27T18:01:01.761+0000][1][gc,phases   ] GC(7)   Evacuate Collection Set: 15.8ms
[2024-05-27T18:01:01.761+0000][1][gc,phases   ] GC(7)   Post Evacuate Collection Set: 3.3ms
[2024-05-27T18:01:01.761+0000][1][gc,phases   ] GC(7)   Other: 0.1ms
[2024-05-27T18:01:01.761+0000][1][gc,age      ] GC(7) Age table with threshold 15 (max threshold 15)
[2024-05-27T18:01:01.761+0000][1][gc,age      ] GC(7) - age   1:    7001120 bytes,    7001120 total
[2024-05-27T18:01:01.761+0000][1][gc,age      ] GC(7) - age   2:     816168 bytes,    7817288 total
[2024-05-27T18:01:01.761+0000][1][gc,age      ] GC(7) - age   3:     162632 bytes,    7979920 total
[2024-05-27T18:01:01.761+0000][1][gc,age      ] GC(7) - age   4:     935072 bytes,    8914992 total
[2024-05-27T18:01:01.761+0000][1][gc,age      ] GC(7) - age   5:    1085280 bytes,   10000272 total
[2024-05-27T18:01:01.761+0000][1][gc,heap     ] GC(7) Eden regions: 89->0(580)
[2024-05-27T18:01:01.761+0000][1][gc,heap     ] GC(7) Survivor regions: 4->11(77)
[2024-05-27T18:01:01.761+0000][1][gc,heap     ] GC(7) Old regions: 9->9
[2024-05-27T18:01:01.761+0000][1][gc,heap     ] GC(7) Humongous regions: 3->3
[2024-05-27T18:01:01.761+0000][1][gc,metaspace] GC(7) Metaspace: 59861K(60480K)->59861K(60480K) NonClass: 52478K(52800K)->52478K(52800K) Class: 7383K(7680K)->7383K(7680K)
[2024-05-27T18:01:01.761+0000][1][gc          ] GC(7) Pause Young (Prepare Mixed) (Metadata GC Threshold) 103M->21M(1024M) 20.165ms
[2024-05-27T18:01:01.761+0000][1][gc,cpu      ] GC(7) User=0.07s Sys=0.00s Real=0.02s
[2024-05-27T18:01:01.761+0000][1][safepoint   ] Safepoint "CollectForMetadataAllocation", Time since last: 547074260 ns, Reaching safepoint: 8786 ns, Cleanup: 47792 ns, At safepoint: 20311662 ns, Total: 20368240 ns
[2024-05-27T18:01:01.802+0000][1][gc,start    ] GC(8) Pause Young (Mixed) (Metadata GC Threshold)
[2024-05-27T18:01:01.802+0000][1][gc,task     ] GC(8) Using 4 workers of 4 for evacuation
[2024-05-27T18:01:01.802+0000][1][gc,age      ] GC(8) Desired survivor size 38273024 bytes, new threshold 15 (max threshold 15)
[2024-05-27T18:01:01.829+0000][1][gc,phases   ] GC(8)   Pre Evacuate Collection Set: 0.5ms
[2024-05-27T18:01:01.829+0000][1][gc,phases   ] GC(8)   Merge Heap Roots: 0.1ms
[2024-05-27T18:01:01.829+0000][1][gc,phases   ] GC(8)   Evacuate Collection Set: 24.1ms
[2024-05-27T18:01:01.830+0000][1][gc,phases   ] GC(8)   Post Evacuate Collection Set: 2.2ms
[2024-05-27T18:01:01.830+0000][1][gc,phases   ] GC(8)   Other: 0.1ms
[2024-05-27T18:01:01.830+0000][1][gc,age      ] GC(8) Age table with threshold 15 (max threshold 15)
[2024-05-27T18:01:01.830+0000][1][gc,age      ] GC(8) - age   1:      42448 bytes,      42448 total
[2024-05-27T18:01:01.830+0000][1][gc,age      ] GC(8) - age   2:    6907336 bytes,    6949784 total
[2024-05-27T18:01:01.830+0000][1][gc,age      ] GC(8) - age   3:     816072 bytes,    7765856 total
[2024-05-27T18:01:01.830+0000][1][gc,age      ] GC(8) - age   4:     162600 bytes,    7928456 total
[2024-05-27T18:01:01.830+0000][1][gc,age      ] GC(8) - age   5:     935040 bytes,    8863496 total
[2024-05-27T18:01:01.830+0000][1][gc,age      ] GC(8) - age   6:    1085248 bytes,    9948744 total
[2024-05-27T18:01:01.830+0000][1][gc,heap     ] GC(8) Eden regions: 2->0(582)
[2024-05-27T18:01:01.830+0000][1][gc,heap     ] GC(8) Survivor regions: 11->10(73)
[2024-05-27T18:01:01.830+0000][1][gc,heap     ] GC(8) Old regions: 9->9
[2024-05-27T18:01:01.830+0000][1][gc,heap     ] GC(8) Humongous regions: 3->3
[2024-05-27T18:01:01.830+0000][1][gc,metaspace] GC(8) Metaspace: 60230K(60800K)->60230K(60800K) NonClass: 52734K(53056K)->52734K(53056K) Class: 7495K(7744K)->7495K(7744K)
[2024-05-27T18:01:01.830+0000][1][gc          ] GC(8) Pause Young (Mixed) (Metadata GC Threshold) 23M->21M(1024M) 27.392ms
[2024-05-27T18:01:01.830+0000][1][gc,cpu      ] GC(8) User=0.08s Sys=0.00s Real=0.03s
[2024-05-27T18:01:01.830+0000][1][safepoint   ] Safepoint "CollectForMetadataAllocation", Time since last: 41176012 ns, Reaching safepoint: 8644 ns, Cleanup: 15087 ns, At safepoint: 27529740 ns, Total: 27553471 ns
[2024-05-27T18:01:01.853+0000][1][gc,start    ] GC(9) Pause Young (Concurrent Start) (Metadata GC Threshold)
[2024-05-27T18:01:01.854+0000][1][gc,task     ] GC(9) Using 4 workers of 4 for evacuation
[2024-05-27T18:01:01.854+0000][1][gc,age      ] GC(9) Desired survivor size 39321600 bytes, new threshold 15 (max threshold 15)
[2024-05-27T18:01:01.874+0000][1][gc,phases   ] GC(9)   Pre Evacuate Collection Set: 0.6ms
[2024-05-27T18:01:01.874+0000][1][gc,phases   ] GC(9)   Merge Heap Roots: 0.1ms
[2024-05-27T18:01:01.874+0000][1][gc,phases   ] GC(9)   Evacuate Collection Set: 17.7ms
[2024-05-27T18:01:01.874+0000][1][gc,phases   ] GC(9)   Post Evacuate Collection Set: 1.4ms
[2024-05-27T18:01:01.874+0000][1][gc,phases   ] GC(9)   Other: 0.2ms
[2024-05-27T18:01:01.874+0000][1][gc,age      ] GC(9) Age table with threshold 15 (max threshold 15)
[2024-05-27T18:01:01.874+0000][1][gc,age      ] GC(9) - age   1:      35488 bytes,      35488 total
[2024-05-27T18:01:01.874+0000][1][gc,age      ] GC(9) - age   2:      39792 bytes,      75280 total
[2024-05-27T18:01:01.874+0000][1][gc,age      ] GC(9) - age   3:    6907336 bytes,    6982616 total
[2024-05-27T18:01:01.874+0000][1][gc,age      ] GC(9) - age   4:     816072 bytes,    7798688 total
[2024-05-27T18:01:01.874+0000][1][gc,age      ] GC(9) - age   5:     162600 bytes,    7961288 total
[2024-05-27T18:01:01.874+0000][1][gc,age      ] GC(9) - age   6:     935040 bytes,    8896328 total
[2024-05-27T18:01:01.874+0000][1][gc,age      ] GC(9) - age   7:    1085248 bytes,    9981576 total
[2024-05-27T18:01:01.874+0000][1][gc,heap     ] GC(9) Eden regions: 1->0(603)
[2024-05-27T18:01:01.874+0000][1][gc,heap     ] GC(9) Survivor regions: 10->11(75)
[2024-05-27T18:01:01.874+0000][1][gc,heap     ] GC(9) Old regions: 9->9
[2024-05-27T18:01:01.874+0000][1][gc,heap     ] GC(9) Humongous regions: 3->3
[2024-05-27T18:01:01.874+0000][1][gc,metaspace] GC(9) Metaspace: 60511K(61120K)->60511K(61120K) NonClass: 52926K(53248K)->52926K(53248K) Class: 7585K(7872K)->7585K(7872K)
[2024-05-27T18:01:01.874+0000][1][gc          ] GC(9) Pause Young (Concurrent Start) (Metadata GC Threshold) 22M->21M(1024M) 20.475ms
[2024-05-27T18:01:01.874+0000][1][gc,cpu      ] GC(9) User=0.06s Sys=0.00s Real=0.02s
[2024-05-27T18:01:01.874+0000][1][gc          ] GC(10) Concurrent Mark Cycle
[2024-05-27T18:01:01.874+0000][1][gc,marking  ] GC(10) Concurrent Scan Root Regions
[2024-05-27T18:01:01.874+0000][1][safepoint   ] Safepoint "CollectForMetadataAllocation", Time since last: 23579738 ns, Reaching safepoint: 7698 ns, Cleanup: 5071 ns, At safepoint: 20632560 ns, Total: 20645329 ns
[2024-05-27T18:01:01.902+0000][1][gc,marking  ] GC(10) Concurrent Scan Root Regions 27.569ms
[2024-05-27T18:01:01.902+0000][1][gc,marking  ] GC(10) Concurrent Mark
[2024-05-27T18:01:01.902+0000][1][gc,marking  ] GC(10) Concurrent Mark From Roots
[2024-05-27T18:01:01.902+0000][1][gc,task     ] GC(10) Using 1 workers of 1 for marking
[2024-05-27T18:01:01.914+0000][1][gc,marking  ] GC(10) Concurrent Mark From Roots 11.782ms
[2024-05-27T18:01:01.914+0000][1][gc,marking  ] GC(10) Concurrent Preclean
[2024-05-27T18:01:01.914+0000][1][gc,marking  ] GC(10) Concurrent Preclean 0.093ms
[2024-05-27T18:01:01.917+0000][1][gc,start    ] GC(10) Pause Remark
[2024-05-27T18:01:01.927+0000][1][gc          ] GC(10) Pause Remark 22M->22M(1024M) 10.029ms
[2024-05-27T18:01:01.927+0000][1][gc,cpu      ] GC(10) User=0.02s Sys=0.01s Real=0.01s
[2024-05-27T18:01:01.927+0000][1][safepoint   ] Safepoint "G1PauseRemark", Time since last: 39632387 ns, Reaching safepoint: 3186286 ns, Cleanup: 6168 ns, At safepoint: 10180444 ns, Total: 13372898 ns
[2024-05-27T18:01:01.927+0000][1][gc,marking  ] GC(10) Concurrent Mark 25.463ms
[2024-05-27T18:01:01.927+0000][1][gc,marking  ] GC(10) Concurrent Rebuild Remembered Sets and Scrub Regions
[2024-05-27T18:01:01.932+0000][1][gc,marking  ] GC(10) Concurrent Rebuild Remembered Sets and Scrub Regions 5.075ms
[2024-05-27T18:01:01.935+0000][1][gc,start    ] GC(10) Pause Cleanup
[2024-05-27T18:01:01.935+0000][1][gc          ] GC(10) Pause Cleanup 22M->22M(1024M) 0.293ms
[2024-05-27T18:01:01.935+0000][1][gc,cpu      ] GC(10) User=0.00s Sys=0.00s Real=0.00s
[2024-05-27T18:01:01.935+0000][1][safepoint   ] Safepoint "G1PauseCleanup", Time since last: 5287187 ns, Reaching safepoint: 2130375 ns, Cleanup: 5581 ns, At safepoint: 359819 ns, Total: 2495775 ns
[2024-05-27T18:01:01.935+0000][1][gc,marking  ] GC(10) Concurrent Clear Claimed Marks
[2024-05-27T18:01:01.935+0000][1][gc,marking  ] GC(10) Concurrent Clear Claimed Marks 0.098ms
[2024-05-27T18:01:01.935+0000][1][gc,marking  ] GC(10) Concurrent Cleanup for Next Mark
[2024-05-27T18:01:01.939+0000][1][gc,marking  ] GC(10) Concurrent Cleanup for Next Mark 4.074ms
[2024-05-27T18:01:01.939+0000][1][gc          ] GC(10) Concurrent Mark Cycle 65.215ms
[2024-05-27T18:01:03.019+0000][1][safepoint   ] Safepoint "ICBufferFull", Time since last: 1083841468 ns, Reaching safepoint: 9166 ns, Cleanup: 137706 ns, At safepoint: 4283 ns, Total: 151155 ns
[2024-05-27T18:01:04.016+0000][1][safepoint   ] Safepoint "ICBufferFull", Time since last: 996812028 ns, Reaching safepoint: 11169 ns, Cleanup: 130468 ns, At safepoint: 4659 ns, Total: 146296 ns
[2024-05-27T18:01:04.875+0000][1][safepoint   ] Safepoint "ICBufferFull", Time since last: 858866776 ns, Reaching safepoint: 376551 ns, Cleanup: 135787 ns, At safepoint: 10843 ns, Total: 523181 ns
[2024-05-27T18:01:05.438+0000][1][safepoint   ] Safepoint "ICBufferFull", Time since last: 562548529 ns, Reaching safepoint: 101946 ns, Cleanup: 120750 ns, At safepoint: 12159 ns, Total: 234855 ns
[2024-05-27T18:01:05.856+0000][1][safepoint   ] Safepoint "ICBufferFull", Time since last: 417740352 ns, Reaching safepoint: 22256 ns, Cleanup: 118285 ns, At safepoint: 13517 ns, Total: 154058 ns
[2024-05-27T18:01:06.676+0000][1][safepoint   ] Safepoint "ICBufferFull", Time since last: 819729369 ns, Reaching safepoint: 111552 ns, Cleanup: 129957 ns, At safepoint: 14025 ns, Total: 255534 ns
[2024-05-27T18:01:07.700+0000][1][safepoint   ] Safepoint "Cleanup", Time since last: 1024481594 ns, Reaching safepoint: 46994 ns, Cleanup: 56648 ns, At safepoint: 6785 ns, Total: 110427 ns
[2024-05-27T18:01:08.701+0000][1][safepoint   ] Safepoint "Cleanup", Time since last: 1000431963 ns, Reaching safepoint: 35505 ns, Cleanup: 31853 ns, At safepoint: 10693 ns, Total: 78051 ns
[2024-05-27T18:01:09.701+0000][1][safepoint   ] Safepoint "Cleanup", Time since last: 1000214661 ns, Reaching safepoint: 23742 ns, Cleanup: 23389 ns, At safepoint: 5333 ns, Total: 52464 ns
[2024-05-27T18:01:10.702+0000][1][safepoint   ] Safepoint "Cleanup", Time since last: 1000420840 ns, Reaching safepoint: 35793 ns, Cleanup: 27865 ns, At safepoint: 9718 ns, Total: 73376 ns
[2024-05-27T18:01:11.702+0000][1][safepoint   ] Safepoint "Cleanup", Time since last: 1000209168 ns, Reaching safepoint: 18523 ns, Cleanup: 28926 ns, At safepoint: 3745 ns, Total: 51194 ns
[2024-05-27T18:01:12.715+0000][1][safepoint   ] Safepoint "Cleanup", Time since last: 1013264789 ns, Reaching safepoint: 36130 ns, Cleanup: 56185 ns, At safepoint: 9489 ns, Total: 101804 ns
[2024-05-27T18:01:13.197+0000][1][safepoint   ] Safepoint "ICBufferFull", Time since last: 481606053 ns, Reaching safepoint: 299930 ns, Cleanup: 107688 ns, At safepoint: 3564 ns, Total: 411182 ns
[2024-05-27T18:01:13.572+0000][1][safepoint   ] Safepoint "ICBufferFull", Time since last: 374530410 ns, Reaching safepoint: 100861 ns, Cleanup: 108603 ns, At safepoint: 6970 ns, Total: 216434 ns
[2024-05-27T18:01:14.686+0000][1][safepoint   ] Safepoint "Cleanup", Time since last: 1113325502 ns, Reaching safepoint: 30028 ns, Cleanup: 115469 ns, At safepoint: 4930 ns, Total: 150427 ns
[2024-05-27T18:01:15.686+0000][1][safepoint   ] Safepoint "Cleanup", Time since last: 1000453674 ns, Reaching safepoint: 41446 ns, Cleanup: 32841 ns, At safepoint: 10787 ns, Total: 85074 ns
[2024-05-27T18:01:17.397+0000][1][safepoint   ] Safepoint "Cleanup", Time since last: 1710635457 ns, Reaching safepoint: 37802 ns, Cleanup: 120288 ns, At safepoint: 28730 ns, Total: 186820 ns
[2024-05-27T18:01:18.398+0000][1][safepoint   ] Safepoint "Cleanup", Time since last: 1000424604 ns, Reaching safepoint: 52065 ns, Cleanup: 58569 ns, At safepoint: 8637 ns, Total: 119271 ns
[2024-05-27T18:01:20.398+0000][1][safepoint   ] Safepoint "Cleanup", Time since last: 2000789748 ns, Reaching safepoint: 36174 ns, Cleanup: 22843 ns, At safepoint: 10062 ns, Total: 69079 ns
[2024-05-27T18:01:21.399+0000][1][safepoint   ] Safepoint "Cleanup", Time since last: 1000446284 ns, Reaching safepoint: 36003 ns, Cleanup: 23671 ns, At safepoint: 9048 ns, Total: 68722 ns
[2024-05-27T18:01:23.400+0000][1][safepoint   ] Safepoint "Cleanup", Time since last: 2000582576 ns, Reaching safepoint: 33172 ns, Cleanup: 55120 ns, At safepoint: 5218 ns, Total: 93510 ns
[2024-05-27T18:01:24.400+0000][1][safepoint   ] Safepoint "Cleanup", Time since last: 1000452633 ns, Reaching safepoint: 36217 ns, Cleanup: 91434 ns, At safepoint: 7958 ns, Total: 135609 ns
[2024-05-27T18:01:25.400+0000][1][safepoint   ] Safepoint "Cleanup", Time since last: 1000212608 ns, Reaching safepoint: 29700 ns, Cleanup: 18108 ns, At safepoint: 4700 ns, Total: 52508 ns
[2024-05-27T18:01:33.402+0000][1][safepoint   ] Safepoint "Cleanup", Time since last: 8001545298 ns, Reaching safepoint: 34343 ns, Cleanup: 20934 ns, At safepoint: 8670 ns, Total: 63947 ns
[2024-05-27T18:01:34.403+0000][1][safepoint   ] Safepoint "Cleanup", Time since last: 1000859527 ns, Reaching safepoint: 30289 ns, Cleanup: 25256 ns, At safepoint: 5541 ns, Total: 61086 ns
[2024-05-27T18:01:35.403+0000][1][safepoint   ] Safepoint "Cleanup", Time since last: 1000217665 ns, Reaching safepoint: 52203 ns, Cleanup: 26485 ns, At safepoint: 5130 ns, Total: 83818 ns
[2024-05-27T18:01:37.404+0000][1][safepoint   ] Safepoint "Cleanup", Time since last: 2000795676 ns, Reaching safepoint: 42245 ns, Cleanup: 38522 ns, At safepoint: 11086 ns, Total: 91853 ns
[2024-05-27T18:01:38.405+0000][1][safepoint   ] Safepoint "Cleanup", Time since last: 1000542233 ns, Reaching safepoint: 38184 ns, Cleanup: 46036 ns, At safepoint: 8665 ns, Total: 92885 ns
[2024-05-27T18:01:39.405+0000][1][safepoint   ] Safepoint "Cleanup", Time since last: 1000228584 ns, Reaching safepoint: 41785 ns, Cleanup: 29799 ns, At safepoint: 11972 ns, Total: 83556 ns
[2024-05-27T18:01:40.885+0000][1][safepoint   ] Safepoint "ICBufferFull", Time since last: 1480003645 ns, Reaching safepoint: 111000 ns, Cleanup: 98499 ns, At safepoint: 7980 ns, Total: 217479 ns
[2024-05-27T18:01:41.886+0000][1][safepoint   ] Safepoint "Cleanup", Time since last: 1000142474 ns, Reaching safepoint: 115528 ns, Cleanup: 84759 ns, At safepoint: 10569 ns, Total: 210856 ns
[2024-05-27T18:01:42.490+0000][1][gc,start    ] GC(11) Pause Young (Normal) (G1 Evacuation Pause)
[2024-05-27T18:01:42.491+0000][1][gc,task     ] GC(11) Using 4 workers of 4 for evacuation
[2024-05-27T18:01:42.491+0000][1][gc,age      ] GC(11) Desired survivor size 40370176 bytes, new threshold 15 (max threshold 15)
[2024-05-27T18:01:42.555+0000][1][gc,phases   ] GC(11)   Pre Evacuate Collection Set: 0.5ms
[2024-05-27T18:01:42.555+0000][1][gc,phases   ] GC(11)   Merge Heap Roots: 0.2ms
[2024-05-27T18:01:42.555+0000][1][gc,phases   ] GC(11)   Evacuate Collection Set: 59.9ms
[2024-05-27T18:01:42.555+0000][1][gc,phases   ] GC(11)   Post Evacuate Collection Set: 4.0ms
[2024-05-27T18:01:42.555+0000][1][gc,phases   ] GC(11)   Other: 0.3ms
[2024-05-27T18:01:42.555+0000][1][gc,age      ] GC(11) Age table with threshold 15 (max threshold 15)
[2024-05-27T18:01:42.555+0000][1][gc,age      ] GC(11) - age   1:   42865288 bytes,   42865288 total
[2024-05-27T18:01:42.555+0000][1][gc,age      ] GC(11) - age   2:      31320 bytes,   42896608 total
[2024-05-27T18:01:42.555+0000][1][gc,age      ] GC(11) - age   3:      39792 bytes,   42936400 total
[2024-05-27T18:01:42.555+0000][1][gc,age      ] GC(11) - age   4:    6545424 bytes,   49481824 total
[2024-05-27T18:01:42.555+0000][1][gc,age      ] GC(11) - age   5:     809344 bytes,   50291168 total
[2024-05-27T18:01:42.555+0000][1][gc,age      ] GC(11) - age   6:     162568 bytes,   50453736 total
[2024-05-27T18:01:42.555+0000][1][gc,age      ] GC(11) - age   7:     932608 bytes,   51386344 total
[2024-05-27T18:01:42.556+0000][1][gc,age      ] GC(11) - age   8:    1080608 bytes,   52466952 total
[2024-05-27T18:01:42.556+0000][1][gc,heap     ] GC(11) Eden regions: 603->0(325)
[2024-05-27T18:01:42.556+0000][1][gc,heap     ] GC(11) Survivor regions: 11->51(77)
[2024-05-27T18:01:42.556+0000][1][gc,heap     ] GC(11) Old regions: 9->9
[2024-05-27T18:01:42.556+0000][1][gc,heap     ] GC(11) Humongous regions: 23->3
[2024-05-27T18:01:42.556+0000][1][gc,metaspace] GC(11) Metaspace: 86250K(87744K)->86250K(87744K) NonClass: 74878K(75712K)->74878K(75712K) Class: 11372K(12032K)->11372K(12032K)
[2024-05-27T18:01:42.556+0000][1][gc          ] GC(11) Pause Young (Normal) (G1 Evacuation Pause) 644M->62M(1024M) 65.115ms
[2024-05-27T18:01:42.556+0000][1][gc,cpu      ] GC(11) User=0.15s Sys=0.05s Real=0.06s
[2024-05-27T18:01:42.556+0000][1][safepoint   ] Safepoint "G1CollectForAllocation", Time since last: 602583039 ns, Reaching safepoint: 2108216 ns, Cleanup: 83918 ns, At safepoint: 65267028 ns, Total: 67459162 ns
[2024-05-27T18:01:43.556+0000][1][safepoint   ] Safepoint "Cleanup", Time since last: 1000112448 ns, Reaching safepoint: 107882 ns, Cleanup: 89997 ns, At safepoint: 12350 ns, Total: 210229 ns
[2024-05-27T18:01:44.556+0000][1][safepoint   ] Safepoint "Cleanup", Time since last: 1000159715 ns, Reaching safepoint: 28271 ns, Cleanup: 37345 ns, At safepoint: 6414 ns, Total: 72030 ns
[2024-05-27T18:01:45.358+0000][1][gc,start    ] GC(12) Pause Young (Normal) (G1 Evacuation Pause)
[2024-05-27T18:01:45.358+0000][1][gc,task     ] GC(12) Using 4 workers of 4 for evacuation
[2024-05-27T18:01:45.358+0000][1][gc,age      ] GC(12) Desired survivor size 25165824 bytes, new threshold 1 (max threshold 15)
[2024-05-27T18:01:45.415+0000][1][gc,phases   ] GC(12)   Pre Evacuate Collection Set: 0.5ms
[2024-05-27T18:01:45.416+0000][1][gc,phases   ] GC(12)   Merge Heap Roots: 0.2ms
[2024-05-27T18:01:45.416+0000][1][gc,phases   ] GC(12)   Evacuate Collection Set: 53.9ms
[2024-05-27T18:01:45.416+0000][1][gc,phases   ] GC(12)   Post Evacuate Collection Set: 2.3ms
[2024-05-27T18:01:45.416+0000][1][gc,phases   ] GC(12)   Other: 0.1ms
[2024-05-27T18:01:45.416+0000][1][gc,age      ] GC(12) Age table with threshold 1 (max threshold 15)
[2024-05-27T18:01:45.416+0000][1][gc,age      ] GC(12) - age   1:   16208552 bytes,   16208552 total
[2024-05-27T18:01:45.416+0000][1][gc,heap     ] GC(12) Eden regions: 331->0(467)
[2024-05-27T18:01:45.416+0000][1][gc,heap     ] GC(12) Survivor regions: 51->16(48)
[2024-05-27T18:01:45.416+0000][1][gc,heap     ] GC(12) Old regions: 9->38
[2024-05-27T18:01:45.416+0000][1][gc,heap     ] GC(12) Humongous regions: 3->3
[2024-05-27T18:01:45.416+0000][1][gc,metaspace] GC(12) Metaspace: 86513K(88000K)->86513K(88000K) NonClass: 75139K(75968K)->75139K(75968K) Class: 11374K(12032K)->11374K(12032K)
[2024-05-27T18:01:45.416+0000][1][gc          ] GC(12) Pause Young (Normal) (G1 Evacuation Pause) 393M->56M(1024M) 57.514ms
[2024-05-27T18:01:45.416+0000][1][gc,cpu      ] GC(12) User=0.21s Sys=0.01s Real=0.06s
[2024-05-27T18:01:45.416+0000][1][safepoint   ] Safepoint "G1CollectForAllocation", Time since last: 801753147 ns, Reaching safepoint: 119343 ns, Cleanup: 69459 ns, At safepoint: 57660741 ns, Total: 57849543 ns
[2024-05-27T18:01:46.416+0000][1][safepoint   ] Safepoint "Cleanup", Time since last: 1000154409 ns, Reaching safepoint: 203422 ns, Cleanup: 77007 ns, At safepoint: 30390 ns, Total: 310819 ns
[2024-05-27T18:01:47.417+0000][1][safepoint   ] Safepoint "Cleanup", Time since last: 1000345276 ns, Reaching safepoint: 30362 ns, Cleanup: 40971 ns, At safepoint: 7385 ns, Total: 78718 ns
[2024-05-27T18:01:48.417+0000][1][safepoint   ] Safepoint "Cleanup", Time since last: 1000168564 ns, Reaching safepoint: 28908 ns, Cleanup: 13466 ns, At safepoint: 4775 ns, Total: 47149 ns
[2024-05-27T18:01:49.270+0000][1][gc,start    ] GC(13) Pause Young (Normal) (G1 Evacuation Pause)
[2024-05-27T18:01:49.270+0000][1][gc,task     ] GC(13) Using 4 workers of 4 for evacuation
[2024-05-27T18:01:49.270+0000][1][gc,age      ] GC(13) Desired survivor size 32505856 bytes, new threshold 15 (max threshold 15)
[2024-05-27T18:01:49.302+0000][1][gc,phases   ] GC(13)   Pre Evacuate Collection Set: 0.5ms
[2024-05-27T18:01:49.302+0000][1][gc,phases   ] GC(13)   Merge Heap Roots: 0.2ms
[2024-05-27T18:01:49.302+0000][1][gc,phases   ] GC(13)   Evacuate Collection Set: 29.5ms
[2024-05-27T18:01:49.302+0000][1][gc,phases   ] GC(13)   Post Evacuate Collection Set: 1.7ms
[2024-05-27T18:01:49.302+0000][1][gc,phases   ] GC(13)   Other: 0.2ms
[2024-05-27T18:01:49.302+0000][1][gc,age      ] GC(13) Age table with threshold 15 (max threshold 15)
[2024-05-27T18:01:49.302+0000][1][gc,age      ] GC(13) - age   1:   14977720 bytes,   14977720 total
[2024-05-27T18:01:49.302+0000][1][gc,age      ] GC(13) - age   2:     282096 bytes,   15259816 total
[2024-05-27T18:01:49.302+0000][1][gc,heap     ] GC(13) Eden regions: 474->0(598)
[2024-05-27T18:01:49.302+0000][1][gc,heap     ] GC(13) Survivor regions: 16->16(62)
[2024-05-27T18:01:49.302+0000][1][gc,heap     ] GC(13) Old regions: 38->38
[2024-05-27T18:01:49.302+0000][1][gc,heap     ] GC(13) Humongous regions: 3->3
[2024-05-27T18:01:49.302+0000][1][gc,metaspace] GC(13) Metaspace: 86590K(88064K)->86590K(88064K) NonClass: 75214K(76032K)->75214K(76032K) Class: 11376K(12032K)->11376K(12032K)
[2024-05-27T18:01:49.302+0000][1][gc          ] GC(13) Pause Young (Normal) (G1 Evacuation Pause) 530M->56M(1024M) 32.451ms
[2024-05-27T18:01:49.303+0000][1][gc,cpu      ] GC(13) User=0.08s Sys=0.01s Real=0.03s
[2024-05-27T18:01:49.303+0000][1][safepoint   ] Safepoint "G1CollectForAllocation", Time since last: 852594686 ns, Reaching safepoint: 284824 ns, Cleanup: 123636 ns, At safepoint: 32608390 ns, Total: 33016850 ns
[2024-05-27T18:01:50.303+0000][1][safepoint   ] Safepoint "Cleanup", Time since last: 1000132557 ns, Reaching safepoint: 127461 ns, Cleanup: 101949 ns, At safepoint: 24866 ns, Total: 254276 ns
[2024-05-27T18:01:51.083+0000][1][gc,start    ] GC(14) Pause Young (Normal) (G1 Evacuation Pause)
[2024-05-27T18:01:51.083+0000][1][gc,task     ] GC(14) Using 4 workers of 4 for evacuation
[2024-05-27T18:01:51.083+0000][1][gc,age      ] GC(14) Desired survivor size 40370176 bytes, new threshold 15 (max threshold 15)
[2024-05-27T18:01:51.133+0000][1][gc,phases   ] GC(14)   Pre Evacuate Collection Set: 0.6ms
[2024-05-27T18:01:51.133+0000][1][gc,phases   ] GC(14)   Merge Heap Roots: 0.2ms
[2024-05-27T18:01:51.133+0000][1][gc,phases   ] GC(14)   Evacuate Collection Set: 46.9ms
[2024-05-27T18:01:51.133+0000][1][gc,phases   ] GC(14)   Post Evacuate Collection Set: 1.9ms
[2024-05-27T18:01:51.133+0000][1][gc,phases   ] GC(14)   Other: 0.2ms
[2024-05-27T18:01:51.133+0000][1][gc,age      ] GC(14) Age table with threshold 15 (max threshold 15)
[2024-05-27T18:01:51.133+0000][1][gc,age      ] GC(14) - age   1:   22939408 bytes,   22939408 total
[2024-05-27T18:01:51.133+0000][1][gc,age      ] GC(14) - age   2:      65576 bytes,   23004984 total
[2024-05-27T18:01:51.133+0000][1][gc,age      ] GC(14) - age   3:     265048 bytes,   23270032 total
[2024-05-27T18:01:51.133+0000][1][gc,heap     ] GC(14) Eden regions: 598->0(591)
[2024-05-27T18:01:51.133+0000][1][gc,heap     ] GC(14) Survivor regions: 16->23(77)
[2024-05-27T18:01:51.133+0000][1][gc,heap     ] GC(14) Old regions: 38->38
[2024-05-27T18:01:51.133+0000][1][gc,heap     ] GC(14) Humongous regions: 3->3
[2024-05-27T18:01:51.133+0000][1][gc,metaspace] GC(14) Metaspace: 86772K(88256K)->86772K(88256K) NonClass: 75385K(76224K)->75385K(76224K) Class: 11387K(12032K)->11387K(12032K)
[2024-05-27T18:01:51.133+0000][1][gc          ] GC(14) Pause Young (Normal) (G1 Evacuation Pause) 654M->63M(1024M) 50.233ms
[2024-05-27T18:01:51.133+0000][1][gc,cpu      ] GC(14) User=0.12s Sys=0.01s Real=0.05s
[2024-05-27T18:01:51.133+0000][1][safepoint   ] Safepoint "G1CollectForAllocation", Time since last: 779771096 ns, Reaching safepoint: 272920 ns, Cleanup: 25474 ns, At safepoint: 50373385 ns, Total: 50671779 ns
[2024-05-27T18:01:52.134+0000][1][safepoint   ] Safepoint "Cleanup", Time since last: 1000154943 ns, Reaching safepoint: 32679 ns, Cleanup: 26675 ns, At safepoint: 6885 ns, Total: 66239 ns
[2024-05-27T18:01:53.134+0000][1][safepoint   ] Safepoint "Cleanup", Time since last: 1000436004 ns, Reaching safepoint: 38193 ns, Cleanup: 38976 ns, At safepoint: 9113 ns, Total: 86282 ns
[2024-05-27T18:01:55.746+0000][1][gc,start    ] GC(15) Pause Young (Normal) (G1 Evacuation Pause)
[2024-05-27T18:01:55.746+0000][1][gc,task     ] GC(15) Using 4 workers of 4 for evacuation
[2024-05-27T18:01:55.746+0000][1][gc,age      ] GC(15) Desired survivor size 40370176 bytes, new threshold 15 (max threshold 15)
[2024-05-27T18:01:55.771+0000][1][gc,phases   ] GC(15)   Pre Evacuate Collection Set: 0.5ms
[2024-05-27T18:01:55.771+0000][1][gc,phases   ] GC(15)   Merge Heap Roots: 0.3ms
[2024-05-27T18:01:55.771+0000][1][gc,phases   ] GC(15)   Evacuate Collection Set: 21.3ms
[2024-05-27T18:01:55.771+0000][1][gc,phases   ] GC(15)   Post Evacuate Collection Set: 2.2ms
[2024-05-27T18:01:55.771+0000][1][gc,phases   ] GC(15)   Other: 0.2ms
[2024-05-27T18:01:55.771+0000][1][gc,age      ] GC(15) Age table with threshold 15 (max threshold 15)
[2024-05-27T18:01:55.771+0000][1][gc,age      ] GC(15) - age   1:   10260896 bytes,   10260896 total
[2024-05-27T18:01:55.771+0000][1][gc,age      ] GC(15) - age   2:     144552 bytes,   10405448 total
[2024-05-27T18:01:55.771+0000][1][gc,age      ] GC(15) - age   3:      61488 bytes,   10466936 total
[2024-05-27T18:01:55.771+0000][1][gc,age      ] GC(15) - age   4:     241824 bytes,   10708760 total
[2024-05-27T18:01:55.771+0000][1][gc,heap     ] GC(15) Eden regions: 591->0(602)
[2024-05-27T18:01:55.771+0000][1][gc,heap     ] GC(15) Survivor regions: 23->12(77)
[2024-05-27T18:01:55.771+0000][1][gc,heap     ] GC(15) Old regions: 38->38
[2024-05-27T18:01:55.771+0000][1][gc,heap     ] GC(15) Humongous regions: 3->3
[2024-05-27T18:01:55.771+0000][1][gc,metaspace] GC(15) Metaspace: 86833K(88320K)->86833K(88320K) NonClass: 75446K(76288K)->75446K(76288K) Class: 11387K(12032K)->11387K(12032K)
[2024-05-27T18:01:55.771+0000][1][gc          ] GC(15) Pause Young (Normal) (G1 Evacuation Pause) 654M->52M(1024M) 24.959ms
[2024-05-27T18:01:55.771+0000][1][gc,cpu      ] GC(15) User=0.04s Sys=0.00s Real=0.03s
[2024-05-27T18:01:55.771+0000][1][safepoint   ] Safepoint "G1CollectForAllocation", Time since last: 2610927607 ns, Reaching safepoint: 760333 ns, Cleanup: 100160 ns, At safepoint: 25113781 ns, Total: 25974274 ns
[2024-05-27T18:01:56.775+0000][1][safepoint   ] Safepoint "Cleanup", Time since last: 1000172521 ns, Reaching safepoint: 3384949 ns, Cleanup: 62023 ns, At safepoint: 31553 ns, Total: 3478525 ns
[2024-05-27T18:01:57.775+0000][1][safepoint   ] Safepoint "Cleanup", Time since last: 1000430562 ns, Reaching safepoint: 37901 ns, Cleanup: 64395 ns, At safepoint: 7969 ns, Total: 110265 ns
[2024-05-27T18:02:00.061+0000][1][gc,start    ] GC(16) Pause Young (Normal) (G1 Evacuation Pause)
[2024-05-27T18:02:00.061+0000][1][gc,task     ] GC(16) Using 4 workers of 4 for evacuation
[2024-05-27T18:02:00.061+0000][1][gc,age      ] GC(16) Desired survivor size 40370176 bytes, new threshold 15 (max threshold 15)
[2024-05-27T18:02:00.084+0000][1][gc,phases   ] GC(16)   Pre Evacuate Collection Set: 0.7ms
[2024-05-27T18:02:00.084+0000][1][gc,phases   ] GC(16)   Merge Heap Roots: 0.2ms
[2024-05-27T18:02:00.084+0000][1][gc,phases   ] GC(16)   Evacuate Collection Set: 20.2ms
[2024-05-27T18:02:00.085+0000][1][gc,phases   ] GC(16)   Post Evacuate Collection Set: 2.1ms
[2024-05-27T18:02:00.085+0000][1][gc,phases   ] GC(16)   Other: 0.1ms
[2024-05-27T18:02:00.085+0000][1][gc,age      ] GC(16) Age table with threshold 15 (max threshold 15)
[2024-05-27T18:02:00.085+0000][1][gc,age      ] GC(16) - age   1:   14270696 bytes,   14270696 total
[2024-05-27T18:02:00.085+0000][1][gc,age      ] GC(16) - age   2:      46000 bytes,   14316696 total
[2024-05-27T18:02:00.085+0000][1][gc,age      ] GC(16) - age   3:     128552 bytes,   14445248 total
[2024-05-27T18:02:00.085+0000][1][gc,age      ] GC(16) - age   4:      56112 bytes,   14501360 total
[2024-05-27T18:02:00.085+0000][1][gc,age      ] GC(16) - age   5:     241168 bytes,   14742528 total
[2024-05-27T18:02:00.085+0000][1][gc,heap     ] GC(16) Eden regions: 602->0(599)
[2024-05-27T18:02:00.085+0000][1][gc,heap     ] GC(16) Survivor regions: 12->15(77)
[2024-05-27T18:02:00.085+0000][1][gc,heap     ] GC(16) Old regions: 38->38
[2024-05-27T18:02:00.085+0000][1][gc,heap     ] GC(16) Humongous regions: 3->3
[2024-05-27T18:02:00.085+0000][1][gc,metaspace] GC(16) Metaspace: 86899K(88384K)->86899K(88384K) NonClass: 75512K(76352K)->75512K(76352K) Class: 11387K(12032K)->11387K(12032K)
[2024-05-27T18:02:00.085+0000][1][gc          ] GC(16) Pause Young (Normal) (G1 Evacuation Pause) 654M->55M(1024M) 23.707ms
[2024-05-27T18:02:00.085+0000][1][gc,cpu      ] GC(16) User=0.04s Sys=0.00s Real=0.02s
[2024-05-27T18:02:00.085+0000][1][safepoint   ] Safepoint "G1CollectForAllocation", Time since last: 2285585996 ns, Reaching safepoint: 111300 ns, Cleanup: 35905 ns, At safepoint: 23813988 ns, Total: 23961193 ns
[2024-05-27T18:02:01.085+0000][1][safepoint   ] Safepoint "Cleanup", Time since last: 1000114281 ns, Reaching safepoint: 36572 ns, Cleanup: 30916 ns, At safepoint: 5943 ns, Total: 73431 ns
[2024-05-27T18:02:01.838+0000][1][gc,start    ] GC(17) Pause Young (Normal) (G1 Evacuation Pause)
[2024-05-27T18:02:01.839+0000][1][gc,task     ] GC(17) Using 4 workers of 4 for evacuation
[2024-05-27T18:02:01.839+0000][1][gc,age      ] GC(17) Desired survivor size 40370176 bytes, new threshold 15 (max threshold 15)
[2024-05-27T18:02:01.864+0000][1][gc,phases   ] GC(17)   Pre Evacuate Collection Set: 0.5ms
[2024-05-27T18:02:01.864+0000][1][gc,phases   ] GC(17)   Merge Heap Roots: 0.2ms
[2024-05-27T18:02:01.864+0000][1][gc,phases   ] GC(17)   Evacuate Collection Set: 22.2ms
[2024-05-27T18:02:01.864+0000][1][gc,phases   ] GC(17)   Post Evacuate Collection Set: 2.1ms
[2024-05-27T18:02:01.864+0000][1][gc,phases   ] GC(17)   Other: 0.2ms
[2024-05-27T18:02:01.864+0000][1][gc,age      ] GC(17) Age table with threshold 15 (max threshold 15)
[2024-05-27T18:02:01.864+0000][1][gc,age      ] GC(17) - age   1:   10782696 bytes,   10782696 total
[2024-05-27T18:02:01.864+0000][1][gc,age      ] GC(17) - age   2:      99232 bytes,   10881928 total
[2024-05-27T18:02:01.864+0000][1][gc,age      ] GC(17) - age   3:      40464 bytes,   10922392 total
[2024-05-27T18:02:01.864+0000][1][gc,age      ] GC(17) - age   4:     128512 bytes,   11050904 total
[2024-05-27T18:02:01.864+0000][1][gc,age      ] GC(17) - age   5:      51896 bytes,   11102800 total
[2024-05-27T18:02:01.864+0000][1][gc,age      ] GC(17) - age   6:     241168 bytes,   11343968 total
[2024-05-27T18:02:01.864+0000][1][gc,heap     ] GC(17) Eden regions: 599->0(602)
[2024-05-27T18:02:01.864+0000][1][gc,heap     ] GC(17) Survivor regions: 15->12(77)
[2024-05-27T18:02:01.864+0000][1][gc,heap     ] GC(17) Old regions: 38->38
[2024-05-27T18:02:01.864+0000][1][gc,heap     ] GC(17) Humongous regions: 3->3
[2024-05-27T18:02:01.864+0000][1][gc,metaspace] GC(17) Metaspace: 86918K(88384K)->86918K(88384K) NonClass: 75531K(76352K)->75531K(76352K) Class: 11387K(12032K)->11387K(12032K)
[2024-05-27T18:02:01.864+0000][1][gc          ] GC(17) Pause Young (Normal) (G1 Evacuation Pause) 654M->52M(1024M) 25.743ms
[2024-05-27T18:02:01.864+0000][1][gc,cpu      ] GC(17) User=0.05s Sys=0.00s Real=0.03s
[2024-05-27T18:02:01.864+0000][1][safepoint   ] Safepoint "G1CollectForAllocation", Time since last: 753129091 ns, Reaching safepoint: 193940 ns, Cleanup: 59801 ns, At safepoint: 25936749 ns, Total: 26190490 ns
[2024-05-27T18:02:02.864+0000][1][safepoint   ] Safepoint "Cleanup", Time since last: 1000120405 ns, Reaching safepoint: 29247 ns, Cleanup: 29257 ns, At safepoint: 4884 ns, Total: 63388 ns
[2024-05-27T18:02:03.865+0000][1][safepoint   ] Safepoint "Cleanup", Time since last: 1000133280 ns, Reaching safepoint: 27084 ns, Cleanup: 16197 ns, At safepoint: 5271 ns, Total: 48552 ns
[2024-05-27T18:02:04.865+0000][1][safepoint   ] Safepoint "Cleanup", Time since last: 1000271992 ns, Reaching safepoint: 48273 ns, Cleanup: 68871 ns, At safepoint: 9554 ns, Total: 126698 ns
[2024-05-27T18:02:05.894+0000][1][safepoint   ] Safepoint "Cleanup", Time since last: 1000474105 ns, Reaching safepoint: 28848831 ns, Cleanup: 34901 ns, At safepoint: 16371 ns, Total: 28900103 ns
[2024-05-27T18:02:06.895+0000][1][safepoint   ] Safepoint "Cleanup", Time since last: 1000497116 ns, Reaching safepoint: 32650 ns, Cleanup: 24952 ns, At safepoint: 7438 ns, Total: 65040 ns
[2024-05-27T18:02:13.897+0000][1][safepoint   ] Safepoint "Cleanup", Time since last: 7002362679 ns, Reaching safepoint: 38063 ns, Cleanup: 29326 ns, At safepoint: 9105 ns, Total: 76494 ns
[2024-05-27T18:02:25.902+0000][1][safepoint   ] Safepoint "Cleanup", Time since last: 12004182173 ns, Reaching safepoint: 32908 ns, Cleanup: 23126 ns, At safepoint: 7530 ns, Total: 63564 ns
[2024-05-27T18:02:34.905+0000][1][safepoint   ] Safepoint "Cleanup", Time since last: 9003128067 ns, Reaching safepoint: 38576 ns, Cleanup: 36047 ns, At safepoint: 12034 ns, Total: 86657 ns
[2024-05-27T18:02:46.909+0000][1][safepoint   ] Safepoint "Cleanup", Time since last: 12004297903 ns, Reaching safepoint: 71647 ns, Cleanup: 18709 ns, At safepoint: 5141 ns, Total: 95497 ns
[2024-05-27T18:02:49.910+0000][1][safepoint   ] Safepoint "Cleanup", Time since last: 3001111799 ns, Reaching safepoint: 33067 ns, Cleanup: 24058 ns, At safepoint: 9354 ns, Total: 66479 ns
[2024-05-27T18:02:54.873+0000][1][safepoint   ] Safepoint "Cleanup", Time since last: 4962725895 ns, Reaching safepoint: 26334 ns, Cleanup: 24232 ns, At safepoint: 4227 ns, Total: 54793 ns
[2024-05-27T18:03:03.877+0000][1][safepoint   ] Safepoint "Cleanup", Time since last: 9003207498 ns, Reaching safepoint: 38568 ns, Cleanup: 29125 ns, At safepoint: 40668 ns, Total: 108361 ns
[2024-05-27T18:03:06.878+0000][1][safepoint   ] Safepoint "Cleanup", Time since last: 3000826495 ns, Reaching safepoint: 67668 ns, Cleanup: 22396 ns, At safepoint: 7376 ns, Total: 97440 ns
[2024-05-27T18:03:12.880+0000][1][safepoint   ] Safepoint "Cleanup", Time since last: 6001952011 ns, Reaching safepoint: 38264 ns, Cleanup: 29186 ns, At safepoint: 10896 ns, Total: 78346 ns
[2024-05-27T18:03:16.881+0000][1][safepoint   ] Safepoint "Cleanup", Time since last: 4001347370 ns, Reaching safepoint: 39048 ns, Cleanup: 32660 ns, At safepoint: 10106 ns, Total: 81814 ns
[2024-05-27T18:03:24.884+0000][1][safepoint   ] Safepoint "Cleanup", Time since last: 8002982694 ns, Reaching safepoint: 38336 ns, Cleanup: 29391 ns, At safepoint: 10377 ns, Total: 78104 ns
[2024-05-27T18:03:25.885+0000][1][safepoint   ] Safepoint "Cleanup", Time since last: 1000499660 ns, Reaching safepoint: 100918 ns, Cleanup: 39404 ns, At safepoint: 8062 ns, Total: 148384 ns
[2024-05-27T18:03:30.887+0000][1][safepoint   ] Safepoint "Cleanup", Time since last: 5001793504 ns, Reaching safepoint: 38734 ns, Cleanup: 28597 ns, At safepoint: 8857 ns, Total: 76188 ns
[2024-05-27T18:03:34.888+0000][1][safepoint   ] Safepoint "Cleanup", Time since last: 4001532613 ns, Reaching safepoint: 38057 ns, Cleanup: 31227 ns, At safepoint: 11610 ns, Total: 80894 ns
[2024-05-27T18:03:36.889+0000][1][safepoint   ] Safepoint "Cleanup", Time since last: 2000775749 ns, Reaching safepoint: 55057 ns, Cleanup: 23023 ns, At safepoint: 8291 ns, Total: 86371 ns
[2024-05-27T18:03:48.893+0000][1][safepoint   ] Safepoint "Cleanup", Time since last: 12004134818 ns, Reaching safepoint: 115125 ns, Cleanup: 28466 ns, At safepoint: 11210 ns, Total: 154801 ns
[2024-05-27T18:04:04.898+0000][1][safepoint   ] Safepoint "Cleanup", Time since last: 16004666236 ns, Reaching safepoint: 38459 ns, Cleanup: 36820 ns, At safepoint: 9958 ns, Total: 85237 ns
[2024-05-27T18:04:10.900+0000][1][safepoint   ] Safepoint "Cleanup", Time since last: 6001819020 ns, Reaching safepoint: 107671 ns, Cleanup: 26652 ns, At safepoint: 21171 ns, Total: 155494 ns
[2024-05-27T18:04:33.907+0000][1][safepoint   ] Safepoint "Cleanup", Time since last: 23006807215 ns, Reaching safepoint: 38338 ns, Cleanup: 29722 ns, At safepoint: 11104 ns, Total: 79164 ns
[2024-05-27T18:04:37.909+0000][1][safepoint   ] Safepoint "Cleanup", Time since last: 4001559919 ns, Reaching safepoint: 38785 ns, Cleanup: 85358 ns, At safepoint: 11165 ns, Total: 135308 ns
[2024-05-27T18:04:40.910+0000][1][safepoint   ] Safepoint "Cleanup", Time since last: 3001233257 ns, Reaching safepoint: 111820 ns, Cleanup: 29743 ns, At safepoint: 20026 ns, Total: 161589 ns
[2024-05-27T18:04:55.915+0000][1][safepoint   ] Safepoint "Cleanup", Time since last: 15004716423 ns, Reaching safepoint: 38419 ns, Cleanup: 28989 ns, At safepoint: 10058 ns, Total: 77466 ns
[2024-05-27T18:05:04.918+0000][1][safepoint   ] Safepoint "Cleanup", Time since last: 9003408927 ns, Reaching safepoint: 38695 ns, Cleanup: 28449 ns, At safepoint: 9698 ns, Total: 76842 ns
[2024-05-27T18:05:23.925+0000][1][safepoint   ] Safepoint "Cleanup", Time since last: 19006504383 ns, Reaching safepoint: 132505 ns, Cleanup: 28549 ns, At safepoint: 38609 ns, Total: 199663 ns
[2024-05-27T18:05:24.926+0000][1][safepoint   ] Safepoint "Cleanup", Time since last: 1000462306 ns, Reaching safepoint: 33616 ns, Cleanup: 22138 ns, At safepoint: 7538 ns, Total: 63292 ns
[2024-05-27T18:05:34.929+0000][1][safepoint   ] Safepoint "Cleanup", Time since last: 10003154991 ns, Reaching safepoint: 38435 ns, Cleanup: 43720 ns, At safepoint: 10007 ns, Total: 92162 ns
[2024-05-27T18:05:56.936+0000][1][safepoint   ] Safepoint "Cleanup", Time since last: 22007535729 ns, Reaching safepoint: 33159 ns, Cleanup: 23524 ns, At safepoint: 9136 ns, Total: 65819 ns
[2024-05-27T18:06:04.940+0000][1][safepoint   ] Safepoint "Cleanup", Time since last: 8003337128 ns, Reaching safepoint: 36487 ns, Cleanup: 88494 ns, At safepoint: 12739 ns, Total: 137720 ns
[2024-05-27T18:06:05.940+0000][1][safepoint   ] Safepoint "Cleanup", Time since last: 1000475866 ns, Reaching safepoint: 32583 ns, Cleanup: 38520 ns, At safepoint: 8699 ns, Total: 79802 ns
[2024-05-27T18:06:06.941+0000][1][safepoint   ] Safepoint "Cleanup", Time since last: 1000494671 ns, Reaching safepoint: 53661 ns, Cleanup: 48482 ns, At safepoint: 7173 ns, Total: 109316 ns
[2024-05-27T18:06:25.947+0000][1][safepoint   ] Safepoint "Cleanup", Time since last: 19005979742 ns, Reaching safepoint: 229571 ns, Cleanup: 28322 ns, At safepoint: 10098 ns, Total: 267991 ns
[2024-05-27T18:06:33.950+0000][1][safepoint   ] Safepoint "Cleanup", Time since last: 8002948261 ns, Reaching safepoint: 90917 ns, Cleanup: 21677 ns, At safepoint: 8063 ns, Total: 120657 ns
[2024-05-27T18:06:34.951+0000][1][safepoint   ] Safepoint "Cleanup", Time since last: 1000457382 ns, Reaching safepoint: 37301 ns, Cleanup: 52972 ns, At safepoint: 10024 ns, Total: 100297 ns
[2024-05-27T18:06:36.977+0000][1][safepoint   ] Safepoint "Cleanup", Time since last: 2000431884 ns, Reaching safepoint: 25864576 ns, Cleanup: 30655 ns, At safepoint: 66097 ns, Total: 25961328 ns
[2024-05-27T18:07:04.173+0000][1][safepoint   ] Safepoint "Cleanup", Time since last: 27195570004 ns, Reaching safepoint: 37625 ns, Cleanup: 28134 ns, At safepoint: 9621 ns, Total: 75380 ns
[2024-05-27T18:07:21.179+0000][1][safepoint   ] Safepoint "Cleanup", Time since last: 17005851560 ns, Reaching safepoint: 148971 ns, Cleanup: 25456 ns, At safepoint: 10434 ns, Total: 184861 ns
[2024-05-27T18:08:05.191+0000][1][safepoint   ] Safepoint "Cleanup", Time since last: 44012405941 ns, Reaching safepoint: 32611 ns, Cleanup: 35484 ns, At safepoint: 8082 ns, Total: 76177 ns
[2024-05-27T18:08:35.201+0000][1][safepoint   ] Safepoint "Cleanup", Time since last: 30009623366 ns, Reaching safepoint: 94932 ns, Cleanup: 30948 ns, At safepoint: 8621 ns, Total: 134501 ns
[2024-05-27T18:09:05.211+0000][1][safepoint   ] Safepoint "Cleanup", Time since last: 30010205654 ns, Reaching safepoint: 32475 ns, Cleanup: 22493 ns, At safepoint: 7407 ns, Total: 62375 ns
[2024-05-27T18:09:46.224+0000][1][safepoint   ] Safepoint "Cleanup", Time since last: 41012578235 ns, Reaching safepoint: 115969 ns, Cleanup: 30432 ns, At safepoint: 10372 ns, Total: 156773 ns
[2024-05-27T18:10:05.230+0000][1][safepoint   ] Safepoint "Cleanup", Time since last: 19005668332 ns, Reaching safepoint: 37324 ns, Cleanup: 26626 ns, At safepoint: 9764 ns, Total: 73714 ns
[2024-05-27T18:10:36.239+0000][1][safepoint   ] Safepoint "Cleanup", Time since last: 31009302411 ns, Reaching safepoint: 92790 ns, Cleanup: 22891 ns, At safepoint: 7871 ns, Total: 123552 ns
[2024-05-27T18:11:03.669+0000][1][safepoint   ] Safepoint "Cleanup", Time since last: 27429988330 ns, Reaching safepoint: 9464 ns, Cleanup: 9304 ns, At safepoint: 3953 ns, Total: 22721 ns
[2024-05-27T18:11:04.738+0000][1][safepoint   ] Safepoint "Cleanup", Time since last: 1068958262 ns, Reaching safepoint: 9332 ns, Cleanup: 57072 ns, At safepoint: 3920 ns, Total: 70324 ns
[2024-05-27T18:11:05.739+0000][1][safepoint   ] Safepoint "Cleanup", Time since last: 1000310803 ns, Reaching safepoint: 38810 ns, Cleanup: 90483 ns, At safepoint: 13662 ns, Total: 142955 ns
[2024-05-27T18:11:06.845+0000][1][safepoint   ] Safepoint "Cleanup", Time since last: 1106347964 ns, Reaching safepoint: 27704 ns, Cleanup: 25224 ns, At safepoint: 5401 ns, Total: 58329 ns
[2024-05-27T18:11:32.854+0000][1][safepoint   ] Safepoint "Cleanup", Time since last: 26008194190 ns, Reaching safepoint: 27753 ns, Cleanup: 44072 ns, At safepoint: 20644 ns, Total: 92469 ns
[2024-05-27T18:11:33.854+0000][1][safepoint   ] Safepoint "Cleanup", Time since last: 1000343037 ns, Reaching safepoint: 30396 ns, Cleanup: 142417 ns, At safepoint: 6740 ns, Total: 179553 ns
[2024-05-27T18:11:34.855+0000][1][safepoint   ] Safepoint "Cleanup", Time since last: 1000460980 ns, Reaching safepoint: 32230 ns, Cleanup: 24890 ns, At safepoint: 8521 ns, Total: 65641 ns
[2024-05-27T18:11:35.855+0000][1][safepoint   ] Safepoint "Cleanup", Time since last: 1000526456 ns, Reaching safepoint: 37048 ns, Cleanup: 278842 ns, At safepoint: 8691 ns, Total: 324581 ns
[2024-05-27T18:11:36.856+0000][1][safepoint   ] Safepoint "Cleanup", Time since last: 1000219981 ns, Reaching safepoint: 26521 ns, Cleanup: 39905 ns, At safepoint: 6771 ns, Total: 73197 ns
[2024-05-27T18:11:37.856+0000][1][safepoint   ] Safepoint "Cleanup", Time since last: 1000447926 ns, Reaching safepoint: 37128 ns, Cleanup: 116353 ns, At safepoint: 11607 ns, Total: 165088 ns
[2024-05-27T18:11:38.857+0000][1][safepoint   ] Safepoint "Cleanup", Time since last: 1000499784 ns, Reaching safepoint: 37143 ns, Cleanup: 69826 ns, At safepoint: 12224 ns, Total: 119193 ns
[2024-05-27T18:11:39.858+0000][1][safepoint   ] Safepoint "Cleanup", Time since last: 1000503672 ns, Reaching safepoint: 154989 ns, Cleanup: 43916 ns, At safepoint: 17105 ns, Total: 216010 ns
[2024-05-27T18:11:43.859+0000][1][safepoint   ] Safepoint "Cleanup", Time since last: 4001334292 ns, Reaching safepoint: 37160 ns, Cleanup: 79769 ns, At safepoint: 8983 ns, Total: 125912 ns
[2024-05-27T18:11:45.860+0000][1][safepoint   ] Safepoint "Cleanup", Time since last: 2000645402 ns, Reaching safepoint: 195597 ns, Cleanup: 15797 ns, At safepoint: 5938 ns, Total: 217332 ns
[2024-05-27T18:11:48.861+0000][1][safepoint   ] Safepoint "Cleanup", Time since last: 3001152835 ns, Reaching safepoint: 32065 ns, Cleanup: 44526 ns, At safepoint: 7380 ns, Total: 83971 ns
[2024-05-27T18:11:53.863+0000][1][safepoint   ] Safepoint "Cleanup", Time since last: 5001699533 ns, Reaching safepoint: 37267 ns, Cleanup: 63921 ns, At safepoint: 8236 ns, Total: 109424 ns
[2024-05-27T18:11:58.536+0000][1][safepoint   ] Safepoint "Cleanup", Time since last: 4673177662 ns, Reaching safepoint: 37155 ns, Cleanup: 57140 ns, At safepoint: 9870 ns, Total: 104165 ns
[2024-05-27T18:12:02.538+0000][1][safepoint   ] Safepoint "Cleanup", Time since last: 4001200621 ns, Reaching safepoint: 37456 ns, Cleanup: 28395 ns, At safepoint: 10809 ns, Total: 76660 ns
[2024-05-27T18:12:03.538+0000][1][safepoint   ] Safepoint "Cleanup", Time since last: 1000497198 ns, Reaching safepoint: 37249 ns, Cleanup: 59584 ns, At safepoint: 9263 ns, Total: 106096 ns
[2024-05-27T18:12:10.540+0000][1][safepoint   ] Safepoint "Cleanup", Time since last: 7002095190 ns, Reaching safepoint: 32326 ns, Cleanup: 38174 ns, At safepoint: 9204 ns, Total: 79704 ns
[2024-05-27T18:12:20.544+0000][1][safepoint   ] Safepoint "Cleanup", Time since last: 10003761402 ns, Reaching safepoint: 37340 ns, Cleanup: 45773 ns, At safepoint: 11618 ns, Total: 94731 ns
[2024-05-27T18:12:27.547+0000][1][safepoint   ] Safepoint "Cleanup", Time since last: 7002356870 ns, Reaching safepoint: 110016 ns, Cleanup: 87119 ns, At safepoint: 9764 ns, Total: 206899 ns
[2024-05-27T18:12:33.549+0000][1][safepoint   ] Safepoint "Cleanup", Time since last: 6002004695 ns, Reaching safepoint: 37657 ns, Cleanup: 39121 ns, At safepoint: 10456 ns, Total: 87234 ns
[2024-05-27T18:12:44.552+0000][1][safepoint   ] Safepoint "Cleanup", Time since last: 11003124954 ns, Reaching safepoint: 37582 ns, Cleanup: 43195 ns, At safepoint: 9217 ns, Total: 89994 ns
[2024-05-27T18:12:55.556+0000][1][safepoint   ] Safepoint "Cleanup", Time since last: 11003901227 ns, Reaching safepoint: 122252 ns, Cleanup: 28711 ns, At safepoint: 21929 ns, Total: 172892 ns
[2024-05-27T18:13:18.563+0000][1][safepoint   ] Safepoint "Cleanup", Time since last: 23007017049 ns, Reaching safepoint: 37498 ns, Cleanup: 50557 ns, At safepoint: 12090 ns, Total: 100145 ns
[2024-05-27T18:13:33.569+0000][1][safepoint   ] Safepoint "Cleanup", Time since last: 15005967426 ns, Reaching safepoint: 91282 ns, Cleanup: 38069 ns, At safepoint: 8112 ns, Total: 137463 ns
[2024-05-27T18:13:57.578+0000][1][safepoint   ] Safepoint "Cleanup", Time since last: 24007959233 ns, Reaching safepoint: 92422 ns, Cleanup: 22912 ns, At safepoint: 9510 ns, Total: 124844 ns
[2024-05-27T18:14:22.621+0000][1][safepoint   ] Safepoint "Cleanup", Time since last: 25043030843 ns, Reaching safepoint: 101291 ns, Cleanup: 28236 ns, At safepoint: 12761 ns, Total: 142288 ns
[2024-05-27T18:14:23.621+0000][1][safepoint   ] Safepoint "Cleanup", Time since last: 1000446410 ns, Reaching safepoint: 37078 ns, Cleanup: 53748 ns, At safepoint: 8586 ns, Total: 99412 ns
[2024-05-27T18:14:34.625+0000][1][safepoint   ] Safepoint "Cleanup", Time since last: 11003781122 ns, Reaching safepoint: 105676 ns, Cleanup: 39754 ns, At safepoint: 10379 ns, Total: 155809 ns
[2024-05-27T18:14:36.626+0000][1][safepoint   ] Safepoint "Cleanup", Time since last: 2000750045 ns, Reaching safepoint: 32277 ns, Cleanup: 21645 ns, At safepoint: 7849 ns, Total: 61771 ns
[2024-05-27T18:15:20.771+0000][1][safepoint   ] Safepoint "Cleanup", Time since last: 44144399534 ns, Reaching safepoint: 95559 ns, Cleanup: 22069 ns, At safepoint: 7991 ns, Total: 125619 ns
[2024-05-27T18:15:34.775+0000][1][safepoint   ] Safepoint "Cleanup", Time since last: 14004634715 ns, Reaching safepoint: 110380 ns, Cleanup: 57335 ns, At safepoint: 12081 ns, Total: 179796 ns
[2024-05-27T18:15:38.777+0000][1][safepoint   ] Safepoint "Cleanup", Time since last: 4001207995 ns, Reaching safepoint: 40023 ns, Cleanup: 18689 ns, At safepoint: 4303 ns, Total: 63015 ns
[2024-05-27T18:15:39.777+0000][1][safepoint   ] Safepoint "Cleanup", Time since last: 1000428909 ns, Reaching safepoint: 37333 ns, Cleanup: 53530 ns, At safepoint: 9026 ns, Total: 99889 ns
[2024-05-27T18:16:06.837+0000][1][safepoint   ] Safepoint "Cleanup", Time since last: 27059667467 ns, Reaching safepoint: 105702 ns, Cleanup: 28491 ns, At safepoint: 10847 ns, Total: 145040 ns
[2024-05-27T18:16:10.838+0000][1][safepoint   ] Safepoint "Cleanup", Time since last: 4001385267 ns, Reaching safepoint: 35292 ns, Cleanup: 29816 ns, At safepoint: 10454 ns, Total: 75562 ns
[2024-05-27T18:16:34.846+0000][1][safepoint   ] Safepoint "Cleanup", Time since last: 24007194182 ns, Reaching safepoint: 106340 ns, Cleanup: 58919 ns, At safepoint: 9385 ns, Total: 174644 ns
[2024-05-27T18:17:34.865+0000][1][safepoint   ] Safepoint "Cleanup", Time since last: 60018966842 ns, Reaching safepoint: 88269 ns, Cleanup: 27203 ns, At safepoint: 8419 ns, Total: 123891 ns
[2024-05-27T18:17:52.870+0000][1][safepoint   ] Safepoint "Cleanup", Time since last: 18005046785 ns, Reaching safepoint: 24957 ns, Cleanup: 52472 ns, At safepoint: 4855 ns, Total: 82284 ns
[2024-05-27T18:18:04.874+0000][1][safepoint   ] Safepoint "Cleanup", Time since last: 12004120726 ns, Reaching safepoint: 114504 ns, Cleanup: 29192 ns, At safepoint: 11592 ns, Total: 155288 ns
[2024-05-27T18:18:21.880+0000][1][safepoint   ] Safepoint "Cleanup", Time since last: 17005622840 ns, Reaching safepoint: 31875 ns, Cleanup: 47702 ns, At safepoint: 7687 ns, Total: 87264 ns
[2024-05-27T18:18:34.884+0000][1][safepoint   ] Safepoint "Cleanup", Time since last: 13004032518 ns, Reaching safepoint: 94505 ns, Cleanup: 23882 ns, At safepoint: 5380 ns, Total: 123767 ns
[2024-05-27T18:19:07.895+0000][1][safepoint   ] Safepoint "Cleanup", Time since last: 33010296349 ns, Reaching safepoint: 106755 ns, Cleanup: 30356 ns, At safepoint: 13005 ns, Total: 150116 ns
[2024-05-27T18:31:42.052+0000][1][safepoint   ] Safepoint "Cleanup", Time since last: 15643424410 ns, Reaching safepoint: 26847 ns, Cleanup: 18521 ns, At safepoint: 5303 ns, Total: 50671 ns
[2024-05-27T18:32:42.061+0000][1][safepoint   ] Safepoint "Cleanup", Time since last: 60009215979 ns, Reaching safepoint: 77424 ns, Cleanup: 19313 ns, At safepoint: 6600 ns, Total: 103337 ns
[2024-05-27T18:32:54.102+0000][1][safepoint   ] Safepoint "Cleanup", Time since last: 12040174411 ns, Reaching safepoint: 25894 ns, Cleanup: 17250 ns, At safepoint: 4654 ns, Total: 47798 ns
[2024-05-27T18:33:23.108+0000][1][safepoint   ] Safepoint "Cleanup", Time since last: 29005890564 ns, Reaching safepoint: 30943 ns, Cleanup: 25461 ns, At safepoint: 14858 ns, Total: 71262 ns
[2024-05-27T18:33:53.117+0000][1][safepoint   ] Safepoint "Cleanup", Time since last: 30009595358 ns, Reaching safepoint: 68651 ns, Cleanup: 17613 ns, At safepoint: 5501 ns, Total: 91765 ns
[2024-05-27T18:34:46.134+0000][1][safepoint   ] Safepoint "Cleanup", Time since last: 53016236016 ns, Reaching safepoint: 95229 ns, Cleanup: 23070 ns, At safepoint: 8080 ns, Total: 126379 ns
[2024-05-27T18:37:23.180+0000][1][safepoint   ] Safepoint "Cleanup", Time since last: 157046566565 ns, Reaching safepoint: 37668 ns, Cleanup: 30732 ns, At safepoint: 10694 ns, Total: 79094 ns
[2024-05-27T18:38:25.200+0000][1][safepoint   ] Safepoint "Cleanup", Time since last: 62019367128 ns, Reaching safepoint: 37603 ns, Cleanup: 28987 ns, At safepoint: 9235 ns, Total: 75825 ns
[2024-05-27T18:40:26.757+0000][1][safepoint   ] Safepoint "Cleanup", Time since last: 121036049494 ns, Reaching safepoint: 30499 ns, Cleanup: 57238 ns, At safepoint: 7577 ns, Total: 95314 ns
[2024-05-27T18:40:31.758+0000][1][safepoint   ] Safepoint "Cleanup", Time since last: 5001029176 ns, Reaching safepoint: 37391 ns, Cleanup: 96730 ns, At safepoint: 8578 ns, Total: 142699 ns
[2024-05-27T18:40:36.759+0000][1][safepoint   ] Safepoint "Cleanup", Time since last: 5001293389 ns, Reaching safepoint: 28526 ns, Cleanup: 35051 ns, At safepoint: 5072 ns, Total: 68649 ns
[2024-05-27T18:40:39.761+0000][1][safepoint   ] Safepoint "Cleanup", Time since last: 3001411190 ns, Reaching safepoint: 37453 ns, Cleanup: 58387 ns, At safepoint: 9262 ns, Total: 105102 ns
[2024-05-27T18:40:41.762+0000][1][safepoint   ] Safepoint "Cleanup", Time since last: 2000863949 ns, Reaching safepoint: 37318 ns, Cleanup: 81584 ns, At safepoint: 10709 ns, Total: 129611 ns
[2024-05-27T18:40:46.764+0000][1][safepoint   ] Safepoint "Cleanup", Time since last: 5001432845 ns, Reaching safepoint: 93811 ns, Cleanup: 48067 ns, At safepoint: 8656 ns, Total: 150534 ns
[2024-05-27T18:40:51.765+0000][1][safepoint   ] Safepoint "Cleanup", Time since last: 5001476659 ns, Reaching safepoint: 29411 ns, Cleanup: 25574 ns, At safepoint: 5737 ns, Total: 60722 ns
[2024-05-27T18:40:52.766+0000][1][safepoint   ] Safepoint "Cleanup", Time since last: 1000464332 ns, Reaching safepoint: 32676 ns, Cleanup: 23901 ns, At safepoint: 9172 ns, Total: 65749 ns
[2024-05-27T18:40:57.768+0000][1][safepoint   ] Safepoint "Cleanup", Time since last: 5001824840 ns, Reaching safepoint: 37803 ns, Cleanup: 52464 ns, At safepoint: 10761 ns, Total: 101028 ns
[2024-05-27T18:41:01.769+0000][1][safepoint   ] Safepoint "Cleanup", Time since last: 4001421861 ns, Reaching safepoint: 37449 ns, Cleanup: 28990 ns, At safepoint: 10820 ns, Total: 77259 ns
[2024-05-27T18:41:26.773+0000][1][safepoint   ] Safepoint "Cleanup", Time since last: 25003764986 ns, Reaching safepoint: 28692 ns, Cleanup: 31958 ns, At safepoint: 5759 ns, Total: 66409 ns
[2024-05-27T18:41:55.781+0000][1][safepoint   ] Safepoint "Cleanup", Time since last: 29007573661 ns, Reaching safepoint: 73396 ns, Cleanup: 18267 ns, At safepoint: 7241 ns, Total: 98904 ns
[2024-05-27T18:42:26.790+0000][1][safepoint   ] Safepoint "Cleanup", Time since last: 31009144051 ns, Reaching safepoint: 37541 ns, Cleanup: 38395 ns, At safepoint: 9099 ns, Total: 85035 ns
[2024-05-27T18:42:47.796+0000][1][safepoint   ] Safepoint "Cleanup", Time since last: 21006320557 ns, Reaching safepoint: 111809 ns, Cleanup: 29253 ns, At safepoint: 11876 ns, Total: 152938 ns
[2024-05-27T18:43:27.810+0000][1][safepoint   ] Safepoint "Cleanup", Time since last: 40013153678 ns, Reaching safepoint: 109807 ns, Cleanup: 44720 ns, At safepoint: 12132 ns, Total: 166659 ns
[2024-05-27T18:43:32.811+0000][1][safepoint   ] Safepoint "Cleanup", Time since last: 5001847509 ns, Reaching safepoint: 37597 ns, Cleanup: 29235 ns, At safepoint: 10600 ns, Total: 77432 ns
[2024-05-27T18:44:23.829+0000][1][safepoint   ] Safepoint "Cleanup", Time since last: 51017529068 ns, Reaching safepoint: 103904 ns, Cleanup: 44771 ns, At safepoint: 13966 ns, Total: 162641 ns
[2024-05-27T18:44:27.830+0000][1][safepoint   ] Safepoint "Cleanup", Time since last: 4001136538 ns, Reaching safepoint: 38403 ns, Cleanup: 27924 ns, At safepoint: 11858 ns, Total: 78185 ns
[2024-05-27T18:44:59.841+0000][1][safepoint   ] Safepoint "Cleanup", Time since last: 32010602311 ns, Reaching safepoint: 114722 ns, Cleanup: 46726 ns, At safepoint: 10816 ns, Total: 172264 ns
[2024-05-27T18:45:24.850+0000][1][safepoint   ] Safepoint "Cleanup", Time since last: 25008454028 ns, Reaching safepoint: 92164 ns, Cleanup: 21823 ns, At safepoint: 8345 ns, Total: 122332 ns
[2024-05-27T18:45:27.851+0000][1][safepoint   ] Safepoint "Cleanup", Time since last: 3001187843 ns, Reaching safepoint: 37759 ns, Cleanup: 52779 ns, At safepoint: 10812 ns, Total: 101350 ns
[2024-05-27T18:45:32.852+0000][1][safepoint   ] Safepoint "Cleanup", Time since last: 5001252072 ns, Reaching safepoint: 37902 ns, Cleanup: 35831 ns, At safepoint: 9297 ns, Total: 83030 ns
[2024-05-27T18:45:53.861+0000][1][safepoint   ] Safepoint "Cleanup", Time since last: 21008148457 ns, Reaching safepoint: 110878 ns, Cleanup: 28315 ns, At safepoint: 20356 ns, Total: 159549 ns
[2024-05-27T18:46:27.872+0000][1][safepoint   ] Safepoint "Cleanup", Time since last: 34011625231 ns, Reaching safepoint: 113282 ns, Cleanup: 38014 ns, At safepoint: 9172 ns, Total: 160468 ns
[2024-05-27T18:47:28.892+0000][1][safepoint   ] Safepoint "Cleanup", Time since last: 61019508389 ns, Reaching safepoint: 113226 ns, Cleanup: 37308 ns, At safepoint: 10494 ns, Total: 161028 ns
[2024-05-27T18:48:28.913+0000][1][safepoint   ] Safepoint "Cleanup", Time since last: 60020521589 ns, Reaching safepoint: 109965 ns, Cleanup: 49366 ns, At safepoint: 10819 ns, Total: 170150 ns
[2024-05-27T18:49:12.928+0000][1][safepoint   ] Safepoint "Cleanup", Time since last: 44014994855 ns, Reaching safepoint: 109888 ns, Cleanup: 30728 ns, At safepoint: 10640 ns, Total: 151256 ns
[2024-05-27T18:49:19.930+0000][1][safepoint   ] Safepoint "Cleanup", Time since last: 7002041888 ns, Reaching safepoint: 34640 ns, Cleanup: 73674 ns, At safepoint: 9361 ns, Total: 117675 ns
[2024-05-27T18:49:28.934+0000][1][safepoint   ] Safepoint "Cleanup", Time since last: 9003879336 ns, Reaching safepoint: 105865 ns, Cleanup: 32885 ns, At safepoint: 10532 ns, Total: 149282 ns
[2024-05-27T18:50:28.954+0000][1][safepoint   ] Safepoint "Cleanup", Time since last: 60019569693 ns, Reaching safepoint: 102971 ns, Cleanup: 32148 ns, At safepoint: 8788 ns, Total: 143907 ns
[2024-05-27T18:51:23.969+0000][1][safepoint   ] Safepoint "Cleanup", Time since last: 55015414835 ns, Reaching safepoint: 36148 ns, Cleanup: 62526 ns, At safepoint: 6628 ns, Total: 105302 ns
[2024-05-27T18:51:28.971+0000][1][safepoint   ] Safepoint "Cleanup", Time since last: 5001709666 ns, Reaching safepoint: 37635 ns, Cleanup: 45387 ns, At safepoint: 9318 ns, Total: 92340 ns
[2024-05-27T18:51:29.972+0000][1][safepoint   ] Safepoint "Cleanup", Time since last: 1000573640 ns, Reaching safepoint: 54088 ns, Cleanup: 47611 ns, At safepoint: 9310 ns, Total: 111009 ns
[2024-05-27T18:51:53.980+0000][1][safepoint   ] Safepoint "Cleanup", Time since last: 24008286931 ns, Reaching safepoint: 114073 ns, Cleanup: 26748 ns, At safepoint: 10329 ns, Total: 151150 ns
[2024-05-27T18:52:52.998+0000][1][safepoint   ] Safepoint "Cleanup", Time since last: 59017848972 ns, Reaching safepoint: 109288 ns, Cleanup: 28042 ns, At safepoint: 21676 ns, Total: 159006 ns
[2024-05-27T18:52:53.999+0000][1][safepoint   ] Safepoint "Cleanup", Time since last: 1000245062 ns, Reaching safepoint: 37271 ns, Cleanup: 32764 ns, At safepoint: 8746 ns, Total: 78781 ns
[2024-05-27T18:53:26.004+0000][1][safepoint   ] Safepoint "Cleanup", Time since last: 32005140473 ns, Reaching safepoint: 37828 ns, Cleanup: 26167 ns, At safepoint: 9172 ns, Total: 73167 ns
[2024-05-27T18:54:52.029+0000][1][safepoint   ] Safepoint "Cleanup", Time since last: 86024781432 ns, Reaching safepoint: 76560 ns, Cleanup: 20020 ns, At safepoint: 5946 ns, Total: 102526 ns
[2024-05-27T18:56:13.055+0000][1][safepoint   ] Safepoint "Cleanup", Time since last: 81025730643 ns, Reaching safepoint: 109154 ns, Cleanup: 27166 ns, At safepoint: 9924 ns, Total: 146244 ns
[2024-05-27T18:57:24.079+0000][1][safepoint   ] Safepoint "Cleanup", Time since last: 71024316970 ns, Reaching safepoint: 153374 ns, Cleanup: 27333 ns, At safepoint: 21412 ns, Total: 202119 ns
[2024-05-27T18:58:26.098+0000][1][safepoint   ] Safepoint "Cleanup", Time since last: 62019030407 ns, Reaching safepoint: 90596 ns, Cleanup: 22641 ns, At safepoint: 8950 ns, Total: 122187 ns
[2024-05-27T19:00:24.135+0000][1][safepoint   ] Safepoint "Cleanup", Time since last: 118036197670 ns, Reaching safepoint: 37049 ns, Cleanup: 27634 ns, At safepoint: 11874 ns, Total: 76557 ns
[2024-05-27T19:00:54.145+0000][1][safepoint   ] Safepoint "Cleanup", Time since last: 30009928032 ns, Reaching safepoint: 80080 ns, Cleanup: 20547 ns, At safepoint: 9928 ns, Total: 110555 ns
[2024-05-28T01:13:21.078+0000][1][safepoint   ] Safepoint "Cleanup", Time since last: 150269756430 ns, Reaching safepoint: 22639 ns, Cleanup: 18246 ns, At safepoint: 4954 ns, Total: 45839 ns
[2024-05-28T01:18:20.470+0000][1][safepoint   ] Safepoint "Cleanup", Time since last: 299392020655 ns, Reaching safepoint: 37046 ns, Cleanup: 30811 ns, At safepoint: 9046 ns, Total: 76903 ns
[2024-05-28T01:18:21.470+0000][1][safepoint   ] Safepoint "Cleanup", Time since last: 1000487850 ns, Reaching safepoint: 32477 ns, Cleanup: 23400 ns, At safepoint: 7790 ns, Total: 63667 ns
[2024-05-28T01:18:22.471+0000][1][safepoint   ] Safepoint "Cleanup", Time since last: 1000469113 ns, Reaching safepoint: 37182 ns, Cleanup: 42747 ns, At safepoint: 11834 ns, Total: 91763 ns
[2024-05-28T01:21:25.530+0000][1][safepoint   ] Safepoint "Cleanup", Time since last: 183058518857 ns, Reaching safepoint: 114628 ns, Cleanup: 25678 ns, At safepoint: 9607 ns, Total: 149913 ns
[2024-05-28T01:21:30.532+0000][1][safepoint   ] Safepoint "Cleanup", Time since last: 5001963800 ns, Reaching safepoint: 37771 ns, Cleanup: 29077 ns, At safepoint: 9650 ns, Total: 76498 ns
[2024-05-28T01:23:20.568+0000][1][safepoint   ] Safepoint "Cleanup", Time since last: 110036228866 ns, Reaching safepoint: 115431 ns, Cleanup: 31410 ns, At safepoint: 11670 ns, Total: 158511 ns
[2024-05-28T01:24:50.600+0000][1][safepoint   ] Safepoint "Cleanup", Time since last: 90031630332 ns, Reaching safepoint: 105448 ns, Cleanup: 16365 ns, At safepoint: 8994 ns, Total: 130807 ns
[2024-05-28T01:26:50.638+0000][1][safepoint   ] Safepoint "Cleanup", Time since last: 120038332119 ns, Reaching safepoint: 111300 ns, Cleanup: 27197 ns, At safepoint: 11402 ns, Total: 149899 ns
[2024-05-28T01:27:30.652+0000][1][safepoint   ] Safepoint "Cleanup", Time since last: 40013017279 ns, Reaching safepoint: 110730 ns, Cleanup: 27913 ns, At safepoint: 27736 ns, Total: 166379 ns
[2024-05-28T01:27:50.658+0000][1][safepoint   ] Safepoint "Cleanup", Time since last: 20006543683 ns, Reaching safepoint: 32834 ns, Cleanup: 26103 ns, At safepoint: 8218 ns, Total: 67155 ns
[2024-05-28T01:31:01.158+0000][1][safepoint   ] Safepoint "Cleanup", Time since last: 190059331510 ns, Reaching safepoint: 110805 ns, Cleanup: 27535 ns, At safepoint: 21444 ns, Total: 159784 ns
[2024-05-28T20:26:46.331+0000][1][safepoint   ] Safepoint "Cleanup", Time since last: 140810701807 ns, Reaching safepoint: 28107 ns, Cleanup: 31505 ns, At safepoint: 5121 ns, Total: 64733 ns
[2024-05-28T20:26:47.332+0000][1][safepoint   ] Safepoint "Cleanup", Time since last: 1000251124 ns, Reaching safepoint: 24642 ns, Cleanup: 19168 ns, At safepoint: 4756 ns, Total: 48566 ns
[2024-05-28T20:28:55.926+0000][1][safepoint   ] Safepoint "Cleanup", Time since last: 128594523165 ns, Reaching safepoint: 79074 ns, Cleanup: 24164 ns, At safepoint: 9336 ns, Total: 112574 ns
[2024-05-28T20:29:40.939+0000][1][safepoint   ] Safepoint "Cleanup", Time since last: 45012154581 ns, Reaching safepoint: 37584 ns, Cleanup: 29317 ns, At safepoint: 9474 ns, Total: 76375 ns
[2024-05-28T20:29:46.940+0000][1][safepoint   ] Safepoint "Cleanup", Time since last: 6001553857 ns, Reaching safepoint: 60206 ns, Cleanup: 19141 ns, At safepoint: 24298 ns, Total: 103645 ns
[2024-05-28T20:29:50.679+0000][1][safepoint   ] Safepoint "Cleanup", Time since last: 3738307530 ns, Reaching safepoint: 12843 ns, Cleanup: 56282 ns, At safepoint: 6693 ns, Total: 75818 ns
[2024-05-28T20:29:50.900+0000][1][gc,heap,exit] Heap
[2024-05-28T20:29:50.900+0000][1][gc,heap,exit]  garbage-first heap   total 1048576K, used 544874K [0x00000000c0000000, 0x0000000100000000)
[2024-05-28T20:29:50.900+0000][1][gc,heap,exit]   region size 1024K, 482 young (493568K), 12 survivors (12288K)
[2024-05-28T20:29:50.900+0000][1][gc,heap,exit]  Metaspace       used 92875K, committed 94464K, reserved 1179648K
[2024-05-28T20:29:50.900+0000][1][gc,heap,exit]   class space    used 11946K, committed 12672K, reserved 1048576K
