[2024-05-18T19:30:46.475+0000][1][gc,init] CardTable entry size: 512
[2024-05-18T19:30:46.476+0000][1][gc     ] Using G1
[2024-05-18T19:30:46.501+0000][1][gc,init] Version: 21.0.3+9-LTS (release)
[2024-05-18T19:30:46.501+0000][1][gc,init] CPUs: 4 total, 4 available
[2024-05-18T19:30:46.501+0000][1][gc,init] Memory: 3458M
[2024-05-18T19:30:46.501+0000][1][gc,init] Large Page Support: Disabled
[2024-05-18T19:30:46.501+0000][1][gc,init] NUMA Support: Disabled
[2024-05-18T19:30:46.501+0000][1][gc,init] Compressed Oops: Enabled (32-bit)
[2024-05-18T19:30:46.501+0000][1][gc,init] Heap Region Size: 1M
[2024-05-18T19:30:46.501+0000][1][gc,init] Heap Min Capacity: 1G
[2024-05-18T19:30:46.501+0000][1][gc,init] Heap Initial Capacity: 1G
[2024-05-18T19:30:46.501+0000][1][gc,init] Heap Max Capacity: 1G
[2024-05-18T19:30:46.501+0000][1][gc,init] Pre-touch: Disabled
[2024-05-18T19:30:46.501+0000][1][gc,init] Parallel Workers: 4
[2024-05-18T19:30:46.501+0000][1][gc,init] Concurrent Workers: 1
[2024-05-18T19:30:46.501+0000][1][gc,init] Concurrent Refinement Workers: 4
[2024-05-18T19:30:46.501+0000][1][gc,init] Periodic GC: Disabled
[2024-05-18T19:30:46.503+0000][1][gc,metaspace] CDS archive(s) not mapped
[2024-05-18T19:30:46.503+0000][1][gc,metaspace] Compressed class space mapped at: 0x0000000100000000-0x0000000140000000, reserved size: 1073741824
[2024-05-18T19:30:46.503+0000][1][gc,metaspace] Narrow klass base: 0x0000000000000000, Narrow klass shift: 3, Narrow klass range: 0x140000000
[2024-05-18T19:30:47.705+0000][1][safepoint   ] Safepoint "Cleanup", Time since last: 1096875739 ns, Reaching safepoint: 4321 ns, Cleanup: 34430 ns, At safepoint: 3642 ns, Total: 42393 ns
[2024-05-18T19:30:48.957+0000][1][safepoint   ] Safepoint "Cleanup", Time since last: 1252186643 ns, Reaching safepoint: 4843 ns, Cleanup: 62844 ns, At safepoint: 3071 ns, Total: 70758 ns
[2024-05-18T19:30:49.690+0000][1][gc,start    ] GC(0) Pause Young (Concurrent Start) (Metadata GC Threshold)
[2024-05-18T19:30:49.691+0000][1][gc,task     ] GC(0) Using 4 workers of 4 for evacuation
[2024-05-18T19:30:49.691+0000][1][gc,age      ] GC(0) Desired survivor size 3670016 bytes, new threshold 15 (max threshold 15)
[2024-05-18T19:30:49.708+0000][1][gc,phases   ] GC(0)   Pre Evacuate Collection Set: 0.5ms
[2024-05-18T19:30:49.709+0000][1][gc,phases   ] GC(0)   Merge Heap Roots: 0.1ms
[2024-05-18T19:30:49.709+0000][1][gc,phases   ] GC(0)   Evacuate Collection Set: 15.3ms
[2024-05-18T19:30:49.709+0000][1][gc,phases   ] GC(0)   Post Evacuate Collection Set: 1.3ms
[2024-05-18T19:30:49.709+0000][1][gc,phases   ] GC(0)   Other: 0.7ms
[2024-05-18T19:30:49.709+0000][1][gc,age      ] GC(0) Age table with threshold 15 (max threshold 15)
[2024-05-18T19:30:49.709+0000][1][gc,age      ] GC(0) - age   1:    6748040 bytes,    6748040 total
[2024-05-18T19:30:49.709+0000][1][gc,heap     ] GC(0) Eden regions: 41->0(44)
[2024-05-18T19:30:49.709+0000][1][gc,heap     ] GC(0) Survivor regions: 0->7(7)
[2024-05-18T19:30:49.709+0000][1][gc,heap     ] GC(0) Old regions: 0->2
[2024-05-18T19:30:49.710+0000][1][gc,heap     ] GC(0) Humongous regions: 3->3
[2024-05-18T19:30:49.710+0000][1][gc,metaspace] GC(0) Metaspace: 21259K(21504K)->21259K(21504K) NonClass: 19015K(19136K)->19015K(19136K) Class: 2244K(2368K)->2244K(2368K)
[2024-05-18T19:30:49.710+0000][1][gc          ] GC(0) Pause Young (Concurrent Start) (Metadata GC Threshold) 44M->11M(1024M) 19.441ms
[2024-05-18T19:30:49.710+0000][1][gc,cpu      ] GC(0) User=0.04s Sys=0.00s Real=0.02s
[2024-05-18T19:30:49.710+0000][1][safepoint   ] Safepoint "CollectForMetadataAllocation", Time since last: 732849674 ns, Reaching safepoint: 6720 ns, Cleanup: 103976 ns, At safepoint: 19778936 ns, Total: 19889632 ns
[2024-05-18T19:30:49.710+0000][1][gc          ] GC(1) Concurrent Mark Cycle
[2024-05-18T19:30:49.711+0000][1][gc,marking  ] GC(1) Concurrent Scan Root Regions
[2024-05-18T19:30:49.714+0000][1][gc,marking  ] GC(1) Concurrent Scan Root Regions 3.712ms
[2024-05-18T19:30:49.715+0000][1][gc,marking  ] GC(1) Concurrent Mark
[2024-05-18T19:30:49.715+0000][1][gc,marking  ] GC(1) Concurrent Mark From Roots
[2024-05-18T19:30:49.715+0000][1][gc,task     ] GC(1) Using 1 workers of 1 for marking
[2024-05-18T19:30:49.716+0000][1][gc,marking  ] GC(1) Concurrent Mark From Roots 1.093ms
[2024-05-18T19:30:49.716+0000][1][gc,marking  ] GC(1) Concurrent Preclean
[2024-05-18T19:30:49.716+0000][1][gc,marking  ] GC(1) Concurrent Preclean 0.111ms
[2024-05-18T19:30:49.717+0000][1][gc,start    ] GC(1) Pause Remark
[2024-05-18T19:30:49.719+0000][1][gc          ] GC(1) Pause Remark 12M->12M(1024M) 2.384ms
[2024-05-18T19:30:49.719+0000][1][gc,cpu      ] GC(1) User=0.00s Sys=0.00s Real=0.00s
[2024-05-18T19:30:49.719+0000][1][safepoint   ] Safepoint "G1PauseRemark", Time since last: 6134197 ns, Reaching safepoint: 349225 ns, Cleanup: 14050 ns, At safepoint: 2517913 ns, Total: 2881188 ns
[2024-05-18T19:30:49.719+0000][1][gc,marking  ] GC(1) Concurrent Mark 4.584ms
[2024-05-18T19:30:49.719+0000][1][gc,marking  ] GC(1) Concurrent Rebuild Remembered Sets and Scrub Regions
[2024-05-18T19:30:49.724+0000][1][gc,marking  ] GC(1) Concurrent Rebuild Remembered Sets and Scrub Regions 4.604ms
[2024-05-18T19:30:49.724+0000][1][gc,start    ] GC(1) Pause Cleanup
[2024-05-18T19:30:49.724+0000][1][gc          ] GC(1) Pause Cleanup 12M->12M(1024M) 0.240ms
[2024-05-18T19:30:49.724+0000][1][gc,cpu      ] GC(1) User=0.00s Sys=0.00s Real=0.00s
[2024-05-18T19:30:49.725+0000][1][safepoint   ] Safepoint "G1PauseCleanup", Time since last: 4942409 ns, Reaching safepoint: 7161 ns, Cleanup: 4166 ns, At safepoint: 477910 ns, Total: 489237 ns
[2024-05-18T19:30:49.725+0000][1][gc,marking  ] GC(1) Concurrent Clear Claimed Marks
[2024-05-18T19:30:49.725+0000][1][gc,marking  ] GC(1) Concurrent Clear Claimed Marks 0.043ms
[2024-05-18T19:30:49.725+0000][1][gc,marking  ] GC(1) Concurrent Cleanup for Next Mark
[2024-05-18T19:30:49.736+0000][1][gc,marking  ] GC(1) Concurrent Cleanup for Next Mark 11.179ms
[2024-05-18T19:30:49.736+0000][1][gc          ] GC(1) Concurrent Mark Cycle 25.997ms
[2024-05-18T19:30:50.565+0000][1][gc,start    ] GC(2) Pause Young (Normal) (G1 Evacuation Pause)
[2024-05-18T19:30:50.565+0000][1][gc,task     ] GC(2) Using 4 workers of 4 for evacuation
[2024-05-18T19:30:50.565+0000][1][gc,age      ] GC(2) Desired survivor size 3670016 bytes, new threshold 1 (max threshold 15)
[2024-05-18T19:30:50.572+0000][1][gc,phases   ] GC(2)   Pre Evacuate Collection Set: 0.3ms
[2024-05-18T19:30:50.572+0000][1][gc,phases   ] GC(2)   Merge Heap Roots: 0.1ms
[2024-05-18T19:30:50.572+0000][1][gc,phases   ] GC(2)   Evacuate Collection Set: 6.0ms
[2024-05-18T19:30:50.572+0000][1][gc,phases   ] GC(2)   Post Evacuate Collection Set: 0.9ms
[2024-05-18T19:30:50.572+0000][1][gc,phases   ] GC(2)   Other: 0.1ms
[2024-05-18T19:30:50.573+0000][1][gc,age      ] GC(2) Age table with threshold 1 (max threshold 15)
[2024-05-18T19:30:50.573+0000][1][gc,age      ] GC(2) - age   1:    1220936 bytes,    1220936 total
[2024-05-18T19:30:50.573+0000][1][gc,heap     ] GC(2) Eden regions: 44->0(49)
[2024-05-18T19:30:50.573+0000][1][gc,heap     ] GC(2) Survivor regions: 7->2(7)
[2024-05-18T19:30:50.573+0000][1][gc,heap     ] GC(2) Old regions: 2->9
[2024-05-18T19:30:50.573+0000][1][gc,heap     ] GC(2) Humongous regions: 3->3
[2024-05-18T19:30:50.573+0000][1][gc,metaspace] GC(2) Metaspace: 28554K(28928K)->28554K(28928K) NonClass: 25495K(25728K)->25495K(25728K) Class: 3059K(3200K)->3059K(3200K)
[2024-05-18T19:30:50.573+0000][1][gc          ] GC(2) Pause Young (Normal) (G1 Evacuation Pause) 55M->12M(1024M) 7.763ms
[2024-05-18T19:30:50.573+0000][1][gc,cpu      ] GC(2) User=0.02s Sys=0.00s Real=0.00s
[2024-05-18T19:30:50.573+0000][1][safepoint   ] Safepoint "G1CollectForAllocation", Time since last: 840193455 ns, Reaching safepoint: 9925 ns, Cleanup: 94010 ns, At safepoint: 7836821 ns, Total: 7940756 ns
[2024-05-18T19:30:51.169+0000][1][gc,start    ] GC(3) Pause Young (Normal) (G1 Evacuation Pause)
[2024-05-18T19:30:51.169+0000][1][gc,task     ] GC(3) Using 4 workers of 4 for evacuation
[2024-05-18T19:30:51.169+0000][1][gc,age      ] GC(3) Desired survivor size 3670016 bytes, new threshold 15 (max threshold 15)
[2024-05-18T19:30:51.178+0000][1][gc,phases   ] GC(3)   Pre Evacuate Collection Set: 0.5ms
[2024-05-18T19:30:51.178+0000][1][gc,phases   ] GC(3)   Merge Heap Roots: 0.1ms
[2024-05-18T19:30:51.178+0000][1][gc,phases   ] GC(3)   Evacuate Collection Set: 7.4ms
[2024-05-18T19:30:51.178+0000][1][gc,phases   ] GC(3)   Post Evacuate Collection Set: 0.9ms
[2024-05-18T19:30:51.178+0000][1][gc,phases   ] GC(3)   Other: 0.1ms
[2024-05-18T19:30:51.178+0000][1][gc,age      ] GC(3) Age table with threshold 15 (max threshold 15)
[2024-05-18T19:30:51.178+0000][1][gc,age      ] GC(3) - age   1:    3955960 bytes,    3955960 total
[2024-05-18T19:30:51.178+0000][1][gc,age      ] GC(3) - age   2:    1154088 bytes,    5110048 total
[2024-05-18T19:30:51.178+0000][1][gc,heap     ] GC(3) Eden regions: 52->0(103)
[2024-05-18T19:30:51.178+0000][1][gc,heap     ] GC(3) Survivor regions: 2->6(7)
[2024-05-18T19:30:51.178+0000][1][gc,heap     ] GC(3) Old regions: 9->9
[2024-05-18T19:30:51.178+0000][1][gc,heap     ] GC(3) Humongous regions: 3->3
[2024-05-18T19:30:51.178+0000][1][gc,metaspace] GC(3) Metaspace: 32677K(33088K)->32677K(33088K) NonClass: 29044K(29312K)->29044K(29312K) Class: 3632K(3776K)->3632K(3776K)
[2024-05-18T19:30:51.178+0000][1][gc          ] GC(3) Pause Young (Normal) (G1 Evacuation Pause) 64M->16M(1024M) 9.248ms
[2024-05-18T19:30:51.178+0000][1][gc,cpu      ] GC(3) User=0.03s Sys=0.01s Real=0.01s
[2024-05-18T19:30:51.178+0000][1][safepoint   ] Safepoint "G1CollectForAllocation", Time since last: 596174593 ns, Reaching safepoint: 8276 ns, Cleanup: 103952 ns, At safepoint: 9323510 ns, Total: 9435738 ns
[2024-05-18T19:30:51.828+0000][1][gc,start    ] GC(4) Pause Young (Normal) (G1 Evacuation Pause)
[2024-05-18T19:30:51.828+0000][1][gc,task     ] GC(4) Using 4 workers of 4 for evacuation
[2024-05-18T19:30:51.828+0000][1][gc,age      ] GC(4) Desired survivor size 7864320 bytes, new threshold 15 (max threshold 15)
[2024-05-18T19:30:51.844+0000][1][gc,phases   ] GC(4)   Pre Evacuate Collection Set: 0.7ms
[2024-05-18T19:30:51.844+0000][1][gc,phases   ] GC(4)   Merge Heap Roots: 0.1ms
[2024-05-18T19:30:51.844+0000][1][gc,phases   ] GC(4)   Evacuate Collection Set: 13.4ms
[2024-05-18T19:30:51.844+0000][1][gc,phases   ] GC(4)   Post Evacuate Collection Set: 1.4ms
[2024-05-18T19:30:51.844+0000][1][gc,phases   ] GC(4)   Other: 0.1ms
[2024-05-18T19:30:51.844+0000][1][gc,age      ] GC(4) Age table with threshold 15 (max threshold 15)
[2024-05-18T19:30:51.845+0000][1][gc,age      ] GC(4) - age   1:    6043400 bytes,    6043400 total
[2024-05-18T19:30:51.845+0000][1][gc,age      ] GC(4) - age   2:     989592 bytes,    7032992 total
[2024-05-18T19:30:51.845+0000][1][gc,age      ] GC(4) - age   3:    1154056 bytes,    8187048 total
[2024-05-18T19:30:51.845+0000][1][gc,heap     ] GC(4) Eden regions: 113->0(605)
[2024-05-18T19:30:51.845+0000][1][gc,heap     ] GC(4) Survivor regions: 6->9(15)
[2024-05-18T19:30:51.845+0000][1][gc,heap     ] GC(4) Old regions: 9->9
[2024-05-18T19:30:51.845+0000][1][gc,heap     ] GC(4) Humongous regions: 3->3
[2024-05-18T19:30:51.845+0000][1][gc,metaspace] GC(4) Metaspace: 32883K(33280K)->32883K(33280K) NonClass: 29238K(29504K)->29238K(29504K) Class: 3645K(3776K)->3645K(3776K)
[2024-05-18T19:30:51.845+0000][1][gc          ] GC(4) Pause Young (Normal) (G1 Evacuation Pause) 129M->19M(1024M) 17.406ms
[2024-05-18T19:30:51.845+0000][1][gc,cpu      ] GC(4) User=0.05s Sys=0.00s Real=0.02s
[2024-05-18T19:30:51.846+0000][1][safepoint   ] Safepoint "G1CollectForAllocation", Time since last: 649591558 ns, Reaching safepoint: 9542 ns, Cleanup: 41619 ns, At safepoint: 17661673 ns, Total: 17712834 ns
[2024-05-18T19:30:52.379+0000][1][gc,start    ] GC(5) Pause Young (Concurrent Start) (Metadata GC Threshold)
[2024-05-18T19:30:52.379+0000][1][gc,task     ] GC(5) Using 4 workers of 4 for evacuation
[2024-05-18T19:30:52.379+0000][1][gc,age      ] GC(5) Desired survivor size 40370176 bytes, new threshold 15 (max threshold 15)
[2024-05-18T19:30:52.392+0000][1][gc,phases   ] GC(5)   Pre Evacuate Collection Set: 0.4ms
[2024-05-18T19:30:52.392+0000][1][gc,phases   ] GC(5)   Merge Heap Roots: 0.1ms
[2024-05-18T19:30:52.392+0000][1][gc,phases   ] GC(5)   Evacuate Collection Set: 6.8ms
[2024-05-18T19:30:52.392+0000][1][gc,phases   ] GC(5)   Post Evacuate Collection Set: 5.2ms
[2024-05-18T19:30:52.392+0000][1][gc,phases   ] GC(5)   Other: 0.1ms
[2024-05-18T19:30:52.392+0000][1][gc,age      ] GC(5) Age table with threshold 15 (max threshold 15)
[2024-05-18T19:30:52.393+0000][1][gc,age      ] GC(5) - age   1:     930272 bytes,     930272 total
[2024-05-18T19:30:52.393+0000][1][gc,age      ] GC(5) - age   2:     166064 bytes,    1096336 total
[2024-05-18T19:30:52.393+0000][1][gc,age      ] GC(5) - age   3:     986576 bytes,    2082912 total
[2024-05-18T19:30:52.393+0000][1][gc,age      ] GC(5) - age   4:    1119120 bytes,    3202032 total
[2024-05-18T19:30:52.393+0000][1][gc,heap     ] GC(5) Eden regions: 64->0(610)
[2024-05-18T19:30:52.393+0000][1][gc,heap     ] GC(5) Survivor regions: 9->4(77)
[2024-05-18T19:30:52.393+0000][1][gc,heap     ] GC(5) Old regions: 9->9
[2024-05-18T19:30:52.393+0000][1][gc,heap     ] GC(5) Humongous regions: 3->3
[2024-05-18T19:30:52.393+0000][1][gc,metaspace] GC(5) Metaspace: 35515K(35968K)->35515K(35968K) NonClass: 31446K(31680K)->31446K(31680K) Class: 4068K(4288K)->4068K(4288K)
[2024-05-18T19:30:52.394+0000][1][gc          ] GC(5) Pause Young (Concurrent Start) (Metadata GC Threshold) 83M->15M(1024M) 14.470ms
[2024-05-18T19:30:52.394+0000][1][gc,cpu      ] GC(5) User=0.03s Sys=0.01s Real=0.01s
[2024-05-18T19:30:52.394+0000][1][gc          ] GC(6) Concurrent Mark Cycle
[2024-05-18T19:30:52.394+0000][1][gc,marking  ] GC(6) Concurrent Scan Root Regions
[2024-05-18T19:30:52.395+0000][1][safepoint   ] Safepoint "CollectForMetadataAllocation", Time since last: 533349579 ns, Reaching safepoint: 9682 ns, Cleanup: 81435 ns, At safepoint: 16083848 ns, Total: 16174965 ns
[2024-05-18T19:30:52.398+0000][1][gc,marking  ] GC(6) Concurrent Scan Root Regions 4.371ms
[2024-05-18T19:30:52.404+0000][1][gc,marking  ] GC(6) Concurrent Mark
[2024-05-18T19:30:52.404+0000][1][gc,marking  ] GC(6) Concurrent Mark From Roots
[2024-05-18T19:30:52.404+0000][1][gc,task     ] GC(6) Using 1 workers of 1 for marking
[2024-05-18T19:30:52.421+0000][1][gc,marking  ] GC(6) Concurrent Mark From Roots 17.117ms
[2024-05-18T19:30:52.422+0000][1][gc,marking  ] GC(6) Concurrent Preclean
[2024-05-18T19:30:52.422+0000][1][gc,marking  ] GC(6) Concurrent Preclean 0.177ms
[2024-05-18T19:30:52.422+0000][1][gc,start    ] GC(6) Pause Remark
[2024-05-18T19:30:52.426+0000][1][gc          ] GC(6) Pause Remark 16M->16M(1024M) 4.115ms
[2024-05-18T19:30:52.426+0000][1][gc,cpu      ] GC(6) User=0.02s Sys=0.00s Real=0.01s
[2024-05-18T19:30:52.426+0000][1][safepoint   ] Safepoint "G1PauseRemark", Time since last: 26923753 ns, Reaching safepoint: 9459 ns, Cleanup: 16840 ns, At safepoint: 4245990 ns, Total: 4272289 ns
[2024-05-18T19:30:52.426+0000][1][gc,marking  ] GC(6) Concurrent Mark 22.406ms
[2024-05-18T19:30:52.427+0000][1][gc,marking  ] GC(6) Concurrent Rebuild Remembered Sets and Scrub Regions
[2024-05-18T19:30:52.430+0000][1][gc,marking  ] GC(6) Concurrent Rebuild Remembered Sets and Scrub Regions 3.559ms
[2024-05-18T19:30:52.431+0000][1][gc,start    ] GC(6) Pause Cleanup
[2024-05-18T19:30:52.431+0000][1][gc          ] GC(6) Pause Cleanup 16M->16M(1024M) 0.317ms
[2024-05-18T19:30:52.431+0000][1][gc,cpu      ] GC(6) User=0.00s Sys=0.00s Real=0.00s
[2024-05-18T19:30:52.431+0000][1][safepoint   ] Safepoint "G1PauseCleanup", Time since last: 4154162 ns, Reaching safepoint: 83184 ns, Cleanup: 5636 ns, At safepoint: 373817 ns, Total: 462637 ns
[2024-05-18T19:30:52.431+0000][1][gc,marking  ] GC(6) Concurrent Clear Claimed Marks
[2024-05-18T19:30:52.431+0000][1][gc,marking  ] GC(6) Concurrent Clear Claimed Marks 0.054ms
[2024-05-18T19:30:52.431+0000][1][gc,marking  ] GC(6) Concurrent Cleanup for Next Mark
[2024-05-18T19:30:52.435+0000][1][gc,marking  ] GC(6) Concurrent Cleanup for Next Mark 4.294ms
[2024-05-18T19:30:52.436+0000][1][gc          ] GC(6) Concurrent Mark Cycle 41.975ms
[2024-05-18T19:30:53.579+0000][1][safepoint   ] Safepoint "ICBufferFull", Time since last: 1148426714 ns, Reaching safepoint: 10130 ns, Cleanup: 137269 ns, At safepoint: 3830 ns, Total: 151229 ns
[2024-05-18T19:30:54.487+0000][1][safepoint   ] Safepoint "ICBufferFull", Time since last: 907191254 ns, Reaching safepoint: 9849 ns, Cleanup: 100344 ns, At safepoint: 3562 ns, Total: 113755 ns
[2024-05-18T19:30:55.025+0000][1][gc,start    ] GC(7) Pause Young (Prepare Mixed) (Metadata GC Threshold)
[2024-05-18T19:30:55.025+0000][1][gc,task     ] GC(7) Using 4 workers of 4 for evacuation
[2024-05-18T19:30:55.025+0000][1][gc,age      ] GC(7) Desired survivor size 40370176 bytes, new threshold 15 (max threshold 15)
[2024-05-18T19:30:55.038+0000][1][gc,phases   ] GC(7)   Pre Evacuate Collection Set: 0.3ms
[2024-05-18T19:30:55.038+0000][1][gc,phases   ] GC(7)   Merge Heap Roots: 0.1ms
[2024-05-18T19:30:55.038+0000][1][gc,phases   ] GC(7)   Evacuate Collection Set: 10.3ms
[2024-05-18T19:30:55.038+0000][1][gc,phases   ] GC(7)   Post Evacuate Collection Set: 1.8ms
[2024-05-18T19:30:55.038+0000][1][gc,phases   ] GC(7)   Other: 0.1ms
[2024-05-18T19:30:55.038+0000][1][gc,age      ] GC(7) Age table with threshold 15 (max threshold 15)
[2024-05-18T19:30:55.038+0000][1][gc,age      ] GC(7) - age   1:    6992272 bytes,    6992272 total
[2024-05-18T19:30:55.038+0000][1][gc,age      ] GC(7) - age   2:     796040 bytes,    7788312 total
[2024-05-18T19:30:55.038+0000][1][gc,age      ] GC(7) - age   3:     162600 bytes,    7950912 total
[2024-05-18T19:30:55.038+0000][1][gc,age      ] GC(7) - age   4:     936096 bytes,    8887008 total
[2024-05-18T19:30:55.038+0000][1][gc,age      ] GC(7) - age   5:    1097776 bytes,    9984784 total
[2024-05-18T19:30:55.038+0000][1][gc,heap     ] GC(7) Eden regions: 88->0(604)
[2024-05-18T19:30:55.038+0000][1][gc,heap     ] GC(7) Survivor regions: 4->10(77)
[2024-05-18T19:30:55.038+0000][1][gc,heap     ] GC(7) Old regions: 9->9
[2024-05-18T19:30:55.038+0000][1][gc,heap     ] GC(7) Humongous regions: 3->3
[2024-05-18T19:30:55.038+0000][1][gc,metaspace] GC(7) Metaspace: 59696K(60288K)->59696K(60288K) NonClass: 52375K(52672K)->52375K(52672K) Class: 7321K(7616K)->7321K(7616K)
[2024-05-18T19:30:55.038+0000][1][gc          ] GC(7) Pause Young (Prepare Mixed) (Metadata GC Threshold) 103M->21M(1024M) 12.922ms
[2024-05-18T19:30:55.038+0000][1][gc,cpu      ] GC(7) User=0.04s Sys=0.00s Real=0.01s
[2024-05-18T19:30:55.038+0000][1][safepoint   ] Safepoint "CollectForMetadataAllocation", Time since last: 538141634 ns, Reaching safepoint: 6912 ns, Cleanup: 63496 ns, At safepoint: 13052187 ns, Total: 13122595 ns
[2024-05-18T19:30:55.067+0000][1][gc,start    ] GC(8) Pause Young (Mixed) (Metadata GC Threshold)
[2024-05-18T19:30:55.067+0000][1][gc,task     ] GC(8) Using 4 workers of 4 for evacuation
[2024-05-18T19:30:55.067+0000][1][gc,age      ] GC(8) Desired survivor size 40370176 bytes, new threshold 15 (max threshold 15)
[2024-05-18T19:30:55.078+0000][1][gc,phases   ] GC(8)   Pre Evacuate Collection Set: 0.4ms
[2024-05-18T19:30:55.078+0000][1][gc,phases   ] GC(8)   Merge Heap Roots: 0.1ms
[2024-05-18T19:30:55.078+0000][1][gc,phases   ] GC(8)   Evacuate Collection Set: 8.8ms
[2024-05-18T19:30:55.078+0000][1][gc,phases   ] GC(8)   Post Evacuate Collection Set: 1.5ms
[2024-05-18T19:30:55.078+0000][1][gc,phases   ] GC(8)   Other: 0.1ms
[2024-05-18T19:30:55.078+0000][1][gc,age      ] GC(8) Age table with threshold 15 (max threshold 15)
[2024-05-18T19:30:55.078+0000][1][gc,age      ] GC(8) - age   1:      41528 bytes,      41528 total
[2024-05-18T19:30:55.078+0000][1][gc,age      ] GC(8) - age   2:    6900112 bytes,    6941640 total
[2024-05-18T19:30:55.078+0000][1][gc,age      ] GC(8) - age   3:     796040 bytes,    7737680 total
[2024-05-18T19:30:55.078+0000][1][gc,age      ] GC(8) - age   4:     162568 bytes,    7900248 total
[2024-05-18T19:30:55.078+0000][1][gc,age      ] GC(8) - age   5:     936096 bytes,    8836344 total
[2024-05-18T19:30:55.078+0000][1][gc,age      ] GC(8) - age   6:    1097776 bytes,    9934120 total
[2024-05-18T19:30:55.079+0000][1][gc,heap     ] GC(8) Eden regions: 2->0(603)
[2024-05-18T19:30:55.079+0000][1][gc,heap     ] GC(8) Survivor regions: 10->11(77)
[2024-05-18T19:30:55.079+0000][1][gc,heap     ] GC(8) Old regions: 9->9
[2024-05-18T19:30:55.079+0000][1][gc,heap     ] GC(8) Humongous regions: 3->3
[2024-05-18T19:30:55.079+0000][1][gc,metaspace] GC(8) Metaspace: 60063K(60608K)->60063K(60608K) NonClass: 52631K(52928K)->52631K(52928K) Class: 7432K(7680K)->7432K(7680K)
[2024-05-18T19:30:55.079+0000][1][gc          ] GC(8) Pause Young (Mixed) (Metadata GC Threshold) 23M->22M(1024M) 11.245ms
[2024-05-18T19:30:55.079+0000][1][gc,cpu      ] GC(8) User=0.03s Sys=0.00s Real=0.01s
[2024-05-18T19:30:55.079+0000][1][safepoint   ] Safepoint "CollectForMetadataAllocation", Time since last: 29255478 ns, Reaching safepoint: 7967 ns, Cleanup: 13950 ns, At safepoint: 11379020 ns, Total: 11400937 ns
[2024-05-18T19:30:55.093+0000][1][gc,start    ] GC(9) Pause Young (Concurrent Start) (Metadata GC Threshold)
[2024-05-18T19:30:55.093+0000][1][gc,task     ] GC(9) Using 4 workers of 4 for evacuation
[2024-05-18T19:30:55.093+0000][1][gc,age      ] GC(9) Desired survivor size 40370176 bytes, new threshold 15 (max threshold 15)
[2024-05-18T19:30:55.105+0000][1][gc,phases   ] GC(9)   Pre Evacuate Collection Set: 0.5ms
[2024-05-18T19:30:55.105+0000][1][gc,phases   ] GC(9)   Merge Heap Roots: 0.1ms
[2024-05-18T19:30:55.105+0000][1][gc,phases   ] GC(9)   Evacuate Collection Set: 9.3ms
[2024-05-18T19:30:55.105+0000][1][gc,phases   ] GC(9)   Post Evacuate Collection Set: 1.5ms
[2024-05-18T19:30:55.105+0000][1][gc,phases   ] GC(9)   Other: 0.2ms
[2024-05-18T19:30:55.105+0000][1][gc,age      ] GC(9) Age table with threshold 15 (max threshold 15)
[2024-05-18T19:30:55.105+0000][1][gc,age      ] GC(9) - age   1:      32344 bytes,      32344 total
[2024-05-18T19:30:55.105+0000][1][gc,age      ] GC(9) - age   2:      38784 bytes,      71128 total
[2024-05-18T19:30:55.105+0000][1][gc,age      ] GC(9) - age   3:    6900112 bytes,    6971240 total
[2024-05-18T19:30:55.105+0000][1][gc,age      ] GC(9) - age   4:     796040 bytes,    7767280 total
[2024-05-18T19:30:55.105+0000][1][gc,age      ] GC(9) - age   5:     162568 bytes,    7929848 total
[2024-05-18T19:30:55.105+0000][1][gc,age      ] GC(9) - age   6:     936096 bytes,    8865944 total
[2024-05-18T19:30:55.105+0000][1][gc,age      ] GC(9) - age   7:    1097776 bytes,    9963720 total
[2024-05-18T19:30:55.105+0000][1][gc,heap     ] GC(9) Eden regions: 1->0(603)
[2024-05-18T19:30:55.105+0000][1][gc,heap     ] GC(9) Survivor regions: 11->11(77)
[2024-05-18T19:30:55.105+0000][1][gc,heap     ] GC(9) Old regions: 9->9
[2024-05-18T19:30:55.105+0000][1][gc,heap     ] GC(9) Humongous regions: 3->3
[2024-05-18T19:30:55.105+0000][1][gc,metaspace] GC(9) Metaspace: 60339K(60928K)->60339K(60928K) NonClass: 52823K(53120K)->52823K(53120K) Class: 7515K(7808K)->7515K(7808K)
[2024-05-18T19:30:55.105+0000][1][gc          ] GC(9) Pause Young (Concurrent Start) (Metadata GC Threshold) 23M->21M(1024M) 11.939ms
[2024-05-18T19:30:55.105+0000][1][gc,cpu      ] GC(9) User=0.03s Sys=0.00s Real=0.02s
[2024-05-18T19:30:55.105+0000][1][gc          ] GC(10) Concurrent Mark Cycle
[2024-05-18T19:30:55.105+0000][1][gc,marking  ] GC(10) Concurrent Scan Root Regions
[2024-05-18T19:30:55.105+0000][1][safepoint   ] Safepoint "CollectForMetadataAllocation", Time since last: 14410320 ns, Reaching safepoint: 7245 ns, Cleanup: 3884 ns, At safepoint: 12069312 ns, Total: 12080441 ns
[2024-05-18T19:30:55.116+0000][1][gc,marking  ] GC(10) Concurrent Scan Root Regions 11.102ms
[2024-05-18T19:30:55.116+0000][1][gc,marking  ] GC(10) Concurrent Mark
[2024-05-18T19:30:55.116+0000][1][gc,marking  ] GC(10) Concurrent Mark From Roots
[2024-05-18T19:30:55.116+0000][1][gc,task     ] GC(10) Using 1 workers of 1 for marking
[2024-05-18T19:30:55.126+0000][1][gc,marking  ] GC(10) Concurrent Mark From Roots 9.211ms
[2024-05-18T19:30:55.126+0000][1][gc,marking  ] GC(10) Concurrent Preclean
[2024-05-18T19:30:55.126+0000][1][gc,marking  ] GC(10) Concurrent Preclean 0.051ms
[2024-05-18T19:30:55.126+0000][1][gc,start    ] GC(10) Pause Remark
[2024-05-18T19:30:55.130+0000][1][gc          ] GC(10) Pause Remark 22M->22M(1024M) 3.831ms
[2024-05-18T19:30:55.130+0000][1][gc,cpu      ] GC(10) User=0.01s Sys=0.00s Real=0.00s
[2024-05-18T19:30:55.130+0000][1][safepoint   ] Safepoint "G1PauseRemark", Time since last: 20542530 ns, Reaching safepoint: 80209 ns, Cleanup: 4564 ns, At safepoint: 3946471 ns, Total: 4031244 ns
[2024-05-18T19:30:55.130+0000][1][gc,marking  ] GC(10) Concurrent Mark 13.491ms
[2024-05-18T19:30:55.130+0000][1][gc,marking  ] GC(10) Concurrent Rebuild Remembered Sets and Scrub Regions
[2024-05-18T19:30:55.133+0000][1][gc,marking  ] GC(10) Concurrent Rebuild Remembered Sets and Scrub Regions 3.514ms
[2024-05-18T19:30:55.134+0000][1][gc,start    ] GC(10) Pause Cleanup
[2024-05-18T19:30:55.134+0000][1][gc          ] GC(10) Pause Cleanup 23M->23M(1024M) 0.209ms
[2024-05-18T19:30:55.134+0000][1][gc,cpu      ] GC(10) User=0.00s Sys=0.00s Real=0.00s
[2024-05-18T19:30:55.134+0000][1][safepoint   ] Safepoint "G1PauseCleanup", Time since last: 3701024 ns, Reaching safepoint: 80064 ns, Cleanup: 7206 ns, At safepoint: 262859 ns, Total: 350129 ns
[2024-05-18T19:30:55.134+0000][1][gc,marking  ] GC(10) Concurrent Clear Claimed Marks
[2024-05-18T19:30:55.134+0000][1][gc,marking  ] GC(10) Concurrent Clear Claimed Marks 0.077ms
[2024-05-18T19:30:55.134+0000][1][gc,marking  ] GC(10) Concurrent Cleanup for Next Mark
[2024-05-18T19:30:55.137+0000][1][gc,marking  ] GC(10) Concurrent Cleanup for Next Mark 3.505ms
[2024-05-18T19:30:55.138+0000][1][gc          ] GC(10) Concurrent Mark Cycle 32.441ms
[2024-05-18T19:30:55.953+0000][1][safepoint   ] Safepoint "ICBufferFull", Time since last: 819059395 ns, Reaching safepoint: 11281 ns, Cleanup: 150799 ns, At safepoint: 9276 ns, Total: 171356 ns
[2024-05-18T19:30:56.954+0000][1][safepoint   ] Safepoint "Cleanup", Time since last: 1000713550 ns, Reaching safepoint: 13984 ns, Cleanup: 118011 ns, At safepoint: 5446 ns, Total: 137441 ns
[2024-05-18T19:30:57.797+0000][1][safepoint   ] Safepoint "ICBufferFull", Time since last: 842983836 ns, Reaching safepoint: 106578 ns, Cleanup: 157517 ns, At safepoint: 19545 ns, Total: 283640 ns
[2024-05-18T19:30:58.509+0000][1][safepoint   ] Safepoint "ICBufferFull", Time since last: 711047627 ns, Reaching safepoint: 109288 ns, Cleanup: 164084 ns, At safepoint: 16782 ns, Total: 290154 ns
[2024-05-18T19:30:59.176+0000][1][safepoint   ] Safepoint "ICBufferFull", Time since last: 667804811 ns, Reaching safepoint: 27057 ns, Cleanup: 134965 ns, At safepoint: 6420 ns, Total: 168442 ns
[2024-05-18T19:30:59.711+0000][1][safepoint   ] Safepoint "ICBufferFull", Time since last: 534148931 ns, Reaching safepoint: 48461 ns, Cleanup: 180910 ns, At safepoint: 8240 ns, Total: 237611 ns
[2024-05-18T19:31:00.940+0000][1][safepoint   ] Safepoint "Cleanup", Time since last: 1228774160 ns, Reaching safepoint: 34275 ns, Cleanup: 108703 ns, At safepoint: 7439 ns, Total: 150417 ns
[2024-05-18T19:31:01.940+0000][1][safepoint   ] Safepoint "Cleanup", Time since last: 1000344817 ns, Reaching safepoint: 29214 ns, Cleanup: 27206 ns, At safepoint: 5091 ns, Total: 61511 ns
[2024-05-18T19:31:03.941+0000][1][safepoint   ] Safepoint "Cleanup", Time since last: 2000826352 ns, Reaching safepoint: 34136 ns, Cleanup: 25462 ns, At safepoint: 7762 ns, Total: 67360 ns
[2024-05-18T19:31:04.942+0000][1][safepoint   ] Safepoint "Cleanup", Time since last: 1000481034 ns, Reaching safepoint: 34255 ns, Cleanup: 24896 ns, At safepoint: 8302 ns, Total: 67453 ns
[2024-05-18T19:31:08.943+0000][1][safepoint   ] Safepoint "Cleanup", Time since last: 4001527359 ns, Reaching safepoint: 34386 ns, Cleanup: 22147 ns, At safepoint: 7571 ns, Total: 64104 ns
[2024-05-18T19:31:09.944+0000][1][safepoint   ] Safepoint "Cleanup", Time since last: 1000456000 ns, Reaching safepoint: 34478 ns, Cleanup: 22595 ns, At safepoint: 7272 ns, Total: 64345 ns
[2024-05-18T19:31:10.944+0000][1][safepoint   ] Safepoint "Cleanup", Time since last: 1000477319 ns, Reaching safepoint: 34329 ns, Cleanup: 23050 ns, At safepoint: 8333 ns, Total: 65712 ns
[2024-05-18T19:31:13.946+0000][1][safepoint   ] Safepoint "Cleanup", Time since last: 3001209095 ns, Reaching safepoint: 39422 ns, Cleanup: 27481 ns, At safepoint: 10474 ns, Total: 77377 ns
[2024-05-18T19:31:14.946+0000][1][safepoint   ] Safepoint "Cleanup", Time since last: 1000498088 ns, Reaching safepoint: 30520 ns, Cleanup: 19962 ns, At safepoint: 6043 ns, Total: 56525 ns
[2024-05-18T19:31:15.946+0000][1][safepoint   ] Safepoint "Cleanup", Time since last: 1000192835 ns, Reaching safepoint: 29643 ns, Cleanup: 17610 ns, At safepoint: 4066 ns, Total: 51319 ns
[2024-05-18T19:31:17.947+0000][1][safepoint   ] Safepoint "Cleanup", Time since last: 2000765519 ns, Reaching safepoint: 90141 ns, Cleanup: 22240 ns, At safepoint: 8246 ns, Total: 120627 ns
[2024-05-18T19:31:20.845+0000][1][safepoint   ] Safepoint "Cleanup", Time since last: 2897589211 ns, Reaching safepoint: 88810 ns, Cleanup: 63987 ns, At safepoint: 7715 ns, Total: 160512 ns
[2024-05-18T19:31:21.846+0000][1][safepoint   ] Safepoint "Cleanup", Time since last: 1000586570 ns, Reaching safepoint: 37976 ns, Cleanup: 145660 ns, At safepoint: 9152 ns, Total: 192788 ns
[2024-05-18T19:31:25.848+0000][1][safepoint   ] Safepoint "Cleanup", Time since last: 4001516039 ns, Reaching safepoint: 38279 ns, Cleanup: 160318 ns, At safepoint: 8598 ns, Total: 207195 ns
[2024-05-18T19:31:26.848+0000][1][safepoint   ] Safepoint "Cleanup", Time since last: 1000282183 ns, Reaching safepoint: 30178 ns, Cleanup: 38960 ns, At safepoint: 4563 ns, Total: 73701 ns
[2024-05-18T19:31:27.848+0000][1][safepoint   ] Safepoint "Cleanup", Time since last: 1000181927 ns, Reaching safepoint: 30594 ns, Cleanup: 64532 ns, At safepoint: 5175 ns, Total: 100301 ns
[2024-05-18T19:31:28.849+0000][1][safepoint   ] Safepoint "Cleanup", Time since last: 1000451618 ns, Reaching safepoint: 38251 ns, Cleanup: 24796 ns, At safepoint: 9290 ns, Total: 72337 ns
[2024-05-18T19:31:29.849+0000][1][safepoint   ] Safepoint "Cleanup", Time since last: 1000474408 ns, Reaching safepoint: 38448 ns, Cleanup: 44893 ns, At safepoint: 8356 ns, Total: 91697 ns
[2024-05-18T19:31:31.850+0000][1][safepoint   ] Safepoint "Cleanup", Time since last: 2000804116 ns, Reaching safepoint: 38213 ns, Cleanup: 59994 ns, At safepoint: 7676 ns, Total: 105883 ns
[2024-05-18T19:31:32.851+0000][1][safepoint   ] Safepoint "Cleanup", Time since last: 1000529817 ns, Reaching safepoint: 99961 ns, Cleanup: 190469 ns, At safepoint: 5437 ns, Total: 295867 ns
[2024-05-18T19:31:36.852+0000][1][safepoint   ] Safepoint "Cleanup", Time since last: 4000994326 ns, Reaching safepoint: 37963 ns, Cleanup: 76437 ns, At safepoint: 7653 ns, Total: 122053 ns
[2024-05-18T19:31:37.853+0000][1][safepoint   ] Safepoint "Cleanup", Time since last: 1000497980 ns, Reaching safepoint: 93789 ns, Cleanup: 22386 ns, At safepoint: 8648 ns, Total: 124823 ns
[2024-05-18T19:31:38.853+0000][1][safepoint   ] Safepoint "Cleanup", Time since last: 1000449869 ns, Reaching safepoint: 38036 ns, Cleanup: 22270 ns, At safepoint: 7447 ns, Total: 67753 ns
[2024-05-18T19:31:40.854+0000][1][safepoint   ] Safepoint "Cleanup", Time since last: 2000811409 ns, Reaching safepoint: 37928 ns, Cleanup: 25673 ns, At safepoint: 7571 ns, Total: 71172 ns
[2024-05-18T19:31:41.855+0000][1][safepoint   ] Safepoint "Cleanup", Time since last: 1000575344 ns, Reaching safepoint: 37913 ns, Cleanup: 50735 ns, At safepoint: 7361 ns, Total: 96009 ns
[2024-05-18T19:31:42.855+0000][1][safepoint   ] Safepoint "Cleanup", Time since last: 1000432584 ns, Reaching safepoint: 100265 ns, Cleanup: 27425 ns, At safepoint: 90786 ns, Total: 218476 ns
[2024-05-18T19:31:44.801+0000][1][safepoint   ] Safepoint "Cleanup", Time since last: 1945548473 ns, Reaching safepoint: 10354 ns, Cleanup: 9427 ns, At safepoint: 3534 ns, Total: 23315 ns
[2024-05-18T19:31:46.039+0000][1][safepoint   ] Safepoint "Cleanup", Time since last: 1237676049 ns, Reaching safepoint: 31040 ns, Cleanup: 85325 ns, At safepoint: 4025 ns, Total: 120390 ns
[2024-05-18T19:31:47.536+0000][1][safepoint   ] Safepoint "Cleanup", Time since last: 1496892859 ns, Reaching safepoint: 58725 ns, Cleanup: 91068 ns, At safepoint: 8195 ns, Total: 157988 ns
[2024-05-18T19:31:51.537+0000][1][safepoint   ] Safepoint "Cleanup", Time since last: 4000803237 ns, Reaching safepoint: 32728 ns, Cleanup: 43858 ns, At safepoint: 4925 ns, Total: 81511 ns
[2024-05-18T19:31:58.539+0000][1][safepoint   ] Safepoint "Cleanup", Time since last: 7002272147 ns, Reaching safepoint: 89986 ns, Cleanup: 59292 ns, At safepoint: 8893 ns, Total: 158171 ns
[2024-05-18T19:32:02.541+0000][1][safepoint   ] Safepoint "Cleanup", Time since last: 4001332060 ns, Reaching safepoint: 32535 ns, Cleanup: 21130 ns, At safepoint: 7218 ns, Total: 60883 ns
[2024-05-18T19:32:06.542+0000][1][safepoint   ] Safepoint "Cleanup", Time since last: 4001532352 ns, Reaching safepoint: 163619 ns, Cleanup: 27283 ns, At safepoint: 12403 ns, Total: 203305 ns
[2024-05-18T19:32:07.543+0000][1][safepoint   ] Safepoint "Cleanup", Time since last: 1000609347 ns, Reaching safepoint: 37238 ns, Cleanup: 52134 ns, At safepoint: 7902 ns, Total: 97274 ns
[2024-05-18T19:32:09.082+0000][1][safepoint   ] Safepoint "Cleanup", Time since last: 1538462150 ns, Reaching safepoint: 113183 ns, Cleanup: 172070 ns, At safepoint: 21671 ns, Total: 306924 ns
[2024-05-18T19:32:10.724+0000][1][safepoint   ] Safepoint "Cleanup", Time since last: 1641934399 ns, Reaching safepoint: 9366 ns, Cleanup: 29465 ns, At safepoint: 4095 ns, Total: 42926 ns
[2024-05-18T19:32:11.734+0000][1][safepoint   ] Safepoint "Cleanup", Time since last: 1010069379 ns, Reaching safepoint: 35681 ns, Cleanup: 31572 ns, At safepoint: 8069 ns, Total: 75322 ns
[2024-05-18T19:32:13.476+0000][1][safepoint   ] Safepoint "Cleanup", Time since last: 1741883162 ns, Reaching safepoint: 9092 ns, Cleanup: 21565 ns, At safepoint: 4391 ns, Total: 35048 ns
[2024-05-18T19:32:16.484+0000][1][safepoint   ] Safepoint "Cleanup", Time since last: 3007788118 ns, Reaching safepoint: 41976 ns, Cleanup: 93436 ns, At safepoint: 12745 ns, Total: 148157 ns
[2024-05-18T19:32:17.849+0000][1][safepoint   ] Safepoint "Cleanup", Time since last: 1365299606 ns, Reaching safepoint: 43706 ns, Cleanup: 41697 ns, At safepoint: 11024 ns, Total: 96427 ns
[2024-05-18T19:32:19.773+0000][1][safepoint   ] Safepoint "Cleanup", Time since last: 1923735383 ns, Reaching safepoint: 115051 ns, Cleanup: 121136 ns, At safepoint: 11379 ns, Total: 247566 ns
[2024-05-18T19:32:23.775+0000][1][safepoint   ] Safepoint "Cleanup", Time since last: 4001492821 ns, Reaching safepoint: 37216 ns, Cleanup: 45040 ns, At safepoint: 8319 ns, Total: 90575 ns
[2024-05-18T19:32:24.775+0000][1][safepoint   ] Safepoint "Cleanup", Time since last: 1000488412 ns, Reaching safepoint: 37552 ns, Cleanup: 37586 ns, At safepoint: 8391 ns, Total: 83529 ns
[2024-05-18T19:32:26.114+0000][1][safepoint   ] Safepoint "Cleanup", Time since last: 1338691751 ns, Reaching safepoint: 36907 ns, Cleanup: 36479 ns, At safepoint: 8576 ns, Total: 81962 ns
[2024-05-18T19:32:27.114+0000][1][safepoint   ] Safepoint "Cleanup", Time since last: 1000232492 ns, Reaching safepoint: 27037 ns, Cleanup: 12243 ns, At safepoint: 6483 ns, Total: 45763 ns
[2024-05-18T19:32:28.800+0000][1][safepoint   ] Safepoint "Cleanup", Time since last: 1685839761 ns, Reaching safepoint: 37376 ns, Cleanup: 73371 ns, At safepoint: 8177 ns, Total: 118924 ns
[2024-05-18T19:32:29.801+0000][1][safepoint   ] Safepoint "Cleanup", Time since last: 1000189705 ns, Reaching safepoint: 24042 ns, Cleanup: 14856 ns, At safepoint: 5022 ns, Total: 43920 ns
[2024-05-18T19:32:31.517+0000][1][safepoint   ] Safepoint "Cleanup", Time since last: 1716629871 ns, Reaching safepoint: 36964 ns, Cleanup: 35061 ns, At safepoint: 7861 ns, Total: 79886 ns
[2024-05-18T19:32:32.518+0000][1][safepoint   ] Safepoint "Cleanup", Time since last: 1000238450 ns, Reaching safepoint: 28310 ns, Cleanup: 24480 ns, At safepoint: 4114 ns, Total: 56904 ns
[2024-05-18T19:32:33.881+0000][1][safepoint   ] Safepoint "Cleanup", Time since last: 1363792015 ns, Reaching safepoint: 36944 ns, Cleanup: 44392 ns, At safepoint: 7268 ns, Total: 88604 ns
[2024-05-18T19:32:35.816+0000][1][safepoint   ] Safepoint "Cleanup", Time since last: 1934481100 ns, Reaching safepoint: 8633 ns, Cleanup: 16294 ns, At safepoint: 2373 ns, Total: 27300 ns
[2024-05-18T19:32:38.820+0000][1][safepoint   ] Safepoint "Cleanup", Time since last: 3003783158 ns, Reaching safepoint: 36959 ns, Cleanup: 48624 ns, At safepoint: 8328 ns, Total: 93911 ns
[2024-05-18T19:32:40.821+0000][1][safepoint   ] Safepoint "Cleanup", Time since last: 2000593619 ns, Reaching safepoint: 31031 ns, Cleanup: 73190 ns, At safepoint: 4149 ns, Total: 108370 ns
[2024-05-18T19:32:41.821+0000][1][safepoint   ] Safepoint "Cleanup", Time since last: 1000444990 ns, Reaching safepoint: 37046 ns, Cleanup: 46563 ns, At safepoint: 8348 ns, Total: 91957 ns
[2024-05-18T19:32:43.142+0000][1][safepoint   ] Safepoint "Cleanup", Time since last: 1320436884 ns, Reaching safepoint: 37022 ns, Cleanup: 33416 ns, At safepoint: 8543 ns, Total: 78981 ns
[2024-05-18T19:32:44.142+0000][1][safepoint   ] Safepoint "Cleanup", Time since last: 1000468484 ns, Reaching safepoint: 37270 ns, Cleanup: 68892 ns, At safepoint: 8601 ns, Total: 114763 ns
[2024-05-18T19:32:45.850+0000][1][safepoint   ] Safepoint "Cleanup", Time since last: 1708091889 ns, Reaching safepoint: 34806 ns, Cleanup: 24798 ns, At safepoint: 7959 ns, Total: 67563 ns
[2024-05-18T19:32:47.601+0000][1][safepoint   ] Safepoint "Cleanup", Time since last: 1750571099 ns, Reaching safepoint: 35118 ns, Cleanup: 29149 ns, At safepoint: 7503 ns, Total: 71770 ns
[2024-05-18T19:32:48.601+0000][1][safepoint   ] Safepoint "Cleanup", Time since last: 1000443500 ns, Reaching safepoint: 31194 ns, Cleanup: 46450 ns, At safepoint: 4486 ns, Total: 82130 ns
[2024-05-18T19:32:49.602+0000][1][safepoint   ] Safepoint "Cleanup", Time since last: 1000237899 ns, Reaching safepoint: 82465 ns, Cleanup: 34206 ns, At safepoint: 8825 ns, Total: 125496 ns
[2024-05-18T19:32:50.912+0000][1][safepoint   ] Safepoint "Cleanup", Time since last: 1310150830 ns, Reaching safepoint: 37292 ns, Cleanup: 26345 ns, At safepoint: 8736 ns, Total: 72373 ns
[2024-05-18T19:32:52.875+0000][1][safepoint   ] Safepoint "Cleanup", Time since last: 1962532621 ns, Reaching safepoint: 40064 ns, Cleanup: 68620 ns, At safepoint: 4622 ns, Total: 113306 ns
[2024-05-18T19:32:53.875+0000][1][safepoint   ] Safepoint "Cleanup", Time since last: 1000454000 ns, Reaching safepoint: 36959 ns, Cleanup: 66349 ns, At safepoint: 8090 ns, Total: 111398 ns
[2024-05-18T19:32:56.876+0000][1][safepoint   ] Safepoint "Cleanup", Time since last: 3001114763 ns, Reaching safepoint: 32736 ns, Cleanup: 22402 ns, At safepoint: 5229 ns, Total: 60367 ns
[2024-05-18T19:32:57.877+0000][1][safepoint   ] Safepoint "Cleanup", Time since last: 1000301613 ns, Reaching safepoint: 33055 ns, Cleanup: 61330 ns, At safepoint: 5894 ns, Total: 100279 ns
[2024-05-18T19:32:59.171+0000][1][safepoint   ] Safepoint "Cleanup", Time since last: 1294441945 ns, Reaching safepoint: 36817 ns, Cleanup: 111341 ns, At safepoint: 5298 ns, Total: 153456 ns
[2024-05-18T19:33:00.893+0000][1][safepoint   ] Safepoint "Cleanup", Time since last: 1721393961 ns, Reaching safepoint: 8754 ns, Cleanup: 52668 ns, At safepoint: 4730 ns, Total: 66152 ns
[2024-05-18T19:33:01.896+0000][1][safepoint   ] Safepoint "Cleanup", Time since last: 1003480987 ns, Reaching safepoint: 34523 ns, Cleanup: 31977 ns, At safepoint: 7657 ns, Total: 74157 ns
[2024-05-18T19:33:02.897+0000][1][safepoint   ] Safepoint "Cleanup", Time since last: 1000184486 ns, Reaching safepoint: 28387 ns, Cleanup: 32202 ns, At safepoint: 4767 ns, Total: 65356 ns
[2024-05-18T19:33:04.595+0000][1][safepoint   ] Safepoint "Cleanup", Time since last: 1698479005 ns, Reaching safepoint: 40539 ns, Cleanup: 64101 ns, At safepoint: 9104 ns, Total: 113744 ns
[2024-05-18T19:33:05.596+0000][1][safepoint   ] Safepoint "Cleanup", Time since last: 1000318509 ns, Reaching safepoint: 49980 ns, Cleanup: 23440 ns, At safepoint: 5280 ns, Total: 78700 ns
[2024-05-18T19:33:06.941+0000][1][safepoint   ] Safepoint "Cleanup", Time since last: 1345140104 ns, Reaching safepoint: 43441 ns, Cleanup: 35396 ns, At safepoint: 9531 ns, Total: 88368 ns
[2024-05-18T19:33:08.919+0000][1][safepoint   ] Safepoint "Cleanup", Time since last: 1977900713 ns, Reaching safepoint: 9498 ns, Cleanup: 38750 ns, At safepoint: 4089 ns, Total: 52337 ns
[2024-05-18T19:33:10.926+0000][1][safepoint   ] Safepoint "Cleanup", Time since last: 2006834465 ns, Reaching safepoint: 43190 ns, Cleanup: 45559 ns, At safepoint: 9330 ns, Total: 98079 ns
[2024-05-18T19:33:13.927+0000][1][safepoint   ] Safepoint "Cleanup", Time since last: 3001174780 ns, Reaching safepoint: 36983 ns, Cleanup: 43251 ns, At safepoint: 7426 ns, Total: 87660 ns
[2024-05-18T19:33:14.928+0000][1][safepoint   ] Safepoint "Cleanup", Time since last: 1000502733 ns, Reaching safepoint: 55729 ns, Cleanup: 35739 ns, At safepoint: 5909 ns, Total: 97377 ns
[2024-05-18T19:33:16.197+0000][1][safepoint   ] Safepoint "Cleanup", Time since last: 1269667693 ns, Reaching safepoint: 95481 ns, Cleanup: 23469 ns, At safepoint: 9673 ns, Total: 128623 ns
[2024-05-18T19:33:17.198+0000][1][safepoint   ] Safepoint "Cleanup", Time since last: 1000453489 ns, Reaching safepoint: 36921 ns, Cleanup: 25793 ns, At safepoint: 7691 ns, Total: 70405 ns
[2024-05-18T19:33:18.963+0000][1][safepoint   ] Safepoint "Cleanup", Time since last: 1765231695 ns, Reaching safepoint: 37357 ns, Cleanup: 91872 ns, At safepoint: 3862 ns, Total: 133091 ns
[2024-05-18T19:33:20.627+0000][1][safepoint   ] Safepoint "Cleanup", Time since last: 1663859067 ns, Reaching safepoint: 32852 ns, Cleanup: 48926 ns, At safepoint: 4785 ns, Total: 86563 ns
[2024-05-18T19:33:22.628+0000][1][safepoint   ] Safepoint "Cleanup", Time since last: 2000486540 ns, Reaching safepoint: 32214 ns, Cleanup: 24285 ns, At safepoint: 22394 ns, Total: 78893 ns
[2024-05-18T19:33:23.970+0000][1][safepoint   ] Safepoint "Cleanup", Time since last: 1341635948 ns, Reaching safepoint: 33545 ns, Cleanup: 45667 ns, At safepoint: 5718 ns, Total: 84930 ns
[2024-05-18T19:33:24.970+0000][1][safepoint   ] Safepoint "Cleanup", Time since last: 1000232263 ns, Reaching safepoint: 26975 ns, Cleanup: 34338 ns, At safepoint: 8402 ns, Total: 69715 ns
[2024-05-18T19:33:25.980+0000][1][safepoint   ] Safepoint "Cleanup", Time since last: 1009553724 ns, Reaching safepoint: 54840 ns, Cleanup: 44991 ns, At safepoint: 9922 ns, Total: 109753 ns
[2024-05-18T19:33:27.980+0000][1][safepoint   ] Safepoint "Cleanup", Time since last: 2000639751 ns, Reaching safepoint: 38036 ns, Cleanup: 30148 ns, At safepoint: 8438 ns, Total: 76622 ns
[2024-05-18T19:33:28.981+0000][1][safepoint   ] Safepoint "Cleanup", Time since last: 1000494678 ns, Reaching safepoint: 43330 ns, Cleanup: 47604 ns, At safepoint: 10350 ns, Total: 101284 ns
[2024-05-18T19:33:30.982+0000][1][safepoint   ] Safepoint "Cleanup", Time since last: 2000736505 ns, Reaching safepoint: 32558 ns, Cleanup: 22793 ns, At safepoint: 5160 ns, Total: 60511 ns
[2024-05-18T19:33:32.227+0000][1][safepoint   ] Safepoint "Cleanup", Time since last: 1245404290 ns, Reaching safepoint: 37457 ns, Cleanup: 24336 ns, At safepoint: 8065 ns, Total: 69858 ns
[2024-05-18T19:33:33.998+0000][1][safepoint   ] Safepoint "Cleanup", Time since last: 1770401296 ns, Reaching safepoint: 9137 ns, Cleanup: 26806 ns, At safepoint: 3237 ns, Total: 39180 ns
[2024-05-18T19:33:35.000+0000][1][safepoint   ] Safepoint "Cleanup", Time since last: 1002775126 ns, Reaching safepoint: 31637 ns, Cleanup: 19883 ns, At safepoint: 4334 ns, Total: 55854 ns
[2024-05-18T19:33:36.001+0000][1][safepoint   ] Safepoint "Cleanup", Time since last: 1000190229 ns, Reaching safepoint: 30170 ns, Cleanup: 39772 ns, At safepoint: 3983 ns, Total: 73925 ns
[2024-05-18T19:33:38.651+0000][1][safepoint   ] Safepoint "Cleanup", Time since last: 2649839828 ns, Reaching safepoint: 37540 ns, Cleanup: 69141 ns, At safepoint: 7020 ns, Total: 113701 ns
[2024-05-18T19:33:39.994+0000][1][safepoint   ] Safepoint "Cleanup", Time since last: 1343138549 ns, Reaching safepoint: 37591 ns, Cleanup: 32675 ns, At safepoint: 7416 ns, Total: 77682 ns
[2024-05-18T19:33:42.995+0000][1][safepoint   ] Safepoint "Cleanup", Time since last: 3001163587 ns, Reaching safepoint: 37295 ns, Cleanup: 39040 ns, At safepoint: 7493 ns, Total: 83828 ns
[2024-05-18T19:33:43.996+0000][1][safepoint   ] Safepoint "Cleanup", Time since last: 1000567738 ns, Reaching safepoint: 55761 ns, Cleanup: 85960 ns, At safepoint: 27058 ns, Total: 168779 ns
[2024-05-18T19:33:47.254+0000][1][safepoint   ] Safepoint "Cleanup", Time since last: 3258474869 ns, Reaching safepoint: 8784 ns, Cleanup: 31575 ns, At safepoint: 2516 ns, Total: 42875 ns
[2024-05-18T19:33:49.262+0000][1][safepoint   ] Safepoint "Cleanup", Time since last: 2007229753 ns, Reaching safepoint: 43410 ns, Cleanup: 63239 ns, At safepoint: 8865 ns, Total: 115514 ns
[2024-05-18T19:33:51.025+0000][1][safepoint   ] Safepoint "Cleanup", Time since last: 1763506004 ns, Reaching safepoint: 37408 ns, Cleanup: 48501 ns, At safepoint: 8014 ns, Total: 93923 ns
[2024-05-18T19:33:52.678+0000][1][safepoint   ] Safepoint "Cleanup", Time since last: 1652237066 ns, Reaching safepoint: 8168 ns, Cleanup: 22545 ns, At safepoint: 3386 ns, Total: 34099 ns
[2024-05-18T19:33:53.681+0000][1][safepoint   ] Safepoint "Cleanup", Time since last: 1003473539 ns, Reaching safepoint: 39081 ns, Cleanup: 60348 ns, At safepoint: 9539 ns, Total: 108968 ns
[2024-05-18T19:33:58.683+0000][1][safepoint   ] Safepoint "Cleanup", Time since last: 5001660963 ns, Reaching safepoint: 29801 ns, Cleanup: 22468 ns, At safepoint: 4660 ns, Total: 56929 ns
[2024-05-18T19:33:59.684+0000][1][safepoint   ] Safepoint "Cleanup", Time since last: 1000478320 ns, Reaching safepoint: 102597 ns, Cleanup: 104205 ns, At safepoint: 12068 ns, Total: 218870 ns
[2024-05-18T19:34:01.045+0000][1][safepoint   ] Safepoint "Cleanup", Time since last: 1361531650 ns, Reaching safepoint: 43609 ns, Cleanup: 63153 ns, At safepoint: 9639 ns, Total: 116401 ns
[2024-05-18T19:34:04.046+0000][1][safepoint   ] Safepoint "Cleanup", Time since last: 3001178787 ns, Reaching safepoint: 37357 ns, Cleanup: 30081 ns, At safepoint: 6859 ns, Total: 74297 ns
[2024-05-18T19:34:06.283+0000][1][safepoint   ] Safepoint "Cleanup", Time since last: 2236325027 ns, Reaching safepoint: 9128 ns, Cleanup: 14432 ns, At safepoint: 3307 ns, Total: 26867 ns
[2024-05-18T19:34:07.286+0000][1][safepoint   ] Safepoint "Cleanup", Time since last: 1002861566 ns, Reaching safepoint: 43735 ns, Cleanup: 28222 ns, At safepoint: 10454 ns, Total: 82411 ns
[2024-05-18T19:34:08.286+0000][1][safepoint   ] Safepoint "Cleanup", Time since last: 1000520651 ns, Reaching safepoint: 43761 ns, Cleanup: 76371 ns, At safepoint: 10063 ns, Total: 130195 ns
[2024-05-18T19:34:10.064+0000][1][safepoint   ] Safepoint "Cleanup", Time since last: 1777792228 ns, Reaching safepoint: 31852 ns, Cleanup: 62892 ns, At safepoint: 3919 ns, Total: 98663 ns
[2024-05-18T19:34:11.708+0000][1][safepoint   ] Safepoint "Cleanup", Time since last: 1643958898 ns, Reaching safepoint: 16981 ns, Cleanup: 51217 ns, At safepoint: 9445 ns, Total: 77643 ns
[2024-05-18T19:34:12.717+0000][1][safepoint   ] Safepoint "Cleanup", Time since last: 1008930611 ns, Reaching safepoint: 37279 ns, Cleanup: 22937 ns, At safepoint: 8231 ns, Total: 68447 ns
[2024-05-18T19:34:13.718+0000][1][safepoint   ] Safepoint "Cleanup", Time since last: 1000234976 ns, Reaching safepoint: 27258 ns, Cleanup: 17605 ns, At safepoint: 4324 ns, Total: 49187 ns
[2024-05-18T19:34:15.028+0000][1][safepoint   ] Safepoint "Cleanup", Time since last: 1310597583 ns, Reaching safepoint: 33801 ns, Cleanup: 32141 ns, At safepoint: 5195 ns, Total: 71137 ns
[2024-05-18T19:34:19.030+0000][1][safepoint   ] Safepoint "Cleanup", Time since last: 4001563176 ns, Reaching safepoint: 37444 ns, Cleanup: 44778 ns, At safepoint: 7349 ns, Total: 89571 ns
[2024-05-18T19:34:23.032+0000][1][safepoint   ] Safepoint "Cleanup", Time since last: 4001529584 ns, Reaching safepoint: 63632 ns, Cleanup: 29077 ns, At safepoint: 7885 ns, Total: 100594 ns
[2024-05-18T19:34:24.310+0000][1][safepoint   ] Safepoint "Cleanup", Time since last: 1278247564 ns, Reaching safepoint: 37664 ns, Cleanup: 81536 ns, At safepoint: 9567 ns, Total: 128767 ns
[2024-05-18T19:34:26.088+0000][1][safepoint   ] Safepoint "Cleanup", Time since last: 1778258411 ns, Reaching safepoint: 8272 ns, Cleanup: 23519 ns, At safepoint: 3425 ns, Total: 35216 ns
[2024-05-18T19:34:27.091+0000][1][safepoint   ] Safepoint "Cleanup", Time since last: 1002632549 ns, Reaching safepoint: 37500 ns, Cleanup: 35807 ns, At safepoint: 8029 ns, Total: 81336 ns
[2024-05-18T19:34:28.092+0000][1][safepoint   ] Safepoint "Cleanup", Time since last: 1000478179 ns, Reaching safepoint: 54907 ns, Cleanup: 43764 ns, At safepoint: 6703 ns, Total: 105374 ns
[2024-05-18T19:34:29.750+0000][1][safepoint   ] Safepoint "Cleanup", Time since last: 1658794880 ns, Reaching safepoint: 37435 ns, Cleanup: 39721 ns, At safepoint: 7443 ns, Total: 84599 ns
[2024-05-18T19:34:30.751+0000][1][safepoint   ] Safepoint "Cleanup", Time since last: 1000493694 ns, Reaching safepoint: 63419 ns, Cleanup: 91960 ns, At safepoint: 8202 ns, Total: 163581 ns
[2024-05-18T19:34:32.054+0000][1][safepoint   ] Safepoint "Cleanup", Time since last: 1302498371 ns, Reaching safepoint: 43629 ns, Cleanup: 34181 ns, At safepoint: 9590 ns, Total: 87400 ns
[2024-05-18T19:34:33.054+0000][1][safepoint   ] Safepoint "Cleanup", Time since last: 1000509034 ns, Reaching safepoint: 37587 ns, Cleanup: 33236 ns, At safepoint: 8423 ns, Total: 79246 ns
[2024-05-18T19:34:34.120+0000][1][safepoint   ] Safepoint "Cleanup", Time since last: 1065532823 ns, Reaching safepoint: 43698 ns, Cleanup: 73704 ns, At safepoint: 11365 ns, Total: 128767 ns
[2024-05-18T19:34:39.121+0000][1][safepoint   ] Safepoint "Cleanup", Time since last: 5001242679 ns, Reaching safepoint: 31466 ns, Cleanup: 10904 ns, At safepoint: 6051 ns, Total: 48421 ns
[2024-05-18T19:34:40.334+0000][1][safepoint   ] Safepoint "Cleanup", Time since last: 1212280571 ns, Reaching safepoint: 43871 ns, Cleanup: 49079 ns, At safepoint: 11273 ns, Total: 104223 ns
[2024-05-18T19:34:42.140+0000][1][safepoint   ] Safepoint "Cleanup", Time since last: 1805996737 ns, Reaching safepoint: 28220 ns, Cleanup: 17725 ns, At safepoint: 4684 ns, Total: 50629 ns
[2024-05-18T19:34:44.143+0000][1][safepoint   ] Safepoint "Cleanup", Time since last: 2003033863 ns, Reaching safepoint: 43627 ns, Cleanup: 33549 ns, At safepoint: 9641 ns, Total: 86817 ns
[2024-05-18T19:34:45.777+0000][1][safepoint   ] Safepoint "Cleanup", Time since last: 1633811726 ns, Reaching safepoint: 42926 ns, Cleanup: 77372 ns, At safepoint: 11159 ns, Total: 131457 ns
[2024-05-18T19:34:47.074+0000][1][safepoint   ] Safepoint "Cleanup", Time since last: 1297339024 ns, Reaching safepoint: 8872 ns, Cleanup: 18502 ns, At safepoint: 4260 ns, Total: 31634 ns
[2024-05-18T19:34:48.077+0000][1][safepoint   ] Safepoint "Cleanup", Time since last: 1002753294 ns, Reaching safepoint: 30999 ns, Cleanup: 18558 ns, At safepoint: 4974 ns, Total: 54531 ns
[2024-05-18T19:34:49.077+0000][1][safepoint   ] Safepoint "Cleanup", Time since last: 1000495894 ns, Reaching safepoint: 43560 ns, Cleanup: 50013 ns, At safepoint: 9578 ns, Total: 103151 ns
[2024-05-18T19:34:50.078+0000][1][safepoint   ] Safepoint "Cleanup", Time since last: 1000551393 ns, Reaching safepoint: 43659 ns, Cleanup: 37369 ns, At safepoint: 9666 ns, Total: 90694 ns
[2024-05-18T19:34:54.166+0000][1][safepoint   ] Safepoint "Cleanup", Time since last: 4088017337 ns, Reaching safepoint: 40104 ns, Cleanup: 60136 ns, At safepoint: 9001 ns, Total: 109241 ns
[2024-05-18T19:34:56.167+0000][1][safepoint   ] Safepoint "Cleanup", Time since last: 2000685035 ns, Reaching safepoint: 33352 ns, Cleanup: 25294 ns, At safepoint: 6082 ns, Total: 64728 ns
[2024-05-18T19:34:57.359+0000][1][safepoint   ] Safepoint "Cleanup", Time since last: 1192187349 ns, Reaching safepoint: 37504 ns, Cleanup: 22485 ns, At safepoint: 7368 ns, Total: 67357 ns
[2024-05-18T19:34:59.182+0000][1][safepoint   ] Safepoint "Cleanup", Time since last: 1823050665 ns, Reaching safepoint: 37641 ns, Cleanup: 89327 ns, At safepoint: 8034 ns, Total: 135002 ns
[2024-05-18T19:35:00.797+0000][1][safepoint   ] Safepoint "Cleanup", Time since last: 1614211147 ns, Reaching safepoint: 9076 ns, Cleanup: 21989 ns, At safepoint: 4412 ns, Total: 35477 ns
[2024-05-18T19:35:02.800+0000][1][safepoint   ] Safepoint "Cleanup", Time since last: 2003239981 ns, Reaching safepoint: 37655 ns, Cleanup: 37337 ns, At safepoint: 7035 ns, Total: 82027 ns
[2024-05-18T19:35:03.800+0000][1][safepoint   ] Safepoint "Cleanup", Time since last: 1000389335 ns, Reaching safepoint: 32609 ns, Cleanup: 30795 ns, At safepoint: 5597 ns, Total: 69001 ns
[2024-05-18T19:35:06.203+0000][1][safepoint   ] Safepoint "Cleanup", Time since last: 2402810390 ns, Reaching safepoint: 9068 ns, Cleanup: 15880 ns, At safepoint: 2284 ns, Total: 27232 ns
[2024-05-18T19:35:07.218+0000][1][safepoint   ] Safepoint "Cleanup", Time since last: 1014913025 ns, Reaching safepoint: 16401 ns, Cleanup: 185520 ns, At safepoint: 10266 ns, Total: 212187 ns
[2024-05-18T19:35:08.226+0000][1][safepoint   ] Safepoint "Cleanup", Time since last: 1007370824 ns, Reaching safepoint: 37798 ns, Cleanup: 22881 ns, At safepoint: 7699 ns, Total: 68378 ns
[2024-05-18T19:35:09.226+0000][1][safepoint   ] Safepoint "Cleanup", Time since last: 1000229270 ns, Reaching safepoint: 25099 ns, Cleanup: 31681 ns, At safepoint: 4324 ns, Total: 61104 ns
[2024-05-18T19:35:10.227+0000][1][safepoint   ] Safepoint "Cleanup", Time since last: 1000427439 ns, Reaching safepoint: 37755 ns, Cleanup: 35352 ns, At safepoint: 7943 ns, Total: 81050 ns
[2024-05-18T19:35:11.227+0000][1][safepoint   ] Safepoint "Cleanup", Time since last: 1000475485 ns, Reaching safepoint: 37887 ns, Cleanup: 57586 ns, At safepoint: 7746 ns, Total: 103219 ns
[2024-05-18T19:35:12.228+0000][1][safepoint   ] Safepoint "Cleanup", Time since last: 1000531654 ns, Reaching safepoint: 74773 ns, Cleanup: 48021 ns, At safepoint: 7104 ns, Total: 129898 ns
[2024-05-18T19:35:13.383+0000][1][safepoint   ] Safepoint "Cleanup", Time since last: 1154844810 ns, Reaching safepoint: 134089 ns, Cleanup: 21042 ns, At safepoint: 4546 ns, Total: 159677 ns
[2024-05-18T19:35:14.384+0000][1][safepoint   ] Safepoint "Cleanup", Time since last: 1000424164 ns, Reaching safepoint: 101768 ns, Cleanup: 122485 ns, At safepoint: 9209 ns, Total: 233462 ns
[2024-05-18T19:35:16.274+0000][1][safepoint   ] Safepoint "Cleanup", Time since last: 1890001216 ns, Reaching safepoint: 32340 ns, Cleanup: 94031 ns, At safepoint: 4445 ns, Total: 130816 ns
[2024-05-18T19:35:17.274+0000][1][safepoint   ] Safepoint "Cleanup", Time since last: 1000396481 ns, Reaching safepoint: 187736 ns, Cleanup: 96539 ns, At safepoint: 15474 ns, Total: 299749 ns
[2024-05-18T19:35:18.822+0000][1][safepoint   ] Safepoint "Cleanup", Time since last: 1547818695 ns, Reaching safepoint: 38045 ns, Cleanup: 111316 ns, At safepoint: 8992 ns, Total: 158353 ns
[2024-05-18T19:35:19.823+0000][1][safepoint   ] Safepoint "Cleanup", Time since last: 1000456979 ns, Reaching safepoint: 33638 ns, Cleanup: 40546 ns, At safepoint: 5353 ns, Total: 79537 ns
[2024-05-18T19:35:21.108+0000][1][safepoint   ] Safepoint "Cleanup", Time since last: 1285161844 ns, Reaching safepoint: 32362 ns, Cleanup: 22739 ns, At safepoint: 4829 ns, Total: 59930 ns
[2024-05-18T19:35:22.288+0000][1][safepoint   ] Safepoint "Cleanup", Time since last: 1180126358 ns, Reaching safepoint: 8901 ns, Cleanup: 9916 ns, At safepoint: 2258 ns, Total: 21075 ns
[2024-05-18T19:35:24.292+0000][1][safepoint   ] Safepoint "Cleanup", Time since last: 2003058688 ns, Reaching safepoint: 118440 ns, Cleanup: 67362 ns, At safepoint: 9628 ns, Total: 195430 ns
[2024-05-18T19:35:28.293+0000][1][safepoint   ] Safepoint "Cleanup", Time since last: 4000862229 ns, Reaching safepoint: 44291 ns, Cleanup: 35467 ns, At safepoint: 10432 ns, Total: 90190 ns
[2024-05-18T19:35:29.293+0000][1][safepoint   ] Safepoint "Cleanup", Time since last: 1000358941 ns, Reaching safepoint: 34210 ns, Cleanup: 34559 ns, At safepoint: 5346 ns, Total: 74115 ns
[2024-05-18T19:35:31.307+0000][1][safepoint   ] Safepoint "Cleanup", Time since last: 2014355897 ns, Reaching safepoint: 9251 ns, Cleanup: 8235 ns, At safepoint: 2455 ns, Total: 19941 ns
[2024-05-18T19:35:32.310+0000][1][safepoint   ] Safepoint "Cleanup", Time since last: 1002736414 ns, Reaching safepoint: 37898 ns, Cleanup: 23333 ns, At safepoint: 7509 ns, Total: 68740 ns
[2024-05-18T19:35:33.843+0000][1][safepoint   ] Safepoint "Cleanup", Time since last: 1533038113 ns, Reaching safepoint: 8969 ns, Cleanup: 14174 ns, At safepoint: 2426 ns, Total: 25569 ns
[2024-05-18T19:35:34.846+0000][1][safepoint   ] Safepoint "Cleanup", Time since last: 1002585570 ns, Reaching safepoint: 38157 ns, Cleanup: 28305 ns, At safepoint: 7965 ns, Total: 74427 ns
[2024-05-18T19:35:36.847+0000][1][safepoint   ] Safepoint "Cleanup", Time since last: 2000805999 ns, Reaching safepoint: 37803 ns, Cleanup: 27705 ns, At safepoint: 8873 ns, Total: 74381 ns
[2024-05-18T19:35:38.133+0000][1][safepoint   ] Safepoint "Cleanup", Time since last: 1286204187 ns, Reaching safepoint: 38153 ns, Cleanup: 23689 ns, At safepoint: 8110 ns, Total: 69952 ns
[2024-05-18T19:35:39.134+0000][1][safepoint   ] Safepoint "Cleanup", Time since last: 1000470188 ns, Reaching safepoint: 37872 ns, Cleanup: 30395 ns, At safepoint: 8103 ns, Total: 76370 ns
[2024-05-18T19:35:44.328+0000][1][safepoint   ] Safepoint "Cleanup", Time since last: 5194116851 ns, Reaching safepoint: 111235 ns, Cleanup: 43857 ns, At safepoint: 14717 ns, Total: 169809 ns
[2024-05-18T19:35:45.328+0000][1][safepoint   ] Safepoint "Cleanup", Time since last: 1000390394 ns, Reaching safepoint: 32500 ns, Cleanup: 26448 ns, At safepoint: 6050 ns, Total: 64998 ns
[2024-05-18T19:35:46.438+0000][1][safepoint   ] Safepoint "Cleanup", Time since last: 1109707928 ns, Reaching safepoint: 38037 ns, Cleanup: 23007 ns, At safepoint: 7688 ns, Total: 68732 ns
[2024-05-18T19:35:49.350+0000][1][safepoint   ] Safepoint "Cleanup", Time since last: 2912160903 ns, Reaching safepoint: 30492 ns, Cleanup: 27302 ns, At safepoint: 4537 ns, Total: 62331 ns
[2024-05-18T19:35:50.865+0000][1][safepoint   ] Safepoint "Cleanup", Time since last: 1514711963 ns, Reaching safepoint: 8951 ns, Cleanup: 18838 ns, At safepoint: 4625 ns, Total: 32414 ns
[2024-05-18T19:35:53.151+0000][1][safepoint   ] Safepoint "Cleanup", Time since last: 2286404870 ns, Reaching safepoint: 8572 ns, Cleanup: 19260 ns, At safepoint: 3027 ns, Total: 30859 ns
[2024-05-18T19:35:54.154+0000][1][safepoint   ] Safepoint "Cleanup", Time since last: 1002786279 ns, Reaching safepoint: 30620 ns, Cleanup: 25036 ns, At safepoint: 4607 ns, Total: 60263 ns
[2024-05-18T19:35:56.155+0000][1][safepoint   ] Safepoint "Cleanup", Time since last: 2000489492 ns, Reaching safepoint: 30122 ns, Cleanup: 21140 ns, At safepoint: 4261 ns, Total: 55523 ns
[2024-05-18T19:35:58.366+0000][1][safepoint   ] Safepoint "Cleanup", Time since last: 2211355173 ns, Reaching safepoint: 37509 ns, Cleanup: 63835 ns, At safepoint: 8523 ns, Total: 109867 ns
[2024-05-18T19:35:59.367+0000][1][safepoint   ] Safepoint "Cleanup", Time since last: 1000228459 ns, Reaching safepoint: 28949 ns, Cleanup: 69381 ns, At safepoint: 4260 ns, Total: 102590 ns
[2024-05-18T19:36:02.368+0000][1][safepoint   ] Safepoint "Cleanup", Time since last: 3001016273 ns, Reaching safepoint: 49705 ns, Cleanup: 18240 ns, At safepoint: 4865 ns, Total: 72810 ns
[2024-05-18T19:36:04.381+0000][1][safepoint   ] Safepoint "Cleanup", Time since last: 2012855132 ns, Reaching safepoint: 8936 ns, Cleanup: 22751 ns, At safepoint: 4411 ns, Total: 36098 ns
[2024-05-18T19:36:05.384+0000][1][safepoint   ] Safepoint "Cleanup", Time since last: 1003181515 ns, Reaching safepoint: 32039 ns, Cleanup: 75402 ns, At safepoint: 5050 ns, Total: 112491 ns
[2024-05-18T19:36:07.385+0000][1][safepoint   ] Safepoint "Cleanup", Time since last: 2000545713 ns, Reaching safepoint: 42269 ns, Cleanup: 42921 ns, At safepoint: 9593 ns, Total: 94783 ns
[2024-05-18T19:36:08.889+0000][1][safepoint   ] Safepoint "Cleanup", Time since last: 1504672285 ns, Reaching safepoint: 36171 ns, Cleanup: 23421 ns, At safepoint: 8008 ns, Total: 67600 ns
[2024-05-18T19:36:10.175+0000][1][safepoint   ] Safepoint "Cleanup", Time since last: 1286043355 ns, Reaching safepoint: 8596 ns, Cleanup: 17882 ns, At safepoint: 2641 ns, Total: 29119 ns
[2024-05-18T19:36:11.181+0000][1][safepoint   ] Safepoint "Cleanup", Time since last: 1005655853 ns, Reaching safepoint: 40751 ns, Cleanup: 33558 ns, At safepoint: 10298 ns, Total: 84607 ns
[2024-05-18T19:36:18.483+0000][1][safepoint   ] Safepoint "Cleanup", Time since last: 7302326973 ns, Reaching safepoint: 8996 ns, Cleanup: 12922 ns, At safepoint: 2775 ns, Total: 24693 ns
[2024-05-18T19:36:19.486+0000][1][safepoint   ] Safepoint "Cleanup", Time since last: 1002900291 ns, Reaching safepoint: 75499 ns, Cleanup: 37035 ns, At safepoint: 4831 ns, Total: 117365 ns
[2024-05-18T19:36:21.412+0000][1][safepoint   ] Safepoint "Cleanup", Time since last: 1925852900 ns, Reaching safepoint: 8276 ns, Cleanup: 11442 ns, At safepoint: 3442 ns, Total: 23160 ns
[2024-05-18T19:36:23.917+0000][1][safepoint   ] Safepoint "Cleanup", Time since last: 2504369388 ns, Reaching safepoint: 7940 ns, Cleanup: 15820 ns, At safepoint: 2657 ns, Total: 26417 ns
[2024-05-18T19:36:26.920+0000][1][safepoint   ] Safepoint "Cleanup", Time since last: 3003221745 ns, Reaching safepoint: 29627 ns, Cleanup: 19651 ns, At safepoint: 4512 ns, Total: 53790 ns
[2024-05-18T19:36:28.203+0000][1][safepoint   ] Safepoint "Cleanup", Time since last: 1282883806 ns, Reaching safepoint: 31251 ns, Cleanup: 18916 ns, At safepoint: 5068 ns, Total: 55235 ns
[2024-05-18T19:36:29.203+0000][1][safepoint   ] Safepoint "Cleanup", Time since last: 1000210341 ns, Reaching safepoint: 45048 ns, Cleanup: 16459 ns, At safepoint: 5005 ns, Total: 66512 ns
[2024-05-18T19:36:30.450+0000][1][safepoint   ] Safepoint "Cleanup", Time since last: 1247090892 ns, Reaching safepoint: 9485 ns, Cleanup: 55960 ns, At safepoint: 3709 ns, Total: 69154 ns
[2024-05-18T19:36:31.453+0000][1][safepoint   ] Safepoint "Cleanup", Time since last: 1002557878 ns, Reaching safepoint: 34819 ns, Cleanup: 21483 ns, At safepoint: 6524 ns, Total: 62826 ns
[2024-05-18T19:36:36.454+0000][1][safepoint   ] Safepoint "Cleanup", Time since last: 5001382533 ns, Reaching safepoint: 36364 ns, Cleanup: 23562 ns, At safepoint: 8084 ns, Total: 68010 ns
[2024-05-18T19:36:38.455+0000][1][safepoint   ] Safepoint "Cleanup", Time since last: 2000546938 ns, Reaching safepoint: 140298 ns, Cleanup: 45270 ns, At safepoint: 8915 ns, Total: 194483 ns
[2024-05-18T19:36:40.456+0000][1][safepoint   ] Safepoint "Cleanup", Time since last: 2000525361 ns, Reaching safepoint: 24410 ns, Cleanup: 11055 ns, At safepoint: 5137 ns, Total: 40602 ns
[2024-05-18T19:36:41.456+0000][1][safepoint   ] Safepoint "Cleanup", Time since last: 1000434989 ns, Reaching safepoint: 36397 ns, Cleanup: 36042 ns, At safepoint: 7360 ns, Total: 79799 ns
[2024-05-18T19:36:43.457+0000][1][safepoint   ] Safepoint "Cleanup", Time since last: 2000356957 ns, Reaching safepoint: 34806 ns, Cleanup: 24414 ns, At safepoint: 4422 ns, Total: 63642 ns
[2024-05-18T19:36:46.457+0000][1][safepoint   ] Safepoint "Cleanup", Time since last: 3000666082 ns, Reaching safepoint: 29636 ns, Cleanup: 19756 ns, At safepoint: 5479 ns, Total: 54871 ns
[2024-05-18T19:36:51.869+0000][1][safepoint   ] Safepoint "Cleanup", Time since last: 5411233951 ns, Reaching safepoint: 33203 ns, Cleanup: 20028 ns, At safepoint: 5451 ns, Total: 58682 ns
[2024-05-18T19:36:54.870+0000][1][safepoint   ] Safepoint "Cleanup", Time since last: 3001165387 ns, Reaching safepoint: 36421 ns, Cleanup: 22786 ns, At safepoint: 8142 ns, Total: 67349 ns
[2024-05-18T19:36:57.871+0000][1][safepoint   ] Safepoint "Cleanup", Time since last: 3000938913 ns, Reaching safepoint: 42608 ns, Cleanup: 33566 ns, At safepoint: 9627 ns, Total: 85801 ns
[2024-05-18T19:36:59.872+0000][1][safepoint   ] Safepoint "Cleanup", Time since last: 2000654933 ns, Reaching safepoint: 55354 ns, Cleanup: 38715 ns, At safepoint: 7142 ns, Total: 101211 ns
[2024-05-18T19:37:02.872+0000][1][safepoint   ] Safepoint "Cleanup", Time since last: 3000525532 ns, Reaching safepoint: 31708 ns, Cleanup: 19816 ns, At safepoint: 5079 ns, Total: 56603 ns
[2024-05-18T19:37:08.873+0000][1][safepoint   ] Safepoint "Cleanup", Time since last: 6001045769 ns, Reaching safepoint: 69468 ns, Cleanup: 17878 ns, At safepoint: 9095 ns, Total: 96441 ns
[2024-05-18T19:37:11.908+0000][1][safepoint   ] Safepoint "Cleanup", Time since last: 3034093954 ns, Reaching safepoint: 34347 ns, Cleanup: 32700 ns, At safepoint: 4634 ns, Total: 71681 ns
[2024-05-18T19:37:13.908+0000][1][safepoint   ] Safepoint "Cleanup", Time since last: 2000349543 ns, Reaching safepoint: 29779 ns, Cleanup: 18348 ns, At safepoint: 4845 ns, Total: 52972 ns
[2024-05-18T19:37:16.909+0000][1][safepoint   ] Safepoint "Cleanup", Time since last: 3000730720 ns, Reaching safepoint: 34902 ns, Cleanup: 27296 ns, At safepoint: 6295 ns, Total: 68493 ns
[2024-05-18T19:37:18.909+0000][1][safepoint   ] Safepoint "Cleanup", Time since last: 2000558300 ns, Reaching safepoint: 32256 ns, Cleanup: 18899 ns, At safepoint: 4631 ns, Total: 55786 ns
[2024-05-18T19:37:25.911+0000][1][safepoint   ] Safepoint "Cleanup", Time since last: 7001623704 ns, Reaching safepoint: 29265 ns, Cleanup: 17905 ns, At safepoint: 4777 ns, Total: 51947 ns
[2024-05-18T19:37:35.912+0000][1][safepoint   ] Safepoint "Cleanup", Time since last: 10001195500 ns, Reaching safepoint: 28916 ns, Cleanup: 23668 ns, At safepoint: 4810 ns, Total: 57394 ns
[2024-05-18T19:37:44.914+0000][1][safepoint   ] Safepoint "Cleanup", Time since last: 9001144512 ns, Reaching safepoint: 68907 ns, Cleanup: 25725 ns, At safepoint: 5851 ns, Total: 100483 ns
[2024-05-18T19:37:45.914+0000][1][safepoint   ] Safepoint "Cleanup", Time since last: 1000147101 ns, Reaching safepoint: 30014 ns, Cleanup: 18247 ns, At safepoint: 5129 ns, Total: 53390 ns
[2024-05-18T19:37:46.914+0000][1][safepoint   ] Safepoint "Cleanup", Time since last: 1000140368 ns, Reaching safepoint: 27591 ns, Cleanup: 17332 ns, At safepoint: 4663 ns, Total: 49586 ns
[2024-05-18T19:37:49.914+0000][1][safepoint   ] Safepoint "Cleanup", Time since last: 3000402755 ns, Reaching safepoint: 32701 ns, Cleanup: 28457 ns, At safepoint: 4687 ns, Total: 65845 ns
[2024-05-18T19:37:51.915+0000][1][safepoint   ] Safepoint "Cleanup", Time since last: 2000267295 ns, Reaching safepoint: 31380 ns, Cleanup: 18799 ns, At safepoint: 6157 ns, Total: 56336 ns
[2024-05-18T19:37:58.917+0000][1][safepoint   ] Safepoint "Cleanup", Time since last: 7001887207 ns, Reaching safepoint: 43076 ns, Cleanup: 28391 ns, At safepoint: 9292 ns, Total: 80759 ns
[2024-05-18T19:37:59.918+0000][1][safepoint   ] Safepoint "Cleanup", Time since last: 1000727271 ns, Reaching safepoint: 34610 ns, Cleanup: 37077 ns, At safepoint: 6164 ns, Total: 77851 ns
[2024-05-18T19:38:00.918+0000][1][safepoint   ] Safepoint "Cleanup", Time since last: 1000465556 ns, Reaching safepoint: 36481 ns, Cleanup: 29764 ns, At safepoint: 7547 ns, Total: 73792 ns
[2024-05-18T19:38:03.919+0000][1][safepoint   ] Safepoint "Cleanup", Time since last: 3001023156 ns, Reaching safepoint: 36348 ns, Cleanup: 30668 ns, At safepoint: 7203 ns, Total: 74219 ns
[2024-05-18T19:38:06.920+0000][1][safepoint   ] Safepoint "Cleanup", Time since last: 3000831343 ns, Reaching safepoint: 30241 ns, Cleanup: 16958 ns, At safepoint: 4551 ns, Total: 51750 ns
[2024-05-18T19:38:08.921+0000][1][safepoint   ] Safepoint "Cleanup", Time since last: 2000628308 ns, Reaching safepoint: 31045 ns, Cleanup: 37192 ns, At safepoint: 4382 ns, Total: 72619 ns
[2024-05-18T19:38:14.923+0000][1][safepoint   ] Safepoint "Cleanup", Time since last: 6001833897 ns, Reaching safepoint: 75122 ns, Cleanup: 24147 ns, At safepoint: 5319 ns, Total: 104588 ns
[2024-05-18T19:38:17.923+0000][1][safepoint   ] Safepoint "Cleanup", Time since last: 3000576839 ns, Reaching safepoint: 43007 ns, Cleanup: 92541 ns, At safepoint: 11147 ns, Total: 146695 ns
[2024-05-18T19:38:20.924+0000][1][safepoint   ] Safepoint "Cleanup", Time since last: 3000674005 ns, Reaching safepoint: 28843 ns, Cleanup: 17540 ns, At safepoint: 4278 ns, Total: 50661 ns
[2024-05-18T19:38:22.925+0000][1][safepoint   ] Safepoint "Cleanup", Time since last: 2000715335 ns, Reaching safepoint: 36247 ns, Cleanup: 40015 ns, At safepoint: 7309 ns, Total: 83571 ns
[2024-05-18T19:38:25.926+0000][1][safepoint   ] Safepoint "Cleanup", Time since last: 3001181551 ns, Reaching safepoint: 36081 ns, Cleanup: 28285 ns, At safepoint: 8296 ns, Total: 72662 ns
[2024-05-18T19:38:31.928+0000][1][safepoint   ] Safepoint "Cleanup", Time since last: 6001463708 ns, Reaching safepoint: 56546 ns, Cleanup: 29441 ns, At safepoint: 8026 ns, Total: 94013 ns
[2024-05-18T19:38:33.929+0000][1][safepoint   ] Safepoint "Cleanup", Time since last: 2000650009 ns, Reaching safepoint: 42910 ns, Cleanup: 54705 ns, At safepoint: 9873 ns, Total: 107488 ns
[2024-05-18T19:38:41.931+0000][1][safepoint   ] Safepoint "Cleanup", Time since last: 8002297762 ns, Reaching safepoint: 100341 ns, Cleanup: 25998 ns, At safepoint: 8739 ns, Total: 135078 ns
[2024-05-18T19:38:47.933+0000][1][safepoint   ] Safepoint "Cleanup", Time since last: 6002246128 ns, Reaching safepoint: 36567 ns, Cleanup: 25861 ns, At safepoint: 7539 ns, Total: 69967 ns
[2024-05-18T19:38:50.935+0000][1][safepoint   ] Safepoint "Cleanup", Time since last: 3001148482 ns, Reaching safepoint: 36286 ns, Cleanup: 35897 ns, At safepoint: 8620 ns, Total: 80803 ns
[2024-05-18T19:38:52.936+0000][1][safepoint   ] Safepoint "Cleanup", Time since last: 2000818875 ns, Reaching safepoint: 134375 ns, Cleanup: 35021 ns, At safepoint: 18204 ns, Total: 187600 ns
[2024-05-18T19:38:57.937+0000][1][safepoint   ] Safepoint "Cleanup", Time since last: 5001001646 ns, Reaching safepoint: 32885 ns, Cleanup: 24918 ns, At safepoint: 8895 ns, Total: 66698 ns
[2024-05-18T19:39:03.939+0000][1][safepoint   ] Safepoint "Cleanup", Time since last: 6002002208 ns, Reaching safepoint: 103820 ns, Cleanup: 23806 ns, At safepoint: 16846 ns, Total: 144472 ns
[2024-05-18T19:39:07.940+0000][1][safepoint   ] Safepoint "Cleanup", Time since last: 4001048361 ns, Reaching safepoint: 36581 ns, Cleanup: 34783 ns, At safepoint: 8273 ns, Total: 79637 ns
[2024-05-18T19:39:09.941+0000][1][safepoint   ] Safepoint "Cleanup", Time since last: 2000581442 ns, Reaching safepoint: 30847 ns, Cleanup: 17500 ns, At safepoint: 4631 ns, Total: 52978 ns
[2024-05-18T19:39:11.941+0000][1][safepoint   ] Safepoint "Cleanup", Time since last: 2000838507 ns, Reaching safepoint: 36467 ns, Cleanup: 27090 ns, At safepoint: 7680 ns, Total: 71237 ns
[2024-05-18T19:39:14.942+0000][1][safepoint   ] Safepoint "Cleanup", Time since last: 3000946916 ns, Reaching safepoint: 36210 ns, Cleanup: 33758 ns, At safepoint: 8653 ns, Total: 78621 ns
[2024-05-18T19:39:25.945+0000][1][safepoint   ] Safepoint "Cleanup", Time since last: 11002525796 ns, Reaching safepoint: 24816 ns, Cleanup: 39127 ns, At safepoint: 4229 ns, Total: 68172 ns
[2024-05-18T19:39:27.946+0000][1][safepoint   ] Safepoint "Cleanup", Time since last: 2000496187 ns, Reaching safepoint: 36388 ns, Cleanup: 22475 ns, At safepoint: 7710 ns, Total: 66573 ns
[2024-05-18T19:39:28.946+0000][1][safepoint   ] Safepoint "Cleanup", Time since last: 1000482894 ns, Reaching safepoint: 36370 ns, Cleanup: 30402 ns, At safepoint: 8055 ns, Total: 74827 ns
[2024-05-18T19:39:30.947+0000][1][safepoint   ] Safepoint "Cleanup", Time since last: 2000800457 ns, Reaching safepoint: 36503 ns, Cleanup: 24952 ns, At safepoint: 8833 ns, Total: 70288 ns
[2024-05-18T19:39:37.628+0000][1][safepoint   ] Safepoint "Cleanup", Time since last: 6680441412 ns, Reaching safepoint: 28573 ns, Cleanup: 43044 ns, At safepoint: 4271 ns, Total: 75888 ns
[2024-05-18T19:39:39.351+0000][1][safepoint   ] Safepoint "Cleanup", Time since last: 1723204412 ns, Reaching safepoint: 32660 ns, Cleanup: 56857 ns, At safepoint: 6027 ns, Total: 95544 ns
[2024-05-18T19:39:39.566+0000][1][gc,start    ] GC(11) Pause Young (Prepare Mixed) (G1 Evacuation Pause)
[2024-05-18T19:39:39.566+0000][1][gc,task     ] GC(11) Using 4 workers of 4 for evacuation
[2024-05-18T19:39:39.566+0000][1][gc,age      ] GC(11) Desired survivor size 40370176 bytes, new threshold 15 (max threshold 15)
[2024-05-18T19:39:39.639+0000][1][gc,phases   ] GC(11)   Pre Evacuate Collection Set: 0.5ms
[2024-05-18T19:39:39.639+0000][1][gc,phases   ] GC(11)   Merge Heap Roots: 0.2ms
[2024-05-18T19:39:39.639+0000][1][gc,phases   ] GC(11)   Evacuate Collection Set: 64.9ms
[2024-05-18T19:39:39.639+0000][1][gc,phases   ] GC(11)   Post Evacuate Collection Set: 6.4ms
[2024-05-18T19:39:39.639+0000][1][gc,phases   ] GC(11)   Other: 0.3ms
[2024-05-18T19:39:39.639+0000][1][gc,age      ] GC(11) Age table with threshold 15 (max threshold 15)
[2024-05-18T19:39:39.639+0000][1][gc,age      ] GC(11) - age   1:   20873208 bytes,   20873208 total
[2024-05-18T19:39:39.639+0000][1][gc,age      ] GC(11) - age   2:      29272 bytes,   20902480 total
[2024-05-18T19:39:39.639+0000][1][gc,age      ] GC(11) - age   3:      38752 bytes,   20941232 total
[2024-05-18T19:39:39.639+0000][1][gc,age      ] GC(11) - age   4:    6501344 bytes,   27442576 total
[2024-05-18T19:39:39.639+0000][1][gc,age      ] GC(11) - age   5:     788816 bytes,   28231392 total
[2024-05-18T19:39:39.639+0000][1][gc,age      ] GC(11) - age   6:     162536 bytes,   28393928 total
[2024-05-18T19:39:39.639+0000][1][gc,age      ] GC(11) - age   7:     933920 bytes,   29327848 total
[2024-05-18T19:39:39.639+0000][1][gc,age      ] GC(11) - age   8:    1092976 bytes,   30420824 total
[2024-05-18T19:39:39.639+0000][1][gc,heap     ] GC(11) Eden regions: 603->0(583)
[2024-05-18T19:39:39.639+0000][1][gc,heap     ] GC(11) Survivor regions: 11->31(77)
[2024-05-18T19:39:39.639+0000][1][gc,heap     ] GC(11) Old regions: 9->9
[2024-05-18T19:39:39.639+0000][1][gc,heap     ] GC(11) Humongous regions: 13->3
[2024-05-18T19:39:39.639+0000][1][gc,metaspace] GC(11) Metaspace: 91665K(93248K)->91665K(93248K) NonClass: 79963K(80832K)->79963K(80832K) Class: 11701K(12416K)->11701K(12416K)
[2024-05-18T19:39:39.639+0000][1][gc          ] GC(11) Pause Young (Prepare Mixed) (G1 Evacuation Pause) 634M->41M(1024M) 72.762ms
[2024-05-18T19:39:39.639+0000][1][gc,cpu      ] GC(11) User=0.12s Sys=0.05s Real=0.07s
[2024-05-18T19:39:39.639+0000][1][safepoint   ] Safepoint "G1CollectForAllocation", Time since last: 215188073 ns, Reaching safepoint: 27650 ns, Cleanup: 17912 ns, At safepoint: 72877134 ns, Total: 72922696 ns
[2024-05-18T19:39:40.692+0000][1][safepoint   ] Safepoint "Cleanup", Time since last: 1052566580 ns, Reaching safepoint: 43607 ns, Cleanup: 46733 ns, At safepoint: 9871 ns, Total: 100211 ns
[2024-05-18T19:39:42.687+0000][1][safepoint   ] Safepoint "Cleanup", Time since last: 1995315436 ns, Reaching safepoint: 36691 ns, Cleanup: 82565 ns, At safepoint: 8608 ns, Total: 127864 ns
[2024-05-18T19:39:44.092+0000][1][safepoint   ] Safepoint "Cleanup", Time since last: 1404635140 ns, Reaching safepoint: 42937 ns, Cleanup: 61878 ns, At safepoint: 10894 ns, Total: 115709 ns
[2024-05-18T19:39:45.092+0000][1][safepoint   ] Safepoint "Cleanup", Time since last: 1000467466 ns, Reaching safepoint: 34889 ns, Cleanup: 52726 ns, At safepoint: 7735 ns, Total: 95350 ns
[2024-05-18T19:39:46.374+0000][1][safepoint   ] Safepoint "Cleanup", Time since last: 1281130678 ns, Reaching safepoint: 36862 ns, Cleanup: 46644 ns, At safepoint: 8235 ns, Total: 91741 ns
[2024-05-18T19:39:47.704+0000][1][safepoint   ] Safepoint "Cleanup", Time since last: 1330691260 ns, Reaching safepoint: 7950 ns, Cleanup: 24462 ns, At safepoint: 3449 ns, Total: 35861 ns
[2024-05-18T19:39:48.707+0000][1][safepoint   ] Safepoint "Cleanup", Time since last: 1002541135 ns, Reaching safepoint: 30445 ns, Cleanup: 33742 ns, At safepoint: 4456 ns, Total: 68643 ns
[2024-05-18T19:39:50.708+0000][1][safepoint   ] Safepoint "Cleanup", Time since last: 2000819063 ns, Reaching safepoint: 58092 ns, Cleanup: 59161 ns, At safepoint: 7326 ns, Total: 124579 ns
[2024-05-18T19:39:51.708+0000][1][safepoint   ] Safepoint "Cleanup", Time since last: 1000337032 ns, Reaching safepoint: 30629 ns, Cleanup: 30872 ns, At safepoint: 4999 ns, Total: 66500 ns
[2024-05-18T19:39:53.701+0000][1][safepoint   ] Safepoint "Cleanup", Time since last: 1992363574 ns, Reaching safepoint: 9302 ns, Cleanup: 10296 ns, At safepoint: 4614 ns, Total: 24212 ns
[2024-05-18T19:39:56.704+0000][1][safepoint   ] Safepoint "Cleanup", Time since last: 3002889971 ns, Reaching safepoint: 29764 ns, Cleanup: 21658 ns, At safepoint: 5429 ns, Total: 56851 ns
[2024-05-18T19:39:57.725+0000][1][safepoint   ] Safepoint "Cleanup", Time since last: 1021709502 ns, Reaching safepoint: 34736 ns, Cleanup: 26825 ns, At safepoint: 6228 ns, Total: 67789 ns
[2024-05-18T19:40:01.396+0000][1][safepoint   ] Safepoint "Cleanup", Time since last: 3670711953 ns, Reaching safepoint: 9856 ns, Cleanup: 10842 ns, At safepoint: 3583 ns, Total: 24281 ns
[2024-05-18T19:40:08.401+0000][1][safepoint   ] Safepoint "Cleanup", Time since last: 7004771140 ns, Reaching safepoint: 93111 ns, Cleanup: 22547 ns, At safepoint: 9283 ns, Total: 124941 ns
[2024-05-18T19:40:09.402+0000][1][safepoint   ] Safepoint "Cleanup", Time since last: 1000461136 ns, Reaching safepoint: 36822 ns, Cleanup: 22625 ns, At safepoint: 9406 ns, Total: 68853 ns
[2024-05-18T19:40:10.402+0000][1][safepoint   ] Safepoint "Cleanup", Time since last: 1000340345 ns, Reaching safepoint: 34791 ns, Cleanup: 23187 ns, At safepoint: 7174 ns, Total: 65152 ns
[2024-05-18T19:40:13.727+0000][1][safepoint   ] Safepoint "Cleanup", Time since last: 3324790988 ns, Reaching safepoint: 43037 ns, Cleanup: 28287 ns, At safepoint: 10688 ns, Total: 82012 ns
[2024-05-18T19:40:14.753+0000][1][safepoint   ] Safepoint "Cleanup", Time since last: 1026387260 ns, Reaching safepoint: 36855 ns, Cleanup: 84790 ns, At safepoint: 7668 ns, Total: 129313 ns
[2024-05-18T19:40:18.158+0000][1][safepoint   ] Safepoint "Cleanup", Time since last: 3404053806 ns, Reaching safepoint: 99479 ns, Cleanup: 28817 ns, At safepoint: 8982 ns, Total: 137278 ns
[2024-05-18T19:40:19.423+0000][1][safepoint   ] Safepoint "Cleanup", Time since last: 1265372437 ns, Reaching safepoint: 36912 ns, Cleanup: 23598 ns, At safepoint: 7892 ns, Total: 68402 ns
[2024-05-18T19:40:26.770+0000][1][safepoint   ] Safepoint "Cleanup", Time since last: 7346687706 ns, Reaching safepoint: 34581 ns, Cleanup: 38597 ns, At safepoint: 6012 ns, Total: 79190 ns
[2024-05-18T19:40:27.770+0000][1][safepoint   ] Safepoint "Cleanup", Time since last: 1000469906 ns, Reaching safepoint: 36915 ns, Cleanup: 25162 ns, At safepoint: 8132 ns, Total: 70209 ns
[2024-05-18T19:40:29.771+0000][1][safepoint   ] Safepoint "Cleanup", Time since last: 2000540757 ns, Reaching safepoint: 34570 ns, Cleanup: 18332 ns, At safepoint: 4542 ns, Total: 57444 ns
[2024-05-18T19:40:30.772+0000][1][safepoint   ] Safepoint "Cleanup", Time since last: 1000587663 ns, Reaching safepoint: 36743 ns, Cleanup: 23147 ns, At safepoint: 7923 ns, Total: 67813 ns
[2024-05-18T19:40:32.772+0000][1][safepoint   ] Safepoint "Cleanup", Time since last: 2000821857 ns, Reaching safepoint: 32229 ns, Cleanup: 19342 ns, At safepoint: 5114 ns, Total: 56685 ns
[2024-05-18T19:40:39.452+0000][1][safepoint   ] Safepoint "Cleanup", Time since last: 6679280697 ns, Reaching safepoint: 9854 ns, Cleanup: 16716 ns, At safepoint: 2995 ns, Total: 29565 ns
[2024-05-18T19:40:41.184+0000][1][safepoint   ] Safepoint "Cleanup", Time since last: 1731617446 ns, Reaching safepoint: 158787 ns, Cleanup: 61121 ns, At safepoint: 13241 ns, Total: 233149 ns
[2024-05-18T19:40:42.184+0000][1][safepoint   ] Safepoint "Cleanup", Time since last: 1000517580 ns, Reaching safepoint: 36807 ns, Cleanup: 38642 ns, At safepoint: 7539 ns, Total: 82988 ns
[2024-05-18T19:40:43.770+0000][1][safepoint   ] Safepoint "Cleanup", Time since last: 1585409992 ns, Reaching safepoint: 8497 ns, Cleanup: 9190 ns, At safepoint: 2976 ns, Total: 20663 ns
[2024-05-18T19:40:46.773+0000][1][safepoint   ] Safepoint "Cleanup", Time since last: 3002998002 ns, Reaching safepoint: 83062 ns, Cleanup: 19248 ns, At safepoint: 12318 ns, Total: 114628 ns
[2024-05-18T19:40:48.108+0000][1][safepoint   ] Safepoint "Cleanup", Time since last: 1334927703 ns, Reaching safepoint: 36802 ns, Cleanup: 41148 ns, At safepoint: 6880 ns, Total: 84830 ns
[2024-05-18T19:40:49.108+0000][1][safepoint   ] Safepoint "Cleanup", Time since last: 1000233545 ns, Reaching safepoint: 30512 ns, Cleanup: 24584 ns, At safepoint: 5148 ns, Total: 60244 ns
[2024-05-18T19:40:51.205+0000][1][safepoint   ] Safepoint "Cleanup", Time since last: 2096421201 ns, Reaching safepoint: 32545 ns, Cleanup: 27223 ns, At safepoint: 6594 ns, Total: 66362 ns
[2024-05-18T19:40:53.472+0000][1][safepoint   ] Safepoint "Cleanup", Time since last: 2267241361 ns, Reaching safepoint: 50706 ns, Cleanup: 70486 ns, At safepoint: 12743 ns, Total: 133935 ns
[2024-05-18T19:40:54.473+0000][1][safepoint   ] Safepoint "Cleanup", Time since last: 1000513423 ns, Reaching safepoint: 37024 ns, Cleanup: 24847 ns, At safepoint: 7735 ns, Total: 69606 ns
[2024-05-18T19:40:56.658+0000][1][safepoint   ] Safepoint "Cleanup", Time since last: 2185102459 ns, Reaching safepoint: 11557 ns, Cleanup: 20065 ns, At safepoint: 5899 ns, Total: 37521 ns
[2024-05-18T19:40:58.454+0000][1][safepoint   ] Safepoint "Cleanup", Time since last: 1795814775 ns, Reaching safepoint: 11794 ns, Cleanup: 108490 ns, At safepoint: 11873 ns, Total: 132157 ns
[2024-05-18T19:40:59.454+0000][1][safepoint   ] Safepoint "Cleanup", Time since last: 1000429424 ns, Reaching safepoint: 43489 ns, Cleanup: 40805 ns, At safepoint: 10898 ns, Total: 95192 ns
[2024-05-18T19:41:00.455+0000][1][safepoint   ] Safepoint "Cleanup", Time since last: 1000522990 ns, Reaching safepoint: 43541 ns, Cleanup: 78126 ns, At safepoint: 9814 ns, Total: 131481 ns
[2024-05-18T19:41:01.793+0000][1][safepoint   ] Safepoint "Cleanup", Time since last: 1337717828 ns, Reaching safepoint: 43284 ns, Cleanup: 35889 ns, At safepoint: 10542 ns, Total: 89715 ns
[2024-05-18T19:41:02.793+0000][1][safepoint   ] Safepoint "Cleanup", Time since last: 1000498880 ns, Reaching safepoint: 37457 ns, Cleanup: 35277 ns, At safepoint: 8007 ns, Total: 80741 ns
[2024-05-18T19:41:03.840+0000][1][safepoint   ] Safepoint "Cleanup", Time since last: 1046447825 ns, Reaching safepoint: 66549 ns, Cleanup: 40325 ns, At safepoint: 8197 ns, Total: 115071 ns
[2024-05-18T19:41:05.223+0000][1][safepoint   ] Safepoint "Cleanup", Time since last: 1383701871 ns, Reaching safepoint: 17249 ns, Cleanup: 22712 ns, At safepoint: 12787 ns, Total: 52748 ns
[2024-05-18T19:41:06.231+0000][1][safepoint   ] Safepoint "Cleanup", Time since last: 1007712608 ns, Reaching safepoint: 37217 ns, Cleanup: 35964 ns, At safepoint: 7167 ns, Total: 80348 ns
[2024-05-18T19:41:08.232+0000][1][safepoint   ] Safepoint "Cleanup", Time since last: 2000598781 ns, Reaching safepoint: 37190 ns, Cleanup: 42132 ns, At safepoint: 8065 ns, Total: 87387 ns
[2024-05-18T19:41:10.492+0000][1][safepoint   ] Safepoint "Cleanup", Time since last: 2259780347 ns, Reaching safepoint: 36810 ns, Cleanup: 39701 ns, At safepoint: 8457 ns, Total: 84968 ns
[2024-05-18T19:41:11.868+0000][1][safepoint   ] Safepoint "Cleanup", Time since last: 1376213952 ns, Reaching safepoint: 30949 ns, Cleanup: 18249 ns, At safepoint: 4357 ns, Total: 53555 ns
[2024-05-18T19:41:13.869+0000][1][safepoint   ] Safepoint "Cleanup", Time since last: 2000655878 ns, Reaching safepoint: 34909 ns, Cleanup: 21725 ns, At safepoint: 7155 ns, Total: 63789 ns
[2024-05-18T19:41:16.811+0000][1][safepoint   ] Safepoint "Cleanup", Time since last: 2941866647 ns, Reaching safepoint: 15548 ns, Cleanup: 18458 ns, At safepoint: 5075 ns, Total: 39081 ns
[2024-05-18T19:41:18.815+0000][1][safepoint   ] Safepoint "Cleanup", Time since last: 2003732347 ns, Reaching safepoint: 43266 ns, Cleanup: 39617 ns, At safepoint: 10274 ns, Total: 93157 ns
[2024-05-18T19:41:19.882+0000][1][safepoint   ] Safepoint "Cleanup", Time since last: 1067780184 ns, Reaching safepoint: 8810 ns, Cleanup: 8606 ns, At safepoint: 4032 ns, Total: 21448 ns
[2024-05-18T19:41:20.891+0000][1][safepoint   ] Safepoint "Cleanup", Time since last: 1009027810 ns, Reaching safepoint: 58840 ns, Cleanup: 31465 ns, At safepoint: 4418 ns, Total: 94723 ns
[2024-05-18T19:41:21.896+0000][1][safepoint   ] Safepoint "Cleanup", Time since last: 1004601614 ns, Reaching safepoint: 29682 ns, Cleanup: 19695 ns, At safepoint: 5505 ns, Total: 54882 ns
[2024-05-18T19:41:23.267+0000][1][safepoint   ] Safepoint "Cleanup", Time since last: 1370371289 ns, Reaching safepoint: 9046 ns, Cleanup: 16298 ns, At safepoint: 3293 ns, Total: 28637 ns
[2024-05-18T19:41:25.514+0000][1][safepoint   ] Safepoint "Cleanup", Time since last: 2247748308 ns, Reaching safepoint: 71551 ns, Cleanup: 16975 ns, At safepoint: 4484 ns, Total: 93010 ns
[2024-05-18T19:41:27.515+0000][1][safepoint   ] Safepoint "Cleanup", Time since last: 2000775247 ns, Reaching safepoint: 36795 ns, Cleanup: 28233 ns, At safepoint: 7687 ns, Total: 72715 ns
[2024-05-18T19:41:36.931+0000][1][safepoint   ] Safepoint "Cleanup", Time since last: 9415996933 ns, Reaching safepoint: 100924 ns, Cleanup: 22674 ns, At safepoint: 7858 ns, Total: 131456 ns
[2024-05-18T19:41:38.932+0000][1][safepoint   ] Safepoint "Cleanup", Time since last: 2000507095 ns, Reaching safepoint: 115714 ns, Cleanup: 34522 ns, At safepoint: 246650 ns, Total: 396886 ns
[2024-05-18T19:41:53.180+0000][1][safepoint   ] Safepoint "Cleanup", Time since last: 14247634182 ns, Reaching safepoint: 37223 ns, Cleanup: 22084 ns, At safepoint: 7209 ns, Total: 66516 ns
[2024-05-18T19:41:58.182+0000][1][safepoint   ] Safepoint "Cleanup", Time since last: 5001828183 ns, Reaching safepoint: 36679 ns, Cleanup: 25401 ns, At safepoint: 8216 ns, Total: 70296 ns
[2024-05-18T19:42:24.191+0000][1][safepoint   ] Safepoint "Cleanup", Time since last: 26009033417 ns, Reaching safepoint: 121330 ns, Cleanup: 38971 ns, At safepoint: 10655 ns, Total: 170956 ns
[2024-05-18T19:42:26.192+0000][1][safepoint   ] Safepoint "Cleanup", Time since last: 2000657564 ns, Reaching safepoint: 36855 ns, Cleanup: 22765 ns, At safepoint: 7542 ns, Total: 67162 ns
[2024-05-18T19:42:28.192+0000][1][safepoint   ] Safepoint "Cleanup", Time since last: 2000639259 ns, Reaching safepoint: 43203 ns, Cleanup: 28454 ns, At safepoint: 9825 ns, Total: 81482 ns
[2024-05-18T19:42:34.195+0000][1][safepoint   ] Safepoint "Cleanup", Time since last: 6002220015 ns, Reaching safepoint: 36635 ns, Cleanup: 22198 ns, At safepoint: 8247 ns, Total: 67080 ns
[2024-05-18T19:42:42.616+0000][1][gc,start    ] GC(12) Pause Young (Concurrent Start) (CodeCache GC Threshold)
[2024-05-18T19:42:42.616+0000][1][gc,task     ] GC(12) Using 4 workers of 4 for evacuation
[2024-05-18T19:42:42.616+0000][1][gc,age      ] GC(12) Desired survivor size 40370176 bytes, new threshold 15 (max threshold 15)
[2024-05-18T19:42:42.664+0000][1][gc,phases   ] GC(12)   Pre Evacuate Collection Set: 0.4ms
[2024-05-18T19:42:42.665+0000][1][gc,phases   ] GC(12)   Merge Heap Roots: 0.1ms
[2024-05-18T19:42:42.665+0000][1][gc,phases   ] GC(12)   Evacuate Collection Set: 45.0ms
[2024-05-18T19:42:42.665+0000][1][gc,phases   ] GC(12)   Post Evacuate Collection Set: 3.2ms
[2024-05-18T19:42:42.665+0000][1][gc,phases   ] GC(12)   Other: 0.1ms
[2024-05-18T19:42:42.665+0000][1][gc,age      ] GC(12) Age table with threshold 15 (max threshold 15)
[2024-05-18T19:42:42.665+0000][1][gc,age      ] GC(12) - age   1:    5508424 bytes,    5508424 total
[2024-05-18T19:42:42.665+0000][1][gc,age      ] GC(12) - age   2:   19697192 bytes,   25205616 total
[2024-05-18T19:42:42.665+0000][1][gc,age      ] GC(12) - age   3:      29272 bytes,   25234888 total
[2024-05-18T19:42:42.665+0000][1][gc,age      ] GC(12) - age   4:      38720 bytes,   25273608 total
[2024-05-18T19:42:42.665+0000][1][gc,age      ] GC(12) - age   5:    6500424 bytes,   31774032 total
[2024-05-18T19:42:42.665+0000][1][gc,age      ] GC(12) - age   6:     788816 bytes,   32562848 total
[2024-05-18T19:42:42.665+0000][1][gc,age      ] GC(12) - age   7:     162536 bytes,   32725384 total
[2024-05-18T19:42:42.665+0000][1][gc,age      ] GC(12) - age   8:     933920 bytes,   33659304 total
[2024-05-18T19:42:42.665+0000][1][gc,age      ] GC(12) - age   9:    1092784 bytes,   34752088 total
[2024-05-18T19:42:42.665+0000][1][gc,heap     ] GC(12) Eden regions: 217->0(579)
[2024-05-18T19:42:42.665+0000][1][gc,heap     ] GC(12) Survivor regions: 31->35(77)
[2024-05-18T19:42:42.665+0000][1][gc,heap     ] GC(12) Old regions: 9->9
[2024-05-18T19:42:42.665+0000][1][gc,heap     ] GC(12) Humongous regions: 3->3
[2024-05-18T19:42:42.665+0000][1][gc,metaspace] GC(12) Metaspace: 96723K(98240K)->96723K(98240K) NonClass: 84498K(85312K)->84498K(85312K) Class: 12225K(12928K)->12225K(12928K)
[2024-05-18T19:42:42.665+0000][1][gc          ] GC(12) Pause Young (Concurrent Start) (CodeCache GC Threshold) 258M->45M(1024M) 49.242ms
[2024-05-18T19:42:42.665+0000][1][gc          ] GC(13) Concurrent Mark Cycle
[2024-05-18T19:42:42.665+0000][1][gc,marking  ] GC(13) Concurrent Scan Root Regions
[2024-05-18T19:42:42.665+0000][1][gc,cpu      ] GC(12) User=0.11s Sys=0.03s Real=0.05s
[2024-05-18T19:42:42.665+0000][1][safepoint   ] Safepoint "G1TryInitiateConcMark", Time since last: 8420651997 ns, Reaching safepoint: 73532 ns, Cleanup: 5991 ns, At safepoint: 49404347 ns, Total: 49483870 ns
[2024-05-18T19:42:42.695+0000][1][gc,marking  ] GC(13) Concurrent Scan Root Regions 30.149ms
[2024-05-18T19:42:42.695+0000][1][gc,marking  ] GC(13) Concurrent Mark
[2024-05-18T19:42:42.695+0000][1][gc,marking  ] GC(13) Concurrent Mark From Roots
[2024-05-18T19:42:42.695+0000][1][gc,task     ] GC(13) Using 1 workers of 1 for marking
[2024-05-18T19:42:42.703+0000][1][gc,marking  ] GC(13) Concurrent Mark From Roots 8.073ms
[2024-05-18T19:42:42.703+0000][1][gc,marking  ] GC(13) Concurrent Preclean
[2024-05-18T19:42:42.703+0000][1][gc,marking  ] GC(13) Concurrent Preclean 0.030ms
[2024-05-18T19:42:42.703+0000][1][gc,start    ] GC(13) Pause Remark
[2024-05-18T19:42:42.717+0000][1][gc          ] GC(13) Pause Remark 47M->47M(1024M) 13.652ms
[2024-05-18T19:42:42.717+0000][1][gc,cpu      ] GC(13) User=0.04s Sys=0.00s Real=0.01s
[2024-05-18T19:42:42.717+0000][1][safepoint   ] Safepoint "G1PauseRemark", Time since last: 38440792 ns, Reaching safepoint: 28752 ns, Cleanup: 38181 ns, At safepoint: 13790227 ns, Total: 13857160 ns
[2024-05-18T19:42:42.717+0000][1][gc,marking  ] GC(13) Concurrent Mark 22.174ms
[2024-05-18T19:42:42.717+0000][1][gc,marking  ] GC(13) Concurrent Rebuild Remembered Sets and Scrub Regions
[2024-05-18T19:42:42.721+0000][1][gc,marking  ] GC(13) Concurrent Rebuild Remembered Sets and Scrub Regions 3.608ms
[2024-05-18T19:42:42.721+0000][1][gc,start    ] GC(13) Pause Cleanup
[2024-05-18T19:42:42.721+0000][1][gc          ] GC(13) Pause Cleanup 47M->47M(1024M) 0.309ms
[2024-05-18T19:42:42.721+0000][1][gc,cpu      ] GC(13) User=0.00s Sys=0.00s Real=0.00s
[2024-05-18T19:42:42.721+0000][1][safepoint   ] Safepoint "G1PauseCleanup", Time since last: 3798550 ns, Reaching safepoint: 21994 ns, Cleanup: 8146 ns, At safepoint: 378775 ns, Total: 408915 ns
[2024-05-18T19:42:42.721+0000][1][gc,marking  ] GC(13) Concurrent Clear Claimed Marks
[2024-05-18T19:42:42.722+0000][1][gc,marking  ] GC(13) Concurrent Clear Claimed Marks 0.205ms
[2024-05-18T19:42:42.722+0000][1][gc,marking  ] GC(13) Concurrent Cleanup for Next Mark
[2024-05-18T19:42:42.725+0000][1][gc,marking  ] GC(13) Concurrent Cleanup for Next Mark 3.209ms
[2024-05-18T19:42:42.725+0000][1][gc          ] GC(13) Concurrent Mark Cycle 60.172ms
[2024-05-18T19:42:45.722+0000][1][safepoint   ] Safepoint "Cleanup", Time since last: 3000910480 ns, Reaching safepoint: 40557 ns, Cleanup: 27978 ns, At safepoint: 7924 ns, Total: 76459 ns
[2024-05-18T19:42:50.723+0000][1][safepoint   ] Safepoint "Cleanup", Time since last: 5000753303 ns, Reaching safepoint: 31508 ns, Cleanup: 18495 ns, At safepoint: 4070 ns, Total: 54073 ns
[2024-05-18T19:42:57.725+0000][1][safepoint   ] Safepoint "Cleanup", Time since last: 7001239591 ns, Reaching safepoint: 41888 ns, Cleanup: 30415 ns, At safepoint: 10714 ns, Total: 83017 ns
[2024-05-18T19:43:02.726+0000][1][safepoint   ] Safepoint "Cleanup", Time since last: 5001176562 ns, Reaching safepoint: 36168 ns, Cleanup: 26468 ns, At safepoint: 20732 ns, Total: 83368 ns
[2024-05-18T19:43:13.729+0000][1][safepoint   ] Safepoint "Cleanup", Time since last: 11003276024 ns, Reaching safepoint: 100575 ns, Cleanup: 29234 ns, At safepoint: 7641 ns, Total: 137450 ns
[2024-05-18T19:43:16.730+0000][1][safepoint   ] Safepoint "Cleanup", Time since last: 3001164629 ns, Reaching safepoint: 36762 ns, Cleanup: 34819 ns, At safepoint: 7181 ns, Total: 78762 ns
[2024-05-18T19:43:18.731+0000][1][safepoint   ] Safepoint "Cleanup", Time since last: 2000800559 ns, Reaching safepoint: 38071 ns, Cleanup: 24419 ns, At safepoint: 9168 ns, Total: 71658 ns
[2024-05-18T19:43:21.732+0000][1][safepoint   ] Safepoint "Cleanup", Time since last: 3000587566 ns, Reaching safepoint: 50080 ns, Cleanup: 19362 ns, At safepoint: 4502 ns, Total: 73944 ns
[2024-05-18T19:43:35.736+0000][1][safepoint   ] Safepoint "Cleanup", Time since last: 14004160076 ns, Reaching safepoint: 31056 ns, Cleanup: 19473 ns, At safepoint: 5047 ns, Total: 55576 ns
[2024-05-18T19:43:49.741+0000][1][safepoint   ] Safepoint "Cleanup", Time since last: 14005148844 ns, Reaching safepoint: 37002 ns, Cleanup: 29593 ns, At safepoint: 7541 ns, Total: 74136 ns
[2024-05-18T19:43:52.742+0000][1][safepoint   ] Safepoint "Cleanup", Time since last: 3000976136 ns, Reaching safepoint: 46296 ns, Cleanup: 15535 ns, At safepoint: 4429 ns, Total: 66260 ns
[2024-05-18T19:43:55.744+0000][1][safepoint   ] Safepoint "Cleanup", Time since last: 3001124014 ns, Reaching safepoint: 42814 ns, Cleanup: 34898 ns, At safepoint: 10892 ns, Total: 88604 ns
[2024-05-18T19:44:06.747+0000][1][safepoint   ] Safepoint "Cleanup", Time since last: 11003253114 ns, Reaching safepoint: 36685 ns, Cleanup: 21822 ns, At safepoint: 8067 ns, Total: 66574 ns
[2024-05-18T19:44:09.748+0000][1][safepoint   ] Safepoint "Cleanup", Time since last: 3000849330 ns, Reaching safepoint: 36541 ns, Cleanup: 22231 ns, At safepoint: 7405 ns, Total: 66177 ns
[2024-05-18T19:44:11.749+0000][1][safepoint   ] Safepoint "Cleanup", Time since last: 2000638383 ns, Reaching safepoint: 86324 ns, Cleanup: 21911 ns, At safepoint: 11243 ns, Total: 119478 ns
[2024-05-18T19:44:27.753+0000][1][safepoint   ] Safepoint "Cleanup", Time since last: 16003810149 ns, Reaching safepoint: 28504 ns, Cleanup: 16206 ns, At safepoint: 4190 ns, Total: 48900 ns
[2024-05-18T19:44:31.754+0000][1][safepoint   ] Safepoint "Cleanup", Time since last: 4001273565 ns, Reaching safepoint: 36526 ns, Cleanup: 30361 ns, At safepoint: 7184 ns, Total: 74071 ns
[2024-05-18T19:44:42.757+0000][1][safepoint   ] Safepoint "Cleanup", Time since last: 11003148981 ns, Reaching safepoint: 77073 ns, Cleanup: 20576 ns, At safepoint: 5286 ns, Total: 102935 ns
[2024-05-18T19:44:45.758+0000][1][safepoint   ] Safepoint "Cleanup", Time since last: 3000999653 ns, Reaching safepoint: 31920 ns, Cleanup: 18784 ns, At safepoint: 6047 ns, Total: 56751 ns
[2024-05-18T19:44:54.391+0000][1][safepoint   ] Safepoint "Cleanup", Time since last: 8633066214 ns, Reaching safepoint: 38714 ns, Cleanup: 26130 ns, At safepoint: 8420 ns, Total: 73264 ns
[2024-05-18T19:44:57.392+0000][1][safepoint   ] Safepoint "Cleanup", Time since last: 3001058941 ns, Reaching safepoint: 31661 ns, Cleanup: 27729 ns, At safepoint: 5459 ns, Total: 64849 ns
[2024-05-18T19:45:11.396+0000][1][safepoint   ] Safepoint "Cleanup", Time since last: 14003955650 ns, Reaching safepoint: 31828 ns, Cleanup: 19828 ns, At safepoint: 5350 ns, Total: 57006 ns
[2024-05-18T19:45:21.400+0000][1][safepoint   ] Safepoint "Cleanup", Time since last: 10003335449 ns, Reaching safepoint: 95975 ns, Cleanup: 21927 ns, At safepoint: 8423 ns, Total: 126325 ns
[2024-05-18T19:45:22.717+0000][1][safepoint   ] Safepoint "Cleanup", Time since last: 1317277258 ns, Reaching safepoint: 42948 ns, Cleanup: 175026 ns, At safepoint: 11321 ns, Total: 229295 ns
[2024-05-18T19:45:24.728+0000][1][safepoint   ] Safepoint "Cleanup", Time since last: 2010209048 ns, Reaching safepoint: 53887 ns, Cleanup: 93082 ns, At safepoint: 6965 ns, Total: 153934 ns
[2024-05-18T19:45:25.728+0000][1][safepoint   ] Safepoint "Cleanup", Time since last: 1000359659 ns, Reaching safepoint: 33648 ns, Cleanup: 21518 ns, At safepoint: 6361 ns, Total: 61527 ns
[2024-05-18T19:45:27.036+0000][1][safepoint   ] Safepoint "Cleanup", Time since last: 1307567639 ns, Reaching safepoint: 8543 ns, Cleanup: 81453 ns, At safepoint: 3705 ns, Total: 93701 ns
[2024-05-18T19:45:28.050+0000][1][safepoint   ] Safepoint "Cleanup", Time since last: 1013635984 ns, Reaching safepoint: 8424 ns, Cleanup: 18900 ns, At safepoint: 2571 ns, Total: 29895 ns
[2024-05-18T19:45:35.740+0000][1][safepoint   ] Safepoint "Cleanup", Time since last: 7690719713 ns, Reaching safepoint: 7587 ns, Cleanup: 11077 ns, At safepoint: 3279 ns, Total: 21943 ns
[2024-05-18T19:45:39.160+0000][1][safepoint   ] Safepoint "Cleanup", Time since last: 3419786543 ns, Reaching safepoint: 8599 ns, Cleanup: 8768 ns, At safepoint: 2627 ns, Total: 19994 ns
[2024-05-18T19:45:45.073+0000][1][safepoint   ] Safepoint "Cleanup", Time since last: 5913295575 ns, Reaching safepoint: 58684 ns, Cleanup: 15679 ns, At safepoint: 9802 ns, Total: 84165 ns
[2024-05-18T19:45:47.080+0000][1][safepoint   ] Safepoint "Cleanup", Time since last: 2005973961 ns, Reaching safepoint: 42224 ns, Cleanup: 58558 ns, At safepoint: 11382 ns, Total: 112164 ns
[2024-05-18T19:45:48.460+0000][1][safepoint   ] Safepoint "Cleanup", Time since last: 1380105207 ns, Reaching safepoint: 42802 ns, Cleanup: 26866 ns, At safepoint: 10475 ns, Total: 80143 ns
[2024-05-18T19:45:51.461+0000][1][safepoint   ] Safepoint "Cleanup", Time since last: 3000894415 ns, Reaching safepoint: 25118 ns, Cleanup: 21724 ns, At safepoint: 4957 ns, Total: 51799 ns
[2024-05-18T19:45:52.461+0000][1][safepoint   ] Safepoint "Cleanup", Time since last: 1000344703 ns, Reaching safepoint: 32537 ns, Cleanup: 26358 ns, At safepoint: 5187 ns, Total: 64082 ns
[2024-05-18T19:45:55.190+0000][1][safepoint   ] Safepoint "Cleanup", Time since last: 2728835084 ns, Reaching safepoint: 15702 ns, Cleanup: 13080 ns, At safepoint: 8659 ns, Total: 37441 ns
[2024-05-18T19:45:56.194+0000][1][safepoint   ] Safepoint "Cleanup", Time since last: 1003710712 ns, Reaching safepoint: 42878 ns, Cleanup: 29727 ns, At safepoint: 11532 ns, Total: 84137 ns
[2024-05-18T19:45:57.194+0000][1][safepoint   ] Safepoint "Cleanup", Time since last: 1000502670 ns, Reaching safepoint: 36680 ns, Cleanup: 29396 ns, At safepoint: 7416 ns, Total: 73492 ns
[2024-05-18T19:45:58.195+0000][1][safepoint   ] Safepoint "Cleanup", Time since last: 1000476705 ns, Reaching safepoint: 36540 ns, Cleanup: 30516 ns, At safepoint: 7199 ns, Total: 74255 ns
[2024-05-18T19:46:03.098+0000][1][safepoint   ] Safepoint "Cleanup", Time since last: 4902623166 ns, Reaching safepoint: 36595 ns, Cleanup: 26211 ns, At safepoint: 7751 ns, Total: 70557 ns
[2024-05-18T19:46:04.098+0000][1][safepoint   ] Safepoint "Cleanup", Time since last: 1000486057 ns, Reaching safepoint: 36480 ns, Cleanup: 43203 ns, At safepoint: 7198 ns, Total: 86881 ns
[2024-05-18T19:46:05.211+0000][1][safepoint   ] Safepoint "Cleanup", Time since last: 1113106697 ns, Reaching safepoint: 61259 ns, Cleanup: 22891 ns, At safepoint: 4663 ns, Total: 88813 ns
[2024-05-18T19:46:06.536+0000][1][safepoint   ] Safepoint "Cleanup", Time since last: 1324601185 ns, Reaching safepoint: 8386 ns, Cleanup: 8820 ns, At safepoint: 3036 ns, Total: 20242 ns
[2024-05-18T19:46:07.544+0000][1][safepoint   ] Safepoint "Cleanup", Time since last: 1008142109 ns, Reaching safepoint: 28201 ns, Cleanup: 18437 ns, At safepoint: 3645 ns, Total: 50283 ns
[2024-05-18T19:46:08.548+0000][1][safepoint   ] Safepoint "Cleanup", Time since last: 1004216551 ns, Reaching safepoint: 32351 ns, Cleanup: 20364 ns, At safepoint: 5751 ns, Total: 58466 ns
[2024-05-18T19:46:09.549+0000][1][safepoint   ] Safepoint "Cleanup", Time since last: 1000445028 ns, Reaching safepoint: 36704 ns, Cleanup: 23275 ns, At safepoint: 7383 ns, Total: 67362 ns
[2024-05-18T19:46:10.790+0000][1][safepoint   ] Safepoint "Cleanup", Time since last: 1241337210 ns, Reaching safepoint: 27977 ns, Cleanup: 10849 ns, At safepoint: 2440 ns, Total: 41266 ns
[2024-05-18T19:46:18.113+0000][1][safepoint   ] Safepoint "Cleanup", Time since last: 7322530712 ns, Reaching safepoint: 98204 ns, Cleanup: 10129 ns, At safepoint: 4111 ns, Total: 112444 ns
[2024-05-18T19:46:21.233+0000][1][safepoint   ] Safepoint "Cleanup", Time since last: 3119958860 ns, Reaching safepoint: 8279 ns, Cleanup: 9267 ns, At safepoint: 2930 ns, Total: 20476 ns
[2024-05-18T19:46:23.236+0000][1][safepoint   ] Safepoint "Cleanup", Time since last: 2002763686 ns, Reaching safepoint: 43078 ns, Cleanup: 62217 ns, At safepoint: 10807 ns, Total: 116102 ns
[2024-05-18T19:46:24.569+0000][1][safepoint   ] Safepoint "Cleanup", Time since last: 1333164389 ns, Reaching safepoint: 42298 ns, Cleanup: 33345 ns, At safepoint: 9365 ns, Total: 85008 ns
[2024-05-18T19:46:37.822+0000][1][safepoint   ] Safepoint "Cleanup", Time since last: 13253216985 ns, Reaching safepoint: 35417 ns, Cleanup: 23169 ns, At safepoint: 7310 ns, Total: 65896 ns
[2024-05-18T19:46:41.824+0000][1][safepoint   ] Safepoint "Cleanup", Time since last: 4001358664 ns, Reaching safepoint: 36299 ns, Cleanup: 23461 ns, At safepoint: 9494 ns, Total: 69254 ns
[2024-05-18T19:46:43.588+0000][1][safepoint   ] Safepoint "Cleanup", Time since last: 1764383092 ns, Reaching safepoint: 29631 ns, Cleanup: 26921 ns, At safepoint: 5118 ns, Total: 61670 ns
[2024-05-18T19:46:44.589+0000][1][safepoint   ] Safepoint "Cleanup", Time since last: 1000310429 ns, Reaching safepoint: 82984 ns, Cleanup: 19283 ns, At safepoint: 10488 ns, Total: 112755 ns
[2024-05-18T19:46:56.279+0000][1][safepoint   ] Safepoint "Cleanup", Time since last: 11690632399 ns, Reaching safepoint: 36375 ns, Cleanup: 24654 ns, At safepoint: 7892 ns, Total: 68921 ns
[2024-05-18T19:46:57.625+0000][1][safepoint   ] Safepoint "Cleanup", Time since last: 1345954171 ns, Reaching safepoint: 15618 ns, Cleanup: 46930 ns, At safepoint: 11011 ns, Total: 73559 ns
[2024-05-18T19:46:58.629+0000][1][safepoint   ] Safepoint "Cleanup", Time since last: 1003185492 ns, Reaching safepoint: 59682 ns, Cleanup: 30047 ns, At safepoint: 10194 ns, Total: 99923 ns
[2024-05-18T19:47:01.860+0000][1][safepoint   ] Safepoint "Cleanup", Time since last: 3230956961 ns, Reaching safepoint: 36222 ns, Cleanup: 25388 ns, At safepoint: 7336 ns, Total: 68946 ns
[2024-05-18T19:47:08.200+0000][1][safepoint   ] Safepoint "Cleanup", Time since last: 6340315434 ns, Reaching safepoint: 8724 ns, Cleanup: 12061 ns, At safepoint: 3527 ns, Total: 24312 ns
[2024-05-18T19:47:09.201+0000][1][safepoint   ] Safepoint "Cleanup", Time since last: 1000545369 ns, Reaching safepoint: 147729 ns, Cleanup: 8268 ns, At safepoint: 4061 ns, Total: 160058 ns
[2024-05-18T19:47:10.201+0000][1][safepoint   ] Safepoint "Cleanup", Time since last: 1000461973 ns, Reaching safepoint: 36974 ns, Cleanup: 22496 ns, At safepoint: 7568 ns, Total: 67038 ns
[2024-05-18T19:47:11.321+0000][1][safepoint   ] Safepoint "Cleanup", Time since last: 1119459826 ns, Reaching safepoint: 34822 ns, Cleanup: 32075 ns, At safepoint: 5933 ns, Total: 72830 ns
[2024-05-18T19:47:12.335+0000][1][safepoint   ] Safepoint "Cleanup", Time since last: 1013876750 ns, Reaching safepoint: 42935 ns, Cleanup: 28634 ns, At safepoint: 9723 ns, Total: 81292 ns
[2024-05-18T19:47:13.335+0000][1][safepoint   ] Safepoint "Cleanup", Time since last: 1000423327 ns, Reaching safepoint: 42659 ns, Cleanup: 27480 ns, At safepoint: 9275 ns, Total: 79414 ns
[2024-05-18T19:47:58.602+0000][1][safepoint   ] Safepoint "Cleanup", Time since last: 45267024481 ns, Reaching safepoint: 36682 ns, Cleanup: 22413 ns, At safepoint: 8172 ns, Total: 67267 ns
[2024-05-18T19:48:03.604+0000][1][safepoint   ] Safepoint "Cleanup", Time since last: 5001430361 ns, Reaching safepoint: 29680 ns, Cleanup: 18622 ns, At safepoint: 5227 ns, Total: 53529 ns
[2024-05-18T19:48:17.608+0000][1][safepoint   ] Safepoint "Cleanup", Time since last: 14004215929 ns, Reaching safepoint: 97177 ns, Cleanup: 23821 ns, At safepoint: 8669 ns, Total: 129667 ns
[2024-05-18T19:48:20.609+0000][1][safepoint   ] Safepoint "Cleanup", Time since last: 3000957233 ns, Reaching safepoint: 36470 ns, Cleanup: 23099 ns, At safepoint: 9346 ns, Total: 68915 ns
[2024-05-18T19:48:22.610+0000][1][safepoint   ] Safepoint "Cleanup", Time since last: 2000559454 ns, Reaching safepoint: 36637 ns, Cleanup: 23171 ns, At safepoint: 7792 ns, Total: 67600 ns
[2024-05-18T19:48:24.257+0000][1][safepoint   ] Safepoint "Cleanup", Time since last: 1647392814 ns, Reaching safepoint: 109133 ns, Cleanup: 22853 ns, At safepoint: 13151 ns, Total: 145137 ns
[2024-05-18T19:48:25.412+0000][1][safepoint   ] Safepoint "Cleanup", Time since last: 1154998218 ns, Reaching safepoint: 12661 ns, Cleanup: 21538 ns, At safepoint: 6403 ns, Total: 40602 ns
[2024-05-18T19:48:29.418+0000][1][safepoint   ] Safepoint "Cleanup", Time since last: 4005922506 ns, Reaching safepoint: 39511 ns, Cleanup: 24575 ns, At safepoint: 8099 ns, Total: 72185 ns
[2024-05-18T19:48:32.279+0000][1][safepoint   ] Safepoint "Cleanup", Time since last: 2860082758 ns, Reaching safepoint: 36900 ns, Cleanup: 33247 ns, At safepoint: 8232 ns, Total: 78379 ns
[2024-05-18T19:48:34.293+0000][1][safepoint   ] Safepoint "Cleanup", Time since last: 2014320948 ns, Reaching safepoint: 43347 ns, Cleanup: 32228 ns, At safepoint: 10544 ns, Total: 86119 ns
[2024-05-18T19:48:35.437+0000][1][safepoint   ] Safepoint "Cleanup", Time since last: 1144089346 ns, Reaching safepoint: 36685 ns, Cleanup: 53262 ns, At safepoint: 6690 ns, Total: 96637 ns
[2024-05-18T19:48:39.941+0000][1][safepoint   ] Safepoint "Cleanup", Time since last: 4504151840 ns, Reaching safepoint: 36471 ns, Cleanup: 23093 ns, At safepoint: 8834 ns, Total: 68398 ns
[2024-05-18T19:48:47.670+0000][1][safepoint   ] Safepoint "Cleanup", Time since last: 7728797904 ns, Reaching safepoint: 48106 ns, Cleanup: 13516 ns, At safepoint: 3405 ns, Total: 65027 ns
[2024-05-18T19:48:49.315+0000][1][safepoint   ] Safepoint "Cleanup", Time since last: 1644608849 ns, Reaching safepoint: 29110 ns, Cleanup: 16575 ns, At safepoint: 4966 ns, Total: 50651 ns
[2024-05-18T19:48:50.315+0000][1][safepoint   ] Safepoint "Cleanup", Time since last: 1000177114 ns, Reaching safepoint: 24356 ns, Cleanup: 14687 ns, At safepoint: 5011 ns, Total: 44054 ns
[2024-05-18T19:48:51.484+0000][1][safepoint   ] Safepoint "Cleanup", Time since last: 1168442433 ns, Reaching safepoint: 43224 ns, Cleanup: 47393 ns, At safepoint: 9625 ns, Total: 100242 ns
[2024-05-18T19:48:58.496+0000][1][safepoint   ] Safepoint "Cleanup", Time since last: 7011959773 ns, Reaching safepoint: 8581 ns, Cleanup: 13558 ns, At safepoint: 2658 ns, Total: 24797 ns
[2024-05-18T19:49:10.502+0000][1][safepoint   ] Safepoint "Cleanup", Time since last: 12005930901 ns, Reaching safepoint: 36754 ns, Cleanup: 42832 ns, At safepoint: 10090 ns, Total: 89676 ns
[2024-05-18T19:49:12.503+0000][1][safepoint   ] Safepoint "Cleanup", Time since last: 2000834539 ns, Reaching safepoint: 36686 ns, Cleanup: 34145 ns, At safepoint: 7145 ns, Total: 77976 ns
[2024-05-18T19:49:26.507+0000][1][safepoint   ] Safepoint "Cleanup", Time since last: 14004425602 ns, Reaching safepoint: 97176 ns, Cleanup: 35026 ns, At safepoint: 8870 ns, Total: 141072 ns
[2024-05-18T19:49:31.509+0000][1][safepoint   ] Safepoint "Cleanup", Time since last: 5001544025 ns, Reaching safepoint: 36768 ns, Cleanup: 22075 ns, At safepoint: 7753 ns, Total: 66596 ns
[2024-05-18T19:50:17.522+0000][1][safepoint   ] Safepoint "Cleanup", Time since last: 46013472386 ns, Reaching safepoint: 73246 ns, Cleanup: 17654 ns, At safepoint: 4680 ns, Total: 95580 ns
[2024-05-18T19:50:21.523+0000][1][safepoint   ] Safepoint "Cleanup", Time since last: 4000859864 ns, Reaching safepoint: 52102 ns, Cleanup: 18573 ns, At safepoint: 7495 ns, Total: 78170 ns
[2024-05-18T19:50:28.525+0000][1][safepoint   ] Safepoint "Cleanup", Time since last: 7001645314 ns, Reaching safepoint: 36606 ns, Cleanup: 22384 ns, At safepoint: 8012 ns, Total: 67002 ns
[2024-05-18T19:50:30.526+0000][1][safepoint   ] Safepoint "Cleanup", Time since last: 2000811914 ns, Reaching safepoint: 36771 ns, Cleanup: 29852 ns, At safepoint: 8906 ns, Total: 75529 ns
[2024-05-18T19:50:33.527+0000][1][safepoint   ] Safepoint "Cleanup", Time since last: 3000729813 ns, Reaching safepoint: 30087 ns, Cleanup: 36800 ns, At safepoint: 4263 ns, Total: 71150 ns
[2024-05-18T19:50:39.390+0000][1][safepoint   ] Safepoint "Cleanup", Time since last: 5863669223 ns, Reaching safepoint: 27099 ns, Cleanup: 12864 ns, At safepoint: 4870 ns, Total: 44833 ns
[2024-05-18T19:50:40.594+0000][1][safepoint   ] Safepoint "Cleanup", Time since last: 1203816598 ns, Reaching safepoint: 51480 ns, Cleanup: 16917 ns, At safepoint: 5250 ns, Total: 73647 ns
[2024-05-18T19:50:45.406+0000][1][safepoint   ] Safepoint "Cleanup", Time since last: 4811489668 ns, Reaching safepoint: 7894 ns, Cleanup: 5658 ns, At safepoint: 3753 ns, Total: 17305 ns
[2024-05-18T19:50:47.605+0000][1][safepoint   ] Safepoint "Cleanup", Time since last: 2199611144 ns, Reaching safepoint: 8614 ns, Cleanup: 7988 ns, At safepoint: 2892 ns, Total: 19494 ns
[2024-05-18T19:50:55.610+0000][1][safepoint   ] Safepoint "Cleanup", Time since last: 8004668333 ns, Reaching safepoint: 42873 ns, Cleanup: 27356 ns, At safepoint: 11789 ns, Total: 82018 ns
[2024-05-18T19:50:56.621+0000][1][safepoint   ] Safepoint "Cleanup", Time since last: 1010626472 ns, Reaching safepoint: 34577 ns, Cleanup: 20305 ns, At safepoint: 7642 ns, Total: 62524 ns
[2024-05-18T19:50:57.621+0000][1][safepoint   ] Safepoint "Cleanup", Time since last: 1000219761 ns, Reaching safepoint: 27795 ns, Cleanup: 19579 ns, At safepoint: 5534 ns, Total: 52908 ns
[2024-05-18T19:50:58.848+0000][1][safepoint   ] Safepoint "Cleanup", Time since last: 1227091143 ns, Reaching safepoint: 32239 ns, Cleanup: 29737 ns, At safepoint: 5573 ns, Total: 67549 ns
[2024-05-18T19:51:00.057+0000][1][safepoint   ] Safepoint "Cleanup", Time since last: 1208666924 ns, Reaching safepoint: 36831 ns, Cleanup: 34623 ns, At safepoint: 7173 ns, Total: 78627 ns
[2024-05-18T19:51:02.058+0000][1][safepoint   ] Safepoint "Cleanup", Time since last: 2000832593 ns, Reaching safepoint: 36712 ns, Cleanup: 37210 ns, At safepoint: 7865 ns, Total: 81787 ns
[2024-05-18T19:51:03.426+0000][1][safepoint   ] Safepoint "Cleanup", Time since last: 1367514996 ns, Reaching safepoint: 42267 ns, Cleanup: 37305 ns, At safepoint: 10225 ns, Total: 89797 ns
[2024-05-18T19:51:04.426+0000][1][safepoint   ] Safepoint "Cleanup", Time since last: 1000263634 ns, Reaching safepoint: 29433 ns, Cleanup: 19331 ns, At safepoint: 4886 ns, Total: 53650 ns
[2024-05-18T19:51:05.635+0000][1][safepoint   ] Safepoint "Cleanup", Time since last: 1209031834 ns, Reaching safepoint: 96114 ns, Cleanup: 23079 ns, At safepoint: 15954 ns, Total: 135147 ns
[2024-05-18T19:51:07.861+0000][1][safepoint   ] Safepoint "Cleanup", Time since last: 2225557772 ns, Reaching safepoint: 8182 ns, Cleanup: 9432 ns, At safepoint: 3291 ns, Total: 20905 ns
[2024-05-18T19:51:13.076+0000][1][safepoint   ] Safepoint "Cleanup", Time since last: 5214979300 ns, Reaching safepoint: 31122 ns, Cleanup: 19179 ns, At safepoint: 6399 ns, Total: 56700 ns
[2024-05-18T19:51:24.654+0000][1][safepoint   ] Safepoint "Cleanup", Time since last: 11577817660 ns, Reaching safepoint: 42577 ns, Cleanup: 26752 ns, At safepoint: 10046 ns, Total: 79375 ns
[2024-05-18T19:51:26.885+0000][1][safepoint   ] Safepoint "Cleanup", Time since last: 2231878779 ns, Reaching safepoint: 29368 ns, Cleanup: 16202 ns, At safepoint: 5093 ns, Total: 50663 ns
[2024-05-18T19:51:28.093+0000][1][safepoint   ] Safepoint "Cleanup", Time since last: 1207087491 ns, Reaching safepoint: 32388 ns, Cleanup: 26398 ns, At safepoint: 5604 ns, Total: 64390 ns
[2024-05-18T19:51:33.094+0000][1][safepoint   ] Safepoint "Cleanup", Time since last: 5001124542 ns, Reaching safepoint: 29239 ns, Cleanup: 18376 ns, At safepoint: 5375 ns, Total: 52990 ns
[2024-05-18T19:51:36.095+0000][1][safepoint   ] Safepoint "Cleanup", Time since last: 3000709212 ns, Reaching safepoint: 29866 ns, Cleanup: 17533 ns, At safepoint: 4349 ns, Total: 51748 ns
[2024-05-18T19:51:38.466+0000][1][safepoint   ] Safepoint "Cleanup", Time since last: 2371314164 ns, Reaching safepoint: 67370 ns, Cleanup: 18149 ns, At safepoint: 4447 ns, Total: 89966 ns
[2024-05-18T19:51:40.670+0000][1][safepoint   ] Safepoint "Cleanup", Time since last: 2203621347 ns, Reaching safepoint: 31167 ns, Cleanup: 22514 ns, At safepoint: 4466 ns, Total: 58147 ns
[2024-05-18T19:51:44.114+0000][1][safepoint   ] Safepoint "Cleanup", Time since last: 3444731377 ns, Reaching safepoint: 10416 ns, Cleanup: 14821 ns, At safepoint: 9604 ns, Total: 34841 ns
[2024-05-18T19:51:47.877+0000][1][safepoint   ] Safepoint "Cleanup", Time since last: 3762142620 ns, Reaching safepoint: 29846 ns, Cleanup: 14896 ns, At safepoint: 4270 ns, Total: 49012 ns
[2024-05-18T19:51:53.483+0000][1][safepoint   ] Safepoint "Cleanup", Time since last: 5606071388 ns, Reaching safepoint: 42767 ns, Cleanup: 31777 ns, At safepoint: 11363 ns, Total: 85907 ns
[2024-05-18T19:51:56.687+0000][1][safepoint   ] Safepoint "Cleanup", Time since last: 3204195089 ns, Reaching safepoint: 36951 ns, Cleanup: 92493 ns, At safepoint: 8351 ns, Total: 137795 ns
[2024-05-18T19:51:57.695+0000][1][safepoint   ] Safepoint "Cleanup", Time since last: 1008178356 ns, Reaching safepoint: 36803 ns, Cleanup: 31302 ns, At safepoint: 6817 ns, Total: 74922 ns
[2024-05-18T19:51:58.923+0000][1][safepoint   ] Safepoint "Cleanup", Time since last: 1227552384 ns, Reaching safepoint: 38647 ns, Cleanup: 34884 ns, At safepoint: 7885 ns, Total: 81416 ns
[2024-05-18T19:52:00.135+0000][1][safepoint   ] Safepoint "Cleanup", Time since last: 1212475635 ns, Reaching safepoint: 8254 ns, Cleanup: 7628 ns, At safepoint: 2848 ns, Total: 18730 ns
[2024-05-18T19:52:01.138+0000][1][safepoint   ] Safepoint "Cleanup", Time since last: 1002265235 ns, Reaching safepoint: 43279 ns, Cleanup: 41600 ns, At safepoint: 10310 ns, Total: 95189 ns
[2024-05-18T19:52:03.707+0000][1][safepoint   ] Safepoint "Cleanup", Time since last: 2568837962 ns, Reaching safepoint: 8789 ns, Cleanup: 7349 ns, At safepoint: 3531 ns, Total: 19669 ns
[2024-05-18T19:52:04.710+0000][1][safepoint   ] Safepoint "Cleanup", Time since last: 1003313895 ns, Reaching safepoint: 36903 ns, Cleanup: 22571 ns, At safepoint: 9061 ns, Total: 68535 ns
[2024-05-18T19:52:16.942+0000][1][safepoint   ] Safepoint "Cleanup", Time since last: 12231546883 ns, Reaching safepoint: 120583 ns, Cleanup: 36737 ns, At safepoint: 10297 ns, Total: 167617 ns
[2024-05-18T19:52:19.165+0000][1][safepoint   ] Safepoint "Cleanup", Time since last: 2222991014 ns, Reaching safepoint: 40430 ns, Cleanup: 42001 ns, At safepoint: 7319 ns, Total: 89750 ns
[2024-05-18T19:52:20.738+0000][1][safepoint   ] Safepoint "Cleanup", Time since last: 1573139894 ns, Reaching safepoint: 32787 ns, Cleanup: 25043 ns, At safepoint: 6503 ns, Total: 64333 ns
[2024-05-18T19:52:25.748+0000][1][safepoint   ] Safepoint "Cleanup", Time since last: 5009417257 ns, Reaching safepoint: 60622 ns, Cleanup: 32341 ns, At safepoint: 7416 ns, Total: 100379 ns
[2024-05-18T19:53:01.953+0000][1][safepoint   ] Safepoint "Cleanup", Time since last: 36205091866 ns, Reaching safepoint: 42923 ns, Cleanup: 26506 ns, At safepoint: 9091 ns, Total: 78520 ns
[2024-05-18T19:53:04.954+0000][1][safepoint   ] Safepoint "Cleanup", Time since last: 3001202079 ns, Reaching safepoint: 36627 ns, Cleanup: 24369 ns, At safepoint: 8058 ns, Total: 69054 ns
[2024-05-18T19:53:16.958+0000][1][safepoint   ] Safepoint "Cleanup", Time since last: 12003563106 ns, Reaching safepoint: 95354 ns, Cleanup: 24609 ns, At safepoint: 15515 ns, Total: 135478 ns
[2024-05-18T19:53:26.961+0000][1][safepoint   ] Safepoint "Cleanup", Time since last: 10002881587 ns, Reaching safepoint: 36589 ns, Cleanup: 22948 ns, At safepoint: 8186 ns, Total: 67723 ns
[2024-05-18T19:53:40.966+0000][1][safepoint   ] Safepoint "Cleanup", Time since last: 14004767653 ns, Reaching safepoint: 36533 ns, Cleanup: 23656 ns, At safepoint: 8062 ns, Total: 68251 ns
[2024-05-18T19:53:54.970+0000][1][safepoint   ] Safepoint "Cleanup", Time since last: 14004776459 ns, Reaching safepoint: 36682 ns, Cleanup: 23057 ns, At safepoint: 9146 ns, Total: 68885 ns
[2024-05-18T19:53:56.971+0000][1][safepoint   ] Safepoint "Cleanup", Time since last: 2000881165 ns, Reaching safepoint: 36586 ns, Cleanup: 23104 ns, At safepoint: 7293 ns, Total: 66983 ns
[2024-05-18T19:54:11.976+0000][1][safepoint   ] Safepoint "Cleanup", Time since last: 15004558639 ns, Reaching safepoint: 102487 ns, Cleanup: 17137 ns, At safepoint: 9010 ns, Total: 128634 ns
[2024-05-18T19:54:22.979+0000][1][safepoint   ] Safepoint "Cleanup", Time since last: 11003225052 ns, Reaching safepoint: 54335 ns, Cleanup: 35388 ns, At safepoint: 15952 ns, Total: 105675 ns
[2024-05-18T19:54:30.982+0000][1][safepoint   ] Safepoint "Cleanup", Time since last: 8002222569 ns, Reaching safepoint: 38853 ns, Cleanup: 24474 ns, At safepoint: 8528 ns, Total: 71855 ns
[2024-05-18T19:54:39.984+0000][1][safepoint   ] Safepoint "Cleanup", Time since last: 9002269297 ns, Reaching safepoint: 42600 ns, Cleanup: 40836 ns, At safepoint: 10952 ns, Total: 94388 ns
[2024-05-18T19:54:41.985+0000][1][safepoint   ] Safepoint "Cleanup", Time since last: 2000882903 ns, Reaching safepoint: 95266 ns, Cleanup: 26752 ns, At safepoint: 9260 ns, Total: 131278 ns
[2024-05-18T19:54:44.986+0000][1][safepoint   ] Safepoint "Cleanup", Time since last: 3000753786 ns, Reaching safepoint: 29659 ns, Cleanup: 17250 ns, At safepoint: 4636 ns, Total: 51545 ns
[2024-05-18T19:54:46.986+0000][1][safepoint   ] Safepoint "Cleanup", Time since last: 2000554479 ns, Reaching safepoint: 24110 ns, Cleanup: 10293 ns, At safepoint: 4382 ns, Total: 38785 ns
[2024-05-18T19:54:55.989+0000][1][safepoint   ] Safepoint "Cleanup", Time since last: 9002319300 ns, Reaching safepoint: 78076 ns, Cleanup: 29190 ns, At safepoint: 7917 ns, Total: 115183 ns
[2024-05-18T19:54:56.989+0000][1][safepoint   ] Safepoint "Cleanup", Time since last: 1000434800 ns, Reaching safepoint: 36558 ns, Cleanup: 22805 ns, At safepoint: 7384 ns, Total: 66747 ns
[2024-05-18T19:54:57.990+0000][1][safepoint   ] Safepoint "Cleanup", Time since last: 1000253833 ns, Reaching safepoint: 29544 ns, Cleanup: 17563 ns, At safepoint: 4579 ns, Total: 51686 ns
[2024-05-18T19:54:58.990+0000][1][safepoint   ] Safepoint "Cleanup", Time since last: 1000449189 ns, Reaching safepoint: 36714 ns, Cleanup: 27261 ns, At safepoint: 7782 ns, Total: 71757 ns
[2024-05-18T19:55:03.992+0000][1][safepoint   ] Safepoint "Cleanup", Time since last: 5001912924 ns, Reaching safepoint: 115621 ns, Cleanup: 29401 ns, At safepoint: 11744 ns, Total: 156766 ns
[2024-05-18T19:55:40.002+0000][1][safepoint   ] Safepoint "Cleanup", Time since last: 36009189261 ns, Reaching safepoint: 74356 ns, Cleanup: 19760 ns, At safepoint: 6317 ns, Total: 100433 ns
[2024-05-18T19:55:52.005+0000][1][safepoint   ] Safepoint "Cleanup", Time since last: 12003087013 ns, Reaching safepoint: 42838 ns, Cleanup: 27730 ns, At safepoint: 10003 ns, Total: 80571 ns
[2024-05-18T19:55:54.006+0000][1][safepoint   ] Safepoint "Cleanup", Time since last: 2000853563 ns, Reaching safepoint: 36763 ns, Cleanup: 29349 ns, At safepoint: 8003 ns, Total: 74115 ns
[2024-05-18T19:55:58.007+0000][1][safepoint   ] Safepoint "Cleanup", Time since last: 4001418148 ns, Reaching safepoint: 36577 ns, Cleanup: 23162 ns, At safepoint: 7775 ns, Total: 67514 ns
[2024-05-18T19:55:59.007+0000][1][safepoint   ] Safepoint "Cleanup", Time since last: 1000184873 ns, Reaching safepoint: 24805 ns, Cleanup: 13297 ns, At safepoint: 5238 ns, Total: 43340 ns
[2024-05-18T19:56:22.013+0000][1][safepoint   ] Safepoint "Cleanup", Time since last: 23005498881 ns, Reaching safepoint: 53572 ns, Cleanup: 27645 ns, At safepoint: 6038 ns, Total: 87255 ns
[2024-05-18T19:56:25.014+0000][1][safepoint   ] Safepoint "Cleanup", Time since last: 3000635615 ns, Reaching safepoint: 100499 ns, Cleanup: 29004 ns, At safepoint: 22650 ns, Total: 152153 ns
[2024-05-18T19:56:39.018+0000][1][safepoint   ] Safepoint "Cleanup", Time since last: 14003991535 ns, Reaching safepoint: 36634 ns, Cleanup: 22282 ns, At safepoint: 7401 ns, Total: 66317 ns
[2024-05-18T19:56:44.019+0000][1][safepoint   ] Safepoint "Cleanup", Time since last: 5001537131 ns, Reaching safepoint: 39121 ns, Cleanup: 58390 ns, At safepoint: 4578 ns, Total: 102089 ns
[2024-05-18T19:56:53.230+0000][1][safepoint   ] Safepoint "Cleanup", Time since last: 9210641504 ns, Reaching safepoint: 36321 ns, Cleanup: 24560 ns, At safepoint: 8104 ns, Total: 68985 ns
[2024-05-18T19:57:12.236+0000][1][safepoint   ] Safepoint "Cleanup", Time since last: 19005697624 ns, Reaching safepoint: 36621 ns, Cleanup: 23441 ns, At safepoint: 7303 ns, Total: 67365 ns
[2024-05-18T19:57:29.242+0000][1][safepoint   ] Safepoint "Cleanup", Time since last: 17005567576 ns, Reaching safepoint: 78307 ns, Cleanup: 31516 ns, At safepoint: 5511 ns, Total: 115334 ns
[2024-05-18T19:57:34.244+0000][1][safepoint   ] Safepoint "Cleanup", Time since last: 5001804427 ns, Reaching safepoint: 135260 ns, Cleanup: 34886 ns, At safepoint: 36945 ns, Total: 207091 ns
[2024-05-18T19:58:27.260+0000][1][safepoint   ] Safepoint "Cleanup", Time since last: 53016665998 ns, Reaching safepoint: 78248 ns, Cleanup: 41141 ns, At safepoint: 4355 ns, Total: 123744 ns
[2024-05-18T19:58:44.266+0000][1][safepoint   ] Safepoint "Cleanup", Time since last: 17005175316 ns, Reaching safepoint: 156750 ns, Cleanup: 38096 ns, At safepoint: 11544 ns, Total: 206390 ns
[2024-05-18T19:58:50.268+0000][1][safepoint   ] Safepoint "Cleanup", Time since last: 6001982549 ns, Reaching safepoint: 36523 ns, Cleanup: 25517 ns, At safepoint: 7306 ns, Total: 69346 ns
[2024-05-18T19:59:06.273+0000][1][safepoint   ] Safepoint "Cleanup", Time since last: 16005204725 ns, Reaching safepoint: 51625 ns, Cleanup: 34729 ns, At safepoint: 31774 ns, Total: 118128 ns
[2024-05-18T19:59:14.276+0000][1][safepoint   ] Safepoint "Cleanup", Time since last: 8002609241 ns, Reaching safepoint: 121074 ns, Cleanup: 28572 ns, At safepoint: 10662 ns, Total: 160308 ns
[2024-05-18T19:59:22.278+0000][1][safepoint   ] Safepoint "Cleanup", Time since last: 8001574111 ns, Reaching safepoint: 41529 ns, Cleanup: 26951 ns, At safepoint: 9902 ns, Total: 78382 ns
[2024-05-18T19:59:31.280+0000][1][safepoint   ] Safepoint "Cleanup", Time since last: 9002668912 ns, Reaching safepoint: 31999 ns, Cleanup: 18805 ns, At safepoint: 5627 ns, Total: 56431 ns
[2024-05-18T19:59:40.283+0000][1][safepoint   ] Safepoint "Cleanup", Time since last: 9002941671 ns, Reaching safepoint: 99841 ns, Cleanup: 28610 ns, At safepoint: 14697 ns, Total: 143148 ns
[2024-05-18T20:00:02.289+0000][1][safepoint   ] Safepoint "Cleanup", Time since last: 22005988913 ns, Reaching safepoint: 36448 ns, Cleanup: 23908 ns, At safepoint: 8114 ns, Total: 68470 ns
[2024-05-18T20:00:04.290+0000][1][safepoint   ] Safepoint "Cleanup", Time since last: 2000831684 ns, Reaching safepoint: 36578 ns, Cleanup: 29148 ns, At safepoint: 8499 ns, Total: 74225 ns
[2024-05-18T20:00:07.292+0000][1][safepoint   ] Safepoint "Cleanup", Time since last: 3001206153 ns, Reaching safepoint: 107716 ns, Cleanup: 22208 ns, At safepoint: 7913 ns, Total: 137837 ns
[2024-05-18T20:00:31.299+0000][1][safepoint   ] Safepoint "Cleanup", Time since last: 24006802148 ns, Reaching safepoint: 174480 ns, Cleanup: 22543 ns, At safepoint: 8586 ns, Total: 205609 ns
[2024-05-18T20:00:52.305+0000][1][safepoint   ] Safepoint "Cleanup", Time since last: 21006068185 ns, Reaching safepoint: 32108 ns, Cleanup: 21481 ns, At safepoint: 6322 ns, Total: 59911 ns
[2024-05-18T20:01:00.307+0000][1][safepoint   ] Safepoint "Cleanup", Time since last: 8002351604 ns, Reaching safepoint: 35204 ns, Cleanup: 20706 ns, At safepoint: 6308 ns, Total: 62218 ns
[2024-05-18T20:01:04.309+0000][1][safepoint   ] Safepoint "Cleanup", Time since last: 4001271951 ns, Reaching safepoint: 34076 ns, Cleanup: 27604 ns, At safepoint: 7612 ns, Total: 69292 ns
[2024-05-18T20:01:07.310+0000][1][safepoint   ] Safepoint "Cleanup", Time since last: 3001100964 ns, Reaching safepoint: 28699 ns, Cleanup: 17227 ns, At safepoint: 4612 ns, Total: 50538 ns
[2024-05-18T20:01:16.313+0000][1][safepoint   ] Safepoint "Cleanup", Time since last: 9002792817 ns, Reaching safepoint: 82575 ns, Cleanup: 20050 ns, At safepoint: 6140 ns, Total: 108765 ns
[2024-05-18T20:01:26.316+0000][1][safepoint   ] Safepoint "Cleanup", Time since last: 10003110500 ns, Reaching safepoint: 36496 ns, Cleanup: 22395 ns, At safepoint: 8820 ns, Total: 67711 ns
[2024-05-18T20:02:11.331+0000][1][safepoint   ] Safepoint "Cleanup", Time since last: 45014664700 ns, Reaching safepoint: 42780 ns, Cleanup: 27975 ns, At safepoint: 10310 ns, Total: 81065 ns
[2024-05-18T20:02:16.332+0000][1][safepoint   ] Safepoint "Cleanup", Time since last: 5001423993 ns, Reaching safepoint: 34820 ns, Cleanup: 22149 ns, At safepoint: 8991 ns, Total: 65960 ns
[2024-05-18T20:02:21.334+0000][1][safepoint   ] Safepoint "Cleanup", Time since last: 5001591083 ns, Reaching safepoint: 36497 ns, Cleanup: 23032 ns, At safepoint: 8680 ns, Total: 68209 ns
[2024-05-18T20:02:28.336+0000][1][safepoint   ] Safepoint "Cleanup", Time since last: 7002209303 ns, Reaching safepoint: 43410 ns, Cleanup: 25448 ns, At safepoint: 9891 ns, Total: 78749 ns
[2024-05-18T20:02:33.338+0000][1][safepoint   ] Safepoint "Cleanup", Time since last: 5001500124 ns, Reaching safepoint: 36474 ns, Cleanup: 29267 ns, At safepoint: 6751 ns, Total: 72492 ns
[2024-05-18T20:02:36.339+0000][1][safepoint   ] Safepoint "Cleanup", Time since last: 3001146735 ns, Reaching safepoint: 42774 ns, Cleanup: 27926 ns, At safepoint: 9637 ns, Total: 80337 ns
[2024-05-18T20:02:50.343+0000][1][safepoint   ] Safepoint "Cleanup", Time since last: 14004208608 ns, Reaching safepoint: 73072 ns, Cleanup: 103303 ns, At safepoint: 50783 ns, Total: 227158 ns
[2024-05-18T20:02:52.344+0000][1][safepoint   ] Safepoint "Cleanup", Time since last: 2000746406 ns, Reaching safepoint: 73568 ns, Cleanup: 19599 ns, At safepoint: 5327 ns, Total: 98494 ns
[2024-05-18T20:02:58.346+0000][1][safepoint   ] Safepoint "Cleanup", Time since last: 6001870104 ns, Reaching safepoint: 37512 ns, Cleanup: 19219 ns, At safepoint: 12399 ns, Total: 69130 ns
[2024-05-18T20:03:01.347+0000][1][safepoint   ] Safepoint "Cleanup", Time since last: 3001267257 ns, Reaching safepoint: 33913 ns, Cleanup: 22071 ns, At safepoint: 9171 ns, Total: 65155 ns
[2024-05-18T20:04:12.368+0000][1][safepoint   ] Safepoint "Cleanup", Time since last: 71020675145 ns, Reaching safepoint: 29044 ns, Cleanup: 17351 ns, At safepoint: 4947 ns, Total: 51342 ns
[2024-05-18T20:04:17.369+0000][1][safepoint   ] Safepoint "Cleanup", Time since last: 5001244576 ns, Reaching safepoint: 28927 ns, Cleanup: 18005 ns, At safepoint: 5170 ns, Total: 52102 ns
[2024-05-18T20:04:57.382+0000][1][safepoint   ] Safepoint "Cleanup", Time since last: 40012486427 ns, Reaching safepoint: 79130 ns, Cleanup: 31991 ns, At safepoint: 6764 ns, Total: 117885 ns
[2024-05-18T20:05:15.388+0000][1][safepoint   ] Safepoint "Cleanup", Time since last: 18005752953 ns, Reaching safepoint: 115176 ns, Cleanup: 23735 ns, At safepoint: 9235 ns, Total: 148146 ns
[2024-05-18T20:05:50.398+0000][1][safepoint   ] Safepoint "Cleanup", Time since last: 35009877496 ns, Reaching safepoint: 36724 ns, Cleanup: 32111 ns, At safepoint: 8792 ns, Total: 77627 ns
[2024-05-18T20:05:58.979+0000][1][safepoint   ] Safepoint "Cleanup", Time since last: 8581114154 ns, Reaching safepoint: 8778 ns, Cleanup: 15665 ns, At safepoint: 2987 ns, Total: 27430 ns
[2024-05-18T20:05:59.982+0000][1][safepoint   ] Safepoint "Cleanup", Time since last: 1002616222 ns, Reaching safepoint: 36608 ns, Cleanup: 41568 ns, At safepoint: 8479 ns, Total: 86655 ns
[2024-05-18T20:06:04.984+0000][1][safepoint   ] Safepoint "Cleanup", Time since last: 5001930591 ns, Reaching safepoint: 119663 ns, Cleanup: 27307 ns, At safepoint: 20808 ns, Total: 167778 ns
[2024-05-18T20:06:12.986+0000][1][safepoint   ] Safepoint "Cleanup", Time since last: 8002157596 ns, Reaching safepoint: 32171 ns, Cleanup: 20564 ns, At safepoint: 5547 ns, Total: 58282 ns
[2024-05-18T20:06:43.996+0000][1][safepoint   ] Safepoint "Cleanup", Time since last: 31009835727 ns, Reaching safepoint: 115992 ns, Cleanup: 29148 ns, At safepoint: 12200 ns, Total: 157340 ns
[2024-05-18T20:06:48.930+0000][1][safepoint   ] Safepoint "Cleanup", Time since last: 4934149023 ns, Reaching safepoint: 10452 ns, Cleanup: 14007 ns, At safepoint: 4460 ns, Total: 28919 ns
[2024-05-18T20:06:57.933+0000][1][safepoint   ] Safepoint "Cleanup", Time since last: 9002783741 ns, Reaching safepoint: 30754 ns, Cleanup: 19187 ns, At safepoint: 5958 ns, Total: 55899 ns
[2024-05-18T20:07:35.945+0000][1][safepoint   ] Safepoint "Cleanup", Time since last: 38011942285 ns, Reaching safepoint: 87231 ns, Cleanup: 25043 ns, At safepoint: 10172 ns, Total: 122446 ns
[2024-05-18T20:08:01.953+0000][1][safepoint   ] Safepoint "Cleanup", Time since last: 26008140492 ns, Reaching safepoint: 29656 ns, Cleanup: 19010 ns, At safepoint: 4974 ns, Total: 53640 ns
[2024-05-18T20:08:12.957+0000][1][safepoint   ] Safepoint "Cleanup", Time since last: 11003635238 ns, Reaching safepoint: 118942 ns, Cleanup: 25870 ns, At safepoint: 11641 ns, Total: 156453 ns
[2024-05-18T20:08:16.958+0000][1][safepoint   ] Safepoint "Cleanup", Time since last: 4001322485 ns, Reaching safepoint: 39019 ns, Cleanup: 24387 ns, At safepoint: 9786 ns, Total: 73192 ns
[2024-05-18T20:08:34.964+0000][1][safepoint   ] Safepoint "Cleanup", Time since last: 18005544355 ns, Reaching safepoint: 72371 ns, Cleanup: 34525 ns, At safepoint: 10839 ns, Total: 117735 ns
[2024-05-18T20:09:08.973+0000][1][safepoint   ] Safepoint "Cleanup", Time since last: 34008864170 ns, Reaching safepoint: 99824 ns, Cleanup: 23060 ns, At safepoint: 9786 ns, Total: 132670 ns
[2024-05-18T20:09:18.976+0000][1][safepoint   ] Safepoint "Cleanup", Time since last: 10002757694 ns, Reaching safepoint: 23804 ns, Cleanup: 8219 ns, At safepoint: 4410 ns, Total: 36433 ns
[2024-05-18T20:09:28.978+0000][1][safepoint   ] Safepoint "Cleanup", Time since last: 10002344096 ns, Reaching safepoint: 114861 ns, Cleanup: 28250 ns, At safepoint: 11327 ns, Total: 154438 ns
[2024-05-18T20:09:32.980+0000][1][safepoint   ] Safepoint "Cleanup", Time since last: 4001208714 ns, Reaching safepoint: 25012 ns, Cleanup: 11838 ns, At safepoint: 4879 ns, Total: 41729 ns
[2024-05-18T20:09:49.984+0000][1][safepoint   ] Safepoint "Cleanup", Time since last: 17004736723 ns, Reaching safepoint: 46541 ns, Cleanup: 20872 ns, At safepoint: 4509 ns, Total: 71922 ns
[2024-05-18T20:10:01.988+0000][1][safepoint   ] Safepoint "Cleanup", Time since last: 12003472492 ns, Reaching safepoint: 103970 ns, Cleanup: 23755 ns, At safepoint: 35332 ns, Total: 163057 ns
[2024-05-18T20:10:25.996+0000][1][safepoint   ] Safepoint "Cleanup", Time since last: 24007661502 ns, Reaching safepoint: 38990 ns, Cleanup: 22829 ns, At safepoint: 9303 ns, Total: 71122 ns
[2024-05-18T20:10:28.997+0000][1][safepoint   ] Safepoint "Cleanup", Time since last: 3000934264 ns, Reaching safepoint: 84739 ns, Cleanup: 22744 ns, At safepoint: 8022 ns, Total: 115505 ns
[2024-05-18T20:10:31.998+0000][1][safepoint   ] Safepoint "Cleanup", Time since last: 3001133015 ns, Reaching safepoint: 36601 ns, Cleanup: 23019 ns, At safepoint: 9178 ns, Total: 68798 ns
[2024-05-18T20:10:34.999+0000][1][safepoint   ] Safepoint "Cleanup", Time since last: 3000989524 ns, Reaching safepoint: 54499 ns, Cleanup: 68420 ns, At safepoint: 19408 ns, Total: 142327 ns
[2024-05-18T20:10:36.000+0000][1][safepoint   ] Safepoint "Cleanup", Time since last: 1000764397 ns, Reaching safepoint: 32144 ns, Cleanup: 93848 ns, At safepoint: 5424 ns, Total: 131416 ns
[2024-05-18T20:10:37.000+0000][1][safepoint   ] Safepoint "Cleanup", Time since last: 1000185010 ns, Reaching safepoint: 31303 ns, Cleanup: 20335 ns, At safepoint: 4785 ns, Total: 56423 ns
[2024-05-18T20:10:39.001+0000][1][safepoint   ] Safepoint "Cleanup", Time since last: 2000292109 ns, Reaching safepoint: 29292 ns, Cleanup: 61845 ns, At safepoint: 4719 ns, Total: 95856 ns
[2024-05-18T20:10:40.001+0000][1][safepoint   ] Safepoint "Cleanup", Time since last: 1000211922 ns, Reaching safepoint: 41697 ns, Cleanup: 51937 ns, At safepoint: 11397 ns, Total: 105031 ns
[2024-05-18T20:10:41.002+0000][1][safepoint   ] Safepoint "Cleanup", Time since last: 1000580905 ns, Reaching safepoint: 42403 ns, Cleanup: 55055 ns, At safepoint: 10957 ns, Total: 108415 ns
[2024-05-18T20:10:42.456+0000][1][safepoint   ] Safepoint "Cleanup", Time since last: 1454339047 ns, Reaching safepoint: 13094 ns, Cleanup: 118847 ns, At safepoint: 8973 ns, Total: 140914 ns
[2024-05-18T20:10:44.119+0000][1][safepoint   ] Safepoint "Cleanup", Time since last: 1662656264 ns, Reaching safepoint: 36616 ns, Cleanup: 89812 ns, At safepoint: 8561 ns, Total: 134989 ns
[2024-05-18T20:10:45.129+0000][1][safepoint   ] Safepoint "Cleanup", Time since last: 1010412313 ns, Reaching safepoint: 36565 ns, Cleanup: 49579 ns, At safepoint: 7618 ns, Total: 93762 ns
[2024-05-18T20:10:46.130+0000][1][safepoint   ] Safepoint "Cleanup", Time since last: 1000532514 ns, Reaching safepoint: 36622 ns, Cleanup: 35000 ns, At safepoint: 7779 ns, Total: 79401 ns
[2024-05-18T20:10:47.131+0000][1][safepoint   ] Safepoint "Cleanup", Time since last: 1000305203 ns, Reaching safepoint: 435862 ns, Cleanup: 14648 ns, At safepoint: 9585 ns, Total: 460095 ns
[2024-05-18T20:10:48.133+0000][1][safepoint   ] Safepoint "Cleanup", Time since last: 1001990053 ns, Reaching safepoint: 34831 ns, Cleanup: 21450 ns, At safepoint: 8218 ns, Total: 64499 ns
[2024-05-18T20:10:49.142+0000][1][safepoint   ] Safepoint "Cleanup", Time since last: 1009126187 ns, Reaching safepoint: 16088 ns, Cleanup: 36451 ns, At safepoint: 11783 ns, Total: 64322 ns
[2024-05-18T20:10:50.207+0000][1][safepoint   ] Safepoint "Cleanup", Time since last: 1064603794 ns, Reaching safepoint: 31802 ns, Cleanup: 19066 ns, At safepoint: 5882 ns, Total: 56750 ns
[2024-05-18T20:10:51.207+0000][1][safepoint   ] Safepoint "Cleanup", Time since last: 1000491255 ns, Reaching safepoint: 57621 ns, Cleanup: 49430 ns, At safepoint: 44987 ns, Total: 152038 ns
[2024-05-18T20:10:56.507+0000][1][safepoint   ] Safepoint "Cleanup", Time since last: 5299485698 ns, Reaching safepoint: 36668 ns, Cleanup: 26919 ns, At safepoint: 8945 ns, Total: 72532 ns
[2024-05-18T20:10:59.508+0000][1][safepoint   ] Safepoint "Cleanup", Time since last: 3000841955 ns, Reaching safepoint: 95068 ns, Cleanup: 22380 ns, At safepoint: 9420 ns, Total: 126868 ns
[2024-05-18T20:11:00.519+0000][1][safepoint   ] Safepoint "Cleanup", Time since last: 1010801945 ns, Reaching safepoint: 29559 ns, Cleanup: 18203 ns, At safepoint: 5074 ns, Total: 52836 ns
[2024-05-18T20:11:03.520+0000][1][safepoint   ] Safepoint "Cleanup", Time since last: 3000841193 ns, Reaching safepoint: 52981 ns, Cleanup: 77432 ns, At safepoint: 15842 ns, Total: 146255 ns
[2024-05-18T20:11:04.520+0000][1][safepoint   ] Safepoint "Cleanup", Time since last: 1000483299 ns, Reaching safepoint: 31419 ns, Cleanup: 31199 ns, At safepoint: 5135 ns, Total: 67753 ns
[2024-05-18T20:11:06.175+0000][1][safepoint   ] Safepoint "Cleanup", Time since last: 1654816990 ns, Reaching safepoint: 36619 ns, Cleanup: 44248 ns, At safepoint: 7851 ns, Total: 88718 ns
[2024-05-18T20:11:11.533+0000][1][safepoint   ] Safepoint "Cleanup", Time since last: 5357825986 ns, Reaching safepoint: 28080 ns, Cleanup: 30597 ns, At safepoint: 4699 ns, Total: 63376 ns
[2024-05-18T20:11:12.534+0000][1][safepoint   ] Safepoint "Cleanup", Time since last: 1000441127 ns, Reaching safepoint: 36687 ns, Cleanup: 23899 ns, At safepoint: 9300 ns, Total: 69886 ns
[2024-05-18T20:11:13.534+0000][1][safepoint   ] Safepoint "Cleanup", Time since last: 1000469646 ns, Reaching safepoint: 36759 ns, Cleanup: 26523 ns, At safepoint: 7931 ns, Total: 71213 ns
[2024-05-18T20:11:16.551+0000][1][safepoint   ] Safepoint "Cleanup", Time since last: 3016400099 ns, Reaching safepoint: 36678 ns, Cleanup: 36217 ns, At safepoint: 7516 ns, Total: 80411 ns
[2024-05-18T20:11:19.541+0000][1][safepoint   ] Safepoint "Cleanup", Time since last: 2990171825 ns, Reaching safepoint: 80294 ns, Cleanup: 8512 ns, At safepoint: 4489 ns, Total: 93295 ns
[2024-05-18T20:11:20.740+0000][1][safepoint   ] Safepoint "Cleanup", Time since last: 1198890682 ns, Reaching safepoint: 8834 ns, Cleanup: 13070 ns, At safepoint: 2901 ns, Total: 24805 ns
[2024-05-18T20:11:22.194+0000][1][safepoint   ] Safepoint "Cleanup", Time since last: 1454492959 ns, Reaching safepoint: 42485 ns, Cleanup: 48117 ns, At safepoint: 11710 ns, Total: 102312 ns
[2024-05-18T20:11:25.655+0000][1][gc,start    ] GC(14) Pause Young (Prepare Mixed) (G1 Evacuation Pause)
[2024-05-18T20:11:25.655+0000][1][gc,task     ] GC(14) Using 4 workers of 4 for evacuation
[2024-05-18T20:11:25.655+0000][1][gc,age      ] GC(14) Desired survivor size 40370176 bytes, new threshold 15 (max threshold 15)
[2024-05-18T20:11:25.718+0000][1][gc,phases   ] GC(14)   Pre Evacuate Collection Set: 0.4ms
[2024-05-18T20:11:25.718+0000][1][gc,phases   ] GC(14)   Merge Heap Roots: 0.1ms
[2024-05-18T20:11:25.718+0000][1][gc,phases   ] GC(14)   Evacuate Collection Set: 58.5ms
[2024-05-18T20:11:25.718+0000][1][gc,phases   ] GC(14)   Post Evacuate Collection Set: 3.7ms
[2024-05-18T20:11:25.718+0000][1][gc,phases   ] GC(14)   Other: 0.1ms
[2024-05-18T20:11:25.718+0000][1][gc,age      ] GC(14) Age table with threshold 15 (max threshold 15)
[2024-05-18T20:11:25.718+0000][1][gc,age      ] GC(14) - age   1:    4846728 bytes,    4846728 total
[2024-05-18T20:11:25.718+0000][1][gc,age      ] GC(14) - age   2:    2572176 bytes,    7418904 total
[2024-05-18T20:11:25.718+0000][1][gc,age      ] GC(14) - age   3:   17651544 bytes,   25070448 total
[2024-05-18T20:11:25.718+0000][1][gc,age      ] GC(14) - age   4:      29272 bytes,   25099720 total
[2024-05-18T20:11:25.718+0000][1][gc,age      ] GC(14) - age   5:      38720 bytes,   25138440 total
[2024-05-18T20:11:25.718+0000][1][gc,age      ] GC(14) - age   6:    6499376 bytes,   31637816 total
[2024-05-18T20:11:25.718+0000][1][gc,age      ] GC(14) - age   7:     788640 bytes,   32426456 total
[2024-05-18T20:11:25.718+0000][1][gc,age      ] GC(14) - age   8:     162536 bytes,   32588992 total
[2024-05-18T20:11:25.718+0000][1][gc,age      ] GC(14) - age   9:     933856 bytes,   33522848 total
[2024-05-18T20:11:25.718+0000][1][gc,age      ] GC(14) - age  10:    1077120 bytes,   34599968 total
[2024-05-18T20:11:25.718+0000][1][gc,heap     ] GC(14) Eden regions: 579->0(579)
[2024-05-18T20:11:25.718+0000][1][gc,heap     ] GC(14) Survivor regions: 35->35(77)
[2024-05-18T20:11:25.718+0000][1][gc,heap     ] GC(14) Old regions: 9->9
[2024-05-18T20:11:25.718+0000][1][gc,heap     ] GC(14) Humongous regions: 13->3
[2024-05-18T20:11:25.718+0000][1][gc,metaspace] GC(14) Metaspace: 98276K(99840K)->98276K(99840K) NonClass: 86034K(86912K)->86034K(86912K) Class: 12242K(12928K)->12242K(12928K)
[2024-05-18T20:11:25.718+0000][1][gc          ] GC(14) Pause Young (Prepare Mixed) (G1 Evacuation Pause) 634M->45M(1024M) 63.373ms
[2024-05-18T20:11:25.718+0000][1][gc,cpu      ] GC(14) User=0.13s Sys=0.05s Real=0.07s
[2024-05-18T20:11:25.718+0000][1][safepoint   ] Safepoint "G1CollectForAllocation", Time since last: 3460524853 ns, Reaching safepoint: 25147 ns, Cleanup: 15678 ns, At safepoint: 63484959 ns, Total: 63525784 ns
[2024-05-18T20:11:31.597+0000][1][safepoint   ] Safepoint "Cleanup", Time since last: 5878919444 ns, Reaching safepoint: 27230 ns, Cleanup: 7027 ns, At safepoint: 3663 ns, Total: 37920 ns
[2024-05-18T20:11:37.601+0000][1][safepoint   ] Safepoint "Cleanup", Time since last: 6003754494 ns, Reaching safepoint: 36585 ns, Cleanup: 23512 ns, At safepoint: 7760 ns, Total: 67857 ns
[2024-05-18T20:11:44.584+0000][1][safepoint   ] Safepoint "Cleanup", Time since last: 6982433348 ns, Reaching safepoint: 36885 ns, Cleanup: 53123 ns, At safepoint: 7602 ns, Total: 97610 ns
[2024-05-18T20:11:45.600+0000][1][safepoint   ] Safepoint "Cleanup", Time since last: 1016139587 ns, Reaching safepoint: 31093 ns, Cleanup: 27863 ns, At safepoint: 4476 ns, Total: 63432 ns
[2024-05-18T20:11:46.818+0000][1][safepoint   ] Safepoint "Cleanup", Time since last: 1217493289 ns, Reaching safepoint: 15582 ns, Cleanup: 25471 ns, At safepoint: 7659 ns, Total: 48712 ns
[2024-05-18T20:11:54.276+0000][1][safepoint   ] Safepoint "Cleanup", Time since last: 7458678527 ns, Reaching safepoint: 32598 ns, Cleanup: 60326 ns, At safepoint: 4965 ns, Total: 97889 ns
[2024-05-18T20:12:28.660+0000][1][safepoint   ] Safepoint "Cleanup", Time since last: 34383465769 ns, Reaching safepoint: 106925 ns, Cleanup: 24019 ns, At safepoint: 10199 ns, Total: 141143 ns
[2024-05-18T20:12:54.668+0000][1][safepoint   ] Safepoint "Cleanup", Time since last: 26007874164 ns, Reaching safepoint: 103617 ns, Cleanup: 23385 ns, At safepoint: 8534 ns, Total: 135536 ns
[2024-05-18T20:13:01.670+0000][1][safepoint   ] Safepoint "Cleanup", Time since last: 7002318741 ns, Reaching safepoint: 96640 ns, Cleanup: 22771 ns, At safepoint: 14606 ns, Total: 134017 ns
[2024-05-18T20:13:03.671+0000][1][safepoint   ] Safepoint "Cleanup", Time since last: 2000813377 ns, Reaching safepoint: 36568 ns, Cleanup: 30412 ns, At safepoint: 7907 ns, Total: 74887 ns
[2024-05-18T20:13:06.673+0000][1][safepoint   ] Safepoint "Cleanup", Time since last: 3001326269 ns, Reaching safepoint: 97126 ns, Cleanup: 22369 ns, At safepoint: 18674 ns, Total: 138169 ns
[2024-05-18T20:13:09.674+0000][1][safepoint   ] Safepoint "Cleanup", Time since last: 3001146329 ns, Reaching safepoint: 36563 ns, Cleanup: 45024 ns, At safepoint: 9236 ns, Total: 90823 ns
[2024-05-18T20:13:17.676+0000][1][safepoint   ] Safepoint "Cleanup", Time since last: 8002142505 ns, Reaching safepoint: 74033 ns, Cleanup: 21887 ns, At safepoint: 9350 ns, Total: 105270 ns
[2024-05-18T20:13:28.680+0000][1][safepoint   ] Safepoint "Cleanup", Time since last: 11003817592 ns, Reaching safepoint: 96834 ns, Cleanup: 24926 ns, At safepoint: 8940 ns, Total: 130700 ns
[2024-05-18T20:14:01.690+0000][1][safepoint   ] Safepoint "Cleanup", Time since last: 33009618342 ns, Reaching safepoint: 96824 ns, Cleanup: 22251 ns, At safepoint: 9439 ns, Total: 128514 ns
[2024-05-18T20:14:29.699+0000][1][safepoint   ] Safepoint "Cleanup", Time since last: 28008480396 ns, Reaching safepoint: 119406 ns, Cleanup: 22385 ns, At safepoint: 9479 ns, Total: 151270 ns
[2024-05-18T20:14:58.707+0000][1][safepoint   ] Safepoint "Cleanup", Time since last: 29008491635 ns, Reaching safepoint: 99120 ns, Cleanup: 25918 ns, At safepoint: 9089 ns, Total: 134127 ns
[2024-05-18T20:15:59.724+0000][1][safepoint   ] Safepoint "Cleanup", Time since last: 61017092377 ns, Reaching safepoint: 31309 ns, Cleanup: 18545 ns, At safepoint: 5404 ns, Total: 55258 ns
[2024-05-18T20:16:06.727+0000][1][safepoint   ] Safepoint "Cleanup", Time since last: 7002440658 ns, Reaching safepoint: 42278 ns, Cleanup: 28460 ns, At safepoint: 9973 ns, Total: 80711 ns
[2024-05-18T20:16:10.382+0000][1][safepoint   ] Safepoint "Cleanup", Time since last: 3655505610 ns, Reaching safepoint: 16014 ns, Cleanup: 25144 ns, At safepoint: 7320 ns, Total: 48478 ns
[2024-05-18T20:16:11.424+0000][1][safepoint   ] Safepoint "Cleanup", Time since last: 1041227837 ns, Reaching safepoint: 14639 ns, Cleanup: 73804 ns, At safepoint: 9826 ns, Total: 98269 ns
[2024-05-18T20:16:14.832+0000][1][safepoint   ] Safepoint "Cleanup", Time since last: 3407950047 ns, Reaching safepoint: 42316 ns, Cleanup: 33917 ns, At safepoint: 9250 ns, Total: 85483 ns
[2024-05-18T20:16:28.862+0000][1][safepoint   ] Safepoint "Cleanup", Time since last: 14030463979 ns, Reaching safepoint: 100232 ns, Cleanup: 23783 ns, At safepoint: 17970 ns, Total: 141985 ns
[2024-05-18T20:16:37.865+0000][1][safepoint   ] Safepoint "Cleanup", Time since last: 9002650885 ns, Reaching safepoint: 36854 ns, Cleanup: 23035 ns, At safepoint: 7713 ns, Total: 67602 ns
[2024-05-18T20:17:20.039+0000][1][safepoint   ] Safepoint "Cleanup", Time since last: 42173974378 ns, Reaching safepoint: 96816 ns, Cleanup: 27270 ns, At safepoint: 8115 ns, Total: 132201 ns
[2024-05-18T20:18:52.065+0000][1][safepoint   ] Safepoint "Cleanup", Time since last: 92026003796 ns, Reaching safepoint: 43448 ns, Cleanup: 26621 ns, At safepoint: 9453 ns, Total: 79522 ns
[2024-05-18T20:19:16.072+0000][1][safepoint   ] Safepoint "Cleanup", Time since last: 24006450674 ns, Reaching safepoint: 43263 ns, Cleanup: 31327 ns, At safepoint: 9398 ns, Total: 83988 ns
[2024-05-18T20:19:29.076+0000][1][safepoint   ] Safepoint "Cleanup", Time since last: 13004062296 ns, Reaching safepoint: 115194 ns, Cleanup: 29811 ns, At safepoint: 10825 ns, Total: 155830 ns
[2024-05-18T20:19:44.081+0000][1][safepoint   ] Safepoint "Cleanup", Time since last: 15004937422 ns, Reaching safepoint: 32479 ns, Cleanup: 19551 ns, At safepoint: 5711 ns, Total: 57741 ns
[2024-05-18T20:19:58.085+0000][1][safepoint   ] Safepoint "Cleanup", Time since last: 14003732995 ns, Reaching safepoint: 116243 ns, Cleanup: 27999 ns, At safepoint: 9960 ns, Total: 154202 ns
[2024-05-18T20:20:34.096+0000][1][safepoint   ] Safepoint "Cleanup", Time since last: 36011265609 ns, Reaching safepoint: 99834 ns, Cleanup: 31200 ns, At safepoint: 9132 ns, Total: 140166 ns
[2024-05-18T20:20:36.097+0000][1][safepoint   ] Safepoint "Cleanup", Time since last: 2000866865 ns, Reaching safepoint: 36645 ns, Cleanup: 23812 ns, At safepoint: 8022 ns, Total: 68479 ns
[2024-05-18T20:20:55.103+0000][1][safepoint   ] Safepoint "Cleanup", Time since last: 19005664836 ns, Reaching safepoint: 59473 ns, Cleanup: 10799 ns, At safepoint: 5896 ns, Total: 76168 ns
[2024-05-18T20:20:58.104+0000][1][safepoint   ] Safepoint "Cleanup", Time since last: 3000931791 ns, Reaching safepoint: 30040 ns, Cleanup: 17432 ns, At safepoint: 4450 ns, Total: 51922 ns
[2024-05-18T20:21:10.108+0000][1][safepoint   ] Safepoint "Cleanup", Time since last: 12003716746 ns, Reaching safepoint: 36735 ns, Cleanup: 24849 ns, At safepoint: 7348 ns, Total: 68932 ns
[2024-05-18T20:21:12.108+0000][1][safepoint   ] Safepoint "Cleanup", Time since last: 2000570933 ns, Reaching safepoint: 31872 ns, Cleanup: 24164 ns, At safepoint: 4509 ns, Total: 60545 ns
[2024-05-18T20:21:24.112+0000][1][safepoint   ] Safepoint "Cleanup", Time since last: 12003494004 ns, Reaching safepoint: 121603 ns, Cleanup: 30941 ns, At safepoint: 20593 ns, Total: 173137 ns
[2024-05-18T20:21:43.118+0000][1][safepoint   ] Safepoint "Cleanup", Time since last: 19005570137 ns, Reaching safepoint: 36712 ns, Cleanup: 27738 ns, At safepoint: 8209 ns, Total: 72659 ns
[2024-05-18T20:23:06.011+0000][1][safepoint   ] Safepoint "Cleanup", Time since last: 82893218891 ns, Reaching safepoint: 146880 ns, Cleanup: 27232 ns, At safepoint: 8734 ns, Total: 182846 ns
[2024-05-18T20:23:22.016+0000][1][safepoint   ] Safepoint "Cleanup", Time since last: 16004681926 ns, Reaching safepoint: 48321 ns, Cleanup: 16260 ns, At safepoint: 4465 ns, Total: 69046 ns
[2024-05-18T20:23:25.017+0000][1][safepoint   ] Safepoint "Cleanup", Time since last: 3000764355 ns, Reaching safepoint: 33252 ns, Cleanup: 26948 ns, At safepoint: 5527 ns, Total: 65727 ns
[2024-05-18T20:23:34.020+0000][1][safepoint   ] Safepoint "Cleanup", Time since last: 9002974646 ns, Reaching safepoint: 173545 ns, Cleanup: 25907 ns, At safepoint: 14463 ns, Total: 213915 ns
[2024-05-18T20:23:39.021+0000][1][safepoint   ] Safepoint "Cleanup", Time since last: 5001234827 ns, Reaching safepoint: 43030 ns, Cleanup: 29673 ns, At safepoint: 8887 ns, Total: 81590 ns
[2024-05-18T20:24:12.031+0000][1][safepoint   ] Safepoint "Cleanup", Time since last: 33009119439 ns, Reaching safepoint: 120407 ns, Cleanup: 33966 ns, At safepoint: 24848 ns, Total: 179221 ns
[2024-05-18T20:25:35.056+0000][1][safepoint   ] Safepoint "Cleanup", Time since last: 83025048337 ns, Reaching safepoint: 117248 ns, Cleanup: 30111 ns, At safepoint: 11129 ns, Total: 158488 ns
[2024-05-18T20:25:46.059+0000][1][safepoint   ] Safepoint "Cleanup", Time since last: 11003648625 ns, Reaching safepoint: 96852 ns, Cleanup: 26151 ns, At safepoint: 10732 ns, Total: 133735 ns
[2024-05-18T20:25:52.062+0000][1][safepoint   ] Safepoint "Cleanup", Time since last: 6001940127 ns, Reaching safepoint: 43087 ns, Cleanup: 27038 ns, At safepoint: 9452 ns, Total: 79577 ns
[2024-05-18T20:25:58.063+0000][1][safepoint   ] Safepoint "Cleanup", Time since last: 6001330275 ns, Reaching safepoint: 29869 ns, Cleanup: 17482 ns, At safepoint: 4507 ns, Total: 51858 ns
[2024-05-18T20:26:00.064+0000][1][safepoint   ] Safepoint "Cleanup", Time since last: 2000543070 ns, Reaching safepoint: 86355 ns, Cleanup: 16321 ns, At safepoint: 7262 ns, Total: 109938 ns
[2024-05-18T20:26:08.067+0000][1][safepoint   ] Safepoint "Cleanup", Time since last: 8002867565 ns, Reaching safepoint: 55045 ns, Cleanup: 62438 ns, At safepoint: 15769 ns, Total: 133252 ns
[2024-05-18T20:26:10.067+0000][1][safepoint   ] Safepoint "Cleanup", Time since last: 2000660448 ns, Reaching safepoint: 36782 ns, Cleanup: 23451 ns, At safepoint: 8633 ns, Total: 68866 ns
[2024-05-18T20:26:27.073+0000][1][safepoint   ] Safepoint "Cleanup", Time since last: 17005383911 ns, Reaching safepoint: 36647 ns, Cleanup: 23013 ns, At safepoint: 7547 ns, Total: 67207 ns
[2024-05-18T20:26:43.078+0000][1][safepoint   ] Safepoint "Cleanup", Time since last: 16005180163 ns, Reaching safepoint: 86268 ns, Cleanup: 22522 ns, At safepoint: 6212 ns, Total: 115002 ns
[2024-05-18T20:26:55.329+0000][1][safepoint   ] Safepoint "Cleanup", Time since last: 12250941921 ns, Reaching safepoint: 35005 ns, Cleanup: 20983 ns, At safepoint: 7825 ns, Total: 63813 ns
[2024-05-18T20:27:42.344+0000][1][safepoint   ] Safepoint "Cleanup", Time since last: 47014681572 ns, Reaching safepoint: 92311 ns, Cleanup: 23365 ns, At safepoint: 14046 ns, Total: 129722 ns
[2024-05-18T20:27:45.345+0000][1][safepoint   ] Safepoint "Cleanup", Time since last: 3000951865 ns, Reaching safepoint: 30784 ns, Cleanup: 19370 ns, At safepoint: 4779 ns, Total: 54933 ns
[2024-05-18T20:27:47.346+0000][1][safepoint   ] Safepoint "Cleanup", Time since last: 2000818274 ns, Reaching safepoint: 90895 ns, Cleanup: 23090 ns, At safepoint: 13661 ns, Total: 127646 ns
[2024-05-18T20:28:18.356+0000][1][safepoint   ] Safepoint "Cleanup", Time since last: 31009495848 ns, Reaching safepoint: 280220 ns, Cleanup: 27494 ns, At safepoint: 11299 ns, Total: 319013 ns
[2024-05-18T20:28:30.359+0000][1][safepoint   ] Safepoint "Cleanup", Time since last: 12003706929 ns, Reaching safepoint: 146100 ns, Cleanup: 16387 ns, At safepoint: 5339 ns, Total: 167826 ns
[2024-05-18T20:29:34.378+0000][1][safepoint   ] Safepoint "Cleanup", Time since last: 64018365357 ns, Reaching safepoint: 139679 ns, Cleanup: 38781 ns, At safepoint: 4117 ns, Total: 182577 ns
[2024-05-18T20:29:40.380+0000][1][safepoint   ] Safepoint "Cleanup", Time since last: 6001673859 ns, Reaching safepoint: 97198 ns, Cleanup: 22342 ns, At safepoint: 8257 ns, Total: 127797 ns
[2024-05-18T20:30:24.393+0000][1][safepoint   ] Safepoint "Cleanup", Time since last: 44013364640 ns, Reaching safepoint: 100246 ns, Cleanup: 21710 ns, At safepoint: 8131 ns, Total: 130087 ns
[2024-05-18T20:30:59.406+0000][1][safepoint   ] Safepoint "Cleanup", Time since last: 35012542167 ns, Reaching safepoint: 43180 ns, Cleanup: 29453 ns, At safepoint: 9052 ns, Total: 81685 ns
[2024-05-18T20:31:00.407+0000][1][safepoint   ] Safepoint "Cleanup", Time since last: 1000530315 ns, Reaching safepoint: 42857 ns, Cleanup: 28135 ns, At safepoint: 9315 ns, Total: 80307 ns
[2024-05-18T20:31:08.409+0000][1][safepoint   ] Safepoint "Cleanup", Time since last: 8002410840 ns, Reaching safepoint: 100314 ns, Cleanup: 22188 ns, At safepoint: 8213 ns, Total: 130715 ns
[2024-05-18T20:31:28.415+0000][1][safepoint   ] Safepoint "Cleanup", Time since last: 20005745192 ns, Reaching safepoint: 32490 ns, Cleanup: 19580 ns, At safepoint: 5194 ns, Total: 57264 ns
[2024-05-18T20:31:40.079+0000][1][safepoint   ] Safepoint "Cleanup", Time since last: 11663777773 ns, Reaching safepoint: 96483 ns, Cleanup: 27631 ns, At safepoint: 9719 ns, Total: 133833 ns
[2024-05-18T20:32:14.669+0000][1][safepoint   ] Safepoint "Cleanup", Time since last: 34589922244 ns, Reaching safepoint: 93610 ns, Cleanup: 21890 ns, At safepoint: 6810 ns, Total: 122310 ns
[2024-05-18T20:32:16.670+0000][1][safepoint   ] Safepoint "Cleanup", Time since last: 2000728350 ns, Reaching safepoint: 32856 ns, Cleanup: 21646 ns, At safepoint: 5427 ns, Total: 59929 ns
[2024-05-18T20:32:19.671+0000][1][safepoint   ] Safepoint "Cleanup", Time since last: 3001112379 ns, Reaching safepoint: 36617 ns, Cleanup: 22687 ns, At safepoint: 7420 ns, Total: 66724 ns
[2024-05-18T20:32:28.673+0000][1][safepoint   ] Safepoint "Cleanup", Time since last: 9002188832 ns, Reaching safepoint: 29859 ns, Cleanup: 13328 ns, At safepoint: 6516 ns, Total: 49703 ns
[2024-05-18T20:32:33.675+0000][1][safepoint   ] Safepoint "Cleanup", Time since last: 5001607008 ns, Reaching safepoint: 43176 ns, Cleanup: 27894 ns, At safepoint: 9289 ns, Total: 80359 ns
[2024-05-18T20:32:50.679+0000][1][safepoint   ] Safepoint "Cleanup", Time since last: 17004465246 ns, Reaching safepoint: 100282 ns, Cleanup: 24879 ns, At safepoint: 8435 ns, Total: 133596 ns
[2024-05-18T20:32:59.682+0000][1][safepoint   ] Safepoint "Cleanup", Time since last: 9002563090 ns, Reaching safepoint: 36729 ns, Cleanup: 23291 ns, At safepoint: 7303 ns, Total: 67323 ns
[2024-05-18T20:33:07.685+0000][1][safepoint   ] Safepoint "Cleanup", Time since last: 8002480475 ns, Reaching safepoint: 113756 ns, Cleanup: 26139 ns, At safepoint: 11505 ns, Total: 151400 ns
[2024-05-18T20:33:31.692+0000][1][safepoint   ] Safepoint "Cleanup", Time since last: 24007067227 ns, Reaching safepoint: 39250 ns, Cleanup: 61981 ns, At safepoint: 9279 ns, Total: 110510 ns
[2024-05-18T20:33:49.697+0000][1][safepoint   ] Safepoint "Cleanup", Time since last: 18005305707 ns, Reaching safepoint: 117274 ns, Cleanup: 27804 ns, At safepoint: 10095 ns, Total: 155173 ns
[2024-05-18T20:34:04.702+0000][1][safepoint   ] Safepoint "Cleanup", Time since last: 15004521170 ns, Reaching safepoint: 43153 ns, Cleanup: 27075 ns, At safepoint: 10045 ns, Total: 80273 ns
[2024-05-18T20:34:24.193+0000][1][safepoint   ] Safepoint "Cleanup", Time since last: 19491463570 ns, Reaching safepoint: 8715 ns, Cleanup: 23429 ns, At safepoint: 2775 ns, Total: 34919 ns
[2024-05-18T20:34:25.408+0000][1][safepoint   ] Safepoint "Cleanup", Time since last: 1214946756 ns, Reaching safepoint: 36799 ns, Cleanup: 22693 ns, At safepoint: 7374 ns, Total: 66866 ns
[2024-05-18T20:34:29.091+0000][1][safepoint   ] Safepoint "Cleanup", Time since last: 3682134543 ns, Reaching safepoint: 8540 ns, Cleanup: 18114 ns, At safepoint: 4663 ns, Total: 31317 ns
[2024-05-18T20:34:57.866+0000][1][safepoint   ] Safepoint "Cleanup", Time since last: 28775478789 ns, Reaching safepoint: 33815 ns, Cleanup: 21695 ns, At safepoint: 5746 ns, Total: 61256 ns
[2024-05-18T20:35:03.869+0000][1][safepoint   ] Safepoint "Cleanup", Time since last: 6002460941 ns, Reaching safepoint: 40261 ns, Cleanup: 24936 ns, At safepoint: 8773 ns, Total: 73970 ns
[2024-05-18T20:35:12.872+0000][1][safepoint   ] Safepoint "Cleanup", Time since last: 9003230636 ns, Reaching safepoint: 100430 ns, Cleanup: 22835 ns, At safepoint: 8496 ns, Total: 131761 ns
[2024-05-18T20:35:17.874+0000][1][safepoint   ] Safepoint "Cleanup", Time since last: 5001673171 ns, Reaching safepoint: 36946 ns, Cleanup: 35694 ns, At safepoint: 6941 ns, Total: 79581 ns
[2024-05-18T20:35:19.874+0000][1][safepoint   ] Safepoint "Cleanup", Time since last: 2000633955 ns, Reaching safepoint: 27488 ns, Cleanup: 17993 ns, At safepoint: 4231 ns, Total: 49712 ns
[2024-05-18T20:35:22.876+0000][1][safepoint   ] Safepoint "Cleanup", Time since last: 3001150547 ns, Reaching safepoint: 59269 ns, Cleanup: 24390 ns, At safepoint: 8162 ns, Total: 91821 ns
[2024-05-18T20:35:28.878+0000][1][safepoint   ] Safepoint "Cleanup", Time since last: 6002034037 ns, Reaching safepoint: 36800 ns, Cleanup: 25802 ns, At safepoint: 6931 ns, Total: 69533 ns
[2024-05-18T20:35:33.879+0000][1][safepoint   ] Safepoint "Cleanup", Time since last: 5001367066 ns, Reaching safepoint: 30292 ns, Cleanup: 18946 ns, At safepoint: 4522 ns, Total: 53760 ns
[2024-05-18T20:35:45.883+0000][1][safepoint   ] Safepoint "Cleanup", Time since last: 12003581804 ns, Reaching safepoint: 97110 ns, Cleanup: 23154 ns, At safepoint: 15136 ns, Total: 135400 ns
[2024-05-18T20:35:47.884+0000][1][safepoint   ] Safepoint "Cleanup", Time since last: 2000844944 ns, Reaching safepoint: 43410 ns, Cleanup: 28414 ns, At safepoint: 9098 ns, Total: 80922 ns
[2024-05-18T20:35:50.885+0000][1][safepoint   ] Safepoint "Cleanup", Time since last: 3001126177 ns, Reaching safepoint: 36727 ns, Cleanup: 24932 ns, At safepoint: 8680 ns, Total: 70339 ns
[2024-05-18T20:35:52.886+0000][1][safepoint   ] Safepoint "Cleanup", Time since last: 2000632341 ns, Reaching safepoint: 36663 ns, Cleanup: 25763 ns, At safepoint: 7726 ns, Total: 70152 ns
[2024-05-18T20:35:59.888+0000][1][safepoint   ] Safepoint "Cleanup", Time since last: 7002393397 ns, Reaching safepoint: 36716 ns, Cleanup: 23635 ns, At safepoint: 9070 ns, Total: 69421 ns
[2024-05-18T20:36:01.889+0000][1][safepoint   ] Safepoint "Cleanup", Time since last: 2000853443 ns, Reaching safepoint: 36721 ns, Cleanup: 22108 ns, At safepoint: 8652 ns, Total: 67481 ns
[2024-05-18T20:36:28.897+0000][1][safepoint   ] Safepoint "Cleanup", Time since last: 27008072405 ns, Reaching safepoint: 76264 ns, Cleanup: 33577 ns, At safepoint: 4418 ns, Total: 114259 ns
[2024-05-18T20:37:09.009+0000][1][safepoint   ] Safepoint "Cleanup", Time since last: 40111801649 ns, Reaching safepoint: 38982 ns, Cleanup: 23700 ns, At safepoint: 9083 ns, Total: 71765 ns
[2024-05-18T20:37:49.020+0000][1][safepoint   ] Safepoint "Cleanup", Time since last: 40010704360 ns, Reaching safepoint: 132078 ns, Cleanup: 22864 ns, At safepoint: 26647 ns, Total: 181589 ns
[2024-05-18T20:38:35.032+0000][1][safepoint   ] Safepoint "Cleanup", Time since last: 46011753804 ns, Reaching safepoint: 118637 ns, Cleanup: 37859 ns, At safepoint: 4952 ns, Total: 161448 ns
[2024-05-18T20:38:36.032+0000][1][safepoint   ] Safepoint "Cleanup", Time since last: 1000397727 ns, Reaching safepoint: 32199 ns, Cleanup: 19082 ns, At safepoint: 5594 ns, Total: 56875 ns
[2024-05-18T20:38:53.037+0000][1][safepoint   ] Safepoint "Cleanup", Time since last: 17005006200 ns, Reaching safepoint: 36759 ns, Cleanup: 23479 ns, At safepoint: 8883 ns, Total: 69121 ns
[2024-05-18T20:38:56.039+0000][1][safepoint   ] Safepoint "Cleanup", Time since last: 3001145141 ns, Reaching safepoint: 36866 ns, Cleanup: 53678 ns, At safepoint: 8157 ns, Total: 98701 ns
[2024-05-18T20:38:57.597+0000][1][safepoint   ] Safepoint "Cleanup", Time since last: 1558106358 ns, Reaching safepoint: 8549 ns, Cleanup: 22439 ns, At safepoint: 3743 ns, Total: 34731 ns
[2024-05-18T20:39:01.607+0000][1][safepoint   ] Safepoint "Cleanup", Time since last: 4010347580 ns, Reaching safepoint: 42587 ns, Cleanup: 29698 ns, At safepoint: 9131 ns, Total: 81416 ns
[2024-05-18T20:39:02.608+0000][1][safepoint   ] Safepoint "Cleanup", Time since last: 1000637550 ns, Reaching safepoint: 42402 ns, Cleanup: 27663 ns, At safepoint: 9399 ns, Total: 79464 ns
[2024-05-18T20:39:08.620+0000][1][safepoint   ] Safepoint "Cleanup", Time since last: 6011917365 ns, Reaching safepoint: 65835 ns, Cleanup: 24713 ns, At safepoint: 4995 ns, Total: 95543 ns
[2024-05-18T20:39:10.562+0000][1][safepoint   ] Safepoint "Cleanup", Time since last: 1941841451 ns, Reaching safepoint: 30599 ns, Cleanup: 24708 ns, At safepoint: 4545 ns, Total: 59852 ns
[2024-05-18T20:39:11.562+0000][1][safepoint   ] Safepoint "Cleanup", Time since last: 1000232131 ns, Reaching safepoint: 35050 ns, Cleanup: 44166 ns, At safepoint: 4308 ns, Total: 83524 ns
[2024-05-18T20:39:18.692+0000][1][safepoint   ] Safepoint "Cleanup", Time since last: 7129573426 ns, Reaching safepoint: 96991 ns, Cleanup: 74766 ns, At safepoint: 15060 ns, Total: 186817 ns
[2024-05-18T20:39:19.692+0000][1][safepoint   ] Safepoint "Cleanup", Time since last: 1000403486 ns, Reaching safepoint: 32274 ns, Cleanup: 24883 ns, At safepoint: 6549 ns, Total: 63706 ns
[2024-05-18T20:39:23.204+0000][1][safepoint   ] Safepoint "Cleanup", Time since last: 3511249193 ns, Reaching safepoint: 36392 ns, Cleanup: 23631 ns, At safepoint: 8547 ns, Total: 68570 ns
[2024-05-18T20:39:27.581+0000][1][safepoint   ] Safepoint "Cleanup", Time since last: 4376593208 ns, Reaching safepoint: 123625 ns, Cleanup: 13516 ns, At safepoint: 10348 ns, Total: 147489 ns
[2024-05-18T20:39:28.581+0000][1][safepoint   ] Safepoint "Cleanup", Time since last: 1000364797 ns, Reaching safepoint: 30487 ns, Cleanup: 18580 ns, At safepoint: 5180 ns, Total: 54247 ns
[2024-05-18T20:39:29.581+0000][1][safepoint   ] Safepoint "Cleanup", Time since last: 1000452745 ns, Reaching safepoint: 36029 ns, Cleanup: 28976 ns, At safepoint: 8832 ns, Total: 73837 ns
[2024-05-18T20:39:30.657+0000][1][safepoint   ] Safepoint "Cleanup", Time since last: 1075851256 ns, Reaching safepoint: 8564 ns, Cleanup: 10255 ns, At safepoint: 3154 ns, Total: 21973 ns
[2024-05-18T20:39:34.660+0000][1][safepoint   ] Safepoint "Cleanup", Time since last: 4002739475 ns, Reaching safepoint: 39618 ns, Cleanup: 33458 ns, At safepoint: 12017 ns, Total: 85093 ns
[2024-05-18T20:39:37.227+0000][1][safepoint   ] Safepoint "Cleanup", Time since last: 2566989932 ns, Reaching safepoint: 8609 ns, Cleanup: 13218 ns, At safepoint: 2480 ns, Total: 24307 ns
[2024-05-18T20:39:42.596+0000][1][safepoint   ] Safepoint "Cleanup", Time since last: 5368269082 ns, Reaching safepoint: 16659 ns, Cleanup: 18785 ns, At safepoint: 6424 ns, Total: 41868 ns
[2024-05-18T20:39:45.726+0000][1][safepoint   ] Safepoint "Cleanup", Time since last: 3130906456 ns, Reaching safepoint: 42549 ns, Cleanup: 27019 ns, At safepoint: 10043 ns, Total: 79611 ns
[2024-05-18T20:39:46.741+0000][1][safepoint   ] Safepoint "Cleanup", Time since last: 1014057309 ns, Reaching safepoint: 31241 ns, Cleanup: 19027 ns, At safepoint: 5216 ns, Total: 55484 ns
[2024-05-18T20:39:54.247+0000][1][safepoint   ] Safepoint "Cleanup", Time since last: 7506671105 ns, Reaching safepoint: 42493 ns, Cleanup: 27217 ns, At safepoint: 9699 ns, Total: 79409 ns
[2024-05-18T20:40:01.725+0000][1][safepoint   ] Safepoint "Cleanup", Time since last: 7477509844 ns, Reaching safepoint: 36346 ns, Cleanup: 26218 ns, At safepoint: 8508 ns, Total: 71072 ns
[2024-05-18T20:40:04.742+0000][1][safepoint   ] Safepoint "Cleanup", Time since last: 3016679585 ns, Reaching safepoint: 42725 ns, Cleanup: 33442 ns, At safepoint: 9267 ns, Total: 85434 ns
[2024-05-18T20:40:15.745+0000][1][safepoint   ] Safepoint "Cleanup", Time since last: 11003110165 ns, Reaching safepoint: 36432 ns, Cleanup: 24415 ns, At safepoint: 7442 ns, Total: 68289 ns
[2024-05-18T20:40:29.750+0000][1][safepoint   ] Safepoint "Cleanup", Time since last: 14004573000 ns, Reaching safepoint: 99462 ns, Cleanup: 22313 ns, At safepoint: 9447 ns, Total: 131222 ns
[2024-05-18T20:40:34.751+0000][1][safepoint   ] Safepoint "Cleanup", Time since last: 5001668706 ns, Reaching safepoint: 36381 ns, Cleanup: 27111 ns, At safepoint: 7634 ns, Total: 71126 ns
[2024-05-18T20:40:48.755+0000][1][safepoint   ] Safepoint "Cleanup", Time since last: 14004054248 ns, Reaching safepoint: 90404 ns, Cleanup: 18497 ns, At safepoint: 4680 ns, Total: 113581 ns
[2024-05-18T20:40:59.280+0000][1][safepoint   ] Safepoint "Cleanup", Time since last: 10524151179 ns, Reaching safepoint: 40447 ns, Cleanup: 34085 ns, At safepoint: 7826 ns, Total: 82358 ns
[2024-05-18T20:41:15.316+0000][1][safepoint   ] Safepoint "Cleanup", Time since last: 16036681877 ns, Reaching safepoint: 33469 ns, Cleanup: 36530 ns, At safepoint: 5802 ns, Total: 75801 ns
[2024-05-18T20:41:17.309+0000][1][safepoint   ] Safepoint "Cleanup", Time since last: 1992676056 ns, Reaching safepoint: 36602 ns, Cleanup: 46266 ns, At safepoint: 7351 ns, Total: 90219 ns
[2024-05-18T20:41:18.317+0000][1][safepoint   ] Safepoint "Cleanup", Time since last: 1007714701 ns, Reaching safepoint: 39352 ns, Cleanup: 23149 ns, At safepoint: 22316 ns, Total: 84817 ns
[2024-05-18T20:41:19.881+0000][1][safepoint   ] Safepoint "Cleanup", Time since last: 1564282769 ns, Reaching safepoint: 36687 ns, Cleanup: 23144 ns, At safepoint: 7560 ns, Total: 67391 ns
[2024-05-18T20:41:21.678+0000][1][safepoint   ] Safepoint "Cleanup", Time since last: 1796733899 ns, Reaching safepoint: 96055 ns, Cleanup: 24949 ns, At safepoint: 18806 ns, Total: 139810 ns
[2024-05-18T20:41:22.702+0000][1][safepoint   ] Safepoint "Cleanup", Time since last: 1024045260 ns, Reaching safepoint: 32383 ns, Cleanup: 34077 ns, At safepoint: 5243 ns, Total: 71703 ns
[2024-05-18T20:41:23.740+0000][1][safepoint   ] Safepoint "Cleanup", Time since last: 1036976897 ns, Reaching safepoint: 133914 ns, Cleanup: 30417 ns, At safepoint: 32911 ns, Total: 197242 ns
[2024-05-18T20:41:24.826+0000][1][safepoint   ] Safepoint "Cleanup", Time since last: 1086196896 ns, Reaching safepoint: 31466 ns, Cleanup: 20932 ns, At safepoint: 4957 ns, Total: 57355 ns
[2024-05-18T20:41:27.827+0000][1][safepoint   ] Safepoint "Cleanup", Time since last: 3001160245 ns, Reaching safepoint: 36587 ns, Cleanup: 22761 ns, At safepoint: 8001 ns, Total: 67349 ns
[2024-05-18T20:41:32.829+0000][1][safepoint   ] Safepoint "Cleanup", Time since last: 5001578319 ns, Reaching safepoint: 26304 ns, Cleanup: 16643 ns, At safepoint: 4918 ns, Total: 47865 ns
[2024-05-18T20:41:41.848+0000][1][safepoint   ] Safepoint "Cleanup", Time since last: 9018834362 ns, Reaching safepoint: 36650 ns, Cleanup: 36524 ns, At safepoint: 7885 ns, Total: 81059 ns
[2024-05-18T20:41:42.857+0000][1][safepoint   ] Safepoint "Cleanup", Time since last: 1009179313 ns, Reaching safepoint: 33000 ns, Cleanup: 26870 ns, At safepoint: 6801 ns, Total: 66671 ns
[2024-05-18T20:41:49.859+0000][1][safepoint   ] Safepoint "Cleanup", Time since last: 7002058696 ns, Reaching safepoint: 43399 ns, Cleanup: 106865 ns, At safepoint: 10009 ns, Total: 160273 ns
[2024-05-18T20:41:51.920+0000][1][safepoint   ] Safepoint "Cleanup", Time since last: 2060674922 ns, Reaching safepoint: 7984 ns, Cleanup: 9373 ns, At safepoint: 2804 ns, Total: 20161 ns
[2024-05-18T20:41:52.922+0000][1][safepoint   ] Safepoint "Cleanup", Time since last: 1002396674 ns, Reaching safepoint: 36620 ns, Cleanup: 25101 ns, At safepoint: 9090 ns, Total: 70811 ns
[2024-05-18T20:41:58.924+0000][1][safepoint   ] Safepoint "Cleanup", Time since last: 6002199916 ns, Reaching safepoint: 36502 ns, Cleanup: 25918 ns, At safepoint: 7378 ns, Total: 69798 ns
[2024-05-18T20:42:08.928+0000][1][safepoint   ] Safepoint "Cleanup", Time since last: 10003325423 ns, Reaching safepoint: 98831 ns, Cleanup: 24257 ns, At safepoint: 8719 ns, Total: 131807 ns
[2024-05-18T20:42:13.930+0000][1][safepoint   ] Safepoint "Cleanup", Time since last: 5001569713 ns, Reaching safepoint: 29158 ns, Cleanup: 19138 ns, At safepoint: 4334 ns, Total: 52630 ns
[2024-05-18T20:42:49.940+0000][1][safepoint   ] Safepoint "Cleanup", Time since last: 36010336212 ns, Reaching safepoint: 108472 ns, Cleanup: 32930 ns, At safepoint: 26307 ns, Total: 167709 ns
[2024-05-18T20:42:53.420+0000][1][safepoint   ] Safepoint "Cleanup", Time since last: 3479505931 ns, Reaching safepoint: 30368 ns, Cleanup: 35249 ns, At safepoint: 3825 ns, Total: 69442 ns
[2024-05-18T20:42:55.420+0000][1][safepoint   ] Safepoint "Cleanup", Time since last: 2000650697 ns, Reaching safepoint: 31777 ns, Cleanup: 19777 ns, At safepoint: 5134 ns, Total: 56688 ns
[2024-05-18T20:43:26.430+0000][1][safepoint   ] Safepoint "Cleanup", Time since last: 31009623465 ns, Reaching safepoint: 85847 ns, Cleanup: 23613 ns, At safepoint: 9767 ns, Total: 119227 ns
[2024-05-18T20:43:36.434+0000][1][safepoint   ] Safepoint "Cleanup", Time since last: 10003896955 ns, Reaching safepoint: 96741 ns, Cleanup: 32338 ns, At safepoint: 6838 ns, Total: 135917 ns
[2024-05-18T20:44:21.448+0000][1][safepoint   ] Safepoint "Cleanup", Time since last: 45014060716 ns, Reaching safepoint: 116380 ns, Cleanup: 28985 ns, At safepoint: 10025 ns, Total: 155390 ns
[2024-05-18T20:44:23.449+0000][1][safepoint   ] Safepoint "Cleanup", Time since last: 2000668878 ns, Reaching safepoint: 39497 ns, Cleanup: 30517 ns, At safepoint: 9527 ns, Total: 79541 ns
[2024-05-18T20:44:26.450+0000][1][safepoint   ] Safepoint "Cleanup", Time since last: 3001195654 ns, Reaching safepoint: 36660 ns, Cleanup: 22922 ns, At safepoint: 8562 ns, Total: 68144 ns
[2024-05-18T20:44:35.453+0000][1][safepoint   ] Safepoint "Cleanup", Time since last: 9002683753 ns, Reaching safepoint: 97329 ns, Cleanup: 52989 ns, At safepoint: 7767 ns, Total: 158085 ns
[2024-05-18T20:44:37.454+0000][1][safepoint   ] Safepoint "Cleanup", Time since last: 2000782389 ns, Reaching safepoint: 36647 ns, Cleanup: 48090 ns, At safepoint: 8377 ns, Total: 93114 ns
[2024-05-18T20:44:39.455+0000][1][safepoint   ] Safepoint "Cleanup", Time since last: 2000720032 ns, Reaching safepoint: 34553 ns, Cleanup: 20787 ns, At safepoint: 7630 ns, Total: 62970 ns
[2024-05-18T20:44:59.462+0000][1][safepoint   ] Safepoint "Cleanup", Time since last: 20006740427 ns, Reaching safepoint: 36520 ns, Cleanup: 25962 ns, At safepoint: 8024 ns, Total: 70506 ns
[2024-05-18T20:45:39.474+0000][1][safepoint   ] Safepoint "Cleanup", Time since last: 40012320385 ns, Reaching safepoint: 106478 ns, Cleanup: 24629 ns, At safepoint: 9638 ns, Total: 140745 ns
[2024-05-18T20:45:58.480+0000][1][safepoint   ] Safepoint "Cleanup", Time since last: 19005733841 ns, Reaching safepoint: 39388 ns, Cleanup: 31591 ns, At safepoint: 8303 ns, Total: 79282 ns
[2024-05-18T20:45:59.480+0000][1][safepoint   ] Safepoint "Cleanup", Time since last: 1000448049 ns, Reaching safepoint: 32255 ns, Cleanup: 19712 ns, At safepoint: 5395 ns, Total: 57362 ns
[2024-05-18T20:46:15.484+0000][1][safepoint   ] Safepoint "Cleanup", Time since last: 16003845306 ns, Reaching safepoint: 43148 ns, Cleanup: 28054 ns, At safepoint: 9252 ns, Total: 80454 ns
[2024-05-18T20:46:48.494+0000][1][safepoint   ] Safepoint "Cleanup", Time since last: 33009490032 ns, Reaching safepoint: 96838 ns, Cleanup: 22848 ns, At safepoint: 14679 ns, Total: 134365 ns
[2024-05-18T20:47:39.712+0000][1][safepoint   ] Safepoint "Cleanup", Time since last: 51217742038 ns, Reaching safepoint: 69633 ns, Cleanup: 11463 ns, At safepoint: 4897 ns, Total: 85993 ns
[2024-05-18T20:48:13.722+0000][1][safepoint   ] Safepoint "Cleanup", Time since last: 34009721410 ns, Reaching safepoint: 117982 ns, Cleanup: 60728 ns, At safepoint: 27904 ns, Total: 206614 ns
[2024-05-18T20:48:29.727+0000][1][safepoint   ] Safepoint "Cleanup", Time since last: 16005494330 ns, Reaching safepoint: 36599 ns, Cleanup: 23147 ns, At safepoint: 8695 ns, Total: 68441 ns
[2024-05-18T20:49:07.739+0000][1][safepoint   ] Safepoint "Cleanup", Time since last: 38011507768 ns, Reaching safepoint: 36634 ns, Cleanup: 25254 ns, At safepoint: 8477 ns, Total: 70365 ns
[2024-05-18T20:49:17.742+0000][1][safepoint   ] Safepoint "Cleanup", Time since last: 10002673333 ns, Reaching safepoint: 70515 ns, Cleanup: 19262 ns, At safepoint: 5220 ns, Total: 94997 ns
[2024-05-18T20:49:24.744+0000][1][safepoint   ] Safepoint "Cleanup", Time since last: 7002066773 ns, Reaching safepoint: 36834 ns, Cleanup: 22520 ns, At safepoint: 7894 ns, Total: 67248 ns
[2024-05-18T20:49:52.220+0000][1][gc,start    ] GC(15) Pause Young (Mixed) (G1 Evacuation Pause)
[2024-05-18T20:49:52.220+0000][1][gc,task     ] GC(15) Using 4 workers of 4 for evacuation
[2024-05-18T20:49:52.220+0000][1][gc,age      ] GC(15) Desired survivor size 40370176 bytes, new threshold 15 (max threshold 15)
[2024-05-18T20:49:52.294+0000][1][gc,phases   ] GC(15)   Pre Evacuate Collection Set: 0.5ms
[2024-05-18T20:49:52.294+0000][1][gc,phases   ] GC(15)   Merge Heap Roots: 0.2ms
[2024-05-18T20:49:52.294+0000][1][gc,phases   ] GC(15)   Evacuate Collection Set: 69.3ms
[2024-05-18T20:49:52.294+0000][1][gc,phases   ] GC(15)   Post Evacuate Collection Set: 4.2ms
[2024-05-18T20:49:52.294+0000][1][gc,phases   ] GC(15)   Other: 0.1ms
[2024-05-18T20:49:52.294+0000][1][gc,age      ] GC(15) Age table with threshold 15 (max threshold 15)
[2024-05-18T20:49:52.294+0000][1][gc,age      ] GC(15) - age   1:    6187912 bytes,    6187912 total
[2024-05-18T20:49:52.294+0000][1][gc,age      ] GC(15) - age   2:    2348744 bytes,    8536656 total
[2024-05-18T20:49:52.294+0000][1][gc,age      ] GC(15) - age   3:    2385560 bytes,   10922216 total
[2024-05-18T20:49:52.294+0000][1][gc,age      ] GC(15) - age   4:   16739232 bytes,   27661448 total
[2024-05-18T20:49:52.294+0000][1][gc,age      ] GC(15) - age   5:      29272 bytes,   27690720 total
[2024-05-18T20:49:52.294+0000][1][gc,age      ] GC(15) - age   6:      38720 bytes,   27729440 total
[2024-05-18T20:49:52.294+0000][1][gc,age      ] GC(15) - age   7:    5598624 bytes,   33328064 total
[2024-05-18T20:49:52.294+0000][1][gc,age      ] GC(15) - age   8:     738400 bytes,   34066464 total
[2024-05-18T20:49:52.295+0000][1][gc,age      ] GC(15) - age   9:     158584 bytes,   34225048 total
[2024-05-18T20:49:52.295+0000][1][gc,age      ] GC(15) - age  10:     826992 bytes,   35052040 total
[2024-05-18T20:49:52.295+0000][1][gc,age      ] GC(15) - age  11:    1002520 bytes,   36054560 total
[2024-05-18T20:49:52.295+0000][1][gc,heap     ] GC(15) Eden regions: 579->0(579)
[2024-05-18T20:49:52.295+0000][1][gc,heap     ] GC(15) Survivor regions: 35->35(77)
[2024-05-18T20:49:52.295+0000][1][gc,heap     ] GC(15) Old regions: 9->8
[2024-05-18T20:49:52.295+0000][1][gc,heap     ] GC(15) Humongous regions: 13->3
[2024-05-18T20:49:52.295+0000][1][gc,metaspace] GC(15) Metaspace: 98592K(100096K)->98592K(100096K) NonClass: 86347K(87168K)->86347K(87168K) Class: 12245K(12928K)->12245K(12928K)
[2024-05-18T20:49:52.295+0000][1][gc          ] GC(15) Pause Young (Mixed) (G1 Evacuation Pause) 634M->45M(1024M) 74.681ms
[2024-05-18T20:49:52.295+0000][1][gc,cpu      ] GC(15) User=0.18s Sys=0.01s Real=0.07s
[2024-05-18T20:49:52.295+0000][1][safepoint   ] Safepoint "G1CollectForAllocation", Time since last: 27476089524 ns, Reaching safepoint: 24098 ns, Cleanup: 5968 ns, At safepoint: 74809755 ns, Total: 74839821 ns
[2024-05-18T20:50:26.304+0000][1][safepoint   ] Safepoint "Cleanup", Time since last: 34009465519 ns, Reaching safepoint: 95260 ns, Cleanup: 23039 ns, At safepoint: 9472 ns, Total: 127771 ns
[2024-05-18T20:50:42.310+0000][1][safepoint   ] Safepoint "Cleanup", Time since last: 16005212338 ns, Reaching safepoint: 43338 ns, Cleanup: 27437 ns, At safepoint: 10867 ns, Total: 81642 ns
[2024-05-18T20:50:50.312+0000][1][safepoint   ] Safepoint "Cleanup", Time since last: 8002427081 ns, Reaching safepoint: 115348 ns, Cleanup: 42154 ns, At safepoint: 25350 ns, Total: 182852 ns
[2024-05-18T20:51:32.323+0000][1][safepoint   ] Safepoint "Cleanup", Time since last: 42010509255 ns, Reaching safepoint: 91621 ns, Cleanup: 27502 ns, At safepoint: 6013 ns, Total: 125136 ns
[2024-05-18T20:52:41.069+0000][1][safepoint   ] Safepoint "Cleanup", Time since last: 68745567481 ns, Reaching safepoint: 101226 ns, Cleanup: 24893 ns, At safepoint: 8116 ns, Total: 134235 ns
[2024-05-18T20:53:00.075+0000][1][safepoint   ] Safepoint "Cleanup", Time since last: 19006690202 ns, Reaching safepoint: 36760 ns, Cleanup: 25433 ns, At safepoint: 7597 ns, Total: 69790 ns
[2024-05-18T20:53:14.079+0000][1][safepoint   ] Safepoint "Cleanup", Time since last: 14003716973 ns, Reaching safepoint: 70569 ns, Cleanup: 17980 ns, At safepoint: 6726 ns, Total: 95275 ns
[2024-05-18T20:53:47.089+0000][1][safepoint   ] Safepoint "Cleanup", Time since last: 33009396870 ns, Reaching safepoint: 89431 ns, Cleanup: 21326 ns, At safepoint: 6796 ns, Total: 117553 ns
[2024-05-18T20:54:32.103+0000][1][safepoint   ] Safepoint "Cleanup", Time since last: 45013974496 ns, Reaching safepoint: 100619 ns, Cleanup: 24134 ns, At safepoint: 8267 ns, Total: 133020 ns
[2024-05-18T20:54:49.108+0000][1][safepoint   ] Safepoint "Cleanup", Time since last: 17004947568 ns, Reaching safepoint: 39560 ns, Cleanup: 24394 ns, At safepoint: 8484 ns, Total: 72438 ns
[2024-05-18T20:54:54.110+0000][1][safepoint   ] Safepoint "Cleanup", Time since last: 5001904935 ns, Reaching safepoint: 37090 ns, Cleanup: 22832 ns, At safepoint: 8884 ns, Total: 68806 ns
[2024-05-18T20:55:05.113+0000][1][safepoint   ] Safepoint "Cleanup", Time since last: 11003123855 ns, Reaching safepoint: 116855 ns, Cleanup: 24153 ns, At safepoint: 8174 ns, Total: 149182 ns
[2024-05-18T20:55:10.115+0000][1][safepoint   ] Safepoint "Cleanup", Time since last: 5002070430 ns, Reaching safepoint: 69840 ns, Cleanup: 16994 ns, At safepoint: 4786 ns, Total: 91620 ns
[2024-05-18T20:55:27.121+0000][1][safepoint   ] Safepoint "Cleanup", Time since last: 17005427202 ns, Reaching safepoint: 96483 ns, Cleanup: 22881 ns, At safepoint: 7988 ns, Total: 127352 ns
[2024-05-18T20:55:32.123+0000][1][safepoint   ] Safepoint "Cleanup", Time since last: 5001832474 ns, Reaching safepoint: 36563 ns, Cleanup: 22667 ns, At safepoint: 8714 ns, Total: 67944 ns
[2024-05-18T20:55:38.125+0000][1][safepoint   ] Safepoint "Cleanup", Time since last: 6002392353 ns, Reaching safepoint: 36597 ns, Cleanup: 23064 ns, At safepoint: 8116 ns, Total: 67777 ns
[2024-05-18T20:55:41.126+0000][1][safepoint   ] Safepoint "Cleanup", Time since last: 3001195628 ns, Reaching safepoint: 43348 ns, Cleanup: 27978 ns, At safepoint: 12358 ns, Total: 83684 ns
[2024-05-18T20:55:46.128+0000][1][safepoint   ] Safepoint "Cleanup", Time since last: 5001718876 ns, Reaching safepoint: 43300 ns, Cleanup: 40420 ns, At safepoint: 10677 ns, Total: 94397 ns
[2024-05-18T20:56:52.148+0000][1][safepoint   ] Safepoint "Cleanup", Time since last: 66019765608 ns, Reaching safepoint: 93803 ns, Cleanup: 18073 ns, At safepoint: 4585 ns, Total: 116461 ns
[2024-05-18T20:57:44.244+0000][1][safepoint   ] Safepoint "Cleanup", Time since last: 52095643847 ns, Reaching safepoint: 27407 ns, Cleanup: 11644 ns, At safepoint: 3226 ns, Total: 42277 ns
[2024-05-18T20:57:45.246+0000][1][safepoint   ] Safepoint "Cleanup", Time since last: 1002562433 ns, Reaching safepoint: 92901 ns, Cleanup: 35144 ns, At safepoint: 15054 ns, Total: 143099 ns
[2024-05-18T20:57:52.249+0000][1][safepoint   ] Safepoint "Cleanup", Time since last: 7002249315 ns, Reaching safepoint: 108709 ns, Cleanup: 25828 ns, At safepoint: 9348 ns, Total: 143885 ns
[2024-05-18T20:57:55.250+0000][1][safepoint   ] Safepoint "Cleanup", Time since last: 3000877624 ns, Reaching safepoint: 30699 ns, Cleanup: 18493 ns, At safepoint: 5398 ns, Total: 54590 ns
[2024-05-18T20:59:01.271+0000][1][safepoint   ] Safepoint "Cleanup", Time since last: 66021102087 ns, Reaching safepoint: 42629 ns, Cleanup: 31828 ns, At safepoint: 10617 ns, Total: 85074 ns
[2024-05-18T20:59:30.279+0000][1][safepoint   ] Safepoint "Cleanup", Time since last: 29007782674 ns, Reaching safepoint: 120608 ns, Cleanup: 26826 ns, At safepoint: 10645 ns, Total: 158079 ns
[2024-05-18T20:59:31.280+0000][1][safepoint   ] Safepoint "Cleanup", Time since last: 1000502362 ns, Reaching safepoint: 72232 ns, Cleanup: 55231 ns, At safepoint: 16837 ns, Total: 144300 ns
[2024-05-18T21:00:02.288+0000][1][safepoint   ] Safepoint "Cleanup", Time since last: 31008402771 ns, Reaching safepoint: 42701 ns, Cleanup: 41449 ns, At safepoint: 10244 ns, Total: 94394 ns
[2024-05-18T21:00:21.294+0000][1][safepoint   ] Safepoint "Cleanup", Time since last: 19005481190 ns, Reaching safepoint: 70139 ns, Cleanup: 17096 ns, At safepoint: 5357 ns, Total: 92592 ns
[2024-05-18T21:00:42.300+0000][1][safepoint   ] Safepoint "Cleanup", Time since last: 21006164498 ns, Reaching safepoint: 71547 ns, Cleanup: 17987 ns, At safepoint: 5790 ns, Total: 95324 ns
[2024-05-18T21:00:59.305+0000][1][safepoint   ] Safepoint "Cleanup", Time since last: 17005015702 ns, Reaching safepoint: 36650 ns, Cleanup: 24315 ns, At safepoint: 7556 ns, Total: 68521 ns
[2024-05-18T21:01:41.316+0000][1][safepoint   ] Safepoint "Cleanup", Time since last: 42010806155 ns, Reaching safepoint: 97930 ns, Cleanup: 25026 ns, At safepoint: 8514 ns, Total: 131470 ns
[2024-05-18T21:02:07.779+0000][1][safepoint   ] Safepoint "Cleanup", Time since last: 26462761174 ns, Reaching safepoint: 39316 ns, Cleanup: 26705 ns, At safepoint: 9325 ns, Total: 75346 ns
[2024-05-18T21:02:16.781+0000][1][safepoint   ] Safepoint "Cleanup", Time since last: 9002368441 ns, Reaching safepoint: 96738 ns, Cleanup: 31790 ns, At safepoint: 7780 ns, Total: 136308 ns
[2024-05-18T21:02:24.784+0000][1][safepoint   ] Safepoint "Cleanup", Time since last: 8002626416 ns, Reaching safepoint: 43301 ns, Cleanup: 27992 ns, At safepoint: 9547 ns, Total: 80840 ns
[2024-05-18T21:02:30.786+0000][1][safepoint   ] Safepoint "Cleanup", Time since last: 6001951528 ns, Reaching safepoint: 36590 ns, Cleanup: 23015 ns, At safepoint: 7279 ns, Total: 66884 ns
[2024-05-18T21:03:53.810+0000][1][safepoint   ] Safepoint "Cleanup", Time since last: 83023918976 ns, Reaching safepoint: 36931 ns, Cleanup: 23536 ns, At safepoint: 66037 ns, Total: 126504 ns
[2024-05-18T21:04:14.816+0000][1][safepoint   ] Safepoint "Cleanup", Time since last: 21006075034 ns, Reaching safepoint: 39698 ns, Cleanup: 24079 ns, At safepoint: 7967 ns, Total: 71744 ns
[2024-05-18T21:04:30.820+0000][1][safepoint   ] Safepoint "Cleanup", Time since last: 16004035642 ns, Reaching safepoint: 81127 ns, Cleanup: 18835 ns, At safepoint: 6014 ns, Total: 105976 ns
[2024-05-18T21:05:57.846+0000][1][safepoint   ] Safepoint "Cleanup", Time since last: 87025527626 ns, Reaching safepoint: 29111 ns, Cleanup: 18446 ns, At safepoint: 38711 ns, Total: 86268 ns
[2024-05-18T21:05:59.847+0000][1][safepoint   ] Safepoint "Cleanup", Time since last: 2000735327 ns, Reaching safepoint: 36729 ns, Cleanup: 23607 ns, At safepoint: 7808 ns, Total: 68144 ns
[2024-05-18T21:06:31.855+0000][1][safepoint   ] Safepoint "Cleanup", Time since last: 32008167805 ns, Reaching safepoint: 120914 ns, Cleanup: 32254 ns, At safepoint: 9868 ns, Total: 163036 ns
[2024-05-18T21:06:37.857+0000][1][safepoint   ] Safepoint "Cleanup", Time since last: 6001505820 ns, Reaching safepoint: 30413 ns, Cleanup: 17963 ns, At safepoint: 5214 ns, Total: 53590 ns
[2024-05-18T21:07:30.146+0000][1][safepoint   ] Safepoint "Cleanup", Time since last: 52288764522 ns, Reaching safepoint: 115138 ns, Cleanup: 29387 ns, At safepoint: 11516 ns, Total: 156041 ns
[2024-05-18T21:07:44.150+0000][1][safepoint   ] Safepoint "Cleanup", Time since last: 14004604318 ns, Reaching safepoint: 36640 ns, Cleanup: 25149 ns, At safepoint: 8197 ns, Total: 69986 ns
[2024-05-18T21:08:19.160+0000][1][safepoint   ] Safepoint "Cleanup", Time since last: 35010029039 ns, Reaching safepoint: 99399 ns, Cleanup: 31646 ns, At safepoint: 6730 ns, Total: 137775 ns
[2024-05-18T21:08:22.162+0000][1][safepoint   ] Safepoint "Cleanup", Time since last: 3001074359 ns, Reaching safepoint: 43522 ns, Cleanup: 38761 ns, At safepoint: 10732 ns, Total: 93015 ns
[2024-05-18T21:08:41.168+0000][1][safepoint   ] Safepoint "Cleanup", Time since last: 19006468705 ns, Reaching safepoint: 95749 ns, Cleanup: 22820 ns, At safepoint: 8985 ns, Total: 127554 ns
[2024-05-18T21:10:06.195+0000][1][safepoint   ] Safepoint "Cleanup", Time since last: 85026919842 ns, Reaching safepoint: 117077 ns, Cleanup: 28824 ns, At safepoint: 10994 ns, Total: 156895 ns
[2024-05-18T21:10:30.318+0000][1][safepoint   ] Safepoint "Cleanup", Time since last: 24122814733 ns, Reaching safepoint: 55501 ns, Cleanup: 85443 ns, At safepoint: 27464 ns, Total: 168408 ns
[2024-05-18T21:10:58.326+0000][1][safepoint   ] Safepoint "Cleanup", Time since last: 28007811575 ns, Reaching safepoint: 28649 ns, Cleanup: 16527 ns, At safepoint: 27715 ns, Total: 72891 ns
[2024-05-18T21:11:34.338+0000][1][safepoint   ] Safepoint "Cleanup", Time since last: 36011413146 ns, Reaching safepoint: 95584 ns, Cleanup: 23444 ns, At safepoint: 14640 ns, Total: 133668 ns
[2024-05-18T21:11:39.340+0000][1][safepoint   ] Safepoint "Cleanup", Time since last: 5002003548 ns, Reaching safepoint: 39847 ns, Cleanup: 27461 ns, At safepoint: 7977 ns, Total: 75285 ns
[2024-05-18T21:12:40.509+0000][1][safepoint   ] Safepoint "Cleanup", Time since last: 61169600423 ns, Reaching safepoint: 99312 ns, Cleanup: 22888 ns, At safepoint: 8301 ns, Total: 130501 ns
[2024-05-18T21:14:24.541+0000][1][safepoint   ] Safepoint "Cleanup", Time since last: 104031718790 ns, Reaching safepoint: 97050 ns, Cleanup: 30653 ns, At safepoint: 8806 ns, Total: 136509 ns
[2024-05-18T21:14:29.543+0000][1][safepoint   ] Safepoint "Cleanup", Time since last: 5001564082 ns, Reaching safepoint: 36540 ns, Cleanup: 22911 ns, At safepoint: 7827 ns, Total: 67278 ns
[2024-05-18T21:15:00.343+0000][1][safepoint   ] Safepoint "Cleanup", Time since last: 30799774631 ns, Reaching safepoint: 36722 ns, Cleanup: 31319 ns, At safepoint: 7306 ns, Total: 75347 ns
[2024-05-18T21:16:00.360+0000][1][safepoint   ] Safepoint "Cleanup", Time since last: 60017653403 ns, Reaching safepoint: 32465 ns, Cleanup: 20457 ns, At safepoint: 5649 ns, Total: 58571 ns
[2024-05-18T21:16:15.368+0000][1][safepoint   ] Safepoint "Cleanup", Time since last: 15004333071 ns, Reaching safepoint: 2922108 ns, Cleanup: 17948 ns, At safepoint: 4882 ns, Total: 2944938 ns
[2024-05-18T21:16:34.375+0000][1][safepoint   ] Safepoint "Cleanup", Time since last: 19007207614 ns, Reaching safepoint: 119509 ns, Cleanup: 30764 ns, At safepoint: 10093 ns, Total: 160366 ns
[2024-05-18T21:16:59.852+0000][1][safepoint   ] Safepoint "Cleanup", Time since last: 25476364013 ns, Reaching safepoint: 36722 ns, Cleanup: 23267 ns, At safepoint: 8637 ns, Total: 68626 ns
[2024-05-18T21:17:14.856+0000][1][safepoint   ] Safepoint "Cleanup", Time since last: 15004448995 ns, Reaching safepoint: 45687 ns, Cleanup: 16218 ns, At safepoint: 5087 ns, Total: 66992 ns
[2024-05-18T21:17:42.866+0000][1][safepoint   ] Safepoint "Cleanup", Time since last: 28009289025 ns, Reaching safepoint: 104885 ns, Cleanup: 24122 ns, At safepoint: 8807 ns, Total: 137814 ns
[2024-05-18T21:17:59.872+0000][1][safepoint   ] Safepoint "Cleanup", Time since last: 17005996313 ns, Reaching safepoint: 42738 ns, Cleanup: 27319 ns, At safepoint: 9919 ns, Total: 79976 ns
[2024-05-18T21:18:10.876+0000][1][safepoint   ] Safepoint "Cleanup", Time since last: 11003969375 ns, Reaching safepoint: 63644 ns, Cleanup: 22427 ns, At safepoint: 7603 ns, Total: 93674 ns
[2024-05-18T21:18:29.880+0000][1][safepoint   ] Safepoint "Cleanup", Time since last: 19004600034 ns, Reaching safepoint: 114287 ns, Cleanup: 27289 ns, At safepoint: 9902 ns, Total: 151478 ns
[2024-05-18T21:19:02.998+0000][1][safepoint   ] Safepoint "Cleanup", Time since last: 33117711026 ns, Reaching safepoint: 97273 ns, Cleanup: 22421 ns, At safepoint: 8064 ns, Total: 127758 ns
[2024-05-18T21:19:27.003+0000][1][safepoint   ] Safepoint "Cleanup", Time since last: 24004213151 ns, Reaching safepoint: 66437 ns, Cleanup: 17998 ns, At safepoint: 4396 ns, Total: 88831 ns
[2024-05-18T21:20:05.331+0000][1][safepoint   ] Safepoint "Cleanup", Time since last: 38328170430 ns, Reaching safepoint: 99185 ns, Cleanup: 23467 ns, At safepoint: 8535 ns, Total: 131187 ns
[2024-05-18T21:20:30.339+0000][1][safepoint   ] Safepoint "Cleanup", Time since last: 25007621969 ns, Reaching safepoint: 99932 ns, Cleanup: 22940 ns, At safepoint: 9296 ns, Total: 132168 ns
[2024-05-18T21:20:59.347+0000][1][safepoint   ] Safepoint "Cleanup", Time since last: 29008499792 ns, Reaching safepoint: 36648 ns, Cleanup: 26226 ns, At safepoint: 7822 ns, Total: 70696 ns
[2024-05-18T21:21:33.357+0000][1][safepoint   ] Safepoint "Cleanup", Time since last: 34009250823 ns, Reaching safepoint: 85411 ns, Cleanup: 19996 ns, At safepoint: 6223 ns, Total: 111630 ns
[2024-05-18T21:21:50.363+0000][1][safepoint   ] Safepoint "Cleanup", Time since last: 17005888550 ns, Reaching safepoint: 97450 ns, Cleanup: 23246 ns, At safepoint: 19067 ns, Total: 139763 ns
[2024-05-18T21:22:53.225+0000][1][safepoint   ] Safepoint "Cleanup", Time since last: 62862078884 ns, Reaching safepoint: 44550 ns, Cleanup: 11785 ns, At safepoint: 3972 ns, Total: 60307 ns
[2024-05-18T21:22:56.226+0000][1][safepoint   ] Safepoint "Cleanup", Time since last: 3001064629 ns, Reaching safepoint: 36637 ns, Cleanup: 25675 ns, At safepoint: 6994 ns, Total: 69306 ns
[2024-05-18T21:23:32.236+0000][1][safepoint   ] Safepoint "Cleanup", Time since last: 36009804906 ns, Reaching safepoint: 108674 ns, Cleanup: 27411 ns, At safepoint: 10702 ns, Total: 146787 ns
[2024-05-18T21:24:02.244+0000][1][safepoint   ] Safepoint "Cleanup", Time since last: 30008046496 ns, Reaching safepoint: 95246 ns, Cleanup: 27169 ns, At safepoint: 20166 ns, Total: 142581 ns
[2024-05-18T21:24:52.258+0000][1][safepoint   ] Safepoint "Cleanup", Time since last: 50013884126 ns, Reaching safepoint: 96212 ns, Cleanup: 39912 ns, At safepoint: 6676 ns, Total: 142800 ns
[2024-05-18T21:25:58.277+0000][1][safepoint   ] Safepoint "Cleanup", Time since last: 66018956313 ns, Reaching safepoint: 29063 ns, Cleanup: 17829 ns, At safepoint: 4132 ns, Total: 51024 ns
[2024-05-18T21:29:15.610+0000][1][safepoint   ] Safepoint "Cleanup", Time since last: 197332361208 ns, Reaching safepoint: 116981 ns, Cleanup: 31116 ns, At safepoint: 26754 ns, Total: 174851 ns
[2024-05-18T21:29:37.616+0000][1][safepoint   ] Safepoint "Cleanup", Time since last: 22006388300 ns, Reaching safepoint: 43038 ns, Cleanup: 32363 ns, At safepoint: 9554 ns, Total: 84955 ns
[2024-05-18T21:30:00.623+0000][1][safepoint   ] Safepoint "Cleanup", Time since last: 23007281043 ns, Reaching safepoint: 36713 ns, Cleanup: 22497 ns, At safepoint: 8601 ns, Total: 67811 ns
[2024-05-18T21:30:49.640+0000][1][safepoint   ] Safepoint "Cleanup", Time since last: 49016234456 ns, Reaching safepoint: 120238 ns, Cleanup: 27347 ns, At safepoint: 18765 ns, Total: 166350 ns
[2024-05-18T21:31:41.657+0000][1][safepoint   ] Safepoint "Cleanup", Time since last: 52017056851 ns, Reaching safepoint: 100209 ns, Cleanup: 26060 ns, At safepoint: 7916 ns, Total: 134185 ns
[2024-05-18T21:33:01.947+0000][1][safepoint   ] Safepoint "Cleanup", Time since last: 80290217513 ns, Reaching safepoint: 36615 ns, Cleanup: 24836 ns, At safepoint: 74429 ns, Total: 135880 ns
[2024-05-18T21:33:08.950+0000][1][safepoint   ] Safepoint "Cleanup", Time since last: 7002358835 ns, Reaching safepoint: 36470 ns, Cleanup: 23829 ns, At safepoint: 7997 ns, Total: 68296 ns
[2024-05-18T21:33:20.954+0000][1][safepoint   ] Safepoint "Cleanup", Time since last: 12004389355 ns, Reaching safepoint: 95818 ns, Cleanup: 23516 ns, At safepoint: 14241 ns, Total: 133575 ns
[2024-05-18T21:33:44.963+0000][1][safepoint   ] Safepoint "Cleanup", Time since last: 24008172699 ns, Reaching safepoint: 34633 ns, Cleanup: 29068 ns, At safepoint: 5304 ns, Total: 69005 ns
[2024-05-18T21:35:18.989+0000][1][safepoint   ] Safepoint "Cleanup", Time since last: 94026587466 ns, Reaching safepoint: 103010 ns, Cleanup: 22576 ns, At safepoint: 22649 ns, Total: 148235 ns
[2024-05-18T21:35:25.438+0000][1][safepoint   ] Safepoint "Cleanup", Time since last: 6448164951 ns, Reaching safepoint: 99197 ns, Cleanup: 23404 ns, At safepoint: 8498 ns, Total: 131099 ns
[2024-05-18T21:35:28.439+0000][1][safepoint   ] Safepoint "Cleanup", Time since last: 3000998380 ns, Reaching safepoint: 91658 ns, Cleanup: 22050 ns, At safepoint: 15947 ns, Total: 129655 ns
[2024-05-18T21:37:03.289+0000][1][safepoint   ] Safepoint "Cleanup", Time since last: 94850080959 ns, Reaching safepoint: 34648 ns, Cleanup: 21508 ns, At safepoint: 6628 ns, Total: 62784 ns
[2024-05-18T21:38:17.309+0000][1][safepoint   ] Safepoint "Cleanup", Time since last: 74020043478 ns, Reaching safepoint: 93792 ns, Cleanup: 20851 ns, At safepoint: 13057 ns, Total: 127700 ns
[2024-05-18T21:39:14.327+0000][1][safepoint   ] Safepoint "Cleanup", Time since last: 57017592591 ns, Reaching safepoint: 30029 ns, Cleanup: 18619 ns, At safepoint: 4718 ns, Total: 53366 ns
[2024-05-18T21:39:26.330+0000][1][safepoint   ] Safepoint "Cleanup", Time since last: 12003528659 ns, Reaching safepoint: 101219 ns, Cleanup: 21767 ns, At safepoint: 9109 ns, Total: 132095 ns
[2024-05-18T21:41:07.362+0000][1][safepoint   ] Safepoint "Cleanup", Time since last: 101031795564 ns, Reaching safepoint: 36615 ns, Cleanup: 23119 ns, At safepoint: 7606 ns, Total: 67340 ns
[2024-05-18T21:41:16.365+0000][1][safepoint   ] Safepoint "Cleanup", Time since last: 9002862422 ns, Reaching safepoint: 43079 ns, Cleanup: 33467 ns, At safepoint: 9455 ns, Total: 86001 ns
[2024-05-18T21:41:49.375+0000][1][safepoint   ] Safepoint "Cleanup", Time since last: 33009554249 ns, Reaching safepoint: 99525 ns, Cleanup: 30965 ns, At safepoint: 7195 ns, Total: 137685 ns
[2024-05-18T21:43:45.676+0000][1][safepoint   ] Safepoint "Cleanup", Time since last: 116300738013 ns, Reaching safepoint: 126692 ns, Cleanup: 30329 ns, At safepoint: 10190 ns, Total: 167211 ns
[2024-05-18T21:44:41.692+0000][1][safepoint   ] Safepoint "Cleanup", Time since last: 56016563579 ns, Reaching safepoint: 114595 ns, Cleanup: 17003 ns, At safepoint: 8428 ns, Total: 140026 ns
[2024-05-18T21:48:27.789+0000][1][gc,start    ] GC(16) Pause Young (Normal) (G1 Evacuation Pause)
[2024-05-18T21:48:27.789+0000][1][gc,task     ] GC(16) Using 4 workers of 4 for evacuation
[2024-05-18T21:48:27.789+0000][1][gc,age      ] GC(16) Desired survivor size 40370176 bytes, new threshold 15 (max threshold 15)
[2024-05-18T21:48:27.869+0000][1][gc,phases   ] GC(16)   Pre Evacuate Collection Set: 0.5ms
[2024-05-18T21:48:27.869+0000][1][gc,phases   ] GC(16)   Merge Heap Roots: 0.2ms
[2024-05-18T21:48:27.869+0000][1][gc,phases   ] GC(16)   Evacuate Collection Set: 75.3ms
[2024-05-18T21:48:27.869+0000][1][gc,phases   ] GC(16)   Post Evacuate Collection Set: 4.0ms
[2024-05-18T21:48:27.869+0000][1][gc,phases   ] GC(16)   Other: 0.1ms
[2024-05-18T21:48:27.869+0000][1][gc,age      ] GC(16) Age table with threshold 15 (max threshold 15)
[2024-05-18T21:48:27.869+0000][1][gc,age      ] GC(16) - age   1:    2917552 bytes,    2917552 total
[2024-05-18T21:48:27.869+0000][1][gc,age      ] GC(16) - age   2:    5075712 bytes,    7993264 total
[2024-05-18T21:48:27.869+0000][1][gc,age      ] GC(16) - age   3:    2322144 bytes,   10315408 total
[2024-05-18T21:48:27.869+0000][1][gc,age      ] GC(16) - age   4:    2385560 bytes,   12700968 total
[2024-05-18T21:48:27.869+0000][1][gc,age      ] GC(16) - age   5:   16704768 bytes,   29405736 total
[2024-05-18T21:48:27.869+0000][1][gc,age      ] GC(16) - age   6:      29272 bytes,   29435008 total
[2024-05-18T21:48:27.869+0000][1][gc,age      ] GC(16) - age   7:      38720 bytes,   29473728 total
[2024-05-18T21:48:27.869+0000][1][gc,age      ] GC(16) - age   8:    5593672 bytes,   35067400 total
[2024-05-18T21:48:27.869+0000][1][gc,age      ] GC(16) - age   9:     738400 bytes,   35805800 total
[2024-05-18T21:48:27.869+0000][1][gc,age      ] GC(16) - age  10:     158584 bytes,   35964384 total
[2024-05-18T21:48:27.869+0000][1][gc,age      ] GC(16) - age  11:     826992 bytes,   36791376 total
[2024-05-18T21:48:27.869+0000][1][gc,age      ] GC(16) - age  12:    1002240 bytes,   37793616 total
[2024-05-18T21:48:27.869+0000][1][gc,heap     ] GC(16) Eden regions: 579->0(576)
[2024-05-18T21:48:27.869+0000][1][gc,heap     ] GC(16) Survivor regions: 35->38(77)
[2024-05-18T21:48:27.869+0000][1][gc,heap     ] GC(16) Old regions: 8->8
[2024-05-18T21:48:27.869+0000][1][gc,heap     ] GC(16) Humongous regions: 3->3
[2024-05-18T21:48:27.869+0000][1][gc,metaspace] GC(16) Metaspace: 98735K(100224K)->98735K(100224K) NonClass: 86489K(87296K)->86489K(87296K) Class: 12246K(12928K)->12246K(12928K)
[2024-05-18T21:48:27.869+0000][1][gc          ] GC(16) Pause Young (Normal) (G1 Evacuation Pause) 624M->48M(1024M) 80.553ms
[2024-05-18T21:48:27.869+0000][1][gc,cpu      ] GC(16) User=0.18s Sys=0.02s Real=0.08s
[2024-05-18T21:48:27.869+0000][1][safepoint   ] Safepoint "G1CollectForAllocation", Time since last: 226096258805 ns, Reaching safepoint: 60348 ns, Cleanup: 6938 ns, At safepoint: 80656467 ns, Total: 80723753 ns
[2024-05-18T21:48:47.875+0000][1][safepoint   ] Safepoint "Cleanup", Time since last: 20005835476 ns, Reaching safepoint: 96136 ns, Cleanup: 22843 ns, At safepoint: 8129 ns, Total: 127108 ns
[2024-05-18T21:48:52.877+0000][1][safepoint   ] Safepoint "Cleanup", Time since last: 5001455088 ns, Reaching safepoint: 37120 ns, Cleanup: 24296 ns, At safepoint: 8110 ns, Total: 69526 ns
[2024-05-18T21:49:00.879+0000][1][safepoint   ] Safepoint "Cleanup", Time since last: 8002358920 ns, Reaching safepoint: 29884 ns, Cleanup: 20819 ns, At safepoint: 4691 ns, Total: 55394 ns
[2024-05-18T21:49:17.885+0000][1][safepoint   ] Safepoint "Cleanup", Time since last: 17005417382 ns, Reaching safepoint: 96627 ns, Cleanup: 22487 ns, At safepoint: 8353 ns, Total: 127467 ns
[2024-05-18T21:49:19.886+0000][1][safepoint   ] Safepoint "Cleanup", Time since last: 2000804359 ns, Reaching safepoint: 36499 ns, Cleanup: 27400 ns, At safepoint: 7133 ns, Total: 71032 ns
[2024-05-18T21:49:33.890+0000][1][safepoint   ] Safepoint "Cleanup", Time since last: 14004567531 ns, Reaching safepoint: 36491 ns, Cleanup: 26862 ns, At safepoint: 6974 ns, Total: 70327 ns
[2024-05-18T21:49:36.891+0000][1][safepoint   ] Safepoint "Cleanup", Time since last: 3000948649 ns, Reaching safepoint: 43224 ns, Cleanup: 28308 ns, At safepoint: 10004 ns, Total: 81536 ns
[2024-05-18T21:49:50.896+0000][1][safepoint   ] Safepoint "Cleanup", Time since last: 14004426063 ns, Reaching safepoint: 112553 ns, Cleanup: 29148 ns, At safepoint: 10322 ns, Total: 152023 ns
[2024-05-18T21:50:30.908+0000][1][safepoint   ] Safepoint "Cleanup", Time since last: 40011575765 ns, Reaching safepoint: 73030 ns, Cleanup: 17293 ns, At safepoint: 7509 ns, Total: 97832 ns
[2024-05-18T21:51:53.933+0000][1][safepoint   ] Safepoint "Cleanup", Time since last: 83025157431 ns, Reaching safepoint: 96854 ns, Cleanup: 23920 ns, At safepoint: 8222 ns, Total: 128996 ns
[2024-05-18T21:52:24.370+0000][1][safepoint   ] Safepoint "Cleanup", Time since last: 30437268406 ns, Reaching safepoint: 101125 ns, Cleanup: 22370 ns, At safepoint: 8947 ns, Total: 132442 ns
[2024-05-18T21:52:33.373+0000][1][safepoint   ] Safepoint "Cleanup", Time since last: 9002158581 ns, Reaching safepoint: 66719 ns, Cleanup: 17401 ns, At safepoint: 8276 ns, Total: 92396 ns
[2024-05-18T21:52:49.377+0000][1][safepoint   ] Safepoint "Cleanup", Time since last: 16004654400 ns, Reaching safepoint: 43490 ns, Cleanup: 27288 ns, At safepoint: 9578 ns, Total: 80356 ns
[2024-05-18T21:53:09.383+0000][1][safepoint   ] Safepoint "Cleanup", Time since last: 20005708466 ns, Reaching safepoint: 42987 ns, Cleanup: 34514 ns, At safepoint: 9446 ns, Total: 86947 ns
[2024-05-18T21:53:11.384+0000][1][safepoint   ] Safepoint "Cleanup", Time since last: 2000460962 ns, Reaching safepoint: 42412 ns, Cleanup: 39186 ns, At safepoint: 11777 ns, Total: 93375 ns
[2024-05-18T21:55:01.418+0000][1][safepoint   ] Safepoint "Cleanup", Time since last: 110033827737 ns, Reaching safepoint: 36574 ns, Cleanup: 23818 ns, At safepoint: 164923 ns, Total: 225315 ns
[2024-05-18T21:55:07.420+0000][1][safepoint   ] Safepoint "Cleanup", Time since last: 6001757500 ns, Reaching safepoint: 36677 ns, Cleanup: 23018 ns, At safepoint: 8426 ns, Total: 68121 ns
[2024-05-18T21:57:00.725+0000][1][safepoint   ] Safepoint "Cleanup", Time since last: 113305716923 ns, Reaching safepoint: 101907 ns, Cleanup: 26380 ns, At safepoint: 17062 ns, Total: 145349 ns
[2024-05-18T21:57:36.736+0000][1][safepoint   ] Safepoint "Cleanup", Time since last: 36010537750 ns, Reaching safepoint: 99608 ns, Cleanup: 22328 ns, At safepoint: 8890 ns, Total: 130826 ns
[2024-05-18T21:57:50.740+0000][1][safepoint   ] Safepoint "Cleanup", Time since last: 14004010322 ns, Reaching safepoint: 30548 ns, Cleanup: 17470 ns, At safepoint: 4578 ns, Total: 52596 ns
[2024-05-18T21:58:48.758+0000][1][safepoint   ] Safepoint "Cleanup", Time since last: 58017588247 ns, Reaching safepoint: 145442 ns, Cleanup: 48704 ns, At safepoint: 17161 ns, Total: 211307 ns
[2024-05-18T21:59:37.771+0000][1][safepoint   ] Safepoint "Cleanup", Time since last: 49012998848 ns, Reaching safepoint: 83692 ns, Cleanup: 19493 ns, At safepoint: 5326 ns, Total: 108511 ns
[2024-05-18T22:00:58.793+0000][1][safepoint   ] Safepoint "Cleanup", Time since last: 81022109665 ns, Reaching safepoint: 31080 ns, Cleanup: 19724 ns, At safepoint: 5074 ns, Total: 55878 ns
[2024-05-18T22:04:15.120+0000][1][safepoint   ] Safepoint "Cleanup", Time since last: 196326612919 ns, Reaching safepoint: 36497 ns, Cleanup: 22567 ns, At safepoint: 7545 ns, Total: 66609 ns
[2024-05-18T22:04:46.130+0000][1][safepoint   ] Safepoint "Cleanup", Time since last: 31009963759 ns, Reaching safepoint: 136953 ns, Cleanup: 18014 ns, At safepoint: 4658 ns, Total: 159625 ns
[2024-05-18T22:06:50.168+0000][1][safepoint   ] Safepoint "Cleanup", Time since last: 124037798685 ns, Reaching safepoint: 118297 ns, Cleanup: 28178 ns, At safepoint: 11117 ns, Total: 157592 ns
[2024-05-18T22:06:55.170+0000][1][safepoint   ] Safepoint "Cleanup", Time since last: 5001539532 ns, Reaching safepoint: 32426 ns, Cleanup: 19389 ns, At safepoint: 5677 ns, Total: 57492 ns
[2024-05-18T22:07:07.425+0000][1][safepoint   ] Safepoint "Cleanup", Time since last: 12255222837 ns, Reaching safepoint: 43160 ns, Cleanup: 27709 ns, At safepoint: 9934 ns, Total: 80803 ns
[2024-05-18T22:08:45.457+0000][1][safepoint   ] Safepoint "Cleanup", Time since last: 98031551306 ns, Reaching safepoint: 81512 ns, Cleanup: 18651 ns, At safepoint: 5860 ns, Total: 106023 ns
[2024-05-18T22:09:33.472+0000][1][safepoint   ] Safepoint "Cleanup", Time since last: 48015114472 ns, Reaching safepoint: 95294 ns, Cleanup: 22298 ns, At safepoint: 14201 ns, Total: 131793 ns
[2024-05-18T22:10:58.497+0000][1][safepoint   ] Safepoint "Cleanup", Time since last: 85025626620 ns, Reaching safepoint: 38186 ns, Cleanup: 39786 ns, At safepoint: 8492 ns, Total: 86464 ns
[2024-05-18T22:10:59.498+0000][1][safepoint   ] Safepoint "Cleanup", Time since last: 1000500712 ns, Reaching safepoint: 36532 ns, Cleanup: 125350 ns, At safepoint: 7660 ns, Total: 169542 ns
[2024-05-18T22:11:07.500+0000][1][safepoint   ] Safepoint "Cleanup", Time since last: 8002161952 ns, Reaching safepoint: 32492 ns, Cleanup: 52456 ns, At safepoint: 5804 ns, Total: 90752 ns
[2024-05-18T22:11:09.001+0000][1][safepoint   ] Safepoint "Cleanup", Time since last: 1500243890 ns, Reaching safepoint: 30406 ns, Cleanup: 60654 ns, At safepoint: 4556 ns, Total: 95616 ns
[2024-05-18T22:11:10.008+0000][1][safepoint   ] Safepoint "Cleanup", Time since last: 1007080597 ns, Reaching safepoint: 38860 ns, Cleanup: 28110 ns, At safepoint: 8622 ns, Total: 75592 ns
[2024-05-18T22:11:12.009+0000][1][safepoint   ] Safepoint "Cleanup", Time since last: 2000616971 ns, Reaching safepoint: 31799 ns, Cleanup: 18826 ns, At safepoint: 5255 ns, Total: 55880 ns
[2024-05-18T22:11:16.897+0000][1][safepoint   ] Safepoint "Cleanup", Time since last: 4888165026 ns, Reaching safepoint: 30701 ns, Cleanup: 15419 ns, At safepoint: 3988 ns, Total: 50108 ns
[2024-05-18T22:11:18.900+0000][1][safepoint   ] Safepoint "Cleanup", Time since last: 2003064264 ns, Reaching safepoint: 46892 ns, Cleanup: 26272 ns, At safepoint: 5739 ns, Total: 78903 ns
[2024-05-18T22:11:21.873+0000][1][safepoint   ] Safepoint "Cleanup", Time since last: 2972583403 ns, Reaching safepoint: 80724 ns, Cleanup: 7581 ns, At safepoint: 7936 ns, Total: 96241 ns
[2024-05-18T22:11:22.906+0000][1][safepoint   ] Safepoint "Cleanup", Time since last: 1033244862 ns, Reaching safepoint: 36701 ns, Cleanup: 37925 ns, At safepoint: 8201 ns, Total: 82827 ns
[2024-05-18T22:11:25.863+0000][1][safepoint   ] Safepoint "Cleanup", Time since last: 2956929377 ns, Reaching safepoint: 9339 ns, Cleanup: 11590 ns, At safepoint: 2994 ns, Total: 23923 ns
[2024-05-18T22:11:26.895+0000][1][safepoint   ] Safepoint "Cleanup", Time since last: 1032473525 ns, Reaching safepoint: 68473 ns, Cleanup: 51864 ns, At safepoint: 8298 ns, Total: 128635 ns
[2024-05-18T22:11:29.896+0000][1][safepoint   ] Safepoint "Cleanup", Time since last: 3000548864 ns, Reaching safepoint: 29488 ns, Cleanup: 17869 ns, At safepoint: 4039 ns, Total: 51396 ns
[2024-05-18T22:11:30.896+0000][1][safepoint   ] Safepoint "Cleanup", Time since last: 1000265922 ns, Reaching safepoint: 32008 ns, Cleanup: 20072 ns, At safepoint: 4424 ns, Total: 56504 ns
[2024-05-18T22:11:32.034+0000][1][safepoint   ] Safepoint "Cleanup", Time since last: 1137912222 ns, Reaching safepoint: 36580 ns, Cleanup: 24818 ns, At safepoint: 7762 ns, Total: 69160 ns
[2024-05-18T22:11:35.929+0000][1][safepoint   ] Safepoint "Cleanup", Time since last: 3894544610 ns, Reaching safepoint: 8993 ns, Cleanup: 9408 ns, At safepoint: 2645 ns, Total: 21046 ns
[2024-05-18T22:11:37.908+0000][1][safepoint   ] Safepoint "Cleanup", Time since last: 1979385786 ns, Reaching safepoint: 8149 ns, Cleanup: 12764 ns, At safepoint: 2875 ns, Total: 23788 ns
[2024-05-18T22:11:48.056+0000][1][safepoint   ] Safepoint "Cleanup", Time since last: 10147542973 ns, Reaching safepoint: 36907 ns, Cleanup: 34035 ns, At safepoint: 7697 ns, Total: 78639 ns
[2024-05-18T22:12:00.968+0000][1][safepoint   ] Safepoint "Cleanup", Time since last: 12911930215 ns, Reaching safepoint: 42880 ns, Cleanup: 28081 ns, At safepoint: 10519 ns, Total: 81480 ns
[2024-05-18T22:12:13.972+0000][1][safepoint   ] Safepoint "Cleanup", Time since last: 13004244442 ns, Reaching safepoint: 31690 ns, Cleanup: 17842 ns, At safepoint: 4859 ns, Total: 54391 ns
[2024-05-18T22:14:03.911+0000][1][safepoint   ] Safepoint "Cleanup", Time since last: 109938502667 ns, Reaching safepoint: 96047 ns, Cleanup: 24249 ns, At safepoint: 9074 ns, Total: 129370 ns
[2024-05-18T22:14:08.912+0000][1][safepoint   ] Safepoint "Cleanup", Time since last: 5001199853 ns, Reaching safepoint: 30054 ns, Cleanup: 21644 ns, At safepoint: 4458 ns, Total: 56156 ns
[2024-05-18T22:15:59.049+0000][1][safepoint   ] Safepoint "Cleanup", Time since last: 110136581164 ns, Reaching safepoint: 34958 ns, Cleanup: 30980 ns, At safepoint: 6572 ns, Total: 72510 ns
[2024-05-18T22:16:02.050+0000][1][safepoint   ] Safepoint "Cleanup", Time since last: 3001148960 ns, Reaching safepoint: 36746 ns, Cleanup: 22682 ns, At safepoint: 7720 ns, Total: 67148 ns
[2024-05-18T22:17:54.134+0000][1][safepoint   ] Safepoint "Cleanup", Time since last: 112083343386 ns, Reaching safepoint: 96815 ns, Cleanup: 23019 ns, At safepoint: 8644 ns, Total: 128478 ns
[2024-05-18T22:18:31.143+0000][1][safepoint   ] Safepoint "Cleanup", Time since last: 37008963730 ns, Reaching safepoint: 99853 ns, Cleanup: 25886 ns, At safepoint: 8307 ns, Total: 134046 ns
[2024-05-18T22:19:41.163+0000][1][safepoint   ] Safepoint "Cleanup", Time since last: 70020615011 ns, Reaching safepoint: 116001 ns, Cleanup: 70799 ns, At safepoint: 11287 ns, Total: 198087 ns
[2024-05-18T22:20:17.173+0000][1][safepoint   ] Safepoint "Cleanup", Time since last: 36009644276 ns, Reaching safepoint: 127108 ns, Cleanup: 23560 ns, At safepoint: 13482 ns, Total: 164150 ns
[2024-05-18T22:20:22.175+0000][1][safepoint   ] Safepoint "Cleanup", Time since last: 5001885312 ns, Reaching safepoint: 36986 ns, Cleanup: 29999 ns, At safepoint: 6992 ns, Total: 73977 ns
[2024-05-18T22:21:48.688+0000][1][safepoint   ] Safepoint "Cleanup", Time since last: 86512538537 ns, Reaching safepoint: 95950 ns, Cleanup: 25435 ns, At safepoint: 8745 ns, Total: 130130 ns
[2024-05-18T22:25:35.652+0000][1][safepoint   ] Safepoint "Cleanup", Time since last: 226964335813 ns, Reaching safepoint: 97319 ns, Cleanup: 26112 ns, At safepoint: 18899 ns, Total: 142330 ns
[2024-05-18T22:30:10.884+0000][1][safepoint   ] Safepoint "Cleanup", Time since last: 275231632722 ns, Reaching safepoint: 30623 ns, Cleanup: 20336 ns, At safepoint: 4673 ns, Total: 55632 ns
[2024-05-18T22:31:32.117+0000][1][safepoint   ] Safepoint "Cleanup", Time since last: 81232966119 ns, Reaching safepoint: 100398 ns, Cleanup: 23975 ns, At safepoint: 19499 ns, Total: 143872 ns
[2024-05-18T22:34:21.169+0000][1][safepoint   ] Safepoint "Cleanup", Time since last: 169051628722 ns, Reaching safepoint: 123370 ns, Cleanup: 28311 ns, At safepoint: 8618 ns, Total: 160299 ns
[2024-05-18T22:40:03.506+0000][1][gc,start    ] GC(17) Pause Young (Normal) (G1 Evacuation Pause)
[2024-05-18T22:40:03.506+0000][1][gc,task     ] GC(17) Using 4 workers of 4 for evacuation
[2024-05-18T22:40:03.506+0000][1][gc,age      ] GC(17) Desired survivor size 40370176 bytes, new threshold 15 (max threshold 15)
[2024-05-18T22:40:03.595+0000][1][gc,phases   ] GC(17)   Pre Evacuate Collection Set: 0.5ms
[2024-05-18T22:40:03.595+0000][1][gc,phases   ] GC(17)   Merge Heap Roots: 0.1ms
[2024-05-18T22:40:03.595+0000][1][gc,phases   ] GC(17)   Evacuate Collection Set: 84.7ms
[2024-05-18T22:40:03.595+0000][1][gc,phases   ] GC(17)   Post Evacuate Collection Set: 3.6ms
[2024-05-18T22:40:03.595+0000][1][gc,phases   ] GC(17)   Other: 0.1ms
[2024-05-18T22:40:03.595+0000][1][gc,age      ] GC(17) Age table with threshold 15 (max threshold 15)
[2024-05-18T22:40:03.595+0000][1][gc,age      ] GC(17) - age   1:    5583424 bytes,    5583424 total
[2024-05-18T22:40:03.595+0000][1][gc,age      ] GC(17) - age   2:    1656112 bytes,    7239536 total
[2024-05-18T22:40:03.595+0000][1][gc,age      ] GC(17) - age   3:    2519112 bytes,    9758648 total
[2024-05-18T22:40:03.595+0000][1][gc,age      ] GC(17) - age   4:    1324248 bytes,   11082896 total
[2024-05-18T22:40:03.595+0000][1][gc,age      ] GC(17) - age   5:    2204280 bytes,   13287176 total
[2024-05-18T22:40:03.595+0000][1][gc,age      ] GC(17) - age   6:   16225960 bytes,   29513136 total
[2024-05-18T22:40:03.595+0000][1][gc,age      ] GC(17) - age   7:      29272 bytes,   29542408 total
[2024-05-18T22:40:03.595+0000][1][gc,age      ] GC(17) - age   8:      38720 bytes,   29581128 total
[2024-05-18T22:40:03.595+0000][1][gc,age      ] GC(17) - age   9:    5593672 bytes,   35174800 total
[2024-05-18T22:40:03.595+0000][1][gc,age      ] GC(17) - age  10:     738400 bytes,   35913200 total
[2024-05-18T22:40:03.595+0000][1][gc,age      ] GC(17) - age  11:     158584 bytes,   36071784 total
[2024-05-18T22:40:03.595+0000][1][gc,age      ] GC(17) - age  12:     826992 bytes,   36898776 total
[2024-05-18T22:40:03.595+0000][1][gc,age      ] GC(17) - age  13:    1002240 bytes,   37901016 total
[2024-05-18T22:40:03.595+0000][1][gc,heap     ] GC(17) Eden regions: 576->0(577)
[2024-05-18T22:40:03.595+0000][1][gc,heap     ] GC(17) Survivor regions: 38->37(77)
[2024-05-18T22:40:03.595+0000][1][gc,heap     ] GC(17) Old regions: 8->8
[2024-05-18T22:40:03.595+0000][1][gc,heap     ] GC(17) Humongous regions: 13->3
[2024-05-18T22:40:03.595+0000][1][gc,metaspace] GC(17) Metaspace: 98796K(100288K)->98796K(100288K) NonClass: 86548K(87360K)->86548K(87360K) Class: 12247K(12928K)->12247K(12928K)
[2024-05-18T22:40:03.595+0000][1][gc          ] GC(17) Pause Young (Normal) (G1 Evacuation Pause) 634M->47M(1024M) 89.509ms
[2024-05-18T22:40:03.595+0000][1][gc,cpu      ] GC(17) User=0.18s Sys=0.03s Real=0.08s
[2024-05-18T22:40:03.595+0000][1][safepoint   ] Safepoint "G1CollectForAllocation", Time since last: 342336772035 ns, Reaching safepoint: 24653 ns, Cleanup: 6390 ns, At safepoint: 89613240 ns, Total: 89644283 ns
[2024-05-18T22:43:31.859+0000][1][safepoint   ] Safepoint "Cleanup", Time since last: 208263624341 ns, Reaching safepoint: 65662 ns, Cleanup: 16659 ns, At safepoint: 25482 ns, Total: 107803 ns
[2024-05-18T22:43:32.860+0000][1][safepoint   ] Safepoint "Cleanup", Time since last: 1000498412 ns, Reaching safepoint: 56368 ns, Cleanup: 25041 ns, At safepoint: 7144 ns, Total: 88553 ns
[2024-05-18T22:44:01.868+0000][1][safepoint   ] Safepoint "Cleanup", Time since last: 29008233664 ns, Reaching safepoint: 38149 ns, Cleanup: 24632 ns, At safepoint: 90285 ns, Total: 153066 ns
[2024-05-18T22:44:33.878+0000][1][safepoint   ] Safepoint "Cleanup", Time since last: 32010011684 ns, Reaching safepoint: 100071 ns, Cleanup: 23211 ns, At safepoint: 8560 ns, Total: 131842 ns
[2024-05-18T22:46:28.188+0000][1][safepoint   ] Safepoint "Cleanup", Time since last: 114309516303 ns, Reaching safepoint: 121450 ns, Cleanup: 22430 ns, At safepoint: 7761 ns, Total: 151641 ns
[2024-05-18T22:46:32.189+0000][1][safepoint   ] Safepoint "Cleanup", Time since last: 4001404323 ns, Reaching safepoint: 94127 ns, Cleanup: 24600 ns, At safepoint: 18743 ns, Total: 137470 ns
[2024-05-18T22:46:45.193+0000][1][safepoint   ] Safepoint "Cleanup", Time since last: 13003752742 ns, Reaching safepoint: 36903 ns, Cleanup: 35352 ns, At safepoint: 7038 ns, Total: 79293 ns
[2024-05-18T22:53:49.588+0000][1][safepoint   ] Safepoint "Cleanup", Time since last: 424394620186 ns, Reaching safepoint: 127157 ns, Cleanup: 26733 ns, At safepoint: 21939 ns, Total: 175829 ns
[2024-05-18T22:54:31.601+0000][1][safepoint   ] Safepoint "Cleanup", Time since last: 42013177991 ns, Reaching safepoint: 90011 ns, Cleanup: 20645 ns, At safepoint: 7707 ns, Total: 118363 ns
[2024-05-18T22:57:03.915+0000][1][safepoint   ] Safepoint "Cleanup", Time since last: 152313955281 ns, Reaching safepoint: 42545 ns, Cleanup: 32467 ns, At safepoint: 10815 ns, Total: 85827 ns
[2024-05-18T22:58:21.939+0000][1][safepoint   ] Safepoint "Cleanup", Time since last: 78023462779 ns, Reaching safepoint: 36757 ns, Cleanup: 31338 ns, At safepoint: 7903 ns, Total: 75998 ns
[2024-05-18T23:02:26.277+0000][1][safepoint   ] Safepoint "Cleanup", Time since last: 244337671093 ns, Reaching safepoint: 47094 ns, Cleanup: 16706 ns, At safepoint: 9735 ns, Total: 73535 ns
[2024-05-18T23:12:29.926+0000][1][safepoint   ] Safepoint "Cleanup", Time since last: 603649108756 ns, Reaching safepoint: 28679 ns, Cleanup: 7786 ns, At safepoint: 5719 ns, Total: 42184 ns
[2024-05-18T23:13:49.943+0000][1][safepoint   ] Safepoint "Cleanup", Time since last: 80016909202 ns, Reaching safepoint: 102722 ns, Cleanup: 10924 ns, At safepoint: 5296 ns, Total: 118942 ns
[2024-05-18T23:13:55.947+0000][1][safepoint   ] Safepoint "Cleanup", Time since last: 6004104521 ns, Reaching safepoint: 39519 ns, Cleanup: 24418 ns, At safepoint: 9730 ns, Total: 73667 ns
[2024-05-18T23:14:29.199+0000][1][safepoint   ] Safepoint "Cleanup", Time since last: 33251791346 ns, Reaching safepoint: 121147 ns, Cleanup: 27020 ns, At safepoint: 10556 ns, Total: 158723 ns
[2024-05-18T23:18:53.383+0000][1][safepoint   ] Safepoint "Cleanup", Time since last: 264184127698 ns, Reaching safepoint: 100733 ns, Cleanup: 29401 ns, At safepoint: 8061 ns, Total: 138195 ns
[2024-05-18T23:22:18.726+0000][1][safepoint   ] Safepoint "Cleanup", Time since last: 205342959400 ns, Reaching safepoint: 36724 ns, Cleanup: 23192 ns, At safepoint: 8032 ns, Total: 67948 ns
[2024-05-18T23:22:32.731+0000][1][safepoint   ] Safepoint "Cleanup", Time since last: 14004176129 ns, Reaching safepoint: 122287 ns, Cleanup: 23060 ns, At safepoint: 15934 ns, Total: 161281 ns
[2024-05-18T23:24:24.986+0000][1][safepoint   ] Safepoint "Cleanup", Time since last: 112255491132 ns, Reaching safepoint: 30029 ns, Cleanup: 13081 ns, At safepoint: 9230 ns, Total: 52340 ns
[2024-05-18T23:24:59.955+0000][1][safepoint   ] Safepoint "Cleanup", Time since last: 34969298416 ns, Reaching safepoint: 11623 ns, Cleanup: 6893 ns, At safepoint: 2786 ns, Total: 21302 ns
[2024-05-18T23:25:57.975+0000][1][safepoint   ] Safepoint "Cleanup", Time since last: 58019857243 ns, Reaching safepoint: 39513 ns, Cleanup: 65258 ns, At safepoint: 32175 ns, Total: 136946 ns
[2024-05-18T23:26:39.999+0000][1][safepoint   ] Safepoint "Cleanup", Time since last: 42023596058 ns, Reaching safepoint: 17169 ns, Cleanup: 11024 ns, At safepoint: 5169 ns, Total: 33362 ns
[2024-05-18T23:31:04.418+0000][1][safepoint   ] Safepoint "Cleanup", Time since last: 264418750180 ns, Reaching safepoint: 36868 ns, Cleanup: 30396 ns, At safepoint: 7028 ns, Total: 74292 ns
[2024-05-18T23:34:12.477+0000][1][safepoint   ] Safepoint "Cleanup", Time since last: 188058591177 ns, Reaching safepoint: 123504 ns, Cleanup: 27178 ns, At safepoint: 9750 ns, Total: 160432 ns
[2024-05-18T23:35:18.496+0000][1][safepoint   ] Safepoint "Cleanup", Time since last: 66018921578 ns, Reaching safepoint: 140861 ns, Cleanup: 19499 ns, At safepoint: 9646 ns, Total: 170006 ns
[2024-05-18T23:35:33.500+0000][1][safepoint   ] Safepoint "Cleanup", Time since last: 15003990333 ns, Reaching safepoint: 65501 ns, Cleanup: 23649 ns, At safepoint: 8569 ns, Total: 97719 ns
[2024-05-18T23:39:48.827+0000][1][safepoint   ] Safepoint "Cleanup", Time since last: 255327229747 ns, Reaching safepoint: 77007 ns, Cleanup: 17004 ns, At safepoint: 5018 ns, Total: 99029 ns
[2024-05-18T23:39:51.828+0000][1][safepoint   ] Safepoint "Cleanup", Time since last: 3001076538 ns, Reaching safepoint: 30978 ns, Cleanup: 20349 ns, At safepoint: 5573 ns, Total: 56900 ns
[2024-05-18T23:40:25.839+0000][1][safepoint   ] Safepoint "Cleanup", Time since last: 34010274614 ns, Reaching safepoint: 120047 ns, Cleanup: 24032 ns, At safepoint: 17243 ns, Total: 161322 ns
[2024-05-18T23:40:39.220+0000][1][gc,start    ] GC(18) Pause Young (Normal) (G1 Evacuation Pause)
[2024-05-18T23:40:39.220+0000][1][gc,task     ] GC(18) Using 4 workers of 4 for evacuation
[2024-05-18T23:40:39.220+0000][1][gc,age      ] GC(18) Desired survivor size 40370176 bytes, new threshold 15 (max threshold 15)
[2024-05-18T23:40:39.312+0000][1][gc,phases   ] GC(18)   Pre Evacuate Collection Set: 0.6ms
[2024-05-18T23:40:39.312+0000][1][gc,phases   ] GC(18)   Merge Heap Roots: 0.2ms
[2024-05-18T23:40:39.312+0000][1][gc,phases   ] GC(18)   Evacuate Collection Set: 87.5ms
[2024-05-18T23:40:39.312+0000][1][gc,phases   ] GC(18)   Post Evacuate Collection Set: 3.6ms
[2024-05-18T23:40:39.312+0000][1][gc,phases   ] GC(18)   Other: 0.2ms
[2024-05-18T23:40:39.313+0000][1][gc,age      ] GC(18) Age table with threshold 15 (max threshold 15)
[2024-05-18T23:40:39.313+0000][1][gc,age      ] GC(18) - age   1:    2654608 bytes,    2654608 total
[2024-05-18T23:40:39.313+0000][1][gc,age      ] GC(18) - age   2:    4084160 bytes,    6738768 total
[2024-05-18T23:40:39.313+0000][1][gc,age      ] GC(18) - age   3:    1463712 bytes,    8202480 total
[2024-05-18T23:40:39.313+0000][1][gc,age      ] GC(18) - age   4:    1575912 bytes,    9778392 total
[2024-05-18T23:40:39.313+0000][1][gc,age      ] GC(18) - age   5:    1109296 bytes,   10887688 total
[2024-05-18T23:40:39.313+0000][1][gc,age      ] GC(18) - age   6:    2200376 bytes,   13088064 total
[2024-05-18T23:40:39.313+0000][1][gc,age      ] GC(18) - age   7:   16151696 bytes,   29239760 total
[2024-05-18T23:40:39.313+0000][1][gc,age      ] GC(18) - age   8:      29272 bytes,   29269032 total
[2024-05-18T23:40:39.313+0000][1][gc,age      ] GC(18) - age   9:      38720 bytes,   29307752 total
[2024-05-18T23:40:39.313+0000][1][gc,age      ] GC(18) - age  10:    5593672 bytes,   34901424 total
[2024-05-18T23:40:39.313+0000][1][gc,age      ] GC(18) - age  11:     738400 bytes,   35639824 total
[2024-05-18T23:40:39.313+0000][1][gc,age      ] GC(18) - age  12:     158584 bytes,   35798408 total
[2024-05-18T23:40:39.313+0000][1][gc,age      ] GC(18) - age  13:     826992 bytes,   36625400 total
[2024-05-18T23:40:39.313+0000][1][gc,age      ] GC(18) - age  14:    1002240 bytes,   37627640 total
[2024-05-18T23:40:39.313+0000][1][gc,heap     ] GC(18) Eden regions: 577->0(577)
[2024-05-18T23:40:39.313+0000][1][gc,heap     ] GC(18) Survivor regions: 37->37(77)
[2024-05-18T23:40:39.313+0000][1][gc,heap     ] GC(18) Old regions: 8->8
[2024-05-18T23:40:39.313+0000][1][gc,heap     ] GC(18) Humongous regions: 3->3
[2024-05-18T23:40:39.313+0000][1][gc,metaspace] GC(18) Metaspace: 98833K(100352K)->98833K(100352K) NonClass: 86584K(87424K)->86584K(87424K) Class: 12248K(12928K)->12248K(12928K)
[2024-05-18T23:40:39.313+0000][1][gc          ] GC(18) Pause Young (Normal) (G1 Evacuation Pause) 624M->47M(1024M) 92.496ms
[2024-05-18T23:40:39.313+0000][1][gc,cpu      ] GC(18) User=0.17s Sys=0.04s Real=0.09s
[2024-05-18T23:40:39.313+0000][1][safepoint   ] Safepoint "G1CollectForAllocation", Time since last: 13381450817 ns, Reaching safepoint: 26916 ns, Cleanup: 6476 ns, At safepoint: 92588226 ns, Total: 92621618 ns
[2024-05-18T23:47:33.510+0000][1][safepoint   ] Safepoint "Cleanup", Time since last: 414196967237 ns, Reaching safepoint: 99350 ns, Cleanup: 25313 ns, At safepoint: 15750 ns, Total: 140413 ns
[2024-05-19T00:01:51.571+0000][1][safepoint   ] Safepoint "Cleanup", Time since last: 858061062741 ns, Reaching safepoint: 113670 ns, Cleanup: 17896 ns, At safepoint: 7564 ns, Total: 139130 ns
[2024-05-19T00:02:13.578+0000][1][safepoint   ] Safepoint "Cleanup", Time since last: 22006662950 ns, Reaching safepoint: 97116 ns, Cleanup: 22043 ns, At safepoint: 9150 ns, Total: 128309 ns
[2024-05-19T00:15:43.346+0000][1][safepoint   ] Safepoint "Cleanup", Time since last: 809767654502 ns, Reaching safepoint: 100820 ns, Cleanup: 22319 ns, At safepoint: 9643 ns, Total: 132782 ns
[2024-05-19T00:16:09.626+0000][1][safepoint   ] Safepoint "Cleanup", Time since last: 26279935106 ns, Reaching safepoint: 36992 ns, Cleanup: 23139 ns, At safepoint: 8286 ns, Total: 68417 ns
[2024-05-19T00:17:49.656+0000][1][safepoint   ] Safepoint "Cleanup", Time since last: 100029985282 ns, Reaching safepoint: 99489 ns, Cleanup: 23360 ns, At safepoint: 8622 ns, Total: 131471 ns
[2024-05-19T00:19:36.689+0000][1][safepoint   ] Safepoint "Cleanup", Time since last: 107032546269 ns, Reaching safepoint: 100516 ns, Cleanup: 23211 ns, At safepoint: 9537 ns, Total: 133264 ns
[2024-05-19T00:20:42.709+0000][1][safepoint   ] Safepoint "Cleanup", Time since last: 66020138550 ns, Reaching safepoint: 117566 ns, Cleanup: 29305 ns, At safepoint: 10966 ns, Total: 157837 ns
[2024-05-19T00:21:08.000+0000][1][safepoint   ] Safepoint "Cleanup", Time since last: 25291012845 ns, Reaching safepoint: 43796 ns, Cleanup: 25736 ns, At safepoint: 10217 ns, Total: 79749 ns
[2024-05-19T00:22:51.026+0000][1][safepoint   ] Safepoint "Cleanup", Time since last: 103025750317 ns, Reaching safepoint: 120400 ns, Cleanup: 28901 ns, At safepoint: 10333 ns, Total: 159634 ns
[2024-05-19T00:23:13.031+0000][1][safepoint   ] Safepoint "Cleanup", Time since last: 22005511891 ns, Reaching safepoint: 42555 ns, Cleanup: 101807 ns, At safepoint: 15032 ns, Total: 159394 ns
[2024-05-19T00:28:47.407+0000][1][safepoint   ] Safepoint "Cleanup", Time since last: 334375124877 ns, Reaching safepoint: 100649 ns, Cleanup: 22355 ns, At safepoint: 8517 ns, Total: 131521 ns
[2024-05-19T00:29:30.320+0000][1][safepoint   ] Safepoint "Cleanup", Time since last: 42913310613 ns, Reaching safepoint: 27448 ns, Cleanup: 8543 ns, At safepoint: 3906 ns, Total: 39897 ns
[2024-05-19T00:30:24.656+0000][1][safepoint   ] Safepoint "Cleanup", Time since last: 54335404270 ns, Reaching safepoint: 103637 ns, Cleanup: 20756 ns, At safepoint: 15329 ns, Total: 139722 ns
[2024-05-19T00:31:16.728+0000][1][safepoint   ] Safepoint "Cleanup", Time since last: 52072265441 ns, Reaching safepoint: 36770 ns, Cleanup: 34496 ns, At safepoint: 4287 ns, Total: 75553 ns
[2024-05-19T00:31:39.735+0000][1][safepoint   ] Safepoint "Cleanup", Time since last: 23006684997 ns, Reaching safepoint: 97751 ns, Cleanup: 22806 ns, At safepoint: 15608 ns, Total: 136165 ns
[2024-05-19T00:33:01.758+0000][1][safepoint   ] Safepoint "Cleanup", Time since last: 82022961124 ns, Reaching safepoint: 83665 ns, Cleanup: 16689 ns, At safepoint: 5202 ns, Total: 105556 ns
[2024-05-19T00:43:50.485+0000][1][safepoint   ] Safepoint "Cleanup", Time since last: 648727034139 ns, Reaching safepoint: 96274 ns, Cleanup: 27762 ns, At safepoint: 8320 ns, Total: 132356 ns
[2024-05-19T00:44:12.492+0000][1][safepoint   ] Safepoint "Cleanup", Time since last: 22006610593 ns, Reaching safepoint: 90030 ns, Cleanup: 18943 ns, At safepoint: 53273 ns, Total: 162246 ns
[2024-05-19T00:50:34.878+0000][1][safepoint   ] Safepoint "Cleanup", Time since last: 382385985718 ns, Reaching safepoint: 100255 ns, Cleanup: 22316 ns, At safepoint: 15334 ns, Total: 137905 ns
[2024-05-19T00:51:34.160+0000][1][safepoint   ] Safepoint "Cleanup", Time since last: 59282078216 ns, Reaching safepoint: 75701 ns, Cleanup: 27590 ns, At safepoint: 8124 ns, Total: 111415 ns
[2024-05-19T00:52:12.979+0000][1][gc,start    ] GC(19) Pause Young (Normal) (G1 Evacuation Pause)
[2024-05-19T00:52:12.979+0000][1][gc,task     ] GC(19) Using 4 workers of 4 for evacuation
[2024-05-19T00:52:12.979+0000][1][gc,age      ] GC(19) Desired survivor size 40370176 bytes, new threshold 15 (max threshold 15)
[2024-05-19T00:52:13.070+0000][1][gc,phases   ] GC(19)   Pre Evacuate Collection Set: 0.4ms
[2024-05-19T00:52:13.070+0000][1][gc,phases   ] GC(19)   Merge Heap Roots: 0.2ms
[2024-05-19T00:52:13.070+0000][1][gc,phases   ] GC(19)   Evacuate Collection Set: 86.6ms
[2024-05-19T00:52:13.070+0000][1][gc,phases   ] GC(19)   Post Evacuate Collection Set: 4.0ms
[2024-05-19T00:52:13.070+0000][1][gc,phases   ] GC(19)   Other: 0.1ms
[2024-05-19T00:52:13.070+0000][1][gc,age      ] GC(19) Age table with threshold 15 (max threshold 15)
[2024-05-19T00:52:13.070+0000][1][gc,age      ] GC(19) - age   1:    1937472 bytes,    1937472 total
[2024-05-19T00:52:13.070+0000][1][gc,age      ] GC(19) - age   2:    2487752 bytes,    4425224 total
[2024-05-19T00:52:13.070+0000][1][gc,age      ] GC(19) - age   3:    3793112 bytes,    8218336 total
[2024-05-19T00:52:13.070+0000][1][gc,age      ] GC(19) - age   4:     359776 bytes,    8578112 total
[2024-05-19T00:52:13.070+0000][1][gc,age      ] GC(19) - age   5:    1572104 bytes,   10150216 total
[2024-05-19T00:52:13.070+0000][1][gc,age      ] GC(19) - age   6:    1109144 bytes,   11259360 total
[2024-05-19T00:52:13.070+0000][1][gc,age      ] GC(19) - age   7:    2156272 bytes,   13415632 total
[2024-05-19T00:52:13.070+0000][1][gc,age      ] GC(19) - age   8:   16059872 bytes,   29475504 total
[2024-05-19T00:52:13.070+0000][1][gc,age      ] GC(19) - age   9:      29272 bytes,   29504776 total
[2024-05-19T00:52:13.070+0000][1][gc,age      ] GC(19) - age  10:      38720 bytes,   29543496 total
[2024-05-19T00:52:13.070+0000][1][gc,age      ] GC(19) - age  11:    5593672 bytes,   35137168 total
[2024-05-19T00:52:13.070+0000][1][gc,age      ] GC(19) - age  12:     738400 bytes,   35875568 total
[2024-05-19T00:52:13.070+0000][1][gc,age      ] GC(19) - age  13:     158584 bytes,   36034152 total
[2024-05-19T00:52:13.070+0000][1][gc,age      ] GC(19) - age  14:     826992 bytes,   36861144 total
[2024-05-19T00:52:13.070+0000][1][gc,age      ] GC(19) - age  15:    1002240 bytes,   37863384 total
[2024-05-19T00:52:13.070+0000][1][gc,heap     ] GC(19) Eden regions: 577->0(577)
[2024-05-19T00:52:13.070+0000][1][gc,heap     ] GC(19) Survivor regions: 37->37(77)
[2024-05-19T00:52:13.070+0000][1][gc,heap     ] GC(19) Old regions: 8->8
[2024-05-19T00:52:13.070+0000][1][gc,heap     ] GC(19) Humongous regions: 3->3
[2024-05-19T00:52:13.070+0000][1][gc,metaspace] GC(19) Metaspace: 98883K(100416K)->98883K(100416K) NonClass: 86633K(87488K)->86633K(87488K) Class: 12249K(12928K)->12249K(12928K)
[2024-05-19T00:52:13.070+0000][1][gc          ] GC(19) Pause Young (Normal) (G1 Evacuation Pause) 624M->47M(1024M) 91.735ms
[2024-05-19T00:52:13.071+0000][1][gc,cpu      ] GC(19) User=0.19s Sys=0.01s Real=0.09s
[2024-05-19T00:52:13.071+0000][1][safepoint   ] Safepoint "G1CollectForAllocation", Time since last: 38818604763 ns, Reaching safepoint: 24264 ns, Cleanup: 6046 ns, At safepoint: 91832378 ns, Total: 91862688 ns
[2024-05-19T00:56:43.519+0000][1][safepoint   ] Safepoint "Cleanup", Time since last: 270448226734 ns, Reaching safepoint: 36982 ns, Cleanup: 25097 ns, At safepoint: 8270 ns, Total: 70349 ns
[2024-05-19T00:56:46.520+0000][1][safepoint   ] Safepoint "Cleanup", Time since last: 3000913357 ns, Reaching safepoint: 36936 ns, Cleanup: 25041 ns, At safepoint: 7583 ns, Total: 69560 ns
[2024-05-19T00:58:18.597+0000][1][safepoint   ] Safepoint "Cleanup", Time since last: 92077407832 ns, Reaching safepoint: 96982 ns, Cleanup: 23568 ns, At safepoint: 8820 ns, Total: 129370 ns
[2024-05-19T01:00:58.644+0000][1][safepoint   ] Safepoint "Cleanup", Time since last: 160046481962 ns, Reaching safepoint: 37014 ns, Cleanup: 24234 ns, At safepoint: 8145 ns, Total: 69393 ns
[2024-05-19T01:01:40.480+0000][1][safepoint   ] Safepoint "Cleanup", Time since last: 41836315615 ns, Reaching safepoint: 97457 ns, Cleanup: 11429 ns, At safepoint: 4454 ns, Total: 113340 ns
[2024-05-19T01:03:05.508+0000][1][safepoint   ] Safepoint "Cleanup", Time since last: 85027477018 ns, Reaching safepoint: 116500 ns, Cleanup: 16801 ns, At safepoint: 4557 ns, Total: 137858 ns
[2024-05-19T01:03:35.493+0000][1][safepoint   ] Safepoint "Cleanup", Time since last: 29985230918 ns, Reaching safepoint: 32478 ns, Cleanup: 12816 ns, At safepoint: 4109 ns, Total: 49403 ns
[2024-05-19T01:03:36.497+0000][1][safepoint   ] Safepoint "Cleanup", Time since last: 1003876449 ns, Reaching safepoint: 42749 ns, Cleanup: 28956 ns, At safepoint: 9512 ns, Total: 81217 ns
[2024-05-19T01:04:10.502+0000][1][safepoint   ] Safepoint "Cleanup", Time since last: 34004444435 ns, Reaching safepoint: 14202 ns, Cleanup: 24897 ns, At safepoint: 6701 ns, Total: 45800 ns
[2024-05-19T01:06:15.227+0000][1][safepoint   ] Safepoint "Cleanup", Time since last: 124724681612 ns, Reaching safepoint: 100244 ns, Cleanup: 25429 ns, At safepoint: 14853 ns, Total: 140526 ns
[2024-05-19T01:06:40.235+0000][1][safepoint   ] Safepoint "Cleanup", Time since last: 25008211314 ns, Reaching safepoint: 36536 ns, Cleanup: 22738 ns, At safepoint: 8707 ns, Total: 67981 ns
[2024-05-19T01:09:46.563+0000][1][safepoint   ] Safepoint "Cleanup", Time since last: 186328224323 ns, Reaching safepoint: 100544 ns, Cleanup: 22496 ns, At safepoint: 8075 ns, Total: 131115 ns
[2024-05-19T01:10:19.574+0000][1][safepoint   ] Safepoint "Cleanup", Time since last: 33010518017 ns, Reaching safepoint: 36360 ns, Cleanup: 23035 ns, At safepoint: 71054 ns, Total: 130449 ns
[2024-05-19T01:10:36.579+0000][1][safepoint   ] Safepoint "Cleanup", Time since last: 17005444662 ns, Reaching safepoint: 97688 ns, Cleanup: 91537 ns, At safepoint: 30862 ns, Total: 220087 ns
[2024-05-19T01:12:24.601+0000][1][safepoint   ] Safepoint "Cleanup", Time since last: 108021288789 ns, Reaching safepoint: 36819 ns, Cleanup: 23258 ns, At safepoint: 73165 ns, Total: 133242 ns
[2024-05-19T01:13:16.616+0000][1][safepoint   ] Safepoint "Cleanup", Time since last: 52015309984 ns, Reaching safepoint: 31839 ns, Cleanup: 21977 ns, At safepoint: 5918 ns, Total: 59734 ns
[2024-05-19T01:16:24.942+0000][1][safepoint   ] Safepoint "Cleanup", Time since last: 188325817710 ns, Reaching safepoint: 27341 ns, Cleanup: 17211 ns, At safepoint: 5193 ns, Total: 49745 ns
[2024-05-19T01:21:00.584+0000][1][safepoint   ] Safepoint "Cleanup", Time since last: 275641498095 ns, Reaching safepoint: 13947 ns, Cleanup: 22209 ns, At safepoint: 7098 ns, Total: 43254 ns
[2024-05-19T01:22:09.315+0000][1][safepoint   ] Safepoint "Cleanup", Time since last: 68731116016 ns, Reaching safepoint: 72272 ns, Cleanup: 17353 ns, At safepoint: 5192 ns, Total: 94817 ns
[2024-05-19T01:24:35.363+0000][1][safepoint   ] Safepoint "Cleanup", Time since last: 146047710232 ns, Reaching safepoint: 84004 ns, Cleanup: 19497 ns, At safepoint: 13299 ns, Total: 116800 ns
[2024-05-19T01:30:03.735+0000][1][safepoint   ] Safepoint "Cleanup", Time since last: 328372165309 ns, Reaching safepoint: 97616 ns, Cleanup: 22101 ns, At safepoint: 8193 ns, Total: 127910 ns
[2024-05-19T01:38:39.418+0000][1][safepoint   ] Safepoint "Cleanup", Time since last: 515682948755 ns, Reaching safepoint: 117009 ns, Cleanup: 28687 ns, At safepoint: 10439 ns, Total: 156135 ns
[2024-05-19T01:39:55.441+0000][1][safepoint   ] Safepoint "Cleanup", Time since last: 76022630376 ns, Reaching safepoint: 97768 ns, Cleanup: 22229 ns, At safepoint: 8772 ns, Total: 128769 ns
[2024-05-19T01:43:52.785+0000][1][safepoint   ] Safepoint "Cleanup", Time since last: 237343677559 ns, Reaching safepoint: 91542 ns, Cleanup: 23716 ns, At safepoint: 7905 ns, Total: 123163 ns
[2024-05-19T01:44:55.711+0000][1][safepoint   ] Safepoint "Cleanup", Time since last: 62925890418 ns, Reaching safepoint: 97218 ns, Cleanup: 9641 ns, At safepoint: 3368 ns, Total: 110227 ns
[2024-05-19T01:48:05.121+0000][1][safepoint   ] Safepoint "Cleanup", Time since last: 189410388452 ns, Reaching safepoint: 72943 ns, Cleanup: 17904 ns, At safepoint: 4399 ns, Total: 95246 ns
[2024-05-19T01:48:19.126+0000][1][safepoint   ] Safepoint "Cleanup", Time since last: 14005079609 ns, Reaching safepoint: 172489 ns, Cleanup: 42181 ns, At safepoint: 33787 ns, Total: 248457 ns
[2024-05-19T01:51:33.460+0000][1][safepoint   ] Safepoint "Cleanup", Time since last: 194333290531 ns, Reaching safepoint: 120186 ns, Cleanup: 22783 ns, At safepoint: 8157 ns, Total: 151126 ns
[2024-05-19T01:55:45.795+0000][1][safepoint   ] Safepoint "Cleanup", Time since last: 252334852368 ns, Reaching safepoint: 50590 ns, Cleanup: 16671 ns, At safepoint: 9763 ns, Total: 77024 ns
[2024-05-19T02:02:52.216+0000][1][safepoint   ] Safepoint "Cleanup", Time since last: 426421138781 ns, Reaching safepoint: 79768 ns, Cleanup: 33088 ns, At safepoint: 4630 ns, Total: 117486 ns
[2024-05-19T02:03:39.278+0000][1][gc,start    ] GC(20) Pause Young (Normal) (G1 Evacuation Pause)
[2024-05-19T02:03:39.278+0000][1][gc,task     ] GC(20) Using 4 workers of 4 for evacuation
[2024-05-19T02:03:39.278+0000][1][gc,age      ] GC(20) Desired survivor size 40370176 bytes, new threshold 15 (max threshold 15)
[2024-05-19T02:03:39.401+0000][1][gc,phases   ] GC(20)   Pre Evacuate Collection Set: 0.4ms
[2024-05-19T02:03:39.401+0000][1][gc,phases   ] GC(20)   Merge Heap Roots: 0.2ms
[2024-05-19T02:03:39.401+0000][1][gc,phases   ] GC(20)   Evacuate Collection Set: 117.8ms
[2024-05-19T02:03:39.401+0000][1][gc,phases   ] GC(20)   Post Evacuate Collection Set: 4.2ms
[2024-05-19T02:03:39.401+0000][1][gc,phases   ] GC(20)   Other: 0.1ms
[2024-05-19T02:03:39.401+0000][1][gc,age      ] GC(20) Age table with threshold 15 (max threshold 15)
[2024-05-19T02:03:39.401+0000][1][gc,age      ] GC(20) - age   1:    3139432 bytes,    3139432 total
[2024-05-19T02:03:39.401+0000][1][gc,age      ] GC(20) - age   2:    1454320 bytes,    4593752 total
[2024-05-19T02:03:39.401+0000][1][gc,age      ] GC(20) - age   3:    1919008 bytes,    6512760 total
[2024-05-19T02:03:39.401+0000][1][gc,age      ] GC(20) - age   4:    2339832 bytes,    8852592 total
[2024-05-19T02:03:39.401+0000][1][gc,age      ] GC(20) - age   5:     359776 bytes,    9212368 total
[2024-05-19T02:03:39.401+0000][1][gc,age      ] GC(20) - age   6:    1543600 bytes,   10755968 total
[2024-05-19T02:03:39.401+0000][1][gc,age      ] GC(20) - age   7:     992464 bytes,   11748432 total
[2024-05-19T02:03:39.401+0000][1][gc,age      ] GC(20) - age   8:    2146320 bytes,   13894752 total
[2024-05-19T02:03:39.401+0000][1][gc,age      ] GC(20) - age   9:   16005568 bytes,   29900320 total
[2024-05-19T02:03:39.401+0000][1][gc,age      ] GC(20) - age  10:      29272 bytes,   29929592 total
[2024-05-19T02:03:39.401+0000][1][gc,age      ] GC(20) - age  11:      38720 bytes,   29968312 total
[2024-05-19T02:03:39.401+0000][1][gc,age      ] GC(20) - age  12:    5593672 bytes,   35561984 total
[2024-05-19T02:03:39.401+0000][1][gc,age      ] GC(20) - age  13:     738400 bytes,   36300384 total
[2024-05-19T02:03:39.401+0000][1][gc,age      ] GC(20) - age  14:     158584 bytes,   36458968 total
[2024-05-19T02:03:39.401+0000][1][gc,age      ] GC(20) - age  15:     826992 bytes,   37285960 total
[2024-05-19T02:03:39.401+0000][1][gc,heap     ] GC(20) Eden regions: 577->0(577)
[2024-05-19T02:03:39.401+0000][1][gc,heap     ] GC(20) Survivor regions: 37->37(77)
[2024-05-19T02:03:39.401+0000][1][gc,heap     ] GC(20) Old regions: 8->9
[2024-05-19T02:03:39.401+0000][1][gc,heap     ] GC(20) Humongous regions: 3->3
[2024-05-19T02:03:39.401+0000][1][gc,metaspace] GC(20) Metaspace: 98898K(100416K)->98898K(100416K) NonClass: 86648K(87488K)->86648K(87488K) Class: 12250K(12928K)->12250K(12928K)
[2024-05-19T02:03:39.401+0000][1][gc          ] GC(20) Pause Young (Normal) (G1 Evacuation Pause) 624M->48M(1024M) 123.084ms
[2024-05-19T02:03:39.401+0000][1][gc,cpu      ] GC(20) User=0.19s Sys=0.02s Real=0.12s
[2024-05-19T02:03:39.401+0000][1][safepoint   ] Safepoint "G1CollectForAllocation", Time since last: 47061665411 ns, Reaching safepoint: 24006 ns, Cleanup: 6790 ns, At safepoint: 123188987 ns, Total: 123219783 ns
[2024-05-19T02:06:35.552+0000][1][safepoint   ] Safepoint "Cleanup", Time since last: 176150862440 ns, Reaching safepoint: 37069 ns, Cleanup: 23063 ns, At safepoint: 8720 ns, Total: 68852 ns
[2024-05-19T02:07:00.559+0000][1][safepoint   ] Safepoint "Cleanup", Time since last: 25007150191 ns, Reaching safepoint: 64061 ns, Cleanup: 36360 ns, At safepoint: 4560 ns, Total: 104981 ns
[2024-05-19T02:10:03.856+0000][1][safepoint   ] Safepoint "Cleanup", Time since last: 183296809863 ns, Reaching safepoint: 136577 ns, Cleanup: 39580 ns, At safepoint: 10083 ns, Total: 186240 ns
[2024-05-19T02:12:25.849+0000][1][safepoint   ] Safepoint "Cleanup", Time since last: 141993203954 ns, Reaching safepoint: 8935 ns, Cleanup: 10580 ns, At safepoint: 4289 ns, Total: 23804 ns
[2024-05-19T02:24:26.691+0000][1][safepoint   ] Safepoint "Cleanup", Time since last: 720841620758 ns, Reaching safepoint: 87463 ns, Cleanup: 16622 ns, At safepoint: 7180 ns, Total: 111265 ns
[2024-05-19T02:26:45.995+0000][1][safepoint   ] Safepoint "Cleanup", Time since last: 139303924759 ns, Reaching safepoint: 82044 ns, Cleanup: 42365 ns, At safepoint: 4352 ns, Total: 128761 ns
[2024-05-19T02:42:56.011+0000][1][safepoint   ] Safepoint "Cleanup", Time since last: 970015421667 ns, Reaching safepoint: 27074 ns, Cleanup: 9835 ns, At safepoint: 4509 ns, Total: 41418 ns
[2024-05-19T02:43:13.018+0000][1][safepoint   ] Safepoint "Cleanup", Time since last: 17006934172 ns, Reaching safepoint: 69288 ns, Cleanup: 17309 ns, At safepoint: 7315 ns, Total: 93912 ns
[2024-05-19T02:45:11.028+0000][1][safepoint   ] Safepoint "Cleanup", Time since last: 118010220745 ns, Reaching safepoint: 12766 ns, Cleanup: 8973 ns, At safepoint: 3149 ns, Total: 24888 ns
[2024-05-19T02:45:12.031+0000][1][safepoint   ] Safepoint "Cleanup", Time since last: 1002786339 ns, Reaching safepoint: 36561 ns, Cleanup: 22658 ns, At safepoint: 7381 ns, Total: 66600 ns
[2024-05-19T02:53:11.919+0000][1][safepoint   ] Safepoint "Cleanup", Time since last: 479888245990 ns, Reaching safepoint: 100051 ns, Cleanup: 22025 ns, At safepoint: 8109 ns, Total: 130185 ns
[2024-05-19T02:56:47.094+0000][1][safepoint   ] Safepoint "Cleanup", Time since last: 215175014113 ns, Reaching safepoint: 120673 ns, Cleanup: 27844 ns, At safepoint: 11566 ns, Total: 160083 ns
[2024-05-19T02:57:29.107+0000][1][safepoint   ] Safepoint "Cleanup", Time since last: 42012554245 ns, Reaching safepoint: 36698 ns, Cleanup: 22777 ns, At safepoint: 8761 ns, Total: 68236 ns
[2024-05-19T03:12:41.551+0000][1][gc,start    ] GC(21) Pause Young (Normal) (G1 Evacuation Pause)
[2024-05-19T03:12:41.585+0000][1][gc,task     ] GC(21) Using 4 workers of 4 for evacuation
[2024-05-19T03:12:41.585+0000][1][gc,age      ] GC(21) Desired survivor size 40370176 bytes, new threshold 15 (max threshold 15)
[2024-05-19T03:12:41.674+0000][1][gc,phases   ] GC(21)   Pre Evacuate Collection Set: 0.6ms
[2024-05-19T03:12:41.674+0000][1][gc,phases   ] GC(21)   Merge Heap Roots: 0.2ms
[2024-05-19T03:12:41.674+0000][1][gc,phases   ] GC(21)   Evacuate Collection Set: 84.2ms
[2024-05-19T03:12:41.674+0000][1][gc,phases   ] GC(21)   Post Evacuate Collection Set: 4.0ms
[2024-05-19T03:12:41.674+0000][1][gc,phases   ] GC(21)   Other: 0.2ms
[2024-05-19T03:12:41.674+0000][1][gc,age      ] GC(21) Age table with threshold 15 (max threshold 15)
[2024-05-19T03:12:41.674+0000][1][gc,age      ] GC(21) - age   1:    3747912 bytes,    3747912 total
[2024-05-19T03:12:41.674+0000][1][gc,age      ] GC(21) - age   2:    2218888 bytes,    5966800 total
[2024-05-19T03:12:41.674+0000][1][gc,age      ] GC(21) - age   3:    1366096 bytes,    7332896 total
[2024-05-19T03:12:41.674+0000][1][gc,age      ] GC(21) - age   4:     776328 bytes,    8109224 total
[2024-05-19T03:12:41.674+0000][1][gc,age      ] GC(21) - age   5:    1916368 bytes,   10025592 total
[2024-05-19T03:12:41.674+0000][1][gc,age      ] GC(21) - age   6:     273184 bytes,   10298776 total
[2024-05-19T03:12:41.674+0000][1][gc,age      ] GC(21) - age   7:    1304216 bytes,   11602992 total
[2024-05-19T03:12:41.674+0000][1][gc,age      ] GC(21) - age   8:     960416 bytes,   12563408 total
[2024-05-19T03:12:41.674+0000][1][gc,age      ] GC(21) - age   9:    2146320 bytes,   14709728 total
[2024-05-19T03:12:41.674+0000][1][gc,age      ] GC(21) - age  10:   15990760 bytes,   30700488 total
[2024-05-19T03:12:41.674+0000][1][gc,age      ] GC(21) - age  11:      29272 bytes,   30729760 total
[2024-05-19T03:12:41.674+0000][1][gc,age      ] GC(21) - age  12:      38720 bytes,   30768480 total
[2024-05-19T03:12:41.674+0000][1][gc,age      ] GC(21) - age  13:    5593672 bytes,   36362152 total
[2024-05-19T03:12:41.674+0000][1][gc,age      ] GC(21) - age  14:     738400 bytes,   37100552 total
[2024-05-19T03:12:41.674+0000][1][gc,age      ] GC(21) - age  15:     158584 bytes,   37259136 total
[2024-05-19T03:12:41.674+0000][1][gc,heap     ] GC(21) Eden regions: 577->0(577)
[2024-05-19T03:12:41.674+0000][1][gc,heap     ] GC(21) Survivor regions: 37->37(77)
[2024-05-19T03:12:41.674+0000][1][gc,heap     ] GC(21) Old regions: 9->10
[2024-05-19T03:12:41.674+0000][1][gc,heap     ] GC(21) Humongous regions: 3->3
[2024-05-19T03:12:41.674+0000][1][gc,metaspace] GC(21) Metaspace: 98924K(100416K)->98924K(100416K) NonClass: 86672K(87488K)->86672K(87488K) Class: 12251K(12928K)->12251K(12928K)
[2024-05-19T03:12:41.674+0000][1][gc          ] GC(21) Pause Young (Normal) (G1 Evacuation Pause) 625M->49M(1024M) 123.065ms
[2024-05-19T03:12:41.674+0000][1][gc,cpu      ] GC(21) User=0.18s Sys=0.02s Real=0.12s
[2024-05-19T03:12:41.674+0000][1][safepoint   ] Safepoint "G1CollectForAllocation", Time since last: 912444165918 ns, Reaching safepoint: 57233 ns, Cleanup: 6559 ns, At safepoint: 123161173 ns, Total: 123224965 ns
[2024-05-19T03:14:51.169+0000][1][safepoint   ] Safepoint "Cleanup", Time since last: 129494869843 ns, Reaching safepoint: 12989 ns, Cleanup: 6907 ns, At safepoint: 3245 ns, Total: 23141 ns
[2024-05-19T03:14:52.172+0000][1][safepoint   ] Safepoint "Cleanup", Time since last: 1002617947 ns, Reaching safepoint: 43113 ns, Cleanup: 35267 ns, At safepoint: 10155 ns, Total: 88535 ns
[2024-05-19T03:14:57.218+0000][1][safepoint   ] Safepoint "Cleanup", Time since last: 5046033383 ns, Reaching safepoint: 36434 ns, Cleanup: 38711 ns, At safepoint: 7076 ns, Total: 82221 ns
[2024-05-19T03:21:30.996+0000][1][safepoint   ] Safepoint "Cleanup", Time since last: 393777411603 ns, Reaching safepoint: 90007 ns, Cleanup: 17068 ns, At safepoint: 5930 ns, Total: 113005 ns
[2024-05-19T03:21:35.997+0000][1][safepoint   ] Safepoint "Cleanup", Time since last: 5001550250 ns, Reaching safepoint: 36460 ns, Cleanup: 22811 ns, At safepoint: 7613 ns, Total: 66884 ns
[2024-05-19T03:26:26.306+0000][1][safepoint   ] Safepoint "Cleanup", Time since last: 290308669264 ns, Reaching safepoint: 8366 ns, Cleanup: 14271 ns, At safepoint: 3482 ns, Total: 26119 ns
[2024-05-19T03:26:27.554+0000][1][safepoint   ] Safepoint "Cleanup", Time since last: 1248030468 ns, Reaching safepoint: 36418 ns, Cleanup: 23867 ns, At safepoint: 7463 ns, Total: 67748 ns
[2024-05-19T03:27:50.439+0000][1][safepoint   ] Safepoint "Cleanup", Time since last: 82884598837 ns, Reaching safepoint: 99605 ns, Cleanup: 23416 ns, At safepoint: 7895 ns, Total: 130916 ns
[2024-05-19T03:30:58.300+0000][1][safepoint   ] Safepoint "Cleanup", Time since last: 187861337434 ns, Reaching safepoint: 36751 ns, Cleanup: 25533 ns, At safepoint: 7699 ns, Total: 69983 ns
[2024-05-19T03:31:51.266+0000][1][safepoint   ] Safepoint "Cleanup", Time since last: 52966262752 ns, Reaching safepoint: 24497 ns, Cleanup: 12675 ns, At safepoint: 3101 ns, Total: 40273 ns
[2024-05-19T03:35:06.282+0000][1][safepoint   ] Safepoint "Cleanup", Time since last: 195015707794 ns, Reaching safepoint: 101693 ns, Cleanup: 8675 ns, At safepoint: 4634 ns, Total: 115002 ns
[2024-05-19T03:35:07.286+0000][1][safepoint   ] Safepoint "Cleanup", Time since last: 1003759634 ns, Reaching safepoint: 95620 ns, Cleanup: 39032 ns, At safepoint: 19206 ns, Total: 153858 ns
[2024-05-19T03:40:38.159+0000][1][safepoint   ] Safepoint "Cleanup", Time since last: 330873062753 ns, Reaching safepoint: 115253 ns, Cleanup: 79274 ns, At safepoint: 21602 ns, Total: 216129 ns
[2024-05-19T03:40:59.166+0000][1][safepoint   ] Safepoint "Cleanup", Time since last: 21006302345 ns, Reaching safepoint: 36705 ns, Cleanup: 28476 ns, At safepoint: 8690 ns, Total: 73871 ns
[2024-05-19T03:57:56.446+0000][1][safepoint   ] Safepoint "Cleanup", Time since last: 1017280124490 ns, Reaching safepoint: 8403 ns, Cleanup: 11148 ns, At safepoint: 2954 ns, Total: 22505 ns
[2024-05-19T03:57:57.721+0000][1][safepoint   ] Safepoint "Cleanup", Time since last: 1275318627 ns, Reaching safepoint: 37552 ns, Cleanup: 25449 ns, At safepoint: 8387 ns, Total: 71388 ns
[2024-05-19T03:59:11.400+0000][1][safepoint   ] Safepoint "Cleanup", Time since last: 73678143481 ns, Reaching safepoint: 27832 ns, Cleanup: 13588 ns, At safepoint: 3901 ns, Total: 45321 ns
[2024-05-19T04:02:46.426+0000][1][safepoint   ] Safepoint "Cleanup", Time since last: 215026722710 ns, Reaching safepoint: 13148 ns, Cleanup: 9954 ns, At safepoint: 3231 ns, Total: 26333 ns
[2024-05-19T04:12:48.415+0000][1][gc,start    ] GC(22) Pause Young (Normal) (G1 Evacuation Pause)
[2024-05-19T04:12:48.415+0000][1][gc,task     ] GC(22) Using 4 workers of 4 for evacuation
[2024-05-19T04:12:48.415+0000][1][gc,age      ] GC(22) Desired survivor size 40370176 bytes, new threshold 15 (max threshold 15)
[2024-05-19T04:12:48.504+0000][1][gc,phases   ] GC(22)   Pre Evacuate Collection Set: 0.5ms
[2024-05-19T04:12:48.504+0000][1][gc,phases   ] GC(22)   Merge Heap Roots: 0.2ms
[2024-05-19T04:12:48.504+0000][1][gc,phases   ] GC(22)   Evacuate Collection Set: 84.8ms
[2024-05-19T04:12:48.504+0000][1][gc,phases   ] GC(22)   Post Evacuate Collection Set: 3.5ms
[2024-05-19T04:12:48.504+0000][1][gc,phases   ] GC(22)   Other: 0.1ms
[2024-05-19T04:12:48.504+0000][1][gc,age      ] GC(22) Age table with threshold 15 (max threshold 15)
[2024-05-19T04:12:48.504+0000][1][gc,age      ] GC(22) - age   1:    3146896 bytes,    3146896 total
[2024-05-19T04:12:48.504+0000][1][gc,age      ] GC(22) - age   2:    2203856 bytes,    5350752 total
[2024-05-19T04:12:48.504+0000][1][gc,age      ] GC(22) - age   3:    1888048 bytes,    7238800 total
[2024-05-19T04:12:48.504+0000][1][gc,age      ] GC(22) - age   4:     225536 bytes,    7464336 total
[2024-05-19T04:12:48.504+0000][1][gc,age      ] GC(22) - age   5:     767424 bytes,    8231760 total
[2024-05-19T04:12:48.504+0000][1][gc,age      ] GC(22) - age   6:    1599384 bytes,    9831144 total
[2024-05-19T04:12:48.504+0000][1][gc,age      ] GC(22) - age   7:     115120 bytes,    9946264 total
[2024-05-19T04:12:48.504+0000][1][gc,age      ] GC(22) - age   8:    1081536 bytes,   11027800 total
[2024-05-19T04:12:48.504+0000][1][gc,age      ] GC(22) - age   9:     799896 bytes,   11827696 total
[2024-05-19T04:12:48.504+0000][1][gc,age      ] GC(22) - age  10:    2145984 bytes,   13973680 total
[2024-05-19T04:12:48.504+0000][1][gc,age      ] GC(22) - age  11:   15972704 bytes,   29946384 total
[2024-05-19T04:12:48.504+0000][1][gc,age      ] GC(22) - age  12:      29272 bytes,   29975656 total
[2024-05-19T04:12:48.504+0000][1][gc,age      ] GC(22) - age  13:      38720 bytes,   30014376 total
[2024-05-19T04:12:48.504+0000][1][gc,age      ] GC(22) - age  14:    5593672 bytes,   35608048 total
[2024-05-19T04:12:48.504+0000][1][gc,age      ] GC(22) - age  15:     738400 bytes,   36346448 total
[2024-05-19T04:12:48.504+0000][1][gc,heap     ] GC(22) Eden regions: 577->0(578)
[2024-05-19T04:12:48.504+0000][1][gc,heap     ] GC(22) Survivor regions: 37->36(77)
[2024-05-19T04:12:48.504+0000][1][gc,heap     ] GC(22) Old regions: 10->11
[2024-05-19T04:12:48.504+0000][1][gc,heap     ] GC(22) Humongous regions: 3->3
[2024-05-19T04:12:48.504+0000][1][gc,metaspace] GC(22) Metaspace: 98945K(100480K)->98945K(100480K) NonClass: 86693K(87552K)->86693K(87552K) Class: 12251K(12928K)->12251K(12928K)
[2024-05-19T04:12:48.504+0000][1][gc          ] GC(22) Pause Young (Normal) (G1 Evacuation Pause) 626M->49M(1024M) 89.476ms
[2024-05-19T04:12:48.504+0000][1][gc,cpu      ] GC(22) User=0.17s Sys=0.03s Real=0.10s
[2024-05-19T04:12:48.504+0000][1][safepoint   ] Safepoint "G1CollectForAllocation", Time since last: 601988514885 ns, Reaching safepoint: 22825 ns, Cleanup: 6286 ns, At safepoint: 89571902 ns, Total: 89601013 ns
[2024-05-19T04:24:22.422+0000][1][safepoint   ] Safepoint "Cleanup", Time since last: 693917271047 ns, Reaching safepoint: 80452 ns, Cleanup: 32728 ns, At safepoint: 4864 ns, Total: 118044 ns
[2024-05-19T04:33:21.576+0000][1][safepoint   ] Safepoint "Cleanup", Time since last: 539154583178 ns, Reaching safepoint: 20556 ns, Cleanup: 8478 ns, At safepoint: 5440 ns, Total: 34474 ns
[2024-05-19T04:33:22.579+0000][1][safepoint   ] Safepoint "Cleanup", Time since last: 1002830714 ns, Reaching safepoint: 43959 ns, Cleanup: 35264 ns, At safepoint: 9160 ns, Total: 88383 ns
[2024-05-19T04:36:52.594+0000][1][safepoint   ] Safepoint "Cleanup", Time since last: 210014876685 ns, Reaching safepoint: 97509 ns, Cleanup: 24407 ns, At safepoint: 8233 ns, Total: 130149 ns
[2024-05-19T04:41:43.818+0000][1][safepoint   ] Safepoint "Cleanup", Time since last: 291223875170 ns, Reaching safepoint: 64425 ns, Cleanup: 49203 ns, At safepoint: 18841 ns, Total: 132469 ns
[2024-05-19T04:56:56.701+0000][1][safepoint   ] Safepoint "Cleanup", Time since last: 912882339088 ns, Reaching safepoint: 59092 ns, Cleanup: 11313 ns, At safepoint: 3518 ns, Total: 73923 ns
[2024-05-19T05:02:38.276+0000][1][safepoint   ] Safepoint "Cleanup", Time since last: 341574784170 ns, Reaching safepoint: 115707 ns, Cleanup: 33019 ns, At safepoint: 19383 ns, Total: 168109 ns
[2024-05-19T05:02:43.277+0000][1][safepoint   ] Safepoint "Cleanup", Time since last: 5001131539 ns, Reaching safepoint: 74433 ns, Cleanup: 20952 ns, At safepoint: 7071 ns, Total: 102456 ns
[2024-05-19T05:02:48.279+0000][1][safepoint   ] Safepoint "Cleanup", Time since last: 5001674302 ns, Reaching safepoint: 117557 ns, Cleanup: 26433 ns, At safepoint: 25873 ns, Total: 169863 ns
[2024-05-19T05:03:12.285+0000][1][safepoint   ] Safepoint "Cleanup", Time since last: 24006088146 ns, Reaching safepoint: 98688 ns, Cleanup: 31014 ns, At safepoint: 8590 ns, Total: 138292 ns
[2024-05-19T05:13:39.430+0000][1][gc,start    ] GC(23) Pause Young (Normal) (G1 Evacuation Pause)
[2024-05-19T05:13:39.430+0000][1][gc,task     ] GC(23) Using 4 workers of 4 for evacuation
[2024-05-19T05:13:39.430+0000][1][gc,age      ] GC(23) Desired survivor size 40370176 bytes, new threshold 15 (max threshold 15)
[2024-05-19T05:13:39.520+0000][1][gc,phases   ] GC(23)   Pre Evacuate Collection Set: 0.5ms
[2024-05-19T05:13:39.520+0000][1][gc,phases   ] GC(23)   Merge Heap Roots: 0.2ms
[2024-05-19T05:13:39.520+0000][1][gc,phases   ] GC(23)   Evacuate Collection Set: 85.4ms
[2024-05-19T05:13:39.520+0000][1][gc,phases   ] GC(23)   Post Evacuate Collection Set: 3.6ms
[2024-05-19T05:13:39.520+0000][1][gc,phases   ] GC(23)   Other: 0.1ms
[2024-05-19T05:13:39.520+0000][1][gc,age      ] GC(23) Age table with threshold 15 (max threshold 15)
[2024-05-19T05:13:39.520+0000][1][gc,age      ] GC(23) - age   1:    3383960 bytes,    3383960 total
[2024-05-19T05:13:39.520+0000][1][gc,age      ] GC(23) - age   2:    2636360 bytes,    6020320 total
[2024-05-19T05:13:39.520+0000][1][gc,age      ] GC(23) - age   3:    2049608 bytes,    8069928 total
[2024-05-19T05:13:39.520+0000][1][gc,age      ] GC(23) - age   4:     547752 bytes,    8617680 total
[2024-05-19T05:13:39.520+0000][1][gc,age      ] GC(23) - age   5:     225536 bytes,    8843216 total
[2024-05-19T05:13:39.520+0000][1][gc,age      ] GC(23) - age   6:     734512 bytes,    9577728 total
[2024-05-19T05:13:39.520+0000][1][gc,age      ] GC(23) - age   7:    1474496 bytes,   11052224 total
[2024-05-19T05:13:39.520+0000][1][gc,age      ] GC(23) - age   8:     115120 bytes,   11167344 total
[2024-05-19T05:13:39.520+0000][1][gc,age      ] GC(23) - age   9:    1081536 bytes,   12248880 total
[2024-05-19T05:13:39.520+0000][1][gc,age      ] GC(23) - age  10:     799896 bytes,   13048776 total
[2024-05-19T05:13:39.520+0000][1][gc,age      ] GC(23) - age  11:    2145984 bytes,   15194760 total
[2024-05-19T05:13:39.520+0000][1][gc,age      ] GC(23) - age  12:   15972544 bytes,   31167304 total
[2024-05-19T05:13:39.520+0000][1][gc,age      ] GC(23) - age  13:      29272 bytes,   31196576 total
[2024-05-19T05:13:39.520+0000][1][gc,age      ] GC(23) - age  14:      38720 bytes,   31235296 total
[2024-05-19T05:13:39.520+0000][1][gc,age      ] GC(23) - age  15:    5593672 bytes,   36828968 total
[2024-05-19T05:13:39.520+0000][1][gc,heap     ] GC(23) Eden regions: 578->0(577)
[2024-05-19T05:13:39.520+0000][1][gc,heap     ] GC(23) Survivor regions: 36->37(77)
[2024-05-19T05:13:39.520+0000][1][gc,heap     ] GC(23) Old regions: 11->11
[2024-05-19T05:13:39.520+0000][1][gc,heap     ] GC(23) Humongous regions: 3->3
[2024-05-19T05:13:39.520+0000][1][gc,metaspace] GC(23) Metaspace: 98949K(100480K)->98949K(100480K) NonClass: 86698K(87552K)->86698K(87552K) Class: 12251K(12928K)->12251K(12928K)
[2024-05-19T05:13:39.520+0000][1][gc          ] GC(23) Pause Young (Normal) (G1 Evacuation Pause) 627M->50M(1024M) 90.161ms
[2024-05-19T05:13:39.520+0000][1][gc,cpu      ] GC(23) User=0.17s Sys=0.04s Real=0.09s
[2024-05-19T05:13:39.520+0000][1][safepoint   ] Safepoint "G1CollectForAllocation", Time since last: 627145130775 ns, Reaching safepoint: 25502 ns, Cleanup: 4877 ns, At safepoint: 90259713 ns, Total: 90290092 ns
[2024-05-19T05:17:14.356+0000][1][safepoint   ] Safepoint "Cleanup", Time since last: 214834904013 ns, Reaching safepoint: 252821 ns, Cleanup: 16698 ns, At safepoint: 4875 ns, Total: 274394 ns
[2024-05-19T05:17:18.357+0000][1][safepoint   ] Safepoint "Cleanup", Time since last: 4001381460 ns, Reaching safepoint: 37877 ns, Cleanup: 30043 ns, At safepoint: 6885 ns, Total: 74805 ns
[2024-05-19T05:21:26.824+0000][1][safepoint   ] Safepoint "Cleanup", Time since last: 248467235901 ns, Reaching safepoint: 14950 ns, Cleanup: 16149 ns, At safepoint: 10555 ns, Total: 41654 ns
[2024-05-19T05:21:27.832+0000][1][safepoint   ] Safepoint "Cleanup", Time since last: 1007356017 ns, Reaching safepoint: 37616 ns, Cleanup: 28963 ns, At safepoint: 7368 ns, Total: 73947 ns
[2024-05-19T05:21:29.713+0000][1][safepoint   ] Safepoint "Cleanup", Time since last: 1880937784 ns, Reaching safepoint: 35330 ns, Cleanup: 36744 ns, At safepoint: 6198 ns, Total: 78272 ns
[2024-05-19T05:21:32.714+0000][1][safepoint   ] Safepoint "Cleanup", Time since last: 3000932742 ns, Reaching safepoint: 67000 ns, Cleanup: 25814 ns, At safepoint: 9543 ns, Total: 102357 ns
[2024-05-19T05:22:02.723+0000][1][safepoint   ] Safepoint "Cleanup", Time since last: 30008733448 ns, Reaching safepoint: 29838 ns, Cleanup: 23087 ns, At safepoint: 4360 ns, Total: 57285 ns
[2024-05-19T05:22:06.724+0000][1][safepoint   ] Safepoint "Cleanup", Time since last: 4001191969 ns, Reaching safepoint: 116342 ns, Cleanup: 25397 ns, At safepoint: 7438 ns, Total: 149177 ns
[2024-05-19T05:30:58.260+0000][1][safepoint   ] Safepoint "Cleanup", Time since last: 531536278249 ns, Reaching safepoint: 100282 ns, Cleanup: 21237 ns, At safepoint: 14954 ns, Total: 136473 ns
[2024-05-19T05:31:26.874+0000][1][safepoint   ] Safepoint "Cleanup", Time since last: 28613871012 ns, Reaching safepoint: 61214 ns, Cleanup: 25938 ns, At safepoint: 9611 ns, Total: 96763 ns
[2024-05-19T05:31:27.883+0000][1][safepoint   ] Safepoint "Cleanup", Time since last: 1008552019 ns, Reaching safepoint: 37575 ns, Cleanup: 21877 ns, At safepoint: 7268 ns, Total: 66720 ns
[2024-05-19T05:35:58.518+0000][1][safepoint   ] Safepoint "Cleanup", Time since last: 270634723610 ns, Reaching safepoint: 39833 ns, Cleanup: 22735 ns, At safepoint: 77477 ns, Total: 140045 ns
[2024-05-19T05:40:21.914+0000][1][safepoint   ] Safepoint "Cleanup", Time since last: 263396180247 ns, Reaching safepoint: 27033 ns, Cleanup: 8824 ns, At safepoint: 2899 ns, Total: 38756 ns
[2024-05-19T05:44:54.975+0000][1][safepoint   ] Safepoint "Cleanup", Time since last: 273060594935 ns, Reaching safepoint: 96000 ns, Cleanup: 22091 ns, At safepoint: 8672 ns, Total: 126763 ns
[2024-05-19T05:45:51.992+0000][1][safepoint   ] Safepoint "Cleanup", Time since last: 57017354799 ns, Reaching safepoint: 36913 ns, Cleanup: 20651 ns, At safepoint: 5772 ns, Total: 63336 ns
[2024-05-19T05:45:52.993+0000][1][safepoint   ] Safepoint "Cleanup", Time since last: 1000234303 ns, Reaching safepoint: 32975 ns, Cleanup: 18757 ns, At safepoint: 23874 ns, Total: 75606 ns
[2024-05-19T05:46:31.952+0000][1][safepoint   ] Safepoint "Cleanup", Time since last: 38959679558 ns, Reaching safepoint: 80008 ns, Cleanup: 13110 ns, At safepoint: 3382 ns, Total: 96500 ns
[2024-05-19T05:46:32.955+0000][1][safepoint   ] Safepoint "Cleanup", Time since last: 1002642710 ns, Reaching safepoint: 44040 ns, Cleanup: 26069 ns, At safepoint: 9544 ns, Total: 79653 ns
[2024-05-19T05:50:58.030+0000][1][safepoint   ] Safepoint "Cleanup", Time since last: 265075118881 ns, Reaching safepoint: 31983 ns, Cleanup: 17091 ns, At safepoint: 5795 ns, Total: 54869 ns
[2024-05-19T05:51:24.038+0000][1][safepoint   ] Safepoint "Cleanup", Time since last: 26008038028 ns, Reaching safepoint: 95587 ns, Cleanup: 21961 ns, At safepoint: 14880 ns, Total: 132428 ns
[2024-05-19T06:06:00.086+0000][1][safepoint   ] Safepoint "Cleanup", Time since last: 876047760504 ns, Reaching safepoint: 63051 ns, Cleanup: 37301 ns, At safepoint: 16799 ns, Total: 117151 ns
[2024-05-19T06:10:58.110+0000][1][safepoint   ] Safepoint "Cleanup", Time since last: 298023190106 ns, Reaching safepoint: 28833 ns, Cleanup: 16206 ns, At safepoint: 43006 ns, Total: 88045 ns
[2024-05-19T06:15:22.412+0000][1][gc,start    ] GC(24) Pause Young (Normal) (G1 Evacuation Pause)
[2024-05-19T06:15:22.412+0000][1][gc,task     ] GC(24) Using 4 workers of 4 for evacuation
[2024-05-19T06:15:22.412+0000][1][gc,age      ] GC(24) Desired survivor size 40370176 bytes, new threshold 15 (max threshold 15)
[2024-05-19T06:15:22.504+0000][1][gc,phases   ] GC(24)   Pre Evacuate Collection Set: 0.5ms
[2024-05-19T06:15:22.504+0000][1][gc,phases   ] GC(24)   Merge Heap Roots: 0.2ms
[2024-05-19T06:15:22.504+0000][1][gc,phases   ] GC(24)   Evacuate Collection Set: 88.0ms
[2024-05-19T06:15:22.504+0000][1][gc,phases   ] GC(24)   Post Evacuate Collection Set: 3.4ms
[2024-05-19T06:15:22.504+0000][1][gc,phases   ] GC(24)   Other: 0.1ms
[2024-05-19T06:15:22.504+0000][1][gc,age      ] GC(24) Age table with threshold 15 (max threshold 15)
[2024-05-19T06:15:22.504+0000][1][gc,age      ] GC(24) - age   1:    3644784 bytes,    3644784 total
[2024-05-19T06:15:22.504+0000][1][gc,age      ] GC(24) - age   2:    2230376 bytes,    5875160 total
[2024-05-19T06:15:22.504+0000][1][gc,age      ] GC(24) - age   3:    2204816 bytes,    8079976 total
[2024-05-19T06:15:22.504+0000][1][gc,age      ] GC(24) - age   4:     784976 bytes,    8864952 total
[2024-05-19T06:15:22.504+0000][1][gc,age      ] GC(24) - age   5:     534120 bytes,    9399072 total
[2024-05-19T06:15:22.504+0000][1][gc,age      ] GC(24) - age   6:     178440 bytes,    9577512 total
[2024-05-19T06:15:22.504+0000][1][gc,age      ] GC(24) - age   7:     396680 bytes,    9974192 total
[2024-05-19T06:15:22.504+0000][1][gc,age      ] GC(24) - age   8:    1257248 bytes,   11231440 total
[2024-05-19T06:15:22.504+0000][1][gc,age      ] GC(24) - age   9:     114800 bytes,   11346240 total
[2024-05-19T06:15:22.504+0000][1][gc,age      ] GC(24) - age  10:    1081536 bytes,   12427776 total
[2024-05-19T06:15:22.504+0000][1][gc,age      ] GC(24) - age  11:     799896 bytes,   13227672 total
[2024-05-19T06:15:22.504+0000][1][gc,age      ] GC(24) - age  12:    2145984 bytes,   15373656 total
[2024-05-19T06:15:22.504+0000][1][gc,age      ] GC(24) - age  13:   15972544 bytes,   31346200 total
[2024-05-19T06:15:22.504+0000][1][gc,age      ] GC(24) - age  14:      29272 bytes,   31375472 total
[2024-05-19T06:15:22.504+0000][1][gc,age      ] GC(24) - age  15:      38720 bytes,   31414192 total
[2024-05-19T06:15:22.504+0000][1][gc,heap     ] GC(24) Eden regions: 577->0(583)
[2024-05-19T06:15:22.504+0000][1][gc,heap     ] GC(24) Survivor regions: 37->31(77)
[2024-05-19T06:15:22.504+0000][1][gc,heap     ] GC(24) Old regions: 11->17
[2024-05-19T06:15:22.504+0000][1][gc,heap     ] GC(24) Humongous regions: 3->3
[2024-05-19T06:15:22.504+0000][1][gc,metaspace] GC(24) Metaspace: 98969K(100480K)->98969K(100480K) NonClass: 86717K(87552K)->86717K(87552K) Class: 12251K(12928K)->12251K(12928K)
[2024-05-19T06:15:22.504+0000][1][gc          ] GC(24) Pause Young (Normal) (G1 Evacuation Pause) 627M->50M(1024M) 92.484ms
[2024-05-19T06:15:22.504+0000][1][gc,cpu      ] GC(24) User=0.18s Sys=0.02s Real=0.10s
[2024-05-19T06:15:22.504+0000][1][safepoint   ] Safepoint "G1CollectForAllocation", Time since last: 264301903504 ns, Reaching safepoint: 52768 ns, Cleanup: 7016 ns, At safepoint: 92576553 ns, Total: 92636337 ns
[2024-05-19T06:22:07.133+0000][1][safepoint   ] Safepoint "Cleanup", Time since last: 404629239975 ns, Reaching safepoint: 35243 ns, Cleanup: 17240 ns, At safepoint: 12363 ns, Total: 64846 ns
[2024-05-19T06:25:59.365+0000][1][safepoint   ] Safepoint "Cleanup", Time since last: 232231629059 ns, Reaching safepoint: 43871 ns, Cleanup: 26849 ns, At safepoint: 9856 ns, Total: 80576 ns
[2024-05-19T06:30:02.167+0000][1][safepoint   ] Safepoint "Cleanup", Time since last: 242802017654 ns, Reaching safepoint: 25722 ns, Cleanup: 18031 ns, At safepoint: 10903 ns, Total: 54656 ns
[2024-05-19T06:33:07.436+0000][1][safepoint   ] Safepoint "Cleanup", Time since last: 185268320862 ns, Reaching safepoint: 8111 ns, Cleanup: 54229 ns, At safepoint: 3443 ns, Total: 65783 ns
[2024-05-19T06:34:59.212+0000][1][safepoint   ] Safepoint "Cleanup", Time since last: 111776363421 ns, Reaching safepoint: 97215 ns, Cleanup: 22664 ns, At safepoint: 9350 ns, Total: 129229 ns
[2024-05-19T06:42:22.236+0000][1][safepoint   ] Safepoint "Cleanup", Time since last: 443023554567 ns, Reaching safepoint: 94538 ns, Cleanup: 7261 ns, At safepoint: 3977 ns, Total: 105776 ns
[2024-05-19T06:56:07.306+0000][1][safepoint   ] Safepoint "Cleanup", Time since last: 825070771318 ns, Reaching safepoint: 8107 ns, Cleanup: 10269 ns, At safepoint: 3585 ns, Total: 21961 ns
[2024-05-19T07:05:58.050+0000][1][safepoint   ] Safepoint "Cleanup", Time since last: 590743652172 ns, Reaching safepoint: 36997 ns, Cleanup: 25927 ns, At safepoint: 72079 ns, Total: 135003 ns
[2024-05-19T07:09:17.440+0000][1][safepoint   ] Safepoint "Cleanup", Time since last: 199389552583 ns, Reaching safepoint: 104536 ns, Cleanup: 24232 ns, At safepoint: 9121 ns, Total: 137889 ns
[2024-05-19T07:14:32.469+0000][1][safepoint   ] Safepoint "Cleanup", Time since last: 315029433514 ns, Reaching safepoint: 31016 ns, Cleanup: 10903 ns, At safepoint: 2895 ns, Total: 44814 ns
[2024-05-19T07:19:41.180+0000][1][gc,start    ] GC(25) Pause Young (Normal) (G1 Evacuation Pause)
[2024-05-19T07:19:41.180+0000][1][gc,task     ] GC(25) Using 4 workers of 4 for evacuation
[2024-05-19T07:19:41.180+0000][1][gc,age      ] GC(25) Desired survivor size 40370176 bytes, new threshold 15 (max threshold 15)
[2024-05-19T07:19:41.257+0000][1][gc,phases   ] GC(25)   Pre Evacuate Collection Set: 0.4ms
[2024-05-19T07:19:41.257+0000][1][gc,phases   ] GC(25)   Merge Heap Roots: 0.2ms
[2024-05-19T07:19:41.257+0000][1][gc,phases   ] GC(25)   Evacuate Collection Set: 73.1ms
[2024-05-19T07:19:41.257+0000][1][gc,phases   ] GC(25)   Post Evacuate Collection Set: 3.0ms
[2024-05-19T07:19:41.257+0000][1][gc,phases   ] GC(25)   Other: 0.2ms
[2024-05-19T07:19:41.257+0000][1][gc,age      ] GC(25) Age table with threshold 15 (max threshold 15)
[2024-05-19T07:19:41.257+0000][1][gc,age      ] GC(25) - age   1:    3375568 bytes,    3375568 total
[2024-05-19T07:19:41.257+0000][1][gc,age      ] GC(25) - age   2:    1889872 bytes,    5265440 total
[2024-05-19T07:19:41.257+0000][1][gc,age      ] GC(25) - age   3:    1928952 bytes,    7194392 total
[2024-05-19T07:19:41.257+0000][1][gc,age      ] GC(25) - age   4:     653624 bytes,    7848016 total
[2024-05-19T07:19:41.257+0000][1][gc,age      ] GC(25) - age   5:     556952 bytes,    8404968 total
[2024-05-19T07:19:41.257+0000][1][gc,age      ] GC(25) - age   6:     410632 bytes,    8815600 total
[2024-05-19T07:19:41.257+0000][1][gc,age      ] GC(25) - age   7:      59168 bytes,    8874768 total
[2024-05-19T07:19:41.257+0000][1][gc,age      ] GC(25) - age   8:     396680 bytes,    9271448 total
[2024-05-19T07:19:41.257+0000][1][gc,age      ] GC(25) - age   9:    1256552 bytes,   10528000 total
[2024-05-19T07:19:41.257+0000][1][gc,age      ] GC(25) - age  10:     114800 bytes,   10642800 total
[2024-05-19T07:19:41.257+0000][1][gc,age      ] GC(25) - age  11:    1081320 bytes,   11724120 total
[2024-05-19T07:19:41.257+0000][1][gc,age      ] GC(25) - age  12:     799896 bytes,   12524016 total
[2024-05-19T07:19:41.257+0000][1][gc,age      ] GC(25) - age  13:    2145984 bytes,   14670000 total
[2024-05-19T07:19:41.257+0000][1][gc,age      ] GC(25) - age  14:   15972160 bytes,   30642160 total
[2024-05-19T07:19:41.257+0000][1][gc,age      ] GC(25) - age  15:      29272 bytes,   30671432 total
[2024-05-19T07:19:41.257+0000][1][gc,heap     ] GC(25) Eden regions: 583->0(584)
[2024-05-19T07:19:41.257+0000][1][gc,heap     ] GC(25) Survivor regions: 31->30(77)
[2024-05-19T07:19:41.257+0000][1][gc,heap     ] GC(25) Old regions: 17->18
[2024-05-19T07:19:41.257+0000][1][gc,heap     ] GC(25) Humongous regions: 3->3
[2024-05-19T07:19:41.257+0000][1][gc,metaspace] GC(25) Metaspace: 98998K(100544K)->98998K(100544K) NonClass: 86746K(87616K)->86746K(87616K) Class: 12251K(12928K)->12251K(12928K)
[2024-05-19T07:19:41.257+0000][1][gc          ] GC(25) Pause Young (Normal) (G1 Evacuation Pause) 633M->50M(1024M) 77.294ms
[2024-05-19T07:19:41.257+0000][1][gc,cpu      ] GC(25) User=0.17s Sys=0.01s Real=0.08s
[2024-05-19T07:19:41.257+0000][1][safepoint   ] Safepoint "G1CollectForAllocation", Time since last: 308710277210 ns, Reaching safepoint: 22909 ns, Cleanup: 6276 ns, At safepoint: 77384612 ns, Total: 77413797 ns
[2024-05-19T07:28:07.474+0000][1][safepoint   ] Safepoint "Cleanup", Time since last: 506216478263 ns, Reaching safepoint: 8337 ns, Cleanup: 6978 ns, At safepoint: 2933 ns, Total: 18248 ns
[2024-05-19T07:45:58.072+0000][1][safepoint   ] Safepoint "Cleanup", Time since last: 1070598483159 ns, Reaching safepoint: 42978 ns, Cleanup: 27201 ns, At safepoint: 11260 ns, Total: 81439 ns
[2024-05-19T08:19:17.725+0000][1][safepoint   ] Safepoint "Cleanup", Time since last: 1999652462891 ns, Reaching safepoint: 12926 ns, Cleanup: 11504 ns, At safepoint: 3039 ns, Total: 27469 ns
[2024-05-19T08:25:12.761+0000][1][safepoint   ] Safepoint "Cleanup", Time since last: 355036608536 ns, Reaching safepoint: 30647 ns, Cleanup: 9455 ns, At safepoint: 4817 ns, Total: 44919 ns
[2024-05-19T08:25:14.567+0000][1][safepoint   ] Safepoint "Cleanup", Time since last: 1805093377 ns, Reaching safepoint: 36879 ns, Cleanup: 55742 ns, At safepoint: 8300 ns, Total: 100921 ns
[2024-05-19T08:26:58.933+0000][1][gc,start    ] GC(26) Pause Young (Normal) (G1 Evacuation Pause)
[2024-05-19T08:26:58.933+0000][1][gc,task     ] GC(26) Using 4 workers of 4 for evacuation
[2024-05-19T08:26:58.933+0000][1][gc,age      ] GC(26) Desired survivor size 40370176 bytes, new threshold 15 (max threshold 15)
[2024-05-19T08:26:59.011+0000][1][gc,phases   ] GC(26)   Pre Evacuate Collection Set: 0.4ms
[2024-05-19T08:26:59.011+0000][1][gc,phases   ] GC(26)   Merge Heap Roots: 0.2ms
[2024-05-19T08:26:59.011+0000][1][gc,phases   ] GC(26)   Evacuate Collection Set: 74.2ms
[2024-05-19T08:26:59.011+0000][1][gc,phases   ] GC(26)   Post Evacuate Collection Set: 2.8ms
[2024-05-19T08:26:59.011+0000][1][gc,phases   ] GC(26)   Other: 0.1ms
[2024-05-19T08:26:59.011+0000][1][gc,age      ] GC(26) Age table with threshold 15 (max threshold 15)
[2024-05-19T08:26:59.011+0000][1][gc,age      ] GC(26) - age   1:    3530456 bytes,    3530456 total
[2024-05-19T08:26:59.011+0000][1][gc,age      ] GC(26) - age   2:    2624584 bytes,    6155040 total
[2024-05-19T08:26:59.011+0000][1][gc,age      ] GC(26) - age   3:    1602504 bytes,    7757544 total
[2024-05-19T08:26:59.011+0000][1][gc,age      ] GC(26) - age   4:     529392 bytes,    8286936 total
[2024-05-19T08:26:59.011+0000][1][gc,age      ] GC(26) - age   5:     653224 bytes,    8940160 total
[2024-05-19T08:26:59.011+0000][1][gc,age      ] GC(26) - age   6:     532912 bytes,    9473072 total
[2024-05-19T08:26:59.011+0000][1][gc,age      ] GC(26) - age   7:     283216 bytes,    9756288 total
[2024-05-19T08:26:59.011+0000][1][gc,age      ] GC(26) - age   8:      59168 bytes,    9815456 total
[2024-05-19T08:26:59.011+0000][1][gc,age      ] GC(26) - age   9:     396440 bytes,   10211896 total
[2024-05-19T08:26:59.011+0000][1][gc,age      ] GC(26) - age  10:    1224264 bytes,   11436160 total
[2024-05-19T08:26:59.011+0000][1][gc,age      ] GC(26) - age  11:     114800 bytes,   11550960 total
[2024-05-19T08:26:59.011+0000][1][gc,age      ] GC(26) - age  12:     889776 bytes,   12440736 total
[2024-05-19T08:26:59.011+0000][1][gc,age      ] GC(26) - age  13:     766872 bytes,   13207608 total
[2024-05-19T08:26:59.011+0000][1][gc,age      ] GC(26) - age  14:    2145664 bytes,   15353272 total
[2024-05-19T08:26:59.011+0000][1][gc,age      ] GC(26) - age  15:   15966808 bytes,   31320080 total
[2024-05-19T08:26:59.011+0000][1][gc,heap     ] GC(26) Eden regions: 584->0(582)
[2024-05-19T08:26:59.011+0000][1][gc,heap     ] GC(26) Survivor regions: 30->32(77)
[2024-05-19T08:26:59.011+0000][1][gc,heap     ] GC(26) Old regions: 18->18
[2024-05-19T08:26:59.011+0000][1][gc,heap     ] GC(26) Humongous regions: 3->3
[2024-05-19T08:26:59.011+0000][1][gc,metaspace] GC(26) Metaspace: 99023K(100544K)->99023K(100544K) NonClass: 86771K(87616K)->86771K(87616K) Class: 12252K(12928K)->12252K(12928K)
[2024-05-19T08:26:59.011+0000][1][gc          ] GC(26) Pause Young (Normal) (G1 Evacuation Pause) 634M->51M(1024M) 78.111ms
[2024-05-19T08:26:59.011+0000][1][gc,cpu      ] GC(26) User=0.17s Sys=0.01s Real=0.08s
[2024-05-19T08:26:59.011+0000][1][safepoint   ] Safepoint "G1CollectForAllocation", Time since last: 104366302539 ns, Reaching safepoint: 30392 ns, Cleanup: 6802 ns, At safepoint: 78204621 ns, Total: 78241815 ns
[2024-05-19T08:31:46.518+0000][1][safepoint   ] Safepoint "Cleanup", Time since last: 287506599668 ns, Reaching safepoint: 40006 ns, Cleanup: 30260 ns, At safepoint: 8903 ns, Total: 79169 ns
[2024-05-19T08:44:12.857+0000][1][safepoint   ] Safepoint "Cleanup", Time since last: 746339216067 ns, Reaching safepoint: 288424 ns, Cleanup: 12861 ns, At safepoint: 10421 ns, Total: 311706 ns
[2024-05-19T08:53:47.903+0000][1][safepoint   ] Safepoint "Cleanup", Time since last: 575046174573 ns, Reaching safepoint: 22729 ns, Cleanup: 6324 ns, At safepoint: 3319 ns, Total: 32372 ns
[2024-05-19T09:01:51.686+0000][1][safepoint   ] Safepoint "Cleanup", Time since last: 483782868817 ns, Reaching safepoint: 37103 ns, Cleanup: 24148 ns, At safepoint: 7725 ns, Total: 68976 ns
[2024-05-19T09:07:59.074+0000][1][safepoint   ] Safepoint "Cleanup", Time since last: 367387151774 ns, Reaching safepoint: 42887 ns, Cleanup: 28416 ns, At safepoint: 9403 ns, Total: 80706 ns
[2024-05-19T09:18:48.040+0000][1][safepoint   ] Safepoint "Cleanup", Time since last: 648966419015 ns, Reaching safepoint: 8851 ns, Cleanup: 8862 ns, At safepoint: 16786 ns, Total: 34499 ns
[2024-05-19T09:18:49.531+0000][1][safepoint   ] Safepoint "Cleanup", Time since last: 1490923547 ns, Reaching safepoint: 36908 ns, Cleanup: 37875 ns, At safepoint: 7068 ns, Total: 81851 ns
[2024-05-19T09:29:21.809+0000][1][gc,start    ] GC(27) Pause Young (Normal) (G1 Evacuation Pause)
[2024-05-19T09:29:21.809+0000][1][gc,task     ] GC(27) Using 4 workers of 4 for evacuation
[2024-05-19T09:29:21.809+0000][1][gc,age      ] GC(27) Desired survivor size 40370176 bytes, new threshold 15 (max threshold 15)
[2024-05-19T09:29:21.890+0000][1][gc,phases   ] GC(27)   Pre Evacuate Collection Set: 0.4ms
[2024-05-19T09:29:21.890+0000][1][gc,phases   ] GC(27)   Merge Heap Roots: 0.1ms
[2024-05-19T09:29:21.890+0000][1][gc,phases   ] GC(27)   Evacuate Collection Set: 77.0ms
[2024-05-19T09:29:21.890+0000][1][gc,phases   ] GC(27)   Post Evacuate Collection Set: 2.6ms
[2024-05-19T09:29:21.890+0000][1][gc,phases   ] GC(27)   Other: 0.1ms
[2024-05-19T09:29:21.890+0000][1][gc,age      ] GC(27) Age table with threshold 15 (max threshold 15)
[2024-05-19T09:29:21.890+0000][1][gc,age      ] GC(27) - age   1:    3496784 bytes,    3496784 total
[2024-05-19T09:29:21.890+0000][1][gc,age      ] GC(27) - age   2:    2577928 bytes,    6074712 total
[2024-05-19T09:29:21.890+0000][1][gc,age      ] GC(27) - age   3:    2033176 bytes,    8107888 total
[2024-05-19T09:29:21.890+0000][1][gc,age      ] GC(27) - age   4:     377560 bytes,    8485448 total
[2024-05-19T09:29:21.890+0000][1][gc,age      ] GC(27) - age   5:     433376 bytes,    8918824 total
[2024-05-19T09:29:21.890+0000][1][gc,age      ] GC(27) - age   6:     550920 bytes,    9469744 total
[2024-05-19T09:29:21.890+0000][1][gc,age      ] GC(27) - age   7:     399384 bytes,    9869128 total
[2024-05-19T09:29:21.890+0000][1][gc,age      ] GC(27) - age   8:     236032 bytes,   10105160 total
[2024-05-19T09:29:21.890+0000][1][gc,age      ] GC(27) - age   9:      49304 bytes,   10154464 total
[2024-05-19T09:29:21.890+0000][1][gc,age      ] GC(27) - age  10:     386576 bytes,   10541040 total
[2024-05-19T09:29:21.890+0000][1][gc,age      ] GC(27) - age  11:    1025544 bytes,   11566584 total
[2024-05-19T09:29:21.890+0000][1][gc,age      ] GC(27) - age  12:     114800 bytes,   11681384 total
[2024-05-19T09:29:21.890+0000][1][gc,age      ] GC(27) - age  13:     889376 bytes,   12570760 total
[2024-05-19T09:29:21.890+0000][1][gc,age      ] GC(27) - age  14:     766872 bytes,   13337632 total
[2024-05-19T09:29:21.890+0000][1][gc,age      ] GC(27) - age  15:    2145664 bytes,   15483296 total
[2024-05-19T09:29:21.890+0000][1][gc,heap     ] GC(27) Eden regions: 582->0(598)
[2024-05-19T09:29:21.890+0000][1][gc,heap     ] GC(27) Survivor regions: 32->16(77)
[2024-05-19T09:29:21.890+0000][1][gc,heap     ] GC(27) Old regions: 18->34
[2024-05-19T09:29:21.890+0000][1][gc,heap     ] GC(27) Humongous regions: 3->3
[2024-05-19T09:29:21.890+0000][1][gc,metaspace] GC(27) Metaspace: 99029K(100544K)->99029K(100544K) NonClass: 86777K(87616K)->86777K(87616K) Class: 12252K(12928K)->12252K(12928K)
[2024-05-19T09:29:21.890+0000][1][gc          ] GC(27) Pause Young (Normal) (G1 Evacuation Pause) 633M->52M(1024M) 80.762ms
[2024-05-19T09:29:21.890+0000][1][gc,cpu      ] GC(27) User=0.17s Sys=0.02s Real=0.08s
[2024-05-19T09:29:21.890+0000][1][safepoint   ] Safepoint "G1CollectForAllocation", Time since last: 632277965484 ns, Reaching safepoint: 31115 ns, Cleanup: 5912 ns, At safepoint: 80857466 ns, Total: 80894493 ns
[2024-05-19T09:35:59.984+0000][1][safepoint   ] Safepoint "Cleanup", Time since last: 398094461031 ns, Reaching safepoint: 32437 ns, Cleanup: 19439 ns, At safepoint: 6661 ns, Total: 58537 ns
[2024-05-19T09:37:49.138+0000][1][safepoint   ] Safepoint "Cleanup", Time since last: 109153165792 ns, Reaching safepoint: 39048 ns, Cleanup: 26183 ns, At safepoint: 8382 ns, Total: 73613 ns
[2024-05-19T09:41:54.155+0000][1][safepoint   ] Safepoint "Cleanup", Time since last: 245017193658 ns, Reaching safepoint: 36895 ns, Cleanup: 23358 ns, At safepoint: 7727 ns, Total: 67980 ns
[2024-05-19T09:43:46.189+0000][1][safepoint   ] Safepoint "Cleanup", Time since last: 112033950353 ns, Reaching safepoint: 116605 ns, Cleanup: 28579 ns, At safepoint: 27444 ns, Total: 172628 ns
[2024-05-19T09:45:34.171+0000][1][safepoint   ] Safepoint "Cleanup", Time since last: 107981682879 ns, Reaching safepoint: 98229 ns, Cleanup: 24355 ns, At safepoint: 9444 ns, Total: 132028 ns
[2024-05-19T09:47:49.190+0000][1][safepoint   ] Safepoint "Cleanup", Time since last: 135019434446 ns, Reaching safepoint: 43197 ns, Cleanup: 27697 ns, At safepoint: 9390 ns, Total: 80284 ns
[2024-05-19T10:00:13.314+0000][1][safepoint   ] Safepoint "Cleanup", Time since last: 744123876085 ns, Reaching safepoint: 8542 ns, Cleanup: 87339 ns, At safepoint: 2441 ns, Total: 98322 ns
[2024-05-19T10:22:53.358+0000][1][safepoint   ] Safepoint "Cleanup", Time since last: 1360043770045 ns, Reaching safepoint: 10900 ns, Cleanup: 10095 ns, At safepoint: 3597 ns, Total: 24592 ns
[2024-05-19T10:29:03.392+0000][1][safepoint   ] Safepoint "Cleanup", Time since last: 370033936394 ns, Reaching safepoint: 8410 ns, Cleanup: 8931 ns, At safepoint: 3979 ns, Total: 21320 ns
[2024-05-19T10:34:06.289+0000][1][gc,start    ] GC(28) Pause Young (Normal) (G1 Evacuation Pause)
[2024-05-19T10:34:06.289+0000][1][gc,task     ] GC(28) Using 4 workers of 4 for evacuation
[2024-05-19T10:34:06.289+0000][1][gc,age      ] GC(28) Desired survivor size 40370176 bytes, new threshold 15 (max threshold 15)
[2024-05-19T10:34:06.316+0000][1][gc,phases   ] GC(28)   Pre Evacuate Collection Set: 0.6ms
[2024-05-19T10:34:06.316+0000][1][gc,phases   ] GC(28)   Merge Heap Roots: 0.3ms
[2024-05-19T10:34:06.316+0000][1][gc,phases   ] GC(28)   Evacuate Collection Set: 25.2ms
[2024-05-19T10:34:06.316+0000][1][gc,phases   ] GC(28)   Post Evacuate Collection Set: 1.5ms
[2024-05-19T10:34:06.316+0000][1][gc,phases   ] GC(28)   Other: 0.1ms
[2024-05-19T10:34:06.316+0000][1][gc,age      ] GC(28) Age table with threshold 15 (max threshold 15)
[2024-05-19T10:34:06.316+0000][1][gc,age      ] GC(28) - age   1:    3842544 bytes,    3842544 total
[2024-05-19T10:34:06.316+0000][1][gc,age      ] GC(28) - age   2:    2605456 bytes,    6448000 total
[2024-05-19T10:34:06.316+0000][1][gc,age      ] GC(28) - age   3:    1997448 bytes,    8445448 total
[2024-05-19T10:34:06.316+0000][1][gc,age      ] GC(28) - age   4:     622560 bytes,    9068008 total
[2024-05-19T10:34:06.316+0000][1][gc,age      ] GC(28) - age   5:     333480 bytes,    9401488 total
[2024-05-19T10:34:06.316+0000][1][gc,age      ] GC(28) - age   6:     193800 bytes,    9595288 total
[2024-05-19T10:34:06.316+0000][1][gc,age      ] GC(28) - age   7:     419488 bytes,   10014776 total
[2024-05-19T10:34:06.317+0000][1][gc,age      ] GC(28) - age   8:     195384 bytes,   10210160 total
[2024-05-19T10:34:06.317+0000][1][gc,age      ] GC(28) - age   9:     235952 bytes,   10446112 total
[2024-05-19T10:34:06.317+0000][1][gc,age      ] GC(28) - age  10:      49304 bytes,   10495416 total
[2024-05-19T10:34:06.317+0000][1][gc,age      ] GC(28) - age  11:     386576 bytes,   10881992 total
[2024-05-19T10:34:06.317+0000][1][gc,age      ] GC(28) - age  12:     963424 bytes,   11845416 total
[2024-05-19T10:34:06.317+0000][1][gc,age      ] GC(28) - age  13:      83600 bytes,   11929016 total
[2024-05-19T10:34:06.317+0000][1][gc,age      ] GC(28) - age  14:     821384 bytes,   12750400 total
[2024-05-19T10:34:06.317+0000][1][gc,age      ] GC(28) - age  15:     734656 bytes,   13485056 total
[2024-05-19T10:34:06.317+0000][1][gc,heap     ] GC(28) Eden regions: 598->0(600)
[2024-05-19T10:34:06.317+0000][1][gc,heap     ] GC(28) Survivor regions: 16->14(77)
[2024-05-19T10:34:06.317+0000][1][gc,heap     ] GC(28) Old regions: 34->37
[2024-05-19T10:34:06.317+0000][1][gc,heap     ] GC(28) Humongous regions: 3->3
[2024-05-19T10:34:06.317+0000][1][gc,metaspace] GC(28) Metaspace: 99041K(100544K)->99041K(100544K) NonClass: 86788K(87616K)->86788K(87616K) Class: 12252K(12928K)->12252K(12928K)
[2024-05-19T10:34:06.317+0000][1][gc          ] GC(28) Pause Young (Normal) (G1 Evacuation Pause) 650M->53M(1024M) 28.159ms
[2024-05-19T10:34:06.317+0000][1][gc,cpu      ] GC(28) User=0.09s Sys=0.00s Real=0.03s
[2024-05-19T10:34:06.317+0000][1][safepoint   ] Safepoint "G1CollectForAllocation", Time since last: 302896252370 ns, Reaching safepoint: 66305 ns, Cleanup: 6132 ns, At safepoint: 28252927 ns, Total: 28325364 ns
[2024-05-19T10:34:28.483+0000][1][safepoint   ] Safepoint "Cleanup", Time since last: 22166339742 ns, Reaching safepoint: 8223 ns, Cleanup: 11482 ns, At safepoint: 2757 ns, Total: 22462 ns
[2024-05-19T10:36:43.424+0000][1][safepoint   ] Safepoint "Cleanup", Time since last: 134941216864 ns, Reaching safepoint: 97421 ns, Cleanup: 8490 ns, At safepoint: 3183 ns, Total: 109094 ns
[2024-05-19T10:44:12.432+0000][1][safepoint   ] Safepoint "Cleanup", Time since last: 449007873605 ns, Reaching safepoint: 121148 ns, Cleanup: 22851 ns, At safepoint: 19146 ns, Total: 163145 ns
[2024-05-19T11:06:19.568+0000][1][safepoint   ] Safepoint "Cleanup", Time since last: 1327135510053 ns, Reaching safepoint: 29890 ns, Cleanup: 21803 ns, At safepoint: 4622 ns, Total: 56315 ns
[2024-05-19T11:10:59.823+0000][1][safepoint   ] Safepoint "Cleanup", Time since last: 280254575826 ns, Reaching safepoint: 36844 ns, Cleanup: 26289 ns, At safepoint: 7800 ns, Total: 70933 ns
[2024-05-19T11:15:33.616+0000][1][safepoint   ] Safepoint "Cleanup", Time since last: 273793027209 ns, Reaching safepoint: 127049 ns, Cleanup: 14829 ns, At safepoint: 9467 ns, Total: 151345 ns
[2024-05-19T11:28:58.840+0000][1][gc,start    ] GC(29) Pause Young (Normal) (G1 Evacuation Pause)
[2024-05-19T11:28:58.840+0000][1][gc,task     ] GC(29) Using 4 workers of 4 for evacuation
[2024-05-19T11:28:58.840+0000][1][gc,age      ] GC(29) Desired survivor size 40370176 bytes, new threshold 15 (max threshold 15)
[2024-05-19T11:28:58.870+0000][1][gc,phases   ] GC(29)   Pre Evacuate Collection Set: 0.7ms
[2024-05-19T11:28:58.870+0000][1][gc,phases   ] GC(29)   Merge Heap Roots: 0.5ms
[2024-05-19T11:28:58.870+0000][1][gc,phases   ] GC(29)   Evacuate Collection Set: 27.3ms
[2024-05-19T11:28:58.870+0000][1][gc,phases   ] GC(29)   Post Evacuate Collection Set: 1.4ms
[2024-05-19T11:28:58.870+0000][1][gc,phases   ] GC(29)   Other: 0.1ms
[2024-05-19T11:28:58.870+0000][1][gc,age      ] GC(29) Age table with threshold 15 (max threshold 15)
[2024-05-19T11:28:58.870+0000][1][gc,age      ] GC(29) - age   1:    4216304 bytes,    4216304 total
[2024-05-19T11:28:58.870+0000][1][gc,age      ] GC(29) - age   2:    2436472 bytes,    6652776 total
[2024-05-19T11:28:58.870+0000][1][gc,age      ] GC(29) - age   3:    2137032 bytes,    8789808 total
[2024-05-19T11:28:58.870+0000][1][gc,age      ] GC(29) - age   4:     874192 bytes,    9664000 total
[2024-05-19T11:28:58.870+0000][1][gc,age      ] GC(29) - age   5:     485848 bytes,   10149848 total
[2024-05-19T11:28:58.870+0000][1][gc,age      ] GC(29) - age   6:     299480 bytes,   10449328 total
[2024-05-19T11:28:58.870+0000][1][gc,age      ] GC(29) - age   7:      64552 bytes,   10513880 total
[2024-05-19T11:28:58.870+0000][1][gc,age      ] GC(29) - age   8:     419488 bytes,   10933368 total
[2024-05-19T11:28:58.871+0000][1][gc,age      ] GC(29) - age   9:     195384 bytes,   11128752 total
[2024-05-19T11:28:58.871+0000][1][gc,age      ] GC(29) - age  10:     235952 bytes,   11364704 total
[2024-05-19T11:28:58.871+0000][1][gc,age      ] GC(29) - age  11:      49304 bytes,   11414008 total
[2024-05-19T11:28:58.871+0000][1][gc,age      ] GC(29) - age  12:     350776 bytes,   11764784 total
[2024-05-19T11:28:58.871+0000][1][gc,age      ] GC(29) - age  13:     962304 bytes,   12727088 total
[2024-05-19T11:28:58.871+0000][1][gc,age      ] GC(29) - age  14:      83600 bytes,   12810688 total
[2024-05-19T11:28:58.871+0000][1][gc,age      ] GC(29) - age  15:     821384 bytes,   13632072 total
[2024-05-19T11:28:58.871+0000][1][gc,heap     ] GC(29) Eden regions: 600->0(600)
[2024-05-19T11:28:58.871+0000][1][gc,heap     ] GC(29) Survivor regions: 14->14(77)
[2024-05-19T11:28:58.871+0000][1][gc,heap     ] GC(29) Old regions: 37->38
[2024-05-19T11:28:58.871+0000][1][gc,heap     ] GC(29) Humongous regions: 3->3
[2024-05-19T11:28:58.871+0000][1][gc,metaspace] GC(29) Metaspace: 99056K(100544K)->99056K(100544K) NonClass: 86804K(87616K)->86804K(87616K) Class: 12252K(12928K)->12252K(12928K)
[2024-05-19T11:28:58.871+0000][1][gc          ] GC(29) Pause Young (Normal) (G1 Evacuation Pause) 653M->54M(1024M) 30.410ms
[2024-05-19T11:28:58.871+0000][1][gc,cpu      ] GC(29) User=0.09s Sys=0.00s Real=0.03s
[2024-05-19T11:28:58.871+0000][1][safepoint   ] Safepoint "G1CollectForAllocation", Time since last: 805224338936 ns, Reaching safepoint: 25367 ns, Cleanup: 6401 ns, At safepoint: 30503190 ns, Total: 30534958 ns
[2024-05-19T11:30:38.681+0000][1][safepoint   ] Safepoint "Cleanup", Time since last: 99810188355 ns, Reaching safepoint: 11933 ns, Cleanup: 10275 ns, At safepoint: 3478 ns, Total: 25686 ns
[2024-05-19T11:38:33.801+0000][1][safepoint   ] Safepoint "Cleanup", Time since last: 475120418325 ns, Reaching safepoint: 8419 ns, Cleanup: 22424 ns, At safepoint: 4414 ns, Total: 35257 ns
[2024-05-19T11:41:03.734+0000][1][safepoint   ] Safepoint "Cleanup", Time since last: 149932941554 ns, Reaching safepoint: 14170 ns, Cleanup: 10435 ns, At safepoint: 3585 ns, Total: 28190 ns
[2024-05-19T11:45:58.760+0000][1][safepoint   ] Safepoint "Cleanup", Time since last: 295026063686 ns, Reaching safepoint: 8181 ns, Cleanup: 10091 ns, At safepoint: 3227 ns, Total: 21499 ns
[2024-05-19T11:47:18.840+0000][1][safepoint   ] Safepoint "Cleanup", Time since last: 80079916807 ns, Reaching safepoint: 8569 ns, Cleanup: 12237 ns, At safepoint: 3254 ns, Total: 24060 ns
[2024-05-19T11:59:08.902+0000][1][safepoint   ] Safepoint "Cleanup", Time since last: 710061315678 ns, Reaching safepoint: 8144 ns, Cleanup: 16500 ns, At safepoint: 2587 ns, Total: 27231 ns
[2024-05-19T12:21:28.927+0000][1][gc,start    ] GC(30) Pause Young (Normal) (G1 Evacuation Pause)
[2024-05-19T12:21:28.927+0000][1][gc,task     ] GC(30) Using 4 workers of 4 for evacuation
[2024-05-19T12:21:28.927+0000][1][gc,age      ] GC(30) Desired survivor size 40370176 bytes, new threshold 15 (max threshold 15)
[2024-05-19T12:21:28.952+0000][1][gc,phases   ] GC(30)   Pre Evacuate Collection Set: 0.7ms
[2024-05-19T12:21:28.952+0000][1][gc,phases   ] GC(30)   Merge Heap Roots: 0.4ms
[2024-05-19T12:21:28.952+0000][1][gc,phases   ] GC(30)   Evacuate Collection Set: 22.1ms
[2024-05-19T12:21:28.952+0000][1][gc,phases   ] GC(30)   Post Evacuate Collection Set: 1.4ms
[2024-05-19T12:21:28.952+0000][1][gc,phases   ] GC(30)   Other: 0.2ms
[2024-05-19T12:21:28.952+0000][1][gc,age      ] GC(30) Age table with threshold 15 (max threshold 15)
[2024-05-19T12:21:28.952+0000][1][gc,age      ] GC(30) - age   1:    4199768 bytes,    4199768 total
[2024-05-19T12:21:28.952+0000][1][gc,age      ] GC(30) - age   2:    2819272 bytes,    7019040 total
[2024-05-19T12:21:28.952+0000][1][gc,age      ] GC(30) - age   3:    2045224 bytes,    9064264 total
[2024-05-19T12:21:28.952+0000][1][gc,age      ] GC(30) - age   4:     641200 bytes,    9705464 total
[2024-05-19T12:21:28.952+0000][1][gc,age      ] GC(30) - age   5:     298656 bytes,   10004120 total
[2024-05-19T12:21:28.952+0000][1][gc,age      ] GC(30) - age   6:     342776 bytes,   10346896 total
[2024-05-19T12:21:28.952+0000][1][gc,age      ] GC(30) - age   7:     103168 bytes,   10450064 total
[2024-05-19T12:21:28.952+0000][1][gc,age      ] GC(30) - age   8:      48256 bytes,   10498320 total
[2024-05-19T12:21:28.952+0000][1][gc,age      ] GC(30) - age   9:     190032 bytes,   10688352 total
[2024-05-19T12:21:28.952+0000][1][gc,age      ] GC(30) - age  10:     133120 bytes,   10821472 total
[2024-05-19T12:21:28.952+0000][1][gc,age      ] GC(30) - age  11:     203600 bytes,   11025072 total
[2024-05-19T12:21:28.952+0000][1][gc,age      ] GC(30) - age  12:      49304 bytes,   11074376 total
[2024-05-19T12:21:28.952+0000][1][gc,age      ] GC(30) - age  13:     204832 bytes,   11279208 total
[2024-05-19T12:21:28.952+0000][1][gc,age      ] GC(30) - age  14:     742112 bytes,   12021320 total
[2024-05-19T12:21:28.952+0000][1][gc,age      ] GC(30) - age  15:      83576 bytes,   12104896 total
[2024-05-19T12:21:28.952+0000][1][gc,heap     ] GC(30) Eden regions: 600->0(601)
[2024-05-19T12:21:28.952+0000][1][gc,heap     ] GC(30) Survivor regions: 14->13(77)
[2024-05-19T12:21:28.952+0000][1][gc,heap     ] GC(30) Old regions: 38->39
[2024-05-19T12:21:28.952+0000][1][gc,heap     ] GC(30) Humongous regions: 3->3
[2024-05-19T12:21:28.952+0000][1][gc,metaspace] GC(30) Metaspace: 99073K(100544K)->99073K(100544K) NonClass: 86821K(87616K)->86821K(87616K) Class: 12252K(12928K)->12252K(12928K)
[2024-05-19T12:21:28.952+0000][1][gc          ] GC(30) Pause Young (Normal) (G1 Evacuation Pause) 654M->53M(1024M) 25.225ms
[2024-05-19T12:21:28.952+0000][1][gc,cpu      ] GC(30) User=0.09s Sys=0.00s Real=0.02s
[2024-05-19T12:21:28.952+0000][1][safepoint   ] Safepoint "G1CollectForAllocation", Time since last: 1340024799073 ns, Reaching safepoint: 70360 ns, Cleanup: 6542 ns, At safepoint: 25321034 ns, Total: 25397936 ns
[2024-05-19T12:58:38.608+0000][1][safepoint   ] Safepoint "Cleanup", Time since last: 2229655861883 ns, Reaching safepoint: 99121 ns, Cleanup: 26393 ns, At safepoint: 8906 ns, Total: 134420 ns
[2024-05-19T13:17:20.713+0000][1][gc,start    ] GC(31) Pause Young (Normal) (G1 Evacuation Pause)
[2024-05-19T13:17:20.713+0000][1][gc,task     ] GC(31) Using 4 workers of 4 for evacuation
[2024-05-19T13:17:20.713+0000][1][gc,age      ] GC(31) Desired survivor size 40370176 bytes, new threshold 15 (max threshold 15)
[2024-05-19T13:17:20.734+0000][1][gc,phases   ] GC(31)   Pre Evacuate Collection Set: 0.7ms
[2024-05-19T13:17:20.734+0000][1][gc,phases   ] GC(31)   Merge Heap Roots: 0.4ms
[2024-05-19T13:17:20.734+0000][1][gc,phases   ] GC(31)   Evacuate Collection Set: 17.6ms
[2024-05-19T13:17:20.734+0000][1][gc,phases   ] GC(31)   Post Evacuate Collection Set: 2.5ms
[2024-05-19T13:17:20.734+0000][1][gc,phases   ] GC(31)   Other: 0.3ms
[2024-05-19T13:17:20.734+0000][1][gc,age      ] GC(31) Age table with threshold 15 (max threshold 15)
[2024-05-19T13:17:20.734+0000][1][gc,age      ] GC(31) - age   1:    4589264 bytes,    4589264 total
[2024-05-19T13:17:20.734+0000][1][gc,age      ] GC(31) - age   2:    2896048 bytes,    7485312 total
[2024-05-19T13:17:20.735+0000][1][gc,age      ] GC(31) - age   3:    1563000 bytes,    9048312 total
[2024-05-19T13:17:20.735+0000][1][gc,age      ] GC(31) - age   4:     665104 bytes,    9713416 total
[2024-05-19T13:17:20.735+0000][1][gc,age      ] GC(31) - age   5:     640640 bytes,   10354056 total
[2024-05-19T13:17:20.735+0000][1][gc,age      ] GC(31) - age   6:     241144 bytes,   10595200 total
[2024-05-19T13:17:20.735+0000][1][gc,age      ] GC(31) - age   7:     236704 bytes,   10831904 total
[2024-05-19T13:17:20.735+0000][1][gc,age      ] GC(31) - age   8:     103168 bytes,   10935072 total
[2024-05-19T13:17:20.735+0000][1][gc,age      ] GC(31) - age   9:      48256 bytes,   10983328 total
[2024-05-19T13:17:20.735+0000][1][gc,age      ] GC(31) - age  10:     189392 bytes,   11172720 total
[2024-05-19T13:17:20.735+0000][1][gc,age      ] GC(31) - age  11:     132960 bytes,   11305680 total
[2024-05-19T13:17:20.735+0000][1][gc,age      ] GC(31) - age  12:     203600 bytes,   11509280 total
[2024-05-19T13:17:20.735+0000][1][gc,age      ] GC(31) - age  13:      49304 bytes,   11558584 total
[2024-05-19T13:17:20.735+0000][1][gc,age      ] GC(31) - age  14:     204272 bytes,   11762856 total
[2024-05-19T13:17:20.735+0000][1][gc,age      ] GC(31) - age  15:     742112 bytes,   12504968 total
[2024-05-19T13:17:20.735+0000][1][gc,heap     ] GC(31) Eden regions: 601->0(600)
[2024-05-19T13:17:20.735+0000][1][gc,heap     ] GC(31) Survivor regions: 13->14(77)
[2024-05-19T13:17:20.735+0000][1][gc,heap     ] GC(31) Old regions: 39->39
[2024-05-19T13:17:20.735+0000][1][gc,heap     ] GC(31) Humongous regions: 3->3
[2024-05-19T13:17:20.735+0000][1][gc,metaspace] GC(31) Metaspace: 99074K(100544K)->99074K(100544K) NonClass: 86822K(87616K)->86822K(87616K) Class: 12252K(12928K)->12252K(12928K)
[2024-05-19T13:17:20.735+0000][1][gc          ] GC(31) Pause Young (Normal) (G1 Evacuation Pause) 654M->54M(1024M) 22.450ms
[2024-05-19T13:17:20.735+0000][1][gc,cpu      ] GC(31) User=0.07s Sys=0.01s Real=0.02s
[2024-05-19T13:17:20.735+0000][1][safepoint   ] Safepoint "G1CollectForAllocation", Time since last: 1122104479657 ns, Reaching safepoint: 37334 ns, Cleanup: 9593 ns, At safepoint: 22610059 ns, Total: 22656986 ns
[2024-05-19T13:18:24.293+0000][1][safepoint   ] Safepoint "Cleanup", Time since last: 63558184124 ns, Reaching safepoint: 8501 ns, Cleanup: 12637 ns, At safepoint: 2846 ns, Total: 23984 ns
[2024-05-19T13:20:59.266+0000][1][safepoint   ] Safepoint "Cleanup", Time since last: 154972261277 ns, Reaching safepoint: 43853 ns, Cleanup: 30163 ns, At safepoint: 10617 ns, Total: 84633 ns
[2024-05-19T13:55:58.616+0000][1][safepoint   ] Safepoint "Cleanup", Time since last: 2099350779262 ns, Reaching safepoint: 31467 ns, Cleanup: 17079 ns, At safepoint: 4894 ns, Total: 53440 ns
[2024-05-19T13:56:46.900+0000][1][safepoint   ] Safepoint "Cleanup", Time since last: 48283336553 ns, Reaching safepoint: 123591 ns, Cleanup: 34136 ns, At safepoint: 11112 ns, Total: 168839 ns
[2024-05-19T14:09:52.499+0000][1][gc,start    ] GC(32) Pause Young (Normal) (G1 Evacuation Pause)
[2024-05-19T14:09:52.499+0000][1][gc,task     ] GC(32) Using 4 workers of 4 for evacuation
[2024-05-19T14:09:52.499+0000][1][gc,age      ] GC(32) Desired survivor size 40370176 bytes, new threshold 15 (max threshold 15)
[2024-05-19T14:09:52.512+0000][1][gc,phases   ] GC(32)   Pre Evacuate Collection Set: 0.5ms
[2024-05-19T14:09:52.512+0000][1][gc,phases   ] GC(32)   Merge Heap Roots: 0.2ms
[2024-05-19T14:09:52.512+0000][1][gc,phases   ] GC(32)   Evacuate Collection Set: 10.7ms
[2024-05-19T14:09:52.512+0000][1][gc,phases   ] GC(32)   Post Evacuate Collection Set: 1.4ms
[2024-05-19T14:09:52.512+0000][1][gc,phases   ] GC(32)   Other: 0.1ms
[2024-05-19T14:09:52.512+0000][1][gc,age      ] GC(32) Age table with threshold 15 (max threshold 15)
[2024-05-19T14:09:52.512+0000][1][gc,age      ] GC(32) - age   1:    3324448 bytes,    3324448 total
[2024-05-19T14:09:52.512+0000][1][gc,age      ] GC(32) - age   2:    3219624 bytes,    6544072 total
[2024-05-19T14:09:52.512+0000][1][gc,age      ] GC(32) - age   3:    2284624 bytes,    8828696 total
[2024-05-19T14:09:52.512+0000][1][gc,age      ] GC(32) - age   4:     564376 bytes,    9393072 total
[2024-05-19T14:09:52.512+0000][1][gc,age      ] GC(32) - age   5:     358368 bytes,    9751440 total
[2024-05-19T14:09:52.512+0000][1][gc,age      ] GC(32) - age   6:     566896 bytes,   10318336 total
[2024-05-19T14:09:52.512+0000][1][gc,age      ] GC(32) - age   7:     115160 bytes,   10433496 total
[2024-05-19T14:09:52.512+0000][1][gc,age      ] GC(32) - age   8:     236624 bytes,   10670120 total
[2024-05-19T14:09:52.512+0000][1][gc,age      ] GC(32) - age   9:     103168 bytes,   10773288 total
[2024-05-19T14:09:52.512+0000][1][gc,age      ] GC(32) - age  10:      48256 bytes,   10821544 total
[2024-05-19T14:09:52.512+0000][1][gc,age      ] GC(32) - age  11:     155840 bytes,   10977384 total
[2024-05-19T14:09:52.512+0000][1][gc,age      ] GC(32) - age  12:     132624 bytes,   11110008 total
[2024-05-19T14:09:52.512+0000][1][gc,age      ] GC(32) - age  13:     203600 bytes,   11313608 total
[2024-05-19T14:09:52.512+0000][1][gc,age      ] GC(32) - age  14:      49088 bytes,   11362696 total
[2024-05-19T14:09:52.512+0000][1][gc,age      ] GC(32) - age  15:     204272 bytes,   11566968 total
[2024-05-19T14:09:52.512+0000][1][gc,heap     ] GC(32) Eden regions: 600->0(602)
[2024-05-19T14:09:52.512+0000][1][gc,heap     ] GC(32) Survivor regions: 14->12(77)
[2024-05-19T14:09:52.512+0000][1][gc,heap     ] GC(32) Old regions: 39->40
[2024-05-19T14:09:52.512+0000][1][gc,heap     ] GC(32) Humongous regions: 3->3
[2024-05-19T14:09:52.512+0000][1][gc,metaspace] GC(32) Metaspace: 99077K(100544K)->99077K(100544K) NonClass: 86825K(87616K)->86825K(87616K) Class: 12252K(12928K)->12252K(12928K)
[2024-05-19T14:09:52.512+0000][1][gc          ] GC(32) Pause Young (Normal) (G1 Evacuation Pause) 654M->54M(1024M) 13.321ms
[2024-05-19T14:09:52.512+0000][1][gc,cpu      ] GC(32) User=0.04s Sys=0.00s Real=0.01s
[2024-05-19T14:09:52.512+0000][1][safepoint   ] Safepoint "G1CollectForAllocation", Time since last: 785599047547 ns, Reaching safepoint: 60412 ns, Cleanup: 6861 ns, At safepoint: 13414251 ns, Total: 13481524 ns
[2024-05-19T14:50:10.554+0000][1][safepoint   ] Safepoint "Cleanup", Time since last: 2418041317396 ns, Reaching safepoint: 37399 ns, Cleanup: 23404 ns, At safepoint: 7478 ns, Total: 68281 ns
[2024-05-19T14:50:12.555+0000][1][safepoint   ] Safepoint "Cleanup", Time since last: 2000622608 ns, Reaching safepoint: 39414 ns, Cleanup: 150939 ns, At safepoint: 4160 ns, Total: 194513 ns
[2024-05-19T14:50:13.555+0000][1][safepoint   ] Safepoint "Cleanup", Time since last: 1000219013 ns, Reaching safepoint: 34787 ns, Cleanup: 23750 ns, At safepoint: 57227 ns, Total: 115764 ns
[2024-05-19T14:50:23.559+0000][1][safepoint   ] Safepoint "Cleanup", Time since last: 10003480276 ns, Reaching safepoint: 37571 ns, Cleanup: 28949 ns, At safepoint: 7545 ns, Total: 74065 ns
[2024-05-19T14:50:24.749+0000][1][safepoint   ] Safepoint "Cleanup", Time since last: 1190647779 ns, Reaching safepoint: 8382 ns, Cleanup: 82568 ns, At safepoint: 3643 ns, Total: 94593 ns
[2024-05-19T14:50:25.848+0000][1][safepoint   ] Safepoint "Cleanup", Time since last: 1099019919 ns, Reaching safepoint: 33163 ns, Cleanup: 75919 ns, At safepoint: 5476 ns, Total: 114558 ns
[2024-05-19T14:50:27.897+0000][1][safepoint   ] Safepoint "Cleanup", Time since last: 2048610259 ns, Reaching safepoint: 10824 ns, Cleanup: 18119 ns, At safepoint: 9834 ns, Total: 38777 ns
[2024-05-19T14:50:29.756+0000][1][safepoint   ] Safepoint "Cleanup", Time since last: 1858171675 ns, Reaching safepoint: 60204 ns, Cleanup: 163749 ns, At safepoint: 39600 ns, Total: 263553 ns
[2024-05-19T14:50:30.866+0000][1][safepoint   ] Safepoint "Cleanup", Time since last: 1110188903 ns, Reaching safepoint: 32340 ns, Cleanup: 6568 ns, At safepoint: 2924 ns, Total: 41832 ns
[2024-05-19T14:50:32.869+0000][1][safepoint   ] Safepoint "Cleanup", Time since last: 2002902593 ns, Reaching safepoint: 27790 ns, Cleanup: 9977 ns, At safepoint: 13908 ns, Total: 51675 ns
[2024-05-19T14:50:34.766+0000][1][safepoint   ] Safepoint "Cleanup", Time since last: 1897344880 ns, Reaching safepoint: 107452 ns, Cleanup: 33519 ns, At safepoint: 9186 ns, Total: 150157 ns
[2024-05-19T14:50:38.848+0000][1][safepoint   ] Safepoint "Cleanup", Time since last: 4081236001 ns, Reaching safepoint: 53867 ns, Cleanup: 36230 ns, At safepoint: 11099 ns, Total: 101196 ns
[2024-05-19T14:50:45.769+0000][1][safepoint   ] Safepoint "Cleanup", Time since last: 6921291880 ns, Reaching safepoint: 28854 ns, Cleanup: 11021 ns, At safepoint: 6155 ns, Total: 46030 ns
[2024-05-19T14:50:45.892+0000][1][gc,start    ] GC(33) Pause Young (Normal) (G1 Evacuation Pause)
[2024-05-19T14:50:45.892+0000][1][gc,task     ] GC(33) Using 4 workers of 4 for evacuation
[2024-05-19T14:50:45.892+0000][1][gc,age      ] GC(33) Desired survivor size 40370176 bytes, new threshold 15 (max threshold 15)
[2024-05-19T14:50:45.906+0000][1][gc,phases   ] GC(33)   Pre Evacuate Collection Set: 0.5ms
[2024-05-19T14:50:45.906+0000][1][gc,phases   ] GC(33)   Merge Heap Roots: 0.2ms
[2024-05-19T14:50:45.906+0000][1][gc,phases   ] GC(33)   Evacuate Collection Set: 11.9ms
[2024-05-19T14:50:45.906+0000][1][gc,phases   ] GC(33)   Post Evacuate Collection Set: 1.3ms
[2024-05-19T14:50:45.906+0000][1][gc,phases   ] GC(33)   Other: 0.1ms
[2024-05-19T14:50:45.906+0000][1][gc,age      ] GC(33) Age table with threshold 15 (max threshold 15)
[2024-05-19T14:50:45.906+0000][1][gc,age      ] GC(33) - age   1:    3018944 bytes,    3018944 total
[2024-05-19T14:50:45.906+0000][1][gc,age      ] GC(33) - age   2:    1904792 bytes,    4923736 total
[2024-05-19T14:50:45.906+0000][1][gc,age      ] GC(33) - age   3:    1566584 bytes,    6490320 total
[2024-05-19T14:50:45.906+0000][1][gc,age      ] GC(33) - age   4:     583176 bytes,    7073496 total
[2024-05-19T14:50:45.906+0000][1][gc,age      ] GC(33) - age   5:     332256 bytes,    7405752 total
[2024-05-19T14:50:45.906+0000][1][gc,age      ] GC(33) - age   6:     275264 bytes,    7681016 total
[2024-05-19T14:50:45.906+0000][1][gc,age      ] GC(33) - age   7:     293216 bytes,    7974232 total
[2024-05-19T14:50:45.906+0000][1][gc,age      ] GC(33) - age   8:     115000 bytes,    8089232 total
[2024-05-19T14:50:45.906+0000][1][gc,age      ] GC(33) - age   9:     236304 bytes,    8325536 total
[2024-05-19T14:50:45.906+0000][1][gc,age      ] GC(33) - age  10:     103024 bytes,    8428560 total
[2024-05-19T14:50:45.906+0000][1][gc,age      ] GC(33) - age  11:      18120 bytes,    8446680 total
[2024-05-19T14:50:45.906+0000][1][gc,age      ] GC(33) - age  12:      91040 bytes,    8537720 total
[2024-05-19T14:50:45.906+0000][1][gc,age      ] GC(33) - age  13:     100920 bytes,    8638640 total
[2024-05-19T14:50:45.906+0000][1][gc,age      ] GC(33) - age  14:     203600 bytes,    8842240 total
[2024-05-19T14:50:45.906+0000][1][gc,age      ] GC(33) - age  15:      49048 bytes,    8891288 total
[2024-05-19T14:50:45.906+0000][1][gc,heap     ] GC(33) Eden regions: 602->0(604)
[2024-05-19T14:50:45.906+0000][1][gc,heap     ] GC(33) Survivor regions: 12->10(77)
[2024-05-19T14:50:45.906+0000][1][gc,heap     ] GC(33) Old regions: 40->40
[2024-05-19T14:50:45.906+0000][1][gc,heap     ] GC(33) Humongous regions: 13->3
[2024-05-19T14:50:45.906+0000][1][gc,metaspace] GC(33) Metaspace: 99151K(100672K)->99151K(100672K) NonClass: 86896K(87744K)->86896K(87744K) Class: 12254K(12928K)->12254K(12928K)
[2024-05-19T14:50:45.907+0000][1][gc          ] GC(33) Pause Young (Normal) (G1 Evacuation Pause) 666M->52M(1024M) 14.390ms
[2024-05-19T14:50:45.907+0000][1][gc,cpu      ] GC(33) User=0.04s Sys=0.00s Real=0.02s
[2024-05-19T14:50:45.907+0000][1][safepoint   ] Safepoint "G1CollectForAllocation", Time since last: 122993375 ns, Reaching safepoint: 195116 ns, Cleanup: 7874 ns, At safepoint: 14507778 ns, Total: 14710768 ns
[2024-05-19T14:50:47.893+0000][1][safepoint   ] Safepoint "Cleanup", Time since last: 1986867243 ns, Reaching safepoint: 8279 ns, Cleanup: 12122 ns, At safepoint: 2774 ns, Total: 23175 ns
[2024-05-19T14:50:48.896+0000][1][safepoint   ] Safepoint "Cleanup", Time since last: 1002294285 ns, Reaching safepoint: 33068 ns, Cleanup: 23351 ns, At safepoint: 5279 ns, Total: 61698 ns
[2024-05-19T14:50:52.783+0000][1][safepoint   ] Safepoint "Cleanup", Time since last: 3887469007 ns, Reaching safepoint: 37069 ns, Cleanup: 85858 ns, At safepoint: 10275 ns, Total: 133202 ns
[2024-05-19T14:50:58.821+0000][1][safepoint   ] Safepoint "Cleanup", Time since last: 6037623332 ns, Reaching safepoint: 30418 ns, Cleanup: 17160 ns, At safepoint: 4280 ns, Total: 51858 ns
[2024-05-19T14:51:04.918+0000][1][safepoint   ] Safepoint "Cleanup", Time since last: 6096841584 ns, Reaching safepoint: 8143 ns, Cleanup: 8691 ns, At safepoint: 2737 ns, Total: 19571 ns
[2024-05-19T14:51:12.936+0000][1][safepoint   ] Safepoint "Cleanup", Time since last: 8017494644 ns, Reaching safepoint: 42839 ns, Cleanup: 29069 ns, At safepoint: 10568 ns, Total: 82476 ns
[2024-05-19T14:51:14.790+0000][1][safepoint   ] Safepoint "Cleanup", Time since last: 1854707254 ns, Reaching safepoint: 36949 ns, Cleanup: 76284 ns, At safepoint: 7344 ns, Total: 120577 ns
[2024-05-19T14:51:18.816+0000][1][safepoint   ] Safepoint "Cleanup", Time since last: 4025456559 ns, Reaching safepoint: 36090 ns, Cleanup: 44780 ns, At safepoint: 24157 ns, Total: 105027 ns
[2024-05-19T14:51:23.813+0000][1][safepoint   ] Safepoint "Cleanup", Time since last: 4997012022 ns, Reaching safepoint: 8666 ns, Cleanup: 14368 ns, At safepoint: 4265 ns, Total: 27299 ns
[2024-05-19T14:51:33.904+0000][1][safepoint   ] Safepoint "Cleanup", Time since last: 10091314654 ns, Reaching safepoint: 31596 ns, Cleanup: 27806 ns, At safepoint: 5101 ns, Total: 64503 ns
[2024-05-19T14:51:35.849+0000][1][safepoint   ] Safepoint "Cleanup", Time since last: 1944337377 ns, Reaching safepoint: 36791 ns, Cleanup: 23446 ns, At safepoint: 7566 ns, Total: 67803 ns
[2024-05-19T14:51:44.834+0000][1][safepoint   ] Safepoint "Cleanup", Time since last: 8985382724 ns, Reaching safepoint: 36884 ns, Cleanup: 27134 ns, At safepoint: 7480 ns, Total: 71498 ns
[2024-05-19T14:52:00.929+0000][1][safepoint   ] Safepoint "Cleanup", Time since last: 16094806921 ns, Reaching safepoint: 32635 ns, Cleanup: 19894 ns, At safepoint: 5853 ns, Total: 58382 ns
[2024-05-19T14:52:04.884+0000][1][safepoint   ] Safepoint "Cleanup", Time since last: 3954679565 ns, Reaching safepoint: 9127 ns, Cleanup: 12219 ns, At safepoint: 2883 ns, Total: 24229 ns
[2024-05-19T14:52:05.900+0000][1][safepoint   ] Safepoint "Cleanup", Time since last: 1015897725 ns, Reaching safepoint: 96295 ns, Cleanup: 28882 ns, At safepoint: 18456 ns, Total: 143633 ns
[2024-05-19T14:52:06.912+0000][1][safepoint   ] Safepoint "Cleanup", Time since last: 1012239361 ns, Reaching safepoint: 31763 ns, Cleanup: 33001 ns, At safepoint: 4686 ns, Total: 69450 ns
[2024-05-19T14:52:08.890+0000][1][safepoint   ] Safepoint "Cleanup", Time since last: 1978215019 ns, Reaching safepoint: 36618 ns, Cleanup: 33326 ns, At safepoint: 7915 ns, Total: 77859 ns
[2024-05-19T14:52:12.029+0000][1][safepoint   ] Safepoint "Cleanup", Time since last: 3137973318 ns, Reaching safepoint: 41016 ns, Cleanup: 34659 ns, At safepoint: 8459 ns, Total: 84134 ns
[2024-05-19T14:52:16.865+0000][1][safepoint   ] Safepoint "Cleanup", Time since last: 4836278869 ns, Reaching safepoint: 35296 ns, Cleanup: 23058 ns, At safepoint: 6853 ns, Total: 65207 ns
[2024-05-19T14:52:17.865+0000][1][safepoint   ] Safepoint "Cleanup", Time since last: 1000170127 ns, Reaching safepoint: 29631 ns, Cleanup: 18097 ns, At safepoint: 4533 ns, Total: 52261 ns
[2024-05-19T14:52:24.907+0000][1][safepoint   ] Safepoint "Cleanup", Time since last: 7041773125 ns, Reaching safepoint: 36957 ns, Cleanup: 27952 ns, At safepoint: 8295 ns, Total: 73204 ns
[2024-05-19T14:52:25.916+0000][1][safepoint   ] Safepoint "Cleanup", Time since last: 1008645124 ns, Reaching safepoint: 57054 ns, Cleanup: 23996 ns, At safepoint: 7819 ns, Total: 88869 ns
[2024-05-19T14:52:27.056+0000][1][safepoint   ] Safepoint "Cleanup", Time since last: 1140197182 ns, Reaching safepoint: 29603 ns, Cleanup: 31097 ns, At safepoint: 4521 ns, Total: 65221 ns
[2024-05-19T14:52:31.460+0000][1][gc,start    ] GC(34) Pause Young (Normal) (G1 Evacuation Pause)
[2024-05-19T14:52:31.461+0000][1][gc,task     ] GC(34) Using 4 workers of 4 for evacuation
[2024-05-19T14:52:31.461+0000][1][gc,age      ] GC(34) Desired survivor size 40370176 bytes, new threshold 15 (max threshold 15)
[2024-05-19T14:52:31.476+0000][1][gc,phases   ] GC(34)   Pre Evacuate Collection Set: 0.5ms
[2024-05-19T14:52:31.476+0000][1][gc,phases   ] GC(34)   Merge Heap Roots: 1.4ms
[2024-05-19T14:52:31.476+0000][1][gc,phases   ] GC(34)   Evacuate Collection Set: 11.1ms
[2024-05-19T14:52:31.476+0000][1][gc,phases   ] GC(34)   Post Evacuate Collection Set: 1.4ms
[2024-05-19T14:52:31.476+0000][1][gc,phases   ] GC(34)   Other: 0.1ms
[2024-05-19T14:52:31.476+0000][1][gc,age      ] GC(34) Age table with threshold 15 (max threshold 15)
[2024-05-19T14:52:31.476+0000][1][gc,age      ] GC(34) - age   1:    2464736 bytes,    2464736 total
[2024-05-19T14:52:31.476+0000][1][gc,age      ] GC(34) - age   2:    2459568 bytes,    4924304 total
[2024-05-19T14:52:31.476+0000][1][gc,age      ] GC(34) - age   3:    1774480 bytes,    6698784 total
[2024-05-19T14:52:31.476+0000][1][gc,age      ] GC(34) - age   4:    1424544 bytes,    8123328 total
[2024-05-19T14:52:31.476+0000][1][gc,age      ] GC(34) - age   5:     581768 bytes,    8705096 total
[2024-05-19T14:52:31.476+0000][1][gc,age      ] GC(34) - age   6:     267520 bytes,    8972616 total
[2024-05-19T14:52:31.476+0000][1][gc,age      ] GC(34) - age   7:     188384 bytes,    9161000 total
[2024-05-19T14:52:31.476+0000][1][gc,age      ] GC(34) - age   8:     230120 bytes,    9391120 total
[2024-05-19T14:52:31.476+0000][1][gc,age      ] GC(34) - age   9:      53200 bytes,    9444320 total
[2024-05-19T14:52:31.476+0000][1][gc,age      ] GC(34) - age  10:     236304 bytes,    9680624 total
[2024-05-19T14:52:31.476+0000][1][gc,age      ] GC(34) - age  11:      71440 bytes,    9752064 total
[2024-05-19T14:52:31.476+0000][1][gc,age      ] GC(34) - age  12:      18120 bytes,    9770184 total
[2024-05-19T14:52:31.476+0000][1][gc,age      ] GC(34) - age  13:      60576 bytes,    9830760 total
[2024-05-19T14:52:31.476+0000][1][gc,age      ] GC(34) - age  14:     100800 bytes,    9931560 total
[2024-05-19T14:52:31.476+0000][1][gc,age      ] GC(34) - age  15:     172728 bytes,   10104288 total
[2024-05-19T14:52:31.476+0000][1][gc,heap     ] GC(34) Eden regions: 604->0(603)
[2024-05-19T14:52:31.476+0000][1][gc,heap     ] GC(34) Survivor regions: 10->11(77)
[2024-05-19T14:52:31.476+0000][1][gc,heap     ] GC(34) Old regions: 40->40
[2024-05-19T14:52:31.476+0000][1][gc,heap     ] GC(34) Humongous regions: 3->3
[2024-05-19T14:52:31.476+0000][1][gc,metaspace] GC(34) Metaspace: 99202K(100736K)->99202K(100736K) NonClass: 86944K(87808K)->86944K(87808K) Class: 12258K(12928K)->12258K(12928K)
[2024-05-19T14:52:31.476+0000][1][gc          ] GC(34) Pause Young (Normal) (G1 Evacuation Pause) 656M->53M(1024M) 16.433ms
[2024-05-19T14:52:31.476+0000][1][gc,cpu      ] GC(34) User=0.04s Sys=0.00s Real=0.02s
[2024-05-19T14:52:31.478+0000][1][safepoint   ] Safepoint "G1CollectForAllocation", Time since last: 4402360548 ns, Reaching safepoint: 381031 ns, Cleanup: 230689 ns, At safepoint: 18686211 ns, Total: 19297931 ns
[2024-05-19T14:52:32.954+0000][1][safepoint   ] Safepoint "Cleanup", Time since last: 1476375795 ns, Reaching safepoint: 30930 ns, Cleanup: 18608 ns, At safepoint: 4553 ns, Total: 54091 ns
[2024-05-19T14:52:33.955+0000][1][safepoint   ] Safepoint "Cleanup", Time since last: 1000432109 ns, Reaching safepoint: 37106 ns, Cleanup: 25183 ns, At safepoint: 9007 ns, Total: 71296 ns
[2024-05-19T14:52:35.080+0000][1][safepoint   ] Safepoint "Cleanup", Time since last: 1125477435 ns, Reaching safepoint: 15775 ns, Cleanup: 48391 ns, At safepoint: 11290 ns, Total: 75456 ns
[2024-05-19T14:52:36.943+0000][1][safepoint   ] Safepoint "Cleanup", Time since last: 1862415566 ns, Reaching safepoint: 27457 ns, Cleanup: 7059 ns, At safepoint: 3555 ns, Total: 38071 ns
[2024-05-19T14:52:39.927+0000][1][safepoint   ] Safepoint "Cleanup", Time since last: 2984395464 ns, Reaching safepoint: 94009 ns, Cleanup: 10056 ns, At safepoint: 3588 ns, Total: 107653 ns
[2024-05-19T14:52:41.930+0000][1][safepoint   ] Safepoint "Cleanup", Time since last: 2003116743 ns, Reaching safepoint: 36850 ns, Cleanup: 22621 ns, At safepoint: 7862 ns, Total: 67333 ns
[2024-05-19T14:52:44.896+0000][1][safepoint   ] Safepoint "Cleanup", Time since last: 2965541771 ns, Reaching safepoint: 8253 ns, Cleanup: 12868 ns, At safepoint: 3297 ns, Total: 24418 ns
[2024-05-19T14:52:48.970+0000][1][safepoint   ] Safepoint "Cleanup", Time since last: 4074325744 ns, Reaching safepoint: 37083 ns, Cleanup: 22755 ns, At safepoint: 7914 ns, Total: 67752 ns
[2024-05-19T14:52:51.566+0000][1][gc,start    ] GC(35) Pause Young (Normal) (G1 Evacuation Pause)
[2024-05-19T14:52:51.566+0000][1][gc,task     ] GC(35) Using 4 workers of 4 for evacuation
[2024-05-19T14:52:51.566+0000][1][gc,age      ] GC(35) Desired survivor size 40370176 bytes, new threshold 15 (max threshold 15)
[2024-05-19T14:52:51.579+0000][1][gc,phases   ] GC(35)   Pre Evacuate Collection Set: 0.4ms
[2024-05-19T14:52:51.579+0000][1][gc,phases   ] GC(35)   Merge Heap Roots: 0.1ms
[2024-05-19T14:52:51.579+0000][1][gc,phases   ] GC(35)   Evacuate Collection Set: 10.6ms
[2024-05-19T14:52:51.579+0000][1][gc,phases   ] GC(35)   Post Evacuate Collection Set: 1.4ms
[2024-05-19T14:52:51.579+0000][1][gc,phases   ] GC(35)   Other: 0.1ms
[2024-05-19T14:52:51.579+0000][1][gc,age      ] GC(35) Age table with threshold 15 (max threshold 15)
[2024-05-19T14:52:51.579+0000][1][gc,age      ] GC(35) - age   1:    4703160 bytes,    4703160 total
[2024-05-19T14:52:51.579+0000][1][gc,age      ] GC(35) - age   2:    1317512 bytes,    6020672 total
[2024-05-19T14:52:51.579+0000][1][gc,age      ] GC(35) - age   3:    2396712 bytes,    8417384 total
[2024-05-19T14:52:51.579+0000][1][gc,age      ] GC(35) - age   4:    1774376 bytes,   10191760 total
[2024-05-19T14:52:51.579+0000][1][gc,age      ] GC(35) - age   5:    1398192 bytes,   11589952 total
[2024-05-19T14:52:51.579+0000][1][gc,age      ] GC(35) - age   6:     549600 bytes,   12139552 total
[2024-05-19T14:52:51.579+0000][1][gc,age      ] GC(35) - age   7:     267208 bytes,   12406760 total
[2024-05-19T14:52:51.579+0000][1][gc,age      ] GC(35) - age   8:     175712 bytes,   12582472 total
[2024-05-19T14:52:51.579+0000][1][gc,age      ] GC(35) - age   9:     230120 bytes,   12812592 total
[2024-05-19T14:52:51.579+0000][1][gc,age      ] GC(35) - age  10:      53200 bytes,   12865792 total
[2024-05-19T14:52:51.579+0000][1][gc,age      ] GC(35) - age  11:     236304 bytes,   13102096 total
[2024-05-19T14:52:51.579+0000][1][gc,age      ] GC(35) - age  12:      71440 bytes,   13173536 total
[2024-05-19T14:52:51.579+0000][1][gc,age      ] GC(35) - age  13:      18120 bytes,   13191656 total
[2024-05-19T14:52:51.579+0000][1][gc,age      ] GC(35) - age  14:      60576 bytes,   13252232 total
[2024-05-19T14:52:51.579+0000][1][gc,age      ] GC(35) - age  15:     100800 bytes,   13353032 total
[2024-05-19T14:52:51.579+0000][1][gc,heap     ] GC(35) Eden regions: 603->0(600)
[2024-05-19T14:52:51.579+0000][1][gc,heap     ] GC(35) Survivor regions: 11->14(77)
[2024-05-19T14:52:51.579+0000][1][gc,heap     ] GC(35) Old regions: 40->40
[2024-05-19T14:52:51.579+0000][1][gc,heap     ] GC(35) Humongous regions: 3->3
[2024-05-19T14:52:51.579+0000][1][gc,metaspace] GC(35) Metaspace: 99217K(100736K)->99217K(100736K) NonClass: 86958K(87808K)->86958K(87808K) Class: 12258K(12928K)->12258K(12928K)
[2024-05-19T14:52:51.579+0000][1][gc          ] GC(35) Pause Young (Normal) (G1 Evacuation Pause) 656M->56M(1024M) 13.156ms
[2024-05-19T14:52:51.579+0000][1][gc,cpu      ] GC(35) User=0.04s Sys=0.01s Real=0.01s
[2024-05-19T14:52:51.579+0000][1][safepoint   ] Safepoint "G1CollectForAllocation", Time since last: 2595634245 ns, Reaching safepoint: 26751 ns, Cleanup: 14068 ns, At safepoint: 13257846 ns, Total: 13298665 ns
[2024-05-19T14:52:56.944+0000][1][safepoint   ] Safepoint "Cleanup", Time since last: 5365144515 ns, Reaching safepoint: 27319 ns, Cleanup: 10409 ns, At safepoint: 2274 ns, Total: 40002 ns
[2024-05-19T14:52:58.948+0000][1][safepoint   ] Safepoint "Cleanup", Time since last: 2003312521 ns, Reaching safepoint: 37184 ns, Cleanup: 22950 ns, At safepoint: 7260 ns, Total: 67394 ns
[2024-05-19T14:53:06.996+0000][1][safepoint   ] Safepoint "Cleanup", Time since last: 8048150191 ns, Reaching safepoint: 31148 ns, Cleanup: 18705 ns, At safepoint: 4947 ns, Total: 54800 ns
[2024-05-19T14:53:08.164+0000][1][safepoint   ] Safepoint "Cleanup", Time since last: 1167675569 ns, Reaching safepoint: 57967 ns, Cleanup: 37303 ns, At safepoint: 7228 ns, Total: 102498 ns
[2024-05-19T14:53:12.964+0000][1][safepoint   ] Safepoint "Cleanup", Time since last: 4800201130 ns, Reaching safepoint: 15961 ns, Cleanup: 15965 ns, At safepoint: 7388 ns, Total: 39314 ns
[2024-05-19T14:53:17.199+0000][1][safepoint   ] Safepoint "Cleanup", Time since last: 4234689552 ns, Reaching safepoint: 43132 ns, Cleanup: 28024 ns, At safepoint: 9629 ns, Total: 80785 ns
[2024-05-19T14:53:31.629+0000][1][gc,start    ] GC(36) Pause Young (Normal) (G1 Evacuation Pause)
[2024-05-19T14:53:31.629+0000][1][gc,task     ] GC(36) Using 4 workers of 4 for evacuation
[2024-05-19T14:53:31.629+0000][1][gc,age      ] GC(36) Desired survivor size 40370176 bytes, new threshold 15 (max threshold 15)
[2024-05-19T14:53:31.644+0000][1][gc,phases   ] GC(36)   Pre Evacuate Collection Set: 0.5ms
[2024-05-19T14:53:31.644+0000][1][gc,phases   ] GC(36)   Merge Heap Roots: 0.1ms
[2024-05-19T14:53:31.644+0000][1][gc,phases   ] GC(36)   Evacuate Collection Set: 12.5ms
[2024-05-19T14:53:31.644+0000][1][gc,phases   ] GC(36)   Post Evacuate Collection Set: 1.4ms
[2024-05-19T14:53:31.644+0000][1][gc,phases   ] GC(36)   Other: 0.1ms
[2024-05-19T14:53:31.644+0000][1][gc,age      ] GC(36) Age table with threshold 15 (max threshold 15)
[2024-05-19T14:53:31.644+0000][1][gc,age      ] GC(36) - age   1:    5410976 bytes,    5410976 total
[2024-05-19T14:53:31.644+0000][1][gc,age      ] GC(36) - age   2:     281240 bytes,    5692216 total
[2024-05-19T14:53:31.644+0000][1][gc,age      ] GC(36) - age   3:    1160384 bytes,    6852600 total
[2024-05-19T14:53:31.644+0000][1][gc,age      ] GC(36) - age   4:    2259568 bytes,    9112168 total
[2024-05-19T14:53:31.644+0000][1][gc,age      ] GC(36) - age   5:    1774376 bytes,   10886544 total
[2024-05-19T14:53:31.644+0000][1][gc,age      ] GC(36) - age   6:    1362984 bytes,   12249528 total
[2024-05-19T14:53:31.644+0000][1][gc,age      ] GC(36) - age   7:     517056 bytes,   12766584 total
[2024-05-19T14:53:31.644+0000][1][gc,age      ] GC(36) - age   8:     267208 bytes,   13033792 total
[2024-05-19T14:53:31.644+0000][1][gc,age      ] GC(36) - age   9:     161368 bytes,   13195160 total
[2024-05-19T14:53:31.644+0000][1][gc,age      ] GC(36) - age  10:     230120 bytes,   13425280 total
[2024-05-19T14:53:31.644+0000][1][gc,age      ] GC(36) - age  11:      53200 bytes,   13478480 total
[2024-05-19T14:53:31.644+0000][1][gc,age      ] GC(36) - age  12:     236304 bytes,   13714784 total
[2024-05-19T14:53:31.644+0000][1][gc,age      ] GC(36) - age  13:      71440 bytes,   13786224 total
[2024-05-19T14:53:31.644+0000][1][gc,age      ] GC(36) - age  14:      18120 bytes,   13804344 total
[2024-05-19T14:53:31.644+0000][1][gc,age      ] GC(36) - age  15:      60576 bytes,   13864920 total
[2024-05-19T14:53:31.644+0000][1][gc,heap     ] GC(36) Eden regions: 600->0(599)
[2024-05-19T14:53:31.644+0000][1][gc,heap     ] GC(36) Survivor regions: 14->15(77)
[2024-05-19T14:53:31.644+0000][1][gc,heap     ] GC(36) Old regions: 40->40
[2024-05-19T14:53:31.644+0000][1][gc,heap     ] GC(36) Humongous regions: 3->3
[2024-05-19T14:53:31.644+0000][1][gc,metaspace] GC(36) Metaspace: 99218K(100736K)->99218K(100736K) NonClass: 86959K(87808K)->86959K(87808K) Class: 12258K(12928K)->12258K(12928K)
[2024-05-19T14:53:31.644+0000][1][gc          ] GC(36) Pause Young (Normal) (G1 Evacuation Pause) 656M->57M(1024M) 15.144ms
[2024-05-19T14:53:31.644+0000][1][gc,cpu      ] GC(36) User=0.04s Sys=0.00s Real=0.02s
[2024-05-19T14:53:31.644+0000][1][safepoint   ] Safepoint "G1CollectForAllocation", Time since last: 14430044693 ns, Reaching safepoint: 159971 ns, Cleanup: 23717 ns, At safepoint: 15255098 ns, Total: 15438786 ns
[2024-05-19T14:53:33.227+0000][1][safepoint   ] Safepoint "Cleanup", Time since last: 1582955506 ns, Reaching safepoint: 43131 ns, Cleanup: 34272 ns, At safepoint: 9668 ns, Total: 87071 ns
[2024-05-19T14:53:35.960+0000][1][safepoint   ] Safepoint "Cleanup", Time since last: 2732550673 ns, Reaching safepoint: 37062 ns, Cleanup: 33082 ns, At safepoint: 7798 ns, Total: 77942 ns
[2024-05-19T14:53:42.079+0000][1][safepoint   ] Safepoint "Cleanup", Time since last: 6119568253 ns, Reaching safepoint: 64000 ns, Cleanup: 57827 ns, At safepoint: 5938 ns, Total: 127765 ns
[2024-05-19T14:53:47.010+0000][1][safepoint   ] Safepoint "Cleanup", Time since last: 4930505797 ns, Reaching safepoint: 39477 ns, Cleanup: 42020 ns, At safepoint: 7468 ns, Total: 88965 ns
[2024-05-19T14:53:52.984+0000][1][safepoint   ] Safepoint "Cleanup", Time since last: 5973530833 ns, Reaching safepoint: 56976 ns, Cleanup: 63439 ns, At safepoint: 7861 ns, Total: 128276 ns
[2024-05-19T14:54:09.010+0000][1][safepoint   ] Safepoint "Cleanup", Time since last: 16025921827 ns, Reaching safepoint: 87713 ns, Cleanup: 17323 ns, At safepoint: 8901 ns, Total: 113937 ns
[2024-05-19T14:54:11.789+0000][1][gc,start    ] GC(37) Pause Young (Normal) (G1 Evacuation Pause)
[2024-05-19T14:54:11.789+0000][1][gc,task     ] GC(37) Using 4 workers of 4 for evacuation
[2024-05-19T14:54:11.789+0000][1][gc,age      ] GC(37) Desired survivor size 40370176 bytes, new threshold 15 (max threshold 15)
[2024-05-19T14:54:11.800+0000][1][gc,phases   ] GC(37)   Pre Evacuate Collection Set: 0.5ms
[2024-05-19T14:54:11.800+0000][1][gc,phases   ] GC(37)   Merge Heap Roots: 0.1ms
[2024-05-19T14:54:11.800+0000][1][gc,phases   ] GC(37)   Evacuate Collection Set: 8.7ms
[2024-05-19T14:54:11.800+0000][1][gc,phases   ] GC(37)   Post Evacuate Collection Set: 1.9ms
[2024-05-19T14:54:11.800+0000][1][gc,phases   ] GC(37)   Other: 0.1ms
[2024-05-19T14:54:11.800+0000][1][gc,age      ] GC(37) Age table with threshold 15 (max threshold 15)
[2024-05-19T14:54:11.800+0000][1][gc,age      ] GC(37) - age   1:    1615344 bytes,    1615344 total
[2024-05-19T14:54:11.800+0000][1][gc,age      ] GC(37) - age   2:     547496 bytes,    2162840 total
[2024-05-19T14:54:11.800+0000][1][gc,age      ] GC(37) - age   3:     228800 bytes,    2391640 total
[2024-05-19T14:54:11.800+0000][1][gc,age      ] GC(37) - age   4:     957368 bytes,    3349008 total
[2024-05-19T14:54:11.800+0000][1][gc,age      ] GC(37) - age   5:    2218032 bytes,    5567040 total
[2024-05-19T14:54:11.800+0000][1][gc,age      ] GC(37) - age   6:    1774376 bytes,    7341416 total
[2024-05-19T14:54:11.800+0000][1][gc,age      ] GC(37) - age   7:    1324504 bytes,    8665920 total
[2024-05-19T14:54:11.800+0000][1][gc,age      ] GC(37) - age   8:     455912 bytes,    9121832 total
[2024-05-19T14:54:11.800+0000][1][gc,age      ] GC(37) - age   9:     238136 bytes,    9359968 total
[2024-05-19T14:54:11.800+0000][1][gc,age      ] GC(37) - age  10:     146848 bytes,    9506816 total
[2024-05-19T14:54:11.800+0000][1][gc,age      ] GC(37) - age  11:     230120 bytes,    9736936 total
[2024-05-19T14:54:11.800+0000][1][gc,age      ] GC(37) - age  12:      53200 bytes,    9790136 total
[2024-05-19T14:54:11.800+0000][1][gc,age      ] GC(37) - age  13:     236304 bytes,   10026440 total
[2024-05-19T14:54:11.800+0000][1][gc,age      ] GC(37) - age  14:      71440 bytes,   10097880 total
[2024-05-19T14:54:11.800+0000][1][gc,age      ] GC(37) - age  15:      18120 bytes,   10116000 total
[2024-05-19T14:54:11.800+0000][1][gc,heap     ] GC(37) Eden regions: 599->0(603)
[2024-05-19T14:54:11.800+0000][1][gc,heap     ] GC(37) Survivor regions: 15->11(77)
[2024-05-19T14:54:11.800+0000][1][gc,heap     ] GC(37) Old regions: 40->40
[2024-05-19T14:54:11.800+0000][1][gc,heap     ] GC(37) Humongous regions: 3->3
[2024-05-19T14:54:11.800+0000][1][gc,metaspace] GC(37) Metaspace: 99226K(100736K)->99226K(100736K) NonClass: 86967K(87808K)->86967K(87808K) Class: 12258K(12928K)->12258K(12928K)
[2024-05-19T14:54:11.800+0000][1][gc          ] GC(37) Pause Young (Normal) (G1 Evacuation Pause) 656M->53M(1024M) 11.704ms
[2024-05-19T14:54:11.800+0000][1][gc,cpu      ] GC(37) User=0.04s Sys=0.00s Real=0.01s
[2024-05-19T14:54:11.801+0000][1][safepoint   ] Safepoint "G1CollectForAllocation", Time since last: 2778884573 ns, Reaching safepoint: 30725 ns, Cleanup: 18167 ns, At safepoint: 11792170 ns, Total: 11841062 ns
[2024-05-19T14:54:16.118+0000][1][safepoint   ] Safepoint "Cleanup", Time since last: 4317013084 ns, Reaching safepoint: 37089 ns, Cleanup: 23179 ns, At safepoint: 8071 ns, Total: 68339 ns
[2024-05-19T14:54:20.046+0000][1][safepoint   ] Safepoint "Cleanup", Time since last: 3927826102 ns, Reaching safepoint: 42972 ns, Cleanup: 28856 ns, At safepoint: 10796 ns, Total: 82624 ns
[2024-05-19T14:54:21.061+0000][1][safepoint   ] Safepoint "Cleanup", Time since last: 1015057738 ns, Reaching safepoint: 28956 ns, Cleanup: 16667 ns, At safepoint: 4373 ns, Total: 49996 ns
[2024-05-19T14:54:22.315+0000][1][safepoint   ] Safepoint "Cleanup", Time since last: 1254174278 ns, Reaching safepoint: 39282 ns, Cleanup: 28525 ns, At safepoint: 8982 ns, Total: 76789 ns
[2024-05-19T14:54:37.084+0000][1][safepoint   ] Safepoint "Cleanup", Time since last: 14768945726 ns, Reaching safepoint: 37815 ns, Cleanup: 24797 ns, At safepoint: 8520 ns, Total: 71132 ns
[2024-05-19T14:54:42.058+0000][1][safepoint   ] Safepoint "Cleanup", Time since last: 4974537977 ns, Reaching safepoint: 41727 ns, Cleanup: 21148 ns, At safepoint: 6356 ns, Total: 69231 ns
[2024-05-19T14:54:46.742+0000][1][gc,start    ] GC(38) Pause Young (Normal) (G1 Evacuation Pause)
[2024-05-19T14:54:46.742+0000][1][gc,task     ] GC(38) Using 4 workers of 4 for evacuation
[2024-05-19T14:54:46.742+0000][1][gc,age      ] GC(38) Desired survivor size 40370176 bytes, new threshold 15 (max threshold 15)
[2024-05-19T14:54:46.754+0000][1][gc,phases   ] GC(38)   Pre Evacuate Collection Set: 0.6ms
[2024-05-19T14:54:46.754+0000][1][gc,phases   ] GC(38)   Merge Heap Roots: 0.2ms
[2024-05-19T14:54:46.754+0000][1][gc,phases   ] GC(38)   Evacuate Collection Set: 10.0ms
[2024-05-19T14:54:46.754+0000][1][gc,phases   ] GC(38)   Post Evacuate Collection Set: 1.3ms
[2024-05-19T14:54:46.754+0000][1][gc,phases   ] GC(38)   Other: 0.1ms
[2024-05-19T14:54:46.754+0000][1][gc,age      ] GC(38) Age table with threshold 15 (max threshold 15)
[2024-05-19T14:54:46.754+0000][1][gc,age      ] GC(38) - age   1:    2883496 bytes,    2883496 total
[2024-05-19T14:54:46.754+0000][1][gc,age      ] GC(38) - age   2:     644240 bytes,    3527736 total
[2024-05-19T14:54:46.754+0000][1][gc,age      ] GC(38) - age   3:     455744 bytes,    3983480 total
[2024-05-19T14:54:46.754+0000][1][gc,age      ] GC(38) - age   4:     224896 bytes,    4208376 total
[2024-05-19T14:54:46.754+0000][1][gc,age      ] GC(38) - age   5:     924888 bytes,    5133264 total
[2024-05-19T14:54:46.754+0000][1][gc,age      ] GC(38) - age   6:    2154296 bytes,    7287560 total
[2024-05-19T14:54:46.754+0000][1][gc,age      ] GC(38) - age   7:    1774376 bytes,    9061936 total
[2024-05-19T14:54:46.754+0000][1][gc,age      ] GC(38) - age   8:    1292304 bytes,   10354240 total
[2024-05-19T14:54:46.754+0000][1][gc,age      ] GC(38) - age   9:     455912 bytes,   10810152 total
[2024-05-19T14:54:46.754+0000][1][gc,age      ] GC(38) - age  10:     236112 bytes,   11046264 total
[2024-05-19T14:54:46.755+0000][1][gc,age      ] GC(38) - age  11:     135408 bytes,   11181672 total
[2024-05-19T14:54:46.755+0000][1][gc,age      ] GC(38) - age  12:     168760 bytes,   11350432 total
[2024-05-19T14:54:46.755+0000][1][gc,age      ] GC(38) - age  13:      53200 bytes,   11403632 total
[2024-05-19T14:54:46.755+0000][1][gc,age      ] GC(38) - age  14:     174936 bytes,   11578568 total
[2024-05-19T14:54:46.755+0000][1][gc,age      ] GC(38) - age  15:      71440 bytes,   11650008 total
[2024-05-19T14:54:46.755+0000][1][gc,heap     ] GC(38) Eden regions: 603->0(601)
[2024-05-19T14:54:46.755+0000][1][gc,heap     ] GC(38) Survivor regions: 11->13(77)
[2024-05-19T14:54:46.755+0000][1][gc,heap     ] GC(38) Old regions: 40->40
[2024-05-19T14:54:46.755+0000][1][gc,heap     ] GC(38) Humongous regions: 3->3
[2024-05-19T14:54:46.755+0000][1][gc,metaspace] GC(38) Metaspace: 99227K(100736K)->99227K(100736K) NonClass: 86969K(87808K)->86969K(87808K) Class: 12258K(12928K)->12258K(12928K)
[2024-05-19T14:54:46.755+0000][1][gc          ] GC(38) Pause Young (Normal) (G1 Evacuation Pause) 656M->55M(1024M) 12.623ms
[2024-05-19T14:54:46.755+0000][1][gc,cpu      ] GC(38) User=0.03s Sys=0.00s Real=0.01s
[2024-05-19T14:54:46.755+0000][1][safepoint   ] Safepoint "G1CollectForAllocation", Time since last: 4683331583 ns, Reaching safepoint: 132228 ns, Cleanup: 6555 ns, At safepoint: 12758151 ns, Total: 12896934 ns
[2024-05-19T14:54:57.073+0000][1][safepoint   ] Safepoint "Cleanup", Time since last: 10317872934 ns, Reaching safepoint: 28208 ns, Cleanup: 10781 ns, At safepoint: 2263 ns, Total: 41252 ns
[2024-05-19T14:55:00.106+0000][1][safepoint   ] Safepoint "Cleanup", Time since last: 3033540590 ns, Reaching safepoint: 36903 ns, Cleanup: 31983 ns, At safepoint: 7919 ns, Total: 76805 ns
[2024-05-19T14:55:02.116+0000][1][safepoint   ] Safepoint "Cleanup", Time since last: 2009346646 ns, Reaching safepoint: 59260 ns, Cleanup: 41333 ns, At safepoint: 6776 ns, Total: 107369 ns
[2024-05-19T14:55:03.404+0000][1][safepoint   ] Safepoint "Cleanup", Time since last: 1288650732 ns, Reaching safepoint: 36688 ns, Cleanup: 25663 ns, At safepoint: 8019 ns, Total: 70370 ns
[2024-05-19T14:55:09.123+0000][1][safepoint   ] Safepoint "Cleanup", Time since last: 5718203413 ns, Reaching safepoint: 36874 ns, Cleanup: 28565 ns, At safepoint: 8278 ns, Total: 73717 ns
[2024-05-19T14:55:22.064+0000][1][gc,start    ] GC(39) Pause Young (Normal) (G1 Evacuation Pause)
[2024-05-19T14:55:22.064+0000][1][gc,task     ] GC(39) Using 4 workers of 4 for evacuation
[2024-05-19T14:55:22.064+0000][1][gc,age      ] GC(39) Desired survivor size 40370176 bytes, new threshold 15 (max threshold 15)
[2024-05-19T14:55:22.077+0000][1][gc,phases   ] GC(39)   Pre Evacuate Collection Set: 0.5ms
[2024-05-19T14:55:22.077+0000][1][gc,phases   ] GC(39)   Merge Heap Roots: 0.1ms
[2024-05-19T14:55:22.077+0000][1][gc,phases   ] GC(39)   Evacuate Collection Set: 10.0ms
[2024-05-19T14:55:22.077+0000][1][gc,phases   ] GC(39)   Post Evacuate Collection Set: 1.6ms
[2024-05-19T14:55:22.077+0000][1][gc,phases   ] GC(39)   Other: 0.1ms
[2024-05-19T14:55:22.077+0000][1][gc,age      ] GC(39) Age table with threshold 15 (max threshold 15)
[2024-05-19T14:55:22.077+0000][1][gc,age      ] GC(39) - age   1:    2310288 bytes,    2310288 total
[2024-05-19T14:55:22.077+0000][1][gc,age      ] GC(39) - age   2:     423032 bytes,    2733320 total
[2024-05-19T14:55:22.077+0000][1][gc,age      ] GC(39) - age   3:     596208 bytes,    3329528 total
[2024-05-19T14:55:22.077+0000][1][gc,age      ] GC(39) - age   4:     405872 bytes,    3735400 total
[2024-05-19T14:55:22.077+0000][1][gc,age      ] GC(39) - age   5:     194408 bytes,    3929808 total
[2024-05-19T14:55:22.077+0000][1][gc,age      ] GC(39) - age   6:     892456 bytes,    4822264 total
[2024-05-19T14:55:22.077+0000][1][gc,age      ] GC(39) - age   7:    2122576 bytes,    6944840 total
[2024-05-19T14:55:22.077+0000][1][gc,age      ] GC(39) - age   8:    1744384 bytes,    8689224 total
[2024-05-19T14:55:22.077+0000][1][gc,age      ] GC(39) - age   9:    1226552 bytes,    9915776 total
[2024-05-19T14:55:22.077+0000][1][gc,age      ] GC(39) - age  10:     455912 bytes,   10371688 total
[2024-05-19T14:55:22.077+0000][1][gc,age      ] GC(39) - age  11:     221856 bytes,   10593544 total
[2024-05-19T14:55:22.077+0000][1][gc,age      ] GC(39) - age  12:     135408 bytes,   10728952 total
[2024-05-19T14:55:22.077+0000][1][gc,age      ] GC(39) - age  13:     168232 bytes,   10897184 total
[2024-05-19T14:55:22.077+0000][1][gc,age      ] GC(39) - age  14:      53200 bytes,   10950384 total
[2024-05-19T14:55:22.077+0000][1][gc,age      ] GC(39) - age  15:     174936 bytes,   11125320 total
[2024-05-19T14:55:22.077+0000][1][gc,heap     ] GC(39) Eden regions: 601->0(602)
[2024-05-19T14:55:22.077+0000][1][gc,heap     ] GC(39) Survivor regions: 13->12(77)
[2024-05-19T14:55:22.077+0000][1][gc,heap     ] GC(39) Old regions: 40->40
[2024-05-19T14:55:22.077+0000][1][gc,heap     ] GC(39) Humongous regions: 3->3
[2024-05-19T14:55:22.077+0000][1][gc,metaspace] GC(39) Metaspace: 99236K(100736K)->99236K(100736K) NonClass: 86977K(87808K)->86977K(87808K) Class: 12258K(12928K)->12258K(12928K)
[2024-05-19T14:55:22.077+0000][1][gc          ] GC(39) Pause Young (Normal) (G1 Evacuation Pause) 656M->54M(1024M) 12.887ms
[2024-05-19T14:55:22.077+0000][1][gc,cpu      ] GC(39) User=0.03s Sys=0.01s Real=0.01s
[2024-05-19T14:55:22.077+0000][1][safepoint   ] Safepoint "G1CollectForAllocation", Time since last: 12941278403 ns, Reaching safepoint: 125221 ns, Cleanup: 6689 ns, At safepoint: 13082368 ns, Total: 13214278 ns
[2024-05-19T14:55:33.156+0000][1][safepoint   ] Safepoint "Cleanup", Time since last: 11078352556 ns, Reaching safepoint: 36897 ns, Cleanup: 23412 ns, At safepoint: 7857 ns, Total: 68166 ns
[2024-05-19T14:55:40.212+0000][1][safepoint   ] Safepoint "Cleanup", Time since last: 7056573984 ns, Reaching safepoint: 32396 ns, Cleanup: 54411 ns, At safepoint: 5986 ns, Total: 92793 ns
[2024-05-19T14:56:06.907+0000][1][gc,start    ] GC(40) Pause Young (Normal) (G1 Evacuation Pause)
[2024-05-19T14:56:06.907+0000][1][gc,task     ] GC(40) Using 4 workers of 4 for evacuation
[2024-05-19T14:56:06.907+0000][1][gc,age      ] GC(40) Desired survivor size 40370176 bytes, new threshold 15 (max threshold 15)
[2024-05-19T14:56:06.926+0000][1][gc,phases   ] GC(40)   Pre Evacuate Collection Set: 0.6ms
[2024-05-19T14:56:06.926+0000][1][gc,phases   ] GC(40)   Merge Heap Roots: 0.2ms
[2024-05-19T14:56:06.926+0000][1][gc,phases   ] GC(40)   Evacuate Collection Set: 14.7ms
[2024-05-19T14:56:06.926+0000][1][gc,phases   ] GC(40)   Post Evacuate Collection Set: 2.7ms
[2024-05-19T14:56:06.926+0000][1][gc,phases   ] GC(40)   Other: 0.2ms
[2024-05-19T14:56:06.926+0000][1][gc,age      ] GC(40) Age table with threshold 15 (max threshold 15)
[2024-05-19T14:56:06.926+0000][1][gc,age      ] GC(40) - age   1:    2033832 bytes,    2033832 total
[2024-05-19T14:56:06.926+0000][1][gc,age      ] GC(40) - age   2:     441504 bytes,    2475336 total
[2024-05-19T14:56:06.926+0000][1][gc,age      ] GC(40) - age   3:     386600 bytes,    2861936 total
[2024-05-19T14:56:06.926+0000][1][gc,age      ] GC(40) - age   4:     483448 bytes,    3345384 total
[2024-05-19T14:56:06.926+0000][1][gc,age      ] GC(40) - age   5:     370304 bytes,    3715688 total
[2024-05-19T14:56:06.926+0000][1][gc,age      ] GC(40) - age   6:     193824 bytes,    3909512 total
[2024-05-19T14:56:06.926+0000][1][gc,age      ] GC(40) - age   7:     745952 bytes,    4655464 total
[2024-05-19T14:56:06.926+0000][1][gc,age      ] GC(40) - age   8:    2042704 bytes,    6698168 total
[2024-05-19T14:56:06.926+0000][1][gc,age      ] GC(40) - age   9:    1662336 bytes,    8360504 total
[2024-05-19T14:56:06.926+0000][1][gc,age      ] GC(40) - age  10:    1127520 bytes,    9488024 total
[2024-05-19T14:56:06.926+0000][1][gc,age      ] GC(40) - age  11:     455912 bytes,    9943936 total
[2024-05-19T14:56:06.926+0000][1][gc,age      ] GC(40) - age  12:     207776 bytes,   10151712 total
[2024-05-19T14:56:06.926+0000][1][gc,age      ] GC(40) - age  13:     135408 bytes,   10287120 total
[2024-05-19T14:56:06.926+0000][1][gc,age      ] GC(40) - age  14:     168232 bytes,   10455352 total
[2024-05-19T14:56:06.926+0000][1][gc,age      ] GC(40) - age  15:      53200 bytes,   10508552 total
[2024-05-19T14:56:06.926+0000][1][gc,heap     ] GC(40) Eden regions: 602->0(603)
[2024-05-19T14:56:06.926+0000][1][gc,heap     ] GC(40) Survivor regions: 12->11(77)
[2024-05-19T14:56:06.926+0000][1][gc,heap     ] GC(40) Old regions: 40->41
[2024-05-19T14:56:06.926+0000][1][gc,heap     ] GC(40) Humongous regions: 3->3
[2024-05-19T14:56:06.926+0000][1][gc,metaspace] GC(40) Metaspace: 99238K(100736K)->99238K(100736K) NonClass: 86979K(87808K)->86979K(87808K) Class: 12258K(12928K)->12258K(12928K)
[2024-05-19T14:56:06.926+0000][1][gc          ] GC(40) Pause Young (Normal) (G1 Evacuation Pause) 656M->54M(1024M) 18.861ms
[2024-05-19T14:56:06.926+0000][1][gc,cpu      ] GC(40) User=0.04s Sys=0.00s Real=0.02s
[2024-05-19T14:56:06.928+0000][1][safepoint   ] Safepoint "G1CollectForAllocation", Time since last: 26694723900 ns, Reaching safepoint: 78172 ns, Cleanup: 9889 ns, At safepoint: 20451873 ns, Total: 20539934 ns
[2024-05-19T14:56:17.491+0000][1][safepoint   ] Safepoint "Cleanup", Time since last: 10563308744 ns, Reaching safepoint: 36896 ns, Cleanup: 23585 ns, At safepoint: 8005 ns, Total: 68486 ns
[2024-05-19T14:56:22.180+0000][1][safepoint   ] Safepoint "Cleanup", Time since last: 4688594688 ns, Reaching safepoint: 92274 ns, Cleanup: 38791 ns, At safepoint: 23691 ns, Total: 154756 ns
[2024-05-19T14:56:27.220+0000][1][safepoint   ] Safepoint "Cleanup", Time since last: 5039910145 ns, Reaching safepoint: 39126 ns, Cleanup: 34167 ns, At safepoint: 8733 ns, Total: 82026 ns
[2024-05-19T14:56:37.198+0000][1][safepoint   ] Safepoint "Cleanup", Time since last: 9977845368 ns, Reaching safepoint: 30492 ns, Cleanup: 17159 ns, At safepoint: 4654 ns, Total: 52305 ns
[2024-05-19T14:56:42.240+0000][1][safepoint   ] Safepoint "Cleanup", Time since last: 5042225161 ns, Reaching safepoint: 36313 ns, Cleanup: 22082 ns, At safepoint: 7223 ns, Total: 65618 ns
[2024-05-19T14:56:47.104+0000][1][gc,start    ] GC(41) Pause Young (Normal) (G1 Evacuation Pause)
[2024-05-19T14:56:47.104+0000][1][gc,task     ] GC(41) Using 4 workers of 4 for evacuation
[2024-05-19T14:56:47.104+0000][1][gc,age      ] GC(41) Desired survivor size 40370176 bytes, new threshold 15 (max threshold 15)
[2024-05-19T14:56:47.123+0000][1][gc,phases   ] GC(41)   Pre Evacuate Collection Set: 0.6ms
[2024-05-19T14:56:47.123+0000][1][gc,phases   ] GC(41)   Merge Heap Roots: 0.2ms
[2024-05-19T14:56:47.123+0000][1][gc,phases   ] GC(41)   Evacuate Collection Set: 16.5ms
[2024-05-19T14:56:47.123+0000][1][gc,phases   ] GC(41)   Post Evacuate Collection Set: 1.8ms
[2024-05-19T14:56:47.123+0000][1][gc,phases   ] GC(41)   Other: 0.1ms
[2024-05-19T14:56:47.123+0000][1][gc,age      ] GC(41) Age table with threshold 15 (max threshold 15)
[2024-05-19T14:56:47.123+0000][1][gc,age      ] GC(41) - age   1:    2750992 bytes,    2750992 total
[2024-05-19T14:56:47.124+0000][1][gc,age      ] GC(41) - age   2:     600520 bytes,    3351512 total
[2024-05-19T14:56:47.124+0000][1][gc,age      ] GC(41) - age   3:     384152 bytes,    3735664 total
[2024-05-19T14:56:47.124+0000][1][gc,age      ] GC(41) - age   4:     379088 bytes,    4114752 total
[2024-05-19T14:56:47.124+0000][1][gc,age      ] GC(41) - age   5:     475048 bytes,    4589800 total
[2024-05-19T14:56:47.124+0000][1][gc,age      ] GC(41) - age   6:     357376 bytes,    4947176 total
[2024-05-19T14:56:47.124+0000][1][gc,age      ] GC(41) - age   7:     193824 bytes,    5141000 total
[2024-05-19T14:56:47.124+0000][1][gc,age      ] GC(41) - age   8:     740416 bytes,    5881416 total
[2024-05-19T14:56:47.124+0000][1][gc,age      ] GC(41) - age   9:    2041176 bytes,    7922592 total
[2024-05-19T14:56:47.124+0000][1][gc,age      ] GC(41) - age  10:    1662024 bytes,    9584616 total
[2024-05-19T14:56:47.124+0000][1][gc,age      ] GC(41) - age  11:    1093616 bytes,   10678232 total
[2024-05-19T14:56:47.124+0000][1][gc,age      ] GC(41) - age  12:     455912 bytes,   11134144 total
[2024-05-19T14:56:47.124+0000][1][gc,age      ] GC(41) - age  13:     193960 bytes,   11328104 total
[2024-05-19T14:56:47.124+0000][1][gc,age      ] GC(41) - age  14:     135408 bytes,   11463512 total
[2024-05-19T14:56:47.124+0000][1][gc,age      ] GC(41) - age  15:     168232 bytes,   11631744 total
[2024-05-19T14:56:47.124+0000][1][gc,heap     ] GC(41) Eden regions: 603->0(602)
[2024-05-19T14:56:47.124+0000][1][gc,heap     ] GC(41) Survivor regions: 11->12(77)
[2024-05-19T14:56:47.124+0000][1][gc,heap     ] GC(41) Old regions: 41->41
[2024-05-19T14:56:47.124+0000][1][gc,heap     ] GC(41) Humongous regions: 3->3
[2024-05-19T14:56:47.124+0000][1][gc,metaspace] GC(41) Metaspace: 99238K(100736K)->99238K(100736K) NonClass: 86979K(87808K)->86979K(87808K) Class: 12258K(12928K)->12258K(12928K)
[2024-05-19T14:56:47.124+0000][1][gc          ] GC(41) Pause Young (Normal) (G1 Evacuation Pause) 657M->55M(1024M) 19.581ms
[2024-05-19T14:56:47.124+0000][1][gc,cpu      ] GC(41) User=0.04s Sys=0.01s Real=0.02s
[2024-05-19T14:56:47.124+0000][1][safepoint   ] Safepoint "G1CollectForAllocation", Time since last: 4860991809 ns, Reaching safepoint: 3207647 ns, Cleanup: 8927 ns, At safepoint: 19722025 ns, Total: 22938599 ns
[2024-05-19T14:57:22.285+0000][1][safepoint   ] Safepoint "Cleanup", Time since last: 35161287146 ns, Reaching safepoint: 54087 ns, Cleanup: 20646 ns, At safepoint: 7017 ns, Total: 81750 ns
[2024-05-19T14:57:27.260+0000][1][safepoint   ] Safepoint "Cleanup", Time since last: 4974320223 ns, Reaching safepoint: 31507 ns, Cleanup: 20939 ns, At safepoint: 4336 ns, Total: 56782 ns
[2024-05-19T14:57:28.302+0000][1][gc,start    ] GC(42) Pause Young (Normal) (G1 Evacuation Pause)
[2024-05-19T14:57:28.302+0000][1][gc,task     ] GC(42) Using 4 workers of 4 for evacuation
[2024-05-19T14:57:28.302+0000][1][gc,age      ] GC(42) Desired survivor size 40370176 bytes, new threshold 15 (max threshold 15)
[2024-05-19T14:57:28.312+0000][1][gc,phases   ] GC(42)   Pre Evacuate Collection Set: 0.5ms
[2024-05-19T14:57:28.313+0000][1][gc,phases   ] GC(42)   Merge Heap Roots: 0.2ms
[2024-05-19T14:57:28.313+0000][1][gc,phases   ] GC(42)   Evacuate Collection Set: 8.0ms
[2024-05-19T14:57:28.313+0000][1][gc,phases   ] GC(42)   Post Evacuate Collection Set: 1.5ms
[2024-05-19T14:57:28.313+0000][1][gc,phases   ] GC(42)   Other: 0.1ms
[2024-05-19T14:57:28.313+0000][1][gc,age      ] GC(42) Age table with threshold 15 (max threshold 15)
[2024-05-19T14:57:28.313+0000][1][gc,age      ] GC(42) - age   1:     857936 bytes,     857936 total
[2024-05-19T14:57:28.313+0000][1][gc,age      ] GC(42) - age   2:     453608 bytes,    1311544 total
[2024-05-19T14:57:28.313+0000][1][gc,age      ] GC(42) - age   3:     549392 bytes,    1860936 total
[2024-05-19T14:57:28.313+0000][1][gc,age      ] GC(42) - age   4:     382296 bytes,    2243232 total
[2024-05-19T14:57:28.313+0000][1][gc,age      ] GC(42) - age   5:     377880 bytes,    2621112 total
[2024-05-19T14:57:28.313+0000][1][gc,age      ] GC(42) - age   6:     466624 bytes,    3087736 total
[2024-05-19T14:57:28.313+0000][1][gc,age      ] GC(42) - age   7:     325432 bytes,    3413168 total
[2024-05-19T14:57:28.313+0000][1][gc,age      ] GC(42) - age   8:     193824 bytes,    3606992 total
[2024-05-19T14:57:28.313+0000][1][gc,age      ] GC(42) - age   9:     737936 bytes,    4344928 total
[2024-05-19T14:57:28.313+0000][1][gc,age      ] GC(42) - age  10:    2036312 bytes,    6381240 total
[2024-05-19T14:57:28.313+0000][1][gc,age      ] GC(42) - age  11:    1662024 bytes,    8043264 total
[2024-05-19T14:57:28.313+0000][1][gc,age      ] GC(42) - age  12:    1057592 bytes,    9100856 total
[2024-05-19T14:57:28.313+0000][1][gc,age      ] GC(42) - age  13:     455912 bytes,    9556768 total
[2024-05-19T14:57:28.313+0000][1][gc,age      ] GC(42) - age  14:     179440 bytes,    9736208 total
[2024-05-19T14:57:28.313+0000][1][gc,age      ] GC(42) - age  15:     135408 bytes,    9871616 total
[2024-05-19T14:57:28.313+0000][1][gc,heap     ] GC(42) Eden regions: 602->0(603)
[2024-05-19T14:57:28.313+0000][1][gc,heap     ] GC(42) Survivor regions: 12->11(77)
[2024-05-19T14:57:28.313+0000][1][gc,heap     ] GC(42) Old regions: 41->41
[2024-05-19T14:57:28.313+0000][1][gc,heap     ] GC(42) Humongous regions: 3->3
[2024-05-19T14:57:28.313+0000][1][gc,metaspace] GC(42) Metaspace: 99241K(100736K)->99241K(100736K) NonClass: 86982K(87808K)->86982K(87808K) Class: 12258K(12928K)->12258K(12928K)
[2024-05-19T14:57:28.313+0000][1][gc          ] GC(42) Pause Young (Normal) (G1 Evacuation Pause) 657M->53M(1024M) 10.708ms
[2024-05-19T14:57:28.313+0000][1][gc,cpu      ] GC(42) User=0.04s Sys=0.00s Real=0.01s
[2024-05-19T14:57:28.313+0000][1][safepoint   ] Safepoint "G1CollectForAllocation", Time since last: 1042535764 ns, Reaching safepoint: 24053 ns, Cleanup: 5800 ns, At safepoint: 10797701 ns, Total: 10827554 ns
[2024-05-19T14:57:40.639+0000][1][safepoint   ] Safepoint "Cleanup", Time since last: 12326384355 ns, Reaching safepoint: 43033 ns, Cleanup: 49411 ns, At safepoint: 10444 ns, Total: 102888 ns
[2024-05-19T14:58:08.159+0000][1][gc,start    ] GC(43) Pause Young (Normal) (G1 Evacuation Pause)
[2024-05-19T14:58:08.159+0000][1][gc,task     ] GC(43) Using 4 workers of 4 for evacuation
[2024-05-19T14:58:08.159+0000][1][gc,age      ] GC(43) Desired survivor size 40370176 bytes, new threshold 15 (max threshold 15)
[2024-05-19T14:58:08.171+0000][1][gc,phases   ] GC(43)   Pre Evacuate Collection Set: 0.5ms
[2024-05-19T14:58:08.171+0000][1][gc,phases   ] GC(43)   Merge Heap Roots: 0.1ms
[2024-05-19T14:58:08.171+0000][1][gc,phases   ] GC(43)   Evacuate Collection Set: 9.8ms
[2024-05-19T14:58:08.171+0000][1][gc,phases   ] GC(43)   Post Evacuate Collection Set: 1.4ms
[2024-05-19T14:58:08.171+0000][1][gc,phases   ] GC(43)   Other: 0.1ms
[2024-05-19T14:58:08.171+0000][1][gc,age      ] GC(43) Age table with threshold 15 (max threshold 15)
[2024-05-19T14:58:08.171+0000][1][gc,age      ] GC(43) - age   1:    3108664 bytes,    3108664 total
[2024-05-19T14:58:08.171+0000][1][gc,age      ] GC(43) - age   2:     554672 bytes,    3663336 total
[2024-05-19T14:58:08.171+0000][1][gc,age      ] GC(43) - age   3:     377520 bytes,    4040856 total
[2024-05-19T14:58:08.171+0000][1][gc,age      ] GC(43) - age   4:     453464 bytes,    4494320 total
[2024-05-19T14:58:08.171+0000][1][gc,age      ] GC(43) - age   5:     347400 bytes,    4841720 total
[2024-05-19T14:58:08.171+0000][1][gc,age      ] GC(43) - age   6:     275248 bytes,    5116968 total
[2024-05-19T14:58:08.171+0000][1][gc,age      ] GC(43) - age   7:     402816 bytes,    5519784 total
[2024-05-19T14:58:08.171+0000][1][gc,age      ] GC(43) - age   8:     292064 bytes,    5811848 total
[2024-05-19T14:58:08.171+0000][1][gc,age      ] GC(43) - age   9:     193824 bytes,    6005672 total
[2024-05-19T14:58:08.171+0000][1][gc,age      ] GC(43) - age  10:     676368 bytes,    6682040 total
[2024-05-19T14:58:08.171+0000][1][gc,age      ] GC(43) - age  11:    1936640 bytes,    8618680 total
[2024-05-19T14:58:08.171+0000][1][gc,age      ] GC(43) - age  12:    1662024 bytes,   10280704 total
[2024-05-19T14:58:08.171+0000][1][gc,age      ] GC(43) - age  13:     992824 bytes,   11273528 total
[2024-05-19T14:58:08.171+0000][1][gc,age      ] GC(43) - age  14:     425536 bytes,   11699064 total
[2024-05-19T14:58:08.171+0000][1][gc,age      ] GC(43) - age  15:     165976 bytes,   11865040 total
[2024-05-19T14:58:08.171+0000][1][gc,heap     ] GC(43) Eden regions: 603->0(602)
[2024-05-19T14:58:08.171+0000][1][gc,heap     ] GC(43) Survivor regions: 11->12(77)
[2024-05-19T14:58:08.171+0000][1][gc,heap     ] GC(43) Old regions: 41->41
[2024-05-19T14:58:08.171+0000][1][gc,heap     ] GC(43) Humongous regions: 3->3
[2024-05-19T14:58:08.171+0000][1][gc,metaspace] GC(43) Metaspace: 99244K(100736K)->99244K(100736K) NonClass: 86985K(87808K)->86985K(87808K) Class: 12258K(12928K)->12258K(12928K)
[2024-05-19T14:58:08.171+0000][1][gc          ] GC(43) Pause Young (Normal) (G1 Evacuation Pause) 656M->55M(1024M) 12.409ms
[2024-05-19T14:58:08.171+0000][1][gc,cpu      ] GC(43) User=0.04s Sys=0.00s Real=0.01s
[2024-05-19T14:58:08.171+0000][1][safepoint   ] Safepoint "G1CollectForAllocation", Time since last: 27519343980 ns, Reaching safepoint: 108960 ns, Cleanup: 6373 ns, At safepoint: 12504117 ns, Total: 12619450 ns
[2024-05-19T14:58:12.719+0000][1][safepoint   ] Safepoint "Cleanup", Time since last: 4547505593 ns, Reaching safepoint: 36682 ns, Cleanup: 22806 ns, At safepoint: 8043 ns, Total: 67531 ns
[2024-05-19T14:58:13.189+0000][1][gc,start    ] GC(44) Pause Young (Normal) (G1 Evacuation Pause)
[2024-05-19T14:58:13.189+0000][1][gc,task     ] GC(44) Using 4 workers of 4 for evacuation
[2024-05-19T14:58:13.189+0000][1][gc,age      ] GC(44) Desired survivor size 40370176 bytes, new threshold 15 (max threshold 15)
[2024-05-19T14:58:13.205+0000][1][gc,phases   ] GC(44)   Pre Evacuate Collection Set: 0.6ms
[2024-05-19T14:58:13.205+0000][1][gc,phases   ] GC(44)   Merge Heap Roots: 0.2ms
[2024-05-19T14:58:13.205+0000][1][gc,phases   ] GC(44)   Evacuate Collection Set: 13.1ms
[2024-05-19T14:58:13.205+0000][1][gc,phases   ] GC(44)   Post Evacuate Collection Set: 2.5ms
[2024-05-19T14:58:13.205+0000][1][gc,phases   ] GC(44)   Other: 0.1ms
[2024-05-19T14:58:13.205+0000][1][gc,age      ] GC(44) Age table with threshold 15 (max threshold 15)
[2024-05-19T14:58:13.205+0000][1][gc,age      ] GC(44) - age   1:    1547440 bytes,    1547440 total
[2024-05-19T14:58:13.205+0000][1][gc,age      ] GC(44) - age   2:     512720 bytes,    2060160 total
[2024-05-19T14:58:13.205+0000][1][gc,age      ] GC(44) - age   3:     553744 bytes,    2613904 total
[2024-05-19T14:58:13.205+0000][1][gc,age      ] GC(44) - age   4:     375888 bytes,    2989792 total
[2024-05-19T14:58:13.205+0000][1][gc,age      ] GC(44) - age   5:     453464 bytes,    3443256 total
[2024-05-19T14:58:13.205+0000][1][gc,age      ] GC(44) - age   6:     347400 bytes,    3790656 total
[2024-05-19T14:58:13.205+0000][1][gc,age      ] GC(44) - age   7:     275120 bytes,    4065776 total
[2024-05-19T14:58:13.205+0000][1][gc,age      ] GC(44) - age   8:     402816 bytes,    4468592 total
[2024-05-19T14:58:13.206+0000][1][gc,age      ] GC(44) - age   9:     292064 bytes,    4760656 total
[2024-05-19T14:58:13.206+0000][1][gc,age      ] GC(44) - age  10:     193824 bytes,    4954480 total
[2024-05-19T14:58:13.206+0000][1][gc,age      ] GC(44) - age  11:     676368 bytes,    5630848 total
[2024-05-19T14:58:13.206+0000][1][gc,age      ] GC(44) - age  12:    1936640 bytes,    7567488 total
[2024-05-19T14:58:13.206+0000][1][gc,age      ] GC(44) - age  13:    1662024 bytes,    9229512 total
[2024-05-19T14:58:13.206+0000][1][gc,age      ] GC(44) - age  14:     971712 bytes,   10201224 total
[2024-05-19T14:58:13.206+0000][1][gc,age      ] GC(44) - age  15:     425536 bytes,   10626760 total
[2024-05-19T14:58:13.206+0000][1][gc,heap     ] GC(44) Eden regions: 602->0(603)
[2024-05-19T14:58:13.206+0000][1][gc,heap     ] GC(44) Survivor regions: 12->11(77)
[2024-05-19T14:58:13.206+0000][1][gc,heap     ] GC(44) Old regions: 41->41
[2024-05-19T14:58:13.206+0000][1][gc,heap     ] GC(44) Humongous regions: 3->3
[2024-05-19T14:58:13.206+0000][1][gc,metaspace] GC(44) Metaspace: 99245K(100736K)->99245K(100736K) NonClass: 86987K(87808K)->86987K(87808K) Class: 12258K(12928K)->12258K(12928K)
[2024-05-19T14:58:13.206+0000][1][gc          ] GC(44) Pause Young (Normal) (G1 Evacuation Pause) 657M->54M(1024M) 16.961ms
[2024-05-19T14:58:13.206+0000][1][gc,cpu      ] GC(44) User=0.03s Sys=0.00s Real=0.02s
[2024-05-19T14:58:13.206+0000][1][safepoint   ] Safepoint "G1CollectForAllocation", Time since last: 469648397 ns, Reaching safepoint: 52478 ns, Cleanup: 28383 ns, At safepoint: 17141411 ns, Total: 17222272 ns
[2024-05-19T14:58:17.377+0000][1][safepoint   ] Safepoint "Cleanup", Time since last: 4171457095 ns, Reaching safepoint: 8666 ns, Cleanup: 5986 ns, At safepoint: 3663 ns, Total: 18315 ns
[2024-05-19T14:58:19.732+0000][1][safepoint   ] Safepoint "Cleanup", Time since last: 2354610052 ns, Reaching safepoint: 28230 ns, Cleanup: 11190 ns, At safepoint: 6019 ns, Total: 45439 ns
[2024-05-19T14:58:27.359+0000][1][safepoint   ] Safepoint "Cleanup", Time since last: 7627323152 ns, Reaching safepoint: 36634 ns, Cleanup: 25945 ns, At safepoint: 7592 ns, Total: 70171 ns
[2024-05-19T14:58:43.381+0000][1][safepoint   ] Safepoint "Cleanup", Time since last: 16021396010 ns, Reaching safepoint: 27444 ns, Cleanup: 84911 ns, At safepoint: 2448 ns, Total: 114803 ns
[2024-05-19T14:58:47.318+0000][1][gc,start    ] GC(45) Pause Young (Normal) (G1 Evacuation Pause)
[2024-05-19T14:58:47.318+0000][1][gc,task     ] GC(45) Using 4 workers of 4 for evacuation
[2024-05-19T14:58:47.318+0000][1][gc,age      ] GC(45) Desired survivor size 40370176 bytes, new threshold 15 (max threshold 15)
[2024-05-19T14:58:47.331+0000][1][gc,phases   ] GC(45)   Pre Evacuate Collection Set: 0.5ms
[2024-05-19T14:58:47.331+0000][1][gc,phases   ] GC(45)   Merge Heap Roots: 0.3ms
[2024-05-19T14:58:47.331+0000][1][gc,phases   ] GC(45)   Evacuate Collection Set: 10.6ms
[2024-05-19T14:58:47.331+0000][1][gc,phases   ] GC(45)   Post Evacuate Collection Set: 1.4ms
[2024-05-19T14:58:47.331+0000][1][gc,phases   ] GC(45)   Other: 0.1ms
[2024-05-19T14:58:47.331+0000][1][gc,age      ] GC(45) Age table with threshold 15 (max threshold 15)
[2024-05-19T14:58:47.331+0000][1][gc,age      ] GC(45) - age   1:    2329312 bytes,    2329312 total
[2024-05-19T14:58:47.331+0000][1][gc,age      ] GC(45) - age   2:     102584 bytes,    2431896 total
[2024-05-19T14:58:47.331+0000][1][gc,age      ] GC(45) - age   3:     471632 bytes,    2903528 total
[2024-05-19T14:58:47.331+0000][1][gc,age      ] GC(45) - age   4:     487784 bytes,    3391312 total
[2024-05-19T14:58:47.331+0000][1][gc,age      ] GC(45) - age   5:     360352 bytes,    3751664 total
[2024-05-19T14:58:47.331+0000][1][gc,age      ] GC(45) - age   6:     390880 bytes,    4142544 total
[2024-05-19T14:58:47.331+0000][1][gc,age      ] GC(45) - age   7:     347136 bytes,    4489680 total
[2024-05-19T14:58:47.331+0000][1][gc,age      ] GC(45) - age   8:     274608 bytes,    4764288 total
[2024-05-19T14:58:47.331+0000][1][gc,age      ] GC(45) - age   9:     402816 bytes,    5167104 total
[2024-05-19T14:58:47.331+0000][1][gc,age      ] GC(45) - age  10:     292064 bytes,    5459168 total
[2024-05-19T14:58:47.331+0000][1][gc,age      ] GC(45) - age  11:     193824 bytes,    5652992 total
[2024-05-19T14:58:47.331+0000][1][gc,age      ] GC(45) - age  12:     616472 bytes,    6269464 total
[2024-05-19T14:58:47.331+0000][1][gc,age      ] GC(45) - age  13:    1874480 bytes,    8143944 total
[2024-05-19T14:58:47.331+0000][1][gc,age      ] GC(45) - age  14:    1662024 bytes,    9805968 total
[2024-05-19T14:58:47.331+0000][1][gc,age      ] GC(45) - age  15:     907648 bytes,   10713616 total
[2024-05-19T14:58:47.331+0000][1][gc,heap     ] GC(45) Eden regions: 603->0(603)
[2024-05-19T14:58:47.331+0000][1][gc,heap     ] GC(45) Survivor regions: 11->11(77)
[2024-05-19T14:58:47.331+0000][1][gc,heap     ] GC(45) Old regions: 41->42
[2024-05-19T14:58:47.331+0000][1][gc,heap     ] GC(45) Humongous regions: 3->3
[2024-05-19T14:58:47.331+0000][1][gc,metaspace] GC(45) Metaspace: 99246K(100736K)->99246K(100736K) NonClass: 86987K(87808K)->86987K(87808K) Class: 12258K(12928K)->12258K(12928K)
[2024-05-19T14:58:47.331+0000][1][gc          ] GC(45) Pause Young (Normal) (G1 Evacuation Pause) 657M->55M(1024M) 13.318ms
[2024-05-19T14:58:47.331+0000][1][gc,cpu      ] GC(45) User=0.03s Sys=0.00s Real=0.01s
[2024-05-19T14:58:47.331+0000][1][safepoint   ] Safepoint "G1CollectForAllocation", Time since last: 3937069840 ns, Reaching safepoint: 111337 ns, Cleanup: 7002 ns, At safepoint: 13445307 ns, Total: 13563646 ns
[2024-05-19T14:58:48.356+0000][1][safepoint   ] Safepoint "Cleanup", Time since last: 1024677148 ns, Reaching safepoint: 31666 ns, Cleanup: 19612 ns, At safepoint: 19948 ns, Total: 71226 ns
[2024-05-19T14:59:07.192+0000][1][gc,start    ] GC(46) Pause Young (Normal) (G1 Evacuation Pause)
[2024-05-19T14:59:07.192+0000][1][gc,task     ] GC(46) Using 4 workers of 4 for evacuation
[2024-05-19T14:59:07.192+0000][1][gc,age      ] GC(46) Desired survivor size 40370176 bytes, new threshold 15 (max threshold 15)
[2024-05-19T14:59:07.236+0000][1][gc,phases   ] GC(46)   Pre Evacuate Collection Set: 0.6ms
[2024-05-19T14:59:07.236+0000][1][gc,phases   ] GC(46)   Merge Heap Roots: 0.2ms
[2024-05-19T14:59:07.236+0000][1][gc,phases   ] GC(46)   Evacuate Collection Set: 29.6ms
[2024-05-19T14:59:07.236+0000][1][gc,phases   ] GC(46)   Post Evacuate Collection Set: 13.1ms
[2024-05-19T14:59:07.236+0000][1][gc,phases   ] GC(46)   Other: 0.1ms
[2024-05-19T14:59:07.236+0000][1][gc,age      ] GC(46) Age table with threshold 15 (max threshold 15)
[2024-05-19T14:59:07.236+0000][1][gc,age      ] GC(46) - age   1:    2062240 bytes,    2062240 total
[2024-05-19T14:59:07.236+0000][1][gc,age      ] GC(46) - age   2:     343008 bytes,    2405248 total
[2024-05-19T14:59:07.236+0000][1][gc,age      ] GC(46) - age   3:      69240 bytes,    2474488 total
[2024-05-19T14:59:07.236+0000][1][gc,age      ] GC(46) - age   4:     358624 bytes,    2833112 total
[2024-05-19T14:59:07.236+0000][1][gc,age      ] GC(46) - age   5:     385688 bytes,    3218800 total
[2024-05-19T14:59:07.236+0000][1][gc,age      ] GC(46) - age   6:     359688 bytes,    3578488 total
[2024-05-19T14:59:07.236+0000][1][gc,age      ] GC(46) - age   7:     329064 bytes,    3907552 total
[2024-05-19T14:59:07.236+0000][1][gc,age      ] GC(46) - age   8:     316360 bytes,    4223912 total
[2024-05-19T14:59:07.236+0000][1][gc,age      ] GC(46) - age   9:     243408 bytes,    4467320 total
[2024-05-19T14:59:07.236+0000][1][gc,age      ] GC(46) - age  10:     310440 bytes,    4777760 total
[2024-05-19T14:59:07.236+0000][1][gc,age      ] GC(46) - age  11:     194392 bytes,    4972152 total
[2024-05-19T14:59:07.236+0000][1][gc,age      ] GC(46) - age  12:     163016 bytes,    5135168 total
[2024-05-19T14:59:07.236+0000][1][gc,age      ] GC(46) - age  13:     524112 bytes,    5659280 total
[2024-05-19T14:59:07.236+0000][1][gc,age      ] GC(46) - age  14:    1842264 bytes,    7501544 total
[2024-05-19T14:59:07.236+0000][1][gc,age      ] GC(46) - age  15:    1662024 bytes,    9163568 total
[2024-05-19T14:59:07.236+0000][1][gc,heap     ] GC(46) Eden regions: 603->0(604)
[2024-05-19T14:59:07.236+0000][1][gc,heap     ] GC(46) Survivor regions: 11->10(77)
[2024-05-19T14:59:07.236+0000][1][gc,heap     ] GC(46) Old regions: 42->42
[2024-05-19T14:59:07.236+0000][1][gc,heap     ] GC(46) Humongous regions: 3->3
[2024-05-19T14:59:07.236+0000][1][gc,metaspace] GC(46) Metaspace: 99250K(100736K)->99250K(100736K) NonClass: 86991K(87808K)->86991K(87808K) Class: 12258K(12928K)->12258K(12928K)
[2024-05-19T14:59:07.236+0000][1][gc          ] GC(46) Pause Young (Normal) (G1 Evacuation Pause) 658M->54M(1024M) 43.925ms
[2024-05-19T14:59:07.236+0000][1][gc,cpu      ] GC(46) User=0.04s Sys=0.00s Real=0.05s
[2024-05-19T14:59:07.236+0000][1][safepoint   ] Safepoint "G1CollectForAllocation", Time since last: 18835936344 ns, Reaching safepoint: 105857 ns, Cleanup: 10268 ns, At safepoint: 44045182 ns, Total: 44161307 ns
[2024-05-19T14:59:07.279+0000][1][gc,start    ] GC(47) Pause Young (Concurrent Start) (CodeCache GC Threshold)
[2024-05-19T14:59:07.279+0000][1][gc,task     ] GC(47) Using 4 workers of 4 for evacuation
[2024-05-19T14:59:07.279+0000][1][gc,age      ] GC(47) Desired survivor size 40370176 bytes, new threshold 15 (max threshold 15)
[2024-05-19T14:59:07.294+0000][1][gc,phases   ] GC(47)   Pre Evacuate Collection Set: 3.3ms
[2024-05-19T14:59:07.294+0000][1][gc,phases   ] GC(47)   Merge Heap Roots: 0.3ms
[2024-05-19T14:59:07.294+0000][1][gc,phases   ] GC(47)   Evacuate Collection Set: 9.5ms
[2024-05-19T14:59:07.294+0000][1][gc,phases   ] GC(47)   Post Evacuate Collection Set: 1.1ms
[2024-05-19T14:59:07.294+0000][1][gc,phases   ] GC(47)   Other: 0.6ms
[2024-05-19T14:59:07.294+0000][1][gc,age      ] GC(47) Age table with threshold 15 (max threshold 15)
[2024-05-19T14:59:07.294+0000][1][gc,age      ] GC(47) - age   1:    3054880 bytes,    3054880 total
[2024-05-19T14:59:07.294+0000][1][gc,age      ] GC(47) - age   2:    1017744 bytes,    4072624 total
[2024-05-19T14:59:07.294+0000][1][gc,age      ] GC(47) - age   3:     342976 bytes,    4415600 total
[2024-05-19T14:59:07.294+0000][1][gc,age      ] GC(47) - age   4:      69240 bytes,    4484840 total
[2024-05-19T14:59:07.294+0000][1][gc,age      ] GC(47) - age   5:     358624 bytes,    4843464 total
[2024-05-19T14:59:07.294+0000][1][gc,age      ] GC(47) - age   6:     385688 bytes,    5229152 total
[2024-05-19T14:59:07.294+0000][1][gc,age      ] GC(47) - age   7:     359688 bytes,    5588840 total
[2024-05-19T14:59:07.294+0000][1][gc,age      ] GC(47) - age   8:     329064 bytes,    5917904 total
[2024-05-19T14:59:07.294+0000][1][gc,age      ] GC(47) - age   9:     316360 bytes,    6234264 total
[2024-05-19T14:59:07.294+0000][1][gc,age      ] GC(47) - age  10:     243408 bytes,    6477672 total
[2024-05-19T14:59:07.294+0000][1][gc,age      ] GC(47) - age  11:     310440 bytes,    6788112 total
[2024-05-19T14:59:07.294+0000][1][gc,age      ] GC(47) - age  12:     194392 bytes,    6982504 total
[2024-05-19T14:59:07.294+0000][1][gc,age      ] GC(47) - age  13:     163016 bytes,    7145520 total
[2024-05-19T14:59:07.294+0000][1][gc,age      ] GC(47) - age  14:     524040 bytes,    7669560 total
[2024-05-19T14:59:07.294+0000][1][gc,age      ] GC(47) - age  15:    1824136 bytes,    9493696 total
[2024-05-19T14:59:07.294+0000][1][gc,heap     ] GC(47) Eden regions: 30->0(604)
[2024-05-19T14:59:07.294+0000][1][gc,heap     ] GC(47) Survivor regions: 10->10(77)
[2024-05-19T14:59:07.294+0000][1][gc,heap     ] GC(47) Old regions: 42->44
[2024-05-19T14:59:07.295+0000][1][gc,heap     ] GC(47) Humongous regions: 3->3
[2024-05-19T14:59:07.295+0000][1][gc,metaspace] GC(47) Metaspace: 99255K(100736K)->99255K(100736K) NonClass: 86996K(87808K)->86996K(87808K) Class: 12258K(12928K)->12258K(12928K)
[2024-05-19T14:59:07.295+0000][1][gc          ] GC(47) Pause Young (Concurrent Start) (CodeCache GC Threshold) 84M->56M(1024M) 15.202ms
[2024-05-19T14:59:07.295+0000][1][gc,cpu      ] GC(47) User=0.03s Sys=0.00s Real=0.01s
[2024-05-19T14:59:07.295+0000][1][safepoint   ] Safepoint "G1TryInitiateConcMark", Time since last: 42859698 ns, Reaching safepoint: 126864 ns, Cleanup: 33692 ns, At safepoint: 15333090 ns, Total: 15493646 ns
[2024-05-19T14:59:07.295+0000][1][gc          ] GC(48) Concurrent Mark Cycle
[2024-05-19T14:59:07.295+0000][1][gc,marking  ] GC(48) Concurrent Scan Root Regions
[2024-05-19T14:59:07.320+0000][1][gc,marking  ] GC(48) Concurrent Scan Root Regions 24.937ms
[2024-05-19T14:59:07.320+0000][1][gc,marking  ] GC(48) Concurrent Mark
[2024-05-19T14:59:07.320+0000][1][gc,marking  ] GC(48) Concurrent Mark From Roots
[2024-05-19T14:59:07.320+0000][1][gc,task     ] GC(48) Using 1 workers of 1 for marking
[2024-05-19T14:59:07.409+0000][1][gc,marking  ] GC(48) Concurrent Mark From Roots 89.512ms
[2024-05-19T14:59:07.410+0000][1][gc,marking  ] GC(48) Concurrent Preclean
[2024-05-19T14:59:07.410+0000][1][gc,marking  ] GC(48) Concurrent Preclean 0.322ms
[2024-05-19T14:59:07.410+0000][1][gc,start    ] GC(48) Pause Remark
[2024-05-19T14:59:07.562+0000][1][gc          ] GC(48) Pause Remark 112M->112M(1024M) 151.454ms
[2024-05-19T14:59:07.562+0000][1][gc,cpu      ] GC(48) User=0.13s Sys=0.01s Real=0.15s
[2024-05-19T14:59:07.577+0000][1][safepoint   ] Safepoint "G1PauseRemark", Time since last: 115251475 ns, Reaching safepoint: 193796 ns, Cleanup: 12107 ns, At safepoint: 167019230 ns, Total: 167225133 ns
[2024-05-19T14:59:07.577+0000][1][gc,marking  ] GC(48) Concurrent Mark 257.306ms
[2024-05-19T14:59:07.577+0000][1][gc,marking  ] GC(48) Concurrent Rebuild Remembered Sets and Scrub Regions
[2024-05-19T14:59:07.672+0000][1][gc,marking  ] GC(48) Concurrent Rebuild Remembered Sets and Scrub Regions 94.235ms
[2024-05-19T14:59:07.672+0000][1][gc,start    ] GC(48) Pause Cleanup
[2024-05-19T14:59:07.672+0000][1][gc          ] GC(48) Pause Cleanup 153M->153M(1024M) 0.262ms
[2024-05-19T14:59:07.672+0000][1][gc,cpu      ] GC(48) User=0.00s Sys=0.00s Real=0.00s
[2024-05-19T14:59:07.672+0000][1][safepoint   ] Safepoint "G1PauseCleanup", Time since last: 94469498 ns, Reaching safepoint: 112137 ns, Cleanup: 70900 ns, At safepoint: 337534 ns, Total: 520571 ns
[2024-05-19T14:59:07.672+0000][1][gc,marking  ] GC(48) Concurrent Clear Claimed Marks
[2024-05-19T14:59:07.672+0000][1][gc,marking  ] GC(48) Concurrent Clear Claimed Marks 0.122ms
[2024-05-19T14:59:07.672+0000][1][gc,marking  ] GC(48) Concurrent Cleanup for Next Mark
[2024-05-19T14:59:07.684+0000][1][gc,marking  ] GC(48) Concurrent Cleanup for Next Mark 11.924ms
[2024-05-19T14:59:07.684+0000][1][gc          ] GC(48) Concurrent Mark Cycle 389.453ms
[2024-05-19T14:59:08.672+0000][1][safepoint   ] Safepoint "Cleanup", Time since last: 1000136528 ns, Reaching safepoint: 29262 ns, Cleanup: 19233 ns, At safepoint: 4810 ns, Total: 53305 ns
[2024-05-19T14:59:09.820+0000][1][safepoint   ] Safepoint "Cleanup", Time since last: 1147884283 ns, Reaching safepoint: 15868 ns, Cleanup: 16126 ns, At safepoint: 7049 ns, Total: 39043 ns
[2024-05-19T14:59:11.441+0000][1][safepoint   ] Safepoint "Cleanup", Time since last: 1620619297 ns, Reaching safepoint: 35313 ns, Cleanup: 25795 ns, At safepoint: 6633 ns, Total: 67741 ns
[2024-05-19T14:59:12.571+0000][1][safepoint   ] Safepoint "Cleanup", Time since last: 1130338445 ns, Reaching safepoint: 31037 ns, Cleanup: 18592 ns, At safepoint: 4895 ns, Total: 54524 ns
[2024-05-19T14:59:13.133+0000][1][gc,start    ] GC(49) Pause Young (Prepare Mixed) (G1 Evacuation Pause)
[2024-05-19T14:59:13.133+0000][1][gc,task     ] GC(49) Using 4 workers of 4 for evacuation
[2024-05-19T14:59:13.133+0000][1][gc,age      ] GC(49) Desired survivor size 40370176 bytes, new threshold 15 (max threshold 15)
[2024-05-19T14:59:13.153+0000][1][gc,phases   ] GC(49)   Pre Evacuate Collection Set: 0.5ms
[2024-05-19T14:59:13.153+0000][1][gc,phases   ] GC(49)   Merge Heap Roots: 0.3ms
[2024-05-19T14:59:13.153+0000][1][gc,phases   ] GC(49)   Evacuate Collection Set: 16.6ms
[2024-05-19T14:59:13.153+0000][1][gc,phases   ] GC(49)   Post Evacuate Collection Set: 2.1ms
[2024-05-19T14:59:13.153+0000][1][gc,phases   ] GC(49)   Other: 0.1ms
[2024-05-19T14:59:13.153+0000][1][gc,age      ] GC(49) Age table with threshold 15 (max threshold 15)
[2024-05-19T14:59:13.153+0000][1][gc,age      ] GC(49) - age   1:     982472 bytes,     982472 total
[2024-05-19T14:59:13.153+0000][1][gc,age      ] GC(49) - age   2:      14984 bytes,     997456 total
[2024-05-19T14:59:13.153+0000][1][gc,age      ] GC(49) - age   3:     340248 bytes,    1337704 total
[2024-05-19T14:59:13.153+0000][1][gc,age      ] GC(49) - age   4:     324368 bytes,    1662072 total
[2024-05-19T14:59:13.153+0000][1][gc,age      ] GC(49) - age   5:      66672 bytes,    1728744 total
[2024-05-19T14:59:13.153+0000][1][gc,age      ] GC(49) - age   6:     354504 bytes,    2083248 total
[2024-05-19T14:59:13.153+0000][1][gc,age      ] GC(49) - age   7:     382656 bytes,    2465904 total
[2024-05-19T14:59:13.153+0000][1][gc,age      ] GC(49) - age   8:     357624 bytes,    2823528 total
[2024-05-19T14:59:13.153+0000][1][gc,age      ] GC(49) - age   9:     328800 bytes,    3152328 total
[2024-05-19T14:59:13.153+0000][1][gc,age      ] GC(49) - age  10:     315896 bytes,    3468224 total
[2024-05-19T14:59:13.153+0000][1][gc,age      ] GC(49) - age  11:     243128 bytes,    3711352 total
[2024-05-19T14:59:13.153+0000][1][gc,age      ] GC(49) - age  12:     308056 bytes,    4019408 total
[2024-05-19T14:59:13.153+0000][1][gc,age      ] GC(49) - age  13:     194040 bytes,    4213448 total
[2024-05-19T14:59:13.153+0000][1][gc,age      ] GC(49) - age  14:     163016 bytes,    4376464 total
[2024-05-19T14:59:13.153+0000][1][gc,age      ] GC(49) - age  15:     519032 bytes,    4895496 total
[2024-05-19T14:59:13.153+0000][1][gc,heap     ] GC(49) Eden regions: 604->0(608)
[2024-05-19T14:59:13.153+0000][1][gc,heap     ] GC(49) Survivor regions: 10->6(77)
[2024-05-19T14:59:13.153+0000][1][gc,heap     ] GC(49) Old regions: 44->46
[2024-05-19T14:59:13.153+0000][1][gc,heap     ] GC(49) Humongous regions: 3->3
[2024-05-19T14:59:13.153+0000][1][gc,metaspace] GC(49) Metaspace: 98004K(100736K)->98004K(100736K) NonClass: 86061K(87808K)->86061K(87808K) Class: 11943K(12928K)->11943K(12928K)
[2024-05-19T14:59:13.153+0000][1][gc          ] GC(49) Pause Young (Prepare Mixed) (G1 Evacuation Pause) 660M->54M(1024M) 20.143ms
[2024-05-19T14:59:13.153+0000][1][gc,cpu      ] GC(49) User=0.03s Sys=0.01s Real=0.02s
[2024-05-19T14:59:13.153+0000][1][safepoint   ] Safepoint "G1CollectForAllocation", Time since last: 558297125 ns, Reaching safepoint: 3139419 ns, Cleanup: 28607 ns, At safepoint: 20276269 ns, Total: 23444295 ns
[2024-05-19T14:59:14.158+0000][1][safepoint   ] Safepoint "Cleanup", Time since last: 1004904364 ns, Reaching safepoint: 30896 ns, Cleanup: 15081 ns, At safepoint: 12744 ns, Total: 58721 ns
[2024-05-19T14:59:15.159+0000][1][safepoint   ] Safepoint "Cleanup", Time since last: 1000423473 ns, Reaching safepoint: 37458 ns, Cleanup: 22546 ns, At safepoint: 7466 ns, Total: 67470 ns
[2024-05-19T14:59:15.458+0000][1][gc,start    ] GC(50) Pause Young (Mixed) (G1 Evacuation Pause)
[2024-05-19T14:59:15.458+0000][1][gc,task     ] GC(50) Using 4 workers of 4 for evacuation
[2024-05-19T14:59:15.458+0000][1][gc,age      ] GC(50) Desired survivor size 40370176 bytes, new threshold 15 (max threshold 15)
[2024-05-19T14:59:15.503+0000][1][gc,phases   ] GC(50)   Pre Evacuate Collection Set: 0.6ms
[2024-05-19T14:59:15.503+0000][1][gc,phases   ] GC(50)   Merge Heap Roots: 0.2ms
[2024-05-19T14:59:15.503+0000][1][gc,phases   ] GC(50)   Evacuate Collection Set: 13.1ms
[2024-05-19T14:59:15.503+0000][1][gc,phases   ] GC(50)   Post Evacuate Collection Set: 31.5ms
[2024-05-19T14:59:15.503+0000][1][gc,phases   ] GC(50)   Other: 0.1ms
[2024-05-19T14:59:15.503+0000][1][gc,age      ] GC(50) Age table with threshold 15 (max threshold 15)
[2024-05-19T14:59:15.503+0000][1][gc,age      ] GC(50) - age   1:    3368632 bytes,    3368632 total
[2024-05-19T14:59:15.503+0000][1][gc,age      ] GC(50) - age   2:     148248 bytes,    3516880 total
[2024-05-19T14:59:15.503+0000][1][gc,age      ] GC(50) - age   3:      14912 bytes,    3531792 total
[2024-05-19T14:59:15.503+0000][1][gc,age      ] GC(50) - age   4:     334592 bytes,    3866384 total
[2024-05-19T14:59:15.504+0000][1][gc,age      ] GC(50) - age   5:     321736 bytes,    4188120 total
[2024-05-19T14:59:15.504+0000][1][gc,age      ] GC(50) - age   6:      66672 bytes,    4254792 total
[2024-05-19T14:59:15.504+0000][1][gc,age      ] GC(50) - age   7:     354504 bytes,    4609296 total
[2024-05-19T14:59:15.504+0000][1][gc,age      ] GC(50) - age   8:     382272 bytes,    4991568 total
[2024-05-19T14:59:15.504+0000][1][gc,age      ] GC(50) - age   9:     356088 bytes,    5347656 total
[2024-05-19T14:59:15.504+0000][1][gc,age      ] GC(50) - age  10:     328800 bytes,    5676456 total
[2024-05-19T14:59:15.504+0000][1][gc,age      ] GC(50) - age  11:     315896 bytes,    5992352 total
[2024-05-19T14:59:15.504+0000][1][gc,age      ] GC(50) - age  12:     243128 bytes,    6235480 total
[2024-05-19T14:59:15.504+0000][1][gc,age      ] GC(50) - age  13:     307096 bytes,    6542576 total
[2024-05-19T14:59:15.504+0000][1][gc,age      ] GC(50) - age  14:     194040 bytes,    6736616 total
[2024-05-19T14:59:15.504+0000][1][gc,age      ] GC(50) - age  15:     162976 bytes,    6899592 total
[2024-05-19T14:59:15.504+0000][1][gc,heap     ] GC(50) Eden regions: 608->0(607)
[2024-05-19T14:59:15.504+0000][1][gc,heap     ] GC(50) Survivor regions: 6->7(77)
[2024-05-19T14:59:15.504+0000][1][gc,heap     ] GC(50) Old regions: 46->45
[2024-05-19T14:59:15.504+0000][1][gc,heap     ] GC(50) Humongous regions: 3->3
[2024-05-19T14:59:15.504+0000][1][gc,metaspace] GC(50) Metaspace: 98008K(100736K)->98008K(100736K) NonClass: 86064K(87808K)->86064K(87808K) Class: 11943K(12928K)->11943K(12928K)
[2024-05-19T14:59:15.504+0000][1][gc          ] GC(50) Pause Young (Mixed) (G1 Evacuation Pause) 662M->54M(1024M) 45.942ms
[2024-05-19T14:59:15.504+0000][1][gc,cpu      ] GC(50) User=0.03s Sys=0.01s Real=0.05s
[2024-05-19T14:59:15.504+0000][1][safepoint   ] Safepoint "G1CollectForAllocation", Time since last: 299076120 ns, Reaching safepoint: 123978 ns, Cleanup: 14531 ns, At safepoint: 46048778 ns, Total: 46187287 ns
[2024-05-19T14:59:16.573+0000][1][safepoint   ] Safepoint "Cleanup", Time since last: 1068924899 ns, Reaching safepoint: 80923 ns, Cleanup: 19773 ns, At safepoint: 8513 ns, Total: 109209 ns
[2024-05-19T14:59:23.405+0000][1][safepoint   ] Safepoint "Cleanup", Time since last: 6832559394 ns, Reaching safepoint: 37473 ns, Cleanup: 26190 ns, At safepoint: 8029 ns, Total: 71692 ns
[2024-05-19T14:59:29.591+0000][1][safepoint   ] Safepoint "Cleanup", Time since last: 6185722464 ns, Reaching safepoint: 36649 ns, Cleanup: 32109 ns, At safepoint: 8227 ns, Total: 76985 ns
[2024-05-19T14:59:32.589+0000][1][safepoint   ] Safepoint "Cleanup", Time since last: 2997773635 ns, Reaching safepoint: 28100 ns, Cleanup: 7429 ns, At safepoint: 2805 ns, Total: 38334 ns
[2024-05-19T14:59:36.901+0000][1][safepoint   ] Safepoint "Cleanup", Time since last: 4311842013 ns, Reaching safepoint: 61256 ns, Cleanup: 35974 ns, At safepoint: 14156 ns, Total: 111386 ns
[2024-05-19T14:59:37.299+0000][1][gc,start    ] GC(51) Pause Young (Normal) (G1 Evacuation Pause)
[2024-05-19T14:59:37.299+0000][1][gc,task     ] GC(51) Using 4 workers of 4 for evacuation
[2024-05-19T14:59:37.299+0000][1][gc,age      ] GC(51) Desired survivor size 40370176 bytes, new threshold 15 (max threshold 15)
[2024-05-19T14:59:37.308+0000][1][gc,phases   ] GC(51)   Pre Evacuate Collection Set: 0.6ms
[2024-05-19T14:59:37.308+0000][1][gc,phases   ] GC(51)   Merge Heap Roots: 0.2ms
[2024-05-19T14:59:37.308+0000][1][gc,phases   ] GC(51)   Evacuate Collection Set: 7.5ms
[2024-05-19T14:59:37.309+0000][1][gc,phases   ] GC(51)   Post Evacuate Collection Set: 1.4ms
[2024-05-19T14:59:37.309+0000][1][gc,phases   ] GC(51)   Other: 0.1ms
[2024-05-19T14:59:37.309+0000][1][gc,age      ] GC(51) Age table with threshold 15 (max threshold 15)
[2024-05-19T14:59:37.309+0000][1][gc,age      ] GC(51) - age   1:    1769752 bytes,    1769752 total
[2024-05-19T14:59:37.309+0000][1][gc,age      ] GC(51) - age   2:      42352 bytes,    1812104 total
[2024-05-19T14:59:37.309+0000][1][gc,age      ] GC(51) - age   3:     135568 bytes,    1947672 total
[2024-05-19T14:59:37.309+0000][1][gc,age      ] GC(51) - age   4:      14752 bytes,    1962424 total
[2024-05-19T14:59:37.309+0000][1][gc,age      ] GC(51) - age   5:     273984 bytes,    2236408 total
[2024-05-19T14:59:37.309+0000][1][gc,age      ] GC(51) - age   6:     263408 bytes,    2499816 total
[2024-05-19T14:59:37.309+0000][1][gc,age      ] GC(51) - age   7:      66416 bytes,    2566232 total
[2024-05-19T14:59:37.309+0000][1][gc,age      ] GC(51) - age   8:     316912 bytes,    2883144 total
[2024-05-19T14:59:37.309+0000][1][gc,age      ] GC(51) - age   9:     338416 bytes,    3221560 total
[2024-05-19T14:59:37.309+0000][1][gc,age      ] GC(51) - age  10:     249664 bytes,    3471224 total
[2024-05-19T14:59:37.309+0000][1][gc,age      ] GC(51) - age  11:     328088 bytes,    3799312 total
[2024-05-19T14:59:37.309+0000][1][gc,age      ] GC(51) - age  12:     220984 bytes,    4020296 total
[2024-05-19T14:59:37.309+0000][1][gc,age      ] GC(51) - age  13:     178048 bytes,    4198344 total
[2024-05-19T14:59:37.309+0000][1][gc,age      ] GC(51) - age  14:     243280 bytes,    4441624 total
[2024-05-19T14:59:37.309+0000][1][gc,age      ] GC(51) - age  15:     130048 bytes,    4571672 total
[2024-05-19T14:59:37.309+0000][1][gc,heap     ] GC(51) Eden regions: 607->0(609)
[2024-05-19T14:59:37.309+0000][1][gc,heap     ] GC(51) Survivor regions: 7->5(77)
[2024-05-19T14:59:37.309+0000][1][gc,heap     ] GC(51) Old regions: 45->45
[2024-05-19T14:59:37.309+0000][1][gc,heap     ] GC(51) Humongous regions: 3->3
[2024-05-19T14:59:37.309+0000][1][gc,metaspace] GC(51) Metaspace: 98008K(100736K)->98008K(100736K) NonClass: 86064K(87808K)->86064K(87808K) Class: 11943K(12928K)->11943K(12928K)
[2024-05-19T14:59:37.309+0000][1][gc          ] GC(51) Pause Young (Normal) (G1 Evacuation Pause) 661M->52M(1024M) 10.231ms
[2024-05-19T14:59:37.309+0000][1][gc,cpu      ] GC(51) User=0.02s Sys=0.00s Real=0.01s
[2024-05-19T14:59:37.309+0000][1][safepoint   ] Safepoint "G1CollectForAllocation", Time since last: 397240973 ns, Reaching safepoint: 254224 ns, Cleanup: 8261 ns, At safepoint: 10346827 ns, Total: 10609312 ns
[2024-05-19T14:59:38.429+0000][1][safepoint   ] Safepoint "Cleanup", Time since last: 1120322975 ns, Reaching safepoint: 41230 ns, Cleanup: 31859 ns, At safepoint: 7199 ns, Total: 80288 ns
[2024-05-19T14:59:39.430+0000][1][safepoint   ] Safepoint "Cleanup", Time since last: 1000457586 ns, Reaching safepoint: 44247 ns, Cleanup: 29717 ns, At safepoint: 9059 ns, Total: 83023 ns
[2024-05-19T14:59:41.831+0000][1][gc,start    ] GC(52) Pause Young (Concurrent Start) (G1 Evacuation Pause)
[2024-05-19T14:59:41.831+0000][1][gc,task     ] GC(52) Using 4 workers of 4 for evacuation
[2024-05-19T14:59:41.831+0000][1][gc,age      ] GC(52) Desired survivor size 40370176 bytes, new threshold 15 (max threshold 15)
[2024-05-19T14:59:41.840+0000][1][gc,phases   ] GC(52)   Pre Evacuate Collection Set: 0.6ms
[2024-05-19T14:59:41.840+0000][1][gc,phases   ] GC(52)   Merge Heap Roots: 0.2ms
[2024-05-19T14:59:41.840+0000][1][gc,phases   ] GC(52)   Evacuate Collection Set: 6.0ms
[2024-05-19T14:59:41.840+0000][1][gc,phases   ] GC(52)   Post Evacuate Collection Set: 1.2ms
[2024-05-19T14:59:41.840+0000][1][gc,phases   ] GC(52)   Other: 0.2ms
[2024-05-19T14:59:41.840+0000][1][gc,age      ] GC(52) Age table with threshold 15 (max threshold 15)
[2024-05-19T14:59:41.840+0000][1][gc,age      ] GC(52) - age   1:    1479760 bytes,    1479760 total
[2024-05-19T14:59:41.840+0000][1][gc,age      ] GC(52) - age   2:     406160 bytes,    1885920 total
[2024-05-19T14:59:41.840+0000][1][gc,age      ] GC(52) - age   3:      35880 bytes,    1921800 total
[2024-05-19T14:59:41.840+0000][1][gc,age      ] GC(52) - age   4:     126704 bytes,    2048504 total
[2024-05-19T14:59:41.840+0000][1][gc,age      ] GC(52) - age   5:       6856 bytes,    2055360 total
[2024-05-19T14:59:41.840+0000][1][gc,age      ] GC(52) - age   6:     273904 bytes,    2329264 total
[2024-05-19T14:59:41.840+0000][1][gc,age      ] GC(52) - age   7:     254176 bytes,    2583440 total
[2024-05-19T14:59:41.840+0000][1][gc,age      ] GC(52) - age   8:      66416 bytes,    2649856 total
[2024-05-19T14:59:41.840+0000][1][gc,age      ] GC(52) - age   9:     310040 bytes,    2959896 total
[2024-05-19T14:59:41.840+0000][1][gc,age      ] GC(52) - age  10:     338096 bytes,    3297992 total
[2024-05-19T14:59:41.840+0000][1][gc,age      ] GC(52) - age  11:     244920 bytes,    3542912 total
[2024-05-19T14:59:41.840+0000][1][gc,age      ] GC(52) - age  12:     327744 bytes,    3870656 total
[2024-05-19T14:59:41.840+0000][1][gc,age      ] GC(52) - age  13:     220856 bytes,    4091512 total
[2024-05-19T14:59:41.840+0000][1][gc,age      ] GC(52) - age  14:     178048 bytes,    4269560 total
[2024-05-19T14:59:41.840+0000][1][gc,age      ] GC(52) - age  15:     243280 bytes,    4512840 total
[2024-05-19T14:59:41.840+0000][1][gc,heap     ] GC(52) Eden regions: 609->0(609)
[2024-05-19T14:59:41.840+0000][1][gc,heap     ] GC(52) Survivor regions: 5->5(77)
[2024-05-19T14:59:41.840+0000][1][gc,heap     ] GC(52) Old regions: 45->46
[2024-05-19T14:59:41.840+0000][1][gc,heap     ] GC(52) Humongous regions: 3->3
[2024-05-19T14:59:41.840+0000][1][gc,metaspace] GC(52) Metaspace: 98012K(100736K)->98012K(100736K) NonClass: 86068K(87808K)->86068K(87808K) Class: 11943K(12928K)->11943K(12928K)
[2024-05-19T14:59:41.840+0000][1][gc          ] GC(52) Pause Young (Concurrent Start) (G1 Evacuation Pause) 661M->53M(1024M) 8.729ms
[2024-05-19T14:59:41.840+0000][1][gc          ] GC(53) Concurrent Mark Cycle
[2024-05-19T14:59:41.840+0000][1][gc,marking  ] GC(53) Concurrent Scan Root Regions
[2024-05-19T14:59:41.840+0000][1][gc,cpu      ] GC(52) User=0.02s Sys=0.00s Real=0.01s
[2024-05-19T14:59:41.840+0000][1][safepoint   ] Safepoint "G1CollectForAllocation", Time since last: 2401104022 ns, Reaching safepoint: 134129 ns, Cleanup: 6546 ns, At safepoint: 8947116 ns, Total: 9087791 ns
[2024-05-19T14:59:41.846+0000][1][gc,marking  ] GC(53) Concurrent Scan Root Regions 5.714ms
[2024-05-19T14:59:41.846+0000][1][gc,marking  ] GC(53) Concurrent Mark
[2024-05-19T14:59:41.846+0000][1][gc,marking  ] GC(53) Concurrent Mark From Roots
[2024-05-19T14:59:41.846+0000][1][gc,task     ] GC(53) Using 1 workers of 1 for marking
[2024-05-19T14:59:41.947+0000][1][gc,marking  ] GC(53) Concurrent Mark From Roots 101.362ms
[2024-05-19T14:59:41.947+0000][1][gc,marking  ] GC(53) Concurrent Preclean
[2024-05-19T14:59:41.947+0000][1][gc,marking  ] GC(53) Concurrent Preclean 0.232ms
[2024-05-19T14:59:41.948+0000][1][gc,start    ] GC(53) Pause Remark
[2024-05-19T14:59:42.071+0000][1][gc          ] GC(53) Pause Remark 109M->109M(1024M) 123.334ms
[2024-05-19T14:59:42.071+0000][1][gc,cpu      ] GC(53) User=0.15s Sys=0.00s Real=0.12s
[2024-05-19T14:59:42.073+0000][1][safepoint   ] Safepoint "G1PauseRemark", Time since last: 107455910 ns, Reaching safepoint: 30865 ns, Cleanup: 36799 ns, At safepoint: 125344565 ns, Total: 125412229 ns
[2024-05-19T14:59:42.073+0000][1][gc,marking  ] GC(53) Concurrent Mark 227.302ms
[2024-05-19T14:59:42.073+0000][1][gc,marking  ] GC(53) Concurrent Rebuild Remembered Sets and Scrub Regions
[2024-05-19T14:59:42.122+0000][1][gc,marking  ] GC(53) Concurrent Rebuild Remembered Sets and Scrub Regions 48.488ms
[2024-05-19T14:59:42.122+0000][1][gc,start    ] GC(53) Pause Cleanup
[2024-05-19T14:59:42.122+0000][1][gc          ] GC(53) Pause Cleanup 144M->144M(1024M) 0.232ms
[2024-05-19T14:59:42.122+0000][1][gc,cpu      ] GC(53) User=0.00s Sys=0.00s Real=0.00s
[2024-05-19T14:59:42.122+0000][1][safepoint   ] Safepoint "G1PauseCleanup", Time since last: 48768999 ns, Reaching safepoint: 119408 ns, Cleanup: 101422 ns, At safepoint: 300944 ns, Total: 521774 ns
[2024-05-19T14:59:42.122+0000][1][gc,marking  ] GC(53) Concurrent Clear Claimed Marks
[2024-05-19T14:59:42.122+0000][1][gc,marking  ] GC(53) Concurrent Clear Claimed Marks 0.125ms
[2024-05-19T14:59:42.122+0000][1][gc,marking  ] GC(53) Concurrent Cleanup for Next Mark
[2024-05-19T14:59:42.129+0000][1][gc,marking  ] GC(53) Concurrent Cleanup for Next Mark 6.799ms
[2024-05-19T14:59:42.129+0000][1][gc          ] GC(53) Concurrent Mark Cycle 289.311ms
[2024-05-19T14:59:43.292+0000][1][gc,start    ] GC(54) Pause Young (Prepare Mixed) (G1 Evacuation Pause)
[2024-05-19T14:59:43.292+0000][1][gc,task     ] GC(54) Using 4 workers of 4 for evacuation
[2024-05-19T14:59:43.292+0000][1][gc,age      ] GC(54) Desired survivor size 40370176 bytes, new threshold 15 (max threshold 15)
[2024-05-19T14:59:43.301+0000][1][gc,phases   ] GC(54)   Pre Evacuate Collection Set: 0.4ms
[2024-05-19T14:59:43.301+0000][1][gc,phases   ] GC(54)   Merge Heap Roots: 0.2ms
[2024-05-19T14:59:43.301+0000][1][gc,phases   ] GC(54)   Evacuate Collection Set: 6.8ms
[2024-05-19T14:59:43.301+0000][1][gc,phases   ] GC(54)   Post Evacuate Collection Set: 1.3ms
[2024-05-19T14:59:43.301+0000][1][gc,phases   ] GC(54)   Other: 0.1ms
[2024-05-19T14:59:43.301+0000][1][gc,age      ] GC(54) Age table with threshold 15 (max threshold 15)
[2024-05-19T14:59:43.301+0000][1][gc,age      ] GC(54) - age   1:    4175344 bytes,    4175344 total
[2024-05-19T14:59:43.301+0000][1][gc,age      ] GC(54) - age   2:     130552 bytes,    4305896 total
[2024-05-19T14:59:43.301+0000][1][gc,age      ] GC(54) - age   3:     383984 bytes,    4689880 total
[2024-05-19T14:59:43.301+0000][1][gc,age      ] GC(54) - age   4:      35808 bytes,    4725688 total
[2024-05-19T14:59:43.301+0000][1][gc,age      ] GC(54) - age   5:     121568 bytes,    4847256 total
[2024-05-19T14:59:43.301+0000][1][gc,age      ] GC(54) - age   6:       6456 bytes,    4853712 total
[2024-05-19T14:59:43.301+0000][1][gc,age      ] GC(54) - age   7:     273864 bytes,    5127576 total
[2024-05-19T14:59:43.301+0000][1][gc,age      ] GC(54) - age   8:     254096 bytes,    5381672 total
[2024-05-19T14:59:43.301+0000][1][gc,age      ] GC(54) - age   9:      66416 bytes,    5448088 total
[2024-05-19T14:59:43.301+0000][1][gc,age      ] GC(54) - age  10:     309880 bytes,    5757968 total
[2024-05-19T14:59:43.301+0000][1][gc,age      ] GC(54) - age  11:     338096 bytes,    6096064 total
[2024-05-19T14:59:43.301+0000][1][gc,age      ] GC(54) - age  12:     244920 bytes,    6340984 total
[2024-05-19T14:59:43.301+0000][1][gc,age      ] GC(54) - age  13:     327744 bytes,    6668728 total
[2024-05-19T14:59:43.301+0000][1][gc,age      ] GC(54) - age  14:     220856 bytes,    6889584 total
[2024-05-19T14:59:43.301+0000][1][gc,age      ] GC(54) - age  15:     177920 bytes,    7067504 total
[2024-05-19T14:59:43.301+0000][1][gc,heap     ] GC(54) Eden regions: 609->0(606)
[2024-05-19T14:59:43.301+0000][1][gc,heap     ] GC(54) Survivor regions: 5->8(77)
[2024-05-19T14:59:43.301+0000][1][gc,heap     ] GC(54) Old regions: 46->46
[2024-05-19T14:59:43.301+0000][1][gc,heap     ] GC(54) Humongous regions: 3->3
[2024-05-19T14:59:43.301+0000][1][gc,metaspace] GC(54) Metaspace: 98023K(100736K)->98023K(100736K) NonClass: 86080K(87808K)->86080K(87808K) Class: 11943K(12928K)->11943K(12928K)
[2024-05-19T14:59:43.301+0000][1][gc          ] GC(54) Pause Young (Prepare Mixed) (G1 Evacuation Pause) 662M->56M(1024M) 9.220ms
[2024-05-19T14:59:43.301+0000][1][gc,cpu      ] GC(54) User=0.03s Sys=0.00s Real=0.01s
[2024-05-19T14:59:43.301+0000][1][safepoint   ] Safepoint "G1CollectForAllocation", Time since last: 1169749331 ns, Reaching safepoint: 125232 ns, Cleanup: 13197 ns, At safepoint: 9335499 ns, Total: 9473928 ns
[2024-05-19T14:59:45.244+0000][1][gc,start    ] GC(55) Pause Young (Mixed) (G1 Evacuation Pause)
[2024-05-19T14:59:45.244+0000][1][gc,task     ] GC(55) Using 4 workers of 4 for evacuation
[2024-05-19T14:59:45.244+0000][1][gc,age      ] GC(55) Desired survivor size 40370176 bytes, new threshold 15 (max threshold 15)
[2024-05-19T14:59:45.256+0000][1][gc,phases   ] GC(55)   Pre Evacuate Collection Set: 0.5ms
[2024-05-19T14:59:45.256+0000][1][gc,phases   ] GC(55)   Merge Heap Roots: 0.1ms
[2024-05-19T14:59:45.256+0000][1][gc,phases   ] GC(55)   Evacuate Collection Set: 10.0ms
[2024-05-19T14:59:45.256+0000][1][gc,phases   ] GC(55)   Post Evacuate Collection Set: 1.3ms
[2024-05-19T14:59:45.256+0000][1][gc,phases   ] GC(55)   Other: 0.1ms
[2024-05-19T14:59:45.256+0000][1][gc,age      ] GC(55) Age table with threshold 15 (max threshold 15)
[2024-05-19T14:59:45.256+0000][1][gc,age      ] GC(55) - age   1:    3567136 bytes,    3567136 total
[2024-05-19T14:59:45.256+0000][1][gc,age      ] GC(55) - age   2:     126904 bytes,    3694040 total
[2024-05-19T14:59:45.256+0000][1][gc,age      ] GC(55) - age   3:     128032 bytes,    3822072 total
[2024-05-19T14:59:45.256+0000][1][gc,age      ] GC(55) - age   4:     378648 bytes,    4200720 total
[2024-05-19T14:59:45.256+0000][1][gc,age      ] GC(55) - age   5:      35768 bytes,    4236488 total
[2024-05-19T14:59:45.256+0000][1][gc,age      ] GC(55) - age   6:     113536 bytes,    4350024 total
[2024-05-19T14:59:45.256+0000][1][gc,age      ] GC(55) - age   7:       6456 bytes,    4356480 total
[2024-05-19T14:59:45.256+0000][1][gc,age      ] GC(55) - age   8:     273624 bytes,    4630104 total
[2024-05-19T14:59:45.256+0000][1][gc,age      ] GC(55) - age   9:     253512 bytes,    4883616 total
[2024-05-19T14:59:45.256+0000][1][gc,age      ] GC(55) - age  10:      66416 bytes,    4950032 total
[2024-05-19T14:59:45.256+0000][1][gc,age      ] GC(55) - age  11:     309744 bytes,    5259776 total
[2024-05-19T14:59:45.256+0000][1][gc,age      ] GC(55) - age  12:     337272 bytes,    5597048 total
[2024-05-19T14:59:45.256+0000][1][gc,age      ] GC(55) - age  13:     244088 bytes,    5841136 total
[2024-05-19T14:59:45.256+0000][1][gc,age      ] GC(55) - age  14:     327544 bytes,    6168680 total
[2024-05-19T14:59:45.256+0000][1][gc,age      ] GC(55) - age  15:     220504 bytes,    6389184 total
[2024-05-19T14:59:45.256+0000][1][gc,heap     ] GC(55) Eden regions: 606->0(607)
[2024-05-19T14:59:45.256+0000][1][gc,heap     ] GC(55) Survivor regions: 8->7(77)
[2024-05-19T14:59:45.256+0000][1][gc,heap     ] GC(55) Old regions: 46->45
[2024-05-19T14:59:45.256+0000][1][gc,heap     ] GC(55) Humongous regions: 3->3
[2024-05-19T14:59:45.256+0000][1][gc,metaspace] GC(55) Metaspace: 98023K(100736K)->98023K(100736K) NonClass: 86080K(87808K)->86080K(87808K) Class: 11943K(12928K)->11943K(12928K)
[2024-05-19T14:59:45.256+0000][1][gc          ] GC(55) Pause Young (Mixed) (G1 Evacuation Pause) 662M->53M(1024M) 12.624ms
[2024-05-19T14:59:45.257+0000][1][gc,cpu      ] GC(55) User=0.03s Sys=0.00s Real=0.01s
[2024-05-19T14:59:45.257+0000][1][safepoint   ] Safepoint "G1CollectForAllocation", Time since last: 1942262891 ns, Reaching safepoint: 175965 ns, Cleanup: 11125 ns, At safepoint: 12748625 ns, Total: 12935715 ns
[2024-05-19T15:00:02.663+0000][1][safepoint   ] Safepoint "Cleanup", Time since last: 17406435463 ns, Reaching safepoint: 43447 ns, Cleanup: 30098 ns, At safepoint: 9091 ns, Total: 82636 ns
[2024-05-19T15:00:15.082+0000][1][gc,start    ] GC(56) Pause Young (Concurrent Start) (G1 Evacuation Pause)
[2024-05-19T15:00:15.082+0000][1][gc,task     ] GC(56) Using 4 workers of 4 for evacuation
[2024-05-19T15:00:15.082+0000][1][gc,age      ] GC(56) Desired survivor size 40370176 bytes, new threshold 15 (max threshold 15)
[2024-05-19T15:00:15.095+0000][1][gc,phases   ] GC(56)   Pre Evacuate Collection Set: 0.5ms
[2024-05-19T15:00:15.095+0000][1][gc,phases   ] GC(56)   Merge Heap Roots: 0.1ms
[2024-05-19T15:00:15.095+0000][1][gc,phases   ] GC(56)   Evacuate Collection Set: 9.2ms
[2024-05-19T15:00:15.095+0000][1][gc,phases   ] GC(56)   Post Evacuate Collection Set: 2.7ms
[2024-05-19T15:00:15.095+0000][1][gc,phases   ] GC(56)   Other: 0.2ms
[2024-05-19T15:00:15.095+0000][1][gc,age      ] GC(56) Age table with threshold 15 (max threshold 15)
[2024-05-19T15:00:15.095+0000][1][gc,age      ] GC(56) - age   1:    2464904 bytes,    2464904 total
[2024-05-19T15:00:15.095+0000][1][gc,age      ] GC(56) - age   2:      94504 bytes,    2559408 total
[2024-05-19T15:00:15.095+0000][1][gc,age      ] GC(56) - age   3:     118592 bytes,    2678000 total
[2024-05-19T15:00:15.095+0000][1][gc,age      ] GC(56) - age   4:     118072 bytes,    2796072 total
[2024-05-19T15:00:15.095+0000][1][gc,age      ] GC(56) - age   5:     354680 bytes,    3150752 total
[2024-05-19T15:00:15.095+0000][1][gc,age      ] GC(56) - age   6:      35768 bytes,    3186520 total
[2024-05-19T15:00:15.095+0000][1][gc,age      ] GC(56) - age   7:     112280 bytes,    3298800 total
[2024-05-19T15:00:15.095+0000][1][gc,age      ] GC(56) - age   8:       6456 bytes,    3305256 total
[2024-05-19T15:00:15.095+0000][1][gc,age      ] GC(56) - age   9:     254592 bytes,    3559848 total
[2024-05-19T15:00:15.095+0000][1][gc,age      ] GC(56) - age  10:     248064 bytes,    3807912 total
[2024-05-19T15:00:15.095+0000][1][gc,age      ] GC(56) - age  11:      66416 bytes,    3874328 total
[2024-05-19T15:00:15.095+0000][1][gc,age      ] GC(56) - age  12:     257256 bytes,    4131584 total
[2024-05-19T15:00:15.095+0000][1][gc,age      ] GC(56) - age  13:     327080 bytes,    4458664 total
[2024-05-19T15:00:15.095+0000][1][gc,age      ] GC(56) - age  14:     243120 bytes,    4701784 total
[2024-05-19T15:00:15.095+0000][1][gc,age      ] GC(56) - age  15:     293776 bytes,    4995560 total
[2024-05-19T15:00:15.095+0000][1][gc,heap     ] GC(56) Eden regions: 607->0(608)
[2024-05-19T15:00:15.095+0000][1][gc,heap     ] GC(56) Survivor regions: 7->6(77)
[2024-05-19T15:00:15.095+0000][1][gc,heap     ] GC(56) Old regions: 45->45
[2024-05-19T15:00:15.095+0000][1][gc,heap     ] GC(56) Humongous regions: 3->3
[2024-05-19T15:00:15.096+0000][1][gc,metaspace] GC(56) Metaspace: 98030K(100736K)->98030K(100736K) NonClass: 86086K(87808K)->86086K(87808K) Class: 11943K(12928K)->11943K(12928K)
[2024-05-19T15:00:15.096+0000][1][gc          ] GC(56) Pause Young (Concurrent Start) (G1 Evacuation Pause) 660M->52M(1024M) 13.192ms
[2024-05-19T15:00:15.096+0000][1][gc,cpu      ] GC(56) User=0.03s Sys=0.00s Real=0.02s
[2024-05-19T15:00:15.096+0000][1][safepoint   ] Safepoint "G1CollectForAllocation", Time since last: 12419117451 ns, Reaching safepoint: 111189 ns, Cleanup: 9289 ns, At safepoint: 13341348 ns, Total: 13461826 ns
[2024-05-19T15:00:15.096+0000][1][gc          ] GC(57) Concurrent Mark Cycle
[2024-05-19T15:00:15.096+0000][1][gc,marking  ] GC(57) Concurrent Scan Root Regions
[2024-05-19T15:00:15.102+0000][1][gc,marking  ] GC(57) Concurrent Scan Root Regions 6.584ms
[2024-05-19T15:00:15.102+0000][1][gc,marking  ] GC(57) Concurrent Mark
[2024-05-19T15:00:15.102+0000][1][gc,marking  ] GC(57) Concurrent Mark From Roots
[2024-05-19T15:00:15.102+0000][1][gc,task     ] GC(57) Using 1 workers of 1 for marking
[2024-05-19T15:00:15.191+0000][1][gc,marking  ] GC(57) Concurrent Mark From Roots 89.041ms
[2024-05-19T15:00:15.191+0000][1][gc,marking  ] GC(57) Concurrent Preclean
[2024-05-19T15:00:15.192+0000][1][gc,marking  ] GC(57) Concurrent Preclean 0.274ms
[2024-05-19T15:00:15.192+0000][1][gc,start    ] GC(57) Pause Remark
[2024-05-19T15:00:15.220+0000][1][gc          ] GC(57) Pause Remark 115M->115M(1024M) 27.236ms
[2024-05-19T15:00:15.220+0000][1][gc,cpu      ] GC(57) User=0.04s Sys=0.00s Real=0.03s
[2024-05-19T15:00:15.220+0000][1][safepoint   ] Safepoint "G1PauseRemark", Time since last: 96154324 ns, Reaching safepoint: 574244 ns, Cleanup: 6207 ns, At safepoint: 27398448 ns, Total: 27978899 ns
[2024-05-19T15:00:15.220+0000][1][gc,marking  ] GC(57) Concurrent Mark 117.482ms
[2024-05-19T15:00:15.220+0000][1][gc,marking  ] GC(57) Concurrent Rebuild Remembered Sets and Scrub Regions
[2024-05-19T15:00:15.253+0000][1][gc,marking  ] GC(57) Concurrent Rebuild Remembered Sets and Scrub Regions 32.650ms
[2024-05-19T15:00:15.253+0000][1][gc,start    ] GC(57) Pause Cleanup
[2024-05-19T15:00:15.253+0000][1][gc          ] GC(57) Pause Cleanup 115M->115M(1024M) 0.238ms
[2024-05-19T15:00:15.253+0000][1][gc,cpu      ] GC(57) User=0.00s Sys=0.00s Real=0.00s
[2024-05-19T15:00:15.253+0000][1][safepoint   ] Safepoint "G1PauseCleanup", Time since last: 32834990 ns, Reaching safepoint: 23372 ns, Cleanup: 8673 ns, At safepoint: 297437 ns, Total: 329482 ns
[2024-05-19T15:00:15.253+0000][1][gc,marking  ] GC(57) Concurrent Clear Claimed Marks
[2024-05-19T15:00:15.253+0000][1][gc,marking  ] GC(57) Concurrent Clear Claimed Marks 0.114ms
[2024-05-19T15:00:15.253+0000][1][gc,marking  ] GC(57) Concurrent Cleanup for Next Mark
[2024-05-19T15:00:15.257+0000][1][gc,marking  ] GC(57) Concurrent Cleanup for Next Mark 3.594ms
[2024-05-19T15:00:15.257+0000][1][gc          ] GC(57) Concurrent Mark Cycle 161.107ms
[2024-05-19T15:00:16.987+0000][1][safepoint   ] Safepoint "Cleanup", Time since last: 1734263471 ns, Reaching safepoint: 37409 ns, Cleanup: 24735 ns, At safepoint: 7921 ns, Total: 70065 ns
[2024-05-19T15:00:17.437+0000][1][gc,start    ] GC(58) Pause Young (Prepare Mixed) (G1 Evacuation Pause)
[2024-05-19T15:00:17.437+0000][1][gc,task     ] GC(58) Using 4 workers of 4 for evacuation
[2024-05-19T15:00:17.437+0000][1][gc,age      ] GC(58) Desired survivor size 40370176 bytes, new threshold 15 (max threshold 15)
[2024-05-19T15:00:17.447+0000][1][gc,phases   ] GC(58)   Pre Evacuate Collection Set: 0.5ms
[2024-05-19T15:00:17.447+0000][1][gc,phases   ] GC(58)   Merge Heap Roots: 0.2ms
[2024-05-19T15:00:17.447+0000][1][gc,phases   ] GC(58)   Evacuate Collection Set: 7.4ms
[2024-05-19T15:00:17.447+0000][1][gc,phases   ] GC(58)   Post Evacuate Collection Set: 1.5ms
[2024-05-19T15:00:17.447+0000][1][gc,phases   ] GC(58)   Other: 0.1ms
[2024-05-19T15:00:17.447+0000][1][gc,age      ] GC(58) Age table with threshold 15 (max threshold 15)
[2024-05-19T15:00:17.447+0000][1][gc,age      ] GC(58) - age   1:    3292896 bytes,    3292896 total
[2024-05-19T15:00:17.447+0000][1][gc,age      ] GC(58) - age   2:     480424 bytes,    3773320 total
[2024-05-19T15:00:17.447+0000][1][gc,age      ] GC(58) - age   3:      91264 bytes,    3864584 total
[2024-05-19T15:00:17.447+0000][1][gc,age      ] GC(58) - age   4:     115232 bytes,    3979816 total
[2024-05-19T15:00:17.447+0000][1][gc,age      ] GC(58) - age   5:     118032 bytes,    4097848 total
[2024-05-19T15:00:17.447+0000][1][gc,age      ] GC(58) - age   6:     354680 bytes,    4452528 total
[2024-05-19T15:00:17.447+0000][1][gc,age      ] GC(58) - age   7:      35768 bytes,    4488296 total
[2024-05-19T15:00:17.447+0000][1][gc,age      ] GC(58) - age   8:     103680 bytes,    4591976 total
[2024-05-19T15:00:17.447+0000][1][gc,age      ] GC(58) - age   9:       6456 bytes,    4598432 total
[2024-05-19T15:00:17.447+0000][1][gc,age      ] GC(58) - age  10:     254592 bytes,    4853024 total
[2024-05-19T15:00:17.447+0000][1][gc,age      ] GC(58) - age  11:     247528 bytes,    5100552 total
[2024-05-19T15:00:17.447+0000][1][gc,age      ] GC(58) - age  12:      66416 bytes,    5166968 total
[2024-05-19T15:00:17.447+0000][1][gc,age      ] GC(58) - age  13:     255536 bytes,    5422504 total
[2024-05-19T15:00:17.447+0000][1][gc,age      ] GC(58) - age  14:     327080 bytes,    5749584 total
[2024-05-19T15:00:17.447+0000][1][gc,age      ] GC(58) - age  15:     243120 bytes,    5992704 total
[2024-05-19T15:00:17.447+0000][1][gc,heap     ] GC(58) Eden regions: 608->0(608)
[2024-05-19T15:00:17.447+0000][1][gc,heap     ] GC(58) Survivor regions: 6->6(77)
[2024-05-19T15:00:17.447+0000][1][gc,heap     ] GC(58) Old regions: 45->45
[2024-05-19T15:00:17.447+0000][1][gc,heap     ] GC(58) Humongous regions: 3->3
[2024-05-19T15:00:17.447+0000][1][gc,metaspace] GC(58) Metaspace: 98030K(100736K)->98030K(100736K) NonClass: 86086K(87808K)->86086K(87808K) Class: 11943K(12928K)->11943K(12928K)
[2024-05-19T15:00:17.447+0000][1][gc          ] GC(58) Pause Young (Prepare Mixed) (G1 Evacuation Pause) 660M->53M(1024M) 10.213ms
[2024-05-19T15:00:17.447+0000][1][gc,cpu      ] GC(58) User=0.03s Sys=0.01s Real=0.01s
[2024-05-19T15:00:17.447+0000][1][safepoint   ] Safepoint "G1CollectForAllocation", Time since last: 449368175 ns, Reaching safepoint: 105937 ns, Cleanup: 6532 ns, At safepoint: 10308805 ns, Total: 10421274 ns
[2024-05-19T15:00:18.693+0000][1][safepoint   ] Safepoint "Cleanup", Time since last: 1245941284 ns, Reaching safepoint: 37247 ns, Cleanup: 22763 ns, At safepoint: 7950 ns, Total: 67960 ns
[2024-05-19T15:00:37.671+0000][1][safepoint   ] Safepoint "Cleanup", Time since last: 18977945934 ns, Reaching safepoint: 7988 ns, Cleanup: 9693 ns, At safepoint: 3130 ns, Total: 20811 ns
[2024-05-19T15:00:46.244+0000][1][gc,start    ] GC(59) Pause Young (Mixed) (G1 Evacuation Pause)
[2024-05-19T15:00:46.244+0000][1][gc,task     ] GC(59) Using 4 workers of 4 for evacuation
[2024-05-19T15:00:46.244+0000][1][gc,age      ] GC(59) Desired survivor size 40370176 bytes, new threshold 15 (max threshold 15)
[2024-05-19T15:00:46.253+0000][1][gc,phases   ] GC(59)   Pre Evacuate Collection Set: 0.6ms
[2024-05-19T15:00:46.253+0000][1][gc,phases   ] GC(59)   Merge Heap Roots: 0.2ms
[2024-05-19T15:00:46.253+0000][1][gc,phases   ] GC(59)   Evacuate Collection Set: 7.6ms
[2024-05-19T15:00:46.253+0000][1][gc,phases   ] GC(59)   Post Evacuate Collection Set: 1.2ms
[2024-05-19T15:00:46.253+0000][1][gc,phases   ] GC(59)   Other: 0.2ms
[2024-05-19T15:00:46.253+0000][1][gc,age      ] GC(59) Age table with threshold 15 (max threshold 15)
[2024-05-19T15:00:46.253+0000][1][gc,age      ] GC(59) - age   1:    3799576 bytes,    3799576 total
[2024-05-19T15:00:46.253+0000][1][gc,age      ] GC(59) - age   2:      63704 bytes,    3863280 total
[2024-05-19T15:00:46.253+0000][1][gc,age      ] GC(59) - age   3:     430424 bytes,    4293704 total
[2024-05-19T15:00:46.253+0000][1][gc,age      ] GC(59) - age   4:      81560 bytes,    4375264 total
[2024-05-19T15:00:46.253+0000][1][gc,age      ] GC(59) - age   5:     107632 bytes,    4482896 total
[2024-05-19T15:00:46.253+0000][1][gc,age      ] GC(59) - age   6:     118032 bytes,    4600928 total
[2024-05-19T15:00:46.253+0000][1][gc,age      ] GC(59) - age   7:     320384 bytes,    4921312 total
[2024-05-19T15:00:46.253+0000][1][gc,age      ] GC(59) - age   8:      35120 bytes,    4956432 total
[2024-05-19T15:00:46.253+0000][1][gc,age      ] GC(59) - age   9:     103056 bytes,    5059488 total
[2024-05-19T15:00:46.253+0000][1][gc,age      ] GC(59) - age  10:       6456 bytes,    5065944 total
[2024-05-19T15:00:46.253+0000][1][gc,age      ] GC(59) - age  11:     254096 bytes,    5320040 total
[2024-05-19T15:00:46.253+0000][1][gc,age      ] GC(59) - age  12:     246840 bytes,    5566880 total
[2024-05-19T15:00:46.253+0000][1][gc,age      ] GC(59) - age  13:      66416 bytes,    5633296 total
[2024-05-19T15:00:46.254+0000][1][gc,age      ] GC(59) - age  14:     255424 bytes,    5888720 total
[2024-05-19T15:00:46.254+0000][1][gc,age      ] GC(59) - age  15:     317344 bytes,    6206064 total
[2024-05-19T15:00:46.254+0000][1][gc,heap     ] GC(59) Eden regions: 608->0(607)
[2024-05-19T15:00:46.254+0000][1][gc,heap     ] GC(59) Survivor regions: 6->7(77)
[2024-05-19T15:00:46.254+0000][1][gc,heap     ] GC(59) Old regions: 45->45
[2024-05-19T15:00:46.254+0000][1][gc,heap     ] GC(59) Humongous regions: 3->3
[2024-05-19T15:00:46.254+0000][1][gc,metaspace] GC(59) Metaspace: 98030K(100736K)->98030K(100736K) NonClass: 86086K(87808K)->86086K(87808K) Class: 11943K(12928K)->11943K(12928K)
[2024-05-19T15:00:46.254+0000][1][gc          ] GC(59) Pause Young (Mixed) (G1 Evacuation Pause) 661M->53M(1024M) 10.062ms
[2024-05-19T15:00:46.254+0000][1][gc,cpu      ] GC(59) User=0.03s Sys=0.00s Real=0.00s
[2024-05-19T15:00:46.254+0000][1][safepoint   ] Safepoint "G1CollectForAllocation", Time since last: 8572293808 ns, Reaching safepoint: 150462 ns, Cleanup: 6389 ns, At safepoint: 10161454 ns, Total: 10318305 ns
[2024-05-19T15:00:48.096+0000][1][gc,start    ] GC(60) Pause Young (Concurrent Start) (G1 Evacuation Pause)
[2024-05-19T15:00:48.096+0000][1][gc,task     ] GC(60) Using 4 workers of 4 for evacuation
[2024-05-19T15:00:48.096+0000][1][gc,age      ] GC(60) Desired survivor size 40370176 bytes, new threshold 15 (max threshold 15)
[2024-05-19T15:00:48.105+0000][1][gc,phases   ] GC(60)   Pre Evacuate Collection Set: 0.6ms
[2024-05-19T15:00:48.105+0000][1][gc,phases   ] GC(60)   Merge Heap Roots: 0.2ms
[2024-05-19T15:00:48.105+0000][1][gc,phases   ] GC(60)   Evacuate Collection Set: 6.4ms
[2024-05-19T15:00:48.105+0000][1][gc,phases   ] GC(60)   Post Evacuate Collection Set: 1.4ms
[2024-05-19T15:00:48.105+0000][1][gc,phases   ] GC(60)   Other: 0.1ms
[2024-05-19T15:00:48.105+0000][1][gc,age      ] GC(60) Age table with threshold 15 (max threshold 15)
[2024-05-19T15:00:48.105+0000][1][gc,age      ] GC(60) - age   1:    2570752 bytes,    2570752 total
[2024-05-19T15:00:48.105+0000][1][gc,age      ] GC(60) - age   2:     524904 bytes,    3095656 total
[2024-05-19T15:00:48.105+0000][1][gc,age      ] GC(60) - age   3:      62040 bytes,    3157696 total
[2024-05-19T15:00:48.105+0000][1][gc,age      ] GC(60) - age   4:     427968 bytes,    3585664 total
[2024-05-19T15:00:48.105+0000][1][gc,age      ] GC(60) - age   5:      76664 bytes,    3662328 total
[2024-05-19T15:00:48.105+0000][1][gc,age      ] GC(60) - age   6:     107632 bytes,    3769960 total
[2024-05-19T15:00:48.105+0000][1][gc,age      ] GC(60) - age   7:     118032 bytes,    3887992 total
[2024-05-19T15:00:48.105+0000][1][gc,age      ] GC(60) - age   8:     320384 bytes,    4208376 total
[2024-05-19T15:00:48.105+0000][1][gc,age      ] GC(60) - age   9:      35120 bytes,    4243496 total
[2024-05-19T15:00:48.105+0000][1][gc,age      ] GC(60) - age  10:     103056 bytes,    4346552 total
[2024-05-19T15:00:48.105+0000][1][gc,age      ] GC(60) - age  11:       6456 bytes,    4353008 total
[2024-05-19T15:00:48.105+0000][1][gc,age      ] GC(60) - age  12:     253856 bytes,    4606864 total
[2024-05-19T15:00:48.105+0000][1][gc,age      ] GC(60) - age  13:     246840 bytes,    4853704 total
[2024-05-19T15:00:48.105+0000][1][gc,age      ] GC(60) - age  14:      66416 bytes,    4920120 total
[2024-05-19T15:00:48.105+0000][1][gc,age      ] GC(60) - age  15:     255424 bytes,    5175544 total
[2024-05-19T15:00:48.105+0000][1][gc,heap     ] GC(60) Eden regions: 607->0(608)
[2024-05-19T15:00:48.105+0000][1][gc,heap     ] GC(60) Survivor regions: 7->6(77)
[2024-05-19T15:00:48.105+0000][1][gc,heap     ] GC(60) Old regions: 45->45
[2024-05-19T15:00:48.105+0000][1][gc,heap     ] GC(60) Humongous regions: 3->3
[2024-05-19T15:00:48.105+0000][1][gc,metaspace] GC(60) Metaspace: 98030K(100736K)->98030K(100736K) NonClass: 86086K(87808K)->86086K(87808K) Class: 11943K(12928K)->11943K(12928K)
[2024-05-19T15:00:48.105+0000][1][gc          ] GC(60) Pause Young (Concurrent Start) (G1 Evacuation Pause) 660M->52M(1024M) 9.126ms
[2024-05-19T15:00:48.105+0000][1][gc          ] GC(61) Concurrent Mark Cycle
[2024-05-19T15:00:48.105+0000][1][gc,marking  ] GC(61) Concurrent Scan Root Regions
[2024-05-19T15:00:48.105+0000][1][gc,cpu      ] GC(60) User=0.02s Sys=0.00s Real=0.01s
[2024-05-19T15:00:48.105+0000][1][safepoint   ] Safepoint "G1CollectForAllocation", Time since last: 1841977124 ns, Reaching safepoint: 149555 ns, Cleanup: 6723 ns, At safepoint: 9273084 ns, Total: 9429362 ns
[2024-05-19T15:00:48.113+0000][1][gc,marking  ] GC(61) Concurrent Scan Root Regions 7.988ms
[2024-05-19T15:00:48.113+0000][1][gc,marking  ] GC(61) Concurrent Mark
[2024-05-19T15:00:48.113+0000][1][gc,marking  ] GC(61) Concurrent Mark From Roots
[2024-05-19T15:00:48.113+0000][1][gc,task     ] GC(61) Using 1 workers of 1 for marking
[2024-05-19T15:00:48.226+0000][1][gc,marking  ] GC(61) Concurrent Mark From Roots 112.981ms
[2024-05-19T15:00:48.226+0000][1][gc,marking  ] GC(61) Concurrent Preclean
[2024-05-19T15:00:48.226+0000][1][gc,marking  ] GC(61) Concurrent Preclean 0.230ms
[2024-05-19T15:00:48.226+0000][1][gc,start    ] GC(61) Pause Remark
[2024-05-19T15:00:48.267+0000][1][gc          ] GC(61) Pause Remark 95M->95M(1024M) 40.068ms
[2024-05-19T15:00:48.267+0000][1][gc,cpu      ] GC(61) User=0.06s Sys=0.00s Real=0.04s
[2024-05-19T15:00:48.267+0000][1][safepoint   ] Safepoint "G1PauseRemark", Time since last: 121353776 ns, Reaching safepoint: 27470 ns, Cleanup: 5269 ns, At safepoint: 40197602 ns, Total: 40230341 ns
[2024-05-19T15:00:48.267+0000][1][gc,marking  ] GC(61) Concurrent Mark 153.611ms
[2024-05-19T15:00:48.267+0000][1][gc,marking  ] GC(61) Concurrent Rebuild Remembered Sets and Scrub Regions
[2024-05-19T15:00:48.301+0000][1][gc,marking  ] GC(61) Concurrent Rebuild Remembered Sets and Scrub Regions 34.517ms
[2024-05-19T15:00:48.301+0000][1][gc,start    ] GC(61) Pause Cleanup
[2024-05-19T15:00:48.302+0000][1][gc          ] GC(61) Pause Cleanup 111M->111M(1024M) 0.263ms
[2024-05-19T15:00:48.302+0000][1][gc,cpu      ] GC(61) User=0.00s Sys=0.00s Real=0.00s
[2024-05-19T15:00:48.302+0000][1][safepoint   ] Safepoint "G1PauseCleanup", Time since last: 34693165 ns, Reaching safepoint: 114099 ns, Cleanup: 4566 ns, At safepoint: 334209 ns, Total: 452874 ns
[2024-05-19T15:00:48.302+0000][1][gc,marking  ] GC(61) Concurrent Clear Claimed Marks
[2024-05-19T15:00:48.302+0000][1][gc,marking  ] GC(61) Concurrent Clear Claimed Marks 0.135ms
[2024-05-19T15:00:48.302+0000][1][gc,marking  ] GC(61) Concurrent Cleanup for Next Mark
[2024-05-19T15:00:48.322+0000][1][gc,marking  ] GC(61) Concurrent Cleanup for Next Mark 20.263ms
[2024-05-19T15:00:48.322+0000][1][gc          ] GC(61) Concurrent Mark Cycle 217.409ms
[2024-05-19T15:00:53.519+0000][1][gc,start    ] GC(62) Pause Young (Prepare Mixed) (G1 Evacuation Pause)
[2024-05-19T15:00:53.519+0000][1][gc,task     ] GC(62) Using 4 workers of 4 for evacuation
[2024-05-19T15:00:53.519+0000][1][gc,age      ] GC(62) Desired survivor size 40370176 bytes, new threshold 15 (max threshold 15)
[2024-05-19T15:00:53.531+0000][1][gc,phases   ] GC(62)   Pre Evacuate Collection Set: 0.5ms
[2024-05-19T15:00:53.531+0000][1][gc,phases   ] GC(62)   Merge Heap Roots: 0.2ms
[2024-05-19T15:00:53.531+0000][1][gc,phases   ] GC(62)   Evacuate Collection Set: 10.3ms
[2024-05-19T15:00:53.531+0000][1][gc,phases   ] GC(62)   Post Evacuate Collection Set: 1.4ms
[2024-05-19T15:00:53.531+0000][1][gc,phases   ] GC(62)   Other: 0.1ms
[2024-05-19T15:00:53.531+0000][1][gc,age      ] GC(62) Age table with threshold 15 (max threshold 15)
[2024-05-19T15:00:53.531+0000][1][gc,age      ] GC(62) - age   1:     917344 bytes,     917344 total
[2024-05-19T15:00:53.531+0000][1][gc,age      ] GC(62) - age   2:      85280 bytes,    1002624 total
[2024-05-19T15:00:53.531+0000][1][gc,age      ] GC(62) - age   3:     510912 bytes,    1513536 total
[2024-05-19T15:00:53.531+0000][1][gc,age      ] GC(62) - age   4:      62008 bytes,    1575544 total
[2024-05-19T15:00:53.531+0000][1][gc,age      ] GC(62) - age   5:     421648 bytes,    1997192 total
[2024-05-19T15:00:53.531+0000][1][gc,age      ] GC(62) - age   6:      75640 bytes,    2072832 total
[2024-05-19T15:00:53.531+0000][1][gc,age      ] GC(62) - age   7:     107632 bytes,    2180464 total
[2024-05-19T15:00:53.531+0000][1][gc,age      ] GC(62) - age   8:     118032 bytes,    2298496 total
[2024-05-19T15:00:53.531+0000][1][gc,age      ] GC(62) - age   9:     320280 bytes,    2618776 total
[2024-05-19T15:00:53.531+0000][1][gc,age      ] GC(62) - age  10:      35120 bytes,    2653896 total
[2024-05-19T15:00:53.531+0000][1][gc,age      ] GC(62) - age  11:     103056 bytes,    2756952 total
[2024-05-19T15:00:53.531+0000][1][gc,age      ] GC(62) - age  12:       6456 bytes,    2763408 total
[2024-05-19T15:00:53.531+0000][1][gc,age      ] GC(62) - age  13:     253856 bytes,    3017264 total
[2024-05-19T15:00:53.531+0000][1][gc,age      ] GC(62) - age  14:     246840 bytes,    3264104 total
[2024-05-19T15:00:53.531+0000][1][gc,age      ] GC(62) - age  15:      66416 bytes,    3330520 total
[2024-05-19T15:00:53.531+0000][1][gc,heap     ] GC(62) Eden regions: 608->0(610)
[2024-05-19T15:00:53.531+0000][1][gc,heap     ] GC(62) Survivor regions: 6->4(77)
[2024-05-19T15:00:53.531+0000][1][gc,heap     ] GC(62) Old regions: 45->45
[2024-05-19T15:00:53.531+0000][1][gc,heap     ] GC(62) Humongous regions: 3->3
[2024-05-19T15:00:53.531+0000][1][gc,metaspace] GC(62) Metaspace: 98030K(100736K)->98030K(100736K) NonClass: 86086K(87808K)->86086K(87808K) Class: 11943K(12928K)->11943K(12928K)
[2024-05-19T15:00:53.531+0000][1][gc          ] GC(62) Pause Young (Prepare Mixed) (G1 Evacuation Pause) 660M->51M(1024M) 12.819ms
[2024-05-19T15:00:53.531+0000][1][gc,cpu      ] GC(62) User=0.02s Sys=0.00s Real=0.01s
[2024-05-19T15:00:53.531+0000][1][safepoint   ] Safepoint "G1CollectForAllocation", Time since last: 5216521736 ns, Reaching safepoint: 145582 ns, Cleanup: 6577 ns, At safepoint: 12938872 ns, Total: 13091031 ns
[2024-05-19T15:00:57.079+0000][1][safepoint   ] Safepoint "Cleanup", Time since last: 3547743389 ns, Reaching safepoint: 28267 ns, Cleanup: 10019 ns, At safepoint: 2417 ns, Total: 40703 ns
[2024-05-19T15:00:57.428+0000][1][gc,start    ] GC(63) Pause Young (Mixed) (G1 Evacuation Pause)
[2024-05-19T15:00:57.428+0000][1][gc,task     ] GC(63) Using 4 workers of 4 for evacuation
[2024-05-19T15:00:57.428+0000][1][gc,age      ] GC(63) Desired survivor size 40370176 bytes, new threshold 15 (max threshold 15)
[2024-05-19T15:00:57.436+0000][1][gc,phases   ] GC(63)   Pre Evacuate Collection Set: 0.5ms
[2024-05-19T15:00:57.436+0000][1][gc,phases   ] GC(63)   Merge Heap Roots: 0.2ms
[2024-05-19T15:00:57.436+0000][1][gc,phases   ] GC(63)   Evacuate Collection Set: 5.7ms
[2024-05-19T15:00:57.436+0000][1][gc,phases   ] GC(63)   Post Evacuate Collection Set: 1.6ms
[2024-05-19T15:00:57.436+0000][1][gc,phases   ] GC(63)   Other: 0.1ms
[2024-05-19T15:00:57.436+0000][1][gc,age      ] GC(63) Age table with threshold 15 (max threshold 15)
[2024-05-19T15:00:57.436+0000][1][gc,age      ] GC(63) - age   1:    1141568 bytes,    1141568 total
[2024-05-19T15:00:57.436+0000][1][gc,age      ] GC(63) - age   2:      90832 bytes,    1232400 total
[2024-05-19T15:00:57.436+0000][1][gc,age      ] GC(63) - age   3:      72288 bytes,    1304688 total
[2024-05-19T15:00:57.436+0000][1][gc,age      ] GC(63) - age   4:     496016 bytes,    1800704 total
[2024-05-19T15:00:57.436+0000][1][gc,age      ] GC(63) - age   5:      62008 bytes,    1862712 total
[2024-05-19T15:00:57.436+0000][1][gc,age      ] GC(63) - age   6:     420960 bytes,    2283672 total
[2024-05-19T15:00:57.436+0000][1][gc,age      ] GC(63) - age   7:      75640 bytes,    2359312 total
[2024-05-19T15:00:57.436+0000][1][gc,age      ] GC(63) - age   8:     107632 bytes,    2466944 total
[2024-05-19T15:00:57.436+0000][1][gc,age      ] GC(63) - age   9:     118032 bytes,    2584976 total
[2024-05-19T15:00:57.436+0000][1][gc,age      ] GC(63) - age  10:     320280 bytes,    2905256 total
[2024-05-19T15:00:57.436+0000][1][gc,age      ] GC(63) - age  11:      35120 bytes,    2940376 total
[2024-05-19T15:00:57.436+0000][1][gc,age      ] GC(63) - age  12:     103056 bytes,    3043432 total
[2024-05-19T15:00:57.436+0000][1][gc,age      ] GC(63) - age  13:       6456 bytes,    3049888 total
[2024-05-19T15:00:57.436+0000][1][gc,age      ] GC(63) - age  14:     253856 bytes,    3303744 total
[2024-05-19T15:00:57.436+0000][1][gc,age      ] GC(63) - age  15:     246840 bytes,    3550584 total
[2024-05-19T15:00:57.436+0000][1][gc,heap     ] GC(63) Eden regions: 610->0(610)
[2024-05-19T15:00:57.436+0000][1][gc,heap     ] GC(63) Survivor regions: 4->4(77)
[2024-05-19T15:00:57.436+0000][1][gc,heap     ] GC(63) Old regions: 45->45
[2024-05-19T15:00:57.436+0000][1][gc,heap     ] GC(63) Humongous regions: 3->3
[2024-05-19T15:00:57.436+0000][1][gc,metaspace] GC(63) Metaspace: 98030K(100736K)->98030K(100736K) NonClass: 86086K(87808K)->86086K(87808K) Class: 11943K(12928K)->11943K(12928K)
[2024-05-19T15:00:57.436+0000][1][gc          ] GC(63) Pause Young (Mixed) (G1 Evacuation Pause) 661M->51M(1024M) 8.449ms
[2024-05-19T15:00:57.436+0000][1][gc,cpu      ] GC(63) User=0.01s Sys=0.01s Real=0.01s
[2024-05-19T15:00:57.436+0000][1][safepoint   ] Safepoint "G1CollectForAllocation", Time since last: 348234397 ns, Reaching safepoint: 25337 ns, Cleanup: 5786 ns, At safepoint: 8553117 ns, Total: 8584240 ns
[2024-05-19T15:01:01.543+0000][1][safepoint   ] Safepoint "Cleanup", Time since last: 4106515206 ns, Reaching safepoint: 37230 ns, Cleanup: 23173 ns, At safepoint: 8550 ns, Total: 68953 ns
[2024-05-19T15:01:02.696+0000][1][safepoint   ] Safepoint "Cleanup", Time since last: 1153559909 ns, Reaching safepoint: 29549 ns, Cleanup: 23161 ns, At safepoint: 5205 ns, Total: 57915 ns
[2024-05-19T15:01:07.753+0000][1][safepoint   ] Safepoint "Cleanup", Time since last: 5056519660 ns, Reaching safepoint: 37558 ns, Cleanup: 24220 ns, At safepoint: 7796 ns, Total: 69574 ns
[2024-05-19T15:11:14.770+0000][1][safepoint   ] Safepoint "Cleanup", Time since last: 607017511336 ns, Reaching safepoint: 8856 ns, Cleanup: 10700 ns, At safepoint: 5255 ns, Total: 24811 ns
[2024-05-19T15:16:48.042+0000][1][safepoint   ] Safepoint "Cleanup", Time since last: 333271808961 ns, Reaching safepoint: 100137 ns, Cleanup: 9067 ns, At safepoint: 3625 ns, Total: 112829 ns
[2024-05-19T15:16:48.226+0000][1][gc,start    ] GC(64) Pause Young (Concurrent Start) (G1 Evacuation Pause)
[2024-05-19T15:16:48.226+0000][1][gc,task     ] GC(64) Using 4 workers of 4 for evacuation
[2024-05-19T15:16:48.226+0000][1][gc,age      ] GC(64) Desired survivor size 40370176 bytes, new threshold 15 (max threshold 15)
[2024-05-19T15:16:48.234+0000][1][gc,phases   ] GC(64)   Pre Evacuate Collection Set: 0.6ms
[2024-05-19T15:16:48.235+0000][1][gc,phases   ] GC(64)   Merge Heap Roots: 0.2ms
[2024-05-19T15:16:48.235+0000][1][gc,phases   ] GC(64)   Evacuate Collection Set: 6.4ms
[2024-05-19T15:16:48.235+0000][1][gc,phases   ] GC(64)   Post Evacuate Collection Set: 1.4ms
[2024-05-19T15:16:48.235+0000][1][gc,phases   ] GC(64)   Other: 0.2ms
[2024-05-19T15:16:48.235+0000][1][gc,age      ] GC(64) Age table with threshold 15 (max threshold 15)
[2024-05-19T15:16:48.235+0000][1][gc,age      ] GC(64) - age   1:    4819320 bytes,    4819320 total
[2024-05-19T15:16:48.235+0000][1][gc,age      ] GC(64) - age   2:     112160 bytes,    4931480 total
[2024-05-19T15:16:48.235+0000][1][gc,age      ] GC(64) - age   3:      76704 bytes,    5008184 total
[2024-05-19T15:16:48.235+0000][1][gc,age      ] GC(64) - age   4:      69960 bytes,    5078144 total
[2024-05-19T15:16:48.235+0000][1][gc,age      ] GC(64) - age   5:     335440 bytes,    5413584 total
[2024-05-19T15:16:48.235+0000][1][gc,age      ] GC(64) - age   6:      61312 bytes,    5474896 total
[2024-05-19T15:16:48.235+0000][1][gc,age      ] GC(64) - age   7:     385872 bytes,    5860768 total
[2024-05-19T15:16:48.235+0000][1][gc,age      ] GC(64) - age   8:      67280 bytes,    5928048 total
[2024-05-19T15:16:48.235+0000][1][gc,age      ] GC(64) - age   9:     107208 bytes,    6035256 total
[2024-05-19T15:16:48.235+0000][1][gc,age      ] GC(64) - age  10:     104976 bytes,    6140232 total
[2024-05-19T15:16:48.235+0000][1][gc,age      ] GC(64) - age  11:     277568 bytes,    6417800 total
[2024-05-19T15:16:48.235+0000][1][gc,age      ] GC(64) - age  12:      35120 bytes,    6452920 total
[2024-05-19T15:16:48.235+0000][1][gc,age      ] GC(64) - age  13:     102632 bytes,    6555552 total
[2024-05-19T15:16:48.235+0000][1][gc,age      ] GC(64) - age  14:       6456 bytes,    6562008 total
[2024-05-19T15:16:48.235+0000][1][gc,age      ] GC(64) - age  15:     244840 bytes,    6806848 total
[2024-05-19T15:16:48.235+0000][1][gc,heap     ] GC(64) Eden regions: 610->0(607)
[2024-05-19T15:16:48.235+0000][1][gc,heap     ] GC(64) Survivor regions: 4->7(77)
[2024-05-19T15:16:48.235+0000][1][gc,heap     ] GC(64) Old regions: 45->45
[2024-05-19T15:16:48.235+0000][1][gc,heap     ] GC(64) Humongous regions: 3->3
[2024-05-19T15:16:48.235+0000][1][gc,metaspace] GC(64) Metaspace: 98030K(100736K)->98030K(100736K) NonClass: 86086K(87808K)->86086K(87808K) Class: 11943K(12928K)->11943K(12928K)
[2024-05-19T15:16:48.235+0000][1][gc          ] GC(64) Pause Young (Concurrent Start) (G1 Evacuation Pause) 661M->54M(1024M) 9.213ms
[2024-05-19T15:16:48.235+0000][1][gc,cpu      ] GC(64) User=0.03s Sys=0.01s Real=0.00s
[2024-05-19T15:16:48.235+0000][1][gc          ] GC(65) Concurrent Mark Cycle
[2024-05-19T15:16:48.235+0000][1][gc,marking  ] GC(65) Concurrent Scan Root Regions
[2024-05-19T15:16:48.235+0000][1][safepoint   ] Safepoint "G1CollectForAllocation", Time since last: 183194525 ns, Reaching safepoint: 28262 ns, Cleanup: 23204 ns, At safepoint: 9334781 ns, Total: 9386247 ns
[2024-05-19T15:16:48.241+0000][1][gc,marking  ] GC(65) Concurrent Scan Root Regions 6.320ms
[2024-05-19T15:16:48.241+0000][1][gc,marking  ] GC(65) Concurrent Mark
[2024-05-19T15:16:48.241+0000][1][gc,marking  ] GC(65) Concurrent Mark From Roots
[2024-05-19T15:16:48.241+0000][1][gc,task     ] GC(65) Using 1 workers of 1 for marking
[2024-05-19T15:16:48.322+0000][1][gc,marking  ] GC(65) Concurrent Mark From Roots 80.575ms
[2024-05-19T15:16:48.322+0000][1][gc,marking  ] GC(65) Concurrent Preclean
[2024-05-19T15:16:48.322+0000][1][gc,marking  ] GC(65) Concurrent Preclean 0.234ms
[2024-05-19T15:16:48.322+0000][1][gc,start    ] GC(65) Pause Remark
[2024-05-19T15:16:48.334+0000][1][gc          ] GC(65) Pause Remark 59M->59M(1024M) 11.760ms
[2024-05-19T15:16:48.334+0000][1][gc,cpu      ] GC(65) User=0.04s Sys=0.00s Real=0.01s
[2024-05-19T15:16:48.334+0000][1][safepoint   ] Safepoint "G1PauseRemark", Time since last: 87374206 ns, Reaching safepoint: 26543 ns, Cleanup: 4999 ns, At safepoint: 11916043 ns, Total: 11947585 ns
[2024-05-19T15:16:48.334+0000][1][gc,marking  ] GC(65) Concurrent Mark 92.990ms
[2024-05-19T15:16:48.334+0000][1][gc,marking  ] GC(65) Concurrent Rebuild Remembered Sets and Scrub Regions
[2024-05-19T15:16:48.366+0000][1][gc,marking  ] GC(65) Concurrent Rebuild Remembered Sets and Scrub Regions 31.641ms
[2024-05-19T15:16:48.366+0000][1][gc,start    ] GC(65) Pause Cleanup
[2024-05-19T15:16:48.366+0000][1][gc          ] GC(65) Pause Cleanup 59M->59M(1024M) 0.262ms
[2024-05-19T15:16:48.366+0000][1][gc,cpu      ] GC(65) User=0.00s Sys=0.00s Real=0.00s
[2024-05-19T15:16:48.366+0000][1][safepoint   ] Safepoint "G1PauseCleanup", Time since last: 31802610 ns, Reaching safepoint: 38357 ns, Cleanup: 4497 ns, At safepoint: 317495 ns, Total: 360349 ns
[2024-05-19T15:16:48.366+0000][1][gc,marking  ] GC(65) Concurrent Clear Claimed Marks
[2024-05-19T15:16:48.367+0000][1][gc,marking  ] GC(65) Concurrent Clear Claimed Marks 0.116ms
[2024-05-19T15:16:48.367+0000][1][gc,marking  ] GC(65) Concurrent Cleanup for Next Mark
[2024-05-19T15:16:48.370+0000][1][gc,marking  ] GC(65) Concurrent Cleanup for Next Mark 3.254ms
[2024-05-19T15:16:48.370+0000][1][gc          ] GC(65) Concurrent Mark Cycle 135.096ms
[2024-05-19T15:16:53.187+0000][1][safepoint   ] Safepoint "Cleanup", Time since last: 4820201488 ns, Reaching safepoint: 28476 ns, Cleanup: 11712 ns, At safepoint: 4459 ns, Total: 44647 ns
[2024-05-19T15:17:20.683+0000][1][safepoint   ] Safepoint "Cleanup", Time since last: 27496168836 ns, Reaching safepoint: 37082 ns, Cleanup: 23333 ns, At safepoint: 7797 ns, Total: 68212 ns
[2024-05-19T15:17:22.300+0000][1][safepoint   ] Safepoint "Cleanup", Time since last: 1617054288 ns, Reaching safepoint: 27865 ns, Cleanup: 10364 ns, At safepoint: 2556 ns, Total: 40785 ns
[2024-05-19T15:17:35.275+0000][1][safepoint   ] Safepoint "Cleanup", Time since last: 12975427368 ns, Reaching safepoint: 70054 ns, Cleanup: 44518 ns, At safepoint: 9081 ns, Total: 123653 ns
[2024-05-19T15:18:05.176+0000][1][safepoint   ] Safepoint "Cleanup", Time since last: 29900277358 ns, Reaching safepoint: 54897 ns, Cleanup: 24643 ns, At safepoint: 7367 ns, Total: 86907 ns
[2024-05-19T15:18:13.363+0000][1][safepoint   ] Safepoint "Cleanup", Time since last: 8187004396 ns, Reaching safepoint: 33229 ns, Cleanup: 19568 ns, At safepoint: 6274 ns, Total: 59071 ns
[2024-05-19T15:18:22.214+0000][1][safepoint   ] Safepoint "Cleanup", Time since last: 8850871744 ns, Reaching safepoint: 36683 ns, Cleanup: 27373 ns, At safepoint: 8401 ns, Total: 72457 ns
[2024-05-19T15:35:40.346+0000][1][gc,start    ] GC(66) Pause Young (Prepare Mixed) (G1 Evacuation Pause)
[2024-05-19T15:35:40.346+0000][1][gc,task     ] GC(66) Using 4 workers of 4 for evacuation
[2024-05-19T15:35:40.346+0000][1][gc,age      ] GC(66) Desired survivor size 40370176 bytes, new threshold 15 (max threshold 15)
[2024-05-19T15:35:40.355+0000][1][gc,phases   ] GC(66)   Pre Evacuate Collection Set: 0.4ms
[2024-05-19T15:35:40.355+0000][1][gc,phases   ] GC(66)   Merge Heap Roots: 0.1ms
[2024-05-19T15:35:40.355+0000][1][gc,phases   ] GC(66)   Evacuate Collection Set: 7.0ms
[2024-05-19T15:35:40.355+0000][1][gc,phases   ] GC(66)   Post Evacuate Collection Set: 1.4ms
[2024-05-19T15:35:40.355+0000][1][gc,phases   ] GC(66)   Other: 0.1ms
[2024-05-19T15:35:40.355+0000][1][gc,age      ] GC(66) Age table with threshold 15 (max threshold 15)
[2024-05-19T15:35:40.355+0000][1][gc,age      ] GC(66) - age   1:    5979936 bytes,    5979936 total
[2024-05-19T15:35:40.355+0000][1][gc,age      ] GC(66) - age   2:    1048304 bytes,    7028240 total
[2024-05-19T15:35:40.355+0000][1][gc,age      ] GC(66) - age   3:     103392 bytes,    7131632 total
[2024-05-19T15:35:40.355+0000][1][gc,age      ] GC(66) - age   4:      69664 bytes,    7201296 total
[2024-05-19T15:35:40.355+0000][1][gc,age      ] GC(66) - age   5:      69088 bytes,    7270384 total
[2024-05-19T15:35:40.355+0000][1][gc,age      ] GC(66) - age   6:     241752 bytes,    7512136 total
[2024-05-19T15:35:40.355+0000][1][gc,age      ] GC(66) - age   7:      30856 bytes,    7542992 total
[2024-05-19T15:35:40.355+0000][1][gc,age      ] GC(66) - age   8:     314480 bytes,    7857472 total
[2024-05-19T15:35:40.355+0000][1][gc,age      ] GC(66) - age   9:      33712 bytes,    7891184 total
[2024-05-19T15:35:40.355+0000][1][gc,age      ] GC(66) - age  10:      76432 bytes,    7967616 total
[2024-05-19T15:35:40.355+0000][1][gc,age      ] GC(66) - age  11:      44984 bytes,    8012600 total
[2024-05-19T15:35:40.355+0000][1][gc,age      ] GC(66) - age  12:     186496 bytes,    8199096 total
[2024-05-19T15:35:40.355+0000][1][gc,age      ] GC(66) - age  13:      35120 bytes,    8234216 total
[2024-05-19T15:35:40.355+0000][1][gc,age      ] GC(66) - age  14:      38776 bytes,    8272992 total
[2024-05-19T15:35:40.355+0000][1][gc,age      ] GC(66) - age  15:       6456 bytes,    8279448 total
[2024-05-19T15:35:40.355+0000][1][gc,heap     ] GC(66) Eden regions: 607->0(605)
[2024-05-19T15:35:40.355+0000][1][gc,heap     ] GC(66) Survivor regions: 7->9(77)
[2024-05-19T15:35:40.355+0000][1][gc,heap     ] GC(66) Old regions: 45->45
[2024-05-19T15:35:40.355+0000][1][gc,heap     ] GC(66) Humongous regions: 3->3
[2024-05-19T15:35:40.355+0000][1][gc,metaspace] GC(66) Metaspace: 98040K(100736K)->98040K(100736K) NonClass: 86096K(87808K)->86096K(87808K) Class: 11943K(12928K)->11943K(12928K)
[2024-05-19T15:35:40.355+0000][1][gc          ] GC(66) Pause Young (Prepare Mixed) (G1 Evacuation Pause) 661M->56M(1024M) 9.464ms
[2024-05-19T15:35:40.355+0000][1][gc,cpu      ] GC(66) User=0.03s Sys=0.01s Real=0.01s
[2024-05-19T15:35:40.356+0000][1][safepoint   ] Safepoint "G1CollectForAllocation", Time since last: 1038132082748 ns, Reaching safepoint: 31697 ns, Cleanup: 6471 ns, At safepoint: 9559707 ns, Total: 9597875 ns
[2024-05-19T15:42:28.498+0000][1][safepoint   ] Safepoint "Cleanup", Time since last: 408142151194 ns, Reaching safepoint: 38889 ns, Cleanup: 28838 ns, At safepoint: 9110 ns, Total: 76837 ns
[2024-05-19T16:21:22.347+0000][1][safepoint   ] Safepoint "Cleanup", Time since last: 2333849019305 ns, Reaching safepoint: 37061 ns, Cleanup: 23841 ns, At safepoint: 8388 ns, Total: 69290 ns
[2024-05-19T16:21:38.738+0000][1][gc,start    ] GC(67) Pause Young (Mixed) (G1 Evacuation Pause)
[2024-05-19T16:21:38.738+0000][1][gc,task     ] GC(67) Using 4 workers of 4 for evacuation
[2024-05-19T16:21:38.738+0000][1][gc,age      ] GC(67) Desired survivor size 40370176 bytes, new threshold 15 (max threshold 15)
[2024-05-19T16:21:38.749+0000][1][gc,phases   ] GC(67)   Pre Evacuate Collection Set: 0.4ms
[2024-05-19T16:21:38.749+0000][1][gc,phases   ] GC(67)   Merge Heap Roots: 0.2ms
[2024-05-19T16:21:38.749+0000][1][gc,phases   ] GC(67)   Evacuate Collection Set: 9.0ms
[2024-05-19T16:21:38.749+0000][1][gc,phases   ] GC(67)   Post Evacuate Collection Set: 1.3ms
[2024-05-19T16:21:38.749+0000][1][gc,phases   ] GC(67)   Other: 0.1ms
[2024-05-19T16:21:38.749+0000][1][gc,age      ] GC(67) Age table with threshold 15 (max threshold 15)
[2024-05-19T16:21:38.749+0000][1][gc,age      ] GC(67) - age   1:    2982696 bytes,    2982696 total
[2024-05-19T16:21:38.749+0000][1][gc,age      ] GC(67) - age   2:    4719560 bytes,    7702256 total
[2024-05-19T16:21:38.749+0000][1][gc,age      ] GC(67) - age   3:     911496 bytes,    8613752 total
[2024-05-19T16:21:38.749+0000][1][gc,age      ] GC(67) - age   4:      72584 bytes,    8686336 total
[2024-05-19T16:21:38.749+0000][1][gc,age      ] GC(67) - age   5:      69664 bytes,    8756000 total
[2024-05-19T16:21:38.749+0000][1][gc,age      ] GC(67) - age   6:      69088 bytes,    8825088 total
[2024-05-19T16:21:38.749+0000][1][gc,age      ] GC(67) - age   7:     210760 bytes,    9035848 total
[2024-05-19T16:21:38.749+0000][1][gc,age      ] GC(67) - age   8:      30856 bytes,    9066704 total
[2024-05-19T16:21:38.749+0000][1][gc,age      ] GC(67) - age   9:     283472 bytes,    9350176 total
[2024-05-19T16:21:38.750+0000][1][gc,age      ] GC(67) - age  10:      33712 bytes,    9383888 total
[2024-05-19T16:21:38.750+0000][1][gc,age      ] GC(67) - age  11:      76432 bytes,    9460320 total
[2024-05-19T16:21:38.750+0000][1][gc,age      ] GC(67) - age  12:      44984 bytes,    9505304 total
[2024-05-19T16:21:38.750+0000][1][gc,age      ] GC(67) - age  13:     155488 bytes,    9660792 total
[2024-05-19T16:21:38.750+0000][1][gc,age      ] GC(67) - age  14:      35120 bytes,    9695912 total
[2024-05-19T16:21:38.750+0000][1][gc,age      ] GC(67) - age  15:      38776 bytes,    9734688 total
[2024-05-19T16:21:38.750+0000][1][gc,heap     ] GC(67) Eden regions: 605->0(604)
[2024-05-19T16:21:38.750+0000][1][gc,heap     ] GC(67) Survivor regions: 9->10(77)
[2024-05-19T16:21:38.750+0000][1][gc,heap     ] GC(67) Old regions: 45->44
[2024-05-19T16:21:38.750+0000][1][gc,heap     ] GC(67) Humongous regions: 3->3
[2024-05-19T16:21:38.750+0000][1][gc,metaspace] GC(67) Metaspace: 98042K(100736K)->98042K(100736K) NonClass: 86098K(87808K)->86098K(87808K) Class: 11943K(12928K)->11943K(12928K)
[2024-05-19T16:21:38.750+0000][1][gc          ] GC(67) Pause Young (Mixed) (G1 Evacuation Pause) 661M->56M(1024M) 11.450ms
[2024-05-19T16:21:38.750+0000][1][gc,cpu      ] GC(67) User=0.04s Sys=0.00s Real=0.01s
[2024-05-19T16:21:38.750+0000][1][safepoint   ] Safepoint "G1CollectForAllocation", Time since last: 16391278131 ns, Reaching safepoint: 31728 ns, Cleanup: 6395 ns, At safepoint: 11540793 ns, Total: 11578916 ns
[2024-05-19T16:23:06.173+0000][1][safepoint   ] Safepoint "Cleanup", Time since last: 87423663555 ns, Reaching safepoint: 10926 ns, Cleanup: 10750 ns, At safepoint: 8264 ns, Total: 29940 ns
[2024-05-19T16:34:37.117+0000][1][safepoint   ] Safepoint "Cleanup", Time since last: 690943773121 ns, Reaching safepoint: 101322 ns, Cleanup: 28120 ns, At safepoint: 15115 ns, Total: 144557 ns
[2024-05-19T16:51:40.335+0000][1][safepoint   ] Safepoint "Cleanup", Time since last: 1023218103341 ns, Reaching safepoint: 8548 ns, Cleanup: 10807 ns, At safepoint: 4115 ns, Total: 23470 ns
[2024-05-19T16:59:38.350+0000][1][gc,start    ] GC(68) Pause Young (Concurrent Start) (G1 Evacuation Pause)
[2024-05-19T16:59:38.350+0000][1][gc,task     ] GC(68) Using 4 workers of 4 for evacuation
[2024-05-19T16:59:38.350+0000][1][gc,age      ] GC(68) Desired survivor size 40370176 bytes, new threshold 15 (max threshold 15)
[2024-05-19T16:59:38.361+0000][1][gc,phases   ] GC(68)   Pre Evacuate Collection Set: 0.4ms
[2024-05-19T16:59:38.361+0000][1][gc,phases   ] GC(68)   Merge Heap Roots: 0.1ms
[2024-05-19T16:59:38.361+0000][1][gc,phases   ] GC(68)   Evacuate Collection Set: 8.9ms
[2024-05-19T16:59:38.361+0000][1][gc,phases   ] GC(68)   Post Evacuate Collection Set: 1.3ms
[2024-05-19T16:59:38.361+0000][1][gc,phases   ] GC(68)   Other: 0.2ms
[2024-05-19T16:59:38.361+0000][1][gc,age      ] GC(68) Age table with threshold 15 (max threshold 15)
[2024-05-19T16:59:38.362+0000][1][gc,age      ] GC(68) - age   1:    6342704 bytes,    6342704 total
[2024-05-19T16:59:38.362+0000][1][gc,age      ] GC(68) - age   2:    1676112 bytes,    8018816 total
[2024-05-19T16:59:38.362+0000][1][gc,age      ] GC(68) - age   3:    1340920 bytes,    9359736 total
[2024-05-19T16:59:38.362+0000][1][gc,age      ] GC(68) - age   4:     831712 bytes,   10191448 total
[2024-05-19T16:59:38.362+0000][1][gc,age      ] GC(68) - age   5:      41312 bytes,   10232760 total
[2024-05-19T16:59:38.362+0000][1][gc,age      ] GC(68) - age   6:      69304 bytes,   10302064 total
[2024-05-19T16:59:38.362+0000][1][gc,age      ] GC(68) - age   7:      38280 bytes,   10340344 total
[2024-05-19T16:59:38.362+0000][1][gc,age      ] GC(68) - age   8:     177336 bytes,   10517680 total
[2024-05-19T16:59:38.362+0000][1][gc,age      ] GC(68) - age   9:      30856 bytes,   10548536 total
[2024-05-19T16:59:38.362+0000][1][gc,age      ] GC(68) - age  10:     190456 bytes,   10738992 total
[2024-05-19T16:59:38.362+0000][1][gc,age      ] GC(68) - age  11:      33712 bytes,   10772704 total
[2024-05-19T16:59:38.362+0000][1][gc,age      ] GC(68) - age  12:      76432 bytes,   10849136 total
[2024-05-19T16:59:38.362+0000][1][gc,age      ] GC(68) - age  13:      44984 bytes,   10894120 total
[2024-05-19T16:59:38.362+0000][1][gc,age      ] GC(68) - age  14:      85112 bytes,   10979232 total
[2024-05-19T16:59:38.362+0000][1][gc,age      ] GC(68) - age  15:      11216 bytes,   10990448 total
[2024-05-19T16:59:38.362+0000][1][gc,heap     ] GC(68) Eden regions: 604->0(602)
[2024-05-19T16:59:38.362+0000][1][gc,heap     ] GC(68) Survivor regions: 10->12(77)
[2024-05-19T16:59:38.362+0000][1][gc,heap     ] GC(68) Old regions: 44->44
[2024-05-19T16:59:38.362+0000][1][gc,heap     ] GC(68) Humongous regions: 3->3
[2024-05-19T16:59:38.362+0000][1][gc,metaspace] GC(68) Metaspace: 98048K(100736K)->98048K(100736K) NonClass: 86104K(87808K)->86104K(87808K) Class: 11943K(12928K)->11943K(12928K)
[2024-05-19T16:59:38.362+0000][1][gc          ] GC(68) Pause Young (Concurrent Start) (G1 Evacuation Pause) 660M->58M(1024M) 11.337ms
[2024-05-19T16:59:38.362+0000][1][gc          ] GC(69) Concurrent Mark Cycle
[2024-05-19T16:59:38.362+0000][1][gc,marking  ] GC(69) Concurrent Scan Root Regions
[2024-05-19T16:59:38.362+0000][1][gc,cpu      ] GC(68) User=0.04s Sys=0.00s Real=0.01s
[2024-05-19T16:59:38.362+0000][1][safepoint   ] Safepoint "G1CollectForAllocation", Time since last: 478014898551 ns, Reaching safepoint: 24425 ns, Cleanup: 6328 ns, At safepoint: 11481861 ns, Total: 11512614 ns
[2024-05-19T16:59:38.370+0000][1][gc,marking  ] GC(69) Concurrent Scan Root Regions 7.692ms
[2024-05-19T16:59:38.370+0000][1][gc,marking  ] GC(69) Concurrent Mark
[2024-05-19T16:59:38.370+0000][1][gc,marking  ] GC(69) Concurrent Mark From Roots
[2024-05-19T16:59:38.370+0000][1][gc,task     ] GC(69) Using 1 workers of 1 for marking
[2024-05-19T16:59:38.436+0000][1][gc,marking  ] GC(69) Concurrent Mark From Roots 66.068ms
[2024-05-19T16:59:38.436+0000][1][gc,marking  ] GC(69) Concurrent Preclean
[2024-05-19T16:59:38.436+0000][1][gc,marking  ] GC(69) Concurrent Preclean 0.226ms
[2024-05-19T16:59:38.436+0000][1][gc,start    ] GC(69) Pause Remark
[2024-05-19T16:59:38.593+0000][1][gc          ] GC(69) Pause Remark 59M->59M(1024M) 156.907ms
[2024-05-19T16:59:38.593+0000][1][gc,cpu      ] GC(69) User=0.20s Sys=0.00s Real=0.15s
[2024-05-19T16:59:38.593+0000][1][safepoint   ] Safepoint "G1PauseRemark", Time since last: 74207100 ns, Reaching safepoint: 27178 ns, Cleanup: 4917 ns, At safepoint: 157041773 ns, Total: 157073868 ns
[2024-05-19T16:59:38.593+0000][1][gc,marking  ] GC(69) Concurrent Mark 223.644ms
[2024-05-19T16:59:38.593+0000][1][gc,marking  ] GC(69) Concurrent Rebuild Remembered Sets and Scrub Regions
[2024-05-19T16:59:38.621+0000][1][gc,marking  ] GC(69) Concurrent Rebuild Remembered Sets and Scrub Regions 27.379ms
[2024-05-19T16:59:38.621+0000][1][gc,start    ] GC(69) Pause Cleanup
[2024-05-19T16:59:38.621+0000][1][gc          ] GC(69) Pause Cleanup 60M->60M(1024M) 0.279ms
[2024-05-19T16:59:38.621+0000][1][gc,cpu      ] GC(69) User=0.00s Sys=0.00s Real=0.00s
[2024-05-19T16:59:38.621+0000][1][safepoint   ] Safepoint "G1PauseCleanup", Time since last: 27640951 ns, Reaching safepoint: 20135 ns, Cleanup: 96865 ns, At safepoint: 333368 ns, Total: 450368 ns
[2024-05-19T16:59:38.621+0000][1][gc,marking  ] GC(69) Concurrent Clear Claimed Marks
[2024-05-19T16:59:38.621+0000][1][gc,marking  ] GC(69) Concurrent Clear Claimed Marks 0.106ms
[2024-05-19T16:59:38.621+0000][1][gc,marking  ] GC(69) Concurrent Cleanup for Next Mark
[2024-05-19T16:59:38.625+0000][1][gc,marking  ] GC(69) Concurrent Cleanup for Next Mark 3.244ms
[2024-05-19T16:59:38.625+0000][1][gc          ] GC(69) Concurrent Mark Cycle 262.996ms
[2024-05-19T17:01:52.202+0000][1][safepoint   ] Safepoint "Cleanup", Time since last: 133581121195 ns, Reaching safepoint: 101375 ns, Cleanup: 22901 ns, At safepoint: 8272 ns, Total: 132548 ns
[2024-05-19T17:01:55.204+0000][1][safepoint   ] Safepoint "Cleanup", Time since last: 3000955275 ns, Reaching safepoint: 35436 ns, Cleanup: 42736 ns, At safepoint: 4634 ns, Total: 82806 ns
[2024-05-19T17:09:34.006+0000][1][safepoint   ] Safepoint "Cleanup", Time since last: 458802652562 ns, Reaching safepoint: 10098 ns, Cleanup: 10086 ns, At safepoint: 4490 ns, Total: 24674 ns
[2024-05-19T17:09:35.959+0000][1][safepoint   ] Safepoint "Cleanup", Time since last: 1952397083 ns, Reaching safepoint: 12731 ns, Cleanup: 11613 ns, At safepoint: 5952 ns, Total: 30296 ns
[2024-05-19T17:10:09.027+0000][1][safepoint   ] Safepoint "Cleanup", Time since last: 33068297838 ns, Reaching safepoint: 29237 ns, Cleanup: 17577 ns, At safepoint: 4439 ns, Total: 51253 ns
[2024-05-19T17:11:00.046+0000][1][safepoint   ] Safepoint "Cleanup", Time since last: 51018558168 ns, Reaching safepoint: 30388 ns, Cleanup: 18073 ns, At safepoint: 5795 ns, Total: 54256 ns
[2024-05-19T17:12:28.067+0000][1][gc,start    ] GC(70) Pause Young (Prepare Mixed) (G1 Evacuation Pause)
[2024-05-19T17:12:28.067+0000][1][gc,task     ] GC(70) Using 4 workers of 4 for evacuation
[2024-05-19T17:12:28.067+0000][1][gc,age      ] GC(70) Desired survivor size 40370176 bytes, new threshold 15 (max threshold 15)
[2024-05-19T17:12:28.078+0000][1][gc,phases   ] GC(70)   Pre Evacuate Collection Set: 0.6ms
[2024-05-19T17:12:28.078+0000][1][gc,phases   ] GC(70)   Merge Heap Roots: 0.4ms
[2024-05-19T17:12:28.078+0000][1][gc,phases   ] GC(70)   Evacuate Collection Set: 7.7ms
[2024-05-19T17:12:28.078+0000][1][gc,phases   ] GC(70)   Post Evacuate Collection Set: 1.5ms
[2024-05-19T17:12:28.078+0000][1][gc,phases   ] GC(70)   Other: 0.3ms
[2024-05-19T17:12:28.078+0000][1][gc,age      ] GC(70) Age table with threshold 15 (max threshold 15)
[2024-05-19T17:12:28.078+0000][1][gc,age      ] GC(70) - age   1:    5585992 bytes,    5585992 total
[2024-05-19T17:12:28.078+0000][1][gc,age      ] GC(70) - age   2:    2064160 bytes,    7650152 total
[2024-05-19T17:12:28.078+0000][1][gc,age      ] GC(70) - age   3:    1653592 bytes,    9303744 total
[2024-05-19T17:12:28.078+0000][1][gc,age      ] GC(70) - age   4:    1184584 bytes,   10488328 total
[2024-05-19T17:12:28.078+0000][1][gc,age      ] GC(70) - age   5:     528432 bytes,   11016760 total
[2024-05-19T17:12:28.078+0000][1][gc,age      ] GC(70) - age   6:      14656 bytes,   11031416 total
[2024-05-19T17:12:28.078+0000][1][gc,age      ] GC(70) - age   7:      45144 bytes,   11076560 total
[2024-05-19T17:12:28.078+0000][1][gc,age      ] GC(70) - age   8:      12112 bytes,   11088672 total
[2024-05-19T17:12:28.078+0000][1][gc,age      ] GC(70) - age   9:      78536 bytes,   11167208 total
[2024-05-19T17:12:28.078+0000][1][gc,age      ] GC(70) - age  10:       9856 bytes,   11177064 total
[2024-05-19T17:12:28.078+0000][1][gc,age      ] GC(70) - age  11:      90232 bytes,   11267296 total
[2024-05-19T17:12:28.078+0000][1][gc,age      ] GC(70) - age  12:      10096 bytes,   11277392 total
[2024-05-19T17:12:28.078+0000][1][gc,age      ] GC(70) - age  13:      52928 bytes,   11330320 total
[2024-05-19T17:12:28.078+0000][1][gc,age      ] GC(70) - age  14:      17592 bytes,   11347912 total
[2024-05-19T17:12:28.078+0000][1][gc,age      ] GC(70) - age  15:      49208 bytes,   11397120 total
[2024-05-19T17:12:28.078+0000][1][gc,heap     ] GC(70) Eden regions: 602->0(602)
[2024-05-19T17:12:28.078+0000][1][gc,heap     ] GC(70) Survivor regions: 12->12(77)
[2024-05-19T17:12:28.078+0000][1][gc,heap     ] GC(70) Old regions: 44->44
[2024-05-19T17:12:28.078+0000][1][gc,heap     ] GC(70) Humongous regions: 3->3
[2024-05-19T17:12:28.078+0000][1][gc,metaspace] GC(70) Metaspace: 98054K(100736K)->98054K(100736K) NonClass: 86109K(87808K)->86109K(87808K) Class: 11944K(12928K)->11944K(12928K)
[2024-05-19T17:12:28.078+0000][1][gc          ] GC(70) Pause Young (Prepare Mixed) (G1 Evacuation Pause) 660M->58M(1024M) 10.959ms
[2024-05-19T17:12:28.078+0000][1][gc,cpu      ] GC(70) User=0.03s Sys=0.00s Real=0.01s
[2024-05-19T17:12:28.078+0000][1][safepoint   ] Safepoint "G1CollectForAllocation", Time since last: 88021550896 ns, Reaching safepoint: 87431 ns, Cleanup: 9405 ns, At safepoint: 11069694 ns, Total: 11166530 ns
[2024-05-19T17:40:58.505+0000][1][safepoint   ] Safepoint "Cleanup", Time since last: 1710426405776 ns, Reaching safepoint: 82718 ns, Cleanup: 19328 ns, At safepoint: 8804 ns, Total: 110850 ns
[2024-05-19T17:44:29.549+0000][1][safepoint   ] Safepoint "Cleanup", Time since last: 211043596238 ns, Reaching safepoint: 31381 ns, Cleanup: 19773 ns, At safepoint: 58365 ns, Total: 109519 ns
[2024-05-19T17:45:59.577+0000][1][safepoint   ] Safepoint "Cleanup", Time since last: 90028168288 ns, Reaching safepoint: 30381 ns, Cleanup: 17304 ns, At safepoint: 4844 ns, Total: 52529 ns
[2024-05-19T17:49:55.513+0000][1][safepoint   ] Safepoint "Cleanup", Time since last: 235936553147 ns, Reaching safepoint: 135701 ns, Cleanup: 12858 ns, At safepoint: 14599 ns, Total: 163158 ns
[2024-05-19T17:49:57.478+0000][1][safepoint   ] Safepoint "Cleanup", Time since last: 1964732976 ns, Reaching safepoint: 27905 ns, Cleanup: 11724 ns, At safepoint: 5674 ns, Total: 45303 ns
[2024-05-19T17:49:59.694+0000][1][gc,start    ] GC(71) Pause Young (Mixed) (G1 Evacuation Pause)
[2024-05-19T17:49:59.694+0000][1][gc,task     ] GC(71) Using 4 workers of 4 for evacuation
[2024-05-19T17:49:59.694+0000][1][gc,age      ] GC(71) Desired survivor size 40370176 bytes, new threshold 15 (max threshold 15)
[2024-05-19T17:49:59.706+0000][1][gc,phases   ] GC(71)   Pre Evacuate Collection Set: 0.5ms
[2024-05-19T17:49:59.706+0000][1][gc,phases   ] GC(71)   Merge Heap Roots: 0.2ms
[2024-05-19T17:49:59.706+0000][1][gc,phases   ] GC(71)   Evacuate Collection Set: 10.0ms
[2024-05-19T17:49:59.706+0000][1][gc,phases   ] GC(71)   Post Evacuate Collection Set: 1.6ms
[2024-05-19T17:49:59.706+0000][1][gc,phases   ] GC(71)   Other: 0.1ms
[2024-05-19T17:49:59.706+0000][1][gc,age      ] GC(71) Age table with threshold 15 (max threshold 15)
[2024-05-19T17:49:59.706+0000][1][gc,age      ] GC(71) - age   1:    4269704 bytes,    4269704 total
[2024-05-19T17:49:59.706+0000][1][gc,age      ] GC(71) - age   2:    1909560 bytes,    6179264 total
[2024-05-19T17:49:59.706+0000][1][gc,age      ] GC(71) - age   3:    2026152 bytes,    8205416 total
[2024-05-19T17:49:59.706+0000][1][gc,age      ] GC(71) - age   4:    1435488 bytes,    9640904 total
[2024-05-19T17:49:59.706+0000][1][gc,age      ] GC(71) - age   5:     644600 bytes,   10285504 total
[2024-05-19T17:49:59.706+0000][1][gc,age      ] GC(71) - age   6:     195720 bytes,   10481224 total
[2024-05-19T17:49:59.706+0000][1][gc,age      ] GC(71) - age   7:      13760 bytes,   10494984 total
[2024-05-19T17:49:59.706+0000][1][gc,age      ] GC(71) - age   8:      45144 bytes,   10540128 total
[2024-05-19T17:49:59.706+0000][1][gc,age      ] GC(71) - age   9:      12112 bytes,   10552240 total
[2024-05-19T17:49:59.706+0000][1][gc,age      ] GC(71) - age  10:      78536 bytes,   10630776 total
[2024-05-19T17:49:59.706+0000][1][gc,age      ] GC(71) - age  11:       9856 bytes,   10640632 total
[2024-05-19T17:49:59.706+0000][1][gc,age      ] GC(71) - age  12:      90144 bytes,   10730776 total
[2024-05-19T17:49:59.706+0000][1][gc,age      ] GC(71) - age  13:      10096 bytes,   10740872 total
[2024-05-19T17:49:59.706+0000][1][gc,age      ] GC(71) - age  14:      52928 bytes,   10793800 total
[2024-05-19T17:49:59.706+0000][1][gc,age      ] GC(71) - age  15:      17592 bytes,   10811392 total
[2024-05-19T17:49:59.706+0000][1][gc,heap     ] GC(71) Eden regions: 602->0(602)
[2024-05-19T17:49:59.706+0000][1][gc,heap     ] GC(71) Survivor regions: 12->12(77)
[2024-05-19T17:49:59.706+0000][1][gc,heap     ] GC(71) Old regions: 44->42
[2024-05-19T17:49:59.706+0000][1][gc,heap     ] GC(71) Humongous regions: 3->3
[2024-05-19T17:49:59.706+0000][1][gc,metaspace] GC(71) Metaspace: 98054K(100736K)->98054K(100736K) NonClass: 86110K(87808K)->86110K(87808K) Class: 11944K(12928K)->11944K(12928K)
[2024-05-19T17:49:59.707+0000][1][gc          ] GC(71) Pause Young (Mixed) (G1 Evacuation Pause) 660M->56M(1024M) 12.851ms
[2024-05-19T17:49:59.707+0000][1][gc,cpu      ] GC(71) User=0.04s Sys=0.00s Real=0.02s
[2024-05-19T17:49:59.708+0000][1][safepoint   ] Safepoint "G1CollectForAllocation", Time since last: 2215287271 ns, Reaching safepoint: 110243 ns, Cleanup: 6206 ns, At safepoint: 14005800 ns, Total: 14122249 ns
[2024-05-19T17:50:10.517+0000][1][safepoint   ] Safepoint "Cleanup", Time since last: 10809065380 ns, Reaching safepoint: 8746 ns, Cleanup: 9282 ns, At safepoint: 2813 ns, Total: 20841 ns
[2024-05-19T17:50:19.499+0000][1][safepoint   ] Safepoint "Cleanup", Time since last: 8981584031 ns, Reaching safepoint: 171423 ns, Cleanup: 13228 ns, At safepoint: 14436 ns, Total: 199087 ns
[2024-05-19T17:50:34.720+0000][1][gc,start    ] GC(72) Pause Young (Concurrent Start) (G1 Evacuation Pause)
[2024-05-19T17:50:34.720+0000][1][gc,task     ] GC(72) Using 4 workers of 4 for evacuation
[2024-05-19T17:50:34.720+0000][1][gc,age      ] GC(72) Desired survivor size 40370176 bytes, new threshold 15 (max threshold 15)
[2024-05-19T17:50:34.731+0000][1][gc,phases   ] GC(72)   Pre Evacuate Collection Set: 0.5ms
[2024-05-19T17:50:34.731+0000][1][gc,phases   ] GC(72)   Merge Heap Roots: 0.1ms
[2024-05-19T17:50:34.731+0000][1][gc,phases   ] GC(72)   Evacuate Collection Set: 8.3ms
[2024-05-19T17:50:34.731+0000][1][gc,phases   ] GC(72)   Post Evacuate Collection Set: 1.4ms
[2024-05-19T17:50:34.731+0000][1][gc,phases   ] GC(72)   Other: 0.2ms
[2024-05-19T17:50:34.731+0000][1][gc,age      ] GC(72) Age table with threshold 15 (max threshold 15)
[2024-05-19T17:50:34.731+0000][1][gc,age      ] GC(72) - age   1:    3054704 bytes,    3054704 total
[2024-05-19T17:50:34.731+0000][1][gc,age      ] GC(72) - age   2:    2246272 bytes,    5300976 total
[2024-05-19T17:50:34.731+0000][1][gc,age      ] GC(72) - age   3:    1718808 bytes,    7019784 total
[2024-05-19T17:50:34.731+0000][1][gc,age      ] GC(72) - age   4:    1993504 bytes,    9013288 total
[2024-05-19T17:50:34.731+0000][1][gc,age      ] GC(72) - age   5:    1405304 bytes,   10418592 total
[2024-05-19T17:50:34.731+0000][1][gc,age      ] GC(72) - age   6:     612904 bytes,   11031496 total
[2024-05-19T17:50:34.731+0000][1][gc,age      ] GC(72) - age   7:     163712 bytes,   11195208 total
[2024-05-19T17:50:34.731+0000][1][gc,age      ] GC(72) - age   8:      13600 bytes,   11208808 total
[2024-05-19T17:50:34.731+0000][1][gc,age      ] GC(72) - age   9:      45112 bytes,   11253920 total
[2024-05-19T17:50:34.731+0000][1][gc,age      ] GC(72) - age  10:      12112 bytes,   11266032 total
[2024-05-19T17:50:34.731+0000][1][gc,age      ] GC(72) - age  11:      47056 bytes,   11313088 total
[2024-05-19T17:50:34.731+0000][1][gc,age      ] GC(72) - age  12:       9856 bytes,   11322944 total
[2024-05-19T17:50:34.731+0000][1][gc,age      ] GC(72) - age  13:      59368 bytes,   11382312 total
[2024-05-19T17:50:34.731+0000][1][gc,age      ] GC(72) - age  14:      10096 bytes,   11392408 total
[2024-05-19T17:50:34.731+0000][1][gc,age      ] GC(72) - age  15:      52928 bytes,   11445336 total
[2024-05-19T17:50:34.731+0000][1][gc,heap     ] GC(72) Eden regions: 602->0(602)
[2024-05-19T17:50:34.731+0000][1][gc,heap     ] GC(72) Survivor regions: 12->12(77)
[2024-05-19T17:50:34.731+0000][1][gc,heap     ] GC(72) Old regions: 42->42
[2024-05-19T17:50:34.731+0000][1][gc,heap     ] GC(72) Humongous regions: 3->3
[2024-05-19T17:50:34.731+0000][1][gc,metaspace] GC(72) Metaspace: 98058K(100736K)->98058K(100736K) NonClass: 86113K(87808K)->86113K(87808K) Class: 11944K(12928K)->11944K(12928K)
[2024-05-19T17:50:34.731+0000][1][gc          ] GC(72) Pause Young (Concurrent Start) (G1 Evacuation Pause) 658M->56M(1024M) 10.906ms
[2024-05-19T17:50:34.731+0000][1][gc          ] GC(73) Concurrent Mark Cycle
[2024-05-19T17:50:34.731+0000][1][gc,marking  ] GC(73) Concurrent Scan Root Regions
[2024-05-19T17:50:34.731+0000][1][gc,cpu      ] GC(72) User=0.04s Sys=0.00s Real=0.01s
[2024-05-19T17:50:34.731+0000][1][safepoint   ] Safepoint "G1CollectForAllocation", Time since last: 15221422805 ns, Reaching safepoint: 227326 ns, Cleanup: 9894 ns, At safepoint: 11058005 ns, Total: 11295225 ns
[2024-05-19T17:50:34.741+0000][1][gc,marking  ] GC(73) Concurrent Scan Root Regions 10.002ms
[2024-05-19T17:50:34.741+0000][1][gc,marking  ] GC(73) Concurrent Mark
[2024-05-19T17:50:34.741+0000][1][gc,marking  ] GC(73) Concurrent Mark From Roots
[2024-05-19T17:50:34.741+0000][1][gc,task     ] GC(73) Using 1 workers of 1 for marking
[2024-05-19T17:50:34.821+0000][1][gc,marking  ] GC(73) Concurrent Mark From Roots 79.352ms
[2024-05-19T17:50:34.821+0000][1][gc,marking  ] GC(73) Concurrent Preclean
[2024-05-19T17:50:34.821+0000][1][gc,marking  ] GC(73) Concurrent Preclean 0.215ms
[2024-05-19T17:50:34.821+0000][1][gc,start    ] GC(73) Pause Remark
[2024-05-19T17:50:34.828+0000][1][gc          ] GC(73) Pause Remark 76M->76M(1024M) 7.090ms
[2024-05-19T17:50:34.828+0000][1][gc,cpu      ] GC(73) User=0.02s Sys=0.00s Real=0.01s
[2024-05-19T17:50:34.828+0000][1][safepoint   ] Safepoint "G1PauseRemark", Time since last: 89803407 ns, Reaching safepoint: 26586 ns, Cleanup: 5061 ns, At safepoint: 7213083 ns, Total: 7244730 ns
[2024-05-19T17:50:34.828+0000][1][gc,marking  ] GC(73) Concurrent Mark 87.053ms
[2024-05-19T17:50:34.828+0000][1][gc,marking  ] GC(73) Concurrent Rebuild Remembered Sets and Scrub Regions
[2024-05-19T17:50:34.857+0000][1][gc,marking  ] GC(73) Concurrent Rebuild Remembered Sets and Scrub Regions 28.238ms
[2024-05-19T17:50:34.857+0000][1][gc,start    ] GC(73) Pause Cleanup
[2024-05-19T17:50:34.857+0000][1][gc          ] GC(73) Pause Cleanup 76M->76M(1024M) 0.195ms
[2024-05-19T17:50:34.857+0000][1][gc,cpu      ] GC(73) User=0.00s Sys=0.00s Real=0.00s
[2024-05-19T17:50:34.857+0000][1][safepoint   ] Safepoint "G1PauseCleanup", Time since last: 28425272 ns, Reaching safepoint: 20234 ns, Cleanup: 4448 ns, At safepoint: 257657 ns, Total: 282339 ns
[2024-05-19T17:50:34.857+0000][1][gc,marking  ] GC(73) Concurrent Clear Claimed Marks
[2024-05-19T17:50:34.857+0000][1][gc,marking  ] GC(73) Concurrent Clear Claimed Marks 0.114ms
[2024-05-19T17:50:34.857+0000][1][gc,marking  ] GC(73) Concurrent Cleanup for Next Mark
[2024-05-19T17:50:34.860+0000][1][gc,marking  ] GC(73) Concurrent Cleanup for Next Mark 3.203ms
[2024-05-19T17:50:34.860+0000][1][gc          ] GC(73) Concurrent Mark Cycle 129.302ms
[2024-05-19T17:50:45.558+0000][1][safepoint   ] Safepoint "Cleanup", Time since last: 10700799503 ns, Reaching safepoint: 29029 ns, Cleanup: 18286 ns, At safepoint: 5534 ns, Total: 52849 ns
[2024-05-19T17:50:49.528+0000][1][safepoint   ] Safepoint "Cleanup", Time since last: 3970333643 ns, Reaching safepoint: 10366 ns, Cleanup: 6272 ns, At safepoint: 4964 ns, Total: 21602 ns
[2024-05-19T17:51:09.706+0000][1][gc,start    ] GC(74) Pause Young (Prepare Mixed) (G1 Evacuation Pause)
[2024-05-19T17:51:09.706+0000][1][gc,task     ] GC(74) Using 4 workers of 4 for evacuation
[2024-05-19T17:51:09.706+0000][1][gc,age      ] GC(74) Desired survivor size 40370176 bytes, new threshold 15 (max threshold 15)
[2024-05-19T17:51:09.729+0000][1][gc,phases   ] GC(74)   Pre Evacuate Collection Set: 6.1ms
[2024-05-19T17:51:09.729+0000][1][gc,phases   ] GC(74)   Merge Heap Roots: 0.2ms
[2024-05-19T17:51:09.729+0000][1][gc,phases   ] GC(74)   Evacuate Collection Set: 14.2ms
[2024-05-19T17:51:09.729+0000][1][gc,phases   ] GC(74)   Post Evacuate Collection Set: 2.3ms
[2024-05-19T17:51:09.729+0000][1][gc,phases   ] GC(74)   Other: 0.1ms
[2024-05-19T17:51:09.729+0000][1][gc,age      ] GC(74) Age table with threshold 15 (max threshold 15)
[2024-05-19T17:51:09.729+0000][1][gc,age      ] GC(74) - age   1:    2665184 bytes,    2665184 total
[2024-05-19T17:51:09.729+0000][1][gc,age      ] GC(74) - age   2:     439984 bytes,    3105168 total
[2024-05-19T17:51:09.729+0000][1][gc,age      ] GC(74) - age   3:    2149456 bytes,    5254624 total
[2024-05-19T17:51:09.729+0000][1][gc,age      ] GC(74) - age   4:    1586504 bytes,    6841128 total
[2024-05-19T17:51:09.729+0000][1][gc,age      ] GC(74) - age   5:    1957752 bytes,    8798880 total
[2024-05-19T17:51:09.729+0000][1][gc,age      ] GC(74) - age   6:    1373416 bytes,   10172296 total
[2024-05-19T17:51:09.729+0000][1][gc,age      ] GC(74) - age   7:     611208 bytes,   10783504 total
[2024-05-19T17:51:09.729+0000][1][gc,age      ] GC(74) - age   8:     162624 bytes,   10946128 total
[2024-05-19T17:51:09.729+0000][1][gc,age      ] GC(74) - age   9:      11872 bytes,   10958000 total
[2024-05-19T17:51:09.729+0000][1][gc,age      ] GC(74) - age  10:      44792 bytes,   11002792 total
[2024-05-19T17:51:09.729+0000][1][gc,age      ] GC(74) - age  11:      11920 bytes,   11014712 total
[2024-05-19T17:51:09.729+0000][1][gc,age      ] GC(74) - age  12:      46608 bytes,   11061320 total
[2024-05-19T17:51:09.729+0000][1][gc,age      ] GC(74) - age  13:       9856 bytes,   11071176 total
[2024-05-19T17:51:09.729+0000][1][gc,age      ] GC(74) - age  14:      58432 bytes,   11129608 total
[2024-05-19T17:51:09.729+0000][1][gc,age      ] GC(74) - age  15:      10096 bytes,   11139704 total
[2024-05-19T17:51:09.729+0000][1][gc,heap     ] GC(74) Eden regions: 602->0(602)
[2024-05-19T17:51:09.729+0000][1][gc,heap     ] GC(74) Survivor regions: 12->12(77)
[2024-05-19T17:51:09.729+0000][1][gc,heap     ] GC(74) Old regions: 42->43
[2024-05-19T17:51:09.729+0000][1][gc,heap     ] GC(74) Humongous regions: 3->3
[2024-05-19T17:51:09.729+0000][1][gc,metaspace] GC(74) Metaspace: 98063K(100736K)->98063K(100736K) NonClass: 86119K(87808K)->86119K(87808K) Class: 11944K(12928K)->11944K(12928K)
[2024-05-19T17:51:09.729+0000][1][gc          ] GC(74) Pause Young (Prepare Mixed) (G1 Evacuation Pause) 658M->56M(1024M) 23.362ms
[2024-05-19T17:51:09.729+0000][1][gc,cpu      ] GC(74) User=0.04s Sys=0.00s Real=0.02s
[2024-05-19T17:51:09.729+0000][1][safepoint   ] Safepoint "G1CollectForAllocation", Time since last: 20177390184 ns, Reaching safepoint: 31958 ns, Cleanup: 19204 ns, At safepoint: 23470087 ns, Total: 23521249 ns
[2024-05-19T17:52:27.773+0000][1][safepoint   ] Safepoint "Cleanup", Time since last: 78043785449 ns, Reaching safepoint: 23193 ns, Cleanup: 9268 ns, At safepoint: 9009 ns, Total: 41470 ns
[2024-05-19T17:52:38.297+0000][1][gc,start    ] GC(75) Pause Young (Mixed) (G1 Evacuation Pause)
[2024-05-19T17:52:38.297+0000][1][gc,task     ] GC(75) Using 4 workers of 4 for evacuation
[2024-05-19T17:52:38.297+0000][1][gc,age      ] GC(75) Desired survivor size 40370176 bytes, new threshold 15 (max threshold 15)
[2024-05-19T17:52:38.306+0000][1][gc,phases   ] GC(75)   Pre Evacuate Collection Set: 0.5ms
[2024-05-19T17:52:38.306+0000][1][gc,phases   ] GC(75)   Merge Heap Roots: 0.1ms
[2024-05-19T17:52:38.306+0000][1][gc,phases   ] GC(75)   Evacuate Collection Set: 6.8ms
[2024-05-19T17:52:38.306+0000][1][gc,phases   ] GC(75)   Post Evacuate Collection Set: 1.4ms
[2024-05-19T17:52:38.306+0000][1][gc,phases   ] GC(75)   Other: 0.1ms
[2024-05-19T17:52:38.306+0000][1][gc,age      ] GC(75) Age table with threshold 15 (max threshold 15)
[2024-05-19T17:52:38.306+0000][1][gc,age      ] GC(75) - age   1:    1334808 bytes,    1334808 total
[2024-05-19T17:52:38.306+0000][1][gc,age      ] GC(75) - age   2:     391168 bytes,    1725976 total
[2024-05-19T17:52:38.306+0000][1][gc,age      ] GC(75) - age   3:     343856 bytes,    2069832 total
[2024-05-19T17:52:38.306+0000][1][gc,age      ] GC(75) - age   4:    1822048 bytes,    3891880 total
[2024-05-19T17:52:38.306+0000][1][gc,age      ] GC(75) - age   5:    1360376 bytes,    5252256 total
[2024-05-19T17:52:38.306+0000][1][gc,age      ] GC(75) - age   6:    1673344 bytes,    6925600 total
[2024-05-19T17:52:38.306+0000][1][gc,age      ] GC(75) - age   7:    1242984 bytes,    8168584 total
[2024-05-19T17:52:38.306+0000][1][gc,age      ] GC(75) - age   8:     345584 bytes,    8514168 total
[2024-05-19T17:52:38.306+0000][1][gc,age      ] GC(75) - age   9:     162208 bytes,    8676376 total
[2024-05-19T17:52:38.306+0000][1][gc,age      ] GC(75) - age  10:      11872 bytes,    8688248 total
[2024-05-19T17:52:38.306+0000][1][gc,age      ] GC(75) - age  11:      11448 bytes,    8699696 total
[2024-05-19T17:52:38.306+0000][1][gc,age      ] GC(75) - age  12:      11920 bytes,    8711616 total
[2024-05-19T17:52:38.306+0000][1][gc,age      ] GC(75) - age  13:      13904 bytes,    8725520 total
[2024-05-19T17:52:38.306+0000][1][gc,age      ] GC(75) - age  14:       9856 bytes,    8735376 total
[2024-05-19T17:52:38.306+0000][1][gc,age      ] GC(75) - age  15:      15792 bytes,    8751168 total
[2024-05-19T17:52:38.306+0000][1][gc,heap     ] GC(75) Eden regions: 602->0(605)
[2024-05-19T17:52:38.306+0000][1][gc,heap     ] GC(75) Survivor regions: 12->9(77)
[2024-05-19T17:52:38.306+0000][1][gc,heap     ] GC(75) Old regions: 43->41
[2024-05-19T17:52:38.306+0000][1][gc,heap     ] GC(75) Humongous regions: 3->3
[2024-05-19T17:52:38.306+0000][1][gc,metaspace] GC(75) Metaspace: 98065K(100736K)->98065K(100736K) NonClass: 86121K(87808K)->86121K(87808K) Class: 11944K(12928K)->11944K(12928K)
[2024-05-19T17:52:38.306+0000][1][gc          ] GC(75) Pause Young (Mixed) (G1 Evacuation Pause) 658M->52M(1024M) 9.406ms
[2024-05-19T17:52:38.306+0000][1][gc,cpu      ] GC(75) User=0.03s Sys=0.00s Real=0.01s
[2024-05-19T17:52:38.306+0000][1][safepoint   ] Safepoint "G1CollectForAllocation", Time since last: 10523870133 ns, Reaching safepoint: 116127 ns, Cleanup: 5815 ns, At safepoint: 9541193 ns, Total: 9663135 ns
[2024-05-19T17:53:08.668+0000][1][safepoint   ] Safepoint "Cleanup", Time since last: 30361341231 ns, Reaching safepoint: 37833 ns, Cleanup: 26284 ns, At safepoint: 9065 ns, Total: 73182 ns
[2024-05-19T17:53:23.156+0000][1][gc,start    ] GC(76) Pause Young (Concurrent Start) (G1 Evacuation Pause)
[2024-05-19T17:53:23.156+0000][1][gc,task     ] GC(76) Using 4 workers of 4 for evacuation
[2024-05-19T17:53:23.156+0000][1][gc,age      ] GC(76) Desired survivor size 40370176 bytes, new threshold 15 (max threshold 15)
[2024-05-19T17:53:23.167+0000][1][gc,phases   ] GC(76)   Pre Evacuate Collection Set: 0.5ms
[2024-05-19T17:53:23.167+0000][1][gc,phases   ] GC(76)   Merge Heap Roots: 0.2ms
[2024-05-19T17:53:23.167+0000][1][gc,phases   ] GC(76)   Evacuate Collection Set: 8.4ms
[2024-05-19T17:53:23.167+0000][1][gc,phases   ] GC(76)   Post Evacuate Collection Set: 1.3ms
[2024-05-19T17:53:23.167+0000][1][gc,phases   ] GC(76)   Other: 0.3ms
[2024-05-19T17:53:23.167+0000][1][gc,age      ] GC(76) Age table with threshold 15 (max threshold 15)
[2024-05-19T17:53:23.167+0000][1][gc,age      ] GC(76) - age   1:    2536296 bytes,    2536296 total
[2024-05-19T17:53:23.167+0000][1][gc,age      ] GC(76) - age   2:     667856 bytes,    3204152 total
[2024-05-19T17:53:23.167+0000][1][gc,age      ] GC(76) - age   3:     365408 bytes,    3569560 total
[2024-05-19T17:53:23.167+0000][1][gc,age      ] GC(76) - age   4:     335112 bytes,    3904672 total
[2024-05-19T17:53:23.167+0000][1][gc,age      ] GC(76) - age   5:    1820040 bytes,    5724712 total
[2024-05-19T17:53:23.167+0000][1][gc,age      ] GC(76) - age   6:    1360376 bytes,    7085088 total
[2024-05-19T17:53:23.167+0000][1][gc,age      ] GC(76) - age   7:    1673344 bytes,    8758432 total
[2024-05-19T17:53:23.167+0000][1][gc,age      ] GC(76) - age   8:    1213560 bytes,    9971992 total
[2024-05-19T17:53:23.167+0000][1][gc,age      ] GC(76) - age   9:     345584 bytes,   10317576 total
[2024-05-19T17:53:23.167+0000][1][gc,age      ] GC(76) - age  10:     162208 bytes,   10479784 total
[2024-05-19T17:53:23.167+0000][1][gc,age      ] GC(76) - age  11:      11872 bytes,   10491656 total
[2024-05-19T17:53:23.167+0000][1][gc,age      ] GC(76) - age  12:      11448 bytes,   10503104 total
[2024-05-19T17:53:23.167+0000][1][gc,age      ] GC(76) - age  13:      11920 bytes,   10515024 total
[2024-05-19T17:53:23.167+0000][1][gc,age      ] GC(76) - age  14:      13904 bytes,   10528928 total
[2024-05-19T17:53:23.167+0000][1][gc,age      ] GC(76) - age  15:       9856 bytes,   10538784 total
[2024-05-19T17:53:23.167+0000][1][gc,heap     ] GC(76) Eden regions: 605->0(603)
[2024-05-19T17:53:23.167+0000][1][gc,heap     ] GC(76) Survivor regions: 9->11(77)
[2024-05-19T17:53:23.167+0000][1][gc,heap     ] GC(76) Old regions: 41->41
[2024-05-19T17:53:23.167+0000][1][gc,heap     ] GC(76) Humongous regions: 3->3
[2024-05-19T17:53:23.167+0000][1][gc,metaspace] GC(76) Metaspace: 98065K(100736K)->98065K(100736K) NonClass: 86121K(87808K)->86121K(87808K) Class: 11944K(12928K)->11944K(12928K)
[2024-05-19T17:53:23.167+0000][1][gc          ] GC(76) Pause Young (Concurrent Start) (G1 Evacuation Pause) 657M->54M(1024M) 11.042ms
[2024-05-19T17:53:23.167+0000][1][gc          ] GC(77) Concurrent Mark Cycle
[2024-05-19T17:53:23.167+0000][1][gc,marking  ] GC(77) Concurrent Scan Root Regions
[2024-05-19T17:53:23.167+0000][1][gc,cpu      ] GC(76) User=0.03s Sys=0.00s Real=0.01s
[2024-05-19T17:53:23.168+0000][1][safepoint   ] Safepoint "G1CollectForAllocation", Time since last: 14488355696 ns, Reaching safepoint: 117251 ns, Cleanup: 6721 ns, At safepoint: 11205500 ns, Total: 11329472 ns
[2024-05-19T17:53:23.177+0000][1][gc,marking  ] GC(77) Concurrent Scan Root Regions 9.674ms
[2024-05-19T17:53:23.177+0000][1][gc,marking  ] GC(77) Concurrent Mark
[2024-05-19T17:53:23.177+0000][1][gc,marking  ] GC(77) Concurrent Mark From Roots
[2024-05-19T17:53:23.177+0000][1][gc,task     ] GC(77) Using 1 workers of 1 for marking
[2024-05-19T17:53:23.268+0000][1][gc,marking  ] GC(77) Concurrent Mark From Roots 90.356ms
[2024-05-19T17:53:23.268+0000][1][gc,marking  ] GC(77) Concurrent Preclean
[2024-05-19T17:53:23.268+0000][1][gc,marking  ] GC(77) Concurrent Preclean 0.235ms
[2024-05-19T17:53:23.269+0000][1][gc,start    ] GC(77) Pause Remark
[2024-05-19T17:53:23.280+0000][1][gc          ] GC(77) Pause Remark 102M->102M(1024M) 11.861ms
[2024-05-19T17:53:23.280+0000][1][gc,cpu      ] GC(77) User=0.02s Sys=0.00s Real=0.01s
[2024-05-19T17:53:23.280+0000][1][safepoint   ] Safepoint "G1PauseRemark", Time since last: 100903043 ns, Reaching safepoint: 25631 ns, Cleanup: 5190 ns, At safepoint: 11992824 ns, Total: 12023645 ns
[2024-05-19T17:53:23.281+0000][1][gc,marking  ] GC(77) Concurrent Mark 103.289ms
[2024-05-19T17:53:23.281+0000][1][gc,marking  ] GC(77) Concurrent Rebuild Remembered Sets and Scrub Regions
[2024-05-19T17:53:23.309+0000][1][gc,marking  ] GC(77) Concurrent Rebuild Remembered Sets and Scrub Regions 28.921ms
[2024-05-19T17:53:23.310+0000][1][gc,start    ] GC(77) Pause Cleanup
[2024-05-19T17:53:23.310+0000][1][gc          ] GC(77) Pause Cleanup 103M->103M(1024M) 0.276ms
[2024-05-19T17:53:23.310+0000][1][gc,cpu      ] GC(77) User=0.00s Sys=0.00s Real=0.00s
[2024-05-19T17:53:23.310+0000][1][safepoint   ] Safepoint "G1PauseCleanup", Time since last: 29157704 ns, Reaching safepoint: 19461 ns, Cleanup: 8578 ns, At safepoint: 333151 ns, Total: 361190 ns
[2024-05-19T17:53:23.310+0000][1][gc,marking  ] GC(77) Concurrent Clear Claimed Marks
[2024-05-19T17:53:23.310+0000][1][gc,marking  ] GC(77) Concurrent Clear Claimed Marks 0.110ms
[2024-05-19T17:53:23.310+0000][1][gc,marking  ] GC(77) Concurrent Cleanup for Next Mark
[2024-05-19T17:53:23.314+0000][1][gc,marking  ] GC(77) Concurrent Cleanup for Next Mark 3.564ms
[2024-05-19T17:53:23.314+0000][1][gc          ] GC(77) Concurrent Mark Cycle 146.412ms
[2024-05-19T17:53:33.690+0000][1][safepoint   ] Safepoint "Cleanup", Time since last: 10379436851 ns, Reaching safepoint: 36717 ns, Cleanup: 43001 ns, At safepoint: 7822 ns, Total: 87540 ns
[2024-05-19T17:53:42.715+0000][1][safepoint   ] Safepoint "Cleanup", Time since last: 9025328059 ns, Reaching safepoint: 36913 ns, Cleanup: 22664 ns, At safepoint: 7604 ns, Total: 67181 ns
[2024-05-19T17:54:00.840+0000][1][safepoint   ] Safepoint "Cleanup", Time since last: 18124588297 ns, Reaching safepoint: 149148 ns, Cleanup: 35899 ns, At safepoint: 32261 ns, Total: 217308 ns
[2024-05-19T18:02:30.678+0000][1][safepoint   ] Safepoint "Cleanup", Time since last: 509838095496 ns, Reaching safepoint: 8235 ns, Cleanup: 12854 ns, At safepoint: 3046 ns, Total: 24135 ns
[2024-05-19T18:21:16.712+0000][1][safepoint   ] Safepoint "Cleanup", Time since last: 1126033765690 ns, Reaching safepoint: 118711 ns, Cleanup: 27227 ns, At safepoint: 11315 ns, Total: 157253 ns
[2024-05-19T18:22:12.616+0000][1][gc,start    ] GC(78) Pause Young (Prepare Mixed) (G1 Evacuation Pause)
[2024-05-19T18:22:12.616+0000][1][gc,task     ] GC(78) Using 4 workers of 4 for evacuation
[2024-05-19T18:22:12.616+0000][1][gc,age      ] GC(78) Desired survivor size 40370176 bytes, new threshold 15 (max threshold 15)
[2024-05-19T18:22:12.626+0000][1][gc,phases   ] GC(78)   Pre Evacuate Collection Set: 0.4ms
[2024-05-19T18:22:12.626+0000][1][gc,phases   ] GC(78)   Merge Heap Roots: 0.2ms
[2024-05-19T18:22:12.626+0000][1][gc,phases   ] GC(78)   Evacuate Collection Set: 8.2ms
[2024-05-19T18:22:12.626+0000][1][gc,phases   ] GC(78)   Post Evacuate Collection Set: 1.4ms
[2024-05-19T18:22:12.626+0000][1][gc,phases   ] GC(78)   Other: 0.1ms
[2024-05-19T18:22:12.626+0000][1][gc,age      ] GC(78) Age table with threshold 15 (max threshold 15)
[2024-05-19T18:22:12.626+0000][1][gc,age      ] GC(78) - age   1:    5500376 bytes,    5500376 total
[2024-05-19T18:22:12.626+0000][1][gc,age      ] GC(78) - age   2:     340288 bytes,    5840664 total
[2024-05-19T18:22:12.626+0000][1][gc,age      ] GC(78) - age   3:     570904 bytes,    6411568 total
[2024-05-19T18:22:12.626+0000][1][gc,age      ] GC(78) - age   4:     282224 bytes,    6693792 total
[2024-05-19T18:22:12.626+0000][1][gc,age      ] GC(78) - age   5:     252032 bytes,    6945824 total
[2024-05-19T18:22:12.626+0000][1][gc,age      ] GC(78) - age   6:    1638704 bytes,    8584528 total
[2024-05-19T18:22:12.626+0000][1][gc,age      ] GC(78) - age   7:    1245320 bytes,    9829848 total
[2024-05-19T18:22:12.626+0000][1][gc,age      ] GC(78) - age   8:    1558136 bytes,   11387984 total
[2024-05-19T18:22:12.626+0000][1][gc,age      ] GC(78) - age   9:     461624 bytes,   11849608 total
[2024-05-19T18:22:12.626+0000][1][gc,age      ] GC(78) - age  10:     344312 bytes,   12193920 total
[2024-05-19T18:22:12.626+0000][1][gc,age      ] GC(78) - age  11:     161872 bytes,   12355792 total
[2024-05-19T18:22:12.626+0000][1][gc,age      ] GC(78) - age  12:      10272 bytes,   12366064 total
[2024-05-19T18:22:12.626+0000][1][gc,age      ] GC(78) - age  13:      10040 bytes,   12376104 total
[2024-05-19T18:22:12.626+0000][1][gc,age      ] GC(78) - age  14:      11920 bytes,   12388024 total
[2024-05-19T18:22:12.626+0000][1][gc,age      ] GC(78) - age  15:      13904 bytes,   12401928 total
[2024-05-19T18:22:12.626+0000][1][gc,heap     ] GC(78) Eden regions: 603->0(601)
[2024-05-19T18:22:12.626+0000][1][gc,heap     ] GC(78) Survivor regions: 11->13(77)
[2024-05-19T18:22:12.626+0000][1][gc,heap     ] GC(78) Old regions: 41->41
[2024-05-19T18:22:12.626+0000][1][gc,heap     ] GC(78) Humongous regions: 3->3
[2024-05-19T18:22:12.626+0000][1][gc,metaspace] GC(78) Metaspace: 98079K(100736K)->98079K(100736K) NonClass: 86135K(87808K)->86135K(87808K) Class: 11944K(12928K)->11944K(12928K)
[2024-05-19T18:22:12.626+0000][1][gc          ] GC(78) Pause Young (Prepare Mixed) (G1 Evacuation Pause) 657M->56M(1024M) 10.778ms
[2024-05-19T18:22:12.626+0000][1][gc,cpu      ] GC(78) User=0.04s Sys=0.00s Real=0.01s
[2024-05-19T18:22:12.626+0000][1][safepoint   ] Safepoint "G1CollectForAllocation", Time since last: 55903792879 ns, Reaching safepoint: 30778 ns, Cleanup: 6345 ns, At safepoint: 10871011 ns, Total: 10908134 ns
[2024-05-19T18:48:01.833+0000][1][safepoint   ] Safepoint "Cleanup", Time since last: 1549206402602 ns, Reaching safepoint: 97142 ns, Cleanup: 23051 ns, At safepoint: 8728 ns, Total: 128921 ns
[2024-05-19T18:59:42.584+0000][1][safepoint   ] Safepoint "Cleanup", Time since last: 700750312515 ns, Reaching safepoint: 37064 ns, Cleanup: 57033 ns, At safepoint: 95367 ns, Total: 189464 ns
[2024-05-19T19:09:16.740+0000][1][gc,start    ] GC(79) Pause Young (Mixed) (G1 Evacuation Pause)
[2024-05-19T19:09:16.740+0000][1][gc,task     ] GC(79) Using 4 workers of 4 for evacuation
[2024-05-19T19:09:16.740+0000][1][gc,age      ] GC(79) Desired survivor size 40370176 bytes, new threshold 15 (max threshold 15)
[2024-05-19T19:09:16.752+0000][1][gc,phases   ] GC(79)   Pre Evacuate Collection Set: 0.5ms
[2024-05-19T19:09:16.752+0000][1][gc,phases   ] GC(79)   Merge Heap Roots: 0.2ms
[2024-05-19T19:09:16.752+0000][1][gc,phases   ] GC(79)   Evacuate Collection Set: 9.5ms
[2024-05-19T19:09:16.752+0000][1][gc,phases   ] GC(79)   Post Evacuate Collection Set: 1.3ms
[2024-05-19T19:09:16.752+0000][1][gc,phases   ] GC(79)   Other: 0.1ms
[2024-05-19T19:09:16.752+0000][1][gc,age      ] GC(79) Age table with threshold 15 (max threshold 15)
[2024-05-19T19:09:16.752+0000][1][gc,age      ] GC(79) - age   1:    2940648 bytes,    2940648 total
[2024-05-19T19:09:16.752+0000][1][gc,age      ] GC(79) - age   2:    4509264 bytes,    7449912 total
[2024-05-19T19:09:16.752+0000][1][gc,age      ] GC(79) - age   3:     332432 bytes,    7782344 total
[2024-05-19T19:09:16.752+0000][1][gc,age      ] GC(79) - age   4:     570184 bytes,    8352528 total
[2024-05-19T19:09:16.752+0000][1][gc,age      ] GC(79) - age   5:     282024 bytes,    8634552 total
[2024-05-19T19:09:16.752+0000][1][gc,age      ] GC(79) - age   6:     240704 bytes,    8875256 total
[2024-05-19T19:09:16.752+0000][1][gc,age      ] GC(79) - age   7:    1609064 bytes,   10484320 total
[2024-05-19T19:09:16.752+0000][1][gc,age      ] GC(79) - age   8:    1238536 bytes,   11722856 total
[2024-05-19T19:09:16.752+0000][1][gc,age      ] GC(79) - age   9:     516464 bytes,   12239320 total
[2024-05-19T19:09:16.752+0000][1][gc,age      ] GC(79) - age  10:     238240 bytes,   12477560 total
[2024-05-19T19:09:16.752+0000][1][gc,age      ] GC(79) - age  11:     341936 bytes,   12819496 total
[2024-05-19T19:09:16.752+0000][1][gc,age      ] GC(79) - age  12:     133472 bytes,   12952968 total
[2024-05-19T19:09:16.752+0000][1][gc,age      ] GC(79) - age  13:         64 bytes,   12953032 total
[2024-05-19T19:09:16.752+0000][1][gc,age      ] GC(79) - age  14:        256 bytes,   12953288 total
[2024-05-19T19:09:16.752+0000][1][gc,age      ] GC(79) - age  15:       1984 bytes,   12955272 total
[2024-05-19T19:09:16.752+0000][1][gc,heap     ] GC(79) Eden regions: 601->0(600)
[2024-05-19T19:09:16.752+0000][1][gc,heap     ] GC(79) Survivor regions: 13->14(77)
[2024-05-19T19:09:16.752+0000][1][gc,heap     ] GC(79) Old regions: 41->39
[2024-05-19T19:09:16.752+0000][1][gc,heap     ] GC(79) Humongous regions: 3->3
[2024-05-19T19:09:16.752+0000][1][gc,metaspace] GC(79) Metaspace: 98100K(100736K)->98100K(100736K) NonClass: 86155K(87808K)->86155K(87808K) Class: 11944K(12928K)->11944K(12928K)
[2024-05-19T19:09:16.752+0000][1][gc          ] GC(79) Pause Young (Mixed) (G1 Evacuation Pause) 657M->55M(1024M) 11.963ms
[2024-05-19T19:09:16.752+0000][1][gc,cpu      ] GC(79) User=0.05s Sys=0.00s Real=0.01s
[2024-05-19T19:09:16.752+0000][1][safepoint   ] Safepoint "G1CollectForAllocation", Time since last: 574156513648 ns, Reaching safepoint: 58181 ns, Cleanup: 5951 ns, At safepoint: 12057184 ns, Total: 12121316 ns
[2024-05-19T19:13:26.026+0000][1][safepoint   ] Safepoint "Cleanup", Time since last: 249273660348 ns, Reaching safepoint: 10219 ns, Cleanup: 13268 ns, At safepoint: 4137 ns, Total: 27624 ns
[2024-05-19T19:30:56.033+0000][1][safepoint   ] Safepoint "Cleanup", Time since last: 1050007569168 ns, Reaching safepoint: 10160 ns, Cleanup: 34328 ns, At safepoint: 5142 ns, Total: 49630 ns
[2024-05-19T19:30:57.400+0000][1][safepoint   ] Safepoint "Cleanup", Time since last: 1366254095 ns, Reaching safepoint: 28387 ns, Cleanup: 102155 ns, At safepoint: 2506 ns, Total: 133048 ns
[2024-05-19T19:30:58.510+0000][1][safepoint   ] Safepoint "Cleanup", Time since last: 1109852708 ns, Reaching safepoint: 28999 ns, Cleanup: 19978 ns, At safepoint: 4161 ns, Total: 53138 ns
[2024-05-19T19:31:02.397+0000][1][safepoint   ] Safepoint "Cleanup", Time since last: 3887461329 ns, Reaching safepoint: 36949 ns, Cleanup: 23650 ns, At safepoint: 7746 ns, Total: 68345 ns
[2024-05-19T19:31:16.427+0000][1][safepoint   ] Safepoint "Cleanup", Time since last: 14029462240 ns, Reaching safepoint: 43473 ns, Cleanup: 27505 ns, At safepoint: 10269 ns, Total: 81247 ns
[2024-05-19T19:34:57.981+0000][1][safepoint   ] Safepoint "Cleanup", Time since last: 221553737074 ns, Reaching safepoint: 90436 ns, Cleanup: 20794 ns, At safepoint: 6140 ns, Total: 117370 ns
[2024-05-19T19:34:58.981+0000][1][safepoint   ] Safepoint "Cleanup", Time since last: 1000416340 ns, Reaching safepoint: 36872 ns, Cleanup: 26563 ns, At safepoint: 7891 ns, Total: 71326 ns
[2024-05-19T19:38:37.080+0000][1][safepoint   ] Safepoint "Cleanup", Time since last: 218098439708 ns, Reaching safepoint: 72634 ns, Cleanup: 16363 ns, At safepoint: 4484 ns, Total: 93481 ns
[2024-05-19T19:39:05.088+0000][1][safepoint   ] Safepoint "Cleanup", Time since last: 28008035664 ns, Reaching safepoint: 75432 ns, Cleanup: 17101 ns, At safepoint: 12127 ns, Total: 104660 ns
[2024-05-19T19:40:57.105+0000][1][safepoint   ] Safepoint "Cleanup", Time since last: 112017052941 ns, Reaching safepoint: 112781 ns, Cleanup: 296444 ns, At safepoint: 10986 ns, Total: 420211 ns
[2024-05-19T19:40:58.106+0000][1][safepoint   ] Safepoint "Cleanup", Time since last: 1000398469 ns, Reaching safepoint: 35545 ns, Cleanup: 40592 ns, At safepoint: 7225 ns, Total: 83362 ns
[2024-05-19T19:46:11.228+0000][1][gc,start    ] GC(80) Pause Young (Concurrent Start) (G1 Evacuation Pause)
[2024-05-19T19:46:11.228+0000][1][gc,task     ] GC(80) Using 4 workers of 4 for evacuation
[2024-05-19T19:46:11.228+0000][1][gc,age      ] GC(80) Desired survivor size 40370176 bytes, new threshold 15 (max threshold 15)
[2024-05-19T19:46:11.240+0000][1][gc,phases   ] GC(80)   Pre Evacuate Collection Set: 0.5ms
[2024-05-19T19:46:11.240+0000][1][gc,phases   ] GC(80)   Merge Heap Roots: 0.2ms
[2024-05-19T19:46:11.240+0000][1][gc,phases   ] GC(80)   Evacuate Collection Set: 9.1ms
[2024-05-19T19:46:11.240+0000][1][gc,phases   ] GC(80)   Post Evacuate Collection Set: 1.5ms
[2024-05-19T19:46:11.240+0000][1][gc,phases   ] GC(80)   Other: 0.2ms
[2024-05-19T19:46:11.240+0000][1][gc,age      ] GC(80) Age table with threshold 15 (max threshold 15)
[2024-05-19T19:46:11.240+0000][1][gc,age      ] GC(80) - age   1:    6679344 bytes,    6679344 total
[2024-05-19T19:46:11.240+0000][1][gc,age      ] GC(80) - age   2:    1560960 bytes,    8240304 total
[2024-05-19T19:46:11.240+0000][1][gc,age      ] GC(80) - age   3:    1441056 bytes,    9681360 total
[2024-05-19T19:46:11.240+0000][1][gc,age      ] GC(80) - age   4:     294824 bytes,    9976184 total
[2024-05-19T19:46:11.240+0000][1][gc,age      ] GC(80) - age   5:     430968 bytes,   10407152 total
[2024-05-19T19:46:11.240+0000][1][gc,age      ] GC(80) - age   6:     252176 bytes,   10659328 total
[2024-05-19T19:46:11.240+0000][1][gc,age      ] GC(80) - age   7:     114384 bytes,   10773712 total
[2024-05-19T19:46:11.240+0000][1][gc,age      ] GC(80) - age   8:     783064 bytes,   11556776 total
[2024-05-19T19:46:11.240+0000][1][gc,age      ] GC(80) - age   9:     492016 bytes,   12048792 total
[2024-05-19T19:46:11.240+0000][1][gc,age      ] GC(80) - age  10:     269776 bytes,   12318568 total
[2024-05-19T19:46:11.240+0000][1][gc,age      ] GC(80) - age  11:     157032 bytes,   12475600 total
[2024-05-19T19:46:11.240+0000][1][gc,age      ] GC(80) - age  12:      57552 bytes,   12533152 total
[2024-05-19T19:46:11.240+0000][1][gc,age      ] GC(80) - age  13:      44256 bytes,   12577408 total
[2024-05-19T19:46:11.240+0000][1][gc,age      ] GC(80) - age  14:         64 bytes,   12577472 total
[2024-05-19T19:46:11.240+0000][1][gc,age      ] GC(80) - age  15:        256 bytes,   12577728 total
[2024-05-19T19:46:11.240+0000][1][gc,heap     ] GC(80) Eden regions: 600->0(601)
[2024-05-19T19:46:11.240+0000][1][gc,heap     ] GC(80) Survivor regions: 14->13(77)
[2024-05-19T19:46:11.240+0000][1][gc,heap     ] GC(80) Old regions: 39->39
[2024-05-19T19:46:11.240+0000][1][gc,heap     ] GC(80) Humongous regions: 3->3
[2024-05-19T19:46:11.240+0000][1][gc,metaspace] GC(80) Metaspace: 98762K(100800K)->98762K(100800K) NonClass: 86741K(87872K)->86741K(87872K) Class: 12021K(12928K)->12021K(12928K)
[2024-05-19T19:46:11.240+0000][1][gc          ] GC(80) Pause Young (Concurrent Start) (G1 Evacuation Pause) 655M->54M(1024M) 11.805ms
[2024-05-19T19:46:11.240+0000][1][gc          ] GC(81) Concurrent Mark Cycle
[2024-05-19T19:46:11.240+0000][1][gc,marking  ] GC(81) Concurrent Scan Root Regions
[2024-05-19T19:46:11.240+0000][1][gc,cpu      ] GC(80) User=0.04s Sys=0.00s Real=0.01s
[2024-05-19T19:46:11.240+0000][1][safepoint   ] Safepoint "G1CollectForAllocation", Time since last: 313122398323 ns, Reaching safepoint: 32088 ns, Cleanup: 6100 ns, At safepoint: 11948775 ns, Total: 11986963 ns
[2024-05-19T19:46:11.249+0000][1][gc,marking  ] GC(81) Concurrent Scan Root Regions 8.941ms
[2024-05-19T19:46:11.249+0000][1][gc,marking  ] GC(81) Concurrent Mark
[2024-05-19T19:46:11.249+0000][1][gc,marking  ] GC(81) Concurrent Mark From Roots
[2024-05-19T19:46:11.249+0000][1][gc,task     ] GC(81) Using 1 workers of 1 for marking
[2024-05-19T19:46:11.312+0000][1][gc,marking  ] GC(81) Concurrent Mark From Roots 63.068ms
[2024-05-19T19:46:11.312+0000][1][gc,marking  ] GC(81) Concurrent Preclean
[2024-05-19T19:46:11.312+0000][1][gc,marking  ] GC(81) Concurrent Preclean 0.220ms
[2024-05-19T19:46:11.313+0000][1][gc,start    ] GC(81) Pause Remark
[2024-05-19T19:46:11.320+0000][1][gc          ] GC(81) Pause Remark 56M->56M(1024M) 6.904ms
[2024-05-19T19:46:11.320+0000][1][gc,cpu      ] GC(81) User=0.02s Sys=0.00s Real=0.01s
[2024-05-19T19:46:11.320+0000][1][safepoint   ] Safepoint "G1PauseRemark", Time since last: 72399934 ns, Reaching safepoint: 26323 ns, Cleanup: 5075 ns, At safepoint: 7029009 ns, Total: 7060407 ns
[2024-05-19T19:46:11.320+0000][1][gc,marking  ] GC(81) Concurrent Mark 70.574ms
[2024-05-19T19:46:11.320+0000][1][gc,marking  ] GC(81) Concurrent Rebuild Remembered Sets and Scrub Regions
[2024-05-19T19:46:11.346+0000][1][gc,marking  ] GC(81) Concurrent Rebuild Remembered Sets and Scrub Regions 26.641ms
[2024-05-19T19:46:11.347+0000][1][gc,start    ] GC(81) Pause Cleanup
[2024-05-19T19:46:11.347+0000][1][gc          ] GC(81) Pause Cleanup 56M->56M(1024M) 0.279ms
[2024-05-19T19:46:11.347+0000][1][gc,cpu      ] GC(81) User=0.00s Sys=0.00s Real=0.00s
[2024-05-19T19:46:11.347+0000][1][safepoint   ] Safepoint "G1PauseCleanup", Time since last: 26884540 ns, Reaching safepoint: 20164 ns, Cleanup: 4485 ns, At safepoint: 335612 ns, Total: 360261 ns
[2024-05-19T19:46:11.347+0000][1][gc,marking  ] GC(81) Concurrent Clear Claimed Marks
[2024-05-19T19:46:11.347+0000][1][gc,marking  ] GC(81) Concurrent Clear Claimed Marks 0.112ms
[2024-05-19T19:46:11.347+0000][1][gc,marking  ] GC(81) Concurrent Cleanup for Next Mark
[2024-05-19T19:46:11.350+0000][1][gc,marking  ] GC(81) Concurrent Cleanup for Next Mark 3.208ms
[2024-05-19T19:46:11.350+0000][1][gc          ] GC(81) Concurrent Mark Cycle 110.300ms
[2024-05-19T20:15:01.258+0000][1][safepoint   ] Safepoint "Cleanup", Time since last: 1729911035916 ns, Reaching safepoint: 31733 ns, Cleanup: 9971 ns, At safepoint: 3509 ns, Total: 45213 ns
[2024-05-19T20:31:00.141+0000][1][safepoint   ] Safepoint "Cleanup", Time since last: 958882584970 ns, Reaching safepoint: 36284 ns, Cleanup: 23134 ns, At safepoint: 7854 ns, Total: 67272 ns
[2024-05-19T20:32:55.351+0000][1][gc,start    ] GC(82) Pause Young (Prepare Mixed) (G1 Evacuation Pause)
[2024-05-19T20:32:55.351+0000][1][gc,task     ] GC(82) Using 4 workers of 4 for evacuation
[2024-05-19T20:32:55.351+0000][1][gc,age      ] GC(82) Desired survivor size 40370176 bytes, new threshold 15 (max threshold 15)
[2024-05-19T20:32:55.363+0000][1][gc,phases   ] GC(82)   Pre Evacuate Collection Set: 0.4ms
[2024-05-19T20:32:55.363+0000][1][gc,phases   ] GC(82)   Merge Heap Roots: 0.1ms
[2024-05-19T20:32:55.363+0000][1][gc,phases   ] GC(82)   Evacuate Collection Set: 10.1ms
[2024-05-19T20:32:55.363+0000][1][gc,phases   ] GC(82)   Post Evacuate Collection Set: 1.3ms
[2024-05-19T20:32:55.363+0000][1][gc,phases   ] GC(82)   Other: 0.1ms
[2024-05-19T20:32:55.363+0000][1][gc,age      ] GC(82) Age table with threshold 15 (max threshold 15)
[2024-05-19T20:32:55.363+0000][1][gc,age      ] GC(82) - age   1:    2998104 bytes,    2998104 total
[2024-05-19T20:32:55.363+0000][1][gc,age      ] GC(82) - age   2:    5634896 bytes,    8633000 total
[2024-05-19T20:32:55.363+0000][1][gc,age      ] GC(82) - age   3:    1560784 bytes,   10193784 total
[2024-05-19T20:32:55.363+0000][1][gc,age      ] GC(82) - age   4:     708104 bytes,   10901888 total
[2024-05-19T20:32:55.363+0000][1][gc,age      ] GC(82) - age   5:     257832 bytes,   11159720 total
[2024-05-19T20:32:55.363+0000][1][gc,age      ] GC(82) - age   6:     389504 bytes,   11549224 total
[2024-05-19T20:32:55.363+0000][1][gc,age      ] GC(82) - age   7:     217856 bytes,   11767080 total
[2024-05-19T20:32:55.363+0000][1][gc,age      ] GC(82) - age   8:      81248 bytes,   11848328 total
[2024-05-19T20:32:55.363+0000][1][gc,age      ] GC(82) - age   9:     309792 bytes,   12158120 total
[2024-05-19T20:32:55.363+0000][1][gc,age      ] GC(82) - age  10:     488080 bytes,   12646200 total
[2024-05-19T20:32:55.363+0000][1][gc,age      ] GC(82) - age  11:     253248 bytes,   12899448 total
[2024-05-19T20:32:55.363+0000][1][gc,age      ] GC(82) - age  12:       3056 bytes,   12902504 total
[2024-05-19T20:32:55.363+0000][1][gc,age      ] GC(82) - age  13:      51776 bytes,   12954280 total
[2024-05-19T20:32:55.363+0000][1][gc,age      ] GC(82) - age  14:      44256 bytes,   12998536 total
[2024-05-19T20:32:55.363+0000][1][gc,age      ] GC(82) - age  15:         64 bytes,   12998600 total
[2024-05-19T20:32:55.363+0000][1][gc,heap     ] GC(82) Eden regions: 601->0(600)
[2024-05-19T20:32:55.363+0000][1][gc,heap     ] GC(82) Survivor regions: 13->14(77)
[2024-05-19T20:32:55.363+0000][1][gc,heap     ] GC(82) Old regions: 39->39
[2024-05-19T20:32:55.363+0000][1][gc,heap     ] GC(82) Humongous regions: 3->3
[2024-05-19T20:32:55.363+0000][1][gc,metaspace] GC(82) Metaspace: 98762K(100800K)->98762K(100800K) NonClass: 86741K(87872K)->86741K(87872K) Class: 12021K(12928K)->12021K(12928K)
[2024-05-19T20:32:55.363+0000][1][gc          ] GC(82) Pause Young (Prepare Mixed) (G1 Evacuation Pause) 655M->55M(1024M) 12.396ms
[2024-05-19T20:32:55.363+0000][1][gc,cpu      ] GC(82) User=0.04s Sys=0.00s Real=0.01s
[2024-05-19T20:32:55.363+0000][1][safepoint   ] Safepoint "G1CollectForAllocation", Time since last: 115209895591 ns, Reaching safepoint: 57588 ns, Cleanup: 7037 ns, At safepoint: 12489431 ns, Total: 12554056 ns
[2024-05-19T20:34:21.350+0000][1][safepoint   ] Safepoint "Cleanup", Time since last: 85987212315 ns, Reaching safepoint: 13255 ns, Cleanup: 8612 ns, At safepoint: 3568 ns, Total: 25435 ns
[2024-05-19T20:46:01.151+0000][1][safepoint   ] Safepoint "Cleanup", Time since last: 699800855482 ns, Reaching safepoint: 36281 ns, Cleanup: 22806 ns, At safepoint: 7545 ns, Total: 66632 ns
[2024-05-19T20:47:22.285+0000][1][safepoint   ] Safepoint "Cleanup", Time since last: 81134039672 ns, Reaching safepoint: 101953 ns, Cleanup: 21954 ns, At safepoint: 8871 ns, Total: 132778 ns
[2024-05-19T20:47:53.294+0000][1][safepoint   ] Safepoint "Cleanup", Time since last: 31008788230 ns, Reaching safepoint: 36326 ns, Cleanup: 23328 ns, At safepoint: 7876 ns, Total: 67530 ns
[2024-05-19T21:10:59.772+0000][1][safepoint   ] Safepoint "Cleanup", Time since last: 1386477971964 ns, Reaching safepoint: 82281 ns, Cleanup: 18786 ns, At safepoint: 4745 ns, Total: 105812 ns
[2024-05-19T21:15:59.610+0000][1][safepoint   ] Safepoint "Cleanup", Time since last: 299837314968 ns, Reaching safepoint: 29721 ns, Cleanup: 16533 ns, At safepoint: 6476 ns, Total: 52730 ns
[2024-05-19T21:20:00.290+0000][1][gc,start    ] GC(83) Pause Young (Mixed) (G1 Evacuation Pause)
[2024-05-19T21:20:00.290+0000][1][gc,task     ] GC(83) Using 4 workers of 4 for evacuation
[2024-05-19T21:20:00.290+0000][1][gc,age      ] GC(83) Desired survivor size 40370176 bytes, new threshold 15 (max threshold 15)
[2024-05-19T21:20:00.302+0000][1][gc,phases   ] GC(83)   Pre Evacuate Collection Set: 0.5ms
[2024-05-19T21:20:00.302+0000][1][gc,phases   ] GC(83)   Merge Heap Roots: 0.2ms
[2024-05-19T21:20:00.302+0000][1][gc,phases   ] GC(83)   Evacuate Collection Set: 10.1ms
[2024-05-19T21:20:00.302+0000][1][gc,phases   ] GC(83)   Post Evacuate Collection Set: 1.4ms
[2024-05-19T21:20:00.302+0000][1][gc,phases   ] GC(83)   Other: 0.1ms
[2024-05-19T21:20:00.302+0000][1][gc,age      ] GC(83) Age table with threshold 15 (max threshold 15)
[2024-05-19T21:20:00.302+0000][1][gc,age      ] GC(83) - age   1:    3297240 bytes,    3297240 total
[2024-05-19T21:20:00.302+0000][1][gc,age      ] GC(83) - age   2:    2536944 bytes,    5834184 total
[2024-05-19T21:20:00.302+0000][1][gc,age      ] GC(83) - age   3:    4615816 bytes,   10450000 total
[2024-05-19T21:20:00.302+0000][1][gc,age      ] GC(83) - age   4:     357104 bytes,   10807104 total
[2024-05-19T21:20:00.302+0000][1][gc,age      ] GC(83) - age   5:     630080 bytes,   11437184 total
[2024-05-19T21:20:00.302+0000][1][gc,age      ] GC(83) - age   6:     256560 bytes,   11693744 total
[2024-05-19T21:20:00.302+0000][1][gc,age      ] GC(83) - age   7:     387888 bytes,   12081632 total
[2024-05-19T21:20:00.302+0000][1][gc,age      ] GC(83) - age   8:     217856 bytes,   12299488 total
[2024-05-19T21:20:00.302+0000][1][gc,age      ] GC(83) - age   9:      81248 bytes,   12380736 total
[2024-05-19T21:20:00.302+0000][1][gc,age      ] GC(83) - age  10:     292232 bytes,   12672968 total
[2024-05-19T21:20:00.302+0000][1][gc,age      ] GC(83) - age  11:     447632 bytes,   13120600 total
[2024-05-19T21:20:00.302+0000][1][gc,age      ] GC(83) - age  12:     131536 bytes,   13252136 total
[2024-05-19T21:20:00.302+0000][1][gc,age      ] GC(83) - age  13:       1480 bytes,   13253616 total
[2024-05-19T21:20:00.302+0000][1][gc,age      ] GC(83) - age  14:      10784 bytes,   13264400 total
[2024-05-19T21:20:00.302+0000][1][gc,age      ] GC(83) - age  15:      42400 bytes,   13306800 total
[2024-05-19T21:20:00.302+0000][1][gc,heap     ] GC(83) Eden regions: 600->0(600)
[2024-05-19T21:20:00.302+0000][1][gc,heap     ] GC(83) Survivor regions: 14->14(77)
[2024-05-19T21:20:00.302+0000][1][gc,heap     ] GC(83) Old regions: 39->38
[2024-05-19T21:20:00.302+0000][1][gc,heap     ] GC(83) Humongous regions: 3->3
[2024-05-19T21:20:00.302+0000][1][gc,metaspace] GC(83) Metaspace: 98779K(100800K)->98779K(100800K) NonClass: 86757K(87872K)->86757K(87872K) Class: 12021K(12928K)->12021K(12928K)
[2024-05-19T21:20:00.302+0000][1][gc          ] GC(83) Pause Young (Mixed) (G1 Evacuation Pause) 655M->54M(1024M) 12.705ms
[2024-05-19T21:20:00.302+0000][1][gc,cpu      ] GC(83) User=0.04s Sys=0.00s Real=0.01s
[2024-05-19T21:20:00.302+0000][1][safepoint   ] Safepoint "G1CollectForAllocation", Time since last: 240679818869 ns, Reaching safepoint: 71729 ns, Cleanup: 6620 ns, At safepoint: 12800603 ns, Total: 12878952 ns
[2024-05-19T21:20:42.576+0000][1][safepoint   ] Safepoint "Cleanup", Time since last: 42273275334 ns, Reaching safepoint: 36290 ns, Cleanup: 22809 ns, At safepoint: 7604 ns, Total: 66703 ns
[2024-05-19T21:42:49.219+0000][1][safepoint   ] Safepoint "Cleanup", Time since last: 1326643240719 ns, Reaching safepoint: 105590 ns, Cleanup: 44790 ns, At safepoint: 17284 ns, Total: 167664 ns
[2024-05-19T22:07:37.805+0000][1][safepoint   ] Safepoint "Cleanup", Time since last: 1488585821965 ns, Reaching safepoint: 35410 ns, Cleanup: 21062 ns, At safepoint: 7473 ns, Total: 63945 ns
[2024-05-19T22:07:56.808+0000][1][gc,start    ] GC(84) Pause Young (Concurrent Start) (G1 Evacuation Pause)
[2024-05-19T22:07:56.808+0000][1][gc,task     ] GC(84) Using 4 workers of 4 for evacuation
[2024-05-19T22:07:56.808+0000][1][gc,age      ] GC(84) Desired survivor size 40370176 bytes, new threshold 15 (max threshold 15)
[2024-05-19T22:07:56.819+0000][1][gc,phases   ] GC(84)   Pre Evacuate Collection Set: 0.6ms
[2024-05-19T22:07:56.820+0000][1][gc,phases   ] GC(84)   Merge Heap Roots: 0.2ms
[2024-05-19T22:07:56.820+0000][1][gc,phases   ] GC(84)   Evacuate Collection Set: 9.1ms
[2024-05-19T22:07:56.820+0000][1][gc,phases   ] GC(84)   Post Evacuate Collection Set: 1.4ms
[2024-05-19T22:07:56.820+0000][1][gc,phases   ] GC(84)   Other: 0.2ms
[2024-05-19T22:07:56.820+0000][1][gc,age      ] GC(84) Age table with threshold 15 (max threshold 15)
[2024-05-19T22:07:56.820+0000][1][gc,age      ] GC(84) - age   1:    2641832 bytes,    2641832 total
[2024-05-19T22:07:56.820+0000][1][gc,age      ] GC(84) - age   2:    2819552 bytes,    5461384 total
[2024-05-19T22:07:56.820+0000][1][gc,age      ] GC(84) - age   3:    1819352 bytes,    7280736 total
[2024-05-19T22:07:56.820+0000][1][gc,age      ] GC(84) - age   4:    3153272 bytes,   10434008 total
[2024-05-19T22:07:56.820+0000][1][gc,age      ] GC(84) - age   5:     242704 bytes,   10676712 total
[2024-05-19T22:07:56.820+0000][1][gc,age      ] GC(84) - age   6:     629744 bytes,   11306456 total
[2024-05-19T22:07:56.820+0000][1][gc,age      ] GC(84) - age   7:     223496 bytes,   11529952 total
[2024-05-19T22:07:56.820+0000][1][gc,age      ] GC(84) - age   8:     387888 bytes,   11917840 total
[2024-05-19T22:07:56.820+0000][1][gc,age      ] GC(84) - age   9:     216776 bytes,   12134616 total
[2024-05-19T22:07:56.820+0000][1][gc,age      ] GC(84) - age  10:      38576 bytes,   12173192 total
[2024-05-19T22:07:56.820+0000][1][gc,age      ] GC(84) - age  11:     128224 bytes,   12301416 total
[2024-05-19T22:07:56.820+0000][1][gc,age      ] GC(84) - age  12:     402936 bytes,   12704352 total
[2024-05-19T22:07:56.820+0000][1][gc,age      ] GC(84) - age  13:     131176 bytes,   12835528 total
[2024-05-19T22:07:56.820+0000][1][gc,age      ] GC(84) - age  14:       1456 bytes,   12836984 total
[2024-05-19T22:07:56.820+0000][1][gc,age      ] GC(84) - age  15:      10784 bytes,   12847768 total
[2024-05-19T22:07:56.820+0000][1][gc,heap     ] GC(84) Eden regions: 600->0(600)
[2024-05-19T22:07:56.820+0000][1][gc,heap     ] GC(84) Survivor regions: 14->14(77)
[2024-05-19T22:07:56.820+0000][1][gc,heap     ] GC(84) Old regions: 38->38
[2024-05-19T22:07:56.820+0000][1][gc,heap     ] GC(84) Humongous regions: 3->3
[2024-05-19T22:07:56.820+0000][1][gc,metaspace] GC(84) Metaspace: 98779K(100800K)->98779K(100800K) NonClass: 86757K(87872K)->86757K(87872K) Class: 12021K(12928K)->12021K(12928K)
[2024-05-19T22:07:56.820+0000][1][gc          ] GC(84) Pause Young (Concurrent Start) (G1 Evacuation Pause) 654M->54M(1024M) 11.835ms
[2024-05-19T22:07:56.820+0000][1][gc          ] GC(85) Concurrent Mark Cycle
[2024-05-19T22:07:56.820+0000][1][gc,marking  ] GC(85) Concurrent Scan Root Regions
[2024-05-19T22:07:56.820+0000][1][gc,cpu      ] GC(84) User=0.04s Sys=0.00s Real=0.01s
[2024-05-19T22:07:56.820+0000][1][safepoint   ] Safepoint "G1CollectForAllocation", Time since last: 19002890849 ns, Reaching safepoint: 23593 ns, Cleanup: 5562 ns, At safepoint: 11975296 ns, Total: 12004451 ns
[2024-05-19T22:07:56.829+0000][1][gc,marking  ] GC(85) Concurrent Scan Root Regions 8.729ms
[2024-05-19T22:07:56.829+0000][1][gc,marking  ] GC(85) Concurrent Mark
[2024-05-19T22:07:56.829+0000][1][gc,marking  ] GC(85) Concurrent Mark From Roots
[2024-05-19T22:07:56.829+0000][1][gc,task     ] GC(85) Using 1 workers of 1 for marking
[2024-05-19T22:07:56.892+0000][1][gc,marking  ] GC(85) Concurrent Mark From Roots 62.826ms
[2024-05-19T22:07:56.892+0000][1][gc,marking  ] GC(85) Concurrent Preclean
[2024-05-19T22:07:56.892+0000][1][gc,marking  ] GC(85) Concurrent Preclean 0.219ms
[2024-05-19T22:07:56.892+0000][1][gc,start    ] GC(85) Pause Remark
[2024-05-19T22:07:56.904+0000][1][gc          ] GC(85) Pause Remark 55M->55M(1024M) 11.794ms
[2024-05-19T22:07:56.904+0000][1][gc,cpu      ] GC(85) User=0.03s Sys=0.00s Real=0.02s
[2024-05-19T22:07:56.904+0000][1][safepoint   ] Safepoint "G1PauseRemark", Time since last: 71995018 ns, Reaching safepoint: 27100 ns, Cleanup: 5318 ns, At safepoint: 11924439 ns, Total: 11956857 ns
[2024-05-19T22:07:56.904+0000][1][gc,marking  ] GC(85) Concurrent Mark 75.218ms
[2024-05-19T22:07:56.904+0000][1][gc,marking  ] GC(85) Concurrent Rebuild Remembered Sets and Scrub Regions
[2024-05-19T22:07:56.931+0000][1][gc,marking  ] GC(85) Concurrent Rebuild Remembered Sets and Scrub Regions 27.386ms
[2024-05-19T22:07:56.932+0000][1][gc,start    ] GC(85) Pause Cleanup
[2024-05-19T22:07:56.932+0000][1][gc          ] GC(85) Pause Cleanup 55M->55M(1024M) 0.283ms
[2024-05-19T22:07:56.932+0000][1][gc,cpu      ] GC(85) User=0.00s Sys=0.00s Real=0.00s
[2024-05-19T22:07:56.932+0000][1][safepoint   ] Safepoint "G1PauseCleanup", Time since last: 27619930 ns, Reaching safepoint: 19880 ns, Cleanup: 13657 ns, At safepoint: 343608 ns, Total: 377145 ns
[2024-05-19T22:07:56.932+0000][1][gc,marking  ] GC(85) Concurrent Clear Claimed Marks
[2024-05-19T22:07:56.932+0000][1][gc,marking  ] GC(85) Concurrent Clear Claimed Marks 0.133ms
[2024-05-19T22:07:56.932+0000][1][gc,marking  ] GC(85) Concurrent Cleanup for Next Mark
[2024-05-19T22:07:56.935+0000][1][gc,marking  ] GC(85) Concurrent Cleanup for Next Mark 3.145ms
[2024-05-19T22:07:56.935+0000][1][gc          ] GC(85) Concurrent Mark Cycle 115.507ms
[2024-05-19T22:41:12.983+0000][1][safepoint   ] Safepoint "Cleanup", Time since last: 1996051259932 ns, Reaching safepoint: 43133 ns, Cleanup: 35677 ns, At safepoint: 10633 ns, Total: 89443 ns
[2024-05-19T22:41:16.012+0000][1][safepoint   ] Safepoint "Cleanup", Time since last: 3028824037 ns, Reaching safepoint: 32229 ns, Cleanup: 19524 ns, At safepoint: 5007 ns, Total: 56760 ns
[2024-05-19T22:41:19.013+0000][1][safepoint   ] Safepoint "Cleanup", Time since last: 3000919334 ns, Reaching safepoint: 37225 ns, Cleanup: 23784 ns, At safepoint: 7336 ns, Total: 68345 ns
[2024-05-19T22:41:40.019+0000][1][safepoint   ] Safepoint "Cleanup", Time since last: 21006053287 ns, Reaching safepoint: 116986 ns, Cleanup: 28939 ns, At safepoint: 19758 ns, Total: 165683 ns
[2024-05-19T22:59:29.366+0000][1][gc,start    ] GC(86) Pause Young (Prepare Mixed) (G1 Evacuation Pause)
[2024-05-19T22:59:29.367+0000][1][gc,task     ] GC(86) Using 4 workers of 4 for evacuation
[2024-05-19T22:59:29.367+0000][1][gc,age      ] GC(86) Desired survivor size 40370176 bytes, new threshold 15 (max threshold 15)
[2024-05-19T22:59:29.378+0000][1][gc,phases   ] GC(86)   Pre Evacuate Collection Set: 0.4ms
[2024-05-19T22:59:29.378+0000][1][gc,phases   ] GC(86)   Merge Heap Roots: 0.2ms
[2024-05-19T22:59:29.378+0000][1][gc,phases   ] GC(86)   Evacuate Collection Set: 9.7ms
[2024-05-19T22:59:29.378+0000][1][gc,phases   ] GC(86)   Post Evacuate Collection Set: 1.4ms
[2024-05-19T22:59:29.378+0000][1][gc,phases   ] GC(86)   Other: 0.1ms
[2024-05-19T22:59:29.379+0000][1][gc,age      ] GC(86) Age table with threshold 15 (max threshold 15)
[2024-05-19T22:59:29.379+0000][1][gc,age      ] GC(86) - age   1:    3547608 bytes,    3547608 total
[2024-05-19T22:59:29.379+0000][1][gc,age      ] GC(86) - age   2:    2331352 bytes,    5878960 total
[2024-05-19T22:59:29.379+0000][1][gc,age      ] GC(86) - age   3:    1703000 bytes,    7581960 total
[2024-05-19T22:59:29.379+0000][1][gc,age      ] GC(86) - age   4:     818912 bytes,    8400872 total
[2024-05-19T22:59:29.379+0000][1][gc,age      ] GC(86) - age   5:    2826816 bytes,   11227688 total
[2024-05-19T22:59:29.379+0000][1][gc,age      ] GC(86) - age   6:     218800 bytes,   11446488 total
[2024-05-19T22:59:29.379+0000][1][gc,age      ] GC(86) - age   7:     504352 bytes,   11950840 total
[2024-05-19T22:59:29.379+0000][1][gc,age      ] GC(86) - age   8:     182760 bytes,   12133600 total
[2024-05-19T22:59:29.379+0000][1][gc,age      ] GC(86) - age   9:     346536 bytes,   12480136 total
[2024-05-19T22:59:29.379+0000][1][gc,age      ] GC(86) - age  10:     176944 bytes,   12657080 total
[2024-05-19T22:59:29.379+0000][1][gc,age      ] GC(86) - age  11:      38496 bytes,   12695576 total
[2024-05-19T22:59:29.379+0000][1][gc,age      ] GC(86) - age  12:     128224 bytes,   12823800 total
[2024-05-19T22:59:29.379+0000][1][gc,age      ] GC(86) - age  13:     402936 bytes,   13226736 total
[2024-05-19T22:59:29.379+0000][1][gc,age      ] GC(86) - age  14:      95040 bytes,   13321776 total
[2024-05-19T22:59:29.379+0000][1][gc,age      ] GC(86) - age  15:       1456 bytes,   13323232 total
[2024-05-19T22:59:29.379+0000][1][gc,heap     ] GC(86) Eden regions: 600->0(600)
[2024-05-19T22:59:29.379+0000][1][gc,heap     ] GC(86) Survivor regions: 14->14(77)
[2024-05-19T22:59:29.379+0000][1][gc,heap     ] GC(86) Old regions: 38->38
[2024-05-19T22:59:29.379+0000][1][gc,heap     ] GC(86) Humongous regions: 3->3
[2024-05-19T22:59:29.379+0000][1][gc,metaspace] GC(86) Metaspace: 98785K(100800K)->98785K(100800K) NonClass: 86764K(87872K)->86764K(87872K) Class: 12021K(12928K)->12021K(12928K)
[2024-05-19T22:59:29.379+0000][1][gc          ] GC(86) Pause Young (Prepare Mixed) (G1 Evacuation Pause) 654M->54M(1024M) 12.233ms
[2024-05-19T22:59:29.379+0000][1][gc,cpu      ] GC(86) User=0.04s Sys=0.00s Real=0.01s
[2024-05-19T22:59:29.379+0000][1][safepoint   ] Safepoint "G1CollectForAllocation", Time since last: 1069347078900 ns, Reaching safepoint: 55758 ns, Cleanup: 6144 ns, At safepoint: 12349042 ns, Total: 12410944 ns
[2024-05-19T22:59:37.027+0000][1][safepoint   ] Safepoint "Cleanup", Time since last: 7648429205 ns, Reaching safepoint: 8138 ns, Cleanup: 10047 ns, At safepoint: 3536 ns, Total: 21721 ns
[2024-05-19T22:59:41.031+0000][1][safepoint   ] Safepoint "Cleanup", Time since last: 4003753883 ns, Reaching safepoint: 43406 ns, Cleanup: 31909 ns, At safepoint: 10486 ns, Total: 85801 ns
[2024-05-19T23:07:22.096+0000][1][safepoint   ] Safepoint "Cleanup", Time since last: 461064600877 ns, Reaching safepoint: 8270 ns, Cleanup: 9787 ns, At safepoint: 3436 ns, Total: 21493 ns
[2024-05-19T23:07:23.098+0000][1][safepoint   ] Safepoint "Cleanup", Time since last: 1002266384 ns, Reaching safepoint: 28318 ns, Cleanup: 18178 ns, At safepoint: 5216 ns, Total: 51712 ns
[2024-05-19T23:28:37.195+0000][1][safepoint   ] Safepoint "Cleanup", Time since last: 1274096742850 ns, Reaching safepoint: 15729 ns, Cleanup: 10336 ns, At safepoint: 2737 ns, Total: 28802 ns
[2024-05-19T23:35:02.313+0000][1][safepoint   ] Safepoint "Cleanup", Time since last: 385118607336 ns, Reaching safepoint: 8262 ns, Cleanup: 11129 ns, At safepoint: 2857 ns, Total: 22248 ns
[2024-05-19T23:50:20.007+0000][1][gc,start    ] GC(87) Pause Young (Mixed) (G1 Evacuation Pause)
[2024-05-19T23:50:20.007+0000][1][gc,task     ] GC(87) Using 4 workers of 4 for evacuation
[2024-05-19T23:50:20.007+0000][1][gc,age      ] GC(87) Desired survivor size 40370176 bytes, new threshold 15 (max threshold 15)
[2024-05-19T23:50:20.019+0000][1][gc,phases   ] GC(87)   Pre Evacuate Collection Set: 0.4ms
[2024-05-19T23:50:20.019+0000][1][gc,phases   ] GC(87)   Merge Heap Roots: 0.1ms
[2024-05-19T23:50:20.019+0000][1][gc,phases   ] GC(87)   Evacuate Collection Set: 9.9ms
[2024-05-19T23:50:20.019+0000][1][gc,phases   ] GC(87)   Post Evacuate Collection Set: 1.4ms
[2024-05-19T23:50:20.019+0000][1][gc,phases   ] GC(87)   Other: 0.1ms
[2024-05-19T23:50:20.019+0000][1][gc,age      ] GC(87) Age table with threshold 15 (max threshold 15)
[2024-05-19T23:50:20.019+0000][1][gc,age      ] GC(87) - age   1:    4106160 bytes,    4106160 total
[2024-05-19T23:50:20.019+0000][1][gc,age      ] GC(87) - age   2:    2292560 bytes,    6398720 total
[2024-05-19T23:50:20.019+0000][1][gc,age      ] GC(87) - age   3:    1389040 bytes,    7787760 total
[2024-05-19T23:50:20.019+0000][1][gc,age      ] GC(87) - age   4:     447976 bytes,    8235736 total
[2024-05-19T23:50:20.019+0000][1][gc,age      ] GC(87) - age   5:     760816 bytes,    8996552 total
[2024-05-19T23:50:20.019+0000][1][gc,age      ] GC(87) - age   6:    1913944 bytes,   10910496 total
[2024-05-19T23:50:20.019+0000][1][gc,age      ] GC(87) - age   7:      52136 bytes,   10962632 total
[2024-05-19T23:50:20.019+0000][1][gc,age      ] GC(87) - age   8:     362864 bytes,   11325496 total
[2024-05-19T23:50:20.019+0000][1][gc,age      ] GC(87) - age   9:     182440 bytes,   11507936 total
[2024-05-19T23:50:20.019+0000][1][gc,age      ] GC(87) - age  10:     280928 bytes,   11788864 total
[2024-05-19T23:50:20.019+0000][1][gc,age      ] GC(87) - age  11:     175672 bytes,   11964536 total
[2024-05-19T23:50:20.019+0000][1][gc,age      ] GC(87) - age  12:      37024 bytes,   12001560 total
[2024-05-19T23:50:20.019+0000][1][gc,age      ] GC(87) - age  13:      95280 bytes,   12096840 total
[2024-05-19T23:50:20.019+0000][1][gc,age      ] GC(87) - age  14:     304864 bytes,   12401704 total
[2024-05-19T23:50:20.019+0000][1][gc,age      ] GC(87) - age  15:      50664 bytes,   12452368 total
[2024-05-19T23:50:20.019+0000][1][gc,heap     ] GC(87) Eden regions: 600->0(601)
[2024-05-19T23:50:20.019+0000][1][gc,heap     ] GC(87) Survivor regions: 14->13(77)
[2024-05-19T23:50:20.019+0000][1][gc,heap     ] GC(87) Old regions: 38->37
[2024-05-19T23:50:20.019+0000][1][gc,heap     ] GC(87) Humongous regions: 3->3
[2024-05-19T23:50:20.019+0000][1][gc,metaspace] GC(87) Metaspace: 98801K(100800K)->98801K(100800K) NonClass: 86778K(87872K)->86778K(87872K) Class: 12022K(12928K)->12022K(12928K)
[2024-05-19T23:50:20.019+0000][1][gc          ] GC(87) Pause Young (Mixed) (G1 Evacuation Pause) 654M->52M(1024M) 12.349ms
[2024-05-19T23:50:20.019+0000][1][gc,cpu      ] GC(87) User=0.04s Sys=0.01s Real=0.01s
[2024-05-19T23:50:20.019+0000][1][safepoint   ] Safepoint "G1CollectForAllocation", Time since last: 917693103187 ns, Reaching safepoint: 64384 ns, Cleanup: 6617 ns, At safepoint: 12446088 ns, Total: 12517089 ns
[2024-05-20T00:04:05.300+0000][1][safepoint   ] Safepoint "Cleanup", Time since last: 825281073258 ns, Reaching safepoint: 52394 ns, Cleanup: 18383 ns, At safepoint: 4980 ns, Total: 75757 ns
[2024-05-20T00:11:00.690+0000][1][safepoint   ] Safepoint "Cleanup", Time since last: 415389310069 ns, Reaching safepoint: 43710 ns, Cleanup: 33340 ns, At safepoint: 11329 ns, Total: 88379 ns
[2024-05-20T00:36:00.514+0000][1][safepoint   ] Safepoint "Cleanup", Time since last: 1499824457488 ns, Reaching safepoint: 43426 ns, Cleanup: 27496 ns, At safepoint: 9905 ns, Total: 80827 ns
[2024-05-20T00:47:54.978+0000][1][gc,start    ] GC(88) Pause Young (Concurrent Start) (G1 Evacuation Pause)
[2024-05-20T00:47:54.978+0000][1][gc,task     ] GC(88) Using 4 workers of 4 for evacuation
[2024-05-20T00:47:54.978+0000][1][gc,age      ] GC(88) Desired survivor size 40370176 bytes, new threshold 15 (max threshold 15)
[2024-05-20T00:47:54.989+0000][1][gc,phases   ] GC(88)   Pre Evacuate Collection Set: 0.4ms
[2024-05-20T00:47:54.989+0000][1][gc,phases   ] GC(88)   Merge Heap Roots: 0.2ms
[2024-05-20T00:47:54.989+0000][1][gc,phases   ] GC(88)   Evacuate Collection Set: 8.7ms
[2024-05-20T00:47:54.989+0000][1][gc,phases   ] GC(88)   Post Evacuate Collection Set: 1.4ms
[2024-05-20T00:47:54.989+0000][1][gc,phases   ] GC(88)   Other: 0.2ms
[2024-05-20T00:47:54.989+0000][1][gc,age      ] GC(88) Age table with threshold 15 (max threshold 15)
[2024-05-20T00:47:54.989+0000][1][gc,age      ] GC(88) - age   1:    3043040 bytes,    3043040 total
[2024-05-20T00:47:54.989+0000][1][gc,age      ] GC(88) - age   2:    2869776 bytes,    5912816 total
[2024-05-20T00:47:54.989+0000][1][gc,age      ] GC(88) - age   3:    1873248 bytes,    7786064 total
[2024-05-20T00:47:54.989+0000][1][gc,age      ] GC(88) - age   4:     277752 bytes,    8063816 total
[2024-05-20T00:47:54.989+0000][1][gc,age      ] GC(88) - age   5:     413760 bytes,    8477576 total
[2024-05-20T00:47:54.989+0000][1][gc,age      ] GC(88) - age   6:     676792 bytes,    9154368 total
[2024-05-20T00:47:54.989+0000][1][gc,age      ] GC(88) - age   7:    1679712 bytes,   10834080 total
[2024-05-20T00:47:54.989+0000][1][gc,age      ] GC(88) - age   8:      52112 bytes,   10886192 total
[2024-05-20T00:47:54.989+0000][1][gc,age      ] GC(88) - age   9:     298496 bytes,   11184688 total
[2024-05-20T00:47:54.989+0000][1][gc,age      ] GC(88) - age  10:     118904 bytes,   11303592 total
[2024-05-20T00:47:54.989+0000][1][gc,age      ] GC(88) - age  11:     172616 bytes,   11476208 total
[2024-05-20T00:47:54.989+0000][1][gc,age      ] GC(88) - age  12:     175672 bytes,   11651880 total
[2024-05-20T00:47:54.989+0000][1][gc,age      ] GC(88) - age  13:      37024 bytes,   11688904 total
[2024-05-20T00:47:54.989+0000][1][gc,age      ] GC(88) - age  14:      95280 bytes,   11784184 total
[2024-05-20T00:47:54.989+0000][1][gc,age      ] GC(88) - age  15:     304864 bytes,   12089048 total
[2024-05-20T00:47:54.989+0000][1][gc,heap     ] GC(88) Eden regions: 601->0(601)
[2024-05-20T00:47:54.989+0000][1][gc,heap     ] GC(88) Survivor regions: 13->13(77)
[2024-05-20T00:47:54.989+0000][1][gc,heap     ] GC(88) Old regions: 37->37
[2024-05-20T00:47:54.989+0000][1][gc,heap     ] GC(88) Humongous regions: 3->3
[2024-05-20T00:47:54.989+0000][1][gc,metaspace] GC(88) Metaspace: 98802K(100800K)->98802K(100800K) NonClass: 86779K(87872K)->86779K(87872K) Class: 12022K(12928K)->12022K(12928K)
[2024-05-20T00:47:54.990+0000][1][gc          ] GC(88) Pause Young (Concurrent Start) (G1 Evacuation Pause) 653M->52M(1024M) 11.261ms
[2024-05-20T00:47:54.990+0000][1][gc          ] GC(89) Concurrent Mark Cycle
[2024-05-20T00:47:54.990+0000][1][gc,marking  ] GC(89) Concurrent Scan Root Regions
[2024-05-20T00:47:54.990+0000][1][gc,cpu      ] GC(88) User=0.04s Sys=0.00s Real=0.01s
[2024-05-20T00:47:54.990+0000][1][safepoint   ] Safepoint "G1CollectForAllocation", Time since last: 714464072804 ns, Reaching safepoint: 24949 ns, Cleanup: 6035 ns, At safepoint: 11400687 ns, Total: 11431671 ns
[2024-05-20T00:47:54.998+0000][1][gc,marking  ] GC(89) Concurrent Scan Root Regions 8.212ms
[2024-05-20T00:47:54.998+0000][1][gc,marking  ] GC(89) Concurrent Mark
[2024-05-20T00:47:54.998+0000][1][gc,marking  ] GC(89) Concurrent Mark From Roots
[2024-05-20T00:47:54.998+0000][1][gc,task     ] GC(89) Using 1 workers of 1 for marking
[2024-05-20T00:47:55.061+0000][1][gc,marking  ] GC(89) Concurrent Mark From Roots 63.548ms
[2024-05-20T00:47:55.061+0000][1][gc,marking  ] GC(89) Concurrent Preclean
[2024-05-20T00:47:55.062+0000][1][gc,marking  ] GC(89) Concurrent Preclean 0.234ms
[2024-05-20T00:47:55.062+0000][1][gc,start    ] GC(89) Pause Remark
[2024-05-20T00:47:55.068+0000][1][gc          ] GC(89) Pause Remark 54M->54M(1024M) 6.558ms
[2024-05-20T00:47:55.068+0000][1][gc,cpu      ] GC(89) User=0.02s Sys=0.00s Real=0.01s
[2024-05-20T00:47:55.068+0000][1][safepoint   ] Safepoint "G1PauseRemark", Time since last: 72138839 ns, Reaching safepoint: 27437 ns, Cleanup: 5573 ns, At safepoint: 6683429 ns, Total: 6716439 ns
[2024-05-20T00:47:55.069+0000][1][gc,marking  ] GC(89) Concurrent Mark 70.664ms
[2024-05-20T00:47:55.069+0000][1][gc,marking  ] GC(89) Concurrent Rebuild Remembered Sets and Scrub Regions
[2024-05-20T00:47:55.095+0000][1][gc,marking  ] GC(89) Concurrent Rebuild Remembered Sets and Scrub Regions 26.667ms
[2024-05-20T00:47:55.095+0000][1][gc,start    ] GC(89) Pause Cleanup
[2024-05-20T00:47:55.096+0000][1][gc          ] GC(89) Pause Cleanup 54M->54M(1024M) 0.286ms
[2024-05-20T00:47:55.096+0000][1][gc,cpu      ] GC(89) User=0.00s Sys=0.00s Real=0.00s
[2024-05-20T00:47:55.096+0000][1][safepoint   ] Safepoint "G1PauseCleanup", Time since last: 26867698 ns, Reaching safepoint: 33362 ns, Cleanup: 6996 ns, At safepoint: 344683 ns, Total: 385041 ns
[2024-05-20T00:47:55.096+0000][1][gc,marking  ] GC(89) Concurrent Clear Claimed Marks
[2024-05-20T00:47:55.096+0000][1][gc,marking  ] GC(89) Concurrent Clear Claimed Marks 0.111ms
[2024-05-20T00:47:55.096+0000][1][gc,marking  ] GC(89) Concurrent Cleanup for Next Mark
[2024-05-20T00:47:55.099+0000][1][gc,marking  ] GC(89) Concurrent Cleanup for Next Mark 3.221ms
[2024-05-20T00:47:55.099+0000][1][gc          ] GC(89) Concurrent Mark Cycle 109.713ms
[2024-05-20T01:03:18.626+0000][1][safepoint   ] Safepoint "Cleanup", Time since last: 923529649881 ns, Reaching safepoint: 102466 ns, Cleanup: 22336 ns, At safepoint: 8482 ns, Total: 133284 ns
[2024-05-20T01:24:22.764+0000][1][safepoint   ] Safepoint "Cleanup", Time since last: 1264138035395 ns, Reaching safepoint: 25729 ns, Cleanup: 6992 ns, At safepoint: 5079 ns, Total: 37800 ns
[2024-05-20T01:24:23.768+0000][1][safepoint   ] Safepoint "Cleanup", Time since last: 1003852248 ns, Reaching safepoint: 37063 ns, Cleanup: 26189 ns, At safepoint: 8772 ns, Total: 72024 ns
[2024-05-20T01:25:09.780+0000][1][safepoint   ] Safepoint "Cleanup", Time since last: 46012172862 ns, Reaching safepoint: 56403 ns, Cleanup: 24345 ns, At safepoint: 75131 ns, Total: 155879 ns
[2024-05-20T01:31:00.485+0000][1][safepoint   ] Safepoint "Cleanup", Time since last: 350705409903 ns, Reaching safepoint: 37537 ns, Cleanup: 23067 ns, At safepoint: 8330 ns, Total: 68934 ns
[2024-05-20T01:47:59.789+0000][1][gc,start    ] GC(90) Pause Young (Prepare Mixed) (G1 Evacuation Pause)
[2024-05-20T01:47:59.789+0000][1][gc,task     ] GC(90) Using 4 workers of 4 for evacuation
[2024-05-20T01:47:59.789+0000][1][gc,age      ] GC(90) Desired survivor size 40370176 bytes, new threshold 15 (max threshold 15)
[2024-05-20T01:47:59.806+0000][1][gc,phases   ] GC(90)   Pre Evacuate Collection Set: 0.7ms
[2024-05-20T01:47:59.806+0000][1][gc,phases   ] GC(90)   Merge Heap Roots: 0.4ms
[2024-05-20T01:47:59.806+0000][1][gc,phases   ] GC(90)   Evacuate Collection Set: 12.4ms
[2024-05-20T01:47:59.806+0000][1][gc,phases   ] GC(90)   Post Evacuate Collection Set: 2.5ms
[2024-05-20T01:47:59.806+0000][1][gc,phases   ] GC(90)   Other: 0.3ms
[2024-05-20T01:47:59.806+0000][1][gc,age      ] GC(90) Age table with threshold 15 (max threshold 15)
[2024-05-20T01:47:59.806+0000][1][gc,age      ] GC(90) - age   1:    3982776 bytes,    3982776 total
[2024-05-20T01:47:59.806+0000][1][gc,age      ] GC(90) - age   2:    2117128 bytes,    6099904 total
[2024-05-20T01:47:59.806+0000][1][gc,age      ] GC(90) - age   3:    2012408 bytes,    8112312 total
[2024-05-20T01:47:59.806+0000][1][gc,age      ] GC(90) - age   4:     553264 bytes,    8665576 total
[2024-05-20T01:47:59.806+0000][1][gc,age      ] GC(90) - age   5:     246168 bytes,    8911744 total
[2024-05-20T01:47:59.806+0000][1][gc,age      ] GC(90) - age   6:     289216 bytes,    9200960 total
[2024-05-20T01:47:59.806+0000][1][gc,age      ] GC(90) - age   7:     280016 bytes,    9480976 total
[2024-05-20T01:47:59.806+0000][1][gc,age      ] GC(90) - age   8:    1417872 bytes,   10898848 total
[2024-05-20T01:47:59.806+0000][1][gc,age      ] GC(90) - age   9:      52112 bytes,   10950960 total
[2024-05-20T01:47:59.806+0000][1][gc,age      ] GC(90) - age  10:     298496 bytes,   11249456 total
[2024-05-20T01:47:59.806+0000][1][gc,age      ] GC(90) - age  11:     118640 bytes,   11368096 total
[2024-05-20T01:47:59.806+0000][1][gc,age      ] GC(90) - age  12:     172616 bytes,   11540712 total
[2024-05-20T01:47:59.806+0000][1][gc,age      ] GC(90) - age  13:     175672 bytes,   11716384 total
[2024-05-20T01:47:59.806+0000][1][gc,age      ] GC(90) - age  14:      37024 bytes,   11753408 total
[2024-05-20T01:47:59.806+0000][1][gc,age      ] GC(90) - age  15:      95280 bytes,   11848688 total
[2024-05-20T01:47:59.806+0000][1][gc,heap     ] GC(90) Eden regions: 601->0(601)
[2024-05-20T01:47:59.806+0000][1][gc,heap     ] GC(90) Survivor regions: 13->13(77)
[2024-05-20T01:47:59.806+0000][1][gc,heap     ] GC(90) Old regions: 37->38
[2024-05-20T01:47:59.806+0000][1][gc,heap     ] GC(90) Humongous regions: 3->3
[2024-05-20T01:47:59.806+0000][1][gc,metaspace] GC(90) Metaspace: 98806K(100800K)->98806K(100800K) NonClass: 86784K(87872K)->86784K(87872K) Class: 12022K(12928K)->12022K(12928K)
[2024-05-20T01:47:59.806+0000][1][gc          ] GC(90) Pause Young (Prepare Mixed) (G1 Evacuation Pause) 653M->52M(1024M) 17.369ms
[2024-05-20T01:47:59.806+0000][1][gc,cpu      ] GC(90) User=0.05s Sys=0.00s Real=0.02s
[2024-05-20T01:47:59.806+0000][1][safepoint   ] Safepoint "G1CollectForAllocation", Time since last: 1019303529402 ns, Reaching safepoint: 60576 ns, Cleanup: 11059 ns, At safepoint: 17541874 ns, Total: 17613509 ns
[2024-05-20T01:56:32.927+0000][1][safepoint   ] Safepoint "Cleanup", Time since last: 513120822870 ns, Reaching safepoint: 13248 ns, Cleanup: 8310 ns, At safepoint: 3664 ns, Total: 25222 ns
[2024-05-20T01:56:34.168+0000][1][safepoint   ] Safepoint "Cleanup", Time since last: 1241076080 ns, Reaching safepoint: 32518 ns, Cleanup: 24041 ns, At safepoint: 5212 ns, Total: 61771 ns
[2024-05-20T02:17:53.025+0000][1][safepoint   ] Safepoint "Cleanup", Time since last: 1278856532958 ns, Reaching safepoint: 16460 ns, Cleanup: 5718 ns, At safepoint: 4014 ns, Total: 26192 ns
[2024-05-20T02:48:59.311+0000][1][gc,start    ] GC(91) Pause Young (Mixed) (G1 Evacuation Pause)
[2024-05-20T02:48:59.311+0000][1][gc,task     ] GC(91) Using 4 workers of 4 for evacuation
[2024-05-20T02:48:59.311+0000][1][gc,age      ] GC(91) Desired survivor size 40370176 bytes, new threshold 15 (max threshold 15)
[2024-05-20T02:48:59.323+0000][1][gc,phases   ] GC(91)   Pre Evacuate Collection Set: 0.4ms
[2024-05-20T02:48:59.323+0000][1][gc,phases   ] GC(91)   Merge Heap Roots: 0.1ms
[2024-05-20T02:48:59.323+0000][1][gc,phases   ] GC(91)   Evacuate Collection Set: 10.6ms
[2024-05-20T02:48:59.323+0000][1][gc,phases   ] GC(91)   Post Evacuate Collection Set: 1.4ms
[2024-05-20T02:48:59.323+0000][1][gc,phases   ] GC(91)   Other: 0.1ms
[2024-05-20T02:48:59.323+0000][1][gc,age      ] GC(91) Age table with threshold 15 (max threshold 15)
[2024-05-20T02:48:59.323+0000][1][gc,age      ] GC(91) - age   1:    3562976 bytes,    3562976 total
[2024-05-20T02:48:59.323+0000][1][gc,age      ] GC(91) - age   2:    2427872 bytes,    5990848 total
[2024-05-20T02:48:59.323+0000][1][gc,age      ] GC(91) - age   3:    1951312 bytes,    7942160 total
[2024-05-20T02:48:59.323+0000][1][gc,age      ] GC(91) - age   4:     662048 bytes,    8604208 total
[2024-05-20T02:48:59.323+0000][1][gc,age      ] GC(91) - age   5:     520064 bytes,    9124272 total
[2024-05-20T02:48:59.323+0000][1][gc,age      ] GC(91) - age   6:     205880 bytes,    9330152 total
[2024-05-20T02:48:59.323+0000][1][gc,age      ] GC(91) - age   7:     113520 bytes,    9443672 total
[2024-05-20T02:48:59.323+0000][1][gc,age      ] GC(91) - age   8:     280016 bytes,    9723688 total
[2024-05-20T02:48:59.323+0000][1][gc,age      ] GC(91) - age   9:    1385664 bytes,   11109352 total
[2024-05-20T02:48:59.323+0000][1][gc,age      ] GC(91) - age  10:      52112 bytes,   11161464 total
[2024-05-20T02:48:59.323+0000][1][gc,age      ] GC(91) - age  11:     298160 bytes,   11459624 total
[2024-05-20T02:48:59.323+0000][1][gc,age      ] GC(91) - age  12:     118640 bytes,   11578264 total
[2024-05-20T02:48:59.323+0000][1][gc,age      ] GC(91) - age  13:     141808 bytes,   11720072 total
[2024-05-20T02:48:59.323+0000][1][gc,age      ] GC(91) - age  14:     175672 bytes,   11895744 total
[2024-05-20T02:48:59.323+0000][1][gc,age      ] GC(91) - age  15:      37024 bytes,   11932768 total
[2024-05-20T02:48:59.323+0000][1][gc,heap     ] GC(91) Eden regions: 601->0(601)
[2024-05-20T02:48:59.323+0000][1][gc,heap     ] GC(91) Survivor regions: 13->13(77)
[2024-05-20T02:48:59.323+0000][1][gc,heap     ] GC(91) Old regions: 38->37
[2024-05-20T02:48:59.323+0000][1][gc,heap     ] GC(91) Humongous regions: 3->3
[2024-05-20T02:48:59.324+0000][1][gc,metaspace] GC(91) Metaspace: 98807K(100800K)->98807K(100800K) NonClass: 86785K(87872K)->86785K(87872K) Class: 12022K(12928K)->12022K(12928K)
[2024-05-20T02:48:59.324+0000][1][gc          ] GC(91) Pause Young (Mixed) (G1 Evacuation Pause) 653M->52M(1024M) 13.016ms
[2024-05-20T02:48:59.324+0000][1][gc,cpu      ] GC(91) User=0.04s Sys=0.00s Real=0.02s
[2024-05-20T02:48:59.324+0000][1][safepoint   ] Safepoint "G1CollectForAllocation", Time since last: 1866285405684 ns, Reaching safepoint: 54874 ns, Cleanup: 7468 ns, At safepoint: 13107660 ns, Total: 13170002 ns
[2024-05-20T03:36:35.730+0000][1][safepoint   ] Safepoint "Cleanup", Time since last: 2856406614758 ns, Reaching safepoint: 64117 ns, Cleanup: 10907 ns, At safepoint: 4310 ns, Total: 79334 ns
[2024-05-20T03:36:36.964+0000][1][safepoint   ] Safepoint "Cleanup", Time since last: 1233302766 ns, Reaching safepoint: 58473 ns, Cleanup: 52805 ns, At safepoint: 7516 ns, Total: 118794 ns
[2024-05-20T03:36:40.902+0000][1][safepoint   ] Safepoint "Cleanup", Time since last: 3938639624 ns, Reaching safepoint: 37433 ns, Cleanup: 35751 ns, At safepoint: 7766 ns, Total: 80950 ns
[2024-05-20T03:36:41.175+0000][1][gc,start    ] GC(92) Pause Young (Concurrent Start) (G1 Evacuation Pause)
[2024-05-20T03:36:41.176+0000][1][gc,task     ] GC(92) Using 4 workers of 4 for evacuation
[2024-05-20T03:36:41.176+0000][1][gc,age      ] GC(92) Desired survivor size 40370176 bytes, new threshold 15 (max threshold 15)
[2024-05-20T03:36:41.186+0000][1][gc,phases   ] GC(92)   Pre Evacuate Collection Set: 0.5ms
[2024-05-20T03:36:41.186+0000][1][gc,phases   ] GC(92)   Merge Heap Roots: 0.2ms
[2024-05-20T03:36:41.186+0000][1][gc,phases   ] GC(92)   Evacuate Collection Set: 7.9ms
[2024-05-20T03:36:41.186+0000][1][gc,phases   ] GC(92)   Post Evacuate Collection Set: 1.5ms
[2024-05-20T03:36:41.186+0000][1][gc,phases   ] GC(92)   Other: 0.2ms
[2024-05-20T03:36:41.186+0000][1][gc,age      ] GC(92) Age table with threshold 15 (max threshold 15)
[2024-05-20T03:36:41.186+0000][1][gc,age      ] GC(92) - age   1:    2617944 bytes,    2617944 total
[2024-05-20T03:36:41.186+0000][1][gc,age      ] GC(92) - age   2:    1937296 bytes,    4555240 total
[2024-05-20T03:36:41.186+0000][1][gc,age      ] GC(92) - age   3:    1716304 bytes,    6271544 total
[2024-05-20T03:36:41.186+0000][1][gc,age      ] GC(92) - age   4:     758792 bytes,    7030336 total
[2024-05-20T03:36:41.186+0000][1][gc,age      ] GC(92) - age   5:     599456 bytes,    7629792 total
[2024-05-20T03:36:41.186+0000][1][gc,age      ] GC(92) - age   6:     282856 bytes,    7912648 total
[2024-05-20T03:36:41.186+0000][1][gc,age      ] GC(92) - age   7:      72184 bytes,    7984832 total
[2024-05-20T03:36:41.186+0000][1][gc,age      ] GC(92) - age   8:      65368 bytes,    8050200 total
[2024-05-20T03:36:41.186+0000][1][gc,age      ] GC(92) - age   9:      78496 bytes,    8128696 total
[2024-05-20T03:36:41.186+0000][1][gc,age      ] GC(92) - age  10:     900280 bytes,    9028976 total
[2024-05-20T03:36:41.186+0000][1][gc,age      ] GC(92) - age  11:      51808 bytes,    9080784 total
[2024-05-20T03:36:41.186+0000][1][gc,age      ] GC(92) - age  12:     251400 bytes,    9332184 total
[2024-05-20T03:36:41.186+0000][1][gc,age      ] GC(92) - age  13:     108624 bytes,    9440808 total
[2024-05-20T03:36:41.186+0000][1][gc,age      ] GC(92) - age  14:     140496 bytes,    9581304 total
[2024-05-20T03:36:41.186+0000][1][gc,age      ] GC(92) - age  15:     175672 bytes,    9756976 total
[2024-05-20T03:36:41.186+0000][1][gc,heap     ] GC(92) Eden regions: 601->0(603)
[2024-05-20T03:36:41.186+0000][1][gc,heap     ] GC(92) Survivor regions: 13->11(77)
[2024-05-20T03:36:41.186+0000][1][gc,heap     ] GC(92) Old regions: 37->37
[2024-05-20T03:36:41.186+0000][1][gc,heap     ] GC(92) Humongous regions: 3->3
[2024-05-20T03:36:41.186+0000][1][gc,metaspace] GC(92) Metaspace: 98817K(100800K)->98817K(100800K) NonClass: 86794K(87872K)->86794K(87872K) Class: 12022K(12928K)->12022K(12928K)
[2024-05-20T03:36:41.186+0000][1][gc          ] GC(92) Pause Young (Concurrent Start) (G1 Evacuation Pause) 653M->50M(1024M) 10.783ms
[2024-05-20T03:36:41.186+0000][1][gc,cpu      ] GC(92) User=0.03s Sys=0.00s Real=0.01s
[2024-05-20T03:36:41.186+0000][1][gc          ] GC(93) Concurrent Mark Cycle
[2024-05-20T03:36:41.186+0000][1][gc,marking  ] GC(93) Concurrent Scan Root Regions
[2024-05-20T03:36:41.186+0000][1][safepoint   ] Safepoint "G1CollectForAllocation", Time since last: 272903062 ns, Reaching safepoint: 25435 ns, Cleanup: 6643 ns, At safepoint: 10926075 ns, Total: 10958153 ns
[2024-05-20T03:36:41.194+0000][1][gc,marking  ] GC(93) Concurrent Scan Root Regions 8.033ms
[2024-05-20T03:36:41.194+0000][1][gc,marking  ] GC(93) Concurrent Mark
[2024-05-20T03:36:41.194+0000][1][gc,marking  ] GC(93) Concurrent Mark From Roots
[2024-05-20T03:36:41.194+0000][1][gc,task     ] GC(93) Using 1 workers of 1 for marking
[2024-05-20T03:36:41.258+0000][1][gc,marking  ] GC(93) Concurrent Mark From Roots 64.023ms
[2024-05-20T03:36:41.258+0000][1][gc,marking  ] GC(93) Concurrent Preclean
[2024-05-20T03:36:41.259+0000][1][gc,marking  ] GC(93) Concurrent Preclean 0.234ms
[2024-05-20T03:36:41.259+0000][1][gc,start    ] GC(93) Pause Remark
[2024-05-20T03:36:41.271+0000][1][gc          ] GC(93) Pause Remark 51M->51M(1024M) 12.586ms
[2024-05-20T03:36:41.272+0000][1][gc,cpu      ] GC(93) User=0.03s Sys=0.00s Real=0.01s
[2024-05-20T03:36:41.272+0000][1][safepoint   ] Safepoint "G1PauseRemark", Time since last: 72501792 ns, Reaching safepoint: 28326 ns, Cleanup: 5397 ns, At safepoint: 12715625 ns, Total: 12749348 ns
[2024-05-20T03:36:41.272+0000][1][gc,marking  ] GC(93) Concurrent Mark 77.197ms
[2024-05-20T03:36:41.272+0000][1][gc,marking  ] GC(93) Concurrent Rebuild Remembered Sets and Scrub Regions
[2024-05-20T03:36:41.298+0000][1][gc,marking  ] GC(93) Concurrent Rebuild Remembered Sets and Scrub Regions 26.385ms
[2024-05-20T03:36:41.298+0000][1][gc,start    ] GC(93) Pause Cleanup
[2024-05-20T03:36:41.299+0000][1][gc          ] GC(93) Pause Cleanup 51M->51M(1024M) 0.269ms
[2024-05-20T03:36:41.299+0000][1][gc,cpu      ] GC(93) User=0.00s Sys=0.00s Real=0.00s
[2024-05-20T03:36:41.299+0000][1][safepoint   ] Safepoint "G1PauseCleanup", Time since last: 26626089 ns, Reaching safepoint: 19950 ns, Cleanup: 14124 ns, At safepoint: 356710 ns, Total: 390784 ns
[2024-05-20T03:36:41.299+0000][1][gc,marking  ] GC(93) Concurrent Clear Claimed Marks
[2024-05-20T03:36:41.299+0000][1][gc,marking  ] GC(93) Concurrent Clear Claimed Marks 0.132ms
[2024-05-20T03:36:41.299+0000][1][gc,marking  ] GC(93) Concurrent Cleanup for Next Mark
[2024-05-20T03:36:41.302+0000][1][gc,marking  ] GC(93) Concurrent Cleanup for Next Mark 3.355ms
[2024-05-20T03:36:41.302+0000][1][gc          ] GC(93) Concurrent Mark Cycle 115.947ms
[2024-05-20T03:36:45.904+0000][1][safepoint   ] Safepoint "Cleanup", Time since last: 4605464388 ns, Reaching safepoint: 31693 ns, Cleanup: 25665 ns, At safepoint: 4553 ns, Total: 61911 ns
[2024-05-20T03:36:50.906+0000][1][safepoint   ] Safepoint "Cleanup", Time since last: 5001464499 ns, Reaching safepoint: 30448 ns, Cleanup: 36130 ns, At safepoint: 5381 ns, Total: 71959 ns
[2024-05-20T03:37:05.791+0000][1][safepoint   ] Safepoint "Cleanup", Time since last: 14884957609 ns, Reaching safepoint: 32825 ns, Cleanup: 19853 ns, At safepoint: 4269 ns, Total: 56947 ns
[2024-05-20T03:37:10.792+0000][1][safepoint   ] Safepoint "Cleanup", Time since last: 5001421213 ns, Reaching safepoint: 29699 ns, Cleanup: 17905 ns, At safepoint: 4399 ns, Total: 52003 ns
[2024-05-20T03:37:15.031+0000][1][safepoint   ] Safepoint "Cleanup", Time since last: 4239065718 ns, Reaching safepoint: 27324 ns, Cleanup: 6056 ns, At safepoint: 4186 ns, Total: 37566 ns
[2024-05-20T03:37:30.621+0000][1][gc,start    ] GC(94) Pause Young (Prepare Mixed) (G1 Evacuation Pause)
[2024-05-20T03:37:30.621+0000][1][gc,task     ] GC(94) Using 4 workers of 4 for evacuation
[2024-05-20T03:37:30.621+0000][1][gc,age      ] GC(94) Desired survivor size 40370176 bytes, new threshold 15 (max threshold 15)
[2024-05-20T03:37:30.632+0000][1][gc,phases   ] GC(94)   Pre Evacuate Collection Set: 0.6ms
[2024-05-20T03:37:30.632+0000][1][gc,phases   ] GC(94)   Merge Heap Roots: 0.2ms
[2024-05-20T03:37:30.632+0000][1][gc,phases   ] GC(94)   Evacuate Collection Set: 8.5ms
[2024-05-20T03:37:30.632+0000][1][gc,phases   ] GC(94)   Post Evacuate Collection Set: 1.4ms
[2024-05-20T03:37:30.632+0000][1][gc,phases   ] GC(94)   Other: 0.1ms
[2024-05-20T03:37:30.632+0000][1][gc,age      ] GC(94) Age table with threshold 15 (max threshold 15)
[2024-05-20T03:37:30.632+0000][1][gc,age      ] GC(94) - age   1:    3767504 bytes,    3767504 total
[2024-05-20T03:37:30.632+0000][1][gc,age      ] GC(94) - age   2:    2357960 bytes,    6125464 total
[2024-05-20T03:37:30.632+0000][1][gc,age      ] GC(94) - age   3:    1871064 bytes,    7996528 total
[2024-05-20T03:37:30.632+0000][1][gc,age      ] GC(94) - age   4:    1650784 bytes,    9647312 total
[2024-05-20T03:37:30.632+0000][1][gc,age      ] GC(94) - age   5:     699528 bytes,   10346840 total
[2024-05-20T03:37:30.632+0000][1][gc,age      ] GC(94) - age   6:     599296 bytes,   10946136 total
[2024-05-20T03:37:30.632+0000][1][gc,age      ] GC(94) - age   7:     273904 bytes,   11220040 total
[2024-05-20T03:37:30.632+0000][1][gc,age      ] GC(94) - age   8:      72184 bytes,   11292224 total
[2024-05-20T03:37:30.632+0000][1][gc,age      ] GC(94) - age   9:      65368 bytes,   11357592 total
[2024-05-20T03:37:30.632+0000][1][gc,age      ] GC(94) - age  10:      78496 bytes,   11436088 total
[2024-05-20T03:37:30.632+0000][1][gc,age      ] GC(94) - age  11:     898928 bytes,   12335016 total
[2024-05-20T03:37:30.632+0000][1][gc,age      ] GC(94) - age  12:      51768 bytes,   12386784 total
[2024-05-20T03:37:30.632+0000][1][gc,age      ] GC(94) - age  13:     239400 bytes,   12626184 total
[2024-05-20T03:37:30.632+0000][1][gc,age      ] GC(94) - age  14:     103376 bytes,   12729560 total
[2024-05-20T03:37:30.632+0000][1][gc,age      ] GC(94) - age  15:     139664 bytes,   12869224 total
[2024-05-20T03:37:30.632+0000][1][gc,heap     ] GC(94) Eden regions: 603->0(601)
[2024-05-20T03:37:30.632+0000][1][gc,heap     ] GC(94) Survivor regions: 11->13(77)
[2024-05-20T03:37:30.632+0000][1][gc,heap     ] GC(94) Old regions: 37->38
[2024-05-20T03:37:30.632+0000][1][gc,heap     ] GC(94) Humongous regions: 3->3
[2024-05-20T03:37:30.632+0000][1][gc,metaspace] GC(94) Metaspace: 98817K(100800K)->98817K(100800K) NonClass: 86795K(87872K)->86795K(87872K) Class: 12022K(12928K)->12022K(12928K)
[2024-05-20T03:37:30.632+0000][1][gc          ] GC(94) Pause Young (Prepare Mixed) (G1 Evacuation Pause) 653M->53M(1024M) 11.229ms
[2024-05-20T03:37:30.632+0000][1][gc,cpu      ] GC(94) User=0.04s Sys=0.00s Real=0.01s
[2024-05-20T03:37:30.632+0000][1][safepoint   ] Safepoint "G1CollectForAllocation", Time since last: 15589815360 ns, Reaching safepoint: 38064 ns, Cleanup: 7064 ns, At safepoint: 11320868 ns, Total: 11365996 ns
[2024-05-20T03:37:31.935+0000][1][safepoint   ] Safepoint "Cleanup", Time since last: 1302962645 ns, Reaching safepoint: 8930 ns, Cleanup: 34156 ns, At safepoint: 3759 ns, Total: 46845 ns
[2024-05-20T03:37:35.954+0000][1][safepoint   ] Safepoint "Cleanup", Time since last: 4018923616 ns, Reaching safepoint: 30690 ns, Cleanup: 18382 ns, At safepoint: 5110 ns, Total: 54182 ns
[2024-05-20T03:37:39.978+0000][1][safepoint   ] Safepoint "Cleanup", Time since last: 4023411710 ns, Reaching safepoint: 32663 ns, Cleanup: 19703 ns, At safepoint: 5080 ns, Total: 57446 ns
[2024-05-20T03:37:40.978+0000][1][safepoint   ] Safepoint "Cleanup", Time since last: 1000300601 ns, Reaching safepoint: 40185 ns, Cleanup: 26036 ns, At safepoint: 8212 ns, Total: 74433 ns
[2024-05-20T03:37:59.985+0000][1][safepoint   ] Safepoint "Cleanup", Time since last: 19006287451 ns, Reaching safepoint: 32903 ns, Cleanup: 19253 ns, At safepoint: 5047 ns, Total: 57203 ns
[2024-05-20T03:38:04.223+0000][1][gc,start    ] GC(95) Pause Young (Mixed) (G1 Evacuation Pause)
[2024-05-20T03:38:04.223+0000][1][gc,task     ] GC(95) Using 4 workers of 4 for evacuation
[2024-05-20T03:38:04.223+0000][1][gc,age      ] GC(95) Desired survivor size 40370176 bytes, new threshold 15 (max threshold 15)
[2024-05-20T03:38:04.235+0000][1][gc,phases   ] GC(95)   Pre Evacuate Collection Set: 0.6ms
[2024-05-20T03:38:04.235+0000][1][gc,phases   ] GC(95)   Merge Heap Roots: 0.2ms
[2024-05-20T03:38:04.235+0000][1][gc,phases   ] GC(95)   Evacuate Collection Set: 9.2ms
[2024-05-20T03:38:04.235+0000][1][gc,phases   ] GC(95)   Post Evacuate Collection Set: 1.4ms
[2024-05-20T03:38:04.235+0000][1][gc,phases   ] GC(95)   Other: 0.1ms
[2024-05-20T03:38:04.235+0000][1][gc,age      ] GC(95) Age table with threshold 15 (max threshold 15)
[2024-05-20T03:38:04.235+0000][1][gc,age      ] GC(95) - age   1:    3195208 bytes,    3195208 total
[2024-05-20T03:38:04.235+0000][1][gc,age      ] GC(95) - age   2:     542376 bytes,    3737584 total
[2024-05-20T03:38:04.235+0000][1][gc,age      ] GC(95) - age   3:    1908720 bytes,    5646304 total
[2024-05-20T03:38:04.235+0000][1][gc,age      ] GC(95) - age   4:    1668448 bytes,    7314752 total
[2024-05-20T03:38:04.235+0000][1][gc,age      ] GC(95) - age   5:    1644936 bytes,    8959688 total
[2024-05-20T03:38:04.235+0000][1][gc,age      ] GC(95) - age   6:     450552 bytes,    9410240 total
[2024-05-20T03:38:04.235+0000][1][gc,age      ] GC(95) - age   7:     599296 bytes,   10009536 total
[2024-05-20T03:38:04.235+0000][1][gc,age      ] GC(95) - age   8:     205584 bytes,   10215120 total
[2024-05-20T03:38:04.235+0000][1][gc,age      ] GC(95) - age   9:      72184 bytes,   10287304 total
[2024-05-20T03:38:04.235+0000][1][gc,age      ] GC(95) - age  10:      35048 bytes,   10322352 total
[2024-05-20T03:38:04.235+0000][1][gc,age      ] GC(95) - age  11:      78496 bytes,   10400848 total
[2024-05-20T03:38:04.235+0000][1][gc,age      ] GC(95) - age  12:     868360 bytes,   11269208 total
[2024-05-20T03:38:04.235+0000][1][gc,age      ] GC(95) - age  13:      51768 bytes,   11320976 total
[2024-05-20T03:38:04.235+0000][1][gc,age      ] GC(95) - age  14:     207920 bytes,   11528896 total
[2024-05-20T03:38:04.235+0000][1][gc,age      ] GC(95) - age  15:     102480 bytes,   11631376 total
[2024-05-20T03:38:04.235+0000][1][gc,heap     ] GC(95) Eden regions: 601->0(601)
[2024-05-20T03:38:04.235+0000][1][gc,heap     ] GC(95) Survivor regions: 13->13(77)
[2024-05-20T03:38:04.235+0000][1][gc,heap     ] GC(95) Old regions: 38->37
[2024-05-20T03:38:04.235+0000][1][gc,heap     ] GC(95) Humongous regions: 3->3
[2024-05-20T03:38:04.235+0000][1][gc,metaspace] GC(95) Metaspace: 98818K(100800K)->98818K(100800K) NonClass: 86796K(87872K)->86796K(87872K) Class: 12022K(12928K)->12022K(12928K)
[2024-05-20T03:38:04.235+0000][1][gc          ] GC(95) Pause Young (Mixed) (G1 Evacuation Pause) 654M->52M(1024M) 11.947ms
[2024-05-20T03:38:04.235+0000][1][gc,cpu      ] GC(95) User=0.03s Sys=0.00s Real=0.01s
[2024-05-20T03:38:04.235+0000][1][safepoint   ] Safepoint "G1CollectForAllocation", Time since last: 4238563527 ns, Reaching safepoint: 117956 ns, Cleanup: 20214 ns, At safepoint: 12053273 ns, Total: 12191443 ns
[2024-05-20T03:38:07.096+0000][1][safepoint   ] Safepoint "Cleanup", Time since last: 2860958841 ns, Reaching safepoint: 40344 ns, Cleanup: 23690 ns, At safepoint: 9445 ns, Total: 73479 ns
[2024-05-20T03:38:20.016+0000][1][safepoint   ] Safepoint "Cleanup", Time since last: 12919191303 ns, Reaching safepoint: 106705 ns, Cleanup: 21548 ns, At safepoint: 8224 ns, Total: 136477 ns
[2024-05-20T03:38:25.119+0000][1][safepoint   ] Safepoint "Cleanup", Time since last: 5103178529 ns, Reaching safepoint: 43935 ns, Cleanup: 27508 ns, At safepoint: 11391 ns, Total: 82834 ns
[2024-05-20T03:38:30.015+0000][1][safepoint   ] Safepoint "Cleanup", Time since last: 4896097739 ns, Reaching safepoint: 37477 ns, Cleanup: 22144 ns, At safepoint: 7418 ns, Total: 67039 ns
[2024-05-20T03:38:35.026+0000][1][safepoint   ] Safepoint "Cleanup", Time since last: 5010987782 ns, Reaching safepoint: 33648 ns, Cleanup: 21543 ns, At safepoint: 6520 ns, Total: 61711 ns
[2024-05-20T03:38:39.245+0000][1][gc,start    ] GC(96) Pause Young (Concurrent Start) (G1 Evacuation Pause)
[2024-05-20T03:38:39.245+0000][1][gc,task     ] GC(96) Using 4 workers of 4 for evacuation
[2024-05-20T03:38:39.245+0000][1][gc,age      ] GC(96) Desired survivor size 40370176 bytes, new threshold 15 (max threshold 15)
[2024-05-20T03:38:39.256+0000][1][gc,phases   ] GC(96)   Pre Evacuate Collection Set: 0.6ms
[2024-05-20T03:38:39.256+0000][1][gc,phases   ] GC(96)   Merge Heap Roots: 0.2ms
[2024-05-20T03:38:39.256+0000][1][gc,phases   ] GC(96)   Evacuate Collection Set: 8.5ms
[2024-05-20T03:38:39.256+0000][1][gc,phases   ] GC(96)   Post Evacuate Collection Set: 1.4ms
[2024-05-20T03:38:39.256+0000][1][gc,phases   ] GC(96)   Other: 0.2ms
[2024-05-20T03:38:39.256+0000][1][gc,age      ] GC(96) Age table with threshold 15 (max threshold 15)
[2024-05-20T03:38:39.256+0000][1][gc,age      ] GC(96) - age   1:    3897376 bytes,    3897376 total
[2024-05-20T03:38:39.256+0000][1][gc,age      ] GC(96) - age   2:     567392 bytes,    4464768 total
[2024-05-20T03:38:39.256+0000][1][gc,age      ] GC(96) - age   3:     521416 bytes,    4986184 total
[2024-05-20T03:38:39.256+0000][1][gc,age      ] GC(96) - age   4:    1882800 bytes,    6868984 total
[2024-05-20T03:38:39.256+0000][1][gc,age      ] GC(96) - age   5:    1668184 bytes,    8537168 total
[2024-05-20T03:38:39.256+0000][1][gc,age      ] GC(96) - age   6:    1644936 bytes,   10182104 total
[2024-05-20T03:38:39.256+0000][1][gc,age      ] GC(96) - age   7:     428304 bytes,   10610408 total
[2024-05-20T03:38:39.256+0000][1][gc,age      ] GC(96) - age   8:     599296 bytes,   11209704 total
[2024-05-20T03:38:39.256+0000][1][gc,age      ] GC(96) - age   9:     197928 bytes,   11407632 total
[2024-05-20T03:38:39.256+0000][1][gc,age      ] GC(96) - age  10:      72184 bytes,   11479816 total
[2024-05-20T03:38:39.256+0000][1][gc,age      ] GC(96) - age  11:      35048 bytes,   11514864 total
[2024-05-20T03:38:39.256+0000][1][gc,age      ] GC(96) - age  12:      78496 bytes,   11593360 total
[2024-05-20T03:38:39.256+0000][1][gc,age      ] GC(96) - age  13:     868360 bytes,   12461720 total
[2024-05-20T03:38:39.256+0000][1][gc,age      ] GC(96) - age  14:      51728 bytes,   12513448 total
[2024-05-20T03:38:39.256+0000][1][gc,age      ] GC(96) - age  15:     202760 bytes,   12716208 total
[2024-05-20T03:38:39.256+0000][1][gc,heap     ] GC(96) Eden regions: 601->0(600)
[2024-05-20T03:38:39.257+0000][1][gc,heap     ] GC(96) Survivor regions: 13->14(77)
[2024-05-20T03:38:39.257+0000][1][gc,heap     ] GC(96) Old regions: 37->38
[2024-05-20T03:38:39.257+0000][1][gc,heap     ] GC(96) Humongous regions: 3->3
[2024-05-20T03:38:39.257+0000][1][gc,metaspace] GC(96) Metaspace: 98818K(100800K)->98818K(100800K) NonClass: 86796K(87872K)->86796K(87872K) Class: 12022K(12928K)->12022K(12928K)
[2024-05-20T03:38:39.257+0000][1][gc          ] GC(96) Pause Young (Concurrent Start) (G1 Evacuation Pause) 653M->53M(1024M) 11.313ms
[2024-05-20T03:38:39.257+0000][1][gc,cpu      ] GC(96) User=0.03s Sys=0.00s Real=0.01s
[2024-05-20T03:38:39.257+0000][1][gc          ] GC(97) Concurrent Mark Cycle
[2024-05-20T03:38:39.257+0000][1][gc,marking  ] GC(97) Concurrent Scan Root Regions
[2024-05-20T03:38:39.257+0000][1][safepoint   ] Safepoint "G1CollectForAllocation", Time since last: 4218938059 ns, Reaching safepoint: 111606 ns, Cleanup: 7446 ns, At safepoint: 11444413 ns, Total: 11563465 ns
[2024-05-20T03:38:39.277+0000][1][gc,marking  ] GC(97) Concurrent Scan Root Regions 20.498ms
[2024-05-20T03:38:39.277+0000][1][gc,marking  ] GC(97) Concurrent Mark
[2024-05-20T03:38:39.277+0000][1][gc,marking  ] GC(97) Concurrent Mark From Roots
[2024-05-20T03:38:39.277+0000][1][gc,task     ] GC(97) Using 1 workers of 1 for marking
[2024-05-20T03:38:39.367+0000][1][gc,marking  ] GC(97) Concurrent Mark From Roots 89.472ms
[2024-05-20T03:38:39.367+0000][1][gc,marking  ] GC(97) Concurrent Preclean
[2024-05-20T03:38:39.367+0000][1][gc,marking  ] GC(97) Concurrent Preclean 0.266ms
[2024-05-20T03:38:39.367+0000][1][gc,start    ] GC(97) Pause Remark
[2024-05-20T03:38:39.379+0000][1][gc          ] GC(97) Pause Remark 100M->100M(1024M) 11.690ms
[2024-05-20T03:38:39.379+0000][1][gc,cpu      ] GC(97) User=0.02s Sys=0.00s Real=0.01s
[2024-05-20T03:38:39.379+0000][1][safepoint   ] Safepoint "G1PauseRemark", Time since last: 110427450 ns, Reaching safepoint: 30306 ns, Cleanup: 6805 ns, At safepoint: 11821150 ns, Total: 11858261 ns
[2024-05-20T03:38:39.379+0000][1][gc,marking  ] GC(97) Concurrent Mark 101.800ms
[2024-05-20T03:38:39.379+0000][1][gc,marking  ] GC(97) Concurrent Rebuild Remembered Sets and Scrub Regions
[2024-05-20T03:38:39.407+0000][1][gc,marking  ] GC(97) Concurrent Rebuild Remembered Sets and Scrub Regions 27.745ms
[2024-05-20T03:38:39.407+0000][1][gc,start    ] GC(97) Pause Cleanup
[2024-05-20T03:38:39.407+0000][1][gc          ] GC(97) Pause Cleanup 100M->100M(1024M) 0.209ms
[2024-05-20T03:38:39.407+0000][1][gc,cpu      ] GC(97) User=0.00s Sys=0.00s Real=0.00s
[2024-05-20T03:38:39.407+0000][1][safepoint   ] Safepoint "G1PauseCleanup", Time since last: 27928378 ns, Reaching safepoint: 21212 ns, Cleanup: 4950 ns, At safepoint: 266444 ns, Total: 292606 ns
[2024-05-20T03:38:39.407+0000][1][gc,marking  ] GC(97) Concurrent Clear Claimed Marks
[2024-05-20T03:38:39.407+0000][1][gc,marking  ] GC(97) Concurrent Clear Claimed Marks 0.114ms
[2024-05-20T03:38:39.407+0000][1][gc,marking  ] GC(97) Concurrent Cleanup for Next Mark
[2024-05-20T03:38:39.411+0000][1][gc,marking  ] GC(97) Concurrent Cleanup for Next Mark 3.282ms
[2024-05-20T03:38:39.411+0000][1][gc          ] GC(97) Concurrent Mark Cycle 154.088ms
[2024-05-20T03:38:54.058+0000][1][safepoint   ] Safepoint "Cleanup", Time since last: 14651088958 ns, Reaching safepoint: 37236 ns, Cleanup: 22284 ns, At safepoint: 7557 ns, Total: 67077 ns
[2024-05-20T03:39:00.163+0000][1][safepoint   ] Safepoint "Cleanup", Time since last: 6104664236 ns, Reaching safepoint: 37086 ns, Cleanup: 23365 ns, At safepoint: 7507 ns, Total: 67958 ns
[2024-05-20T03:39:04.935+0000][1][safepoint   ] Safepoint "Cleanup", Time since last: 4772155500 ns, Reaching safepoint: 9812 ns, Cleanup: 33710 ns, At safepoint: 2330 ns, Total: 45852 ns
[2024-05-20T03:39:10.072+0000][1][safepoint   ] Safepoint "Cleanup", Time since last: 5136906350 ns, Reaching safepoint: 16042 ns, Cleanup: 17630 ns, At safepoint: 7762 ns, Total: 41434 ns
[2024-05-20T03:39:37.538+0000][1][gc,start    ] GC(98) Pause Young (Prepare Mixed) (G1 Evacuation Pause)
[2024-05-20T03:39:37.538+0000][1][gc,task     ] GC(98) Using 4 workers of 4 for evacuation
[2024-05-20T03:39:37.538+0000][1][gc,age      ] GC(98) Desired survivor size 40370176 bytes, new threshold 15 (max threshold 15)
[2024-05-20T03:39:37.549+0000][1][gc,phases   ] GC(98)   Pre Evacuate Collection Set: 0.6ms
[2024-05-20T03:39:37.549+0000][1][gc,phases   ] GC(98)   Merge Heap Roots: 0.2ms
[2024-05-20T03:39:37.549+0000][1][gc,phases   ] GC(98)   Evacuate Collection Set: 8.2ms
[2024-05-20T03:39:37.549+0000][1][gc,phases   ] GC(98)   Post Evacuate Collection Set: 1.4ms
[2024-05-20T03:39:37.549+0000][1][gc,phases   ] GC(98)   Other: 0.1ms
[2024-05-20T03:39:37.549+0000][1][gc,age      ] GC(98) Age table with threshold 15 (max threshold 15)
[2024-05-20T03:39:37.549+0000][1][gc,age      ] GC(98) - age   1:    2629832 bytes,    2629832 total
[2024-05-20T03:39:37.549+0000][1][gc,age      ] GC(98) - age   2:     526168 bytes,    3156000 total
[2024-05-20T03:39:37.549+0000][1][gc,age      ] GC(98) - age   3:     457488 bytes,    3613488 total
[2024-05-20T03:39:37.549+0000][1][gc,age      ] GC(98) - age   4:     413896 bytes,    4027384 total
[2024-05-20T03:39:37.549+0000][1][gc,age      ] GC(98) - age   5:    1754776 bytes,    5782160 total
[2024-05-20T03:39:37.549+0000][1][gc,age      ] GC(98) - age   6:    1603808 bytes,    7385968 total
[2024-05-20T03:39:37.549+0000][1][gc,age      ] GC(98) - age   7:    1578744 bytes,    8964712 total
[2024-05-20T03:39:37.549+0000][1][gc,age      ] GC(98) - age   8:     394720 bytes,    9359432 total
[2024-05-20T03:39:37.549+0000][1][gc,age      ] GC(98) - age   9:     599296 bytes,    9958728 total
[2024-05-20T03:39:37.549+0000][1][gc,age      ] GC(98) - age  10:     158272 bytes,   10117000 total
[2024-05-20T03:39:37.549+0000][1][gc,age      ] GC(98) - age  11:      72184 bytes,   10189184 total
[2024-05-20T03:39:37.549+0000][1][gc,age      ] GC(98) - age  12:      35048 bytes,   10224232 total
[2024-05-20T03:39:37.549+0000][1][gc,age      ] GC(98) - age  13:      78496 bytes,   10302728 total
[2024-05-20T03:39:37.549+0000][1][gc,age      ] GC(98) - age  14:     835872 bytes,   11138600 total
[2024-05-20T03:39:37.549+0000][1][gc,age      ] GC(98) - age  15:      51728 bytes,   11190328 total
[2024-05-20T03:39:37.549+0000][1][gc,heap     ] GC(98) Eden regions: 600->0(602)
[2024-05-20T03:39:37.549+0000][1][gc,heap     ] GC(98) Survivor regions: 14->12(77)
[2024-05-20T03:39:37.549+0000][1][gc,heap     ] GC(98) Old regions: 38->38
[2024-05-20T03:39:37.549+0000][1][gc,heap     ] GC(98) Humongous regions: 3->3
[2024-05-20T03:39:37.549+0000][1][gc,metaspace] GC(98) Metaspace: 98827K(100800K)->98827K(100800K) NonClass: 86805K(87872K)->86805K(87872K) Class: 12022K(12928K)->12022K(12928K)
[2024-05-20T03:39:37.549+0000][1][gc          ] GC(98) Pause Young (Prepare Mixed) (G1 Evacuation Pause) 653M->52M(1024M) 10.957ms
[2024-05-20T03:39:37.549+0000][1][gc,cpu      ] GC(98) User=0.03s Sys=0.00s Real=0.01s
[2024-05-20T03:39:37.549+0000][1][safepoint   ] Safepoint "G1CollectForAllocation", Time since last: 27465842873 ns, Reaching safepoint: 108574 ns, Cleanup: 6691 ns, At safepoint: 11058291 ns, Total: 11173556 ns
[2024-05-20T03:39:41.057+0000][1][safepoint   ] Safepoint "Cleanup", Time since last: 3507309837 ns, Reaching safepoint: 27661 ns, Cleanup: 5885 ns, At safepoint: 3233 ns, Total: 36779 ns
[2024-05-20T03:39:44.120+0000][1][safepoint   ] Safepoint "Cleanup", Time since last: 3063469954 ns, Reaching safepoint: 30829 ns, Cleanup: 23961 ns, At safepoint: 4696 ns, Total: 59486 ns
[2024-05-20T03:39:47.216+0000][1][safepoint   ] Safepoint "Cleanup", Time since last: 3095410646 ns, Reaching safepoint: 37146 ns, Cleanup: 29310 ns, At safepoint: 7312 ns, Total: 73768 ns
[2024-05-20T03:39:58.193+0000][1][safepoint   ] Safepoint "Cleanup", Time since last: 10977692043 ns, Reaching safepoint: 37136 ns, Cleanup: 33973 ns, At safepoint: 8482 ns, Total: 79591 ns
[2024-05-20T03:40:10.612+0000][1][gc,start    ] GC(99) Pause Young (Mixed) (G1 Evacuation Pause)
[2024-05-20T03:40:10.612+0000][1][gc,task     ] GC(99) Using 4 workers of 4 for evacuation
[2024-05-20T03:40:10.612+0000][1][gc,age      ] GC(99) Desired survivor size 40370176 bytes, new threshold 15 (max threshold 15)
[2024-05-20T03:40:10.622+0000][1][gc,phases   ] GC(99)   Pre Evacuate Collection Set: 0.5ms
[2024-05-20T03:40:10.622+0000][1][gc,phases   ] GC(99)   Merge Heap Roots: 0.1ms
[2024-05-20T03:40:10.622+0000][1][gc,phases   ] GC(99)   Evacuate Collection Set: 8.1ms
[2024-05-20T03:40:10.622+0000][1][gc,phases   ] GC(99)   Post Evacuate Collection Set: 1.3ms
[2024-05-20T03:40:10.622+0000][1][gc,phases   ] GC(99)   Other: 0.1ms
[2024-05-20T03:40:10.622+0000][1][gc,age      ] GC(99) Age table with threshold 15 (max threshold 15)
[2024-05-20T03:40:10.622+0000][1][gc,age      ] GC(99) - age   1:    2278656 bytes,    2278656 total
[2024-05-20T03:40:10.622+0000][1][gc,age      ] GC(99) - age   2:     452712 bytes,    2731368 total
[2024-05-20T03:40:10.622+0000][1][gc,age      ] GC(99) - age   3:     148544 bytes,    2879912 total
[2024-05-20T03:40:10.622+0000][1][gc,age      ] GC(99) - age   4:     419880 bytes,    3299792 total
[2024-05-20T03:40:10.622+0000][1][gc,age      ] GC(99) - age   5:     413232 bytes,    3713024 total
[2024-05-20T03:40:10.622+0000][1][gc,age      ] GC(99) - age   6:    1747616 bytes,    5460640 total
[2024-05-20T03:40:10.622+0000][1][gc,age      ] GC(99) - age   7:    1603328 bytes,    7063968 total
[2024-05-20T03:40:10.622+0000][1][gc,age      ] GC(99) - age   8:    1578744 bytes,    8642712 total
[2024-05-20T03:40:10.622+0000][1][gc,age      ] GC(99) - age   9:     372944 bytes,    9015656 total
[2024-05-20T03:40:10.622+0000][1][gc,age      ] GC(99) - age  10:     599296 bytes,    9614952 total
[2024-05-20T03:40:10.622+0000][1][gc,age      ] GC(99) - age  11:     149648 bytes,    9764600 total
[2024-05-20T03:40:10.622+0000][1][gc,age      ] GC(99) - age  12:      72184 bytes,    9836784 total
[2024-05-20T03:40:10.622+0000][1][gc,age      ] GC(99) - age  13:      35048 bytes,    9871832 total
[2024-05-20T03:40:10.622+0000][1][gc,age      ] GC(99) - age  14:      78496 bytes,    9950328 total
[2024-05-20T03:40:10.622+0000][1][gc,age      ] GC(99) - age  15:     835872 bytes,   10786200 total
[2024-05-20T03:40:10.622+0000][1][gc,heap     ] GC(99) Eden regions: 602->0(603)
[2024-05-20T03:40:10.622+0000][1][gc,heap     ] GC(99) Survivor regions: 12->11(77)
[2024-05-20T03:40:10.622+0000][1][gc,heap     ] GC(99) Old regions: 38->38
[2024-05-20T03:40:10.622+0000][1][gc,heap     ] GC(99) Humongous regions: 3->3
[2024-05-20T03:40:10.622+0000][1][gc,metaspace] GC(99) Metaspace: 98827K(100800K)->98827K(100800K) NonClass: 86805K(87872K)->86805K(87872K) Class: 12022K(12928K)->12022K(12928K)
[2024-05-20T03:40:10.622+0000][1][gc          ] GC(99) Pause Young (Mixed) (G1 Evacuation Pause) 654M->51M(1024M) 10.536ms
[2024-05-20T03:40:10.622+0000][1][gc,cpu      ] GC(99) User=0.04s Sys=0.01s Real=0.01s
[2024-05-20T03:40:10.622+0000][1][safepoint   ] Safepoint "G1CollectForAllocation", Time since last: 12417985742 ns, Reaching safepoint: 143596 ns, Cleanup: 4992 ns, At safepoint: 10657878 ns, Total: 10806466 ns
[2024-05-20T03:40:33.182+0000][1][safepoint   ] Safepoint "Cleanup", Time since last: 22559617624 ns, Reaching safepoint: 37199 ns, Cleanup: 28004 ns, At safepoint: 8480 ns, Total: 73683 ns
[2024-05-20T03:42:08.356+0000][1][safepoint   ] Safepoint "Cleanup", Time since last: 95173995603 ns, Reaching safepoint: 9546 ns, Cleanup: 13516 ns, At safepoint: 6002 ns, Total: 29064 ns
[2024-05-20T03:42:09.363+0000][1][safepoint   ] Safepoint "Cleanup", Time since last: 1007132086 ns, Reaching safepoint: 8062 ns, Cleanup: 25556 ns, At safepoint: 4361 ns, Total: 37979 ns
[2024-05-20T03:42:13.058+0000][1][gc,start    ] GC(100) Pause Young (Concurrent Start) (G1 Evacuation Pause)
[2024-05-20T03:42:13.058+0000][1][gc,task     ] GC(100) Using 4 workers of 4 for evacuation
[2024-05-20T03:42:13.058+0000][1][gc,age      ] GC(100) Desired survivor size 40370176 bytes, new threshold 15 (max threshold 15)
[2024-05-20T03:42:13.069+0000][1][gc,phases   ] GC(100)   Pre Evacuate Collection Set: 0.5ms
[2024-05-20T03:42:13.069+0000][1][gc,phases   ] GC(100)   Merge Heap Roots: 0.2ms
[2024-05-20T03:42:13.069+0000][1][gc,phases   ] GC(100)   Evacuate Collection Set: 8.2ms
[2024-05-20T03:42:13.069+0000][1][gc,phases   ] GC(100)   Post Evacuate Collection Set: 1.4ms
[2024-05-20T03:42:13.069+0000][1][gc,phases   ] GC(100)   Other: 0.2ms
[2024-05-20T03:42:13.069+0000][1][gc,age      ] GC(100) Age table with threshold 15 (max threshold 15)
[2024-05-20T03:42:13.069+0000][1][gc,age      ] GC(100) - age   1:    4405024 bytes,    4405024 total
[2024-05-20T03:42:13.069+0000][1][gc,age      ] GC(100) - age   2:     300120 bytes,    4705144 total
[2024-05-20T03:42:13.069+0000][1][gc,age      ] GC(100) - age   3:     322632 bytes,    5027776 total
[2024-05-20T03:42:13.069+0000][1][gc,age      ] GC(100) - age   4:      98208 bytes,    5125984 total
[2024-05-20T03:42:13.069+0000][1][gc,age      ] GC(100) - age   5:     400936 bytes,    5526920 total
[2024-05-20T03:42:13.069+0000][1][gc,age      ] GC(100) - age   6:     327688 bytes,    5854608 total
[2024-05-20T03:42:13.069+0000][1][gc,age      ] GC(100) - age   7:    1567752 bytes,    7422360 total
[2024-05-20T03:42:13.069+0000][1][gc,age      ] GC(100) - age   8:    1570192 bytes,    8992552 total
[2024-05-20T03:42:13.069+0000][1][gc,age      ] GC(100) - age   9:    1504120 bytes,   10496672 total
[2024-05-20T03:42:13.069+0000][1][gc,age      ] GC(100) - age  10:     242616 bytes,   10739288 total
[2024-05-20T03:42:13.069+0000][1][gc,age      ] GC(100) - age  11:     538896 bytes,   11278184 total
[2024-05-20T03:42:13.069+0000][1][gc,age      ] GC(100) - age  12:     138208 bytes,   11416392 total
[2024-05-20T03:42:13.069+0000][1][gc,age      ] GC(100) - age  13:      72184 bytes,   11488576 total
[2024-05-20T03:42:13.069+0000][1][gc,age      ] GC(100) - age  14:      35048 bytes,   11523624 total
[2024-05-20T03:42:13.069+0000][1][gc,age      ] GC(100) - age  15:      78160 bytes,   11601784 total
[2024-05-20T03:42:13.069+0000][1][gc,heap     ] GC(100) Eden regions: 603->0(602)
[2024-05-20T03:42:13.069+0000][1][gc,heap     ] GC(100) Survivor regions: 11->12(77)
[2024-05-20T03:42:13.069+0000][1][gc,heap     ] GC(100) Old regions: 38->38
[2024-05-20T03:42:13.069+0000][1][gc,heap     ] GC(100) Humongous regions: 3->3
[2024-05-20T03:42:13.069+0000][1][gc,metaspace] GC(100) Metaspace: 98831K(100800K)->98831K(100800K) NonClass: 86809K(87872K)->86809K(87872K) Class: 12022K(12928K)->12022K(12928K)
[2024-05-20T03:42:13.069+0000][1][gc          ] GC(100) Pause Young (Concurrent Start) (G1 Evacuation Pause) 654M->52M(1024M) 10.868ms
[2024-05-20T03:42:13.069+0000][1][gc          ] GC(101) Concurrent Mark Cycle
[2024-05-20T03:42:13.069+0000][1][gc,marking  ] GC(101) Concurrent Scan Root Regions
[2024-05-20T03:42:13.069+0000][1][gc,cpu      ] GC(100) User=0.04s Sys=0.00s Real=0.01s
[2024-05-20T03:42:13.069+0000][1][safepoint   ] Safepoint "G1CollectForAllocation", Time since last: 3694839406 ns, Reaching safepoint: 45569 ns, Cleanup: 8994 ns, At safepoint: 11017424 ns, Total: 11071987 ns
[2024-05-20T03:42:13.079+0000][1][gc,marking  ] GC(101) Concurrent Scan Root Regions 10.357ms
[2024-05-20T03:42:13.079+0000][1][gc,marking  ] GC(101) Concurrent Mark
[2024-05-20T03:42:13.079+0000][1][gc,marking  ] GC(101) Concurrent Mark From Roots
[2024-05-20T03:42:13.079+0000][1][gc,task     ] GC(101) Using 1 workers of 1 for marking
[2024-05-20T03:42:13.173+0000][1][gc,marking  ] GC(101) Concurrent Mark From Roots 93.732ms
[2024-05-20T03:42:13.173+0000][1][gc,marking  ] GC(101) Concurrent Preclean
[2024-05-20T03:42:13.173+0000][1][gc,marking  ] GC(101) Concurrent Preclean 0.226ms
[2024-05-20T03:42:13.173+0000][1][gc,start    ] GC(101) Pause Remark
[2024-05-20T03:42:13.183+0000][1][gc          ] GC(101) Pause Remark 85M->85M(1024M) 9.957ms
[2024-05-20T03:42:13.183+0000][1][gc,cpu      ] GC(101) User=0.03s Sys=0.00s Real=0.02s
[2024-05-20T03:42:13.184+0000][1][safepoint   ] Safepoint "G1PauseRemark", Time since last: 104434104 ns, Reaching safepoint: 27143 ns, Cleanup: 5084 ns, At safepoint: 10087561 ns, Total: 10119788 ns
[2024-05-20T03:42:13.184+0000][1][gc,marking  ] GC(101) Concurrent Mark 104.254ms
[2024-05-20T03:42:13.184+0000][1][gc,marking  ] GC(101) Concurrent Rebuild Remembered Sets and Scrub Regions
[2024-05-20T03:42:13.212+0000][1][gc,marking  ] GC(101) Concurrent Rebuild Remembered Sets and Scrub Regions 28.551ms
[2024-05-20T03:42:13.212+0000][1][gc,start    ] GC(101) Pause Cleanup
[2024-05-20T03:42:13.213+0000][1][gc          ] GC(101) Pause Cleanup 86M->86M(1024M) 0.457ms
[2024-05-20T03:42:13.213+0000][1][gc,cpu      ] GC(101) User=0.00s Sys=0.00s Real=0.00s
[2024-05-20T03:42:13.213+0000][1][safepoint   ] Safepoint "G1PauseCleanup", Time since last: 28753997 ns, Reaching safepoint: 20599 ns, Cleanup: 9329 ns, At safepoint: 521091 ns, Total: 551019 ns
[2024-05-20T03:42:13.213+0000][1][gc,marking  ] GC(101) Concurrent Clear Claimed Marks
[2024-05-20T03:42:13.213+0000][1][gc,marking  ] GC(101) Concurrent Clear Claimed Marks 0.133ms
[2024-05-20T03:42:13.213+0000][1][gc,marking  ] GC(101) Concurrent Cleanup for Next Mark
[2024-05-20T03:42:13.217+0000][1][gc,marking  ] GC(101) Concurrent Cleanup for Next Mark 3.784ms
[2024-05-20T03:42:13.217+0000][1][gc          ] GC(101) Concurrent Mark Cycle 148.014ms
[2024-05-20T03:42:14.213+0000][1][safepoint   ] Safepoint "Cleanup", Time since last: 1000388482 ns, Reaching safepoint: 37147 ns, Cleanup: 23445 ns, At safepoint: 8117 ns, Total: 68709 ns
[2024-05-20T03:42:21.196+0000][1][gc,start    ] GC(102) Pause Young (Prepare Mixed) (G1 Evacuation Pause)
[2024-05-20T03:42:21.196+0000][1][gc,task     ] GC(102) Using 4 workers of 4 for evacuation
[2024-05-20T03:42:21.196+0000][1][gc,age      ] GC(102) Desired survivor size 40370176 bytes, new threshold 15 (max threshold 15)
[2024-05-20T03:42:21.206+0000][1][gc,phases   ] GC(102)   Pre Evacuate Collection Set: 0.5ms
[2024-05-20T03:42:21.206+0000][1][gc,phases   ] GC(102)   Merge Heap Roots: 0.2ms
[2024-05-20T03:42:21.206+0000][1][gc,phases   ] GC(102)   Evacuate Collection Set: 8.0ms
[2024-05-20T03:42:21.206+0000][1][gc,phases   ] GC(102)   Post Evacuate Collection Set: 1.5ms
[2024-05-20T03:42:21.206+0000][1][gc,phases   ] GC(102)   Other: 0.1ms
[2024-05-20T03:42:21.206+0000][1][gc,age      ] GC(102) Age table with threshold 15 (max threshold 15)
[2024-05-20T03:42:21.206+0000][1][gc,age      ] GC(102) - age   1:    3605176 bytes,    3605176 total
[2024-05-20T03:42:21.206+0000][1][gc,age      ] GC(102) - age   2:     936584 bytes,    4541760 total
[2024-05-20T03:42:21.206+0000][1][gc,age      ] GC(102) - age   3:     298576 bytes,    4840336 total
[2024-05-20T03:42:21.206+0000][1][gc,age      ] GC(102) - age   4:     317568 bytes,    5157904 total
[2024-05-20T03:42:21.206+0000][1][gc,age      ] GC(102) - age   5:      98128 bytes,    5256032 total
[2024-05-20T03:42:21.206+0000][1][gc,age      ] GC(102) - age   6:     394248 bytes,    5650280 total
[2024-05-20T03:42:21.207+0000][1][gc,age      ] GC(102) - age   7:     325968 bytes,    5976248 total
[2024-05-20T03:42:21.207+0000][1][gc,age      ] GC(102) - age   8:    1567752 bytes,    7544000 total
[2024-05-20T03:42:21.207+0000][1][gc,age      ] GC(102) - age   9:    1570192 bytes,    9114192 total
[2024-05-20T03:42:21.207+0000][1][gc,age      ] GC(102) - age  10:    1490544 bytes,   10604736 total
[2024-05-20T03:42:21.207+0000][1][gc,age      ] GC(102) - age  11:     241920 bytes,   10846656 total
[2024-05-20T03:42:21.207+0000][1][gc,age      ] GC(102) - age  12:     538896 bytes,   11385552 total
[2024-05-20T03:42:21.207+0000][1][gc,age      ] GC(102) - age  13:     129584 bytes,   11515136 total
[2024-05-20T03:42:21.207+0000][1][gc,age      ] GC(102) - age  14:      72184 bytes,   11587320 total
[2024-05-20T03:42:21.207+0000][1][gc,age      ] GC(102) - age  15:      35048 bytes,   11622368 total
[2024-05-20T03:42:21.207+0000][1][gc,heap     ] GC(102) Eden regions: 602->0(602)
[2024-05-20T03:42:21.207+0000][1][gc,heap     ] GC(102) Survivor regions: 12->12(77)
[2024-05-20T03:42:21.207+0000][1][gc,heap     ] GC(102) Old regions: 38->38
[2024-05-20T03:42:21.207+0000][1][gc,heap     ] GC(102) Humongous regions: 3->3
[2024-05-20T03:42:21.207+0000][1][gc,metaspace] GC(102) Metaspace: 98831K(100800K)->98831K(100800K) NonClass: 86809K(87872K)->86809K(87872K) Class: 12022K(12928K)->12022K(12928K)
[2024-05-20T03:42:21.207+0000][1][gc          ] GC(102) Pause Young (Prepare Mixed) (G1 Evacuation Pause) 654M->52M(1024M) 10.703ms
[2024-05-20T03:42:21.207+0000][1][gc,cpu      ] GC(102) User=0.03s Sys=0.00s Real=0.01s
[2024-05-20T03:42:21.207+0000][1][safepoint   ] Safepoint "G1CollectForAllocation", Time since last: 6982542455 ns, Reaching safepoint: 140188 ns, Cleanup: 6752 ns, At safepoint: 10808631 ns, Total: 10955571 ns
[2024-05-20T03:42:23.207+0000][1][safepoint   ] Safepoint "Cleanup", Time since last: 2000599570 ns, Reaching safepoint: 79442 ns, Cleanup: 43754 ns, At safepoint: 6588 ns, Total: 129784 ns
[2024-05-20T03:42:24.220+0000][1][safepoint   ] Safepoint "Cleanup", Time since last: 1012681502 ns, Reaching safepoint: 27742 ns, Cleanup: 5442 ns, At safepoint: 3260 ns, Total: 36444 ns
[2024-05-20T03:42:26.387+0000][1][gc,start    ] GC(103) Pause Young (Mixed) (G1 Evacuation Pause)
[2024-05-20T03:42:26.387+0000][1][gc,task     ] GC(103) Using 4 workers of 4 for evacuation
[2024-05-20T03:42:26.387+0000][1][gc,age      ] GC(103) Desired survivor size 40370176 bytes, new threshold 15 (max threshold 15)
[2024-05-20T03:42:26.397+0000][1][gc,phases   ] GC(103)   Pre Evacuate Collection Set: 0.6ms
[2024-05-20T03:42:26.397+0000][1][gc,phases   ] GC(103)   Merge Heap Roots: 0.2ms
[2024-05-20T03:42:26.397+0000][1][gc,phases   ] GC(103)   Evacuate Collection Set: 7.4ms
[2024-05-20T03:42:26.397+0000][1][gc,phases   ] GC(103)   Post Evacuate Collection Set: 1.4ms
[2024-05-20T03:42:26.397+0000][1][gc,phases   ] GC(103)   Other: 0.1ms
[2024-05-20T03:42:26.397+0000][1][gc,age      ] GC(103) Age table with threshold 15 (max threshold 15)
[2024-05-20T03:42:26.397+0000][1][gc,age      ] GC(103) - age   1:     452400 bytes,     452400 total
[2024-05-20T03:42:26.397+0000][1][gc,age      ] GC(103) - age   2:     184232 bytes,     636632 total
[2024-05-20T03:42:26.397+0000][1][gc,age      ] GC(103) - age   3:     903096 bytes,    1539728 total
[2024-05-20T03:42:26.397+0000][1][gc,age      ] GC(103) - age   4:     296648 bytes,    1836376 total
[2024-05-20T03:42:26.397+0000][1][gc,age      ] GC(103) - age   5:     316064 bytes,    2152440 total
[2024-05-20T03:42:26.397+0000][1][gc,age      ] GC(103) - age   6:      96984 bytes,    2249424 total
[2024-05-20T03:42:26.397+0000][1][gc,age      ] GC(103) - age   7:     387152 bytes,    2636576 total
[2024-05-20T03:42:26.397+0000][1][gc,age      ] GC(103) - age   8:     325688 bytes,    2962264 total
[2024-05-20T03:42:26.397+0000][1][gc,age      ] GC(103) - age   9:    1563488 bytes,    4525752 total
[2024-05-20T03:42:26.397+0000][1][gc,age      ] GC(103) - age  10:    1570192 bytes,    6095944 total
[2024-05-20T03:42:26.397+0000][1][gc,age      ] GC(103) - age  11:    1476328 bytes,    7572272 total
[2024-05-20T03:42:26.397+0000][1][gc,age      ] GC(103) - age  12:     241920 bytes,    7814192 total
[2024-05-20T03:42:26.397+0000][1][gc,age      ] GC(103) - age  13:     538736 bytes,    8352928 total
[2024-05-20T03:42:26.397+0000][1][gc,age      ] GC(103) - age  14:     120592 bytes,    8473520 total
[2024-05-20T03:42:26.397+0000][1][gc,age      ] GC(103) - age  15:      72184 bytes,    8545704 total
[2024-05-20T03:42:26.397+0000][1][gc,heap     ] GC(103) Eden regions: 602->0(605)
[2024-05-20T03:42:26.397+0000][1][gc,heap     ] GC(103) Survivor regions: 12->9(77)
[2024-05-20T03:42:26.397+0000][1][gc,heap     ] GC(103) Old regions: 38->38
[2024-05-20T03:42:26.397+0000][1][gc,heap     ] GC(103) Humongous regions: 3->3
[2024-05-20T03:42:26.397+0000][1][gc,metaspace] GC(103) Metaspace: 98854K(100800K)->98854K(100800K) NonClass: 86830K(87872K)->86830K(87872K) Class: 12024K(12928K)->12024K(12928K)
[2024-05-20T03:42:26.397+0000][1][gc          ] GC(103) Pause Young (Mixed) (G1 Evacuation Pause) 654M->49M(1024M) 10.027ms
[2024-05-20T03:42:26.397+0000][1][gc,cpu      ] GC(103) User=0.03s Sys=0.00s Real=0.01s
[2024-05-20T03:42:26.397+0000][1][safepoint   ] Safepoint "G1CollectForAllocation", Time since last: 2166521943 ns, Reaching safepoint: 28381 ns, Cleanup: 16116 ns, At safepoint: 10122630 ns, Total: 10167127 ns
[2024-05-20T03:42:28.352+0000][1][safepoint   ] Safepoint "Cleanup", Time since last: 1954859979 ns, Reaching safepoint: 69288 ns, Cleanup: 33886 ns, At safepoint: 5172 ns, Total: 108346 ns
[2024-05-20T03:42:30.300+0000][1][safepoint   ] Safepoint "Cleanup", Time since last: 1947730484 ns, Reaching safepoint: 44308 ns, Cleanup: 27742 ns, At safepoint: 11233 ns, Total: 83283 ns
[2024-05-20T03:42:31.300+0000][1][safepoint   ] Safepoint "Cleanup", Time since last: 1000312572 ns, Reaching safepoint: 31571 ns, Cleanup: 18562 ns, At safepoint: 4840 ns, Total: 54973 ns
[2024-05-20T03:42:34.120+0000][1][gc,start    ] GC(104) Pause Young (Concurrent Start) (G1 Evacuation Pause)
[2024-05-20T03:42:34.120+0000][1][gc,task     ] GC(104) Using 4 workers of 4 for evacuation
[2024-05-20T03:42:34.120+0000][1][gc,age      ] GC(104) Desired survivor size 40370176 bytes, new threshold 15 (max threshold 15)
[2024-05-20T03:42:34.130+0000][1][gc,phases   ] GC(104)   Pre Evacuate Collection Set: 0.8ms
[2024-05-20T03:42:34.130+0000][1][gc,phases   ] GC(104)   Merge Heap Roots: 0.3ms
[2024-05-20T03:42:34.130+0000][1][gc,phases   ] GC(104)   Evacuate Collection Set: 7.0ms
[2024-05-20T03:42:34.130+0000][1][gc,phases   ] GC(104)   Post Evacuate Collection Set: 1.4ms
[2024-05-20T03:42:34.130+0000][1][gc,phases   ] GC(104)   Other: 0.2ms
[2024-05-20T03:42:34.130+0000][1][gc,age      ] GC(104) Age table with threshold 15 (max threshold 15)
[2024-05-20T03:42:34.130+0000][1][gc,age      ] GC(104) - age   1:    2154416 bytes,    2154416 total
[2024-05-20T03:42:34.130+0000][1][gc,age      ] GC(104) - age   2:     102144 bytes,    2256560 total
[2024-05-20T03:42:34.130+0000][1][gc,age      ] GC(104) - age   3:     183304 bytes,    2439864 total
[2024-05-20T03:42:34.130+0000][1][gc,age      ] GC(104) - age   4:     846424 bytes,    3286288 total
[2024-05-20T03:42:34.130+0000][1][gc,age      ] GC(104) - age   5:     265856 bytes,    3552144 total
[2024-05-20T03:42:34.130+0000][1][gc,age      ] GC(104) - age   6:     315568 bytes,    3867712 total
[2024-05-20T03:42:34.130+0000][1][gc,age      ] GC(104) - age   7:      96944 bytes,    3964656 total
[2024-05-20T03:42:34.130+0000][1][gc,age      ] GC(104) - age   8:     321376 bytes,    4286032 total
[2024-05-20T03:42:34.130+0000][1][gc,age      ] GC(104) - age   9:     320864 bytes,    4606896 total
[2024-05-20T03:42:34.130+0000][1][gc,age      ] GC(104) - age  10:    1523032 bytes,    6129928 total
[2024-05-20T03:42:34.130+0000][1][gc,age      ] GC(104) - age  11:    1570192 bytes,    7700120 total
[2024-05-20T03:42:34.130+0000][1][gc,age      ] GC(104) - age  12:    1433432 bytes,    9133552 total
[2024-05-20T03:42:34.130+0000][1][gc,age      ] GC(104) - age  13:     241920 bytes,    9375472 total
[2024-05-20T03:42:34.130+0000][1][gc,age      ] GC(104) - age  14:     538736 bytes,    9914208 total
[2024-05-20T03:42:34.130+0000][1][gc,age      ] GC(104) - age  15:     111968 bytes,   10026176 total
[2024-05-20T03:42:34.130+0000][1][gc,heap     ] GC(104) Eden regions: 605->0(604)
[2024-05-20T03:42:34.130+0000][1][gc,heap     ] GC(104) Survivor regions: 9->10(77)
[2024-05-20T03:42:34.130+0000][1][gc,heap     ] GC(104) Old regions: 38->38
[2024-05-20T03:42:34.130+0000][1][gc,heap     ] GC(104) Humongous regions: 3->3
[2024-05-20T03:42:34.130+0000][1][gc,metaspace] GC(104) Metaspace: 98855K(100800K)->98855K(100800K) NonClass: 86831K(87872K)->86831K(87872K) Class: 12024K(12928K)->12024K(12928K)
[2024-05-20T03:42:34.130+0000][1][gc          ] GC(104) Pause Young (Concurrent Start) (G1 Evacuation Pause) 654M->50M(1024M) 10.107ms
[2024-05-20T03:42:34.130+0000][1][gc          ] GC(105) Concurrent Mark Cycle
[2024-05-20T03:42:34.130+0000][1][gc,marking  ] GC(105) Concurrent Scan Root Regions
[2024-05-20T03:42:34.130+0000][1][gc,cpu      ] GC(104) User=0.03s Sys=0.00s Real=0.01s
[2024-05-20T03:42:34.130+0000][1][safepoint   ] Safepoint "G1CollectForAllocation", Time since last: 2819937756 ns, Reaching safepoint: 26708 ns, Cleanup: 5916 ns, At safepoint: 10242071 ns, Total: 10274695 ns
[2024-05-20T03:42:34.139+0000][1][gc,marking  ] GC(105) Concurrent Scan Root Regions 8.919ms
[2024-05-20T03:42:34.139+0000][1][gc,marking  ] GC(105) Concurrent Mark
[2024-05-20T03:42:34.139+0000][1][gc,marking  ] GC(105) Concurrent Mark From Roots
[2024-05-20T03:42:34.139+0000][1][gc,task     ] GC(105) Using 1 workers of 1 for marking
[2024-05-20T03:42:34.205+0000][1][gc,marking  ] GC(105) Concurrent Mark From Roots 65.258ms
[2024-05-20T03:42:34.205+0000][1][gc,marking  ] GC(105) Concurrent Preclean
[2024-05-20T03:42:34.205+0000][1][gc,marking  ] GC(105) Concurrent Preclean 0.229ms
[2024-05-20T03:42:34.205+0000][1][gc,start    ] GC(105) Pause Remark
[2024-05-20T03:42:34.221+0000][1][gc          ] GC(105) Pause Remark 55M->55M(1024M) 15.757ms
[2024-05-20T03:42:34.221+0000][1][gc,cpu      ] GC(105) User=0.06s Sys=0.00s Real=0.01s
[2024-05-20T03:42:34.221+0000][1][safepoint   ] Safepoint "G1PauseRemark", Time since last: 74619142 ns, Reaching safepoint: 27453 ns, Cleanup: 5142 ns, At safepoint: 15881752 ns, Total: 15914347 ns
[2024-05-20T03:42:34.221+0000][1][gc,marking  ] GC(105) Concurrent Mark 81.658ms
[2024-05-20T03:42:34.221+0000][1][gc,marking  ] GC(105) Concurrent Rebuild Remembered Sets and Scrub Regions
[2024-05-20T03:42:34.250+0000][1][gc,marking  ] GC(105) Concurrent Rebuild Remembered Sets and Scrub Regions 29.274ms
[2024-05-20T03:42:34.250+0000][1][gc,start    ] GC(105) Pause Cleanup
[2024-05-20T03:42:34.251+0000][1][gc          ] GC(105) Pause Cleanup 55M->55M(1024M) 0.235ms
[2024-05-20T03:42:34.251+0000][1][gc,cpu      ] GC(105) User=0.00s Sys=0.00s Real=0.00s
[2024-05-20T03:42:34.251+0000][1][safepoint   ] Safepoint "G1PauseCleanup", Time since last: 29480209 ns, Reaching safepoint: 23526 ns, Cleanup: 5961 ns, At safepoint: 295224 ns, Total: 324711 ns
[2024-05-20T03:42:34.251+0000][1][gc,marking  ] GC(105) Concurrent Clear Claimed Marks
[2024-05-20T03:42:34.251+0000][1][gc,marking  ] GC(105) Concurrent Clear Claimed Marks 0.105ms
[2024-05-20T03:42:34.251+0000][1][gc,marking  ] GC(105) Concurrent Cleanup for Next Mark
[2024-05-20T03:42:34.255+0000][1][gc,marking  ] GC(105) Concurrent Cleanup for Next Mark 3.875ms
[2024-05-20T03:42:34.255+0000][1][gc          ] GC(105) Concurrent Mark Cycle 124.541ms
[2024-05-20T03:42:56.605+0000][1][gc,start    ] GC(106) Pause Young (Prepare Mixed) (G1 Evacuation Pause)
[2024-05-20T03:42:56.605+0000][1][gc,task     ] GC(106) Using 4 workers of 4 for evacuation
[2024-05-20T03:42:56.605+0000][1][gc,age      ] GC(106) Desired survivor size 40370176 bytes, new threshold 15 (max threshold 15)
[2024-05-20T03:42:56.614+0000][1][gc,phases   ] GC(106)   Pre Evacuate Collection Set: 0.5ms
[2024-05-20T03:42:56.614+0000][1][gc,phases   ] GC(106)   Merge Heap Roots: 0.1ms
[2024-05-20T03:42:56.614+0000][1][gc,phases   ] GC(106)   Evacuate Collection Set: 7.4ms
[2024-05-20T03:42:56.614+0000][1][gc,phases   ] GC(106)   Post Evacuate Collection Set: 1.1ms
[2024-05-20T03:42:56.614+0000][1][gc,phases   ] GC(106)   Other: 0.1ms
[2024-05-20T03:42:56.614+0000][1][gc,age      ] GC(106) Age table with threshold 15 (max threshold 15)
[2024-05-20T03:42:56.614+0000][1][gc,age      ] GC(106) - age   1:    2773632 bytes,    2773632 total
[2024-05-20T03:42:56.614+0000][1][gc,age      ] GC(106) - age   2:     189336 bytes,    2962968 total
[2024-05-20T03:42:56.614+0000][1][gc,age      ] GC(106) - age   3:      79904 bytes,    3042872 total
[2024-05-20T03:42:56.614+0000][1][gc,age      ] GC(106) - age   4:     171344 bytes,    3214216 total
[2024-05-20T03:42:56.614+0000][1][gc,age      ] GC(106) - age   5:     809488 bytes,    4023704 total
[2024-05-20T03:42:56.614+0000][1][gc,age      ] GC(106) - age   6:     264824 bytes,    4288528 total
[2024-05-20T03:42:56.614+0000][1][gc,age      ] GC(106) - age   7:     315304 bytes,    4603832 total
[2024-05-20T03:42:56.614+0000][1][gc,age      ] GC(106) - age   8:      96352 bytes,    4700184 total
[2024-05-20T03:42:56.615+0000][1][gc,age      ] GC(106) - age   9:     321296 bytes,    5021480 total
[2024-05-20T03:42:56.615+0000][1][gc,age      ] GC(106) - age  10:     320744 bytes,    5342224 total
[2024-05-20T03:42:56.615+0000][1][gc,age      ] GC(106) - age  11:    1522712 bytes,    6864936 total
[2024-05-20T03:42:56.615+0000][1][gc,age      ] GC(106) - age  12:    1570192 bytes,    8435128 total
[2024-05-20T03:42:56.615+0000][1][gc,age      ] GC(106) - age  13:    1415088 bytes,    9850216 total
[2024-05-20T03:42:56.615+0000][1][gc,age      ] GC(106) - age  14:     241920 bytes,   10092136 total
[2024-05-20T03:42:56.615+0000][1][gc,age      ] GC(106) - age  15:     538736 bytes,   10630872 total
[2024-05-20T03:42:56.615+0000][1][gc,heap     ] GC(106) Eden regions: 604->0(603)
[2024-05-20T03:42:56.615+0000][1][gc,heap     ] GC(106) Survivor regions: 10->11(77)
[2024-05-20T03:42:56.615+0000][1][gc,heap     ] GC(106) Old regions: 38->39
[2024-05-20T03:42:56.615+0000][1][gc,heap     ] GC(106) Humongous regions: 3->3
[2024-05-20T03:42:56.615+0000][1][gc,metaspace] GC(106) Metaspace: 98853K(100800K)->98853K(100800K) NonClass: 86830K(87872K)->86830K(87872K) Class: 12023K(12928K)->12023K(12928K)
[2024-05-20T03:42:56.615+0000][1][gc          ] GC(106) Pause Young (Prepare Mixed) (G1 Evacuation Pause) 654M->51M(1024M) 9.713ms
[2024-05-20T03:42:56.615+0000][1][gc,cpu      ] GC(106) User=0.03s Sys=0.00s Real=0.00s
[2024-05-20T03:42:56.615+0000][1][safepoint   ] Safepoint "G1CollectForAllocation", Time since last: 22354181072 ns, Reaching safepoint: 106981 ns, Cleanup: 7017 ns, At safepoint: 9820059 ns, Total: 9934057 ns
[2024-05-20T03:43:15.674+0000][1][gc,start    ] GC(107) Pause Young (Mixed) (G1 Evacuation Pause)
[2024-05-20T03:43:15.674+0000][1][gc,task     ] GC(107) Using 4 workers of 4 for evacuation
[2024-05-20T03:43:15.674+0000][1][gc,age      ] GC(107) Desired survivor size 40370176 bytes, new threshold 15 (max threshold 15)
[2024-05-20T03:43:15.685+0000][1][gc,phases   ] GC(107)   Pre Evacuate Collection Set: 0.5ms
[2024-05-20T03:43:15.685+0000][1][gc,phases   ] GC(107)   Merge Heap Roots: 0.2ms
[2024-05-20T03:43:15.685+0000][1][gc,phases   ] GC(107)   Evacuate Collection Set: 8.5ms
[2024-05-20T03:43:15.685+0000][1][gc,phases   ] GC(107)   Post Evacuate Collection Set: 1.5ms
[2024-05-20T03:43:15.685+0000][1][gc,phases   ] GC(107)   Other: 0.1ms
[2024-05-20T03:43:15.685+0000][1][gc,age      ] GC(107) Age table with threshold 15 (max threshold 15)
[2024-05-20T03:43:15.685+0000][1][gc,age      ] GC(107) - age   1:    2785088 bytes,    2785088 total
[2024-05-20T03:43:15.685+0000][1][gc,age      ] GC(107) - age   2:     209160 bytes,    2994248 total
[2024-05-20T03:43:15.685+0000][1][gc,age      ] GC(107) - age   3:     177352 bytes,    3171600 total
[2024-05-20T03:43:15.685+0000][1][gc,age      ] GC(107) - age   4:      79744 bytes,    3251344 total
[2024-05-20T03:43:15.685+0000][1][gc,age      ] GC(107) - age   5:     159464 bytes,    3410808 total
[2024-05-20T03:43:15.685+0000][1][gc,age      ] GC(107) - age   6:     740040 bytes,    4150848 total
[2024-05-20T03:43:15.685+0000][1][gc,age      ] GC(107) - age   7:     234016 bytes,    4384864 total
[2024-05-20T03:43:15.685+0000][1][gc,age      ] GC(107) - age   8:     284456 bytes,    4669320 total
[2024-05-20T03:43:15.685+0000][1][gc,age      ] GC(107) - age   9:      65504 bytes,    4734824 total
[2024-05-20T03:43:15.685+0000][1][gc,age      ] GC(107) - age  10:     321032 bytes,    5055856 total
[2024-05-20T03:43:15.685+0000][1][gc,age      ] GC(107) - age  11:     259048 bytes,    5314904 total
[2024-05-20T03:43:15.685+0000][1][gc,age      ] GC(107) - age  12:    1522712 bytes,    6837616 total
[2024-05-20T03:43:15.685+0000][1][gc,age      ] GC(107) - age  13:    1570192 bytes,    8407808 total
[2024-05-20T03:43:15.685+0000][1][gc,age      ] GC(107) - age  14:    1396376 bytes,    9804184 total
[2024-05-20T03:43:15.685+0000][1][gc,age      ] GC(107) - age  15:     241920 bytes,   10046104 total
[2024-05-20T03:43:15.685+0000][1][gc,heap     ] GC(107) Eden regions: 603->0(603)
[2024-05-20T03:43:15.685+0000][1][gc,heap     ] GC(107) Survivor regions: 11->11(77)
[2024-05-20T03:43:15.685+0000][1][gc,heap     ] GC(107) Old regions: 39->39
[2024-05-20T03:43:15.685+0000][1][gc,heap     ] GC(107) Humongous regions: 3->3
[2024-05-20T03:43:15.685+0000][1][gc,metaspace] GC(107) Metaspace: 98853K(100800K)->98853K(100800K) NonClass: 86830K(87872K)->86830K(87872K) Class: 12023K(12928K)->12023K(12928K)
[2024-05-20T03:43:15.685+0000][1][gc          ] GC(107) Pause Young (Mixed) (G1 Evacuation Pause) 654M->51M(1024M) 11.164ms
[2024-05-20T03:43:15.685+0000][1][gc,cpu      ] GC(107) User=0.03s Sys=0.01s Real=0.02s
[2024-05-20T03:43:15.685+0000][1][safepoint   ] Safepoint "G1CollectForAllocation", Time since last: 19058832388 ns, Reaching safepoint: 193457 ns, Cleanup: 7031 ns, At safepoint: 11283334 ns, Total: 11483822 ns
[2024-05-20T03:43:17.437+0000][1][safepoint   ] Safepoint "Cleanup", Time since last: 1751717646 ns, Reaching safepoint: 8556 ns, Cleanup: 8175 ns, At safepoint: 2472 ns, Total: 19203 ns
[2024-05-20T03:43:39.288+0000][1][safepoint   ] Safepoint "Cleanup", Time since last: 21850909646 ns, Reaching safepoint: 107194 ns, Cleanup: 13428 ns, At safepoint: 10805 ns, Total: 131427 ns
[2024-05-20T03:43:40.290+0000][1][safepoint   ] Safepoint "Cleanup", Time since last: 1002531937 ns, Reaching safepoint: 37669 ns, Cleanup: 43596 ns, At safepoint: 6910 ns, Total: 88175 ns
[2024-05-20T03:43:48.307+0000][1][gc,start    ] GC(108) Pause Young (Concurrent Start) (G1 Evacuation Pause)
[2024-05-20T03:43:48.307+0000][1][gc,task     ] GC(108) Using 4 workers of 4 for evacuation
[2024-05-20T03:43:48.307+0000][1][gc,age      ] GC(108) Desired survivor size 40370176 bytes, new threshold 15 (max threshold 15)
[2024-05-20T03:43:48.320+0000][1][gc,phases   ] GC(108)   Pre Evacuate Collection Set: 0.7ms
[2024-05-20T03:43:48.320+0000][1][gc,phases   ] GC(108)   Merge Heap Roots: 0.3ms
[2024-05-20T03:43:48.320+0000][1][gc,phases   ] GC(108)   Evacuate Collection Set: 10.2ms
[2024-05-20T03:43:48.320+0000][1][gc,phases   ] GC(108)   Post Evacuate Collection Set: 1.7ms
[2024-05-20T03:43:48.320+0000][1][gc,phases   ] GC(108)   Other: 0.3ms
[2024-05-20T03:43:48.320+0000][1][gc,age      ] GC(108) Age table with threshold 15 (max threshold 15)
[2024-05-20T03:43:48.320+0000][1][gc,age      ] GC(108) - age   1:     987768 bytes,     987768 total
[2024-05-20T03:43:48.320+0000][1][gc,age      ] GC(108) - age   2:     220360 bytes,    1208128 total
[2024-05-20T03:43:48.320+0000][1][gc,age      ] GC(108) - age   3:     187504 bytes,    1395632 total
[2024-05-20T03:43:48.320+0000][1][gc,age      ] GC(108) - age   4:     128120 bytes,    1523752 total
[2024-05-20T03:43:48.320+0000][1][gc,age      ] GC(108) - age   5:      67032 bytes,    1590784 total
[2024-05-20T03:43:48.320+0000][1][gc,age      ] GC(108) - age   6:     158672 bytes,    1749456 total
[2024-05-20T03:43:48.320+0000][1][gc,age      ] GC(108) - age   7:     656424 bytes,    2405880 total
[2024-05-20T03:43:48.320+0000][1][gc,age      ] GC(108) - age   8:     201920 bytes,    2607800 total
[2024-05-20T03:43:48.320+0000][1][gc,age      ] GC(108) - age   9:     284416 bytes,    2892216 total
[2024-05-20T03:43:48.320+0000][1][gc,age      ] GC(108) - age  10:      64376 bytes,    2956592 total
[2024-05-20T03:43:48.321+0000][1][gc,age      ] GC(108) - age  11:     227912 bytes,    3184504 total
[2024-05-20T03:43:48.321+0000][1][gc,age      ] GC(108) - age  12:     228176 bytes,    3412680 total
[2024-05-20T03:43:48.321+0000][1][gc,age      ] GC(108) - age  13:    1487992 bytes,    4900672 total
[2024-05-20T03:43:48.321+0000][1][gc,age      ] GC(108) - age  14:    1539728 bytes,    6440400 total
[2024-05-20T03:43:48.321+0000][1][gc,age      ] GC(108) - age  15:    1340288 bytes,    7780688 total
[2024-05-20T03:43:48.321+0000][1][gc,heap     ] GC(108) Eden regions: 603->0(605)
[2024-05-20T03:43:48.321+0000][1][gc,heap     ] GC(108) Survivor regions: 11->9(77)
[2024-05-20T03:43:48.321+0000][1][gc,heap     ] GC(108) Old regions: 39->39
[2024-05-20T03:43:48.321+0000][1][gc,heap     ] GC(108) Humongous regions: 3->3
[2024-05-20T03:43:48.321+0000][1][gc,metaspace] GC(108) Metaspace: 98856K(100800K)->98856K(100800K) NonClass: 86833K(87872K)->86833K(87872K) Class: 12023K(12928K)->12023K(12928K)
[2024-05-20T03:43:48.321+0000][1][gc          ] GC(108) Pause Young (Concurrent Start) (G1 Evacuation Pause) 654M->50M(1024M) 13.660ms
[2024-05-20T03:43:48.321+0000][1][gc,cpu      ] GC(108) User=0.04s Sys=0.00s Real=0.01s
[2024-05-20T03:43:48.321+0000][1][safepoint   ] Safepoint "G1CollectForAllocation", Time since last: 8016497877 ns, Reaching safepoint: 29178 ns, Cleanup: 7609 ns, At safepoint: 13801062 ns, Total: 13837849 ns
[2024-05-20T03:43:48.321+0000][1][gc          ] GC(109) Concurrent Mark Cycle
[2024-05-20T03:43:48.321+0000][1][gc,marking  ] GC(109) Concurrent Scan Root Regions
[2024-05-20T03:43:48.328+0000][1][gc,marking  ] GC(109) Concurrent Scan Root Regions 7.355ms
[2024-05-20T03:43:48.328+0000][1][gc,marking  ] GC(109) Concurrent Mark
[2024-05-20T03:43:48.328+0000][1][gc,marking  ] GC(109) Concurrent Mark From Roots
[2024-05-20T03:43:48.328+0000][1][gc,task     ] GC(109) Using 1 workers of 1 for marking
[2024-05-20T03:43:48.396+0000][1][gc,marking  ] GC(109) Concurrent Mark From Roots 68.042ms
[2024-05-20T03:43:48.396+0000][1][gc,marking  ] GC(109) Concurrent Preclean
[2024-05-20T03:43:48.397+0000][1][gc,marking  ] GC(109) Concurrent Preclean 0.254ms
[2024-05-20T03:43:48.397+0000][1][gc,start    ] GC(109) Pause Remark
[2024-05-20T03:43:48.409+0000][1][gc          ] GC(109) Pause Remark 55M->55M(1024M) 12.523ms
[2024-05-20T03:43:48.409+0000][1][gc,cpu      ] GC(109) User=0.02s Sys=0.00s Real=0.01s
[2024-05-20T03:43:48.409+0000][1][safepoint   ] Safepoint "G1PauseRemark", Time since last: 75887991 ns, Reaching safepoint: 28343 ns, Cleanup: 5218 ns, At safepoint: 12652214 ns, Total: 12685775 ns
[2024-05-20T03:43:48.409+0000][1][gc,marking  ] GC(109) Concurrent Mark 81.163ms
[2024-05-20T03:43:48.409+0000][1][gc,marking  ] GC(109) Concurrent Rebuild Remembered Sets and Scrub Regions
[2024-05-20T03:43:48.439+0000][1][gc,marking  ] GC(109) Concurrent Rebuild Remembered Sets and Scrub Regions 29.304ms
[2024-05-20T03:43:48.439+0000][1][gc,start    ] GC(109) Pause Cleanup
[2024-05-20T03:43:48.439+0000][1][gc          ] GC(109) Pause Cleanup 55M->55M(1024M) 0.241ms
[2024-05-20T03:43:48.439+0000][1][gc,cpu      ] GC(109) User=0.00s Sys=0.00s Real=0.00s
[2024-05-20T03:43:48.439+0000][1][safepoint   ] Safepoint "G1PauseCleanup", Time since last: 29488977 ns, Reaching safepoint: 23223 ns, Cleanup: 11069 ns, At safepoint: 302661 ns, Total: 336953 ns
[2024-05-20T03:43:48.439+0000][1][gc,marking  ] GC(109) Concurrent Clear Claimed Marks
[2024-05-20T03:43:48.439+0000][1][gc,marking  ] GC(109) Concurrent Clear Claimed Marks 0.113ms
[2024-05-20T03:43:48.439+0000][1][gc,marking  ] GC(109) Concurrent Cleanup for Next Mark
[2024-05-20T03:43:48.443+0000][1][gc,marking  ] GC(109) Concurrent Cleanup for Next Mark 3.263ms
[2024-05-20T03:43:48.443+0000][1][gc          ] GC(109) Concurrent Mark Cycle 121.884ms
[2024-05-20T03:44:28.233+0000][1][gc,start    ] GC(110) Pause Young (Prepare Mixed) (G1 Evacuation Pause)
[2024-05-20T03:44:28.233+0000][1][gc,task     ] GC(110) Using 4 workers of 4 for evacuation
[2024-05-20T03:44:28.233+0000][1][gc,age      ] GC(110) Desired survivor size 40370176 bytes, new threshold 15 (max threshold 15)
[2024-05-20T03:44:28.244+0000][1][gc,phases   ] GC(110)   Pre Evacuate Collection Set: 0.7ms
[2024-05-20T03:44:28.244+0000][1][gc,phases   ] GC(110)   Merge Heap Roots: 0.3ms
[2024-05-20T03:44:28.244+0000][1][gc,phases   ] GC(110)   Evacuate Collection Set: 7.7ms
[2024-05-20T03:44:28.244+0000][1][gc,phases   ] GC(110)   Post Evacuate Collection Set: 1.5ms
[2024-05-20T03:44:28.244+0000][1][gc,phases   ] GC(110)   Other: 0.1ms
[2024-05-20T03:44:28.244+0000][1][gc,age      ] GC(110) Age table with threshold 15 (max threshold 15)
[2024-05-20T03:44:28.244+0000][1][gc,age      ] GC(110) - age   1:    4114328 bytes,    4114328 total
[2024-05-20T03:44:28.244+0000][1][gc,age      ] GC(110) - age   2:     721176 bytes,    4835504 total
[2024-05-20T03:44:28.244+0000][1][gc,age      ] GC(110) - age   3:     198936 bytes,    5034440 total
[2024-05-20T03:44:28.244+0000][1][gc,age      ] GC(110) - age   4:     175536 bytes,    5209976 total
[2024-05-20T03:44:28.244+0000][1][gc,age      ] GC(110) - age   5:     120120 bytes,    5330096 total
[2024-05-20T03:44:28.244+0000][1][gc,age      ] GC(110) - age   6:      35256 bytes,    5365352 total
[2024-05-20T03:44:28.244+0000][1][gc,age      ] GC(110) - age   7:      84312 bytes,    5449664 total
[2024-05-20T03:44:28.244+0000][1][gc,age      ] GC(110) - age   8:     552560 bytes,    6002224 total
[2024-05-20T03:44:28.244+0000][1][gc,age      ] GC(110) - age   9:     171312 bytes,    6173536 total
[2024-05-20T03:44:28.244+0000][1][gc,age      ] GC(110) - age  10:     253608 bytes,    6427144 total
[2024-05-20T03:44:28.244+0000][1][gc,age      ] GC(110) - age  11:      64040 bytes,    6491184 total
[2024-05-20T03:44:28.244+0000][1][gc,age      ] GC(110) - age  12:     166616 bytes,    6657800 total
[2024-05-20T03:44:28.244+0000][1][gc,age      ] GC(110) - age  13:     227800 bytes,    6885600 total
[2024-05-20T03:44:28.244+0000][1][gc,age      ] GC(110) - age  14:    1365288 bytes,    8250888 total
[2024-05-20T03:44:28.244+0000][1][gc,age      ] GC(110) - age  15:    1539728 bytes,    9790616 total
[2024-05-20T03:44:28.244+0000][1][gc,heap     ] GC(110) Eden regions: 605->0(604)
[2024-05-20T03:44:28.244+0000][1][gc,heap     ] GC(110) Survivor regions: 9->10(77)
[2024-05-20T03:44:28.244+0000][1][gc,heap     ] GC(110) Old regions: 39->41
[2024-05-20T03:44:28.244+0000][1][gc,heap     ] GC(110) Humongous regions: 3->3
[2024-05-20T03:44:28.244+0000][1][gc,metaspace] GC(110) Metaspace: 98859K(100800K)->98859K(100800K) NonClass: 86835K(87872K)->86835K(87872K) Class: 12023K(12928K)->12023K(12928K)
[2024-05-20T03:44:28.244+0000][1][gc          ] GC(110) Pause Young (Prepare Mixed) (G1 Evacuation Pause) 655M->53M(1024M) 10.723ms
[2024-05-20T03:44:28.244+0000][1][gc,cpu      ] GC(110) User=0.04s Sys=0.00s Real=0.02s
[2024-05-20T03:44:28.244+0000][1][safepoint   ] Safepoint "G1CollectForAllocation", Time since last: 39793906597 ns, Reaching safepoint: 165193 ns, Cleanup: 6277 ns, At safepoint: 10855954 ns, Total: 11027424 ns
[2024-05-20T03:45:03.170+0000][1][gc,start    ] GC(111) Pause Young (Mixed) (G1 Evacuation Pause)
[2024-05-20T03:45:03.170+0000][1][gc,task     ] GC(111) Using 4 workers of 4 for evacuation
[2024-05-20T03:45:03.170+0000][1][gc,age      ] GC(111) Desired survivor size 40370176 bytes, new threshold 15 (max threshold 15)
[2024-05-20T03:45:03.182+0000][1][gc,phases   ] GC(111)   Pre Evacuate Collection Set: 0.5ms
[2024-05-20T03:45:03.182+0000][1][gc,phases   ] GC(111)   Merge Heap Roots: 0.1ms
[2024-05-20T03:45:03.182+0000][1][gc,phases   ] GC(111)   Evacuate Collection Set: 9.7ms
[2024-05-20T03:45:03.182+0000][1][gc,phases   ] GC(111)   Post Evacuate Collection Set: 1.5ms
[2024-05-20T03:45:03.182+0000][1][gc,phases   ] GC(111)   Other: 0.1ms
[2024-05-20T03:45:03.182+0000][1][gc,age      ] GC(111) Age table with threshold 15 (max threshold 15)
[2024-05-20T03:45:03.182+0000][1][gc,age      ] GC(111) - age   1:    7999448 bytes,    7999448 total
[2024-05-20T03:45:03.182+0000][1][gc,age      ] GC(111) - age   2:     395520 bytes,    8394968 total
[2024-05-20T03:45:03.182+0000][1][gc,age      ] GC(111) - age   3:     708872 bytes,    9103840 total
[2024-05-20T03:45:03.182+0000][1][gc,age      ] GC(111) - age   4:     198576 bytes,    9302416 total
[2024-05-20T03:45:03.182+0000][1][gc,age      ] GC(111) - age   5:     175032 bytes,    9477448 total
[2024-05-20T03:45:03.182+0000][1][gc,age      ] GC(111) - age   6:     119664 bytes,    9597112 total
[2024-05-20T03:45:03.182+0000][1][gc,age      ] GC(111) - age   7:      35096 bytes,    9632208 total
[2024-05-20T03:45:03.182+0000][1][gc,age      ] GC(111) - age   8:      84240 bytes,    9716448 total
[2024-05-20T03:45:03.182+0000][1][gc,age      ] GC(111) - age   9:     547376 bytes,   10263824 total
[2024-05-20T03:45:03.182+0000][1][gc,age      ] GC(111) - age  10:     161152 bytes,   10424976 total
[2024-05-20T03:45:03.182+0000][1][gc,age      ] GC(111) - age  11:     253608 bytes,   10678584 total
[2024-05-20T03:45:03.182+0000][1][gc,age      ] GC(111) - age  12:      64040 bytes,   10742624 total
[2024-05-20T03:45:03.182+0000][1][gc,age      ] GC(111) - age  13:     165992 bytes,   10908616 total
[2024-05-20T03:45:03.182+0000][1][gc,age      ] GC(111) - age  14:     227800 bytes,   11136416 total
[2024-05-20T03:45:03.182+0000][1][gc,age      ] GC(111) - age  15:    1365272 bytes,   12501688 total
[2024-05-20T03:45:03.182+0000][1][gc,heap     ] GC(111) Eden regions: 604->0(601)
[2024-05-20T03:45:03.182+0000][1][gc,heap     ] GC(111) Survivor regions: 10->13(77)
[2024-05-20T03:45:03.182+0000][1][gc,heap     ] GC(111) Old regions: 41->42
[2024-05-20T03:45:03.182+0000][1][gc,heap     ] GC(111) Humongous regions: 3->3
[2024-05-20T03:45:03.182+0000][1][gc,metaspace] GC(111) Metaspace: 98859K(100800K)->98859K(100800K) NonClass: 86835K(87872K)->86835K(87872K) Class: 12023K(12928K)->12023K(12928K)
[2024-05-20T03:45:03.182+0000][1][gc          ] GC(111) Pause Young (Mixed) (G1 Evacuation Pause) 657M->57M(1024M) 12.342ms
[2024-05-20T03:45:03.182+0000][1][gc,cpu      ] GC(111) User=0.04s Sys=0.00s Real=0.01s
[2024-05-20T03:45:03.182+0000][1][safepoint   ] Safepoint "G1CollectForAllocation", Time since last: 34925476174 ns, Reaching safepoint: 120478 ns, Cleanup: 6670 ns, At safepoint: 12464320 ns, Total: 12591468 ns
[2024-05-20T03:45:33.617+0000][1][safepoint   ] Safepoint "Cleanup", Time since last: 30434238194 ns, Reaching safepoint: 75406 ns, Cleanup: 26327 ns, At safepoint: 4436 ns, Total: 106169 ns
[2024-05-20T03:45:34.617+0000][1][safepoint   ] Safepoint "Cleanup", Time since last: 1000513397 ns, Reaching safepoint: 37298 ns, Cleanup: 31620 ns, At safepoint: 6841 ns, Total: 75759 ns
[2024-05-20T03:50:22.505+0000][1][safepoint   ] Safepoint "Cleanup", Time since last: 287888189351 ns, Reaching safepoint: 43937 ns, Cleanup: 36831 ns, At safepoint: 90828 ns, Total: 171596 ns
[2024-05-20T03:58:48.540+0000][1][safepoint   ] Safepoint "Cleanup", Time since last: 506034208373 ns, Reaching safepoint: 27599 ns, Cleanup: 12567 ns, At safepoint: 4834 ns, Total: 45000 ns
[2024-05-20T03:58:49.542+0000][1][safepoint   ] Safepoint "Cleanup", Time since last: 1002561025 ns, Reaching safepoint: 37324 ns, Cleanup: 23441 ns, At safepoint: 7362 ns, Total: 68127 ns
[2024-05-20T04:00:15.568+0000][1][safepoint   ] Safepoint "Cleanup", Time since last: 86025278921 ns, Reaching safepoint: 32535 ns, Cleanup: 19065 ns, At safepoint: 72670 ns, Total: 124270 ns
[2024-05-20T04:16:45.602+0000][1][safepoint   ] Safepoint "Cleanup", Time since last: 990033706612 ns, Reaching safepoint: 112352 ns, Cleanup: 27030 ns, At safepoint: 9846 ns, Total: 149228 ns
[2024-05-20T04:23:14.656+0000][1][safepoint   ] Safepoint "Cleanup", Time since last: 389054431340 ns, Reaching safepoint: 28540 ns, Cleanup: 18834 ns, At safepoint: 5955 ns, Total: 53329 ns
[2024-05-20T04:30:45.692+0000][1][gc,start    ] GC(112) Pause Young (Concurrent Start) (G1 Evacuation Pause)
[2024-05-20T04:30:45.692+0000][1][gc,task     ] GC(112) Using 4 workers of 4 for evacuation
[2024-05-20T04:30:45.692+0000][1][gc,age      ] GC(112) Desired survivor size 40370176 bytes, new threshold 15 (max threshold 15)
[2024-05-20T04:30:45.701+0000][1][gc,phases   ] GC(112)   Pre Evacuate Collection Set: 0.5ms
[2024-05-20T04:30:45.701+0000][1][gc,phases   ] GC(112)   Merge Heap Roots: 0.1ms
[2024-05-20T04:30:45.701+0000][1][gc,phases   ] GC(112)   Evacuate Collection Set: 6.9ms
[2024-05-20T04:30:45.701+0000][1][gc,phases   ] GC(112)   Post Evacuate Collection Set: 1.4ms
[2024-05-20T04:30:45.701+0000][1][gc,phases   ] GC(112)   Other: 0.1ms
[2024-05-20T04:30:45.701+0000][1][gc,age      ] GC(112) Age table with threshold 15 (max threshold 15)
[2024-05-20T04:30:45.701+0000][1][gc,age      ] GC(112) - age   1:    4819728 bytes,    4819728 total
[2024-05-20T04:30:45.701+0000][1][gc,age      ] GC(112) - age   2:     300800 bytes,    5120528 total
[2024-05-20T04:30:45.701+0000][1][gc,age      ] GC(112) - age   3:     368568 bytes,    5489096 total
[2024-05-20T04:30:45.701+0000][1][gc,age      ] GC(112) - age   4:     218656 bytes,    5707752 total
[2024-05-20T04:30:45.701+0000][1][gc,age      ] GC(112) - age   5:     160768 bytes,    5868520 total
[2024-05-20T04:30:45.701+0000][1][gc,age      ] GC(112) - age   6:      95216 bytes,    5963736 total
[2024-05-20T04:30:45.701+0000][1][gc,age      ] GC(112) - age   7:     111056 bytes,    6074792 total
[2024-05-20T04:30:45.701+0000][1][gc,age      ] GC(112) - age   8:      35096 bytes,    6109888 total
[2024-05-20T04:30:45.701+0000][1][gc,age      ] GC(112) - age   9:      84112 bytes,    6194000 total
[2024-05-20T04:30:45.701+0000][1][gc,age      ] GC(112) - age  10:     344064 bytes,    6538064 total
[2024-05-20T04:30:45.701+0000][1][gc,age      ] GC(112) - age  11:     130056 bytes,    6668120 total
[2024-05-20T04:30:45.701+0000][1][gc,age      ] GC(112) - age  12:     253456 bytes,    6921576 total
[2024-05-20T04:30:45.701+0000][1][gc,age      ] GC(112) - age  13:      30976 bytes,    6952552 total
[2024-05-20T04:30:45.701+0000][1][gc,age      ] GC(112) - age  14:     165992 bytes,    7118544 total
[2024-05-20T04:30:45.701+0000][1][gc,age      ] GC(112) - age  15:     223056 bytes,    7341600 total
[2024-05-20T04:30:45.701+0000][1][gc,heap     ] GC(112) Eden regions: 601->0(606)
[2024-05-20T04:30:45.701+0000][1][gc,heap     ] GC(112) Survivor regions: 13->8(77)
[2024-05-20T04:30:45.701+0000][1][gc,heap     ] GC(112) Old regions: 42->43
[2024-05-20T04:30:45.701+0000][1][gc,heap     ] GC(112) Humongous regions: 3->3
[2024-05-20T04:30:45.701+0000][1][gc,metaspace] GC(112) Metaspace: 98861K(100800K)->98861K(100800K) NonClass: 86837K(87872K)->86837K(87872K) Class: 12023K(12928K)->12023K(12928K)
[2024-05-20T04:30:45.701+0000][1][gc          ] GC(112) Pause Young (Concurrent Start) (G1 Evacuation Pause) 658M->53M(1024M) 9.483ms
[2024-05-20T04:30:45.701+0000][1][gc          ] GC(113) Concurrent Mark Cycle
[2024-05-20T04:30:45.701+0000][1][gc,marking  ] GC(113) Concurrent Scan Root Regions
[2024-05-20T04:30:45.701+0000][1][gc,cpu      ] GC(112) User=0.03s Sys=0.00s Real=0.01s
[2024-05-20T04:30:45.702+0000][1][safepoint   ] Safepoint "G1CollectForAllocation", Time since last: 451035731915 ns, Reaching safepoint: 64171 ns, Cleanup: 6619 ns, At safepoint: 9627410 ns, Total: 9698200 ns
[2024-05-20T04:30:45.708+0000][1][gc,marking  ] GC(113) Concurrent Scan Root Regions 6.499ms
[2024-05-20T04:30:45.708+0000][1][gc,marking  ] GC(113) Concurrent Mark
[2024-05-20T04:30:45.708+0000][1][gc,marking  ] GC(113) Concurrent Mark From Roots
[2024-05-20T04:30:45.708+0000][1][gc,task     ] GC(113) Using 1 workers of 1 for marking
[2024-05-20T04:30:45.777+0000][1][gc,marking  ] GC(113) Concurrent Mark From Roots 69.432ms
[2024-05-20T04:30:45.778+0000][1][gc,marking  ] GC(113) Concurrent Preclean
[2024-05-20T04:30:45.778+0000][1][gc,marking  ] GC(113) Concurrent Preclean 0.263ms
[2024-05-20T04:30:45.778+0000][1][gc,start    ] GC(113) Pause Remark
[2024-05-20T04:30:45.783+0000][1][gc          ] GC(113) Pause Remark 54M->54M(1024M) 5.417ms
[2024-05-20T04:30:45.783+0000][1][gc,cpu      ] GC(113) User=0.02s Sys=0.00s Real=0.01s
[2024-05-20T04:30:45.784+0000][1][safepoint   ] Safepoint "G1PauseRemark", Time since last: 76368385 ns, Reaching safepoint: 27041 ns, Cleanup: 5277 ns, At safepoint: 5597023 ns, Total: 5629341 ns
[2024-05-20T04:30:45.784+0000][1][gc,marking  ] GC(113) Concurrent Mark 75.557ms
[2024-05-20T04:30:45.784+0000][1][gc,marking  ] GC(113) Concurrent Rebuild Remembered Sets and Scrub Regions
[2024-05-20T04:30:45.815+0000][1][gc,marking  ] GC(113) Concurrent Rebuild Remembered Sets and Scrub Regions 31.429ms
[2024-05-20T04:30:45.815+0000][1][gc,start    ] GC(113) Pause Cleanup
[2024-05-20T04:30:45.816+0000][1][gc          ] GC(113) Pause Cleanup 54M->54M(1024M) 0.612ms
[2024-05-20T04:30:45.816+0000][1][gc,cpu      ] GC(113) User=0.00s Sys=0.00s Real=0.01s
[2024-05-20T04:30:45.816+0000][1][safepoint   ] Safepoint "G1PauseCleanup", Time since last: 31681754 ns, Reaching safepoint: 19245 ns, Cleanup: 4323 ns, At safepoint: 670450 ns, Total: 694018 ns
[2024-05-20T04:30:45.816+0000][1][gc,marking  ] GC(113) Concurrent Clear Claimed Marks
[2024-05-20T04:30:45.816+0000][1][gc,marking  ] GC(113) Concurrent Clear Claimed Marks 0.111ms
[2024-05-20T04:30:45.816+0000][1][gc,marking  ] GC(113) Concurrent Cleanup for Next Mark
[2024-05-20T04:30:45.820+0000][1][gc,marking  ] GC(113) Concurrent Cleanup for Next Mark 3.520ms
[2024-05-20T04:30:45.820+0000][1][gc          ] GC(113) Concurrent Mark Cycle 118.269ms
[2024-05-20T04:31:44.698+0000][1][safepoint   ] Safepoint "Cleanup", Time since last: 58881682377 ns, Reaching safepoint: 121967 ns, Cleanup: 31017 ns, At safepoint: 10875 ns, Total: 163859 ns
[2024-05-20T04:32:04.743+0000][1][safepoint   ] Safepoint "Cleanup", Time since last: 20045247419 ns, Reaching safepoint: 53678 ns, Cleanup: 23135 ns, At safepoint: 8010 ns, Total: 84823 ns
[2024-05-20T04:43:09.754+0000][1][safepoint   ] Safepoint "Cleanup", Time since last: 665010626859 ns, Reaching safepoint: 37382 ns, Cleanup: 23444 ns, At safepoint: 67646 ns, Total: 128472 ns
[2024-05-20T04:55:48.821+0000][1][safepoint   ] Safepoint "Cleanup", Time since last: 759066902026 ns, Reaching safepoint: 8298 ns, Cleanup: 9805 ns, At safepoint: 3145 ns, Total: 21248 ns
[2024-05-20T04:55:49.824+0000][1][safepoint   ] Safepoint "Cleanup", Time since last: 1002883590 ns, Reaching safepoint: 57459 ns, Cleanup: 24230 ns, At safepoint: 9369 ns, Total: 91058 ns
[2024-05-20T05:00:53.844+0000][1][safepoint   ] Safepoint "Cleanup", Time since last: 304019891482 ns, Reaching safepoint: 115452 ns, Cleanup: 8923 ns, At safepoint: 6566 ns, Total: 130941 ns
[2024-05-20T05:33:55.190+0000][1][gc,start    ] GC(114) Pause Young (Prepare Mixed) (G1 Evacuation Pause)
[2024-05-20T05:33:55.190+0000][1][gc,task     ] GC(114) Using 4 workers of 4 for evacuation
[2024-05-20T05:33:55.190+0000][1][gc,age      ] GC(114) Desired survivor size 40370176 bytes, new threshold 15 (max threshold 15)
[2024-05-20T05:33:55.208+0000][1][gc,phases   ] GC(114)   Pre Evacuate Collection Set: 0.7ms
[2024-05-20T05:33:55.208+0000][1][gc,phases   ] GC(114)   Merge Heap Roots: 0.3ms
[2024-05-20T05:33:55.208+0000][1][gc,phases   ] GC(114)   Evacuate Collection Set: 14.3ms
[2024-05-20T05:33:55.208+0000][1][gc,phases   ] GC(114)   Post Evacuate Collection Set: 2.9ms
[2024-05-20T05:33:55.208+0000][1][gc,phases   ] GC(114)   Other: 0.3ms
[2024-05-20T05:33:55.208+0000][1][gc,age      ] GC(114) Age table with threshold 15 (max threshold 15)
[2024-05-20T05:33:55.208+0000][1][gc,age      ] GC(114) - age   1:    3165488 bytes,    3165488 total
[2024-05-20T05:33:55.208+0000][1][gc,age      ] GC(114) - age   2:    3467464 bytes,    6632952 total
[2024-05-20T05:33:55.208+0000][1][gc,age      ] GC(114) - age   3:     295600 bytes,    6928552 total
[2024-05-20T05:33:55.208+0000][1][gc,age      ] GC(114) - age   4:     362192 bytes,    7290744 total
[2024-05-20T05:33:55.208+0000][1][gc,age      ] GC(114) - age   5:     216840 bytes,    7507584 total
[2024-05-20T05:33:55.209+0000][1][gc,age      ] GC(114) - age   6:     160320 bytes,    7667904 total
[2024-05-20T05:33:55.209+0000][1][gc,age      ] GC(114) - age   7:      95136 bytes,    7763040 total
[2024-05-20T05:33:55.209+0000][1][gc,age      ] GC(114) - age   8:     110896 bytes,    7873936 total
[2024-05-20T05:33:55.209+0000][1][gc,age      ] GC(114) - age   9:      33168 bytes,    7907104 total
[2024-05-20T05:33:55.209+0000][1][gc,age      ] GC(114) - age  10:      84032 bytes,    7991136 total
[2024-05-20T05:33:55.209+0000][1][gc,age      ] GC(114) - age  11:     343256 bytes,    8334392 total
[2024-05-20T05:33:55.209+0000][1][gc,age      ] GC(114) - age  12:     130056 bytes,    8464448 total
[2024-05-20T05:33:55.209+0000][1][gc,age      ] GC(114) - age  13:     252840 bytes,    8717288 total
[2024-05-20T05:33:55.209+0000][1][gc,age      ] GC(114) - age  14:      30976 bytes,    8748264 total
[2024-05-20T05:33:55.209+0000][1][gc,age      ] GC(114) - age  15:     165992 bytes,    8914256 total
[2024-05-20T05:33:55.209+0000][1][gc,heap     ] GC(114) Eden regions: 606->0(605)
[2024-05-20T05:33:55.209+0000][1][gc,heap     ] GC(114) Survivor regions: 8->9(77)
[2024-05-20T05:33:55.209+0000][1][gc,heap     ] GC(114) Old regions: 43->44
[2024-05-20T05:33:55.209+0000][1][gc,heap     ] GC(114) Humongous regions: 3->3
[2024-05-20T05:33:55.209+0000][1][gc,metaspace] GC(114) Metaspace: 98861K(100800K)->98861K(100800K) NonClass: 86837K(87872K)->86837K(87872K) Class: 12023K(12928K)->12023K(12928K)
[2024-05-20T05:33:55.209+0000][1][gc          ] GC(114) Pause Young (Prepare Mixed) (G1 Evacuation Pause) 659M->55M(1024M) 18.981ms
[2024-05-20T05:33:55.209+0000][1][gc,cpu      ] GC(114) User=0.06s Sys=0.00s Real=0.02s
[2024-05-20T05:33:55.209+0000][1][safepoint   ] Safepoint "G1CollectForAllocation", Time since last: 1981345775065 ns, Reaching safepoint: 112419 ns, Cleanup: 10411 ns, At safepoint: 19089284 ns, Total: 19212114 ns
[2024-05-20T05:39:24.025+0000][1][safepoint   ] Safepoint "Cleanup", Time since last: 328816586204 ns, Reaching safepoint: 8925 ns, Cleanup: 9795 ns, At safepoint: 3832 ns, Total: 22552 ns
[2024-05-20T05:46:39.044+0000][1][safepoint   ] Safepoint "Cleanup", Time since last: 435018825351 ns, Reaching safepoint: 29649 ns, Cleanup: 9587 ns, At safepoint: 3501 ns, Total: 42737 ns
[2024-05-20T05:46:40.047+0000][1][safepoint   ] Safepoint "Cleanup", Time since last: 1002641725 ns, Reaching safepoint: 32278 ns, Cleanup: 20664 ns, At safepoint: 5149 ns, Total: 58091 ns
[2024-05-20T06:01:59.151+0000][1][safepoint   ] Safepoint "Cleanup", Time since last: 919104035921 ns, Reaching safepoint: 21942 ns, Cleanup: 12726 ns, At safepoint: 5056 ns, Total: 39724 ns
[2024-05-20T06:02:00.154+0000][1][safepoint   ] Safepoint "Cleanup", Time since last: 1002786586 ns, Reaching safepoint: 37427 ns, Cleanup: 27245 ns, At safepoint: 7655 ns, Total: 72327 ns
[2024-05-20T06:14:21.184+0000][1][safepoint   ] Safepoint "Cleanup", Time since last: 741030079626 ns, Reaching safepoint: 43616 ns, Cleanup: 38107 ns, At safepoint: 11196 ns, Total: 92919 ns
[2024-05-20T06:29:44.277+0000][1][safepoint   ] Safepoint "Cleanup", Time since last: 923092535110 ns, Reaching safepoint: 28111 ns, Cleanup: 8804 ns, At safepoint: 2816 ns, Total: 39731 ns
[2024-05-20T06:35:04.300+0000][1][safepoint   ] Safepoint "Cleanup", Time since last: 320023574940 ns, Reaching safepoint: 25325 ns, Cleanup: 11248 ns, At safepoint: 3085 ns, Total: 39658 ns
[2024-05-20T06:35:05.303+0000][1][safepoint   ] Safepoint "Cleanup", Time since last: 1002566129 ns, Reaching safepoint: 119065 ns, Cleanup: 22457 ns, At safepoint: 14820 ns, Total: 156342 ns
[2024-05-20T06:37:53.769+0000][1][gc,start    ] GC(115) Pause Young (Mixed) (G1 Evacuation Pause)
[2024-05-20T06:37:53.769+0000][1][gc,task     ] GC(115) Using 4 workers of 4 for evacuation
[2024-05-20T06:37:53.769+0000][1][gc,age      ] GC(115) Desired survivor size 40370176 bytes, new threshold 15 (max threshold 15)
[2024-05-20T06:37:53.781+0000][1][gc,phases   ] GC(115)   Pre Evacuate Collection Set: 0.7ms
[2024-05-20T06:37:53.781+0000][1][gc,phases   ] GC(115)   Merge Heap Roots: 0.4ms
[2024-05-20T06:37:53.781+0000][1][gc,phases   ] GC(115)   Evacuate Collection Set: 9.2ms
[2024-05-20T06:37:53.781+0000][1][gc,phases   ] GC(115)   Post Evacuate Collection Set: 1.5ms
[2024-05-20T06:37:53.781+0000][1][gc,phases   ] GC(115)   Other: 0.3ms
[2024-05-20T06:37:53.781+0000][1][gc,age      ] GC(115) Age table with threshold 15 (max threshold 15)
[2024-05-20T06:37:53.781+0000][1][gc,age      ] GC(115) - age   1:    3075496 bytes,    3075496 total
[2024-05-20T06:37:53.781+0000][1][gc,age      ] GC(115) - age   2:    2500880 bytes,    5576376 total
[2024-05-20T06:37:53.781+0000][1][gc,age      ] GC(115) - age   3:    2649984 bytes,    8226360 total
[2024-05-20T06:37:53.781+0000][1][gc,age      ] GC(115) - age   4:     220600 bytes,    8446960 total
[2024-05-20T06:37:53.781+0000][1][gc,age      ] GC(115) - age   5:     362192 bytes,    8809152 total
[2024-05-20T06:37:53.781+0000][1][gc,age      ] GC(115) - age   6:     216688 bytes,    9025840 total
[2024-05-20T06:37:53.781+0000][1][gc,age      ] GC(115) - age   7:     160320 bytes,    9186160 total
[2024-05-20T06:37:53.781+0000][1][gc,age      ] GC(115) - age   8:      95136 bytes,    9281296 total
[2024-05-20T06:37:53.781+0000][1][gc,age      ] GC(115) - age   9:     110312 bytes,    9391608 total
[2024-05-20T06:37:53.781+0000][1][gc,age      ] GC(115) - age  10:      33168 bytes,    9424776 total
[2024-05-20T06:37:53.781+0000][1][gc,age      ] GC(115) - age  11:      84032 bytes,    9508808 total
[2024-05-20T06:37:53.781+0000][1][gc,age      ] GC(115) - age  12:     343256 bytes,    9852064 total
[2024-05-20T06:37:53.781+0000][1][gc,age      ] GC(115) - age  13:      98624 bytes,    9950688 total
[2024-05-20T06:37:53.781+0000][1][gc,age      ] GC(115) - age  14:     252840 bytes,   10203528 total
[2024-05-20T06:37:53.781+0000][1][gc,age      ] GC(115) - age  15:      30976 bytes,   10234504 total
[2024-05-20T06:37:53.781+0000][1][gc,heap     ] GC(115) Eden regions: 605->0(603)
[2024-05-20T06:37:53.781+0000][1][gc,heap     ] GC(115) Survivor regions: 9->11(77)
[2024-05-20T06:37:53.781+0000][1][gc,heap     ] GC(115) Old regions: 44->42
[2024-05-20T06:37:53.781+0000][1][gc,heap     ] GC(115) Humongous regions: 3->3
[2024-05-20T06:37:53.781+0000][1][gc,metaspace] GC(115) Metaspace: 98866K(100800K)->98866K(100800K) NonClass: 86843K(87872K)->86843K(87872K) Class: 12023K(12928K)->12023K(12928K)
[2024-05-20T06:37:53.781+0000][1][gc          ] GC(115) Pause Young (Mixed) (G1 Evacuation Pause) 660M->55M(1024M) 12.551ms
[2024-05-20T06:37:53.781+0000][1][gc,cpu      ] GC(115) User=0.04s Sys=0.00s Real=0.01s
[2024-05-20T06:37:53.781+0000][1][safepoint   ] Safepoint "G1CollectForAllocation", Time since last: 168465483708 ns, Reaching safepoint: 55707 ns, Cleanup: 9648 ns, At safepoint: 12657252 ns, Total: 12722607 ns
[2024-05-20T06:42:50.345+0000][1][safepoint   ] Safepoint "Cleanup", Time since last: 296564010127 ns, Reaching safepoint: 123265 ns, Cleanup: 31254 ns, At safepoint: 9951 ns, Total: 164470 ns
[2024-05-20T06:43:59.351+0000][1][safepoint   ] Safepoint "Cleanup", Time since last: 69005360550 ns, Reaching safepoint: 33823 ns, Cleanup: 12001 ns, At safepoint: 4581 ns, Total: 50405 ns
[2024-05-20T06:44:00.354+0000][1][safepoint   ] Safepoint "Cleanup", Time since last: 1002768424 ns, Reaching safepoint: 37448 ns, Cleanup: 23150 ns, At safepoint: 7268 ns, Total: 67866 ns
[2024-05-20T06:44:49.355+0000][1][safepoint   ] Safepoint "Cleanup", Time since last: 49001420360 ns, Reaching safepoint: 27993 ns, Cleanup: 9146 ns, At safepoint: 3380 ns, Total: 40519 ns
[2024-05-20T06:45:24.369+0000][1][safepoint   ] Safepoint "Cleanup", Time since last: 35013545632 ns, Reaching safepoint: 33573 ns, Cleanup: 19566 ns, At safepoint: 61088 ns, Total: 114227 ns
[2024-05-20T06:48:14.374+0000][1][safepoint   ] Safepoint "Cleanup", Time since last: 170004813765 ns, Reaching safepoint: 44852 ns, Cleanup: 11245 ns, At safepoint: 3771 ns, Total: 59868 ns
[2024-05-20T06:50:20.387+0000][1][safepoint   ] Safepoint "Cleanup", Time since last: 126013035464 ns, Reaching safepoint: 32234 ns, Cleanup: 19531 ns, At safepoint: 4991 ns, Total: 56756 ns
[2024-05-20T06:53:45.364+0000][1][safepoint   ] Safepoint "Cleanup", Time since last: 204976638546 ns, Reaching safepoint: 351220 ns, Cleanup: 18159 ns, At safepoint: 4300 ns, Total: 373679 ns
[2024-05-20T06:54:44.399+0000][1][safepoint   ] Safepoint "Cleanup", Time since last: 59035047999 ns, Reaching safepoint: 18865 ns, Cleanup: 8996 ns, At safepoint: 6730 ns, Total: 34591 ns
[2024-05-20T07:01:38.619+0000][1][safepoint   ] Safepoint "Cleanup", Time since last: 414220319632 ns, Reaching safepoint: 98176 ns, Cleanup: 22145 ns, At safepoint: 15074 ns, Total: 135395 ns
[2024-05-20T07:06:14.459+0000][1][safepoint   ] Safepoint "Cleanup", Time since last: 275839364094 ns, Reaching safepoint: 13910 ns, Cleanup: 14404 ns, At safepoint: 5855 ns, Total: 34169 ns
[2024-05-20T07:06:15.463+0000][1][safepoint   ] Safepoint "Cleanup", Time since last: 1003976840 ns, Reaching safepoint: 39106 ns, Cleanup: 29138 ns, At safepoint: 7599 ns, Total: 75843 ns
[2024-05-20T07:07:54.465+0000][1][safepoint   ] Safepoint "Cleanup", Time since last: 99001947986 ns, Reaching safepoint: 22272 ns, Cleanup: 14830 ns, At safepoint: 6756 ns, Total: 43858 ns
[2024-05-20T07:08:07.475+0000][1][safepoint   ] Safepoint "Cleanup", Time since last: 13010147680 ns, Reaching safepoint: 99420 ns, Cleanup: 22856 ns, At safepoint: 15702 ns, Total: 137978 ns
[2024-05-20T07:13:15.383+0000][1][safepoint   ] Safepoint "Cleanup", Time since last: 307907775104 ns, Reaching safepoint: 101191 ns, Cleanup: 24731 ns, At safepoint: 15658 ns, Total: 141580 ns
[2024-05-20T07:15:24.477+0000][1][safepoint   ] Safepoint "Cleanup", Time since last: 129094467318 ns, Reaching safepoint: 46586 ns, Cleanup: 12398 ns, At safepoint: 8268 ns, Total: 67252 ns
[2024-05-20T07:17:34.566+0000][1][safepoint   ] Safepoint "Cleanup", Time since last: 130088318755 ns, Reaching safepoint: 8478 ns, Cleanup: 10751 ns, At safepoint: 3034 ns, Total: 22263 ns
[2024-05-20T07:45:30.185+0000][1][gc,start    ] GC(116) Pause Young (Concurrent Start) (G1 Evacuation Pause)
[2024-05-20T07:45:30.186+0000][1][gc,task     ] GC(116) Using 4 workers of 4 for evacuation
[2024-05-20T07:45:30.186+0000][1][gc,age      ] GC(116) Desired survivor size 40370176 bytes, new threshold 15 (max threshold 15)
[2024-05-20T07:45:30.205+0000][1][gc,phases   ] GC(116)   Pre Evacuate Collection Set: 0.9ms
[2024-05-20T07:45:30.205+0000][1][gc,phases   ] GC(116)   Merge Heap Roots: 0.4ms
[2024-05-20T07:45:30.205+0000][1][gc,phases   ] GC(116)   Evacuate Collection Set: 16.2ms
[2024-05-20T07:45:30.205+0000][1][gc,phases   ] GC(116)   Post Evacuate Collection Set: 1.5ms
[2024-05-20T07:45:30.205+0000][1][gc,phases   ] GC(116)   Other: 0.4ms
[2024-05-20T07:45:30.205+0000][1][gc,age      ] GC(116) Age table with threshold 15 (max threshold 15)
[2024-05-20T07:45:30.205+0000][1][gc,age      ] GC(116) - age   1:    4679864 bytes,    4679864 total
[2024-05-20T07:45:30.205+0000][1][gc,age      ] GC(116) - age   2:    1705296 bytes,    6385160 total
[2024-05-20T07:45:30.205+0000][1][gc,age      ] GC(116) - age   3:    2028592 bytes,    8413752 total
[2024-05-20T07:45:30.205+0000][1][gc,age      ] GC(116) - age   4:    1156800 bytes,    9570552 total
[2024-05-20T07:45:30.205+0000][1][gc,age      ] GC(116) - age   5:     194424 bytes,    9764976 total
[2024-05-20T07:45:30.205+0000][1][gc,age      ] GC(116) - age   6:     319904 bytes,   10084880 total
[2024-05-20T07:45:30.205+0000][1][gc,age      ] GC(116) - age   7:     188832 bytes,   10273712 total
[2024-05-20T07:45:30.205+0000][1][gc,age      ] GC(116) - age   8:     138936 bytes,   10412648 total
[2024-05-20T07:45:30.205+0000][1][gc,age      ] GC(116) - age   9:      70376 bytes,   10483024 total
[2024-05-20T07:45:30.205+0000][1][gc,age      ] GC(116) - age  10:      49248 bytes,   10532272 total
[2024-05-20T07:45:30.205+0000][1][gc,age      ] GC(116) - age  11:      17368 bytes,   10549640 total
[2024-05-20T07:45:30.205+0000][1][gc,age      ] GC(116) - age  12:      67928 bytes,   10617568 total
[2024-05-20T07:45:30.205+0000][1][gc,age      ] GC(116) - age  13:     194264 bytes,   10811832 total
[2024-05-20T07:45:30.205+0000][1][gc,age      ] GC(116) - age  14:       8448 bytes,   10820280 total
[2024-05-20T07:45:30.205+0000][1][gc,age      ] GC(116) - age  15:     112480 bytes,   10932760 total
[2024-05-20T07:45:30.205+0000][1][gc,heap     ] GC(116) Eden regions: 603->0(602)
[2024-05-20T07:45:30.205+0000][1][gc,heap     ] GC(116) Survivor regions: 11->12(77)
[2024-05-20T07:45:30.205+0000][1][gc,heap     ] GC(116) Old regions: 42->42
[2024-05-20T07:45:30.205+0000][1][gc,heap     ] GC(116) Humongous regions: 3->3
[2024-05-20T07:45:30.205+0000][1][gc,metaspace] GC(116) Metaspace: 98868K(100800K)->98868K(100800K) NonClass: 86844K(87872K)->86844K(87872K) Class: 12023K(12928K)->12023K(12928K)
[2024-05-20T07:45:30.205+0000][1][gc          ] GC(116) Pause Young (Concurrent Start) (G1 Evacuation Pause) 658M->56M(1024M) 19.897ms
[2024-05-20T07:45:30.205+0000][1][gc          ] GC(117) Concurrent Mark Cycle
[2024-05-20T07:45:30.205+0000][1][gc,marking  ] GC(117) Concurrent Scan Root Regions
[2024-05-20T07:45:30.205+0000][1][gc,cpu      ] GC(116) User=0.07s Sys=0.00s Real=0.02s
[2024-05-20T07:45:30.205+0000][1][safepoint   ] Safepoint "G1CollectForAllocation", Time since last: 1675619618908 ns, Reaching safepoint: 39608 ns, Cleanup: 11053 ns, At safepoint: 20060478 ns, Total: 20111139 ns
[2024-05-20T07:45:30.213+0000][1][gc,marking  ] GC(117) Concurrent Scan Root Regions 7.950ms
[2024-05-20T07:45:30.213+0000][1][gc,marking  ] GC(117) Concurrent Mark
[2024-05-20T07:45:30.213+0000][1][gc,marking  ] GC(117) Concurrent Mark From Roots
[2024-05-20T07:45:30.213+0000][1][gc,task     ] GC(117) Using 1 workers of 1 for marking
[2024-05-20T07:45:30.278+0000][1][gc,marking  ] GC(117) Concurrent Mark From Roots 64.294ms
[2024-05-20T07:45:30.278+0000][1][gc,marking  ] GC(117) Concurrent Preclean
[2024-05-20T07:45:30.278+0000][1][gc,marking  ] GC(117) Concurrent Preclean 0.259ms
[2024-05-20T07:45:30.278+0000][1][gc,start    ] GC(117) Pause Remark
[2024-05-20T07:45:30.286+0000][1][gc          ] GC(117) Pause Remark 56M->56M(1024M) 7.500ms
[2024-05-20T07:45:30.286+0000][1][gc,cpu      ] GC(117) User=0.02s Sys=0.00s Real=0.01s
[2024-05-20T07:45:30.286+0000][1][safepoint   ] Safepoint "G1PauseRemark", Time since last: 72680471 ns, Reaching safepoint: 27513 ns, Cleanup: 15181 ns, At safepoint: 7622761 ns, Total: 7665455 ns
[2024-05-20T07:45:30.286+0000][1][gc,marking  ] GC(117) Concurrent Mark 72.453ms
[2024-05-20T07:45:30.286+0000][1][gc,marking  ] GC(117) Concurrent Rebuild Remembered Sets and Scrub Regions
[2024-05-20T07:45:30.315+0000][1][gc,marking  ] GC(117) Concurrent Rebuild Remembered Sets and Scrub Regions 28.850ms
[2024-05-20T07:45:30.315+0000][1][gc,start    ] GC(117) Pause Cleanup
[2024-05-20T07:45:30.315+0000][1][gc          ] GC(117) Pause Cleanup 56M->56M(1024M) 0.273ms
[2024-05-20T07:45:30.315+0000][1][gc,cpu      ] GC(117) User=0.00s Sys=0.00s Real=0.00s
[2024-05-20T07:45:30.315+0000][1][safepoint   ] Safepoint "G1PauseCleanup", Time since last: 29144559 ns, Reaching safepoint: 20460 ns, Cleanup: 6445 ns, At safepoint: 328847 ns, Total: 355752 ns
[2024-05-20T07:45:30.316+0000][1][gc,marking  ] GC(117) Concurrent Clear Claimed Marks
[2024-05-20T07:45:30.316+0000][1][gc,marking  ] GC(117) Concurrent Clear Claimed Marks 0.112ms
[2024-05-20T07:45:30.316+0000][1][gc,marking  ] GC(117) Concurrent Cleanup for Next Mark
[2024-05-20T07:45:30.319+0000][1][gc,marking  ] GC(117) Concurrent Cleanup for Next Mark 3.137ms
[2024-05-20T07:45:30.319+0000][1][gc          ] GC(117) Concurrent Mark Cycle 113.752ms
[2024-05-20T07:47:16.916+0000][1][safepoint   ] Safepoint "Cleanup", Time since last: 106600934036 ns, Reaching safepoint: 94170 ns, Cleanup: 23147 ns, At safepoint: 19980 ns, Total: 137297 ns
[2024-05-20T07:51:00.690+0000][1][safepoint   ] Safepoint "Cleanup", Time since last: 223773139885 ns, Reaching safepoint: 37452 ns, Cleanup: 31615 ns, At safepoint: 7366 ns, Total: 76433 ns
[2024-05-20T07:51:15.666+0000][1][safepoint   ] Safepoint "Cleanup", Time since last: 14975942857 ns, Reaching safepoint: 56628 ns, Cleanup: 22322 ns, At safepoint: 7774 ns, Total: 86724 ns
[2024-05-20T08:04:39.760+0000][1][safepoint   ] Safepoint "Cleanup", Time since last: 804094561591 ns, Reaching safepoint: 9878 ns, Cleanup: 10213 ns, At safepoint: 5661 ns, Total: 25752 ns
[2024-05-20T08:05:59.729+0000][1][safepoint   ] Safepoint "Cleanup", Time since last: 79968625341 ns, Reaching safepoint: 28495 ns, Cleanup: 11285 ns, At safepoint: 2306 ns, Total: 42086 ns
[2024-05-20T08:07:55.767+0000][1][safepoint   ] Safepoint "Cleanup", Time since last: 116038037941 ns, Reaching safepoint: 98784 ns, Cleanup: 26589 ns, At safepoint: 8747 ns, Total: 134120 ns
[2024-05-20T08:23:04.923+0000][1][safepoint   ] Safepoint "Cleanup", Time since last: 909155826444 ns, Reaching safepoint: 8194 ns, Cleanup: 13249 ns, At safepoint: 2850 ns, Total: 24293 ns
[2024-05-20T08:36:35.921+0000][1][safepoint   ] Safepoint "Cleanup", Time since last: 810997713817 ns, Reaching safepoint: 43818 ns, Cleanup: 28163 ns, At safepoint: 11261 ns, Total: 83242 ns
[2024-05-20T08:40:40.019+0000][1][safepoint   ] Safepoint "Cleanup", Time since last: 244098187940 ns, Reaching safepoint: 9071 ns, Cleanup: 9026 ns, At safepoint: 4090 ns, Total: 22187 ns
[2024-05-20T08:52:37.351+0000][1][gc,start    ] GC(118) Pause Young (Prepare Mixed) (G1 Evacuation Pause)
[2024-05-20T08:52:37.351+0000][1][gc,task     ] GC(118) Using 4 workers of 4 for evacuation
[2024-05-20T08:52:37.351+0000][1][gc,age      ] GC(118) Desired survivor size 40370176 bytes, new threshold 15 (max threshold 15)
[2024-05-20T08:52:37.362+0000][1][gc,phases   ] GC(118)   Pre Evacuate Collection Set: 0.5ms
[2024-05-20T08:52:37.362+0000][1][gc,phases   ] GC(118)   Merge Heap Roots: 0.1ms
[2024-05-20T08:52:37.362+0000][1][gc,phases   ] GC(118)   Evacuate Collection Set: 9.5ms
[2024-05-20T08:52:37.362+0000][1][gc,phases   ] GC(118)   Post Evacuate Collection Set: 1.4ms
[2024-05-20T08:52:37.362+0000][1][gc,phases   ] GC(118)   Other: 0.1ms
[2024-05-20T08:52:37.362+0000][1][gc,age      ] GC(118) Age table with threshold 15 (max threshold 15)
[2024-05-20T08:52:37.362+0000][1][gc,age      ] GC(118) - age   1:    4317064 bytes,    4317064 total
[2024-05-20T08:52:37.362+0000][1][gc,age      ] GC(118) - age   2:    2831184 bytes,    7148248 total
[2024-05-20T08:52:37.362+0000][1][gc,age      ] GC(118) - age   3:    1379856 bytes,    8528104 total
[2024-05-20T08:52:37.362+0000][1][gc,age      ] GC(118) - age   4:     925888 bytes,    9453992 total
[2024-05-20T08:52:37.362+0000][1][gc,age      ] GC(118) - age   5:     469376 bytes,    9923368 total
[2024-05-20T08:52:37.362+0000][1][gc,age      ] GC(118) - age   6:     154376 bytes,   10077744 total
[2024-05-20T08:52:37.362+0000][1][gc,age      ] GC(118) - age   7:     288368 bytes,   10366112 total
[2024-05-20T08:52:37.362+0000][1][gc,age      ] GC(118) - age   8:     188752 bytes,   10554864 total
[2024-05-20T08:52:37.362+0000][1][gc,age      ] GC(118) - age   9:     107592 bytes,   10662456 total
[2024-05-20T08:52:37.362+0000][1][gc,age      ] GC(118) - age  10:       8664 bytes,   10671120 total
[2024-05-20T08:52:37.362+0000][1][gc,age      ] GC(118) - age  11:      49248 bytes,   10720368 total
[2024-05-20T08:52:37.362+0000][1][gc,age      ] GC(118) - age  12:      17368 bytes,   10737736 total
[2024-05-20T08:52:37.362+0000][1][gc,age      ] GC(118) - age  13:      67928 bytes,   10805664 total
[2024-05-20T08:52:37.362+0000][1][gc,age      ] GC(118) - age  14:     163488 bytes,   10969152 total
[2024-05-20T08:52:37.362+0000][1][gc,age      ] GC(118) - age  15:       8448 bytes,   10977600 total
[2024-05-20T08:52:37.362+0000][1][gc,heap     ] GC(118) Eden regions: 602->0(602)
[2024-05-20T08:52:37.362+0000][1][gc,heap     ] GC(118) Survivor regions: 12->12(77)
[2024-05-20T08:52:37.362+0000][1][gc,heap     ] GC(118) Old regions: 42->43
[2024-05-20T08:52:37.362+0000][1][gc,heap     ] GC(118) Humongous regions: 3->3
[2024-05-20T08:52:37.362+0000][1][gc,metaspace] GC(118) Metaspace: 98879K(100800K)->98879K(100800K) NonClass: 86855K(87872K)->86855K(87872K) Class: 12023K(12928K)->12023K(12928K)
[2024-05-20T08:52:37.362+0000][1][gc          ] GC(118) Pause Young (Prepare Mixed) (G1 Evacuation Pause) 658M->57M(1024M) 11.981ms
[2024-05-20T08:52:37.363+0000][1][gc,cpu      ] GC(118) User=0.03s Sys=0.00s Real=0.01s
[2024-05-20T08:52:37.363+0000][1][safepoint   ] Safepoint "G1CollectForAllocation", Time since last: 717331557827 ns, Reaching safepoint: 24951 ns, Cleanup: 5929 ns, At safepoint: 12076375 ns, Total: 12107255 ns
[2024-05-20T08:52:38.363+0000][1][safepoint   ] Safepoint "Cleanup", Time since last: 1000383229 ns, Reaching safepoint: 37318 ns, Cleanup: 23182 ns, At safepoint: 7829 ns, Total: 68329 ns
[2024-05-20T09:03:15.050+0000][1][safepoint   ] Safepoint "Cleanup", Time since last: 636686964985 ns, Reaching safepoint: 16639 ns, Cleanup: 13259 ns, At safepoint: 6650 ns, Total: 36548 ns
[2024-05-20T09:09:02.909+0000][1][safepoint   ] Safepoint "Cleanup", Time since last: 347858810058 ns, Reaching safepoint: 187345 ns, Cleanup: 27533 ns, At safepoint: 20473 ns, Total: 235351 ns
[2024-05-20T09:41:40.254+0000][1][safepoint   ] Safepoint "Cleanup", Time since last: 1957344486980 ns, Reaching safepoint: 42818 ns, Cleanup: 9810 ns, At safepoint: 3281 ns, Total: 55909 ns
[2024-05-20T09:44:00.261+0000][1][safepoint   ] Safepoint "Cleanup", Time since last: 140007605976 ns, Reaching safepoint: 25582 ns, Cleanup: 11480 ns, At safepoint: 4666 ns, Total: 41728 ns
[2024-05-20T10:01:13.198+0000][1][gc,start    ] GC(119) Pause Young (Mixed) (G1 Evacuation Pause)
[2024-05-20T10:01:13.198+0000][1][gc,task     ] GC(119) Using 4 workers of 4 for evacuation
[2024-05-20T10:01:13.198+0000][1][gc,age      ] GC(119) Desired survivor size 40370176 bytes, new threshold 15 (max threshold 15)
[2024-05-20T10:01:13.210+0000][1][gc,phases   ] GC(119)   Pre Evacuate Collection Set: 0.4ms
[2024-05-20T10:01:13.210+0000][1][gc,phases   ] GC(119)   Merge Heap Roots: 0.2ms
[2024-05-20T10:01:13.210+0000][1][gc,phases   ] GC(119)   Evacuate Collection Set: 9.8ms
[2024-05-20T10:01:13.210+0000][1][gc,phases   ] GC(119)   Post Evacuate Collection Set: 1.4ms
[2024-05-20T10:01:13.210+0000][1][gc,phases   ] GC(119)   Other: 0.1ms
[2024-05-20T10:01:13.210+0000][1][gc,age      ] GC(119) Age table with threshold 15 (max threshold 15)
[2024-05-20T10:01:13.210+0000][1][gc,age      ] GC(119) - age   1:    4502664 bytes,    4502664 total
[2024-05-20T10:01:13.210+0000][1][gc,age      ] GC(119) - age   2:    2771760 bytes,    7274424 total
[2024-05-20T10:01:13.210+0000][1][gc,age      ] GC(119) - age   3:    1948560 bytes,    9222984 total
[2024-05-20T10:01:13.210+0000][1][gc,age      ] GC(119) - age   4:     553016 bytes,    9776000 total
[2024-05-20T10:01:13.210+0000][1][gc,age      ] GC(119) - age   5:     395496 bytes,   10171496 total
[2024-05-20T10:01:13.210+0000][1][gc,age      ] GC(119) - age   6:     468288 bytes,   10639784 total
[2024-05-20T10:01:13.210+0000][1][gc,age      ] GC(119) - age   7:     154376 bytes,   10794160 total
[2024-05-20T10:01:13.210+0000][1][gc,age      ] GC(119) - age   8:     288128 bytes,   11082288 total
[2024-05-20T10:01:13.210+0000][1][gc,age      ] GC(119) - age   9:     188752 bytes,   11271040 total
[2024-05-20T10:01:13.210+0000][1][gc,age      ] GC(119) - age  10:     107592 bytes,   11378632 total
[2024-05-20T10:01:13.210+0000][1][gc,age      ] GC(119) - age  11:       8664 bytes,   11387296 total
[2024-05-20T10:01:13.210+0000][1][gc,age      ] GC(119) - age  12:      49248 bytes,   11436544 total
[2024-05-20T10:01:13.210+0000][1][gc,age      ] GC(119) - age  13:      17368 bytes,   11453912 total
[2024-05-20T10:01:13.210+0000][1][gc,age      ] GC(119) - age  14:      67928 bytes,   11521840 total
[2024-05-20T10:01:13.210+0000][1][gc,age      ] GC(119) - age  15:     163488 bytes,   11685328 total
[2024-05-20T10:01:13.210+0000][1][gc,heap     ] GC(119) Eden regions: 602->0(601)
[2024-05-20T10:01:13.210+0000][1][gc,heap     ] GC(119) Survivor regions: 12->13(77)
[2024-05-20T10:01:13.210+0000][1][gc,heap     ] GC(119) Old regions: 43->41
[2024-05-20T10:01:13.211+0000][1][gc,heap     ] GC(119) Humongous regions: 3->3
[2024-05-20T10:01:13.211+0000][1][gc,metaspace] GC(119) Metaspace: 98880K(100800K)->98880K(100800K) NonClass: 86857K(87872K)->86857K(87872K) Class: 12023K(12928K)->12023K(12928K)
[2024-05-20T10:01:13.211+0000][1][gc          ] GC(119) Pause Young (Mixed) (G1 Evacuation Pause) 659M->55M(1024M) 12.278ms
[2024-05-20T10:01:13.211+0000][1][gc,cpu      ] GC(119) User=0.03s Sys=0.00s Real=0.01s
[2024-05-20T10:01:13.211+0000][1][safepoint   ] Safepoint "G1CollectForAllocation", Time since last: 1032936966078 ns, Reaching safepoint: 22773 ns, Cleanup: 6815 ns, At safepoint: 12372848 ns, Total: 12402436 ns
[2024-05-20T10:01:14.211+0000][1][safepoint   ] Safepoint "Cleanup", Time since last: 1000406130 ns, Reaching safepoint: 37419 ns, Cleanup: 22627 ns, At safepoint: 7790 ns, Total: 67836 ns
[2024-05-20T10:02:35.378+0000][1][safepoint   ] Safepoint "Cleanup", Time since last: 81167161391 ns, Reaching safepoint: 28943 ns, Cleanup: 11124 ns, At safepoint: 4429 ns, Total: 44496 ns
[2024-05-20T10:02:36.381+0000][1][safepoint   ] Safepoint "Cleanup", Time since last: 1003004846 ns, Reaching safepoint: 37375 ns, Cleanup: 23773 ns, At safepoint: 9013 ns, Total: 70161 ns
[2024-05-20T10:53:15.717+0000][1][safepoint   ] Safepoint "Cleanup", Time since last: 3039335728527 ns, Reaching safepoint: 78993 ns, Cleanup: 22681 ns, At safepoint: 3855 ns, Total: 105529 ns
[2024-05-20T11:00:49.929+0000][1][gc,start    ] GC(120) Pause Young (Concurrent Start) (G1 Evacuation Pause)
[2024-05-20T11:00:49.929+0000][1][gc,task     ] GC(120) Using 4 workers of 4 for evacuation
[2024-05-20T11:00:49.929+0000][1][gc,age      ] GC(120) Desired survivor size 40370176 bytes, new threshold 15 (max threshold 15)
[2024-05-20T11:00:49.947+0000][1][gc,phases   ] GC(120)   Pre Evacuate Collection Set: 0.5ms
[2024-05-20T11:00:49.947+0000][1][gc,phases   ] GC(120)   Merge Heap Roots: 0.2ms
[2024-05-20T11:00:49.947+0000][1][gc,phases   ] GC(120)   Evacuate Collection Set: 14.9ms
[2024-05-20T11:00:49.947+0000][1][gc,phases   ] GC(120)   Post Evacuate Collection Set: 1.9ms
[2024-05-20T11:00:49.947+0000][1][gc,phases   ] GC(120)   Other: 0.2ms
[2024-05-20T11:00:49.947+0000][1][gc,age      ] GC(120) Age table with threshold 15 (max threshold 15)
[2024-05-20T11:00:49.947+0000][1][gc,age      ] GC(120) - age   1:    4822488 bytes,    4822488 total
[2024-05-20T11:00:49.947+0000][1][gc,age      ] GC(120) - age   2:    2553400 bytes,    7375888 total
[2024-05-20T11:00:49.947+0000][1][gc,age      ] GC(120) - age   3:    2365128 bytes,    9741016 total
[2024-05-20T11:00:49.947+0000][1][gc,age      ] GC(120) - age   4:     829032 bytes,   10570048 total
[2024-05-20T11:00:49.947+0000][1][gc,age      ] GC(120) - age   5:     246464 bytes,   10816512 total
[2024-05-20T11:00:49.947+0000][1][gc,age      ] GC(120) - age   6:     394280 bytes,   11210792 total
[2024-05-20T11:00:49.947+0000][1][gc,age      ] GC(120) - age   7:     413920 bytes,   11624712 total
[2024-05-20T11:00:49.947+0000][1][gc,age      ] GC(120) - age   8:     147256 bytes,   11771968 total
[2024-05-20T11:00:49.947+0000][1][gc,age      ] GC(120) - age   9:     279928 bytes,   12051896 total
[2024-05-20T11:00:49.947+0000][1][gc,age      ] GC(120) - age  10:     180880 bytes,   12232776 total
[2024-05-20T11:00:49.947+0000][1][gc,age      ] GC(120) - age  11:     100568 bytes,   12333344 total
[2024-05-20T11:00:49.947+0000][1][gc,age      ] GC(120) - age  12:       1800 bytes,   12335144 total
[2024-05-20T11:00:49.947+0000][1][gc,age      ] GC(120) - age  13:      42496 bytes,   12377640 total
[2024-05-20T11:00:49.947+0000][1][gc,age      ] GC(120) - age  14:      10568 bytes,   12388208 total
[2024-05-20T11:00:49.947+0000][1][gc,age      ] GC(120) - age  15:      61320 bytes,   12449528 total
[2024-05-20T11:00:49.947+0000][1][gc,heap     ] GC(120) Eden regions: 601->0(600)
[2024-05-20T11:00:49.947+0000][1][gc,heap     ] GC(120) Survivor regions: 13->14(77)
[2024-05-20T11:00:49.947+0000][1][gc,heap     ] GC(120) Old regions: 41->41
[2024-05-20T11:00:49.947+0000][1][gc,heap     ] GC(120) Humongous regions: 3->3
[2024-05-20T11:00:49.947+0000][1][gc,metaspace] GC(120) Metaspace: 98881K(100800K)->98881K(100800K) NonClass: 86857K(87872K)->86857K(87872K) Class: 12023K(12928K)->12023K(12928K)
[2024-05-20T11:00:49.947+0000][1][gc          ] GC(120) Pause Young (Concurrent Start) (G1 Evacuation Pause) 656M->56M(1024M) 18.073ms
[2024-05-20T11:00:49.947+0000][1][gc          ] GC(121) Concurrent Mark Cycle
[2024-05-20T11:00:49.947+0000][1][gc,marking  ] GC(121) Concurrent Scan Root Regions
[2024-05-20T11:00:49.947+0000][1][gc,cpu      ] GC(120) User=0.04s Sys=0.00s Real=0.02s
[2024-05-20T11:00:49.947+0000][1][safepoint   ] Safepoint "G1CollectForAllocation", Time since last: 454211832396 ns, Reaching safepoint: 34102 ns, Cleanup: 6122 ns, At safepoint: 18348590 ns, Total: 18388814 ns
[2024-05-20T11:00:49.958+0000][1][gc,marking  ] GC(121) Concurrent Scan Root Regions 10.173ms
[2024-05-20T11:00:49.958+0000][1][gc,marking  ] GC(121) Concurrent Mark
[2024-05-20T11:00:49.958+0000][1][gc,marking  ] GC(121) Concurrent Mark From Roots
[2024-05-20T11:00:49.958+0000][1][gc,task     ] GC(121) Using 1 workers of 1 for marking
[2024-05-20T11:00:50.025+0000][1][gc,marking  ] GC(121) Concurrent Mark From Roots 67.049ms
[2024-05-20T11:00:50.025+0000][1][gc,marking  ] GC(121) Concurrent Preclean
[2024-05-20T11:00:50.025+0000][1][gc,marking  ] GC(121) Concurrent Preclean 0.261ms
[2024-05-20T11:00:50.025+0000][1][gc,start    ] GC(121) Pause Remark
[2024-05-20T11:00:50.037+0000][1][gc          ] GC(121) Pause Remark 58M->58M(1024M) 11.500ms
[2024-05-20T11:00:50.037+0000][1][gc,cpu      ] GC(121) User=0.02s Sys=0.00s Real=0.01s
[2024-05-20T11:00:50.037+0000][1][safepoint   ] Safepoint "G1PauseRemark", Time since last: 77578631 ns, Reaching safepoint: 27274 ns, Cleanup: 5307 ns, At safepoint: 11620986 ns, Total: 11653567 ns
[2024-05-20T11:00:50.037+0000][1][gc,marking  ] GC(121) Concurrent Mark 79.146ms
[2024-05-20T11:00:50.037+0000][1][gc,marking  ] GC(121) Concurrent Rebuild Remembered Sets and Scrub Regions
[2024-05-20T11:00:50.066+0000][1][gc,marking  ] GC(121) Concurrent Rebuild Remembered Sets and Scrub Regions 28.993ms
[2024-05-20T11:00:50.066+0000][1][gc,start    ] GC(121) Pause Cleanup
[2024-05-20T11:00:50.066+0000][1][gc          ] GC(121) Pause Cleanup 58M->58M(1024M) 0.237ms
[2024-05-20T11:00:50.066+0000][1][gc,cpu      ] GC(121) User=0.00s Sys=0.00s Real=0.00s
[2024-05-20T11:00:50.066+0000][1][safepoint   ] Safepoint "G1PauseCleanup", Time since last: 29173633 ns, Reaching safepoint: 20851 ns, Cleanup: 8062 ns, At safepoint: 303191 ns, Total: 332104 ns
[2024-05-20T11:00:50.066+0000][1][gc,marking  ] GC(121) Concurrent Clear Claimed Marks
[2024-05-20T11:00:50.066+0000][1][gc,marking  ] GC(121) Concurrent Clear Claimed Marks 0.117ms
[2024-05-20T11:00:50.066+0000][1][gc,marking  ] GC(121) Concurrent Cleanup for Next Mark
[2024-05-20T11:00:50.070+0000][1][gc,marking  ] GC(121) Concurrent Cleanup for Next Mark 3.470ms
[2024-05-20T11:00:50.070+0000][1][gc          ] GC(121) Concurrent Mark Cycle 122.682ms
[2024-05-20T11:41:55.941+0000][1][safepoint   ] Safepoint "Cleanup", Time since last: 2465874805105 ns, Reaching safepoint: 15385 ns, Cleanup: 14459 ns, At safepoint: 4484 ns, Total: 34328 ns
[2024-05-20T11:53:09.351+0000][1][gc,start    ] GC(122) Pause Young (Prepare Mixed) (G1 Evacuation Pause)
[2024-05-20T11:53:09.351+0000][1][gc,task     ] GC(122) Using 4 workers of 4 for evacuation
[2024-05-20T11:53:09.351+0000][1][gc,age      ] GC(122) Desired survivor size 40370176 bytes, new threshold 15 (max threshold 15)
[2024-05-20T11:53:09.362+0000][1][gc,phases   ] GC(122)   Pre Evacuate Collection Set: 0.4ms
[2024-05-20T11:53:09.362+0000][1][gc,phases   ] GC(122)   Merge Heap Roots: 0.2ms
[2024-05-20T11:53:09.362+0000][1][gc,phases   ] GC(122)   Evacuate Collection Set: 9.2ms
[2024-05-20T11:53:09.362+0000][1][gc,phases   ] GC(122)   Post Evacuate Collection Set: 1.3ms
[2024-05-20T11:53:09.362+0000][1][gc,phases   ] GC(122)   Other: 0.1ms
[2024-05-20T11:53:09.362+0000][1][gc,age      ] GC(122) Age table with threshold 15 (max threshold 15)
[2024-05-20T11:53:09.362+0000][1][gc,age      ] GC(122) - age   1:    3982968 bytes,    3982968 total
[2024-05-20T11:53:09.362+0000][1][gc,age      ] GC(122) - age   2:    3455016 bytes,    7437984 total
[2024-05-20T11:53:09.362+0000][1][gc,age      ] GC(122) - age   3:    1877792 bytes,    9315776 total
[2024-05-20T11:53:09.362+0000][1][gc,age      ] GC(122) - age   4:    1285920 bytes,   10601696 total
[2024-05-20T11:53:09.362+0000][1][gc,age      ] GC(122) - age   5:     593224 bytes,   11194920 total
[2024-05-20T11:53:09.362+0000][1][gc,age      ] GC(122) - age   6:     214608 bytes,   11409528 total
[2024-05-20T11:53:09.362+0000][1][gc,age      ] GC(122) - age   7:     295664 bytes,   11705192 total
[2024-05-20T11:53:09.362+0000][1][gc,age      ] GC(122) - age   8:     331088 bytes,   12036280 total
[2024-05-20T11:53:09.362+0000][1][gc,age      ] GC(122) - age   9:     116448 bytes,   12152728 total
[2024-05-20T11:53:09.362+0000][1][gc,age      ] GC(122) - age  10:     279928 bytes,   12432656 total
[2024-05-20T11:53:09.362+0000][1][gc,age      ] GC(122) - age  11:     180880 bytes,   12613536 total
[2024-05-20T11:53:09.362+0000][1][gc,age      ] GC(122) - age  12:      98848 bytes,   12712384 total
[2024-05-20T11:53:09.362+0000][1][gc,age      ] GC(122) - age  13:       1800 bytes,   12714184 total
[2024-05-20T11:53:09.362+0000][1][gc,age      ] GC(122) - age  14:      42496 bytes,   12756680 total
[2024-05-20T11:53:09.362+0000][1][gc,age      ] GC(122) - age  15:      10568 bytes,   12767248 total
[2024-05-20T11:53:09.362+0000][1][gc,heap     ] GC(122) Eden regions: 600->0(601)
[2024-05-20T11:53:09.362+0000][1][gc,heap     ] GC(122) Survivor regions: 14->13(77)
[2024-05-20T11:53:09.362+0000][1][gc,heap     ] GC(122) Old regions: 41->41
[2024-05-20T11:53:09.362+0000][1][gc,heap     ] GC(122) Humongous regions: 3->3
[2024-05-20T11:53:09.362+0000][1][gc,metaspace] GC(122) Metaspace: 98881K(100800K)->98881K(100800K) NonClass: 86857K(87872K)->86857K(87872K) Class: 12023K(12928K)->12023K(12928K)
[2024-05-20T11:53:09.362+0000][1][gc          ] GC(122) Pause Young (Prepare Mixed) (G1 Evacuation Pause) 656M->56M(1024M) 11.591ms
[2024-05-20T11:53:09.362+0000][1][gc,cpu      ] GC(122) User=0.04s Sys=0.01s Real=0.01s
[2024-05-20T11:53:09.362+0000][1][safepoint   ] Safepoint "G1CollectForAllocation", Time since last: 673409730124 ns, Reaching safepoint: 58372 ns, Cleanup: 7130 ns, At safepoint: 11690626 ns, Total: 11756128 ns
[2024-05-20T12:33:07.120+0000][1][safepoint   ] Safepoint "Cleanup", Time since last: 2397757160803 ns, Reaching safepoint: 36678 ns, Cleanup: 26029 ns, At safepoint: 8685 ns, Total: 71392 ns
[2024-05-20T12:43:21.173+0000][1][safepoint   ] Safepoint "Cleanup", Time since last: 614053053161 ns, Reaching safepoint: 96374 ns, Cleanup: 9726 ns, At safepoint: 3541 ns, Total: 109641 ns
[2024-05-20T12:47:11.311+0000][1][gc,start    ] GC(123) Pause Young (Mixed) (G1 Evacuation Pause)
[2024-05-20T12:47:11.311+0000][1][gc,task     ] GC(123) Using 4 workers of 4 for evacuation
[2024-05-20T12:47:11.311+0000][1][gc,age      ] GC(123) Desired survivor size 40370176 bytes, new threshold 15 (max threshold 15)
[2024-05-20T12:47:11.323+0000][1][gc,phases   ] GC(123)   Pre Evacuate Collection Set: 0.4ms
[2024-05-20T12:47:11.323+0000][1][gc,phases   ] GC(123)   Merge Heap Roots: 0.2ms
[2024-05-20T12:47:11.323+0000][1][gc,phases   ] GC(123)   Evacuate Collection Set: 9.1ms
[2024-05-20T12:47:11.323+0000][1][gc,phases   ] GC(123)   Post Evacuate Collection Set: 1.3ms
[2024-05-20T12:47:11.323+0000][1][gc,phases   ] GC(123)   Other: 0.1ms
[2024-05-20T12:47:11.323+0000][1][gc,age      ] GC(123) Age table with threshold 15 (max threshold 15)
[2024-05-20T12:47:11.323+0000][1][gc,age      ] GC(123) - age   1:    3545912 bytes,    3545912 total
[2024-05-20T12:47:11.323+0000][1][gc,age      ] GC(123) - age   2:    2822280 bytes,    6368192 total
[2024-05-20T12:47:11.323+0000][1][gc,age      ] GC(123) - age   3:    2757888 bytes,    9126080 total
[2024-05-20T12:47:11.323+0000][1][gc,age      ] GC(123) - age   4:     454112 bytes,    9580192 total
[2024-05-20T12:47:11.323+0000][1][gc,age      ] GC(123) - age   5:    1227440 bytes,   10807632 total
[2024-05-20T12:47:11.323+0000][1][gc,age      ] GC(123) - age   6:     592360 bytes,   11399992 total
[2024-05-20T12:47:11.323+0000][1][gc,age      ] GC(123) - age   7:     107568 bytes,   11507560 total
[2024-05-20T12:47:11.323+0000][1][gc,age      ] GC(123) - age   8:     190976 bytes,   11698536 total
[2024-05-20T12:47:11.323+0000][1][gc,age      ] GC(123) - age   9:     259328 bytes,   11957864 total
[2024-05-20T12:47:11.323+0000][1][gc,age      ] GC(123) - age  10:     116448 bytes,   12074312 total
[2024-05-20T12:47:11.323+0000][1][gc,age      ] GC(123) - age  11:     279928 bytes,   12354240 total
[2024-05-20T12:47:11.323+0000][1][gc,age      ] GC(123) - age  12:     180216 bytes,   12534456 total
[2024-05-20T12:47:11.323+0000][1][gc,age      ] GC(123) - age  13:      98848 bytes,   12633304 total
[2024-05-20T12:47:11.323+0000][1][gc,age      ] GC(123) - age  14:       1800 bytes,   12635104 total
[2024-05-20T12:47:11.323+0000][1][gc,age      ] GC(123) - age  15:      42496 bytes,   12677600 total
[2024-05-20T12:47:11.323+0000][1][gc,heap     ] GC(123) Eden regions: 601->0(601)
[2024-05-20T12:47:11.323+0000][1][gc,heap     ] GC(123) Survivor regions: 13->13(77)
[2024-05-20T12:47:11.323+0000][1][gc,heap     ] GC(123) Old regions: 41->39
[2024-05-20T12:47:11.323+0000][1][gc,heap     ] GC(123) Humongous regions: 3->3
[2024-05-20T12:47:11.323+0000][1][gc,metaspace] GC(123) Metaspace: 98882K(100800K)->98882K(100800K) NonClass: 86858K(87872K)->86858K(87872K) Class: 12023K(12928K)->12023K(12928K)
[2024-05-20T12:47:11.323+0000][1][gc          ] GC(123) Pause Young (Mixed) (G1 Evacuation Pause) 657M->54M(1024M) 11.528ms
[2024-05-20T12:47:11.323+0000][1][gc,cpu      ] GC(123) User=0.04s Sys=0.01s Real=0.01s
[2024-05-20T12:47:11.323+0000][1][safepoint   ] Safepoint "G1CollectForAllocation", Time since last: 230138417092 ns, Reaching safepoint: 57106 ns, Cleanup: 6747 ns, At safepoint: 11640021 ns, Total: 11703874 ns
[2024-05-20T12:48:26.198+0000][1][safepoint   ] Safepoint "Cleanup", Time since last: 74874798219 ns, Reaching safepoint: 8376 ns, Cleanup: 10989 ns, At safepoint: 3098 ns, Total: 22463 ns
[2024-05-20T13:01:41.351+0000][1][safepoint   ] Safepoint "Cleanup", Time since last: 795152936935 ns, Reaching safepoint: 80631 ns, Cleanup: 10028 ns, At safepoint: 3926 ns, Total: 94585 ns
[2024-05-20T13:04:36.280+0000][1][safepoint   ] Safepoint "Cleanup", Time since last: 174929509589 ns, Reaching safepoint: 101353 ns, Cleanup: 6552 ns, At safepoint: 8796 ns, Total: 116701 ns
[2024-05-20T13:05:39.098+0000][1][safepoint   ] Safepoint "Cleanup", Time since last: 62817363801 ns, Reaching safepoint: 101272 ns, Cleanup: 22588 ns, At safepoint: 15802 ns, Total: 139662 ns
[2024-05-20T13:16:02.337+0000][1][safepoint   ] Safepoint "Cleanup", Time since last: 623239117085 ns, Reaching safepoint: 37516 ns, Cleanup: 22872 ns, At safepoint: 7558 ns, Total: 67946 ns
[2024-05-20T13:36:32.251+0000][1][gc,start    ] GC(124) Pause Young (Concurrent Start) (G1 Evacuation Pause)
[2024-05-20T13:36:32.251+0000][1][gc,task     ] GC(124) Using 4 workers of 4 for evacuation
[2024-05-20T13:36:32.251+0000][1][gc,age      ] GC(124) Desired survivor size 40370176 bytes, new threshold 15 (max threshold 15)
[2024-05-20T13:36:32.262+0000][1][gc,phases   ] GC(124)   Pre Evacuate Collection Set: 0.4ms
[2024-05-20T13:36:32.262+0000][1][gc,phases   ] GC(124)   Merge Heap Roots: 0.1ms
[2024-05-20T13:36:32.262+0000][1][gc,phases   ] GC(124)   Evacuate Collection Set: 9.2ms
[2024-05-20T13:36:32.262+0000][1][gc,phases   ] GC(124)   Post Evacuate Collection Set: 1.4ms
[2024-05-20T13:36:32.262+0000][1][gc,phases   ] GC(124)   Other: 0.1ms
[2024-05-20T13:36:32.262+0000][1][gc,age      ] GC(124) Age table with threshold 15 (max threshold 15)
[2024-05-20T13:36:32.262+0000][1][gc,age      ] GC(124) - age   1:    4224784 bytes,    4224784 total
[2024-05-20T13:36:32.262+0000][1][gc,age      ] GC(124) - age   2:    2548352 bytes,    6773136 total
[2024-05-20T13:36:32.262+0000][1][gc,age      ] GC(124) - age   3:    1980304 bytes,    8753440 total
[2024-05-20T13:36:32.262+0000][1][gc,age      ] GC(124) - age   4:     792056 bytes,    9545496 total
[2024-05-20T13:36:32.262+0000][1][gc,age      ] GC(124) - age   5:     385320 bytes,    9930816 total
[2024-05-20T13:36:32.262+0000][1][gc,age      ] GC(124) - age   6:    1060264 bytes,   10991080 total
[2024-05-20T13:36:32.262+0000][1][gc,age      ] GC(124) - age   7:     343048 bytes,   11334128 total
[2024-05-20T13:36:32.262+0000][1][gc,age      ] GC(124) - age   8:      72016 bytes,   11406144 total
[2024-05-20T13:36:32.262+0000][1][gc,age      ] GC(124) - age   9:     190976 bytes,   11597120 total
[2024-05-20T13:36:32.262+0000][1][gc,age      ] GC(124) - age  10:     258352 bytes,   11855472 total
[2024-05-20T13:36:32.262+0000][1][gc,age      ] GC(124) - age  11:     116448 bytes,   11971920 total
[2024-05-20T13:36:32.262+0000][1][gc,age      ] GC(124) - age  12:     249136 bytes,   12221056 total
[2024-05-20T13:36:32.262+0000][1][gc,age      ] GC(124) - age  13:     180216 bytes,   12401272 total
[2024-05-20T13:36:32.262+0000][1][gc,age      ] GC(124) - age  14:      68056 bytes,   12469328 total
[2024-05-20T13:36:32.262+0000][1][gc,age      ] GC(124) - age  15:       1800 bytes,   12471128 total
[2024-05-20T13:36:32.262+0000][1][gc,heap     ] GC(124) Eden regions: 601->0(601)
[2024-05-20T13:36:32.262+0000][1][gc,heap     ] GC(124) Survivor regions: 13->13(77)
[2024-05-20T13:36:32.262+0000][1][gc,heap     ] GC(124) Old regions: 39->39
[2024-05-20T13:36:32.262+0000][1][gc,heap     ] GC(124) Humongous regions: 3->3
[2024-05-20T13:36:32.262+0000][1][gc,metaspace] GC(124) Metaspace: 98882K(100800K)->98882K(100800K) NonClass: 86858K(87872K)->86858K(87872K) Class: 12023K(12928K)->12023K(12928K)
[2024-05-20T13:36:32.262+0000][1][gc          ] GC(124) Pause Young (Concurrent Start) (G1 Evacuation Pause) 655M->54M(1024M) 11.646ms
[2024-05-20T13:36:32.262+0000][1][gc          ] GC(125) Concurrent Mark Cycle
[2024-05-20T13:36:32.262+0000][1][gc,marking  ] GC(125) Concurrent Scan Root Regions
[2024-05-20T13:36:32.262+0000][1][gc,cpu      ] GC(124) User=0.04s Sys=0.01s Real=0.01s
[2024-05-20T13:36:32.262+0000][1][safepoint   ] Safepoint "G1CollectForAllocation", Time since last: 1229913272696 ns, Reaching safepoint: 56442 ns, Cleanup: 5843 ns, At safepoint: 11786670 ns, Total: 11848955 ns
[2024-05-20T13:36:32.270+0000][1][gc,marking  ] GC(125) Concurrent Scan Root Regions 8.204ms
[2024-05-20T13:36:32.271+0000][1][gc,marking  ] GC(125) Concurrent Mark
[2024-05-20T13:36:32.271+0000][1][gc,marking  ] GC(125) Concurrent Mark From Roots
[2024-05-20T13:36:32.271+0000][1][gc,task     ] GC(125) Using 1 workers of 1 for marking
[2024-05-20T13:36:32.337+0000][1][gc,marking  ] GC(125) Concurrent Mark From Roots 65.979ms
[2024-05-20T13:36:32.337+0000][1][gc,marking  ] GC(125) Concurrent Preclean
[2024-05-20T13:36:32.337+0000][1][gc,marking  ] GC(125) Concurrent Preclean 0.237ms
[2024-05-20T13:36:32.337+0000][1][gc,start    ] GC(125) Pause Remark
[2024-05-20T13:36:32.351+0000][1][gc          ] GC(125) Pause Remark 55M->55M(1024M) 13.720ms
[2024-05-20T13:36:32.351+0000][1][gc,cpu      ] GC(125) User=0.02s Sys=0.00s Real=0.01s
[2024-05-20T13:36:32.351+0000][1][safepoint   ] Safepoint "G1PauseRemark", Time since last: 74617931 ns, Reaching safepoint: 27246 ns, Cleanup: 5409 ns, At safepoint: 13843783 ns, Total: 13876438 ns
[2024-05-20T13:36:32.351+0000][1][gc,marking  ] GC(125) Concurrent Mark 80.339ms
[2024-05-20T13:36:32.351+0000][1][gc,marking  ] GC(125) Concurrent Rebuild Remembered Sets and Scrub Regions
[2024-05-20T13:36:32.379+0000][1][gc,marking  ] GC(125) Concurrent Rebuild Remembered Sets and Scrub Regions 28.067ms
[2024-05-20T13:36:32.379+0000][1][gc,start    ] GC(125) Pause Cleanup
[2024-05-20T13:36:32.379+0000][1][gc          ] GC(125) Pause Cleanup 55M->55M(1024M) 0.264ms
[2024-05-20T13:36:32.379+0000][1][gc,cpu      ] GC(125) User=0.00s Sys=0.00s Real=0.00s
[2024-05-20T13:36:32.379+0000][1][safepoint   ] Safepoint "G1PauseCleanup", Time since last: 28285042 ns, Reaching safepoint: 37328 ns, Cleanup: 24799 ns, At safepoint: 341823 ns, Total: 403950 ns
[2024-05-20T13:36:32.380+0000][1][gc,marking  ] GC(125) Concurrent Clear Claimed Marks
[2024-05-20T13:36:32.380+0000][1][gc,marking  ] GC(125) Concurrent Clear Claimed Marks 0.110ms
[2024-05-20T13:36:32.380+0000][1][gc,marking  ] GC(125) Concurrent Cleanup for Next Mark
[2024-05-20T13:36:32.383+0000][1][gc,marking  ] GC(125) Concurrent Cleanup for Next Mark 3.212ms
[2024-05-20T13:36:32.383+0000][1][gc          ] GC(125) Concurrent Mark Cycle 120.814ms
[2024-05-20T13:41:32.493+0000][1][safepoint   ] Safepoint "Cleanup", Time since last: 300113550054 ns, Reaching safepoint: 89197 ns, Cleanup: 41863 ns, At safepoint: 4459 ns, Total: 135519 ns
[2024-05-20T13:41:33.346+0000][1][safepoint   ] Safepoint "ICBufferFull", Time since last: 852235099 ns, Reaching safepoint: 27705 ns, Cleanup: 102368 ns, At safepoint: 6431 ns, Total: 136504 ns
[2024-05-20T13:41:35.190+0000][1][safepoint   ] Safepoint "Cleanup", Time since last: 1843838453 ns, Reaching safepoint: 65334 ns, Cleanup: 59993 ns, At safepoint: 4392 ns, Total: 129719 ns
[2024-05-20T13:41:36.275+0000][1][safepoint   ] Safepoint "Cleanup", Time since last: 1085450477 ns, Reaching safepoint: 28108 ns, Cleanup: 63645 ns, At safepoint: 4090 ns, Total: 95843 ns
[2024-05-20T13:41:38.166+0000][1][safepoint   ] Safepoint "Cleanup", Time since last: 1890404136 ns, Reaching safepoint: 37447 ns, Cleanup: 111592 ns, At safepoint: 7051 ns, Total: 156090 ns
[2024-05-20T13:41:41.197+0000][1][safepoint   ] Safepoint "Cleanup", Time since last: 3031736360 ns, Reaching safepoint: 33087 ns, Cleanup: 9418 ns, At safepoint: 2290 ns, Total: 44795 ns
[2024-05-20T13:41:42.227+0000][1][safepoint   ] Safepoint "Cleanup", Time since last: 1029244451 ns, Reaching safepoint: 33120 ns, Cleanup: 47850 ns, At safepoint: 5493 ns, Total: 86463 ns
[2024-05-20T13:41:43.227+0000][1][safepoint   ] Safepoint "Cleanup", Time since last: 1000407128 ns, Reaching safepoint: 63934 ns, Cleanup: 46409 ns, At safepoint: 9331 ns, Total: 119674 ns
[2024-05-20T13:41:48.238+0000][1][safepoint   ] Safepoint "Cleanup", Time since last: 5010699573 ns, Reaching safepoint: 31216 ns, Cleanup: 70856 ns, At safepoint: 6424 ns, Total: 108496 ns
[2024-05-20T13:41:51.214+0000][1][safepoint   ] Safepoint "Cleanup", Time since last: 2976079943 ns, Reaching safepoint: 40144 ns, Cleanup: 43062 ns, At safepoint: 28409 ns, Total: 111615 ns
[2024-05-20T13:41:52.215+0000][1][safepoint   ] Safepoint "Cleanup", Time since last: 1000276777 ns, Reaching safepoint: 30173 ns, Cleanup: 23229 ns, At safepoint: 10296 ns, Total: 63698 ns
[2024-05-20T13:41:52.831+0000][1][gc,start    ] GC(126) Pause Young (Prepare Mixed) (G1 Evacuation Pause)
[2024-05-20T13:41:52.831+0000][1][gc,task     ] GC(126) Using 4 workers of 4 for evacuation
[2024-05-20T13:41:52.831+0000][1][gc,age      ] GC(126) Desired survivor size 40370176 bytes, new threshold 15 (max threshold 15)
[2024-05-20T13:41:52.845+0000][1][gc,phases   ] GC(126)   Pre Evacuate Collection Set: 0.5ms
[2024-05-20T13:41:52.846+0000][1][gc,phases   ] GC(126)   Merge Heap Roots: 0.3ms
[2024-05-20T13:41:52.846+0000][1][gc,phases   ] GC(126)   Evacuate Collection Set: 11.9ms
[2024-05-20T13:41:52.846+0000][1][gc,phases   ] GC(126)   Post Evacuate Collection Set: 1.8ms
[2024-05-20T13:41:52.846+0000][1][gc,phases   ] GC(126)   Other: 0.1ms
[2024-05-20T13:41:52.846+0000][1][gc,age      ] GC(126) Age table with threshold 15 (max threshold 15)
[2024-05-20T13:41:52.846+0000][1][gc,age      ] GC(126) - age   1:    5047848 bytes,    5047848 total
[2024-05-20T13:41:52.846+0000][1][gc,age      ] GC(126) - age   2:    1944776 bytes,    6992624 total
[2024-05-20T13:41:52.846+0000][1][gc,age      ] GC(126) - age   3:    1649784 bytes,    8642408 total
[2024-05-20T13:41:52.846+0000][1][gc,age      ] GC(126) - age   4:    1352632 bytes,    9995040 total
[2024-05-20T13:41:52.846+0000][1][gc,age      ] GC(126) - age   5:     348368 bytes,   10343408 total
[2024-05-20T13:41:52.846+0000][1][gc,age      ] GC(126) - age   6:     278384 bytes,   10621792 total
[2024-05-20T13:41:52.846+0000][1][gc,age      ] GC(126) - age   7:     658408 bytes,   11280200 total
[2024-05-20T13:41:52.846+0000][1][gc,age      ] GC(126) - age   8:     180504 bytes,   11460704 total
[2024-05-20T13:41:52.846+0000][1][gc,age      ] GC(126) - age   9:      41848 bytes,   11502552 total
[2024-05-20T13:41:52.846+0000][1][gc,age      ] GC(126) - age  10:     131120 bytes,   11633672 total
[2024-05-20T13:41:52.846+0000][1][gc,age      ] GC(126) - age  11:     109424 bytes,   11743096 total
[2024-05-20T13:41:52.846+0000][1][gc,age      ] GC(126) - age  12:      74344 bytes,   11817440 total
[2024-05-20T13:41:52.846+0000][1][gc,age      ] GC(126) - age  13:     215976 bytes,   12033416 total
[2024-05-20T13:41:52.846+0000][1][gc,age      ] GC(126) - age  14:     118616 bytes,   12152032 total
[2024-05-20T13:41:52.846+0000][1][gc,age      ] GC(126) - age  15:      67864 bytes,   12219896 total
[2024-05-20T13:41:52.846+0000][1][gc,heap     ] GC(126) Eden regions: 601->0(601)
[2024-05-20T13:41:52.846+0000][1][gc,heap     ] GC(126) Survivor regions: 13->13(77)
[2024-05-20T13:41:52.846+0000][1][gc,heap     ] GC(126) Old regions: 39->39
[2024-05-20T13:41:52.846+0000][1][gc,heap     ] GC(126) Humongous regions: 3->3
[2024-05-20T13:41:52.846+0000][1][gc,metaspace] GC(126) Metaspace: 98885K(100800K)->98885K(100800K) NonClass: 86861K(87872K)->86861K(87872K) Class: 12023K(12928K)->12023K(12928K)
[2024-05-20T13:41:52.846+0000][1][gc          ] GC(126) Pause Young (Prepare Mixed) (G1 Evacuation Pause) 655M->54M(1024M) 15.089ms
[2024-05-20T13:41:52.846+0000][1][gc,cpu      ] GC(126) User=0.03s Sys=0.01s Real=0.02s
[2024-05-20T13:41:52.846+0000][1][safepoint   ] Safepoint "G1CollectForAllocation", Time since last: 615906301 ns, Reaching safepoint: 134369 ns, Cleanup: 42102 ns, At safepoint: 15194762 ns, Total: 15371233 ns
[2024-05-20T13:41:59.226+0000][1][safepoint   ] Safepoint "Cleanup", Time since last: 6380224697 ns, Reaching safepoint: 60916 ns, Cleanup: 27904 ns, At safepoint: 36094 ns, Total: 124914 ns
[2024-05-20T13:57:31.713+0000][1][safepoint   ] Safepoint "Cleanup", Time since last: 932486473098 ns, Reaching safepoint: 27701 ns, Cleanup: 15405 ns, At safepoint: 4460 ns, Total: 47566 ns
[2024-05-20T13:57:32.808+0000][1][safepoint   ] Safepoint "Cleanup", Time since last: 1094818250 ns, Reaching safepoint: 47070 ns, Cleanup: 40548 ns, At safepoint: 5115 ns, Total: 92733 ns
[2024-05-20T13:57:36.801+0000][1][safepoint   ] Safepoint "Cleanup", Time since last: 3993343769 ns, Reaching safepoint: 37534 ns, Cleanup: 24897 ns, At safepoint: 8661 ns, Total: 71092 ns
[2024-05-20T13:58:16.790+0000][1][safepoint   ] Safepoint "Cleanup", Time since last: 39989115054 ns, Reaching safepoint: 37107 ns, Cleanup: 23586 ns, At safepoint: 7652 ns, Total: 68345 ns
[2024-05-20T14:19:01.084+0000][1][gc,start    ] GC(127) Pause Young (Mixed) (G1 Evacuation Pause)
[2024-05-20T14:19:01.084+0000][1][gc,task     ] GC(127) Using 4 workers of 4 for evacuation
[2024-05-20T14:19:01.084+0000][1][gc,age      ] GC(127) Desired survivor size 40370176 bytes, new threshold 15 (max threshold 15)
[2024-05-20T14:19:01.096+0000][1][gc,phases   ] GC(127)   Pre Evacuate Collection Set: 0.5ms
[2024-05-20T14:19:01.096+0000][1][gc,phases   ] GC(127)   Merge Heap Roots: 0.2ms
[2024-05-20T14:19:01.096+0000][1][gc,phases   ] GC(127)   Evacuate Collection Set: 9.9ms
[2024-05-20T14:19:01.096+0000][1][gc,phases   ] GC(127)   Post Evacuate Collection Set: 1.5ms
[2024-05-20T14:19:01.096+0000][1][gc,phases   ] GC(127)   Other: 0.1ms
[2024-05-20T14:19:01.096+0000][1][gc,age      ] GC(127) Age table with threshold 15 (max threshold 15)
[2024-05-20T14:19:01.096+0000][1][gc,age      ] GC(127) - age   1:    6212712 bytes,    6212712 total
[2024-05-20T14:19:01.096+0000][1][gc,age      ] GC(127) - age   2:     956552 bytes,    7169264 total
[2024-05-20T14:19:01.096+0000][1][gc,age      ] GC(127) - age   3:    1819032 bytes,    8988296 total
[2024-05-20T14:19:01.096+0000][1][gc,age      ] GC(127) - age   4:    1518544 bytes,   10506840 total
[2024-05-20T14:19:01.096+0000][1][gc,age      ] GC(127) - age   5:     370176 bytes,   10877016 total
[2024-05-20T14:19:01.096+0000][1][gc,age      ] GC(127) - age   6:     257744 bytes,   11134760 total
[2024-05-20T14:19:01.096+0000][1][gc,age      ] GC(127) - age   7:     214112 bytes,   11348872 total
[2024-05-20T14:19:01.096+0000][1][gc,age      ] GC(127) - age   8:     450328 bytes,   11799200 total
[2024-05-20T14:19:01.096+0000][1][gc,age      ] GC(127) - age   9:     177960 bytes,   11977160 total
[2024-05-20T14:19:01.096+0000][1][gc,age      ] GC(127) - age  10:      40072 bytes,   12017232 total
[2024-05-20T14:19:01.096+0000][1][gc,age      ] GC(127) - age  11:      70240 bytes,   12087472 total
[2024-05-20T14:19:01.096+0000][1][gc,age      ] GC(127) - age  12:      74000 bytes,   12161472 total
[2024-05-20T14:19:01.096+0000][1][gc,age      ] GC(127) - age  13:       4496 bytes,   12165968 total
[2024-05-20T14:19:01.096+0000][1][gc,age      ] GC(127) - age  14:     125992 bytes,   12291960 total
[2024-05-20T14:19:01.096+0000][1][gc,age      ] GC(127) - age  15:      86952 bytes,   12378912 total
[2024-05-20T14:19:01.096+0000][1][gc,heap     ] GC(127) Eden regions: 601->0(601)
[2024-05-20T14:19:01.096+0000][1][gc,heap     ] GC(127) Survivor regions: 13->13(77)
[2024-05-20T14:19:01.096+0000][1][gc,heap     ] GC(127) Old regions: 39->38
[2024-05-20T14:19:01.096+0000][1][gc,heap     ] GC(127) Humongous regions: 3->3
[2024-05-20T14:19:01.096+0000][1][gc,metaspace] GC(127) Metaspace: 98888K(100800K)->98888K(100800K) NonClass: 86864K(87872K)->86864K(87872K) Class: 12023K(12928K)->12023K(12928K)
[2024-05-20T14:19:01.096+0000][1][gc          ] GC(127) Pause Young (Mixed) (G1 Evacuation Pause) 655M->53M(1024M) 12.672ms
[2024-05-20T14:19:01.096+0000][1][gc,cpu      ] GC(127) User=0.04s Sys=0.01s Real=0.01s
[2024-05-20T14:19:01.096+0000][1][safepoint   ] Safepoint "G1CollectForAllocation", Time since last: 1244293378196 ns, Reaching safepoint: 23791 ns, Cleanup: 6184 ns, At safepoint: 12764532 ns, Total: 12794507 ns
[2024-05-20T14:21:12.662+0000][1][safepoint   ] Safepoint "Cleanup", Time since last: 131565238424 ns, Reaching safepoint: 37096 ns, Cleanup: 23724 ns, At safepoint: 9384 ns, Total: 70204 ns
[2024-05-20T14:35:22.716+0000][1][safepoint   ] Safepoint "Cleanup", Time since last: 850054371086 ns, Reaching safepoint: 97859 ns, Cleanup: 23173 ns, At safepoint: 8169 ns, Total: 129201 ns
[2024-05-20T14:45:26.855+0000][1][safepoint   ] Safepoint "Cleanup", Time since last: 604138936019 ns, Reaching safepoint: 83522 ns, Cleanup: 10525 ns, At safepoint: 4127 ns, Total: 98174 ns
[2024-05-20T14:45:56.861+0000][1][safepoint   ] Safepoint "Cleanup", Time since last: 30006188623 ns, Reaching safepoint: 8135 ns, Cleanup: 9699 ns, At safepoint: 3141 ns, Total: 20975 ns
[2024-05-20T15:05:12.239+0000][1][gc,start    ] GC(128) Pause Young (Concurrent Start) (G1 Evacuation Pause)
[2024-05-20T15:05:12.239+0000][1][gc,task     ] GC(128) Using 4 workers of 4 for evacuation
[2024-05-20T15:05:12.239+0000][1][gc,age      ] GC(128) Desired survivor size 40370176 bytes, new threshold 15 (max threshold 15)
[2024-05-20T15:05:12.250+0000][1][gc,phases   ] GC(128)   Pre Evacuate Collection Set: 0.5ms
[2024-05-20T15:05:12.250+0000][1][gc,phases   ] GC(128)   Merge Heap Roots: 0.2ms
[2024-05-20T15:05:12.250+0000][1][gc,phases   ] GC(128)   Evacuate Collection Set: 8.3ms
[2024-05-20T15:05:12.250+0000][1][gc,phases   ] GC(128)   Post Evacuate Collection Set: 1.3ms
[2024-05-20T15:05:12.250+0000][1][gc,phases   ] GC(128)   Other: 0.2ms
[2024-05-20T15:05:12.250+0000][1][gc,age      ] GC(128) Age table with threshold 15 (max threshold 15)
[2024-05-20T15:05:12.250+0000][1][gc,age      ] GC(128) - age   1:    3933144 bytes,    3933144 total
[2024-05-20T15:05:12.250+0000][1][gc,age      ] GC(128) - age   2:    3969104 bytes,    7902248 total
[2024-05-20T15:05:12.250+0000][1][gc,age      ] GC(128) - age   3:     836480 bytes,    8738728 total
[2024-05-20T15:05:12.250+0000][1][gc,age      ] GC(128) - age   4:    1624232 bytes,   10362960 total
[2024-05-20T15:05:12.250+0000][1][gc,age      ] GC(128) - age   5:     302504 bytes,   10665464 total
[2024-05-20T15:05:12.250+0000][1][gc,age      ] GC(128) - age   6:     295160 bytes,   10960624 total
[2024-05-20T15:05:12.250+0000][1][gc,age      ] GC(128) - age   7:     188768 bytes,   11149392 total
[2024-05-20T15:05:12.250+0000][1][gc,age      ] GC(128) - age   8:      37064 bytes,   11186456 total
[2024-05-20T15:05:12.250+0000][1][gc,age      ] GC(128) - age   9:     315960 bytes,   11502416 total
[2024-05-20T15:05:12.250+0000][1][gc,age      ] GC(128) - age  10:     106192 bytes,   11608608 total
[2024-05-20T15:05:12.250+0000][1][gc,age      ] GC(128) - age  11:      40072 bytes,   11648680 total
[2024-05-20T15:05:12.250+0000][1][gc,age      ] GC(128) - age  12:      70240 bytes,   11718920 total
[2024-05-20T15:05:12.250+0000][1][gc,age      ] GC(128) - age  13:      34376 bytes,   11753296 total
[2024-05-20T15:05:12.250+0000][1][gc,age      ] GC(128) - age  14:       4496 bytes,   11757792 total
[2024-05-20T15:05:12.250+0000][1][gc,age      ] GC(128) - age  15:      95200 bytes,   11852992 total
[2024-05-20T15:05:12.250+0000][1][gc,heap     ] GC(128) Eden regions: 601->0(601)
[2024-05-20T15:05:12.250+0000][1][gc,heap     ] GC(128) Survivor regions: 13->13(77)
[2024-05-20T15:05:12.250+0000][1][gc,heap     ] GC(128) Old regions: 38->38
[2024-05-20T15:05:12.250+0000][1][gc,heap     ] GC(128) Humongous regions: 3->3
[2024-05-20T15:05:12.250+0000][1][gc,metaspace] GC(128) Metaspace: 98888K(100800K)->98888K(100800K) NonClass: 86865K(87872K)->86865K(87872K) Class: 12023K(12928K)->12023K(12928K)
[2024-05-20T15:05:12.250+0000][1][gc          ] GC(128) Pause Young (Concurrent Start) (G1 Evacuation Pause) 654M->53M(1024M) 11.037ms
[2024-05-20T15:05:12.250+0000][1][gc          ] GC(129) Concurrent Mark Cycle
[2024-05-20T15:05:12.250+0000][1][gc,marking  ] GC(129) Concurrent Scan Root Regions
[2024-05-20T15:05:12.250+0000][1][gc,cpu      ] GC(128) User=0.03s Sys=0.00s Real=0.01s
[2024-05-20T15:05:12.251+0000][1][safepoint   ] Safepoint "G1CollectForAllocation", Time since last: 1155377808089 ns, Reaching safepoint: 55140 ns, Cleanup: 6368 ns, At safepoint: 11174955 ns, Total: 11236463 ns
[2024-05-20T15:05:12.259+0000][1][gc,marking  ] GC(129) Concurrent Scan Root Regions 8.059ms
[2024-05-20T15:05:12.259+0000][1][gc,marking  ] GC(129) Concurrent Mark
[2024-05-20T15:05:12.259+0000][1][gc,marking  ] GC(129) Concurrent Mark From Roots
[2024-05-20T15:05:12.259+0000][1][gc,task     ] GC(129) Using 1 workers of 1 for marking
[2024-05-20T15:05:12.324+0000][1][gc,marking  ] GC(129) Concurrent Mark From Roots 64.968ms
[2024-05-20T15:05:12.324+0000][1][gc,marking  ] GC(129) Concurrent Preclean
[2024-05-20T15:05:12.324+0000][1][gc,marking  ] GC(129) Concurrent Preclean 0.232ms
[2024-05-20T15:05:12.324+0000][1][gc,start    ] GC(129) Pause Remark
[2024-05-20T15:05:12.331+0000][1][gc          ] GC(129) Pause Remark 55M->55M(1024M) 7.306ms
[2024-05-20T15:05:12.331+0000][1][gc,cpu      ] GC(129) User=0.02s Sys=0.00s Real=0.00s
[2024-05-20T15:05:12.331+0000][1][safepoint   ] Safepoint "G1PauseRemark", Time since last: 73402843 ns, Reaching safepoint: 27807 ns, Cleanup: 4977 ns, At safepoint: 7456739 ns, Total: 7489523 ns
[2024-05-20T15:05:12.331+0000][1][gc,marking  ] GC(129) Concurrent Mark 72.887ms
[2024-05-20T15:05:12.331+0000][1][gc,marking  ] GC(129) Concurrent Rebuild Remembered Sets and Scrub Regions
[2024-05-20T15:05:12.359+0000][1][gc,marking  ] GC(129) Concurrent Rebuild Remembered Sets and Scrub Regions 27.582ms
[2024-05-20T15:05:12.359+0000][1][gc,start    ] GC(129) Pause Cleanup
[2024-05-20T15:05:12.360+0000][1][gc          ] GC(129) Pause Cleanup 55M->55M(1024M) 0.259ms
[2024-05-20T15:05:12.360+0000][1][gc,cpu      ] GC(129) User=0.00s Sys=0.00s Real=0.00s
[2024-05-20T15:05:12.360+0000][1][safepoint   ] Safepoint "G1PauseCleanup", Time since last: 27817064 ns, Reaching safepoint: 20586 ns, Cleanup: 4931 ns, At safepoint: 319619 ns, Total: 345136 ns
[2024-05-20T15:05:12.360+0000][1][gc,marking  ] GC(129) Concurrent Clear Claimed Marks
[2024-05-20T15:05:12.360+0000][1][gc,marking  ] GC(129) Concurrent Clear Claimed Marks 0.130ms
[2024-05-20T15:05:12.360+0000][1][gc,marking  ] GC(129) Concurrent Cleanup for Next Mark
[2024-05-20T15:05:12.363+0000][1][gc,marking  ] GC(129) Concurrent Cleanup for Next Mark 3.140ms
[2024-05-20T15:05:12.363+0000][1][gc          ] GC(129) Concurrent Mark Cycle 112.564ms
[2024-05-20T15:12:08.293+0000][1][safepoint   ] Safepoint "Cleanup", Time since last: 415933520032 ns, Reaching safepoint: 37610 ns, Cleanup: 25959 ns, At safepoint: 8748 ns, Total: 72317 ns
[2024-05-20T15:12:09.469+0000][1][safepoint   ] Safepoint "Cleanup", Time since last: 1176245605 ns, Reaching safepoint: 7563 ns, Cleanup: 28203 ns, At safepoint: 3449 ns, Total: 39215 ns
[2024-05-20T15:12:10.472+0000][1][safepoint   ] Safepoint "Cleanup", Time since last: 1002839336 ns, Reaching safepoint: 33960 ns, Cleanup: 23355 ns, At safepoint: 5240 ns, Total: 62555 ns
[2024-05-20T15:12:15.474+0000][1][safepoint   ] Safepoint "Cleanup", Time since last: 5001275393 ns, Reaching safepoint: 37358 ns, Cleanup: 38315 ns, At safepoint: 9156 ns, Total: 84829 ns
[2024-05-20T15:12:16.474+0000][1][safepoint   ] Safepoint "Cleanup", Time since last: 1000199752 ns, Reaching safepoint: 26051 ns, Cleanup: 34584 ns, At safepoint: 4369 ns, Total: 65004 ns
[2024-05-20T15:12:20.475+0000][1][safepoint   ] Safepoint "Cleanup", Time since last: 4000572507 ns, Reaching safepoint: 28361 ns, Cleanup: 18470 ns, At safepoint: 3394 ns, Total: 50225 ns
[2024-05-20T15:12:21.494+0000][1][safepoint   ] Safepoint "Cleanup", Time since last: 1019466279 ns, Reaching safepoint: 43015 ns, Cleanup: 32868 ns, At safepoint: 10888 ns, Total: 86771 ns
[2024-05-20T15:12:24.583+0000][1][safepoint   ] Safepoint "Cleanup", Time since last: 3088976088 ns, Reaching safepoint: 174564 ns, Cleanup: 10798 ns, At safepoint: 8964 ns, Total: 194326 ns
[2024-05-20T15:12:24.677+0000][1][gc,start    ] GC(130) Pause Young (Prepare Mixed) (G1 Evacuation Pause)
[2024-05-20T15:12:24.677+0000][1][gc,task     ] GC(130) Using 4 workers of 4 for evacuation
[2024-05-20T15:12:24.677+0000][1][gc,age      ] GC(130) Desired survivor size 40370176 bytes, new threshold 15 (max threshold 15)
[2024-05-20T15:12:24.696+0000][1][gc,phases   ] GC(130)   Pre Evacuate Collection Set: 0.7ms
[2024-05-20T15:12:24.696+0000][1][gc,phases   ] GC(130)   Merge Heap Roots: 0.3ms
[2024-05-20T15:12:24.696+0000][1][gc,phases   ] GC(130)   Evacuate Collection Set: 15.8ms
[2024-05-20T15:12:24.696+0000][1][gc,phases   ] GC(130)   Post Evacuate Collection Set: 1.7ms
[2024-05-20T15:12:24.696+0000][1][gc,phases   ] GC(130)   Other: 0.1ms
[2024-05-20T15:12:24.696+0000][1][gc,age      ] GC(130) Age table with threshold 15 (max threshold 15)
[2024-05-20T15:12:24.696+0000][1][gc,age      ] GC(130) - age   1:    4991376 bytes,    4991376 total
[2024-05-20T15:12:24.696+0000][1][gc,age      ] GC(130) - age   2:    2297376 bytes,    7288752 total
[2024-05-20T15:12:24.696+0000][1][gc,age      ] GC(130) - age   3:    2188392 bytes,    9477144 total
[2024-05-20T15:12:24.696+0000][1][gc,age      ] GC(130) - age   4:     809888 bytes,   10287032 total
[2024-05-20T15:12:24.696+0000][1][gc,age      ] GC(130) - age   5:    1471856 bytes,   11758888 total
[2024-05-20T15:12:24.696+0000][1][gc,age      ] GC(130) - age   6:     251072 bytes,   12009960 total
[2024-05-20T15:12:24.696+0000][1][gc,age      ] GC(130) - age   7:     295160 bytes,   12305120 total
[2024-05-20T15:12:24.696+0000][1][gc,age      ] GC(130) - age   8:     159304 bytes,   12464424 total
[2024-05-20T15:12:24.696+0000][1][gc,age      ] GC(130) - age   9:      37064 bytes,   12501488 total
[2024-05-20T15:12:24.696+0000][1][gc,age      ] GC(130) - age  10:     315960 bytes,   12817448 total
[2024-05-20T15:12:24.696+0000][1][gc,age      ] GC(130) - age  11:     106152 bytes,   12923600 total
[2024-05-20T15:12:24.696+0000][1][gc,age      ] GC(130) - age  12:      40072 bytes,   12963672 total
[2024-05-20T15:12:24.696+0000][1][gc,age      ] GC(130) - age  13:      70240 bytes,   13033912 total
[2024-05-20T15:12:24.696+0000][1][gc,age      ] GC(130) - age  14:      34032 bytes,   13067944 total
[2024-05-20T15:12:24.696+0000][1][gc,age      ] GC(130) - age  15:       3592 bytes,   13071536 total
[2024-05-20T15:12:24.696+0000][1][gc,heap     ] GC(130) Eden regions: 601->0(600)
[2024-05-20T15:12:24.696+0000][1][gc,heap     ] GC(130) Survivor regions: 13->14(77)
[2024-05-20T15:12:24.696+0000][1][gc,heap     ] GC(130) Old regions: 38->39
[2024-05-20T15:12:24.696+0000][1][gc,heap     ] GC(130) Humongous regions: 3->3
[2024-05-20T15:12:24.696+0000][1][gc,metaspace] GC(130) Metaspace: 98889K(100800K)->98889K(100800K) NonClass: 86866K(87872K)->86866K(87872K) Class: 12023K(12928K)->12023K(12928K)
[2024-05-20T15:12:24.696+0000][1][gc          ] GC(130) Pause Young (Prepare Mixed) (G1 Evacuation Pause) 654M->54M(1024M) 19.002ms
[2024-05-20T15:12:24.696+0000][1][gc,cpu      ] GC(130) User=0.03s Sys=0.00s Real=0.02s
[2024-05-20T15:12:24.696+0000][1][safepoint   ] Safepoint "G1CollectForAllocation", Time since last: 93616730 ns, Reaching safepoint: 32496 ns, Cleanup: 15635 ns, At safepoint: 19100745 ns, Total: 19148876 ns
[2024-05-20T15:12:26.443+0000][1][safepoint   ] Safepoint "Cleanup", Time since last: 1746469990 ns, Reaching safepoint: 16322 ns, Cleanup: 21012 ns, At safepoint: 6890 ns, Total: 44224 ns
[2024-05-20T15:12:27.480+0000][1][safepoint   ] Safepoint "Cleanup", Time since last: 1037003378 ns, Reaching safepoint: 43731 ns, Cleanup: 34757 ns, At safepoint: 9792 ns, Total: 88280 ns
[2024-05-20T15:12:30.510+0000][1][safepoint   ] Safepoint "Cleanup", Time since last: 3029980117 ns, Reaching safepoint: 30172 ns, Cleanup: 23517 ns, At safepoint: 4852 ns, Total: 58541 ns
[2024-05-20T15:12:32.498+0000][1][safepoint   ] Safepoint "Cleanup", Time since last: 1987737985 ns, Reaching safepoint: 37500 ns, Cleanup: 23024 ns, At safepoint: 9212 ns, Total: 69736 ns
[2024-05-20T15:12:34.522+0000][1][safepoint   ] Safepoint "Cleanup", Time since last: 2024013401 ns, Reaching safepoint: 177131 ns, Cleanup: 15083 ns, At safepoint: 14796 ns, Total: 207010 ns
[2024-05-20T15:12:36.496+0000][1][safepoint   ] Safepoint "Cleanup", Time since last: 1974142853 ns, Reaching safepoint: 8878 ns, Cleanup: 13159 ns, At safepoint: 5398 ns, Total: 27435 ns
[2024-05-20T15:12:38.500+0000][1][safepoint   ] Safepoint "Cleanup", Time since last: 2003785924 ns, Reaching safepoint: 37442 ns, Cleanup: 29191 ns, At safepoint: 7495 ns, Total: 74128 ns
[2024-05-20T15:12:39.500+0000][1][safepoint   ] Safepoint "Cleanup", Time since last: 1000181445 ns, Reaching safepoint: 47099 ns, Cleanup: 23039 ns, At safepoint: 36150 ns, Total: 106288 ns
[2024-05-20T15:12:40.603+0000][1][safepoint   ] Safepoint "Cleanup", Time since last: 1102952689 ns, Reaching safepoint: 37437 ns, Cleanup: 22627 ns, At safepoint: 8086 ns, Total: 68150 ns
[2024-05-20T15:12:45.524+0000][1][safepoint   ] Safepoint "Cleanup", Time since last: 4920901832 ns, Reaching safepoint: 7838 ns, Cleanup: 6083 ns, At safepoint: 3590 ns, Total: 17511 ns
[2024-05-20T15:14:52.572+0000][1][safepoint   ] Safepoint "Cleanup", Time since last: 127047618207 ns, Reaching safepoint: 63382 ns, Cleanup: 18058 ns, At safepoint: 17002 ns, Total: 98442 ns
[2024-05-20T15:14:53.614+0000][1][safepoint   ] Safepoint "Cleanup", Time since last: 1042242605 ns, Reaching safepoint: 31256 ns, Cleanup: 16815 ns, At safepoint: 4615 ns, Total: 52686 ns
[2024-05-20T15:14:55.601+0000][1][safepoint   ] Safepoint "Cleanup", Time since last: 1987280760 ns, Reaching safepoint: 15402 ns, Cleanup: 18957 ns, At safepoint: 8588 ns, Total: 42947 ns
[2024-05-20T15:14:56.622+0000][1][safepoint   ] Safepoint "Cleanup", Time since last: 1020812658 ns, Reaching safepoint: 37401 ns, Cleanup: 23229 ns, At safepoint: 8923 ns, Total: 69553 ns
[2024-05-20T15:14:57.623+0000][1][safepoint   ] Safepoint "Cleanup", Time since last: 1000447821 ns, Reaching safepoint: 37297 ns, Cleanup: 23233 ns, At safepoint: 7839 ns, Total: 68369 ns
[2024-05-20T15:15:53.990+0000][1][gc,start    ] GC(131) Pause Young (Mixed) (G1 Evacuation Pause)
[2024-05-20T15:15:53.990+0000][1][gc,task     ] GC(131) Using 4 workers of 4 for evacuation
[2024-05-20T15:15:53.990+0000][1][gc,age      ] GC(131) Desired survivor size 40370176 bytes, new threshold 15 (max threshold 15)
[2024-05-20T15:15:54.002+0000][1][gc,phases   ] GC(131)   Pre Evacuate Collection Set: 0.4ms
[2024-05-20T15:15:54.002+0000][1][gc,phases   ] GC(131)   Merge Heap Roots: 0.2ms
[2024-05-20T15:15:54.002+0000][1][gc,phases   ] GC(131)   Evacuate Collection Set: 9.5ms
[2024-05-20T15:15:54.002+0000][1][gc,phases   ] GC(131)   Post Evacuate Collection Set: 1.3ms
[2024-05-20T15:15:54.002+0000][1][gc,phases   ] GC(131)   Other: 0.1ms
[2024-05-20T15:15:54.002+0000][1][gc,age      ] GC(131) Age table with threshold 15 (max threshold 15)
[2024-05-20T15:15:54.002+0000][1][gc,age      ] GC(131) - age   1:    3585016 bytes,    3585016 total
[2024-05-20T15:15:54.002+0000][1][gc,age      ] GC(131) - age   2:     870240 bytes,    4455256 total
[2024-05-20T15:15:54.002+0000][1][gc,age      ] GC(131) - age   3:    1863096 bytes,    6318352 total
[2024-05-20T15:15:54.002+0000][1][gc,age      ] GC(131) - age   4:    1707832 bytes,    8026184 total
[2024-05-20T15:15:54.002+0000][1][gc,age      ] GC(131) - age   5:     673000 bytes,    8699184 total
[2024-05-20T15:15:54.002+0000][1][gc,age      ] GC(131) - age   6:    1344784 bytes,   10043968 total
[2024-05-20T15:15:54.002+0000][1][gc,age      ] GC(131) - age   7:     219280 bytes,   10263248 total
[2024-05-20T15:15:54.002+0000][1][gc,age      ] GC(131) - age   8:     264712 bytes,   10527960 total
[2024-05-20T15:15:54.002+0000][1][gc,age      ] GC(131) - age   9:     141576 bytes,   10669536 total
[2024-05-20T15:15:54.002+0000][1][gc,age      ] GC(131) - age  10:       5184 bytes,   10674720 total
[2024-05-20T15:15:54.002+0000][1][gc,age      ] GC(131) - age  11:     282136 bytes,   10956856 total
[2024-05-20T15:15:54.002+0000][1][gc,age      ] GC(131) - age  12:      45976 bytes,   11002832 total
[2024-05-20T15:15:54.002+0000][1][gc,age      ] GC(131) - age  13:      40072 bytes,   11042904 total
[2024-05-20T15:15:54.002+0000][1][gc,age      ] GC(131) - age  14:      67680 bytes,   11110584 total
[2024-05-20T15:15:54.002+0000][1][gc,age      ] GC(131) - age  15:      33656 bytes,   11144240 total
[2024-05-20T15:15:54.002+0000][1][gc,heap     ] GC(131) Eden regions: 600->0(602)
[2024-05-20T15:15:54.002+0000][1][gc,heap     ] GC(131) Survivor regions: 14->12(77)
[2024-05-20T15:15:54.002+0000][1][gc,heap     ] GC(131) Old regions: 39->38
[2024-05-20T15:15:54.002+0000][1][gc,heap     ] GC(131) Humongous regions: 3->3
[2024-05-20T15:15:54.002+0000][1][gc,metaspace] GC(131) Metaspace: 98889K(100800K)->98889K(100800K) NonClass: 86866K(87872K)->86866K(87872K) Class: 12023K(12928K)->12023K(12928K)
[2024-05-20T15:15:54.002+0000][1][gc          ] GC(131) Pause Young (Mixed) (G1 Evacuation Pause) 654M->51M(1024M) 11.955ms
[2024-05-20T15:15:54.002+0000][1][gc,cpu      ] GC(131) User=0.04s Sys=0.00s Real=0.01s
[2024-05-20T15:15:54.002+0000][1][safepoint   ] Safepoint "G1CollectForAllocation", Time since last: 56367540499 ns, Reaching safepoint: 56605 ns, Cleanup: 6509 ns, At safepoint: 12050519 ns, Total: 12113633 ns
[2024-05-20T15:31:10.013+0000][1][safepoint   ] Safepoint "Cleanup", Time since last: 916010330117 ns, Reaching safepoint: 92735 ns, Cleanup: 21027 ns, At safepoint: 13578 ns, Total: 127340 ns
[2024-05-20T15:31:26.017+0000][1][safepoint   ] Safepoint "Cleanup", Time since last: 16003812079 ns, Reaching safepoint: 34281 ns, Cleanup: 22646 ns, At safepoint: 6443 ns, Total: 63370 ns
[2024-05-20T15:49:03.085+0000][1][safepoint   ] Safepoint "Cleanup", Time since last: 1057067819556 ns, Reaching safepoint: 34070 ns, Cleanup: 27704 ns, At safepoint: 6801 ns, Total: 68575 ns
[2024-05-20T15:50:41.115+0000][1][safepoint   ] Safepoint "Cleanup", Time since last: 98030600289 ns, Reaching safepoint: 94578 ns, Cleanup: 22538 ns, At safepoint: 14979 ns, Total: 132095 ns
[2024-05-20T16:03:10.589+0000][1][gc,start    ] GC(132) Pause Young (Concurrent Start) (G1 Evacuation Pause)
[2024-05-20T16:03:10.589+0000][1][gc,task     ] GC(132) Using 4 workers of 4 for evacuation
[2024-05-20T16:03:10.589+0000][1][gc,age      ] GC(132) Desired survivor size 40370176 bytes, new threshold 15 (max threshold 15)
[2024-05-20T16:03:10.600+0000][1][gc,phases   ] GC(132)   Pre Evacuate Collection Set: 0.4ms
[2024-05-20T16:03:10.600+0000][1][gc,phases   ] GC(132)   Merge Heap Roots: 0.1ms
[2024-05-20T16:03:10.600+0000][1][gc,phases   ] GC(132)   Evacuate Collection Set: 9.2ms
[2024-05-20T16:03:10.600+0000][1][gc,phases   ] GC(132)   Post Evacuate Collection Set: 1.4ms
[2024-05-20T16:03:10.601+0000][1][gc,phases   ] GC(132)   Other: 0.1ms
[2024-05-20T16:03:10.601+0000][1][gc,age      ] GC(132) Age table with threshold 15 (max threshold 15)
[2024-05-20T16:03:10.601+0000][1][gc,age      ] GC(132) - age   1:    5256584 bytes,    5256584 total
[2024-05-20T16:03:10.601+0000][1][gc,age      ] GC(132) - age   2:    2434488 bytes,    7691072 total
[2024-05-20T16:03:10.601+0000][1][gc,age      ] GC(132) - age   3:     825688 bytes,    8516760 total
[2024-05-20T16:03:10.601+0000][1][gc,age      ] GC(132) - age   4:    1716224 bytes,   10232984 total
[2024-05-20T16:03:10.601+0000][1][gc,age      ] GC(132) - age   5:    1513392 bytes,   11746376 total
[2024-05-20T16:03:10.601+0000][1][gc,age      ] GC(132) - age   6:     546760 bytes,   12293136 total
[2024-05-20T16:03:10.601+0000][1][gc,age      ] GC(132) - age   7:     371536 bytes,   12664672 total
[2024-05-20T16:03:10.601+0000][1][gc,age      ] GC(132) - age   8:     219256 bytes,   12883928 total
[2024-05-20T16:03:10.601+0000][1][gc,age      ] GC(132) - age   9:     205304 bytes,   13089232 total
[2024-05-20T16:03:10.601+0000][1][gc,age      ] GC(132) - age  10:      46064 bytes,   13135296 total
[2024-05-20T16:03:10.601+0000][1][gc,age      ] GC(132) - age  11:       3912 bytes,   13139208 total
[2024-05-20T16:03:10.601+0000][1][gc,age      ] GC(132) - age  12:     276376 bytes,   13415584 total
[2024-05-20T16:03:10.601+0000][1][gc,age      ] GC(132) - age  13:      43432 bytes,   13459016 total
[2024-05-20T16:03:10.601+0000][1][gc,age      ] GC(132) - age  14:      39736 bytes,   13498752 total
[2024-05-20T16:03:10.601+0000][1][gc,age      ] GC(132) - age  15:      67680 bytes,   13566432 total
[2024-05-20T16:03:10.601+0000][1][gc,heap     ] GC(132) Eden regions: 602->0(600)
[2024-05-20T16:03:10.601+0000][1][gc,heap     ] GC(132) Survivor regions: 12->14(77)
[2024-05-20T16:03:10.601+0000][1][gc,heap     ] GC(132) Old regions: 38->38
[2024-05-20T16:03:10.601+0000][1][gc,heap     ] GC(132) Humongous regions: 3->3
[2024-05-20T16:03:10.601+0000][1][gc,metaspace] GC(132) Metaspace: 98889K(100800K)->98889K(100800K) NonClass: 86866K(87872K)->86866K(87872K) Class: 12023K(12928K)->12023K(12928K)
[2024-05-20T16:03:10.601+0000][1][gc          ] GC(132) Pause Young (Concurrent Start) (G1 Evacuation Pause) 653M->54M(1024M) 11.732ms
[2024-05-20T16:03:10.601+0000][1][gc          ] GC(133) Concurrent Mark Cycle
[2024-05-20T16:03:10.601+0000][1][gc,marking  ] GC(133) Concurrent Scan Root Regions
[2024-05-20T16:03:10.601+0000][1][gc,cpu      ] GC(132) User=0.04s Sys=0.00s Real=0.01s
[2024-05-20T16:03:10.601+0000][1][safepoint   ] Safepoint "G1CollectForAllocation", Time since last: 749473558926 ns, Reaching safepoint: 55022 ns, Cleanup: 7172 ns, At safepoint: 11866525 ns, Total: 11928719 ns
[2024-05-20T16:03:10.610+0000][1][gc,marking  ] GC(133) Concurrent Scan Root Regions 9.130ms
[2024-05-20T16:03:10.610+0000][1][gc,marking  ] GC(133) Concurrent Mark
[2024-05-20T16:03:10.610+0000][1][gc,marking  ] GC(133) Concurrent Mark From Roots
[2024-05-20T16:03:10.610+0000][1][gc,task     ] GC(133) Using 1 workers of 1 for marking
[2024-05-20T16:03:10.673+0000][1][gc,marking  ] GC(133) Concurrent Mark From Roots 63.007ms
[2024-05-20T16:03:10.673+0000][1][gc,marking  ] GC(133) Concurrent Preclean
[2024-05-20T16:03:10.673+0000][1][gc,marking  ] GC(133) Concurrent Preclean 0.228ms
[2024-05-20T16:03:10.674+0000][1][gc,start    ] GC(133) Pause Remark
[2024-05-20T16:03:10.682+0000][1][gc          ] GC(133) Pause Remark 55M->55M(1024M) 8.017ms
[2024-05-20T16:03:10.682+0000][1][gc,cpu      ] GC(133) User=0.02s Sys=0.00s Real=0.01s
[2024-05-20T16:03:10.682+0000][1][safepoint   ] Safepoint "G1PauseRemark", Time since last: 72586230 ns, Reaching safepoint: 47933 ns, Cleanup: 5649 ns, At safepoint: 8139355 ns, Total: 8192937 ns
[2024-05-20T16:03:10.682+0000][1][gc,marking  ] GC(133) Concurrent Mark 71.688ms
[2024-05-20T16:03:10.682+0000][1][gc,marking  ] GC(133) Concurrent Rebuild Remembered Sets and Scrub Regions
[2024-05-20T16:03:10.709+0000][1][gc,marking  ] GC(133) Concurrent Rebuild Remembered Sets and Scrub Regions 27.467ms
[2024-05-20T16:03:10.709+0000][1][gc,start    ] GC(133) Pause Cleanup
[2024-05-20T16:03:10.710+0000][1][gc          ] GC(133) Pause Cleanup 55M->55M(1024M) 0.235ms
[2024-05-20T16:03:10.710+0000][1][gc,cpu      ] GC(133) User=0.00s Sys=0.00s Real=0.00s
[2024-05-20T16:03:10.710+0000][1][safepoint   ] Safepoint "G1PauseCleanup", Time since last: 27685837 ns, Reaching safepoint: 36529 ns, Cleanup: 12558 ns, At safepoint: 309635 ns, Total: 358722 ns
[2024-05-20T16:03:10.710+0000][1][gc,marking  ] GC(133) Concurrent Clear Claimed Marks
[2024-05-20T16:03:10.710+0000][1][gc,marking  ] GC(133) Concurrent Clear Claimed Marks 0.115ms
[2024-05-20T16:03:10.710+0000][1][gc,marking  ] GC(133) Concurrent Cleanup for Next Mark
[2024-05-20T16:03:10.713+0000][1][gc,marking  ] GC(133) Concurrent Cleanup for Next Mark 3.237ms
[2024-05-20T16:03:10.713+0000][1][gc          ] GC(133) Concurrent Mark Cycle 112.402ms
[2024-05-20T16:09:12.290+0000][1][safepoint   ] Safepoint "Cleanup", Time since last: 361580079972 ns, Reaching safepoint: 8686 ns, Cleanup: 16321 ns, At safepoint: 2789 ns, Total: 27796 ns
[2024-05-20T16:20:42.120+0000][1][safepoint   ] Safepoint "Cleanup", Time since last: 689830083542 ns, Reaching safepoint: 117688 ns, Cleanup: 32171 ns, At safepoint: 27710 ns, Total: 177569 ns
[2024-05-20T16:48:58.854+0000][1][gc,start    ] GC(134) Pause Young (Prepare Mixed) (G1 Evacuation Pause)
[2024-05-20T16:48:58.854+0000][1][gc,task     ] GC(134) Using 4 workers of 4 for evacuation
[2024-05-20T16:48:58.854+0000][1][gc,age      ] GC(134) Desired survivor size 40370176 bytes, new threshold 15 (max threshold 15)
[2024-05-20T16:48:58.866+0000][1][gc,phases   ] GC(134)   Pre Evacuate Collection Set: 0.4ms
[2024-05-20T16:48:58.866+0000][1][gc,phases   ] GC(134)   Merge Heap Roots: 0.2ms
[2024-05-20T16:48:58.866+0000][1][gc,phases   ] GC(134)   Evacuate Collection Set: 9.2ms
[2024-05-20T16:48:58.866+0000][1][gc,phases   ] GC(134)   Post Evacuate Collection Set: 1.4ms
[2024-05-20T16:48:58.866+0000][1][gc,phases   ] GC(134)   Other: 0.1ms
[2024-05-20T16:48:58.866+0000][1][gc,age      ] GC(134) Age table with threshold 15 (max threshold 15)
[2024-05-20T16:48:58.866+0000][1][gc,age      ] GC(134) - age   1:    3387000 bytes,    3387000 total
[2024-05-20T16:48:58.866+0000][1][gc,age      ] GC(134) - age   2:    3523808 bytes,    6910808 total
[2024-05-20T16:48:58.866+0000][1][gc,age      ] GC(134) - age   3:    1937544 bytes,    8848352 total
[2024-05-20T16:48:58.866+0000][1][gc,age      ] GC(134) - age   4:     668936 bytes,    9517288 total
[2024-05-20T16:48:58.866+0000][1][gc,age      ] GC(134) - age   5:    1169104 bytes,   10686392 total
[2024-05-20T16:48:58.866+0000][1][gc,age      ] GC(134) - age   6:     602464 bytes,   11288856 total
[2024-05-20T16:48:58.866+0000][1][gc,age      ] GC(134) - age   7:     421064 bytes,   11709920 total
[2024-05-20T16:48:58.866+0000][1][gc,age      ] GC(134) - age   8:     306632 bytes,   12016552 total
[2024-05-20T16:48:58.866+0000][1][gc,age      ] GC(134) - age   9:     160912 bytes,   12177464 total
[2024-05-20T16:48:58.866+0000][1][gc,age      ] GC(134) - age  10:     112832 bytes,   12290296 total
[2024-05-20T16:48:58.866+0000][1][gc,age      ] GC(134) - age  11:      45392 bytes,   12335688 total
[2024-05-20T16:48:58.866+0000][1][gc,age      ] GC(134) - age  12:       3912 bytes,   12339600 total
[2024-05-20T16:48:58.866+0000][1][gc,age      ] GC(134) - age  13:     276376 bytes,   12615976 total
[2024-05-20T16:48:58.866+0000][1][gc,age      ] GC(134) - age  14:      43432 bytes,   12659408 total
[2024-05-20T16:48:58.866+0000][1][gc,age      ] GC(134) - age  15:      39736 bytes,   12699144 total
[2024-05-20T16:48:58.866+0000][1][gc,heap     ] GC(134) Eden regions: 600->0(601)
[2024-05-20T16:48:58.866+0000][1][gc,heap     ] GC(134) Survivor regions: 14->13(77)
[2024-05-20T16:48:58.866+0000][1][gc,heap     ] GC(134) Old regions: 38->38
[2024-05-20T16:48:58.866+0000][1][gc,heap     ] GC(134) Humongous regions: 3->3
[2024-05-20T16:48:58.866+0000][1][gc,metaspace] GC(134) Metaspace: 98889K(100800K)->98889K(100800K) NonClass: 86866K(87872K)->86866K(87872K) Class: 12023K(12928K)->12023K(12928K)
[2024-05-20T16:48:58.866+0000][1][gc          ] GC(134) Pause Young (Prepare Mixed) (G1 Evacuation Pause) 654M->53M(1024M) 11.758ms
[2024-05-20T16:48:58.866+0000][1][gc,cpu      ] GC(134) User=0.04s Sys=0.00s Real=0.02s
[2024-05-20T16:48:58.866+0000][1][safepoint   ] Safepoint "G1CollectForAllocation", Time since last: 1696734137604 ns, Reaching safepoint: 56105 ns, Cleanup: 6996 ns, At safepoint: 11850814 ns, Total: 11913915 ns
[2024-05-20T16:57:52.533+0000][1][safepoint   ] Safepoint "Cleanup", Time since last: 533667191268 ns, Reaching safepoint: 8942 ns, Cleanup: 10191 ns, At safepoint: 3842 ns, Total: 22975 ns
[2024-05-20T16:58:42.433+0000][1][safepoint   ] Safepoint "Cleanup", Time since last: 49899940901 ns, Reaching safepoint: 11386 ns, Cleanup: 9009 ns, At safepoint: 3285 ns, Total: 23680 ns
[2024-05-20T16:58:57.440+0000][1][safepoint   ] Safepoint "Cleanup", Time since last: 15006576337 ns, Reaching safepoint: 81725 ns, Cleanup: 16771 ns, At safepoint: 29365 ns, Total: 127861 ns
[2024-05-20T17:30:57.590+0000][1][safepoint   ] Safepoint "Cleanup", Time since last: 1920150397810 ns, Reaching safepoint: 96865 ns, Cleanup: 10410 ns, At safepoint: 3291 ns, Total: 110566 ns
[2024-05-20T17:41:27.894+0000][1][gc,start    ] GC(135) Pause Young (Mixed) (G1 Evacuation Pause)
[2024-05-20T17:41:27.894+0000][1][gc,task     ] GC(135) Using 4 workers of 4 for evacuation
[2024-05-20T17:41:27.894+0000][1][gc,age      ] GC(135) Desired survivor size 40370176 bytes, new threshold 15 (max threshold 15)
[2024-05-20T17:41:27.908+0000][1][gc,phases   ] GC(135)   Pre Evacuate Collection Set: 0.7ms
[2024-05-20T17:41:27.908+0000][1][gc,phases   ] GC(135)   Merge Heap Roots: 0.5ms
[2024-05-20T17:41:27.908+0000][1][gc,phases   ] GC(135)   Evacuate Collection Set: 10.5ms
[2024-05-20T17:41:27.908+0000][1][gc,phases   ] GC(135)   Post Evacuate Collection Set: 1.6ms
[2024-05-20T17:41:27.908+0000][1][gc,phases   ] GC(135)   Other: 0.1ms
[2024-05-20T17:41:27.908+0000][1][gc,age      ] GC(135) Age table with threshold 15 (max threshold 15)
[2024-05-20T17:41:27.908+0000][1][gc,age      ] GC(135) - age   1:    4597960 bytes,    4597960 total
[2024-05-20T17:41:27.908+0000][1][gc,age      ] GC(135) - age   2:    2113904 bytes,    6711864 total
[2024-05-20T17:41:27.908+0000][1][gc,age      ] GC(135) - age   3:    2548840 bytes,    9260704 total
[2024-05-20T17:41:27.908+0000][1][gc,age      ] GC(135) - age   4:    1612136 bytes,   10872840 total
[2024-05-20T17:41:27.908+0000][1][gc,age      ] GC(135) - age   5:     463992 bytes,   11336832 total
[2024-05-20T17:41:27.908+0000][1][gc,age      ] GC(135) - age   6:     397392 bytes,   11734224 total
[2024-05-20T17:41:27.908+0000][1][gc,age      ] GC(135) - age   7:     580592 bytes,   12314816 total
[2024-05-20T17:41:27.908+0000][1][gc,age      ] GC(135) - age   8:     358720 bytes,   12673536 total
[2024-05-20T17:41:27.908+0000][1][gc,age      ] GC(135) - age   9:     255536 bytes,   12929072 total
[2024-05-20T17:41:27.908+0000][1][gc,age      ] GC(135) - age  10:      69592 bytes,   12998664 total
[2024-05-20T17:41:27.908+0000][1][gc,age      ] GC(135) - age  11:     112832 bytes,   13111496 total
[2024-05-20T17:41:27.908+0000][1][gc,age      ] GC(135) - age  12:      45192 bytes,   13156688 total
[2024-05-20T17:41:27.908+0000][1][gc,age      ] GC(135) - age  13:       3912 bytes,   13160600 total
[2024-05-20T17:41:27.908+0000][1][gc,age      ] GC(135) - age  14:     276176 bytes,   13436776 total
[2024-05-20T17:41:27.908+0000][1][gc,age      ] GC(135) - age  15:      43432 bytes,   13480208 total
[2024-05-20T17:41:27.908+0000][1][gc,heap     ] GC(135) Eden regions: 601->0(600)
[2024-05-20T17:41:27.908+0000][1][gc,heap     ] GC(135) Survivor regions: 13->14(77)
[2024-05-20T17:41:27.908+0000][1][gc,heap     ] GC(135) Old regions: 38->38
[2024-05-20T17:41:27.908+0000][1][gc,heap     ] GC(135) Humongous regions: 3->3
[2024-05-20T17:41:27.908+0000][1][gc,metaspace] GC(135) Metaspace: 98898K(100800K)->98898K(100800K) NonClass: 86875K(87872K)->86875K(87872K) Class: 12023K(12928K)->12023K(12928K)
[2024-05-20T17:41:27.908+0000][1][gc          ] GC(135) Pause Young (Mixed) (G1 Evacuation Pause) 654M->54M(1024M) 13.830ms
[2024-05-20T17:41:27.908+0000][1][gc,cpu      ] GC(135) User=0.04s Sys=0.00s Real=0.02s
[2024-05-20T17:41:27.908+0000][1][safepoint   ] Safepoint "G1CollectForAllocation", Time since last: 630303825876 ns, Reaching safepoint: 22406 ns, Cleanup: 6106 ns, At safepoint: 13922103 ns, Total: 13950615 ns
[2024-05-20T18:00:57.804+0000][1][safepoint   ] Safepoint "Cleanup", Time since last: 1169896071974 ns, Reaching safepoint: 8560 ns, Cleanup: 15314 ns, At safepoint: 2345 ns, Total: 26219 ns
[2024-05-20T18:16:46.544+0000][1][safepoint   ] Safepoint "Cleanup", Time since last: 948739491784 ns, Reaching safepoint: 95210 ns, Cleanup: 27030 ns, At safepoint: 21317 ns, Total: 143557 ns
[2024-05-20T18:28:42.388+0000][1][gc,start    ] GC(136) Pause Young (Concurrent Start) (G1 Evacuation Pause)
[2024-05-20T18:28:42.388+0000][1][gc,task     ] GC(136) Using 4 workers of 4 for evacuation
[2024-05-20T18:28:42.388+0000][1][gc,age      ] GC(136) Desired survivor size 40370176 bytes, new threshold 15 (max threshold 15)
[2024-05-20T18:28:42.399+0000][1][gc,phases   ] GC(136)   Pre Evacuate Collection Set: 0.5ms
[2024-05-20T18:28:42.399+0000][1][gc,phases   ] GC(136)   Merge Heap Roots: 0.2ms
[2024-05-20T18:28:42.399+0000][1][gc,phases   ] GC(136)   Evacuate Collection Set: 9.0ms
[2024-05-20T18:28:42.399+0000][1][gc,phases   ] GC(136)   Post Evacuate Collection Set: 1.4ms
[2024-05-20T18:28:42.399+0000][1][gc,phases   ] GC(136)   Other: 0.2ms
[2024-05-20T18:28:42.399+0000][1][gc,age      ] GC(136) Age table with threshold 15 (max threshold 15)
[2024-05-20T18:28:42.399+0000][1][gc,age      ] GC(136) - age   1:    3148512 bytes,    3148512 total
[2024-05-20T18:28:42.399+0000][1][gc,age      ] GC(136) - age   2:    3000680 bytes,    6149192 total
[2024-05-20T18:28:42.399+0000][1][gc,age      ] GC(136) - age   3:    1930040 bytes,    8079232 total
[2024-05-20T18:28:42.399+0000][1][gc,age      ] GC(136) - age   4:    1289200 bytes,    9368432 total
[2024-05-20T18:28:42.399+0000][1][gc,age      ] GC(136) - age   5:    1472320 bytes,   10840752 total
[2024-05-20T18:28:42.399+0000][1][gc,age      ] GC(136) - age   6:     460904 bytes,   11301656 total
[2024-05-20T18:28:42.399+0000][1][gc,age      ] GC(136) - age   7:     365832 bytes,   11667488 total
[2024-05-20T18:28:42.399+0000][1][gc,age      ] GC(136) - age   8:     552048 bytes,   12219536 total
[2024-05-20T18:28:42.399+0000][1][gc,age      ] GC(136) - age   9:     294032 bytes,   12513568 total
[2024-05-20T18:28:42.399+0000][1][gc,age      ] GC(136) - age  10:     153016 bytes,   12666584 total
[2024-05-20T18:28:42.399+0000][1][gc,age      ] GC(136) - age  11:      69256 bytes,   12735840 total
[2024-05-20T18:28:42.399+0000][1][gc,age      ] GC(136) - age  12:     112832 bytes,   12848672 total
[2024-05-20T18:28:42.399+0000][1][gc,age      ] GC(136) - age  13:      45192 bytes,   12893864 total
[2024-05-20T18:28:42.399+0000][1][gc,age      ] GC(136) - age  14:       3912 bytes,   12897776 total
[2024-05-20T18:28:42.399+0000][1][gc,age      ] GC(136) - age  15:     276176 bytes,   13173952 total
[2024-05-20T18:28:42.400+0000][1][gc,heap     ] GC(136) Eden regions: 600->0(600)
[2024-05-20T18:28:42.400+0000][1][gc,heap     ] GC(136) Survivor regions: 14->14(77)
[2024-05-20T18:28:42.400+0000][1][gc,heap     ] GC(136) Old regions: 38->38
[2024-05-20T18:28:42.400+0000][1][gc,heap     ] GC(136) Humongous regions: 3->3
[2024-05-20T18:28:42.400+0000][1][gc,metaspace] GC(136) Metaspace: 98906K(100800K)->98906K(100800K) NonClass: 86883K(87872K)->86883K(87872K) Class: 12023K(12928K)->12023K(12928K)
[2024-05-20T18:28:42.400+0000][1][gc          ] GC(136) Pause Young (Concurrent Start) (G1 Evacuation Pause) 654M->53M(1024M) 11.602ms
[2024-05-20T18:28:42.400+0000][1][gc,cpu      ] GC(136) User=0.04s Sys=0.00s Real=0.01s
[2024-05-20T18:28:42.400+0000][1][gc          ] GC(137) Concurrent Mark Cycle
[2024-05-20T18:28:42.400+0000][1][gc,marking  ] GC(137) Concurrent Scan Root Regions
[2024-05-20T18:28:42.400+0000][1][safepoint   ] Safepoint "G1CollectForAllocation", Time since last: 715843917686 ns, Reaching safepoint: 30596 ns, Cleanup: 6620 ns, At safepoint: 11708740 ns, Total: 11745956 ns
[2024-05-20T18:28:42.408+0000][1][gc,marking  ] GC(137) Concurrent Scan Root Regions 8.590ms
[2024-05-20T18:28:42.408+0000][1][gc,marking  ] GC(137) Concurrent Mark
[2024-05-20T18:28:42.408+0000][1][gc,marking  ] GC(137) Concurrent Mark From Roots
[2024-05-20T18:28:42.408+0000][1][gc,task     ] GC(137) Using 1 workers of 1 for marking
[2024-05-20T18:28:42.472+0000][1][gc,marking  ] GC(137) Concurrent Mark From Roots 63.362ms
[2024-05-20T18:28:42.472+0000][1][gc,marking  ] GC(137) Concurrent Preclean
[2024-05-20T18:28:42.472+0000][1][gc,marking  ] GC(137) Concurrent Preclean 0.226ms
[2024-05-20T18:28:42.472+0000][1][gc,start    ] GC(137) Pause Remark
[2024-05-20T18:28:42.479+0000][1][gc          ] GC(137) Pause Remark 54M->54M(1024M) 7.002ms
[2024-05-20T18:28:42.479+0000][1][gc,cpu      ] GC(137) User=0.02s Sys=0.00s Real=0.01s
[2024-05-20T18:28:42.479+0000][1][safepoint   ] Safepoint "G1PauseRemark", Time since last: 72438231 ns, Reaching safepoint: 44315 ns, Cleanup: 4989 ns, At safepoint: 7127905 ns, Total: 7177209 ns
[2024-05-20T18:28:42.479+0000][1][gc,marking  ] GC(137) Concurrent Mark 70.984ms
[2024-05-20T18:28:42.479+0000][1][gc,marking  ] GC(137) Concurrent Rebuild Remembered Sets and Scrub Regions
[2024-05-20T18:28:42.505+0000][1][gc,marking  ] GC(137) Concurrent Rebuild Remembered Sets and Scrub Regions 26.096ms
[2024-05-20T18:28:42.506+0000][1][gc,start    ] GC(137) Pause Cleanup
[2024-05-20T18:28:42.506+0000][1][gc          ] GC(137) Pause Cleanup 54M->54M(1024M) 0.272ms
[2024-05-20T18:28:42.506+0000][1][gc,cpu      ] GC(137) User=0.00s Sys=0.00s Real=0.00s
[2024-05-20T18:28:42.506+0000][1][safepoint   ] Safepoint "G1PauseCleanup", Time since last: 26333566 ns, Reaching safepoint: 20705 ns, Cleanup: 4812 ns, At safepoint: 328017 ns, Total: 353534 ns
[2024-05-20T18:28:42.506+0000][1][gc,marking  ] GC(137) Concurrent Clear Claimed Marks
[2024-05-20T18:28:42.506+0000][1][gc,marking  ] GC(137) Concurrent Clear Claimed Marks 0.111ms
[2024-05-20T18:28:42.506+0000][1][gc,marking  ] GC(137) Concurrent Cleanup for Next Mark
[2024-05-20T18:28:42.509+0000][1][gc,marking  ] GC(137) Concurrent Cleanup for Next Mark 3.272ms
[2024-05-20T18:28:42.510+0000][1][gc          ] GC(137) Concurrent Mark Cycle 109.891ms
[2024-05-20T18:29:53.931+0000][1][safepoint   ] Safepoint "Cleanup", Time since last: 71425057886 ns, Reaching safepoint: 121355 ns, Cleanup: 32923 ns, At safepoint: 10629 ns, Total: 164907 ns
[2024-05-20T19:11:03.087+0000][1][safepoint   ] Safepoint "Cleanup", Time since last: 2469155334331 ns, Reaching safepoint: 8925 ns, Cleanup: 9727 ns, At safepoint: 2570 ns, Total: 21222 ns
[2024-05-20T19:11:04.090+0000][1][safepoint   ] Safepoint "Cleanup", Time since last: 1003213177 ns, Reaching safepoint: 37036 ns, Cleanup: 24300 ns, At safepoint: 7830 ns, Total: 69166 ns
[2024-05-20T19:15:49.336+0000][1][gc,start    ] GC(138) Pause Young (Prepare Mixed) (G1 Evacuation Pause)
[2024-05-20T19:15:49.336+0000][1][gc,task     ] GC(138) Using 4 workers of 4 for evacuation
[2024-05-20T19:15:49.336+0000][1][gc,age      ] GC(138) Desired survivor size 40370176 bytes, new threshold 15 (max threshold 15)
[2024-05-20T19:15:49.347+0000][1][gc,phases   ] GC(138)   Pre Evacuate Collection Set: 0.4ms
[2024-05-20T19:15:49.347+0000][1][gc,phases   ] GC(138)   Merge Heap Roots: 0.2ms
[2024-05-20T19:15:49.347+0000][1][gc,phases   ] GC(138)   Evacuate Collection Set: 8.8ms
[2024-05-20T19:15:49.347+0000][1][gc,phases   ] GC(138)   Post Evacuate Collection Set: 1.5ms
[2024-05-20T19:15:49.347+0000][1][gc,phases   ] GC(138)   Other: 0.1ms
[2024-05-20T19:15:49.347+0000][1][gc,age      ] GC(138) Age table with threshold 15 (max threshold 15)
[2024-05-20T19:15:49.347+0000][1][gc,age      ] GC(138) - age   1:    4234568 bytes,    4234568 total
[2024-05-20T19:15:49.347+0000][1][gc,age      ] GC(138) - age   2:    1994712 bytes,    6229280 total
[2024-05-20T19:15:49.347+0000][1][gc,age      ] GC(138) - age   3:    2165472 bytes,    8394752 total
[2024-05-20T19:15:49.347+0000][1][gc,age      ] GC(138) - age   4:     750032 bytes,    9144784 total
[2024-05-20T19:15:49.347+0000][1][gc,age      ] GC(138) - age   5:     754840 bytes,    9899624 total
[2024-05-20T19:15:49.347+0000][1][gc,age      ] GC(138) - age   6:    1405072 bytes,   11304696 total
[2024-05-20T19:15:49.347+0000][1][gc,age      ] GC(138) - age   7:     427728 bytes,   11732424 total
[2024-05-20T19:15:49.347+0000][1][gc,age      ] GC(138) - age   8:     298264 bytes,   12030688 total
[2024-05-20T19:15:49.347+0000][1][gc,age      ] GC(138) - age   9:     466328 bytes,   12497016 total
[2024-05-20T19:15:49.347+0000][1][gc,age      ] GC(138) - age  10:     294032 bytes,   12791048 total
[2024-05-20T19:15:49.347+0000][1][gc,age      ] GC(138) - age  11:     153016 bytes,   12944064 total
[2024-05-20T19:15:49.347+0000][1][gc,age      ] GC(138) - age  12:      69256 bytes,   13013320 total
[2024-05-20T19:15:49.347+0000][1][gc,age      ] GC(138) - age  13:     112832 bytes,   13126152 total
[2024-05-20T19:15:49.347+0000][1][gc,age      ] GC(138) - age  14:      45192 bytes,   13171344 total
[2024-05-20T19:15:49.347+0000][1][gc,age      ] GC(138) - age  15:       3912 bytes,   13175256 total
[2024-05-20T19:15:49.347+0000][1][gc,heap     ] GC(138) Eden regions: 600->0(600)
[2024-05-20T19:15:49.347+0000][1][gc,heap     ] GC(138) Survivor regions: 14->14(77)
[2024-05-20T19:15:49.348+0000][1][gc,heap     ] GC(138) Old regions: 38->38
[2024-05-20T19:15:49.348+0000][1][gc,heap     ] GC(138) Humongous regions: 3->3
[2024-05-20T19:15:49.348+0000][1][gc,metaspace] GC(138) Metaspace: 98906K(100800K)->98906K(100800K) NonClass: 86883K(87872K)->86883K(87872K) Class: 12023K(12928K)->12023K(12928K)
[2024-05-20T19:15:49.348+0000][1][gc          ] GC(138) Pause Young (Prepare Mixed) (G1 Evacuation Pause) 653M->53M(1024M) 11.327ms
[2024-05-20T19:15:49.348+0000][1][gc,cpu      ] GC(138) User=0.04s Sys=0.00s Real=0.01s
[2024-05-20T19:15:49.348+0000][1][safepoint   ] Safepoint "G1CollectForAllocation", Time since last: 285246321103 ns, Reaching safepoint: 55140 ns, Cleanup: 6772 ns, At safepoint: 11418807 ns, Total: 11480719 ns
[2024-05-20T19:15:50.348+0000][1][safepoint   ] Safepoint "Cleanup", Time since last: 1000153441 ns, Reaching safepoint: 37334 ns, Cleanup: 23724 ns, At safepoint: 7961 ns, Total: 69019 ns
[2024-05-20T19:30:56.912+0000][1][safepoint   ] Safepoint "Cleanup", Time since last: 906564385129 ns, Reaching safepoint: 88921 ns, Cleanup: 73104 ns, At safepoint: 6989 ns, Total: 169014 ns
[2024-05-20T19:30:57.959+0000][1][safepoint   ] Safepoint "Cleanup", Time since last: 1046292319 ns, Reaching safepoint: 8153 ns, Cleanup: 31028 ns, At safepoint: 2960 ns, Total: 42141 ns
[2024-05-20T19:31:17.985+0000][1][safepoint   ] Safepoint "Cleanup", Time since last: 20026553451 ns, Reaching safepoint: 26586 ns, Cleanup: 10182 ns, At safepoint: 6396 ns, Total: 43164 ns
[2024-05-20T19:31:18.988+0000][1][safepoint   ] Safepoint "Cleanup", Time since last: 1002388435 ns, Reaching safepoint: 36402 ns, Cleanup: 35370 ns, At safepoint: 7912 ns, Total: 79684 ns
[2024-05-20T19:31:21.051+0000][1][safepoint   ] Safepoint "Cleanup", Time since last: 2062866822 ns, Reaching safepoint: 28018 ns, Cleanup: 6295 ns, At safepoint: 2876 ns, Total: 37189 ns
[2024-05-20T19:40:57.227+0000][1][safepoint   ] Safepoint "Cleanup", Time since last: 576176546817 ns, Reaching safepoint: 63833 ns, Cleanup: 16225 ns, At safepoint: 3921 ns, Total: 83979 ns
[2024-05-20T19:40:58.227+0000][1][safepoint   ] Safepoint "Cleanup", Time since last: 1000072504 ns, Reaching safepoint: 45758 ns, Cleanup: 25050 ns, At safepoint: 5451 ns, Total: 76259 ns
[2024-05-20T19:41:08.230+0000][1][safepoint   ] Safepoint "Cleanup", Time since last: 10002635294 ns, Reaching safepoint: 38095 ns, Cleanup: 24668 ns, At safepoint: 8948 ns, Total: 71711 ns
[2024-05-20T19:45:48.439+0000][1][gc,start    ] GC(139) Pause Young (Mixed) (G1 Evacuation Pause)
[2024-05-20T19:45:48.439+0000][1][gc,task     ] GC(139) Using 4 workers of 4 for evacuation
[2024-05-20T19:45:48.439+0000][1][gc,age      ] GC(139) Desired survivor size 40370176 bytes, new threshold 15 (max threshold 15)
[2024-05-20T19:45:48.451+0000][1][gc,phases   ] GC(139)   Pre Evacuate Collection Set: 0.5ms
[2024-05-20T19:45:48.451+0000][1][gc,phases   ] GC(139)   Merge Heap Roots: 0.1ms
[2024-05-20T19:45:48.451+0000][1][gc,phases   ] GC(139)   Evacuate Collection Set: 9.7ms
[2024-05-20T19:45:48.451+0000][1][gc,phases   ] GC(139)   Post Evacuate Collection Set: 1.4ms
[2024-05-20T19:45:48.451+0000][1][gc,phases   ] GC(139)   Other: 0.1ms
[2024-05-20T19:45:48.451+0000][1][gc,age      ] GC(139) Age table with threshold 15 (max threshold 15)
[2024-05-20T19:45:48.451+0000][1][gc,age      ] GC(139) - age   1:    5955848 bytes,    5955848 total
[2024-05-20T19:45:48.451+0000][1][gc,age      ] GC(139) - age   2:    1886224 bytes,    7842072 total
[2024-05-20T19:45:48.451+0000][1][gc,age      ] GC(139) - age   3:    1688240 bytes,    9530312 total
[2024-05-20T19:45:48.451+0000][1][gc,age      ] GC(139) - age   4:     769800 bytes,   10300112 total
[2024-05-20T19:45:48.451+0000][1][gc,age      ] GC(139) - age   5:     330728 bytes,   10630840 total
[2024-05-20T19:45:48.451+0000][1][gc,age      ] GC(139) - age   6:     220744 bytes,   10851584 total
[2024-05-20T19:45:48.451+0000][1][gc,age      ] GC(139) - age   7:     401256 bytes,   11252840 total
[2024-05-20T19:45:48.451+0000][1][gc,age      ] GC(139) - age   8:     221312 bytes,   11474152 total
[2024-05-20T19:45:48.451+0000][1][gc,age      ] GC(139) - age   9:     119648 bytes,   11593800 total
[2024-05-20T19:45:48.451+0000][1][gc,age      ] GC(139) - age  10:     212880 bytes,   11806680 total
[2024-05-20T19:45:48.451+0000][1][gc,age      ] GC(139) - age  11:     229944 bytes,   12036624 total
[2024-05-20T19:45:48.451+0000][1][gc,age      ] GC(139) - age  12:     111392 bytes,   12148016 total
[2024-05-20T19:45:48.451+0000][1][gc,age      ] GC(139) - age  13:      69256 bytes,   12217272 total
[2024-05-20T19:45:48.451+0000][1][gc,age      ] GC(139) - age  14:     112832 bytes,   12330104 total
[2024-05-20T19:45:48.451+0000][1][gc,age      ] GC(139) - age  15:      45192 bytes,   12375296 total
[2024-05-20T19:45:48.451+0000][1][gc,heap     ] GC(139) Eden regions: 600->0(601)
[2024-05-20T19:45:48.451+0000][1][gc,heap     ] GC(139) Survivor regions: 14->13(77)
[2024-05-20T19:45:48.451+0000][1][gc,heap     ] GC(139) Old regions: 38->37
[2024-05-20T19:45:48.451+0000][1][gc,heap     ] GC(139) Humongous regions: 3->3
[2024-05-20T19:45:48.451+0000][1][gc,metaspace] GC(139) Metaspace: 98920K(100800K)->98920K(100800K) NonClass: 86896K(87872K)->86896K(87872K) Class: 12024K(12928K)->12024K(12928K)
[2024-05-20T19:45:48.451+0000][1][gc          ] GC(139) Pause Young (Mixed) (G1 Evacuation Pause) 653M->53M(1024M) 12.279ms
[2024-05-20T19:45:48.451+0000][1][gc,cpu      ] GC(139) User=0.04s Sys=0.00s Real=0.01s
[2024-05-20T19:45:48.451+0000][1][safepoint   ] Safepoint "G1CollectForAllocation", Time since last: 280208626903 ns, Reaching safepoint: 31319 ns, Cleanup: 6151 ns, At safepoint: 12379830 ns, Total: 12417300 ns
[2024-05-20T20:12:19.367+0000][1][safepoint   ] Safepoint "Cleanup", Time since last: 1590916077150 ns, Reaching safepoint: 37338 ns, Cleanup: 23486 ns, At safepoint: 77938 ns, Total: 138762 ns
[2024-05-20T20:28:23.529+0000][1][safepoint   ] Safepoint "Cleanup", Time since last: 964161898838 ns, Reaching safepoint: 8685 ns, Cleanup: 16220 ns, At safepoint: 2658 ns, Total: 27563 ns
[2024-05-20T20:31:31.502+0000][1][gc,start    ] GC(140) Pause Young (Concurrent Start) (G1 Evacuation Pause)
[2024-05-20T20:31:31.503+0000][1][gc,task     ] GC(140) Using 4 workers of 4 for evacuation
[2024-05-20T20:31:31.503+0000][1][gc,age      ] GC(140) Desired survivor size 40370176 bytes, new threshold 15 (max threshold 15)
[2024-05-20T20:31:31.514+0000][1][gc,phases   ] GC(140)   Pre Evacuate Collection Set: 0.5ms
[2024-05-20T20:31:31.514+0000][1][gc,phases   ] GC(140)   Merge Heap Roots: 0.2ms
[2024-05-20T20:31:31.514+0000][1][gc,phases   ] GC(140)   Evacuate Collection Set: 9.0ms
[2024-05-20T20:31:31.514+0000][1][gc,phases   ] GC(140)   Post Evacuate Collection Set: 1.4ms
[2024-05-20T20:31:31.514+0000][1][gc,phases   ] GC(140)   Other: 0.3ms
[2024-05-20T20:31:31.514+0000][1][gc,age      ] GC(140) Age table with threshold 15 (max threshold 15)
[2024-05-20T20:31:31.514+0000][1][gc,age      ] GC(140) - age   1:    3930424 bytes,    3930424 total
[2024-05-20T20:31:31.514+0000][1][gc,age      ] GC(140) - age   2:    4078728 bytes,    8009152 total
[2024-05-20T20:31:31.514+0000][1][gc,age      ] GC(140) - age   3:    1752200 bytes,    9761352 total
[2024-05-20T20:31:31.514+0000][1][gc,age      ] GC(140) - age   4:     643080 bytes,   10404432 total
[2024-05-20T20:31:31.514+0000][1][gc,age      ] GC(140) - age   5:     338040 bytes,   10742472 total
[2024-05-20T20:31:31.514+0000][1][gc,age      ] GC(140) - age   6:     330704 bytes,   11073176 total
[2024-05-20T20:31:31.514+0000][1][gc,age      ] GC(140) - age   7:      94232 bytes,   11167408 total
[2024-05-20T20:31:31.514+0000][1][gc,age      ] GC(140) - age   8:     383104 bytes,   11550512 total
[2024-05-20T20:31:31.514+0000][1][gc,age      ] GC(140) - age   9:     208048 bytes,   11758560 total
[2024-05-20T20:31:31.514+0000][1][gc,age      ] GC(140) - age  10:     119648 bytes,   11878208 total
[2024-05-20T20:31:31.514+0000][1][gc,age      ] GC(140) - age  11:     211104 bytes,   12089312 total
[2024-05-20T20:31:31.514+0000][1][gc,age      ] GC(140) - age  12:     229944 bytes,   12319256 total
[2024-05-20T20:31:31.514+0000][1][gc,age      ] GC(140) - age  13:      74480 bytes,   12393736 total
[2024-05-20T20:31:31.514+0000][1][gc,age      ] GC(140) - age  14:      69256 bytes,   12462992 total
[2024-05-20T20:31:31.514+0000][1][gc,age      ] GC(140) - age  15:     112832 bytes,   12575824 total
[2024-05-20T20:31:31.514+0000][1][gc,heap     ] GC(140) Eden regions: 601->0(601)
[2024-05-20T20:31:31.514+0000][1][gc,heap     ] GC(140) Survivor regions: 13->13(77)
[2024-05-20T20:31:31.514+0000][1][gc,heap     ] GC(140) Old regions: 37->38
[2024-05-20T20:31:31.514+0000][1][gc,heap     ] GC(140) Humongous regions: 3->3
[2024-05-20T20:31:31.514+0000][1][gc,metaspace] GC(140) Metaspace: 98920K(100800K)->98920K(100800K) NonClass: 86896K(87872K)->86896K(87872K) Class: 12024K(12928K)->12024K(12928K)
[2024-05-20T20:31:31.514+0000][1][gc          ] GC(140) Pause Young (Concurrent Start) (G1 Evacuation Pause) 654M->53M(1024M) 11.801ms
[2024-05-20T20:31:31.514+0000][1][gc          ] GC(141) Concurrent Mark Cycle
[2024-05-20T20:31:31.514+0000][1][gc,marking  ] GC(141) Concurrent Scan Root Regions
[2024-05-20T20:31:31.514+0000][1][gc,cpu      ] GC(140) User=0.04s Sys=0.00s Real=0.01s
[2024-05-20T20:31:31.514+0000][1][safepoint   ] Safepoint "G1CollectForAllocation", Time since last: 187972965764 ns, Reaching safepoint: 71274 ns, Cleanup: 6875 ns, At safepoint: 11949313 ns, Total: 12027462 ns
[2024-05-20T20:31:31.522+0000][1][gc,marking  ] GC(141) Concurrent Scan Root Regions 8.119ms
[2024-05-20T20:31:31.523+0000][1][gc,marking  ] GC(141) Concurrent Mark
[2024-05-20T20:31:31.523+0000][1][gc,marking  ] GC(141) Concurrent Mark From Roots
[2024-05-20T20:31:31.523+0000][1][gc,task     ] GC(141) Using 1 workers of 1 for marking
[2024-05-20T20:31:31.583+0000][1][gc,marking  ] GC(141) Concurrent Mark From Roots 60.388ms
[2024-05-20T20:31:31.583+0000][1][gc,marking  ] GC(141) Concurrent Preclean
[2024-05-20T20:31:31.583+0000][1][gc,marking  ] GC(141) Concurrent Preclean 0.225ms
[2024-05-20T20:31:31.583+0000][1][gc,start    ] GC(141) Pause Remark
[2024-05-20T20:31:31.592+0000][1][gc          ] GC(141) Pause Remark 53M->53M(1024M) 8.550ms
[2024-05-20T20:31:31.592+0000][1][gc,cpu      ] GC(141) User=0.02s Sys=0.00s Real=0.01s
[2024-05-20T20:31:31.592+0000][1][safepoint   ] Safepoint "G1PauseRemark", Time since last: 68933906 ns, Reaching safepoint: 27676 ns, Cleanup: 5268 ns, At safepoint: 8683378 ns, Total: 8716322 ns
[2024-05-20T20:31:31.592+0000][1][gc,marking  ] GC(141) Concurrent Mark 69.575ms
[2024-05-20T20:31:31.592+0000][1][gc,marking  ] GC(141) Concurrent Rebuild Remembered Sets and Scrub Regions
[2024-05-20T20:31:31.619+0000][1][gc,marking  ] GC(141) Concurrent Rebuild Remembered Sets and Scrub Regions 26.989ms
[2024-05-20T20:31:31.619+0000][1][gc,start    ] GC(141) Pause Cleanup
[2024-05-20T20:31:31.620+0000][1][gc          ] GC(141) Pause Cleanup 53M->53M(1024M) 0.283ms
[2024-05-20T20:31:31.620+0000][1][gc,cpu      ] GC(141) User=0.00s Sys=0.00s Real=0.00s
[2024-05-20T20:31:31.620+0000][1][safepoint   ] Safepoint "G1PauseCleanup", Time since last: 27261623 ns, Reaching safepoint: 20006 ns, Cleanup: 6830 ns, At safepoint: 342732 ns, Total: 369568 ns
[2024-05-20T20:31:31.620+0000][1][gc,marking  ] GC(141) Concurrent Clear Claimed Marks
[2024-05-20T20:31:31.620+0000][1][gc,marking  ] GC(141) Concurrent Clear Claimed Marks 0.112ms
[2024-05-20T20:31:31.620+0000][1][gc,marking  ] GC(141) Concurrent Cleanup for Next Mark
[2024-05-20T20:31:31.623+0000][1][gc,marking  ] GC(141) Concurrent Cleanup for Next Mark 3.150ms
[2024-05-20T20:31:31.623+0000][1][gc          ] GC(141) Concurrent Mark Cycle 108.821ms
[2024-05-20T21:20:12.478+0000][1][gc,start    ] GC(142) Pause Young (Prepare Mixed) (G1 Evacuation Pause)
[2024-05-20T21:20:12.478+0000][1][gc,task     ] GC(142) Using 4 workers of 4 for evacuation
[2024-05-20T21:20:12.478+0000][1][gc,age      ] GC(142) Desired survivor size 40370176 bytes, new threshold 15 (max threshold 15)
[2024-05-20T21:20:12.488+0000][1][gc,phases   ] GC(142)   Pre Evacuate Collection Set: 0.4ms
[2024-05-20T21:20:12.488+0000][1][gc,phases   ] GC(142)   Merge Heap Roots: 0.2ms
[2024-05-20T21:20:12.488+0000][1][gc,phases   ] GC(142)   Evacuate Collection Set: 8.4ms
[2024-05-20T21:20:12.488+0000][1][gc,phases   ] GC(142)   Post Evacuate Collection Set: 1.4ms
[2024-05-20T21:20:12.488+0000][1][gc,phases   ] GC(142)   Other: 0.1ms
[2024-05-20T21:20:12.488+0000][1][gc,age      ] GC(142) Age table with threshold 15 (max threshold 15)
[2024-05-20T21:20:12.488+0000][1][gc,age      ] GC(142) - age   1:    4156960 bytes,    4156960 total
[2024-05-20T21:20:12.488+0000][1][gc,age      ] GC(142) - age   2:    2577944 bytes,    6734904 total
[2024-05-20T21:20:12.488+0000][1][gc,age      ] GC(142) - age   3:    2997632 bytes,    9732536 total
[2024-05-20T21:20:12.488+0000][1][gc,age      ] GC(142) - age   4:     715032 bytes,   10447568 total
[2024-05-20T21:20:12.488+0000][1][gc,age      ] GC(142) - age   5:     319120 bytes,   10766688 total
[2024-05-20T21:20:12.488+0000][1][gc,age      ] GC(142) - age   6:     336528 bytes,   11103216 total
[2024-05-20T21:20:12.489+0000][1][gc,age      ] GC(142) - age   7:     188760 bytes,   11291976 total
[2024-05-20T21:20:12.489+0000][1][gc,age      ] GC(142) - age   8:      65856 bytes,   11357832 total
[2024-05-20T21:20:12.489+0000][1][gc,age      ] GC(142) - age   9:     377472 bytes,   11735304 total
[2024-05-20T21:20:12.489+0000][1][gc,age      ] GC(142) - age  10:     207112 bytes,   11942416 total
[2024-05-20T21:20:12.489+0000][1][gc,age      ] GC(142) - age  11:     117104 bytes,   12059520 total
[2024-05-20T21:20:12.489+0000][1][gc,age      ] GC(142) - age  12:     207328 bytes,   12266848 total
[2024-05-20T21:20:12.489+0000][1][gc,age      ] GC(142) - age  13:     229944 bytes,   12496792 total
[2024-05-20T21:20:12.489+0000][1][gc,age      ] GC(142) - age  14:      40312 bytes,   12537104 total
[2024-05-20T21:20:12.489+0000][1][gc,age      ] GC(142) - age  15:      69256 bytes,   12606360 total
[2024-05-20T21:20:12.489+0000][1][gc,heap     ] GC(142) Eden regions: 601->0(601)
[2024-05-20T21:20:12.489+0000][1][gc,heap     ] GC(142) Survivor regions: 13->13(77)
[2024-05-20T21:20:12.489+0000][1][gc,heap     ] GC(142) Old regions: 38->38
[2024-05-20T21:20:12.489+0000][1][gc,heap     ] GC(142) Humongous regions: 3->3
[2024-05-20T21:20:12.489+0000][1][gc,metaspace] GC(142) Metaspace: 98920K(100800K)->98920K(100800K) NonClass: 86896K(87872K)->86896K(87872K) Class: 12024K(12928K)->12024K(12928K)
[2024-05-20T21:20:12.489+0000][1][gc          ] GC(142) Pause Young (Prepare Mixed) (G1 Evacuation Pause) 654M->53M(1024M) 10.984ms
[2024-05-20T21:20:12.489+0000][1][gc,cpu      ] GC(142) User=0.03s Sys=0.00s Real=0.01s
[2024-05-20T21:20:12.489+0000][1][safepoint   ] Safepoint "G1CollectForAllocation", Time since last: 2920857955307 ns, Reaching safepoint: 52758 ns, Cleanup: 6632 ns, At safepoint: 11077032 ns, Total: 11136422 ns
[2024-05-20T21:22:23.800+0000][1][safepoint   ] Safepoint "Cleanup", Time since last: 131311461015 ns, Reaching safepoint: 8315 ns, Cleanup: 12155 ns, At safepoint: 3263 ns, Total: 23733 ns
[2024-05-20T22:06:23.766+0000][1][gc,start    ] GC(143) Pause Young (Mixed) (G1 Evacuation Pause)
[2024-05-20T22:06:23.766+0000][1][gc,task     ] GC(143) Using 4 workers of 4 for evacuation
[2024-05-20T22:06:23.766+0000][1][gc,age      ] GC(143) Desired survivor size 40370176 bytes, new threshold 15 (max threshold 15)
[2024-05-20T22:06:23.784+0000][1][gc,phases   ] GC(143)   Pre Evacuate Collection Set: 0.7ms
[2024-05-20T22:06:23.784+0000][1][gc,phases   ] GC(143)   Merge Heap Roots: 0.3ms
[2024-05-20T22:06:23.784+0000][1][gc,phases   ] GC(143)   Evacuate Collection Set: 15.1ms
[2024-05-20T22:06:23.784+0000][1][gc,phases   ] GC(143)   Post Evacuate Collection Set: 1.4ms
[2024-05-20T22:06:23.784+0000][1][gc,phases   ] GC(143)   Other: 0.2ms
[2024-05-20T22:06:23.784+0000][1][gc,age      ] GC(143) Age table with threshold 15 (max threshold 15)
[2024-05-20T22:06:23.784+0000][1][gc,age      ] GC(143) - age   1:    3811672 bytes,    3811672 total
[2024-05-20T22:06:23.784+0000][1][gc,age      ] GC(143) - age   2:    2762368 bytes,    6574040 total
[2024-05-20T22:06:23.784+0000][1][gc,age      ] GC(143) - age   3:    1873376 bytes,    8447416 total
[2024-05-20T22:06:23.784+0000][1][gc,age      ] GC(143) - age   4:    1940048 bytes,   10387464 total
[2024-05-20T22:06:23.784+0000][1][gc,age      ] GC(143) - age   5:     441856 bytes,   10829320 total
[2024-05-20T22:06:23.784+0000][1][gc,age      ] GC(143) - age   6:     319120 bytes,   11148440 total
[2024-05-20T22:06:23.784+0000][1][gc,age      ] GC(143) - age   7:     202592 bytes,   11351032 total
[2024-05-20T22:06:23.784+0000][1][gc,age      ] GC(143) - age   8:     146608 bytes,   11497640 total
[2024-05-20T22:06:23.784+0000][1][gc,age      ] GC(143) - age   9:      32264 bytes,   11529904 total
[2024-05-20T22:06:23.784+0000][1][gc,age      ] GC(143) - age  10:     344288 bytes,   11874192 total
[2024-05-20T22:06:23.784+0000][1][gc,age      ] GC(143) - age  11:     174096 bytes,   12048288 total
[2024-05-20T22:06:23.784+0000][1][gc,age      ] GC(143) - age  12:     116768 bytes,   12165056 total
[2024-05-20T22:06:23.784+0000][1][gc,age      ] GC(143) - age  13:     207328 bytes,   12372384 total
[2024-05-20T22:06:23.784+0000][1][gc,age      ] GC(143) - age  14:     229944 bytes,   12602328 total
[2024-05-20T22:06:23.784+0000][1][gc,age      ] GC(143) - age  15:      40312 bytes,   12642640 total
[2024-05-20T22:06:23.784+0000][1][gc,heap     ] GC(143) Eden regions: 601->0(601)
[2024-05-20T22:06:23.784+0000][1][gc,heap     ] GC(143) Survivor regions: 13->13(77)
[2024-05-20T22:06:23.784+0000][1][gc,heap     ] GC(143) Old regions: 38->37
[2024-05-20T22:06:23.784+0000][1][gc,heap     ] GC(143) Humongous regions: 3->3
[2024-05-20T22:06:23.784+0000][1][gc,metaspace] GC(143) Metaspace: 98920K(100800K)->98920K(100800K) NonClass: 86896K(87872K)->86896K(87872K) Class: 12024K(12928K)->12024K(12928K)
[2024-05-20T22:06:23.785+0000][1][gc          ] GC(143) Pause Young (Mixed) (G1 Evacuation Pause) 654M->52M(1024M) 18.239ms
[2024-05-20T22:06:23.785+0000][1][gc,cpu      ] GC(143) User=0.06s Sys=0.00s Real=0.02s
[2024-05-20T22:06:23.785+0000][1][safepoint   ] Safepoint "G1CollectForAllocation", Time since last: 2639965902880 ns, Reaching safepoint: 102277 ns, Cleanup: 10372 ns, At safepoint: 18348223 ns, Total: 18460872 ns
[2024-05-20T22:45:34.171+0000][1][safepoint   ] Safepoint "Cleanup", Time since last: 2350386264699 ns, Reaching safepoint: 7802 ns, Cleanup: 15808 ns, At safepoint: 3213 ns, Total: 26823 ns
[2024-05-20T22:48:56.072+0000][1][safepoint   ] Safepoint "Cleanup", Time since last: 201900968428 ns, Reaching safepoint: 101262 ns, Cleanup: 23726 ns, At safepoint: 8644 ns, Total: 133632 ns
[2024-05-20T22:48:59.073+0000][1][safepoint   ] Safepoint "Cleanup", Time since last: 3000895964 ns, Reaching safepoint: 43844 ns, Cleanup: 33557 ns, At safepoint: 9574 ns, Total: 86975 ns
[2024-05-20T22:50:05.090+0000][1][safepoint   ] Safepoint "Cleanup", Time since last: 66017272648 ns, Reaching safepoint: 117182 ns, Cleanup: 32869 ns, At safepoint: 10020 ns, Total: 160071 ns
[2024-05-20T22:50:08.091+0000][1][safepoint   ] Safepoint "Cleanup", Time since last: 3000930895 ns, Reaching safepoint: 37707 ns, Cleanup: 89512 ns, At safepoint: 9619 ns, Total: 136838 ns
[2024-05-20T22:50:11.092+0000][1][safepoint   ] Safepoint "Cleanup", Time since last: 3000542561 ns, Reaching safepoint: 30927 ns, Cleanup: 18197 ns, At safepoint: 4289 ns, Total: 53413 ns
[2024-05-20T22:51:17.109+0000][1][safepoint   ] Safepoint "Cleanup", Time since last: 66017132340 ns, Reaching safepoint: 120822 ns, Cleanup: 27613 ns, At safepoint: 10148 ns, Total: 158583 ns
[2024-05-20T22:53:03.359+0000][1][safepoint   ] Safepoint "Cleanup", Time since last: 106249697728 ns, Reaching safepoint: 73167 ns, Cleanup: 18233 ns, At safepoint: 4913 ns, Total: 96313 ns
[2024-05-20T22:53:12.362+0000][1][safepoint   ] Safepoint "Cleanup", Time since last: 9002452712 ns, Reaching safepoint: 37499 ns, Cleanup: 23899 ns, At safepoint: 7718 ns, Total: 69116 ns
[2024-05-20T22:53:49.373+0000][1][safepoint   ] Safepoint "Cleanup", Time since last: 37011062429 ns, Reaching safepoint: 91658 ns, Cleanup: 21424 ns, At safepoint: 18765 ns, Total: 131847 ns
[2024-05-20T22:55:32.567+0000][1][gc,start    ] GC(144) Pause Young (Concurrent Start) (G1 Evacuation Pause)
[2024-05-20T22:55:32.567+0000][1][gc,task     ] GC(144) Using 4 workers of 4 for evacuation
[2024-05-20T22:55:32.567+0000][1][gc,age      ] GC(144) Desired survivor size 40370176 bytes, new threshold 15 (max threshold 15)
[2024-05-20T22:55:32.581+0000][1][gc,phases   ] GC(144)   Pre Evacuate Collection Set: 0.8ms
[2024-05-20T22:55:32.581+0000][1][gc,phases   ] GC(144)   Merge Heap Roots: 0.4ms
[2024-05-20T22:55:32.581+0000][1][gc,phases   ] GC(144)   Evacuate Collection Set: 11.4ms
[2024-05-20T22:55:32.581+0000][1][gc,phases   ] GC(144)   Post Evacuate Collection Set: 1.5ms
[2024-05-20T22:55:32.581+0000][1][gc,phases   ] GC(144)   Other: 0.3ms
[2024-05-20T22:55:32.581+0000][1][gc,age      ] GC(144) Age table with threshold 15 (max threshold 15)
[2024-05-20T22:55:32.581+0000][1][gc,age      ] GC(144) - age   1:    3980432 bytes,    3980432 total
[2024-05-20T22:55:32.581+0000][1][gc,age      ] GC(144) - age   2:    2431728 bytes,    6412160 total
[2024-05-20T22:55:32.581+0000][1][gc,age      ] GC(144) - age   3:    2273256 bytes,    8685416 total
[2024-05-20T22:55:32.581+0000][1][gc,age      ] GC(144) - age   4:     392824 bytes,    9078240 total
[2024-05-20T22:55:32.581+0000][1][gc,age      ] GC(144) - age   5:    1908120 bytes,   10986360 total
[2024-05-20T22:55:32.581+0000][1][gc,age      ] GC(144) - age   6:     379456 bytes,   11365816 total
[2024-05-20T22:55:32.581+0000][1][gc,age      ] GC(144) - age   7:     106952 bytes,   11472768 total
[2024-05-20T22:55:32.581+0000][1][gc,age      ] GC(144) - age   8:     195024 bytes,   11667792 total
[2024-05-20T22:55:32.581+0000][1][gc,age      ] GC(144) - age   9:     146584 bytes,   11814376 total
[2024-05-20T22:55:32.581+0000][1][gc,age      ] GC(144) - age  10:      32264 bytes,   11846640 total
[2024-05-20T22:55:32.581+0000][1][gc,age      ] GC(144) - age  11:     344288 bytes,   12190928 total
[2024-05-20T22:55:32.581+0000][1][gc,age      ] GC(144) - age  12:     174096 bytes,   12365024 total
[2024-05-20T22:55:32.581+0000][1][gc,age      ] GC(144) - age  13:     116768 bytes,   12481792 total
[2024-05-20T22:55:32.581+0000][1][gc,age      ] GC(144) - age  14:     207328 bytes,   12689120 total
[2024-05-20T22:55:32.581+0000][1][gc,age      ] GC(144) - age  15:     229944 bytes,   12919064 total
[2024-05-20T22:55:32.581+0000][1][gc,heap     ] GC(144) Eden regions: 601->0(600)
[2024-05-20T22:55:32.581+0000][1][gc,heap     ] GC(144) Survivor regions: 13->14(77)
[2024-05-20T22:55:32.581+0000][1][gc,heap     ] GC(144) Old regions: 37->38
[2024-05-20T22:55:32.581+0000][1][gc,heap     ] GC(144) Humongous regions: 3->3
[2024-05-20T22:55:32.581+0000][1][gc,metaspace] GC(144) Metaspace: 98920K(100800K)->98920K(100800K) NonClass: 86896K(87872K)->86896K(87872K) Class: 12024K(12928K)->12024K(12928K)
[2024-05-20T22:55:32.581+0000][1][gc          ] GC(144) Pause Young (Concurrent Start) (G1 Evacuation Pause) 653M->53M(1024M) 14.856ms
[2024-05-20T22:55:32.581+0000][1][gc          ] GC(145) Concurrent Mark Cycle
[2024-05-20T22:55:32.581+0000][1][gc,marking  ] GC(145) Concurrent Scan Root Regions
[2024-05-20T22:55:32.581+0000][1][gc,cpu      ] GC(144) User=0.05s Sys=0.00s Real=0.01s
[2024-05-20T22:55:32.582+0000][1][safepoint   ] Safepoint "G1CollectForAllocation", Time since last: 103193647708 ns, Reaching safepoint: 25780 ns, Cleanup: 6494 ns, At safepoint: 14988318 ns, Total: 15020592 ns
[2024-05-20T22:55:32.590+0000][1][gc,marking  ] GC(145) Concurrent Scan Root Regions 8.233ms
[2024-05-20T22:55:32.590+0000][1][gc,marking  ] GC(145) Concurrent Mark
[2024-05-20T22:55:32.590+0000][1][gc,marking  ] GC(145) Concurrent Mark From Roots
[2024-05-20T22:55:32.590+0000][1][gc,task     ] GC(145) Using 1 workers of 1 for marking
[2024-05-20T22:55:32.651+0000][1][gc,marking  ] GC(145) Concurrent Mark From Roots 60.947ms
[2024-05-20T22:55:32.651+0000][1][gc,marking  ] GC(145) Concurrent Preclean
[2024-05-20T22:55:32.651+0000][1][gc,marking  ] GC(145) Concurrent Preclean 0.224ms
[2024-05-20T22:55:32.651+0000][1][gc,start    ] GC(145) Pause Remark
[2024-05-20T22:55:32.660+0000][1][gc          ] GC(145) Pause Remark 53M->53M(1024M) 8.742ms
[2024-05-20T22:55:32.660+0000][1][gc,cpu      ] GC(145) User=0.02s Sys=0.00s Real=0.01s
[2024-05-20T22:55:32.660+0000][1][safepoint   ] Safepoint "G1PauseRemark", Time since last: 69583031 ns, Reaching safepoint: 44336 ns, Cleanup: 5056 ns, At safepoint: 8862250 ns, Total: 8911642 ns
[2024-05-20T22:55:32.660+0000][1][gc,marking  ] GC(145) Concurrent Mark 70.343ms
[2024-05-20T22:55:32.660+0000][1][gc,marking  ] GC(145) Concurrent Rebuild Remembered Sets and Scrub Regions
[2024-05-20T22:55:32.686+0000][1][gc,marking  ] GC(145) Concurrent Rebuild Remembered Sets and Scrub Regions 26.293ms
[2024-05-20T22:55:32.687+0000][1][gc,start    ] GC(145) Pause Cleanup
[2024-05-20T22:55:32.687+0000][1][gc          ] GC(145) Pause Cleanup 53M->53M(1024M) 0.264ms
[2024-05-20T22:55:32.687+0000][1][gc,cpu      ] GC(145) User=0.00s Sys=0.00s Real=0.00s
[2024-05-20T22:55:32.687+0000][1][safepoint   ] Safepoint "G1PauseCleanup", Time since last: 26556523 ns, Reaching safepoint: 37801 ns, Cleanup: 13207 ns, At safepoint: 319967 ns, Total: 370975 ns
[2024-05-20T22:55:32.687+0000][1][gc,marking  ] GC(145) Concurrent Clear Claimed Marks
[2024-05-20T22:55:32.687+0000][1][gc,marking  ] GC(145) Concurrent Clear Claimed Marks 0.130ms
[2024-05-20T22:55:32.687+0000][1][gc,marking  ] GC(145) Concurrent Cleanup for Next Mark
[2024-05-20T22:55:32.691+0000][1][gc,marking  ] GC(145) Concurrent Cleanup for Next Mark 3.469ms
[2024-05-20T22:55:32.691+0000][1][gc          ] GC(145) Concurrent Mark Cycle 109.241ms
[2024-05-20T23:20:10.299+0000][1][safepoint   ] Safepoint "Cleanup", Time since last: 1477611727598 ns, Reaching safepoint: 31378 ns, Cleanup: 16358 ns, At safepoint: 4829 ns, Total: 52565 ns
[2024-05-20T23:21:39.336+0000][1][safepoint   ] Safepoint "Cleanup", Time since last: 89037309064 ns, Reaching safepoint: 22790 ns, Cleanup: 17065 ns, At safepoint: 7383 ns, Total: 47238 ns
[2024-05-20T23:25:09.348+0000][1][safepoint   ] Safepoint "Cleanup", Time since last: 210012183227 ns, Reaching safepoint: 58266 ns, Cleanup: 11700 ns, At safepoint: 5281 ns, Total: 75247 ns
[2024-05-20T23:25:10.531+0000][1][safepoint   ] Safepoint "Cleanup", Time since last: 1182561434 ns, Reaching safepoint: 27860 ns, Cleanup: 13288 ns, At safepoint: 3905 ns, Total: 45053 ns
[2024-05-20T23:25:13.535+0000][1][safepoint   ] Safepoint "Cleanup", Time since last: 3003802726 ns, Reaching safepoint: 31937 ns, Cleanup: 16573 ns, At safepoint: 4641 ns, Total: 53151 ns
[2024-05-20T23:25:14.339+0000][1][gc,start    ] GC(146) Pause Young (Prepare Mixed) (G1 Evacuation Pause)
[2024-05-20T23:25:14.339+0000][1][gc,task     ] GC(146) Using 4 workers of 4 for evacuation
[2024-05-20T23:25:14.339+0000][1][gc,age      ] GC(146) Desired survivor size 40370176 bytes, new threshold 15 (max threshold 15)
[2024-05-20T23:25:14.351+0000][1][gc,phases   ] GC(146)   Pre Evacuate Collection Set: 0.5ms
[2024-05-20T23:25:14.351+0000][1][gc,phases   ] GC(146)   Merge Heap Roots: 0.2ms
[2024-05-20T23:25:14.351+0000][1][gc,phases   ] GC(146)   Evacuate Collection Set: 10.2ms
[2024-05-20T23:25:14.352+0000][1][gc,phases   ] GC(146)   Post Evacuate Collection Set: 1.3ms
[2024-05-20T23:25:14.352+0000][1][gc,phases   ] GC(146)   Other: 0.1ms
[2024-05-20T23:25:14.352+0000][1][gc,age      ] GC(146) Age table with threshold 15 (max threshold 15)
[2024-05-20T23:25:14.352+0000][1][gc,age      ] GC(146) - age   1:    7630144 bytes,    7630144 total
[2024-05-20T23:25:14.352+0000][1][gc,age      ] GC(146) - age   2:    1998696 bytes,    9628840 total
[2024-05-20T23:25:14.352+0000][1][gc,age      ] GC(146) - age   3:    1717360 bytes,   11346200 total
[2024-05-20T23:25:14.352+0000][1][gc,age      ] GC(146) - age   4:    1049344 bytes,   12395544 total
[2024-05-20T23:25:14.352+0000][1][gc,age      ] GC(146) - age   5:     325512 bytes,   12721056 total
[2024-05-20T23:25:14.352+0000][1][gc,age      ] GC(146) - age   6:     841176 bytes,   13562232 total
[2024-05-20T23:25:14.352+0000][1][gc,age      ] GC(146) - age   7:     279792 bytes,   13842024 total
[2024-05-20T23:25:14.352+0000][1][gc,age      ] GC(146) - age   8:     106952 bytes,   13948976 total
[2024-05-20T23:25:14.352+0000][1][gc,age      ] GC(146) - age   9:     162696 bytes,   14111672 total
[2024-05-20T23:25:14.352+0000][1][gc,age      ] GC(146) - age  10:     146584 bytes,   14258256 total
[2024-05-20T23:25:14.352+0000][1][gc,age      ] GC(146) - age  11:       2520 bytes,   14260776 total
[2024-05-20T23:25:14.352+0000][1][gc,age      ] GC(146) - age  12:     165808 bytes,   14426584 total
[2024-05-20T23:25:14.352+0000][1][gc,age      ] GC(146) - age  13:     100000 bytes,   14526584 total
[2024-05-20T23:25:14.352+0000][1][gc,age      ] GC(146) - age  14:     116768 bytes,   14643352 total
[2024-05-20T23:25:14.352+0000][1][gc,age      ] GC(146) - age  15:     108608 bytes,   14751960 total
[2024-05-20T23:25:14.352+0000][1][gc,heap     ] GC(146) Eden regions: 600->0(599)
[2024-05-20T23:25:14.352+0000][1][gc,heap     ] GC(146) Survivor regions: 14->15(77)
[2024-05-20T23:25:14.352+0000][1][gc,heap     ] GC(146) Old regions: 38->38
[2024-05-20T23:25:14.352+0000][1][gc,heap     ] GC(146) Humongous regions: 3->3
[2024-05-20T23:25:14.352+0000][1][gc,metaspace] GC(146) Metaspace: 98921K(100800K)->98921K(100800K) NonClass: 86897K(87872K)->86897K(87872K) Class: 12024K(12928K)->12024K(12928K)
[2024-05-20T23:25:14.352+0000][1][gc          ] GC(146) Pause Young (Prepare Mixed) (G1 Evacuation Pause) 653M->55M(1024M) 12.796ms
[2024-05-20T23:25:14.352+0000][1][gc,cpu      ] GC(146) User=0.05s Sys=0.00s Real=0.01s
[2024-05-20T23:25:14.352+0000][1][safepoint   ] Safepoint "G1CollectForAllocation", Time since last: 803936379 ns, Reaching safepoint: 141779 ns, Cleanup: 28277 ns, At safepoint: 12902465 ns, Total: 13072521 ns
[2024-05-20T23:25:15.352+0000][1][safepoint   ] Safepoint "Cleanup", Time since last: 1000416698 ns, Reaching safepoint: 44496 ns, Cleanup: 36567 ns, At safepoint: 9973 ns, Total: 91036 ns
[2024-05-20T23:25:22.648+0000][1][safepoint   ] Safepoint "Cleanup", Time since last: 7295659584 ns, Reaching safepoint: 37842 ns, Cleanup: 41081 ns, At safepoint: 8803 ns, Total: 87726 ns
[2024-05-20T23:46:46.248+0000][1][safepoint   ] Safepoint "Cleanup", Time since last: 1283599538032 ns, Reaching safepoint: 56011 ns, Cleanup: 23615 ns, At safepoint: 8225 ns, Total: 87851 ns
[2024-05-21T00:15:05.664+0000][1][gc,start    ] GC(147) Pause Young (Mixed) (G1 Evacuation Pause)
[2024-05-21T00:15:05.664+0000][1][gc,task     ] GC(147) Using 4 workers of 4 for evacuation
[2024-05-21T00:15:05.664+0000][1][gc,age      ] GC(147) Desired survivor size 40370176 bytes, new threshold 15 (max threshold 15)
[2024-05-21T00:15:05.674+0000][1][gc,phases   ] GC(147)   Pre Evacuate Collection Set: 0.4ms
[2024-05-21T00:15:05.675+0000][1][gc,phases   ] GC(147)   Merge Heap Roots: 0.2ms
[2024-05-21T00:15:05.675+0000][1][gc,phases   ] GC(147)   Evacuate Collection Set: 8.7ms
[2024-05-21T00:15:05.675+0000][1][gc,phases   ] GC(147)   Post Evacuate Collection Set: 1.3ms
[2024-05-21T00:15:05.675+0000][1][gc,phases   ] GC(147)   Other: 0.1ms
[2024-05-21T00:15:05.675+0000][1][gc,age      ] GC(147) Age table with threshold 15 (max threshold 15)
[2024-05-21T00:15:05.675+0000][1][gc,age      ] GC(147) - age   1:    4346160 bytes,    4346160 total
[2024-05-21T00:15:05.675+0000][1][gc,age      ] GC(147) - age   2:    2153552 bytes,    6499712 total
[2024-05-21T00:15:05.675+0000][1][gc,age      ] GC(147) - age   3:    1694200 bytes,    8193912 total
[2024-05-21T00:15:05.675+0000][1][gc,age      ] GC(147) - age   4:     727096 bytes,    8921008 total
[2024-05-21T00:15:05.675+0000][1][gc,age      ] GC(147) - age   5:     795480 bytes,    9716488 total
[2024-05-21T00:15:05.675+0000][1][gc,age      ] GC(147) - age   6:     292184 bytes,   10008672 total
[2024-05-21T00:15:05.675+0000][1][gc,age      ] GC(147) - age   7:     689344 bytes,   10698016 total
[2024-05-21T00:15:05.675+0000][1][gc,age      ] GC(147) - age   8:     192600 bytes,   10890616 total
[2024-05-21T00:15:05.675+0000][1][gc,age      ] GC(147) - age   9:      75168 bytes,   10965784 total
[2024-05-21T00:15:05.675+0000][1][gc,age      ] GC(147) - age  10:      99896 bytes,   11065680 total
[2024-05-21T00:15:05.675+0000][1][gc,age      ] GC(147) - age  11:     109808 bytes,   11175488 total
[2024-05-21T00:15:05.675+0000][1][gc,age      ] GC(147) - age  12:       2520 bytes,   11178008 total
[2024-05-21T00:15:05.675+0000][1][gc,age      ] GC(147) - age  13:     163344 bytes,   11341352 total
[2024-05-21T00:15:05.675+0000][1][gc,age      ] GC(147) - age  14:     100000 bytes,   11441352 total
[2024-05-21T00:15:05.675+0000][1][gc,age      ] GC(147) - age  15:      77168 bytes,   11518520 total
[2024-05-21T00:15:05.675+0000][1][gc,heap     ] GC(147) Eden regions: 599->0(602)
[2024-05-21T00:15:05.675+0000][1][gc,heap     ] GC(147) Survivor regions: 15->12(77)
[2024-05-21T00:15:05.675+0000][1][gc,heap     ] GC(147) Old regions: 38->38
[2024-05-21T00:15:05.675+0000][1][gc,heap     ] GC(147) Humongous regions: 3->3
[2024-05-21T00:15:05.675+0000][1][gc,metaspace] GC(147) Metaspace: 98922K(100800K)->98922K(100800K) NonClass: 86898K(87872K)->86898K(87872K) Class: 12024K(12928K)->12024K(12928K)
[2024-05-21T00:15:05.675+0000][1][gc          ] GC(147) Pause Young (Mixed) (G1 Evacuation Pause) 654M->52M(1024M) 11.028ms
[2024-05-21T00:15:05.675+0000][1][gc,cpu      ] GC(147) User=0.03s Sys=0.00s Real=0.00s
[2024-05-21T00:15:05.675+0000][1][safepoint   ] Safepoint "G1CollectForAllocation", Time since last: 1699415950530 ns, Reaching safepoint: 57344 ns, Cleanup: 5966 ns, At safepoint: 11121841 ns, Total: 11185151 ns
[2024-05-21T00:19:54.622+0000][1][safepoint   ] Safepoint "Cleanup", Time since last: 288946810854 ns, Reaching safepoint: 37733 ns, Cleanup: 6567 ns, At safepoint: 4592 ns, Total: 48892 ns
[2024-05-21T00:19:55.625+0000][1][safepoint   ] Safepoint "Cleanup", Time since last: 1003326610 ns, Reaching safepoint: 37425 ns, Cleanup: 22949 ns, At safepoint: 7787 ns, Total: 68161 ns
[2024-05-21T00:20:29.626+0000][1][safepoint   ] Safepoint "Cleanup", Time since last: 34000501709 ns, Reaching safepoint: 10954 ns, Cleanup: 7569 ns, At safepoint: 3402 ns, Total: 21925 ns
[2024-05-21T00:21:00.638+0000][1][safepoint   ] Safepoint "Cleanup", Time since last: 31011909715 ns, Reaching safepoint: 39952 ns, Cleanup: 25878 ns, At safepoint: 8514 ns, Total: 74344 ns
[2024-05-21T00:31:09.436+0000][1][gc,start    ] GC(148) Pause Young (Concurrent Start) (G1 Humongous Allocation)
[2024-05-21T00:31:09.436+0000][1][gc,task     ] GC(148) Using 4 workers of 4 for evacuation
[2024-05-21T00:31:09.436+0000][1][gc,age      ] GC(148) Desired survivor size 40370176 bytes, new threshold 15 (max threshold 15)
[2024-05-21T00:31:09.445+0000][1][gc,phases   ] GC(148)   Pre Evacuate Collection Set: 0.4ms
[2024-05-21T00:31:09.445+0000][1][gc,phases   ] GC(148)   Merge Heap Roots: 0.1ms
[2024-05-21T00:31:09.445+0000][1][gc,phases   ] GC(148)   Evacuate Collection Set: 7.1ms
[2024-05-21T00:31:09.445+0000][1][gc,phases   ] GC(148)   Post Evacuate Collection Set: 1.4ms
[2024-05-21T00:31:09.445+0000][1][gc,phases   ] GC(148)   Other: 0.2ms
[2024-05-21T00:31:09.445+0000][1][gc,age      ] GC(148) Age table with threshold 15 (max threshold 15)
[2024-05-21T00:31:09.445+0000][1][gc,age      ] GC(148) - age   1:    1342000 bytes,    1342000 total
[2024-05-21T00:31:09.445+0000][1][gc,age      ] GC(148) - age   2:    3613696 bytes,    4955696 total
[2024-05-21T00:31:09.445+0000][1][gc,age      ] GC(148) - age   3:    2127768 bytes,    7083464 total
[2024-05-21T00:31:09.445+0000][1][gc,age      ] GC(148) - age   4:    1644776 bytes,    8728240 total
[2024-05-21T00:31:09.445+0000][1][gc,age      ] GC(148) - age   5:     402680 bytes,    9130920 total
[2024-05-21T00:31:09.445+0000][1][gc,age      ] GC(148) - age   6:     763960 bytes,    9894880 total
[2024-05-21T00:31:09.445+0000][1][gc,age      ] GC(148) - age   7:     267488 bytes,   10162368 total
[2024-05-21T00:31:09.445+0000][1][gc,age      ] GC(148) - age   8:     672856 bytes,   10835224 total
[2024-05-21T00:31:09.445+0000][1][gc,age      ] GC(148) - age   9:     192600 bytes,   11027824 total
[2024-05-21T00:31:09.445+0000][1][gc,age      ] GC(148) - age  10:      75168 bytes,   11102992 total
[2024-05-21T00:31:09.445+0000][1][gc,age      ] GC(148) - age  11:      99896 bytes,   11202888 total
[2024-05-21T00:31:09.445+0000][1][gc,age      ] GC(148) - age  12:     109808 bytes,   11312696 total
[2024-05-21T00:31:09.445+0000][1][gc,age      ] GC(148) - age  13:       2520 bytes,   11315216 total
[2024-05-21T00:31:09.445+0000][1][gc,age      ] GC(148) - age  14:     163344 bytes,   11478560 total
[2024-05-21T00:31:09.445+0000][1][gc,age      ] GC(148) - age  15:     100000 bytes,   11578560 total
[2024-05-21T00:31:09.445+0000][1][gc,heap     ] GC(148) Eden regions: 168->0(602)
[2024-05-21T00:31:09.445+0000][1][gc,heap     ] GC(148) Survivor regions: 12->12(77)
[2024-05-21T00:31:09.445+0000][1][gc,heap     ] GC(148) Old regions: 38->38
[2024-05-21T00:31:09.445+0000][1][gc,heap     ] GC(148) Humongous regions: 3->3
[2024-05-21T00:31:09.445+0000][1][gc,metaspace] GC(148) Metaspace: 98922K(100800K)->98922K(100800K) NonClass: 86898K(87872K)->86898K(87872K) Class: 12024K(12928K)->12024K(12928K)
[2024-05-21T00:31:09.445+0000][1][gc          ] GC(148) Pause Young (Concurrent Start) (G1 Humongous Allocation) 220M->52M(1024M) 9.529ms
[2024-05-21T00:31:09.445+0000][1][gc,cpu      ] GC(148) User=0.02s Sys=0.00s Real=0.01s
[2024-05-21T00:31:09.445+0000][1][gc          ] GC(149) Concurrent Mark Cycle
[2024-05-21T00:31:09.445+0000][1][gc,marking  ] GC(149) Concurrent Scan Root Regions
[2024-05-21T00:31:09.445+0000][1][safepoint   ] Safepoint "G1TryInitiateConcMark", Time since last: 608797703925 ns, Reaching safepoint: 157717 ns, Cleanup: 13505 ns, At safepoint: 9631431 ns, Total: 9802653 ns
[2024-05-21T00:31:09.454+0000][1][gc,marking  ] GC(149) Concurrent Scan Root Regions 8.761ms
[2024-05-21T00:31:09.454+0000][1][gc,marking  ] GC(149) Concurrent Mark
[2024-05-21T00:31:09.454+0000][1][gc,marking  ] GC(149) Concurrent Mark From Roots
[2024-05-21T00:31:09.454+0000][1][gc,task     ] GC(149) Using 1 workers of 1 for marking
[2024-05-21T00:31:09.520+0000][1][gc,marking  ] GC(149) Concurrent Mark From Roots 65.909ms
[2024-05-21T00:31:09.520+0000][1][gc,marking  ] GC(149) Concurrent Preclean
[2024-05-21T00:31:09.520+0000][1][gc,marking  ] GC(149) Concurrent Preclean 0.234ms
[2024-05-21T00:31:09.520+0000][1][gc,start    ] GC(149) Pause Remark
[2024-05-21T00:31:09.527+0000][1][gc          ] GC(149) Pause Remark 64M->64M(1024M) 7.134ms
[2024-05-21T00:31:09.527+0000][1][gc,cpu      ] GC(149) User=0.02s Sys=0.00s Real=0.01s
[2024-05-21T00:31:09.528+0000][1][safepoint   ] Safepoint "G1PauseRemark", Time since last: 75116550 ns, Reaching safepoint: 25724 ns, Cleanup: 11440 ns, At safepoint: 7254776 ns, Total: 7291940 ns
[2024-05-21T00:31:09.528+0000][1][gc,marking  ] GC(149) Concurrent Mark 73.635ms
[2024-05-21T00:31:09.528+0000][1][gc,marking  ] GC(149) Concurrent Rebuild Remembered Sets and Scrub Regions
[2024-05-21T00:31:09.557+0000][1][gc,marking  ] GC(149) Concurrent Rebuild Remembered Sets and Scrub Regions 29.487ms
[2024-05-21T00:31:09.557+0000][1][gc,start    ] GC(149) Pause Cleanup
[2024-05-21T00:31:09.557+0000][1][gc          ] GC(149) Pause Cleanup 64M->64M(1024M) 0.232ms
[2024-05-21T00:31:09.558+0000][1][gc,cpu      ] GC(149) User=0.00s Sys=0.00s Real=0.00s
[2024-05-21T00:31:09.558+0000][1][safepoint   ] Safepoint "G1PauseCleanup", Time since last: 29682332 ns, Reaching safepoint: 20112 ns, Cleanup: 16791 ns, At safepoint: 293135 ns, Total: 330038 ns
[2024-05-21T00:31:09.558+0000][1][gc,marking  ] GC(149) Concurrent Clear Claimed Marks
[2024-05-21T00:31:09.558+0000][1][gc,marking  ] GC(149) Concurrent Clear Claimed Marks 0.115ms
[2024-05-21T00:31:09.558+0000][1][gc,marking  ] GC(149) Concurrent Cleanup for Next Mark
[2024-05-21T00:31:09.561+0000][1][gc,marking  ] GC(149) Concurrent Cleanup for Next Mark 3.191ms
[2024-05-21T00:31:09.561+0000][1][gc          ] GC(149) Concurrent Mark Cycle 115.894ms
[2024-05-21T00:31:16.560+0000][1][safepoint   ] Safepoint "Cleanup", Time since last: 7002014899 ns, Reaching safepoint: 65648 ns, Cleanup: 102642 ns, At safepoint: 4314 ns, Total: 172604 ns
[2024-05-21T00:31:20.879+0000][1][safepoint   ] Safepoint "Cleanup", Time since last: 4319711887 ns, Reaching safepoint: 9823 ns, Cleanup: 11479 ns, At safepoint: 6816 ns, Total: 28118 ns
[2024-05-21T00:31:21.920+0000][1][safepoint   ] Safepoint "Cleanup", Time since last: 1039839337 ns, Reaching safepoint: 128812 ns, Cleanup: 92886 ns, At safepoint: 4829 ns, Total: 226527 ns
[2024-05-21T00:31:24.923+0000][1][safepoint   ] Safepoint "Cleanup", Time since last: 3003822969 ns, Reaching safepoint: 59481 ns, Cleanup: 30537 ns, At safepoint: 12483 ns, Total: 102501 ns
[2024-05-21T00:31:25.929+0000][1][safepoint   ] Safepoint "Cleanup", Time since last: 1005716870 ns, Reaching safepoint: 29734 ns, Cleanup: 23483 ns, At safepoint: 4760 ns, Total: 57977 ns
[2024-05-21T00:31:27.903+0000][1][safepoint   ] Safepoint "Cleanup", Time since last: 1973752546 ns, Reaching safepoint: 36899 ns, Cleanup: 24069 ns, At safepoint: 8530 ns, Total: 69498 ns
[2024-05-21T00:31:36.476+0000][1][safepoint   ] Safepoint "Cleanup", Time since last: 8573377902 ns, Reaching safepoint: 34819 ns, Cleanup: 20975 ns, At safepoint: 6743 ns, Total: 62537 ns
[2024-05-21T00:31:39.531+0000][1][gc,start    ] GC(150) Pause Young (Prepare Mixed) (G1 Evacuation Pause)
[2024-05-21T00:31:39.531+0000][1][gc,task     ] GC(150) Using 4 workers of 4 for evacuation
[2024-05-21T00:31:39.531+0000][1][gc,age      ] GC(150) Desired survivor size 40370176 bytes, new threshold 15 (max threshold 15)
[2024-05-21T00:31:39.540+0000][1][gc,phases   ] GC(150)   Pre Evacuate Collection Set: 0.5ms
[2024-05-21T00:31:39.540+0000][1][gc,phases   ] GC(150)   Merge Heap Roots: 0.2ms
[2024-05-21T00:31:39.540+0000][1][gc,phases   ] GC(150)   Evacuate Collection Set: 7.3ms
[2024-05-21T00:31:39.540+0000][1][gc,phases   ] GC(150)   Post Evacuate Collection Set: 1.4ms
[2024-05-21T00:31:39.540+0000][1][gc,phases   ] GC(150)   Other: 0.1ms
[2024-05-21T00:31:39.540+0000][1][gc,age      ] GC(150) Age table with threshold 15 (max threshold 15)
[2024-05-21T00:31:39.540+0000][1][gc,age      ] GC(150) - age   1:    2683416 bytes,    2683416 total
[2024-05-21T00:31:39.540+0000][1][gc,age      ] GC(150) - age   2:     613424 bytes,    3296840 total
[2024-05-21T00:31:39.540+0000][1][gc,age      ] GC(150) - age   3:    1620280 bytes,    4917120 total
[2024-05-21T00:31:39.540+0000][1][gc,age      ] GC(150) - age   4:    1653584 bytes,    6570704 total
[2024-05-21T00:31:39.540+0000][1][gc,age      ] GC(150) - age   5:    1639552 bytes,    8210256 total
[2024-05-21T00:31:39.540+0000][1][gc,age      ] GC(150) - age   6:     377144 bytes,    8587400 total
[2024-05-21T00:31:39.540+0000][1][gc,age      ] GC(150) - age   7:     539416 bytes,    9126816 total
[2024-05-21T00:31:39.540+0000][1][gc,age      ] GC(150) - age   8:     260096 bytes,    9386912 total
[2024-05-21T00:31:39.540+0000][1][gc,age      ] GC(150) - age   9:     638472 bytes,   10025384 total
[2024-05-21T00:31:39.540+0000][1][gc,age      ] GC(150) - age  10:     175736 bytes,   10201120 total
[2024-05-21T00:31:39.540+0000][1][gc,age      ] GC(150) - age  11:      75168 bytes,   10276288 total
[2024-05-21T00:31:39.540+0000][1][gc,age      ] GC(150) - age  12:      99896 bytes,   10376184 total
[2024-05-21T00:31:39.540+0000][1][gc,age      ] GC(150) - age  13:     109808 bytes,   10485992 total
[2024-05-21T00:31:39.540+0000][1][gc,age      ] GC(150) - age  14:       1136 bytes,   10487128 total
[2024-05-21T00:31:39.540+0000][1][gc,age      ] GC(150) - age  15:      86344 bytes,   10573472 total
[2024-05-21T00:31:39.540+0000][1][gc,heap     ] GC(150) Eden regions: 602->0(603)
[2024-05-21T00:31:39.540+0000][1][gc,heap     ] GC(150) Survivor regions: 12->11(77)
[2024-05-21T00:31:39.541+0000][1][gc,heap     ] GC(150) Old regions: 38->38
[2024-05-21T00:31:39.541+0000][1][gc,heap     ] GC(150) Humongous regions: 13->3
[2024-05-21T00:31:39.541+0000][1][gc,metaspace] GC(150) Metaspace: 98969K(100800K)->98969K(100800K) NonClass: 86945K(87872K)->86945K(87872K) Class: 12024K(12928K)->12024K(12928K)
[2024-05-21T00:31:39.541+0000][1][gc          ] GC(150) Pause Young (Prepare Mixed) (G1 Evacuation Pause) 664M->51M(1024M) 9.911ms
[2024-05-21T00:31:39.541+0000][1][gc,cpu      ] GC(150) User=0.04s Sys=0.00s Real=0.01s
[2024-05-21T00:31:39.541+0000][1][safepoint   ] Safepoint "G1CollectForAllocation", Time since last: 3054009729 ns, Reaching safepoint: 111772 ns, Cleanup: 17453 ns, At safepoint: 10004546 ns, Total: 10133771 ns
[2024-05-21T00:31:45.954+0000][1][safepoint   ] Safepoint "Cleanup", Time since last: 6413183830 ns, Reaching safepoint: 37066 ns, Cleanup: 25464 ns, At safepoint: 7511 ns, Total: 70041 ns
[2024-05-21T00:31:47.946+0000][1][safepoint   ] Safepoint "Cleanup", Time since last: 1991637502 ns, Reaching safepoint: 31825 ns, Cleanup: 10304 ns, At safepoint: 2302 ns, Total: 44431 ns
[2024-05-21T00:31:52.984+0000][1][safepoint   ] Safepoint "Cleanup", Time since last: 5038259882 ns, Reaching safepoint: 39150 ns, Cleanup: 24653 ns, At safepoint: 9349 ns, Total: 73152 ns
[2024-05-21T00:32:22.023+0000][1][safepoint   ] Safepoint "Cleanup", Time since last: 29038651963 ns, Reaching safepoint: 100299 ns, Cleanup: 23191 ns, At safepoint: 9495 ns, Total: 132985 ns
[2024-05-21T00:32:33.026+0000][1][safepoint   ] Safepoint "Cleanup", Time since last: 11002947181 ns, Reaching safepoint: 37197 ns, Cleanup: 23309 ns, At safepoint: 7590 ns, Total: 68096 ns
[2024-05-21T00:32:47.547+0000][1][safepoint   ] Safepoint "Cleanup", Time since last: 14521372128 ns, Reaching safepoint: 43839 ns, Cleanup: 31096 ns, At safepoint: 9695 ns, Total: 84630 ns
[2024-05-21T00:32:50.548+0000][1][safepoint   ] Safepoint "Cleanup", Time since last: 3000737427 ns, Reaching safepoint: 37353 ns, Cleanup: 40344 ns, At safepoint: 4305 ns, Total: 82002 ns
[2024-05-21T00:33:30.561+0000][1][safepoint   ] Safepoint "Cleanup", Time since last: 40012808454 ns, Reaching safepoint: 101596 ns, Cleanup: 22503 ns, At safepoint: 9359 ns, Total: 133458 ns
[2024-05-21T00:33:55.568+0000][1][safepoint   ] Safepoint "Cleanup", Time since last: 25007330429 ns, Reaching safepoint: 31148 ns, Cleanup: 18014 ns, At safepoint: 4973 ns, Total: 54135 ns
[2024-05-21T00:34:21.180+0000][1][safepoint   ] Safepoint "Cleanup", Time since last: 25611696214 ns, Reaching safepoint: 125985 ns, Cleanup: 10081 ns, At safepoint: 38163 ns, Total: 174229 ns
[2024-05-21T00:34:22.209+0000][1][safepoint   ] Safepoint "Cleanup", Time since last: 1028553903 ns, Reaching safepoint: 28034 ns, Cleanup: 18150 ns, At safepoint: 4087 ns, Total: 50271 ns
[2024-05-21T00:34:42.096+0000][1][safepoint   ] Safepoint "Cleanup", Time since last: 19886862560 ns, Reaching safepoint: 43831 ns, Cleanup: 29103 ns, At safepoint: 10624 ns, Total: 83558 ns
[2024-05-21T00:34:50.156+0000][1][safepoint   ] Safepoint "Cleanup", Time since last: 8059874351 ns, Reaching safepoint: 39206 ns, Cleanup: 33185 ns, At safepoint: 8249 ns, Total: 80640 ns
[2024-05-21T00:37:09.836+0000][1][safepoint   ] Safepoint "Cleanup", Time since last: 139680181996 ns, Reaching safepoint: 179972 ns, Cleanup: 17946 ns, At safepoint: 10131 ns, Total: 208049 ns
[2024-05-21T00:40:59.906+0000][1][safepoint   ] Safepoint "Cleanup", Time since last: 230069403704 ns, Reaching safepoint: 37288 ns, Cleanup: 24291 ns, At safepoint: 8020 ns, Total: 69599 ns
[2024-05-21T00:45:59.732+0000][1][safepoint   ] Safepoint "Cleanup", Time since last: 299826554510 ns, Reaching safepoint: 31335 ns, Cleanup: 19440 ns, At safepoint: 5505 ns, Total: 56280 ns
[2024-05-21T00:50:31.783+0000][1][gc,start    ] GC(151) Pause Young (Mixed) (G1 Evacuation Pause)
[2024-05-21T00:50:31.783+0000][1][gc,task     ] GC(151) Using 4 workers of 4 for evacuation
[2024-05-21T00:50:31.783+0000][1][gc,age      ] GC(151) Desired survivor size 40370176 bytes, new threshold 15 (max threshold 15)
[2024-05-21T00:50:31.801+0000][1][gc,phases   ] GC(151)   Pre Evacuate Collection Set: 0.7ms
[2024-05-21T00:50:31.801+0000][1][gc,phases   ] GC(151)   Merge Heap Roots: 0.4ms
[2024-05-21T00:50:31.801+0000][1][gc,phases   ] GC(151)   Evacuate Collection Set: 14.3ms
[2024-05-21T00:50:31.801+0000][1][gc,phases   ] GC(151)   Post Evacuate Collection Set: 1.6ms
[2024-05-21T00:50:31.801+0000][1][gc,phases   ] GC(151)   Other: 0.2ms
[2024-05-21T00:50:31.801+0000][1][gc,age      ] GC(151) Age table with threshold 15 (max threshold 15)
[2024-05-21T00:50:31.801+0000][1][gc,age      ] GC(151) - age   1:    4706944 bytes,    4706944 total
[2024-05-21T00:50:31.801+0000][1][gc,age      ] GC(151) - age   2:     583720 bytes,    5290664 total
[2024-05-21T00:50:31.801+0000][1][gc,age      ] GC(151) - age   3:     400704 bytes,    5691368 total
[2024-05-21T00:50:31.801+0000][1][gc,age      ] GC(151) - age   4:    1480736 bytes,    7172104 total
[2024-05-21T00:50:31.801+0000][1][gc,age      ] GC(151) - age   5:    1484000 bytes,    8656104 total
[2024-05-21T00:50:31.801+0000][1][gc,age      ] GC(151) - age   6:    1233720 bytes,    9889824 total
[2024-05-21T00:50:31.801+0000][1][gc,age      ] GC(151) - age   7:     296424 bytes,   10186248 total
[2024-05-21T00:50:31.801+0000][1][gc,age      ] GC(151) - age   8:     538120 bytes,   10724368 total
[2024-05-21T00:50:31.801+0000][1][gc,age      ] GC(151) - age   9:     152056 bytes,   10876424 total
[2024-05-21T00:50:31.801+0000][1][gc,age      ] GC(151) - age  10:     476280 bytes,   11352704 total
[2024-05-21T00:50:31.801+0000][1][gc,age      ] GC(151) - age  11:     144792 bytes,   11497496 total
[2024-05-21T00:50:31.801+0000][1][gc,age      ] GC(151) - age  12:      75168 bytes,   11572664 total
[2024-05-21T00:50:31.801+0000][1][gc,age      ] GC(151) - age  13:      39968 bytes,   11612632 total
[2024-05-21T00:50:31.801+0000][1][gc,age      ] GC(151) - age  14:      79008 bytes,   11691640 total
[2024-05-21T00:50:31.801+0000][1][gc,age      ] GC(151) - age  15:       1136 bytes,   11692776 total
[2024-05-21T00:50:31.801+0000][1][gc,heap     ] GC(151) Eden regions: 603->0(602)
[2024-05-21T00:50:31.801+0000][1][gc,heap     ] GC(151) Survivor regions: 11->12(77)
[2024-05-21T00:50:31.801+0000][1][gc,heap     ] GC(151) Old regions: 38->38
[2024-05-21T00:50:31.801+0000][1][gc,heap     ] GC(151) Humongous regions: 3->3
[2024-05-21T00:50:31.801+0000][1][gc,metaspace] GC(151) Metaspace: 98971K(100800K)->98971K(100800K) NonClass: 86947K(87872K)->86947K(87872K) Class: 12024K(12928K)->12024K(12928K)
[2024-05-21T00:50:31.801+0000][1][gc          ] GC(151) Pause Young (Mixed) (G1 Evacuation Pause) 654M->52M(1024M) 17.670ms
[2024-05-21T00:50:31.801+0000][1][gc,cpu      ] GC(151) User=0.06s Sys=0.00s Real=0.02s
[2024-05-21T00:50:31.801+0000][1][safepoint   ] Safepoint "G1CollectForAllocation", Time since last: 272050971770 ns, Reaching safepoint: 68970 ns, Cleanup: 6310 ns, At safepoint: 17761314 ns, Total: 17836594 ns
[2024-05-21T00:54:29.759+0000][1][safepoint   ] Safepoint "Cleanup", Time since last: 237958108898 ns, Reaching safepoint: 22040 ns, Cleanup: 12407 ns, At safepoint: 7160 ns, Total: 41607 ns
[2024-05-21T00:58:06.307+0000][1][safepoint   ] Safepoint "Cleanup", Time since last: 216548192610 ns, Reaching safepoint: 72524 ns, Cleanup: 30417 ns, At safepoint: 5417 ns, Total: 108358 ns
[2024-05-21T01:25:58.927+0000][1][safepoint   ] Safepoint "Cleanup", Time since last: 1672619400615 ns, Reaching safepoint: 43645 ns, Cleanup: 34340 ns, At safepoint: 85083 ns, Total: 163068 ns
[2024-05-21T01:42:36.006+0000][1][safepoint   ] Safepoint "Cleanup", Time since last: 997078616229 ns, Reaching safepoint: 116569 ns, Cleanup: 34571 ns, At safepoint: 8897 ns, Total: 160037 ns
[2024-05-21T01:42:36.607+0000][1][gc,start    ] GC(152) Pause Young (Concurrent Start) (G1 Evacuation Pause)
[2024-05-21T01:42:36.608+0000][1][gc,task     ] GC(152) Using 4 workers of 4 for evacuation
[2024-05-21T01:42:36.608+0000][1][gc,age      ] GC(152) Desired survivor size 40370176 bytes, new threshold 15 (max threshold 15)
[2024-05-21T01:42:36.622+0000][1][gc,phases   ] GC(152)   Pre Evacuate Collection Set: 0.6ms
[2024-05-21T01:42:36.622+0000][1][gc,phases   ] GC(152)   Merge Heap Roots: 0.2ms
[2024-05-21T01:42:36.622+0000][1][gc,phases   ] GC(152)   Evacuate Collection Set: 12.5ms
[2024-05-21T01:42:36.623+0000][1][gc,phases   ] GC(152)   Post Evacuate Collection Set: 1.4ms
[2024-05-21T01:42:36.623+0000][1][gc,phases   ] GC(152)   Other: 0.2ms
[2024-05-21T01:42:36.623+0000][1][gc,age      ] GC(152) Age table with threshold 15 (max threshold 15)
[2024-05-21T01:42:36.623+0000][1][gc,age      ] GC(152) - age   1:    9073528 bytes,    9073528 total
[2024-05-21T01:42:36.623+0000][1][gc,age      ] GC(152) - age   2:    2121904 bytes,   11195432 total
[2024-05-21T01:42:36.623+0000][1][gc,age      ] GC(152) - age   3:     578216 bytes,   11773648 total
[2024-05-21T01:42:36.623+0000][1][gc,age      ] GC(152) - age   4:     400704 bytes,   12174352 total
[2024-05-21T01:42:36.623+0000][1][gc,age      ] GC(152) - age   5:    1456864 bytes,   13631216 total
[2024-05-21T01:42:36.623+0000][1][gc,age      ] GC(152) - age   6:    1443120 bytes,   15074336 total
[2024-05-21T01:42:36.623+0000][1][gc,age      ] GC(152) - age   7:     293088 bytes,   15367424 total
[2024-05-21T01:42:36.623+0000][1][gc,age      ] GC(152) - age   8:     296424 bytes,   15663848 total
[2024-05-21T01:42:36.623+0000][1][gc,age      ] GC(152) - age   9:     495264 bytes,   16159112 total
[2024-05-21T01:42:36.623+0000][1][gc,age      ] GC(152) - age  10:      70216 bytes,   16229328 total
[2024-05-21T01:42:36.623+0000][1][gc,age      ] GC(152) - age  11:     474648 bytes,   16703976 total
[2024-05-21T01:42:36.623+0000][1][gc,age      ] GC(152) - age  12:     120112 bytes,   16824088 total
[2024-05-21T01:42:36.623+0000][1][gc,age      ] GC(152) - age  13:      75168 bytes,   16899256 total
[2024-05-21T01:42:36.623+0000][1][gc,age      ] GC(152) - age  14:      37424 bytes,   16936680 total
[2024-05-21T01:42:36.623+0000][1][gc,age      ] GC(152) - age  15:      73232 bytes,   17009912 total
[2024-05-21T01:42:36.623+0000][1][gc,heap     ] GC(152) Eden regions: 602->0(597)
[2024-05-21T01:42:36.623+0000][1][gc,heap     ] GC(152) Survivor regions: 12->17(77)
[2024-05-21T01:42:36.623+0000][1][gc,heap     ] GC(152) Old regions: 38->38
[2024-05-21T01:42:36.623+0000][1][gc,heap     ] GC(152) Humongous regions: 3->3
[2024-05-21T01:42:36.623+0000][1][gc,metaspace] GC(152) Metaspace: 98971K(100800K)->98971K(100800K) NonClass: 86947K(87872K)->86947K(87872K) Class: 12024K(12928K)->12024K(12928K)
[2024-05-21T01:42:36.623+0000][1][gc          ] GC(152) Pause Young (Concurrent Start) (G1 Evacuation Pause) 654M->57M(1024M) 15.319ms
[2024-05-21T01:42:36.623+0000][1][gc          ] GC(153) Concurrent Mark Cycle
[2024-05-21T01:42:36.623+0000][1][gc,marking  ] GC(153) Concurrent Scan Root Regions
[2024-05-21T01:42:36.623+0000][1][gc,cpu      ] GC(152) User=0.06s Sys=0.00s Real=0.01s
[2024-05-21T01:42:36.623+0000][1][safepoint   ] Safepoint "G1CollectForAllocation", Time since last: 601620491 ns, Reaching safepoint: 45684 ns, Cleanup: 12204 ns, At safepoint: 15464911 ns, Total: 15522799 ns
[2024-05-21T01:42:36.636+0000][1][gc,marking  ] GC(153) Concurrent Scan Root Regions 13.211ms
[2024-05-21T01:42:36.636+0000][1][gc,marking  ] GC(153) Concurrent Mark
[2024-05-21T01:42:36.636+0000][1][gc,marking  ] GC(153) Concurrent Mark From Roots
[2024-05-21T01:42:36.636+0000][1][gc,task     ] GC(153) Using 1 workers of 1 for marking
[2024-05-21T01:42:36.755+0000][1][gc,marking  ] GC(153) Concurrent Mark From Roots 119.292ms
[2024-05-21T01:42:36.755+0000][1][gc,marking  ] GC(153) Concurrent Preclean
[2024-05-21T01:42:36.756+0000][1][gc,marking  ] GC(153) Concurrent Preclean 0.243ms
[2024-05-21T01:42:36.756+0000][1][gc,start    ] GC(153) Pause Remark
[2024-05-21T01:42:36.774+0000][1][gc          ] GC(153) Pause Remark 89M->89M(1024M) 18.131ms
[2024-05-21T01:42:36.774+0000][1][gc,cpu      ] GC(153) User=0.03s Sys=0.00s Real=0.01s
[2024-05-21T01:42:36.774+0000][1][safepoint   ] Safepoint "G1PauseRemark", Time since last: 132874898 ns, Reaching safepoint: 31870 ns, Cleanup: 17738 ns, At safepoint: 18249867 ns, Total: 18299475 ns
[2024-05-21T01:42:36.774+0000][1][gc,marking  ] GC(153) Concurrent Mark 138.043ms
[2024-05-21T01:42:36.774+0000][1][gc,marking  ] GC(153) Concurrent Rebuild Remembered Sets and Scrub Regions
[2024-05-21T01:42:36.802+0000][1][gc,marking  ] GC(153) Concurrent Rebuild Remembered Sets and Scrub Regions 27.298ms
[2024-05-21T01:42:36.802+0000][1][gc,start    ] GC(153) Pause Cleanup
[2024-05-21T01:42:36.802+0000][1][gc          ] GC(153) Pause Cleanup 89M->89M(1024M) 0.276ms
[2024-05-21T01:42:36.802+0000][1][gc,cpu      ] GC(153) User=0.00s Sys=0.00s Real=0.00s
[2024-05-21T01:42:36.802+0000][1][safepoint   ] Safepoint "G1PauseCleanup", Time since last: 27633960 ns, Reaching safepoint: 22527 ns, Cleanup: 9704 ns, At safepoint: 335558 ns, Total: 367789 ns
[2024-05-21T01:42:36.802+0000][1][gc,marking  ] GC(153) Concurrent Clear Claimed Marks
[2024-05-21T01:42:36.802+0000][1][gc,marking  ] GC(153) Concurrent Clear Claimed Marks 0.111ms
[2024-05-21T01:42:36.802+0000][1][gc,marking  ] GC(153) Concurrent Cleanup for Next Mark
[2024-05-21T01:42:36.806+0000][1][gc,marking  ] GC(153) Concurrent Cleanup for Next Mark 3.254ms
[2024-05-21T01:42:36.806+0000][1][gc          ] GC(153) Concurrent Mark Cycle 182.820ms
[2024-05-21T01:50:59.077+0000][1][safepoint   ] Safepoint "Cleanup", Time since last: 502274340188 ns, Reaching safepoint: 81111 ns, Cleanup: 22027 ns, At safepoint: 12713 ns, Total: 115851 ns
[2024-05-21T02:06:06.057+0000][1][safepoint   ] Safepoint "Cleanup", Time since last: 906980264390 ns, Reaching safepoint: 47064 ns, Cleanup: 26915 ns, At safepoint: 10334 ns, Total: 84313 ns
[2024-05-21T02:08:32.373+0000][1][safepoint   ] Safepoint "Cleanup", Time since last: 146315954584 ns, Reaching safepoint: 79302 ns, Cleanup: 19370 ns, At safepoint: 4639 ns, Total: 103311 ns
[2024-05-21T02:10:58.417+0000][1][safepoint   ] Safepoint "Cleanup", Time since last: 146043942434 ns, Reaching safepoint: 126113 ns, Cleanup: 30707 ns, At safepoint: 26707 ns, Total: 183527 ns
[2024-05-21T02:17:07.070+0000][1][safepoint   ] Safepoint "Cleanup", Time since last: 368652448660 ns, Reaching safepoint: 88775 ns, Cleanup: 20403 ns, At safepoint: 6403 ns, Total: 115581 ns
[2024-05-21T02:21:00.142+0000][1][safepoint   ] Safepoint "Cleanup", Time since last: 233072601690 ns, Reaching safepoint: 41874 ns, Cleanup: 24406 ns, At safepoint: 8464 ns, Total: 74744 ns
[2024-05-21T02:29:54.947+0000][1][gc,start    ] GC(154) Pause Young (Prepare Mixed) (G1 Evacuation Pause)
[2024-05-21T02:29:54.947+0000][1][gc,task     ] GC(154) Using 4 workers of 4 for evacuation
[2024-05-21T02:29:54.947+0000][1][gc,age      ] GC(154) Desired survivor size 40370176 bytes, new threshold 15 (max threshold 15)
[2024-05-21T02:29:54.958+0000][1][gc,phases   ] GC(154)   Pre Evacuate Collection Set: 0.4ms
[2024-05-21T02:29:54.958+0000][1][gc,phases   ] GC(154)   Merge Heap Roots: 0.2ms
[2024-05-21T02:29:54.958+0000][1][gc,phases   ] GC(154)   Evacuate Collection Set: 8.8ms
[2024-05-21T02:29:54.958+0000][1][gc,phases   ] GC(154)   Post Evacuate Collection Set: 1.5ms
[2024-05-21T02:29:54.958+0000][1][gc,phases   ] GC(154)   Other: 0.1ms
[2024-05-21T02:29:54.958+0000][1][gc,age      ] GC(154) Age table with threshold 15 (max threshold 15)
[2024-05-21T02:29:54.958+0000][1][gc,age      ] GC(154) - age   1:    4788416 bytes,    4788416 total
[2024-05-21T02:29:54.958+0000][1][gc,age      ] GC(154) - age   2:    1779008 bytes,    6567424 total
[2024-05-21T02:29:54.958+0000][1][gc,age      ] GC(154) - age   3:    1791808 bytes,    8359232 total
[2024-05-21T02:29:54.958+0000][1][gc,age      ] GC(154) - age   4:     528856 bytes,    8888088 total
[2024-05-21T02:29:54.958+0000][1][gc,age      ] GC(154) - age   5:     366448 bytes,    9254536 total
[2024-05-21T02:29:54.958+0000][1][gc,age      ] GC(154) - age   6:    1330256 bytes,   10584792 total
[2024-05-21T02:29:54.958+0000][1][gc,age      ] GC(154) - age   7:     651912 bytes,   11236704 total
[2024-05-21T02:29:54.958+0000][1][gc,age      ] GC(154) - age   8:     259712 bytes,   11496416 total
[2024-05-21T02:29:54.958+0000][1][gc,age      ] GC(154) - age   9:     295120 bytes,   11791536 total
[2024-05-21T02:29:54.958+0000][1][gc,age      ] GC(154) - age  10:     385880 bytes,   12177416 total
[2024-05-21T02:29:54.958+0000][1][gc,age      ] GC(154) - age  11:      68832 bytes,   12246248 total
[2024-05-21T02:29:54.958+0000][1][gc,age      ] GC(154) - age  12:     474312 bytes,   12720560 total
[2024-05-21T02:29:54.958+0000][1][gc,age      ] GC(154) - age  13:     120112 bytes,   12840672 total
[2024-05-21T02:29:54.958+0000][1][gc,age      ] GC(154) - age  14:      75168 bytes,   12915840 total
[2024-05-21T02:29:54.958+0000][1][gc,age      ] GC(154) - age  15:      37424 bytes,   12953264 total
[2024-05-21T02:29:54.958+0000][1][gc,heap     ] GC(154) Eden regions: 597->0(600)
[2024-05-21T02:29:54.958+0000][1][gc,heap     ] GC(154) Survivor regions: 17->14(77)
[2024-05-21T02:29:54.958+0000][1][gc,heap     ] GC(154) Old regions: 38->38
[2024-05-21T02:29:54.958+0000][1][gc,heap     ] GC(154) Humongous regions: 3->3
[2024-05-21T02:29:54.958+0000][1][gc,metaspace] GC(154) Metaspace: 98972K(100800K)->98972K(100800K) NonClass: 86948K(87872K)->86948K(87872K) Class: 12024K(12928K)->12024K(12928K)
[2024-05-21T02:29:54.958+0000][1][gc          ] GC(154) Pause Young (Prepare Mixed) (G1 Evacuation Pause) 654M->53M(1024M) 11.404ms
[2024-05-21T02:29:54.958+0000][1][gc,cpu      ] GC(154) User=0.04s Sys=0.00s Real=0.01s
[2024-05-21T02:29:54.958+0000][1][safepoint   ] Safepoint "G1CollectForAllocation", Time since last: 534804634235 ns, Reaching safepoint: 26676 ns, Cleanup: 6728 ns, At safepoint: 11497483 ns, Total: 11530887 ns
[2024-05-21T02:38:01.530+0000][1][safepoint   ] Safepoint "Cleanup", Time since last: 486571023831 ns, Reaching safepoint: 41741 ns, Cleanup: 23610 ns, At safepoint: 7748 ns, Total: 73099 ns
[2024-05-21T02:38:23.536+0000][1][safepoint   ] Safepoint "Cleanup", Time since last: 22006354118 ns, Reaching safepoint: 50457 ns, Cleanup: 15759 ns, At safepoint: 5168 ns, Total: 71384 ns
[2024-05-21T02:43:45.304+0000][1][safepoint   ] Safepoint "Cleanup", Time since last: 321768054544 ns, Reaching safepoint: 9115 ns, Cleanup: 10993 ns, At safepoint: 4175 ns, Total: 24283 ns
[2024-05-21T02:57:15.255+0000][1][safepoint   ] Safepoint "Cleanup", Time since last: 809950790541 ns, Reaching safepoint: 11392 ns, Cleanup: 6658 ns, At safepoint: 5740 ns, Total: 23790 ns
[2024-05-21T02:57:16.269+0000][1][safepoint   ] Safepoint "Cleanup", Time since last: 1014469503 ns, Reaching safepoint: 27084 ns, Cleanup: 16339 ns, At safepoint: 3657 ns, Total: 47080 ns
[2024-05-21T02:57:18.299+0000][1][safepoint   ] Safepoint "Cleanup", Time since last: 2029030752 ns, Reaching safepoint: 37228 ns, Cleanup: 22456 ns, At safepoint: 20818 ns, Total: 80502 ns
[2024-05-21T02:57:20.308+0000][1][safepoint   ] Safepoint "Cleanup", Time since last: 2008995560 ns, Reaching safepoint: 33215 ns, Cleanup: 98684 ns, At safepoint: 4481 ns, Total: 136380 ns
[2024-05-21T02:57:21.308+0000][1][safepoint   ] Safepoint "Cleanup", Time since last: 1000223113 ns, Reaching safepoint: 36997 ns, Cleanup: 24993 ns, At safepoint: 7731 ns, Total: 69721 ns
[2024-05-21T02:57:24.569+0000][1][gc,start    ] GC(155) Pause Young (Mixed) (G1 Evacuation Pause)
[2024-05-21T02:57:24.570+0000][1][gc,task     ] GC(155) Using 4 workers of 4 for evacuation
[2024-05-21T02:57:24.570+0000][1][gc,age      ] GC(155) Desired survivor size 40370176 bytes, new threshold 15 (max threshold 15)
[2024-05-21T02:57:24.584+0000][1][gc,phases   ] GC(155)   Pre Evacuate Collection Set: 0.5ms
[2024-05-21T02:57:24.584+0000][1][gc,phases   ] GC(155)   Merge Heap Roots: 0.2ms
[2024-05-21T02:57:24.584+0000][1][gc,phases   ] GC(155)   Evacuate Collection Set: 12.1ms
[2024-05-21T02:57:24.584+0000][1][gc,phases   ] GC(155)   Post Evacuate Collection Set: 1.3ms
[2024-05-21T02:57:24.584+0000][1][gc,phases   ] GC(155)   Other: 0.1ms
[2024-05-21T02:57:24.584+0000][1][gc,age      ] GC(155) Age table with threshold 15 (max threshold 15)
[2024-05-21T02:57:24.584+0000][1][gc,age      ] GC(155) - age   1:    8016200 bytes,    8016200 total
[2024-05-21T02:57:24.584+0000][1][gc,age      ] GC(155) - age   2:    1882176 bytes,    9898376 total
[2024-05-21T02:57:24.584+0000][1][gc,age      ] GC(155) - age   3:    1485816 bytes,   11384192 total
[2024-05-21T02:57:24.584+0000][1][gc,age      ] GC(155) - age   4:    1280576 bytes,   12664768 total
[2024-05-21T02:57:24.584+0000][1][gc,age      ] GC(155) - age   5:     378952 bytes,   13043720 total
[2024-05-21T02:57:24.584+0000][1][gc,age      ] GC(155) - age   6:     366448 bytes,   13410168 total
[2024-05-21T02:57:24.584+0000][1][gc,age      ] GC(155) - age   7:     726888 bytes,   14137056 total
[2024-05-21T02:57:24.584+0000][1][gc,age      ] GC(155) - age   8:     558576 bytes,   14695632 total
[2024-05-21T02:57:24.584+0000][1][gc,age      ] GC(155) - age   9:     259712 bytes,   14955344 total
[2024-05-21T02:57:24.584+0000][1][gc,age      ] GC(155) - age  10:     229120 bytes,   15184464 total
[2024-05-21T02:57:24.584+0000][1][gc,age      ] GC(155) - age  11:     359288 bytes,   15543752 total
[2024-05-21T02:57:24.584+0000][1][gc,age      ] GC(155) - age  12:      68832 bytes,   15612584 total
[2024-05-21T02:57:24.584+0000][1][gc,age      ] GC(155) - age  13:     372200 bytes,   15984784 total
[2024-05-21T02:57:24.584+0000][1][gc,age      ] GC(155) - age  14:      85912 bytes,   16070696 total
[2024-05-21T02:57:24.584+0000][1][gc,age      ] GC(155) - age  15:      75088 bytes,   16145784 total
[2024-05-21T02:57:24.584+0000][1][gc,heap     ] GC(155) Eden regions: 600->0(597)
[2024-05-21T02:57:24.584+0000][1][gc,heap     ] GC(155) Survivor regions: 14->17(77)
[2024-05-21T02:57:24.584+0000][1][gc,heap     ] GC(155) Old regions: 38->37
[2024-05-21T02:57:24.584+0000][1][gc,heap     ] GC(155) Humongous regions: 3->3
[2024-05-21T02:57:24.584+0000][1][gc,metaspace] GC(155) Metaspace: 98976K(100800K)->98976K(100800K) NonClass: 86952K(87872K)->86952K(87872K) Class: 12024K(12928K)->12024K(12928K)
[2024-05-21T02:57:24.584+0000][1][gc          ] GC(155) Pause Young (Mixed) (G1 Evacuation Pause) 653M->56M(1024M) 14.746ms
[2024-05-21T02:57:24.584+0000][1][gc,cpu      ] GC(155) User=0.05s Sys=0.00s Real=0.02s
[2024-05-21T02:57:24.584+0000][1][safepoint   ] Safepoint "G1CollectForAllocation", Time since last: 3261264528 ns, Reaching safepoint: 203494 ns, Cleanup: 12821 ns, At safepoint: 14865667 ns, Total: 15081982 ns
[2024-05-21T02:57:25.585+0000][1][safepoint   ] Safepoint "Cleanup", Time since last: 1000393513 ns, Reaching safepoint: 37138 ns, Cleanup: 22471 ns, At safepoint: 7497 ns, Total: 67106 ns
[2024-05-21T02:57:30.291+0000][1][safepoint   ] Safepoint "Cleanup", Time since last: 4705764649 ns, Reaching safepoint: 16292 ns, Cleanup: 25572 ns, At safepoint: 9476 ns, Total: 51340 ns
[2024-05-21T02:57:33.267+0000][1][safepoint   ] Safepoint "Cleanup", Time since last: 2976532032 ns, Reaching safepoint: 109572 ns, Cleanup: 16992 ns, At safepoint: 4400 ns, Total: 130964 ns
[2024-05-21T02:57:34.325+0000][1][safepoint   ] Safepoint "Cleanup", Time since last: 1057759396 ns, Reaching safepoint: 39555 ns, Cleanup: 24421 ns, At safepoint: 9763 ns, Total: 73739 ns
[2024-05-21T02:57:35.326+0000][1][safepoint   ] Safepoint "Cleanup", Time since last: 1000452214 ns, Reaching safepoint: 37245 ns, Cleanup: 30944 ns, At safepoint: 7057 ns, Total: 75246 ns
[2024-05-21T02:57:40.327+0000][1][safepoint   ] Safepoint "Cleanup", Time since last: 5001562118 ns, Reaching safepoint: 30790 ns, Cleanup: 27032 ns, At safepoint: 5067 ns, Total: 62889 ns
[2024-05-21T02:57:42.284+0000][1][safepoint   ] Safepoint "Cleanup", Time since last: 1957076219 ns, Reaching safepoint: 49004 ns, Cleanup: 48940 ns, At safepoint: 3930 ns, Total: 101874 ns
[2024-05-21T02:57:44.554+0000][1][gc,start    ] GC(156) Pause Young (Concurrent Start) (G1 Evacuation Pause)
[2024-05-21T02:57:44.554+0000][1][gc,task     ] GC(156) Using 4 workers of 4 for evacuation
[2024-05-21T02:57:44.554+0000][1][gc,age      ] GC(156) Desired survivor size 40370176 bytes, new threshold 15 (max threshold 15)
[2024-05-21T02:57:44.568+0000][1][gc,phases   ] GC(156)   Pre Evacuate Collection Set: 0.6ms
[2024-05-21T02:57:44.568+0000][1][gc,phases   ] GC(156)   Merge Heap Roots: 0.2ms
[2024-05-21T02:57:44.568+0000][1][gc,phases   ] GC(156)   Evacuate Collection Set: 12.2ms
[2024-05-21T02:57:44.568+0000][1][gc,phases   ] GC(156)   Post Evacuate Collection Set: 1.5ms
[2024-05-21T02:57:44.568+0000][1][gc,phases   ] GC(156)   Other: 0.2ms
[2024-05-21T02:57:44.568+0000][1][gc,age      ] GC(156) Age table with threshold 15 (max threshold 15)
[2024-05-21T02:57:44.568+0000][1][gc,age      ] GC(156) - age   1:    6729504 bytes,    6729504 total
[2024-05-21T02:57:44.568+0000][1][gc,age      ] GC(156) - age   2:    1485552 bytes,    8215056 total
[2024-05-21T02:57:44.568+0000][1][gc,age      ] GC(156) - age   3:    1437344 bytes,    9652400 total
[2024-05-21T02:57:44.568+0000][1][gc,age      ] GC(156) - age   4:    1482448 bytes,   11134848 total
[2024-05-21T02:57:44.568+0000][1][gc,age      ] GC(156) - age   5:    1081824 bytes,   12216672 total
[2024-05-21T02:57:44.568+0000][1][gc,age      ] GC(156) - age   6:     307264 bytes,   12523936 total
[2024-05-21T02:57:44.568+0000][1][gc,age      ] GC(156) - age   7:     366448 bytes,   12890384 total
[2024-05-21T02:57:44.569+0000][1][gc,age      ] GC(156) - age   8:     713768 bytes,   13604152 total
[2024-05-21T02:57:44.569+0000][1][gc,age      ] GC(156) - age   9:     558576 bytes,   14162728 total
[2024-05-21T02:57:44.569+0000][1][gc,age      ] GC(156) - age  10:     259712 bytes,   14422440 total
[2024-05-21T02:57:44.569+0000][1][gc,age      ] GC(156) - age  11:     223752 bytes,   14646192 total
[2024-05-21T02:57:44.569+0000][1][gc,age      ] GC(156) - age  12:     328816 bytes,   14975008 total
[2024-05-21T02:57:44.569+0000][1][gc,age      ] GC(156) - age  13:      68832 bytes,   15043840 total
[2024-05-21T02:57:44.569+0000][1][gc,age      ] GC(156) - age  14:     312424 bytes,   15356264 total
[2024-05-21T02:57:44.569+0000][1][gc,age      ] GC(156) - age  15:      31944 bytes,   15388208 total
[2024-05-21T02:57:44.569+0000][1][gc,heap     ] GC(156) Eden regions: 597->0(598)
[2024-05-21T02:57:44.569+0000][1][gc,heap     ] GC(156) Survivor regions: 17->16(77)
[2024-05-21T02:57:44.569+0000][1][gc,heap     ] GC(156) Old regions: 37->37
[2024-05-21T02:57:44.569+0000][1][gc,heap     ] GC(156) Humongous regions: 3->3
[2024-05-21T02:57:44.569+0000][1][gc,metaspace] GC(156) Metaspace: 98976K(100800K)->98976K(100800K) NonClass: 86952K(87872K)->86952K(87872K) Class: 12024K(12928K)->12024K(12928K)
[2024-05-21T02:57:44.569+0000][1][gc          ] GC(156) Pause Young (Concurrent Start) (G1 Evacuation Pause) 653M->55M(1024M) 15.018ms
[2024-05-21T02:57:44.569+0000][1][gc          ] GC(157) Concurrent Mark Cycle
[2024-05-21T02:57:44.569+0000][1][gc,marking  ] GC(157) Concurrent Scan Root Regions
[2024-05-21T02:57:44.569+0000][1][gc,cpu      ] GC(156) User=0.04s Sys=0.00s Real=0.02s
[2024-05-21T02:57:44.569+0000][1][safepoint   ] Safepoint "G1CollectForAllocation", Time since last: 2269111161 ns, Reaching safepoint: 112806 ns, Cleanup: 16717 ns, At safepoint: 15153908 ns, Total: 15283431 ns
[2024-05-21T02:57:44.582+0000][1][gc,marking  ] GC(157) Concurrent Scan Root Regions 12.803ms
[2024-05-21T02:57:44.582+0000][1][gc,marking  ] GC(157) Concurrent Mark
[2024-05-21T02:57:44.582+0000][1][gc,marking  ] GC(157) Concurrent Mark From Roots
[2024-05-21T02:57:44.582+0000][1][gc,task     ] GC(157) Using 1 workers of 1 for marking
[2024-05-21T02:57:44.651+0000][1][gc,marking  ] GC(157) Concurrent Mark From Roots 69.845ms
[2024-05-21T02:57:44.652+0000][1][gc,marking  ] GC(157) Concurrent Preclean
[2024-05-21T02:57:44.652+0000][1][gc,marking  ] GC(157) Concurrent Preclean 0.248ms
[2024-05-21T02:57:44.657+0000][1][gc,start    ] GC(157) Pause Remark
[2024-05-21T02:57:44.673+0000][1][gc          ] GC(157) Pause Remark 81M->81M(1024M) 15.746ms
[2024-05-21T02:57:44.673+0000][1][gc,cpu      ] GC(157) User=0.02s Sys=0.00s Real=0.01s
[2024-05-21T02:57:44.673+0000][1][safepoint   ] Safepoint "G1PauseRemark", Time since last: 88275508 ns, Reaching safepoint: 31342 ns, Cleanup: 7886 ns, At safepoint: 15943095 ns, Total: 15982323 ns
[2024-05-21T02:57:44.673+0000][1][gc,marking  ] GC(157) Concurrent Mark 91.489ms
[2024-05-21T02:57:44.673+0000][1][gc,marking  ] GC(157) Concurrent Rebuild Remembered Sets and Scrub Regions
[2024-05-21T02:57:44.701+0000][1][gc,marking  ] GC(157) Concurrent Rebuild Remembered Sets and Scrub Regions 27.583ms
[2024-05-21T02:57:44.701+0000][1][gc,start    ] GC(157) Pause Cleanup
[2024-05-21T02:57:44.701+0000][1][gc          ] GC(157) Pause Cleanup 88M->88M(1024M) 0.358ms
[2024-05-21T02:57:44.701+0000][1][gc,cpu      ] GC(157) User=0.00s Sys=0.00s Real=0.00s
[2024-05-21T02:57:44.701+0000][1][safepoint   ] Safepoint "G1PauseCleanup", Time since last: 27977316 ns, Reaching safepoint: 23730 ns, Cleanup: 12745 ns, At safepoint: 420874 ns, Total: 457349 ns
[2024-05-21T02:57:44.702+0000][1][gc,marking  ] GC(157) Concurrent Clear Claimed Marks
[2024-05-21T02:57:44.702+0000][1][gc,marking  ] GC(157) Concurrent Clear Claimed Marks 0.117ms
[2024-05-21T02:57:44.702+0000][1][gc,marking  ] GC(157) Concurrent Cleanup for Next Mark
[2024-05-21T02:57:44.705+0000][1][gc,marking  ] GC(157) Concurrent Cleanup for Next Mark 3.487ms
[2024-05-21T02:57:44.705+0000][1][gc          ] GC(157) Concurrent Mark Cycle 136.511ms
[2024-05-21T02:58:03.318+0000][1][safepoint   ] Safepoint "Cleanup", Time since last: 18616462035 ns, Reaching safepoint: 34389 ns, Cleanup: 6096 ns, At safepoint: 7480 ns, Total: 47965 ns
[2024-05-21T02:58:05.324+0000][1][safepoint   ] Safepoint "Cleanup", Time since last: 2005588319 ns, Reaching safepoint: 50798 ns, Cleanup: 19521 ns, At safepoint: 4488 ns, Total: 74807 ns
[2024-05-21T03:03:23.557+0000][1][safepoint   ] Safepoint "Cleanup", Time since last: 318233211131 ns, Reaching safepoint: 28149 ns, Cleanup: 17876 ns, At safepoint: 4786 ns, Total: 50811 ns
[2024-05-21T03:03:23.673+0000][1][gc,start    ] GC(158) Pause Young (Prepare Mixed) (G1 Evacuation Pause)
[2024-05-21T03:03:23.674+0000][1][gc,task     ] GC(158) Using 4 workers of 4 for evacuation
[2024-05-21T03:03:23.674+0000][1][gc,age      ] GC(158) Desired survivor size 40370176 bytes, new threshold 15 (max threshold 15)
[2024-05-21T03:03:23.685+0000][1][gc,phases   ] GC(158)   Pre Evacuate Collection Set: 0.5ms
[2024-05-21T03:03:23.686+0000][1][gc,phases   ] GC(158)   Merge Heap Roots: 0.3ms
[2024-05-21T03:03:23.686+0000][1][gc,phases   ] GC(158)   Evacuate Collection Set: 9.6ms
[2024-05-21T03:03:23.686+0000][1][gc,phases   ] GC(158)   Post Evacuate Collection Set: 1.4ms
[2024-05-21T03:03:23.686+0000][1][gc,phases   ] GC(158)   Other: 0.1ms
[2024-05-21T03:03:23.686+0000][1][gc,age      ] GC(158) Age table with threshold 15 (max threshold 15)
[2024-05-21T03:03:23.686+0000][1][gc,age      ] GC(158) - age   1:    3319800 bytes,    3319800 total
[2024-05-21T03:03:23.686+0000][1][gc,age      ] GC(158) - age   2:     293984 bytes,    3613784 total
[2024-05-21T03:03:23.686+0000][1][gc,age      ] GC(158) - age   3:    1317664 bytes,    4931448 total
[2024-05-21T03:03:23.686+0000][1][gc,age      ] GC(158) - age   4:    1396112 bytes,    6327560 total
[2024-05-21T03:03:23.686+0000][1][gc,age      ] GC(158) - age   5:    1449464 bytes,    7777024 total
[2024-05-21T03:03:23.686+0000][1][gc,age      ] GC(158) - age   6:     956008 bytes,    8733032 total
[2024-05-21T03:03:23.686+0000][1][gc,age      ] GC(158) - age   7:     304896 bytes,    9037928 total
[2024-05-21T03:03:23.686+0000][1][gc,age      ] GC(158) - age   8:     366448 bytes,    9404376 total
[2024-05-21T03:03:23.686+0000][1][gc,age      ] GC(158) - age   9:     591224 bytes,    9995600 total
[2024-05-21T03:03:23.686+0000][1][gc,age      ] GC(158) - age  10:     557192 bytes,   10552792 total
[2024-05-21T03:03:23.686+0000][1][gc,age      ] GC(158) - age  11:     259376 bytes,   10812168 total
[2024-05-21T03:03:23.686+0000][1][gc,age      ] GC(158) - age  12:     205712 bytes,   11017880 total
[2024-05-21T03:03:23.686+0000][1][gc,age      ] GC(158) - age  13:     328816 bytes,   11346696 total
[2024-05-21T03:03:23.686+0000][1][gc,age      ] GC(158) - age  14:      68832 bytes,   11415528 total
[2024-05-21T03:03:23.686+0000][1][gc,age      ] GC(158) - age  15:     312424 bytes,   11727952 total
[2024-05-21T03:03:23.686+0000][1][gc,heap     ] GC(158) Eden regions: 598->0(602)
[2024-05-21T03:03:23.686+0000][1][gc,heap     ] GC(158) Survivor regions: 16->12(77)
[2024-05-21T03:03:23.686+0000][1][gc,heap     ] GC(158) Old regions: 37->38
[2024-05-21T03:03:23.686+0000][1][gc,heap     ] GC(158) Humongous regions: 3->3
[2024-05-21T03:03:23.686+0000][1][gc,metaspace] GC(158) Metaspace: 98983K(100800K)->98983K(100800K) NonClass: 86959K(87872K)->86959K(87872K) Class: 12024K(12928K)->12024K(12928K)
[2024-05-21T03:03:23.686+0000][1][gc          ] GC(158) Pause Young (Prepare Mixed) (G1 Evacuation Pause) 653M->52M(1024M) 12.342ms
[2024-05-21T03:03:23.686+0000][1][gc,cpu      ] GC(158) User=0.04s Sys=0.00s Real=0.02s
[2024-05-21T03:03:23.686+0000][1][safepoint   ] Safepoint "G1CollectForAllocation", Time since last: 108978880 ns, Reaching safepoint: 7528618 ns, Cleanup: 18234 ns, At safepoint: 12451419 ns, Total: 19998271 ns
[2024-05-21T03:03:48.618+0000][1][safepoint   ] Safepoint "Cleanup", Time since last: 24932069500 ns, Reaching safepoint: 37066 ns, Cleanup: 22360 ns, At safepoint: 8050 ns, Total: 67476 ns
[2024-05-21T03:03:50.635+0000][1][safepoint   ] Safepoint "Cleanup", Time since last: 2016875061 ns, Reaching safepoint: 37245 ns, Cleanup: 24775 ns, At safepoint: 7921 ns, Total: 69941 ns
[2024-05-21T03:10:12.747+0000][1][safepoint   ] Safepoint "Cleanup", Time since last: 382111483281 ns, Reaching safepoint: 112362 ns, Cleanup: 43347 ns, At safepoint: 9877 ns, Total: 165586 ns
[2024-05-21T03:21:55.563+0000][1][safepoint   ] Safepoint "Cleanup", Time since last: 702816706101 ns, Reaching safepoint: 8270 ns, Cleanup: 11105 ns, At safepoint: 3388 ns, Total: 22763 ns
[2024-05-21T03:25:09.880+0000][1][safepoint   ] Safepoint "Cleanup", Time since last: 194316560421 ns, Reaching safepoint: 72065 ns, Cleanup: 20700 ns, At safepoint: 5958 ns, Total: 98723 ns
[2024-05-21T03:37:52.868+0000][1][safepoint   ] Safepoint "Cleanup", Time since last: 762987760683 ns, Reaching safepoint: 43705 ns, Cleanup: 33784 ns, At safepoint: 10807 ns, Total: 88296 ns
[2024-05-21T03:52:04.694+0000][1][gc,start    ] GC(159) Pause Young (Mixed) (G1 Evacuation Pause)
[2024-05-21T03:52:04.694+0000][1][gc,task     ] GC(159) Using 4 workers of 4 for evacuation
[2024-05-21T03:52:04.694+0000][1][gc,age      ] GC(159) Desired survivor size 40370176 bytes, new threshold 15 (max threshold 15)
[2024-05-21T03:52:04.705+0000][1][gc,phases   ] GC(159)   Pre Evacuate Collection Set: 0.4ms
[2024-05-21T03:52:04.705+0000][1][gc,phases   ] GC(159)   Merge Heap Roots: 0.1ms
[2024-05-21T03:52:04.705+0000][1][gc,phases   ] GC(159)   Evacuate Collection Set: 9.0ms
[2024-05-21T03:52:04.705+0000][1][gc,phases   ] GC(159)   Post Evacuate Collection Set: 1.3ms
[2024-05-21T03:52:04.705+0000][1][gc,phases   ] GC(159)   Other: 0.1ms
[2024-05-21T03:52:04.705+0000][1][gc,age      ] GC(159) Age table with threshold 15 (max threshold 15)
[2024-05-21T03:52:04.705+0000][1][gc,age      ] GC(159) - age   1:    4734048 bytes,    4734048 total
[2024-05-21T03:52:04.706+0000][1][gc,age      ] GC(159) - age   2:    1013784 bytes,    5747832 total
[2024-05-21T03:52:04.706+0000][1][gc,age      ] GC(159) - age   3:     253680 bytes,    6001512 total
[2024-05-21T03:52:04.706+0000][1][gc,age      ] GC(159) - age   4:     991536 bytes,    6993048 total
[2024-05-21T03:52:04.706+0000][1][gc,age      ] GC(159) - age   5:    1211408 bytes,    8204456 total
[2024-05-21T03:52:04.706+0000][1][gc,age      ] GC(159) - age   6:    1138848 bytes,    9343304 total
[2024-05-21T03:52:04.706+0000][1][gc,age      ] GC(159) - age   7:     389328 bytes,    9732632 total
[2024-05-21T03:52:04.706+0000][1][gc,age      ] GC(159) - age   8:     178576 bytes,    9911208 total
[2024-05-21T03:52:04.706+0000][1][gc,age      ] GC(159) - age   9:      41640 bytes,    9952848 total
[2024-05-21T03:52:04.706+0000][1][gc,age      ] GC(159) - age  10:     245504 bytes,   10198352 total
[2024-05-21T03:52:04.706+0000][1][gc,age      ] GC(159) - age  11:     544384 bytes,   10742736 total
[2024-05-21T03:52:04.706+0000][1][gc,age      ] GC(159) - age  12:     199688 bytes,   10942424 total
[2024-05-21T03:52:04.706+0000][1][gc,age      ] GC(159) - age  13:      96760 bytes,   11039184 total
[2024-05-21T03:52:04.706+0000][1][gc,age      ] GC(159) - age  14:     328816 bytes,   11368000 total
[2024-05-21T03:52:04.706+0000][1][gc,age      ] GC(159) - age  15:      68832 bytes,   11436832 total
[2024-05-21T03:52:04.706+0000][1][gc,heap     ] GC(159) Eden regions: 602->0(602)
[2024-05-21T03:52:04.706+0000][1][gc,heap     ] GC(159) Survivor regions: 12->12(77)
[2024-05-21T03:52:04.706+0000][1][gc,heap     ] GC(159) Old regions: 38->38
[2024-05-21T03:52:04.706+0000][1][gc,heap     ] GC(159) Humongous regions: 3->3
[2024-05-21T03:52:04.706+0000][1][gc,metaspace] GC(159) Metaspace: 98991K(100800K)->98991K(100800K) NonClass: 86967K(87872K)->86967K(87872K) Class: 12024K(12928K)->12024K(12928K)
[2024-05-21T03:52:04.706+0000][1][gc          ] GC(159) Pause Young (Mixed) (G1 Evacuation Pause) 654M->52M(1024M) 11.491ms
[2024-05-21T03:52:04.706+0000][1][gc,cpu      ] GC(159) User=0.04s Sys=0.00s Real=0.02s
[2024-05-21T03:52:04.706+0000][1][safepoint   ] Safepoint "G1CollectForAllocation", Time since last: 851826299045 ns, Reaching safepoint: 25562 ns, Cleanup: 5385 ns, At safepoint: 11587184 ns, Total: 11618131 ns
[2024-05-21T04:08:01.721+0000][1][safepoint   ] Safepoint "Cleanup", Time since last: 957015563129 ns, Reaching safepoint: 37043 ns, Cleanup: 28761 ns, At safepoint: 7924 ns, Total: 73728 ns
[2024-05-21T04:52:22.345+0000][1][gc,start    ] GC(160) Pause Young (Concurrent Start) (G1 Evacuation Pause)
[2024-05-21T04:52:22.345+0000][1][gc,task     ] GC(160) Using 4 workers of 4 for evacuation
[2024-05-21T04:52:22.345+0000][1][gc,age      ] GC(160) Desired survivor size 40370176 bytes, new threshold 15 (max threshold 15)
[2024-05-21T04:52:22.356+0000][1][gc,phases   ] GC(160)   Pre Evacuate Collection Set: 0.5ms
[2024-05-21T04:52:22.356+0000][1][gc,phases   ] GC(160)   Merge Heap Roots: 0.2ms
[2024-05-21T04:52:22.356+0000][1][gc,phases   ] GC(160)   Evacuate Collection Set: 8.4ms
[2024-05-21T04:52:22.356+0000][1][gc,phases   ] GC(160)   Post Evacuate Collection Set: 1.4ms
[2024-05-21T04:52:22.356+0000][1][gc,phases   ] GC(160)   Other: 0.2ms
[2024-05-21T04:52:22.356+0000][1][gc,age      ] GC(160) Age table with threshold 15 (max threshold 15)
[2024-05-21T04:52:22.356+0000][1][gc,age      ] GC(160) - age   1:    3951208 bytes,    3951208 total
[2024-05-21T04:52:22.356+0000][1][gc,age      ] GC(160) - age   2:    2908800 bytes,    6860008 total
[2024-05-21T04:52:22.356+0000][1][gc,age      ] GC(160) - age   3:     778832 bytes,    7638840 total
[2024-05-21T04:52:22.356+0000][1][gc,age      ] GC(160) - age   4:     249152 bytes,    7887992 total
[2024-05-21T04:52:22.356+0000][1][gc,age      ] GC(160) - age   5:     858640 bytes,    8746632 total
[2024-05-21T04:52:22.356+0000][1][gc,age      ] GC(160) - age   6:     945136 bytes,    9691768 total
[2024-05-21T04:52:22.356+0000][1][gc,age      ] GC(160) - age   7:     126872 bytes,    9818640 total
[2024-05-21T04:52:22.356+0000][1][gc,age      ] GC(160) - age   8:     319168 bytes,   10137808 total
[2024-05-21T04:52:22.356+0000][1][gc,age      ] GC(160) - age   9:     170000 bytes,   10307808 total
[2024-05-21T04:52:22.356+0000][1][gc,age      ] GC(160) - age  10:      41536 bytes,   10349344 total
[2024-05-21T04:52:22.356+0000][1][gc,age      ] GC(160) - age  11:     245504 bytes,   10594848 total
[2024-05-21T04:52:22.356+0000][1][gc,age      ] GC(160) - age  12:     501000 bytes,   11095848 total
[2024-05-21T04:52:22.356+0000][1][gc,age      ] GC(160) - age  13:     101128 bytes,   11196976 total
[2024-05-21T04:52:22.356+0000][1][gc,age      ] GC(160) - age  14:      96760 bytes,   11293736 total
[2024-05-21T04:52:22.356+0000][1][gc,age      ] GC(160) - age  15:     328288 bytes,   11622024 total
[2024-05-21T04:52:22.356+0000][1][gc,heap     ] GC(160) Eden regions: 602->0(602)
[2024-05-21T04:52:22.356+0000][1][gc,heap     ] GC(160) Survivor regions: 12->12(77)
[2024-05-21T04:52:22.356+0000][1][gc,heap     ] GC(160) Old regions: 38->38
[2024-05-21T04:52:22.356+0000][1][gc,heap     ] GC(160) Humongous regions: 3->3
[2024-05-21T04:52:22.356+0000][1][gc,metaspace] GC(160) Metaspace: 98991K(100800K)->98991K(100800K) NonClass: 86967K(87872K)->86967K(87872K) Class: 12024K(12928K)->12024K(12928K)
[2024-05-21T04:52:22.356+0000][1][gc          ] GC(160) Pause Young (Concurrent Start) (G1 Evacuation Pause) 654M->51M(1024M) 11.069ms
[2024-05-21T04:52:22.356+0000][1][gc          ] GC(161) Concurrent Mark Cycle
[2024-05-21T04:52:22.356+0000][1][gc,marking  ] GC(161) Concurrent Scan Root Regions
[2024-05-21T04:52:22.356+0000][1][gc,cpu      ] GC(160) User=0.04s Sys=0.00s Real=0.01s
[2024-05-21T04:52:22.356+0000][1][safepoint   ] Safepoint "G1CollectForAllocation", Time since last: 2660623551777 ns, Reaching safepoint: 60335 ns, Cleanup: 6981 ns, At safepoint: 11202487 ns, Total: 11269803 ns
[2024-05-21T04:52:22.364+0000][1][gc,marking  ] GC(161) Concurrent Scan Root Regions 8.120ms
[2024-05-21T04:52:22.364+0000][1][gc,marking  ] GC(161) Concurrent Mark
[2024-05-21T04:52:22.364+0000][1][gc,marking  ] GC(161) Concurrent Mark From Roots
[2024-05-21T04:52:22.364+0000][1][gc,task     ] GC(161) Using 1 workers of 1 for marking
[2024-05-21T04:52:22.430+0000][1][gc,marking  ] GC(161) Concurrent Mark From Roots 65.216ms
[2024-05-21T04:52:22.430+0000][1][gc,marking  ] GC(161) Concurrent Preclean
[2024-05-21T04:52:22.430+0000][1][gc,marking  ] GC(161) Concurrent Preclean 0.219ms
[2024-05-21T04:52:22.430+0000][1][gc,start    ] GC(161) Pause Remark
[2024-05-21T04:52:22.447+0000][1][gc          ] GC(161) Pause Remark 53M->53M(1024M) 16.749ms
[2024-05-21T04:52:22.447+0000][1][gc,cpu      ] GC(161) User=0.06s Sys=0.00s Real=0.02s
[2024-05-21T04:52:22.447+0000][1][safepoint   ] Safepoint "G1PauseRemark", Time since last: 73770963 ns, Reaching safepoint: 26984 ns, Cleanup: 5563 ns, At safepoint: 16875276 ns, Total: 16907823 ns
[2024-05-21T04:52:22.447+0000][1][gc,marking  ] GC(161) Concurrent Mark 82.611ms
[2024-05-21T04:52:22.447+0000][1][gc,marking  ] GC(161) Concurrent Rebuild Remembered Sets and Scrub Regions
[2024-05-21T04:52:22.476+0000][1][gc,marking  ] GC(161) Concurrent Rebuild Remembered Sets and Scrub Regions 28.536ms
[2024-05-21T04:52:22.476+0000][1][gc,start    ] GC(161) Pause Cleanup
[2024-05-21T04:52:22.476+0000][1][gc          ] GC(161) Pause Cleanup 53M->53M(1024M) 0.253ms
[2024-05-21T04:52:22.476+0000][1][gc,cpu      ] GC(161) User=0.00s Sys=0.00s Real=0.00s
[2024-05-21T04:52:22.476+0000][1][safepoint   ] Safepoint "G1PauseCleanup", Time since last: 28739378 ns, Reaching safepoint: 22299 ns, Cleanup: 6326 ns, At safepoint: 358708 ns, Total: 387333 ns
[2024-05-21T04:52:22.476+0000][1][gc,marking  ] GC(161) Concurrent Clear Claimed Marks
[2024-05-21T04:52:22.476+0000][1][gc,marking  ] GC(161) Concurrent Clear Claimed Marks 0.104ms
[2024-05-21T04:52:22.476+0000][1][gc,marking  ] GC(161) Concurrent Cleanup for Next Mark
[2024-05-21T04:52:22.480+0000][1][gc,marking  ] GC(161) Concurrent Cleanup for Next Mark 3.774ms
[2024-05-21T04:52:22.480+0000][1][gc          ] GC(161) Concurrent Mark Cycle 123.912ms
[2024-05-21T04:56:26.995+0000][1][safepoint   ] Safepoint "Cleanup", Time since last: 244519075866 ns, Reaching safepoint: 101035 ns, Cleanup: 25723 ns, At safepoint: 9342 ns, Total: 136100 ns
[2024-05-21T05:48:46.241+0000][1][gc,start    ] GC(162) Pause Young (Prepare Mixed) (G1 Evacuation Pause)
[2024-05-21T05:48:46.241+0000][1][gc,task     ] GC(162) Using 4 workers of 4 for evacuation
[2024-05-21T05:48:46.241+0000][1][gc,age      ] GC(162) Desired survivor size 40370176 bytes, new threshold 15 (max threshold 15)
[2024-05-21T05:48:46.252+0000][1][gc,phases   ] GC(162)   Pre Evacuate Collection Set: 0.4ms
[2024-05-21T05:48:46.252+0000][1][gc,phases   ] GC(162)   Merge Heap Roots: 0.1ms
[2024-05-21T05:48:46.252+0000][1][gc,phases   ] GC(162)   Evacuate Collection Set: 8.2ms
[2024-05-21T05:48:46.252+0000][1][gc,phases   ] GC(162)   Post Evacuate Collection Set: 1.3ms
[2024-05-21T05:48:46.252+0000][1][gc,phases   ] GC(162)   Other: 0.1ms
[2024-05-21T05:48:46.252+0000][1][gc,age      ] GC(162) Age table with threshold 15 (max threshold 15)
[2024-05-21T05:48:46.252+0000][1][gc,age      ] GC(162) - age   1:    3125856 bytes,    3125856 total
[2024-05-21T05:48:46.252+0000][1][gc,age      ] GC(162) - age   2:    2879032 bytes,    6004888 total
[2024-05-21T05:48:46.252+0000][1][gc,age      ] GC(162) - age   3:    2462888 bytes,    8467776 total
[2024-05-21T05:48:46.252+0000][1][gc,age      ] GC(162) - age   4:     763872 bytes,    9231648 total
[2024-05-21T05:48:46.252+0000][1][gc,age      ] GC(162) - age   5:     232720 bytes,    9464368 total
[2024-05-21T05:48:46.252+0000][1][gc,age      ] GC(162) - age   6:     343624 bytes,    9807992 total
[2024-05-21T05:48:46.252+0000][1][gc,age      ] GC(162) - age   7:     251824 bytes,   10059816 total
[2024-05-21T05:48:46.252+0000][1][gc,age      ] GC(162) - age   8:     126848 bytes,   10186664 total
[2024-05-21T05:48:46.252+0000][1][gc,age      ] GC(162) - age   9:     318976 bytes,   10505640 total
[2024-05-21T05:48:46.252+0000][1][gc,age      ] GC(162) - age  10:     152952 bytes,   10658592 total
[2024-05-21T05:48:46.252+0000][1][gc,age      ] GC(162) - age  11:      41536 bytes,   10700128 total
[2024-05-21T05:48:46.252+0000][1][gc,age      ] GC(162) - age  12:     146000 bytes,   10846128 total
[2024-05-21T05:48:46.252+0000][1][gc,age      ] GC(162) - age  13:     443584 bytes,   11289712 total
[2024-05-21T05:48:46.252+0000][1][gc,age      ] GC(162) - age  14:     101128 bytes,   11390840 total
[2024-05-21T05:48:46.252+0000][1][gc,age      ] GC(162) - age  15:      96760 bytes,   11487600 total
[2024-05-21T05:48:46.252+0000][1][gc,heap     ] GC(162) Eden regions: 602->0(601)
[2024-05-21T05:48:46.252+0000][1][gc,heap     ] GC(162) Survivor regions: 12->13(77)
[2024-05-21T05:48:46.252+0000][1][gc,heap     ] GC(162) Old regions: 38->38
[2024-05-21T05:48:46.252+0000][1][gc,heap     ] GC(162) Humongous regions: 3->3
[2024-05-21T05:48:46.252+0000][1][gc,metaspace] GC(162) Metaspace: 98989K(100800K)->98989K(100800K) NonClass: 86965K(87872K)->86965K(87872K) Class: 12023K(12928K)->12023K(12928K)
[2024-05-21T05:48:46.252+0000][1][gc          ] GC(162) Pause Young (Prepare Mixed) (G1 Evacuation Pause) 653M->53M(1024M) 10.578ms
[2024-05-21T05:48:46.252+0000][1][gc,cpu      ] GC(162) User=0.03s Sys=0.00s Real=0.01s
[2024-05-21T05:48:46.252+0000][1][safepoint   ] Safepoint "G1CollectForAllocation", Time since last: 3139245968401 ns, Reaching safepoint: 29781 ns, Cleanup: 5580 ns, At safepoint: 10669835 ns, Total: 10705196 ns
[2024-05-21T05:58:16.339+0000][1][safepoint   ] Safepoint "Cleanup", Time since last: 570087447235 ns, Reaching safepoint: 8346 ns, Cleanup: 25971 ns, At safepoint: 3082 ns, Total: 37399 ns
[2024-05-21T06:48:17.714+0000][1][gc,start    ] GC(163) Pause Young (Mixed) (G1 Evacuation Pause)
[2024-05-21T06:48:17.714+0000][1][gc,task     ] GC(163) Using 4 workers of 4 for evacuation
[2024-05-21T06:48:17.714+0000][1][gc,age      ] GC(163) Desired survivor size 40370176 bytes, new threshold 15 (max threshold 15)
[2024-05-21T06:48:17.727+0000][1][gc,phases   ] GC(163)   Pre Evacuate Collection Set: 0.9ms
[2024-05-21T06:48:17.727+0000][1][gc,phases   ] GC(163)   Merge Heap Roots: 0.4ms
[2024-05-21T06:48:17.727+0000][1][gc,phases   ] GC(163)   Evacuate Collection Set: 9.3ms
[2024-05-21T06:48:17.727+0000][1][gc,phases   ] GC(163)   Post Evacuate Collection Set: 2.4ms
[2024-05-21T06:48:17.727+0000][1][gc,phases   ] GC(163)   Other: 0.3ms
[2024-05-21T06:48:17.727+0000][1][gc,age      ] GC(163) Age table with threshold 15 (max threshold 15)
[2024-05-21T06:48:17.727+0000][1][gc,age      ] GC(163) - age   1:    3245504 bytes,    3245504 total
[2024-05-21T06:48:17.727+0000][1][gc,age      ] GC(163) - age   2:    1627136 bytes,    4872640 total
[2024-05-21T06:48:17.727+0000][1][gc,age      ] GC(163) - age   3:    2456936 bytes,    7329576 total
[2024-05-21T06:48:17.727+0000][1][gc,age      ] GC(163) - age   4:    1350112 bytes,    8679688 total
[2024-05-21T06:48:17.727+0000][1][gc,age      ] GC(163) - age   5:     552488 bytes,    9232176 total
[2024-05-21T06:48:17.727+0000][1][gc,age      ] GC(163) - age   6:     168552 bytes,    9400728 total
[2024-05-21T06:48:17.727+0000][1][gc,age      ] GC(163) - age   7:     310040 bytes,    9710768 total
[2024-05-21T06:48:17.727+0000][1][gc,age      ] GC(163) - age   8:     189792 bytes,    9900560 total
[2024-05-21T06:48:17.728+0000][1][gc,age      ] GC(163) - age   9:     110320 bytes,   10010880 total
[2024-05-21T06:48:17.728+0000][1][gc,age      ] GC(163) - age  10:     206184 bytes,   10217064 total
[2024-05-21T06:48:17.728+0000][1][gc,age      ] GC(163) - age  11:     115096 bytes,   10332160 total
[2024-05-21T06:48:17.728+0000][1][gc,age      ] GC(163) - age  12:        384 bytes,   10332544 total
[2024-05-21T06:48:17.728+0000][1][gc,age      ] GC(163) - age  13:      67760 bytes,   10400304 total
[2024-05-21T06:48:17.728+0000][1][gc,age      ] GC(163) - age  14:     412432 bytes,   10812736 total
[2024-05-21T06:48:17.728+0000][1][gc,age      ] GC(163) - age  15:     100792 bytes,   10913528 total
[2024-05-21T06:48:17.728+0000][1][gc,heap     ] GC(163) Eden regions: 601->0(602)
[2024-05-21T06:48:17.728+0000][1][gc,heap     ] GC(163) Survivor regions: 13->12(77)
[2024-05-21T06:48:17.728+0000][1][gc,heap     ] GC(163) Old regions: 38->38
[2024-05-21T06:48:17.728+0000][1][gc,heap     ] GC(163) Humongous regions: 3->3
[2024-05-21T06:48:17.728+0000][1][gc,metaspace] GC(163) Metaspace: 98991K(100800K)->98991K(100800K) NonClass: 86968K(87872K)->86968K(87872K) Class: 12023K(12928K)->12023K(12928K)
[2024-05-21T06:48:17.728+0000][1][gc          ] GC(163) Pause Young (Mixed) (G1 Evacuation Pause) 654M->52M(1024M) 14.070ms
[2024-05-21T06:48:17.728+0000][1][gc,cpu      ] GC(163) User=0.05s Sys=0.01s Real=0.02s
[2024-05-21T06:48:17.728+0000][1][safepoint   ] Safepoint "G1CollectForAllocation", Time since last: 3001374204032 ns, Reaching safepoint: 38463 ns, Cleanup: 10785 ns, At safepoint: 14224568 ns, Total: 14273816 ns
[2024-05-21T07:47:52.936+0000][1][gc,start    ] GC(164) Pause Young (Concurrent Start) (G1 Evacuation Pause)
[2024-05-21T07:47:52.936+0000][1][gc,task     ] GC(164) Using 4 workers of 4 for evacuation
[2024-05-21T07:47:52.936+0000][1][gc,age      ] GC(164) Desired survivor size 40370176 bytes, new threshold 15 (max threshold 15)
[2024-05-21T07:47:52.952+0000][1][gc,phases   ] GC(164)   Pre Evacuate Collection Set: 0.8ms
[2024-05-21T07:47:52.952+0000][1][gc,phases   ] GC(164)   Merge Heap Roots: 0.4ms
[2024-05-21T07:47:52.952+0000][1][gc,phases   ] GC(164)   Evacuate Collection Set: 13.0ms
[2024-05-21T07:47:52.952+0000][1][gc,phases   ] GC(164)   Post Evacuate Collection Set: 1.3ms
[2024-05-21T07:47:52.952+0000][1][gc,phases   ] GC(164)   Other: 0.4ms
[2024-05-21T07:47:52.952+0000][1][gc,age      ] GC(164) Age table with threshold 15 (max threshold 15)
[2024-05-21T07:47:52.952+0000][1][gc,age      ] GC(164) - age   1:    3653640 bytes,    3653640 total
[2024-05-21T07:47:52.952+0000][1][gc,age      ] GC(164) - age   2:    1941360 bytes,    5595000 total
[2024-05-21T07:47:52.952+0000][1][gc,age      ] GC(164) - age   3:    1525056 bytes,    7120056 total
[2024-05-21T07:47:52.952+0000][1][gc,age      ] GC(164) - age   4:    1144576 bytes,    8264632 total
[2024-05-21T07:47:52.952+0000][1][gc,age      ] GC(164) - age   5:    1349784 bytes,    9614416 total
[2024-05-21T07:47:52.952+0000][1][gc,age      ] GC(164) - age   6:     552488 bytes,   10166904 total
[2024-05-21T07:47:52.952+0000][1][gc,age      ] GC(164) - age   7:     168552 bytes,   10335456 total
[2024-05-21T07:47:52.952+0000][1][gc,age      ] GC(164) - age   8:     310040 bytes,   10645496 total
[2024-05-21T07:47:52.952+0000][1][gc,age      ] GC(164) - age   9:     148288 bytes,   10793784 total
[2024-05-21T07:47:52.952+0000][1][gc,age      ] GC(164) - age  10:         96 bytes,   10793880 total
[2024-05-21T07:47:52.952+0000][1][gc,age      ] GC(164) - age  11:     206184 bytes,   11000064 total
[2024-05-21T07:47:52.952+0000][1][gc,age      ] GC(164) - age  12:     115096 bytes,   11115160 total
[2024-05-21T07:47:52.952+0000][1][gc,age      ] GC(164) - age  13:        384 bytes,   11115544 total
[2024-05-21T07:47:52.952+0000][1][gc,age      ] GC(164) - age  14:      67760 bytes,   11183304 total
[2024-05-21T07:47:52.952+0000][1][gc,age      ] GC(164) - age  15:     412432 bytes,   11595736 total
[2024-05-21T07:47:52.952+0000][1][gc,heap     ] GC(164) Eden regions: 602->0(602)
[2024-05-21T07:47:52.952+0000][1][gc,heap     ] GC(164) Survivor regions: 12->12(77)
[2024-05-21T07:47:52.952+0000][1][gc,heap     ] GC(164) Old regions: 38->38
[2024-05-21T07:47:52.952+0000][1][gc,heap     ] GC(164) Humongous regions: 3->3
[2024-05-21T07:47:52.952+0000][1][gc,metaspace] GC(164) Metaspace: 98991K(100800K)->98991K(100800K) NonClass: 86968K(87872K)->86968K(87872K) Class: 12023K(12928K)->12023K(12928K)
[2024-05-21T07:47:52.952+0000][1][gc          ] GC(164) Pause Young (Concurrent Start) (G1 Evacuation Pause) 654M->52M(1024M) 16.370ms
[2024-05-21T07:47:52.952+0000][1][gc,cpu      ] GC(164) User=0.05s Sys=0.00s Real=0.01s
[2024-05-21T07:47:52.952+0000][1][gc          ] GC(165) Concurrent Mark Cycle
[2024-05-21T07:47:52.952+0000][1][gc,marking  ] GC(165) Concurrent Scan Root Regions
[2024-05-21T07:47:52.952+0000][1][safepoint   ] Safepoint "G1CollectForAllocation", Time since last: 3575207717837 ns, Reaching safepoint: 363785 ns, Cleanup: 9068 ns, At safepoint: 16498375 ns, Total: 16871228 ns
[2024-05-21T07:47:52.960+0000][1][gc,marking  ] GC(165) Concurrent Scan Root Regions 7.880ms
[2024-05-21T07:47:52.960+0000][1][gc,marking  ] GC(165) Concurrent Mark
[2024-05-21T07:47:52.960+0000][1][gc,marking  ] GC(165) Concurrent Mark From Roots
[2024-05-21T07:47:52.960+0000][1][gc,task     ] GC(165) Using 1 workers of 1 for marking
[2024-05-21T07:47:53.023+0000][1][gc,marking  ] GC(165) Concurrent Mark From Roots 62.773ms
[2024-05-21T07:47:53.023+0000][1][gc,marking  ] GC(165) Concurrent Preclean
[2024-05-21T07:47:53.023+0000][1][gc,marking  ] GC(165) Concurrent Preclean 0.238ms
[2024-05-21T07:47:53.024+0000][1][gc,start    ] GC(165) Pause Remark
[2024-05-21T07:47:53.030+0000][1][gc          ] GC(165) Pause Remark 52M->52M(1024M) 6.837ms
[2024-05-21T07:47:53.031+0000][1][gc,cpu      ] GC(165) User=0.02s Sys=0.00s Real=0.00s
[2024-05-21T07:47:53.031+0000][1][safepoint   ] Safepoint "G1PauseRemark", Time since last: 71089564 ns, Reaching safepoint: 26887 ns, Cleanup: 5293 ns, At safepoint: 6966944 ns, Total: 6999124 ns
[2024-05-21T07:47:53.031+0000][1][gc,marking  ] GC(165) Concurrent Mark 70.228ms
[2024-05-21T07:47:53.031+0000][1][gc,marking  ] GC(165) Concurrent Rebuild Remembered Sets and Scrub Regions
[2024-05-21T07:47:53.058+0000][1][gc,marking  ] GC(165) Concurrent Rebuild Remembered Sets and Scrub Regions 27.652ms
[2024-05-21T07:47:53.059+0000][1][gc,start    ] GC(165) Pause Cleanup
[2024-05-21T07:47:53.059+0000][1][gc          ] GC(165) Pause Cleanup 52M->52M(1024M) 0.267ms
[2024-05-21T07:47:53.059+0000][1][gc,cpu      ] GC(165) User=0.01s Sys=0.00s Real=0.00s
[2024-05-21T07:47:53.059+0000][1][safepoint   ] Safepoint "G1PauseCleanup", Time since last: 27919748 ns, Reaching safepoint: 19199 ns, Cleanup: 6405 ns, At safepoint: 323437 ns, Total: 349041 ns
[2024-05-21T07:47:53.059+0000][1][gc,marking  ] GC(165) Concurrent Clear Claimed Marks
[2024-05-21T07:47:53.059+0000][1][gc,marking  ] GC(165) Concurrent Clear Claimed Marks 0.131ms
[2024-05-21T07:47:53.059+0000][1][gc,marking  ] GC(165) Concurrent Cleanup for Next Mark
[2024-05-21T07:47:53.062+0000][1][gc,marking  ] GC(165) Concurrent Cleanup for Next Mark 3.198ms
[2024-05-21T07:47:53.062+0000][1][gc          ] GC(165) Concurrent Mark Cycle 109.886ms
[2024-05-21T08:17:37.017+0000][1][safepoint   ] Safepoint "Cleanup", Time since last: 1783958207626 ns, Reaching safepoint: 8464 ns, Cleanup: 10094 ns, At safepoint: 3925 ns, Total: 22483 ns
[2024-05-21T08:47:16.912+0000][1][gc,start    ] GC(166) Pause Young (Prepare Mixed) (G1 Evacuation Pause)
[2024-05-21T08:47:16.912+0000][1][gc,task     ] GC(166) Using 4 workers of 4 for evacuation
[2024-05-21T08:47:16.912+0000][1][gc,age      ] GC(166) Desired survivor size 40370176 bytes, new threshold 15 (max threshold 15)
[2024-05-21T08:47:16.922+0000][1][gc,phases   ] GC(166)   Pre Evacuate Collection Set: 0.4ms
[2024-05-21T08:47:16.922+0000][1][gc,phases   ] GC(166)   Merge Heap Roots: 0.1ms
[2024-05-21T08:47:16.922+0000][1][gc,phases   ] GC(166)   Evacuate Collection Set: 8.7ms
[2024-05-21T08:47:16.922+0000][1][gc,phases   ] GC(166)   Post Evacuate Collection Set: 1.3ms
[2024-05-21T08:47:16.922+0000][1][gc,phases   ] GC(166)   Other: 0.1ms
[2024-05-21T08:47:16.922+0000][1][gc,age      ] GC(166) Age table with threshold 15 (max threshold 15)
[2024-05-21T08:47:16.922+0000][1][gc,age      ] GC(166) - age   1:    3922720 bytes,    3922720 total
[2024-05-21T08:47:16.923+0000][1][gc,age      ] GC(166) - age   2:    2100632 bytes,    6023352 total
[2024-05-21T08:47:16.923+0000][1][gc,age      ] GC(166) - age   3:    1652848 bytes,    7676200 total
[2024-05-21T08:47:16.923+0000][1][gc,age      ] GC(166) - age   4:     379992 bytes,    8056192 total
[2024-05-21T08:47:16.923+0000][1][gc,age      ] GC(166) - age   5:    1139584 bytes,    9195776 total
[2024-05-21T08:47:16.923+0000][1][gc,age      ] GC(166) - age   6:    1089656 bytes,   10285432 total
[2024-05-21T08:47:16.923+0000][1][gc,age      ] GC(166) - age   7:     513656 bytes,   10799088 total
[2024-05-21T08:47:16.923+0000][1][gc,age      ] GC(166) - age   8:     133392 bytes,   10932480 total
[2024-05-21T08:47:16.923+0000][1][gc,age      ] GC(166) - age   9:     244264 bytes,   11176744 total
[2024-05-21T08:47:16.923+0000][1][gc,age      ] GC(166) - age  10:      49264 bytes,   11226008 total
[2024-05-21T08:47:16.923+0000][1][gc,age      ] GC(166) - age  11:         72 bytes,   11226080 total
[2024-05-21T08:47:16.923+0000][1][gc,age      ] GC(166) - age  12:     206184 bytes,   11432264 total
[2024-05-21T08:47:16.923+0000][1][gc,age      ] GC(166) - age  13:      81784 bytes,   11514048 total
[2024-05-21T08:47:16.923+0000][1][gc,age      ] GC(166) - age  14:        384 bytes,   11514432 total
[2024-05-21T08:47:16.923+0000][1][gc,age      ] GC(166) - age  15:      67760 bytes,   11582192 total
[2024-05-21T08:47:16.923+0000][1][gc,heap     ] GC(166) Eden regions: 602->0(602)
[2024-05-21T08:47:16.923+0000][1][gc,heap     ] GC(166) Survivor regions: 12->12(77)
[2024-05-21T08:47:16.923+0000][1][gc,heap     ] GC(166) Old regions: 38->38
[2024-05-21T08:47:16.923+0000][1][gc,heap     ] GC(166) Humongous regions: 3->3
[2024-05-21T08:47:16.923+0000][1][gc,metaspace] GC(166) Metaspace: 98991K(100800K)->98991K(100800K) NonClass: 86968K(87872K)->86968K(87872K) Class: 12023K(12928K)->12023K(12928K)
[2024-05-21T08:47:16.923+0000][1][gc          ] GC(166) Pause Young (Prepare Mixed) (G1 Evacuation Pause) 654M->52M(1024M) 11.097ms
[2024-05-21T08:47:16.923+0000][1][gc,cpu      ] GC(166) User=0.04s Sys=0.00s Real=0.01s
[2024-05-21T08:47:16.923+0000][1][safepoint   ] Safepoint "G1CollectForAllocation", Time since last: 1779894508693 ns, Reaching safepoint: 30296 ns, Cleanup: 5911 ns, At safepoint: 11189205 ns, Total: 11225412 ns
[2024-05-21T08:50:46.143+0000][1][safepoint   ] Safepoint "Cleanup", Time since last: 209219759228 ns, Reaching safepoint: 143129 ns, Cleanup: 17720 ns, At safepoint: 7848 ns, Total: 168697 ns
[2024-05-21T09:18:32.266+0000][1][safepoint   ] Safepoint "Cleanup", Time since last: 1666123590340 ns, Reaching safepoint: 8672 ns, Cleanup: 11394 ns, At safepoint: 4367 ns, Total: 24433 ns
[2024-05-21T09:43:55.086+0000][1][gc,start    ] GC(167) Pause Young (Mixed) (G1 Evacuation Pause)
[2024-05-21T09:43:55.086+0000][1][gc,task     ] GC(167) Using 4 workers of 4 for evacuation
[2024-05-21T09:43:55.086+0000][1][gc,age      ] GC(167) Desired survivor size 40370176 bytes, new threshold 15 (max threshold 15)
[2024-05-21T09:43:55.097+0000][1][gc,phases   ] GC(167)   Pre Evacuate Collection Set: 0.4ms
[2024-05-21T09:43:55.097+0000][1][gc,phases   ] GC(167)   Merge Heap Roots: 0.1ms
[2024-05-21T09:43:55.097+0000][1][gc,phases   ] GC(167)   Evacuate Collection Set: 8.9ms
[2024-05-21T09:43:55.097+0000][1][gc,phases   ] GC(167)   Post Evacuate Collection Set: 1.3ms
[2024-05-21T09:43:55.097+0000][1][gc,phases   ] GC(167)   Other: 0.1ms
[2024-05-21T09:43:55.097+0000][1][gc,age      ] GC(167) Age table with threshold 15 (max threshold 15)
[2024-05-21T09:43:55.097+0000][1][gc,age      ] GC(167) - age   1:    3107832 bytes,    3107832 total
[2024-05-21T09:43:55.097+0000][1][gc,age      ] GC(167) - age   2:    2318376 bytes,    5426208 total
[2024-05-21T09:43:55.097+0000][1][gc,age      ] GC(167) - age   3:    1681584 bytes,    7107792 total
[2024-05-21T09:43:55.097+0000][1][gc,age      ] GC(167) - age   4:     477752 bytes,    7585544 total
[2024-05-21T09:43:55.097+0000][1][gc,age      ] GC(167) - age   5:     373416 bytes,    7958960 total
[2024-05-21T09:43:55.097+0000][1][gc,age      ] GC(167) - age   6:     850416 bytes,    8809376 total
[2024-05-21T09:43:55.097+0000][1][gc,age      ] GC(167) - age   7:     917136 bytes,    9726512 total
[2024-05-21T09:43:55.097+0000][1][gc,age      ] GC(167) - age   8:     503304 bytes,   10229816 total
[2024-05-21T09:43:55.097+0000][1][gc,age      ] GC(167) - age   9:     133392 bytes,   10363208 total
[2024-05-21T09:43:55.097+0000][1][gc,age      ] GC(167) - age  10:     244264 bytes,   10607472 total
[2024-05-21T09:43:55.097+0000][1][gc,age      ] GC(167) - age  11:      47688 bytes,   10655160 total
[2024-05-21T09:43:55.097+0000][1][gc,age      ] GC(167) - age  12:         72 bytes,   10655232 total
[2024-05-21T09:43:55.097+0000][1][gc,age      ] GC(167) - age  13:     205848 bytes,   10861080 total
[2024-05-21T09:43:55.097+0000][1][gc,age      ] GC(167) - age  14:      81752 bytes,   10942832 total
[2024-05-21T09:43:55.097+0000][1][gc,age      ] GC(167) - age  15:        384 bytes,   10943216 total
[2024-05-21T09:43:55.097+0000][1][gc,heap     ] GC(167) Eden regions: 602->0(602)
[2024-05-21T09:43:55.097+0000][1][gc,heap     ] GC(167) Survivor regions: 12->12(77)
[2024-05-21T09:43:55.097+0000][1][gc,heap     ] GC(167) Old regions: 38->38
[2024-05-21T09:43:55.097+0000][1][gc,heap     ] GC(167) Humongous regions: 3->3
[2024-05-21T09:43:55.097+0000][1][gc,metaspace] GC(167) Metaspace: 99003K(100864K)->99003K(100864K) NonClass: 86980K(87936K)->86980K(87936K) Class: 12023K(12928K)->12023K(12928K)
[2024-05-21T09:43:55.097+0000][1][gc          ] GC(167) Pause Young (Mixed) (G1 Evacuation Pause) 654M->52M(1024M) 11.181ms
[2024-05-21T09:43:55.097+0000][1][gc,cpu      ] GC(167) User=0.04s Sys=0.01s Real=0.01s
[2024-05-21T09:43:55.097+0000][1][safepoint   ] Safepoint "G1CollectForAllocation", Time since last: 1522819359932 ns, Reaching safepoint: 30032 ns, Cleanup: 6325 ns, At safepoint: 11302110 ns, Total: 11338467 ns
[2024-05-21T10:49:07.591+0000][1][gc,start    ] GC(168) Pause Young (Concurrent Start) (G1 Evacuation Pause)
[2024-05-21T10:49:07.591+0000][1][gc,task     ] GC(168) Using 4 workers of 4 for evacuation
[2024-05-21T10:49:07.591+0000][1][gc,age      ] GC(168) Desired survivor size 40370176 bytes, new threshold 15 (max threshold 15)
[2024-05-21T10:49:07.601+0000][1][gc,phases   ] GC(168)   Pre Evacuate Collection Set: 0.5ms
[2024-05-21T10:49:07.601+0000][1][gc,phases   ] GC(168)   Merge Heap Roots: 0.2ms
[2024-05-21T10:49:07.601+0000][1][gc,phases   ] GC(168)   Evacuate Collection Set: 8.4ms
[2024-05-21T10:49:07.601+0000][1][gc,phases   ] GC(168)   Post Evacuate Collection Set: 1.3ms
[2024-05-21T10:49:07.602+0000][1][gc,phases   ] GC(168)   Other: 0.2ms
[2024-05-21T10:49:07.602+0000][1][gc,age      ] GC(168) Age table with threshold 15 (max threshold 15)
[2024-05-21T10:49:07.602+0000][1][gc,age      ] GC(168) - age   1:    2982568 bytes,    2982568 total
[2024-05-21T10:49:07.602+0000][1][gc,age      ] GC(168) - age   2:    2555552 bytes,    5538120 total
[2024-05-21T10:49:07.602+0000][1][gc,age      ] GC(168) - age   3:    2212976 bytes,    7751096 total
[2024-05-21T10:49:07.602+0000][1][gc,age      ] GC(168) - age   4:     562104 bytes,    8313200 total
[2024-05-21T10:49:07.602+0000][1][gc,age      ] GC(168) - age   5:     477592 bytes,    8790792 total
[2024-05-21T10:49:07.602+0000][1][gc,age      ] GC(168) - age   6:     348688 bytes,    9139480 total
[2024-05-21T10:49:07.602+0000][1][gc,age      ] GC(168) - age   7:     720728 bytes,    9860208 total
[2024-05-21T10:49:07.602+0000][1][gc,age      ] GC(168) - age   8:     916976 bytes,   10777184 total
[2024-05-21T10:49:07.602+0000][1][gc,age      ] GC(168) - age   9:     503304 bytes,   11280488 total
[2024-05-21T10:49:07.602+0000][1][gc,age      ] GC(168) - age  10:     133392 bytes,   11413880 total
[2024-05-21T10:49:07.602+0000][1][gc,age      ] GC(168) - age  11:     244264 bytes,   11658144 total
[2024-05-21T10:49:07.602+0000][1][gc,age      ] GC(168) - age  12:      47688 bytes,   11705832 total
[2024-05-21T10:49:07.602+0000][1][gc,age      ] GC(168) - age  13:         72 bytes,   11705904 total
[2024-05-21T10:49:07.602+0000][1][gc,age      ] GC(168) - age  14:     205848 bytes,   11911752 total
[2024-05-21T10:49:07.602+0000][1][gc,age      ] GC(168) - age  15:      81752 bytes,   11993504 total
[2024-05-21T10:49:07.602+0000][1][gc,heap     ] GC(168) Eden regions: 602->0(601)
[2024-05-21T10:49:07.602+0000][1][gc,heap     ] GC(168) Survivor regions: 12->13(77)
[2024-05-21T10:49:07.602+0000][1][gc,heap     ] GC(168) Old regions: 38->38
[2024-05-21T10:49:07.602+0000][1][gc,heap     ] GC(168) Humongous regions: 3->3
[2024-05-21T10:49:07.602+0000][1][gc,metaspace] GC(168) Metaspace: 99003K(100864K)->99003K(100864K) NonClass: 86980K(87936K)->86980K(87936K) Class: 12023K(12928K)->12023K(12928K)
[2024-05-21T10:49:07.602+0000][1][gc          ] GC(168) Pause Young (Concurrent Start) (G1 Evacuation Pause) 654M->53M(1024M) 10.885ms
[2024-05-21T10:49:07.602+0000][1][gc          ] GC(169) Concurrent Mark Cycle
[2024-05-21T10:49:07.602+0000][1][gc,marking  ] GC(169) Concurrent Scan Root Regions
[2024-05-21T10:49:07.602+0000][1][gc,cpu      ] GC(168) User=0.03s Sys=0.00s Real=0.01s
[2024-05-21T10:49:07.602+0000][1][safepoint   ] Safepoint "G1CollectForAllocation", Time since last: 3912493717877 ns, Reaching safepoint: 54976 ns, Cleanup: 6371 ns, At safepoint: 11015936 ns, Total: 11077283 ns
[2024-05-21T10:49:07.610+0000][1][gc,marking  ] GC(169) Concurrent Scan Root Regions 8.557ms
[2024-05-21T10:49:07.610+0000][1][gc,marking  ] GC(169) Concurrent Mark
[2024-05-21T10:49:07.610+0000][1][gc,marking  ] GC(169) Concurrent Mark From Roots
[2024-05-21T10:49:07.610+0000][1][gc,task     ] GC(169) Using 1 workers of 1 for marking
[2024-05-21T10:49:07.677+0000][1][gc,marking  ] GC(169) Concurrent Mark From Roots 66.220ms
[2024-05-21T10:49:07.677+0000][1][gc,marking  ] GC(169) Concurrent Preclean
[2024-05-21T10:49:07.677+0000][1][gc,marking  ] GC(169) Concurrent Preclean 0.221ms
[2024-05-21T10:49:07.677+0000][1][gc,start    ] GC(169) Pause Remark
[2024-05-21T10:49:07.685+0000][1][gc          ] GC(169) Pause Remark 55M->55M(1024M) 7.502ms
[2024-05-21T10:49:07.685+0000][1][gc,cpu      ] GC(169) User=0.02s Sys=0.00s Real=0.01s
[2024-05-21T10:49:07.685+0000][1][safepoint   ] Safepoint "G1PauseRemark", Time since last: 75243131 ns, Reaching safepoint: 27113 ns, Cleanup: 5339 ns, At safepoint: 7625587 ns, Total: 7658039 ns
[2024-05-21T10:49:07.685+0000][1][gc,marking  ] GC(169) Concurrent Mark 74.360ms
[2024-05-21T10:49:07.685+0000][1][gc,marking  ] GC(169) Concurrent Rebuild Remembered Sets and Scrub Regions
[2024-05-21T10:49:07.713+0000][1][gc,marking  ] GC(169) Concurrent Rebuild Remembered Sets and Scrub Regions 27.776ms
[2024-05-21T10:49:07.713+0000][1][gc,start    ] GC(169) Pause Cleanup
[2024-05-21T10:49:07.713+0000][1][gc          ] GC(169) Pause Cleanup 55M->55M(1024M) 0.277ms
[2024-05-21T10:49:07.713+0000][1][gc,cpu      ] GC(169) User=0.00s Sys=0.00s Real=0.00s
[2024-05-21T10:49:07.713+0000][1][safepoint   ] Safepoint "G1PauseCleanup", Time since last: 28012206 ns, Reaching safepoint: 20134 ns, Cleanup: 4561 ns, At safepoint: 334161 ns, Total: 358856 ns
[2024-05-21T10:49:07.713+0000][1][gc,marking  ] GC(169) Concurrent Clear Claimed Marks
[2024-05-21T10:49:07.713+0000][1][gc,marking  ] GC(169) Concurrent Clear Claimed Marks 0.128ms
[2024-05-21T10:49:07.713+0000][1][gc,marking  ] GC(169) Concurrent Cleanup for Next Mark
[2024-05-21T10:49:07.717+0000][1][gc,marking  ] GC(169) Concurrent Cleanup for Next Mark 3.367ms
[2024-05-21T10:49:07.717+0000][1][gc          ] GC(169) Concurrent Mark Cycle 114.994ms
[2024-05-21T11:32:23.001+0000][1][safepoint   ] Safepoint "Cleanup", Time since last: 2595287945345 ns, Reaching safepoint: 8879 ns, Cleanup: 10464 ns, At safepoint: 2694 ns, Total: 22037 ns
[2024-05-21T11:40:47.970+0000][1][gc,start    ] GC(170) Pause Young (Prepare Mixed) (G1 Evacuation Pause)
[2024-05-21T11:40:47.970+0000][1][gc,task     ] GC(170) Using 4 workers of 4 for evacuation
[2024-05-21T11:40:47.970+0000][1][gc,age      ] GC(170) Desired survivor size 40370176 bytes, new threshold 15 (max threshold 15)
[2024-05-21T11:40:47.981+0000][1][gc,phases   ] GC(170)   Pre Evacuate Collection Set: 0.5ms
[2024-05-21T11:40:47.981+0000][1][gc,phases   ] GC(170)   Merge Heap Roots: 0.3ms
[2024-05-21T11:40:47.981+0000][1][gc,phases   ] GC(170)   Evacuate Collection Set: 8.8ms
[2024-05-21T11:40:47.981+0000][1][gc,phases   ] GC(170)   Post Evacuate Collection Set: 1.4ms
[2024-05-21T11:40:47.981+0000][1][gc,phases   ] GC(170)   Other: 0.1ms
[2024-05-21T11:40:47.981+0000][1][gc,age      ] GC(170) Age table with threshold 15 (max threshold 15)
[2024-05-21T11:40:47.981+0000][1][gc,age      ] GC(170) - age   1:    4322016 bytes,    4322016 total
[2024-05-21T11:40:47.981+0000][1][gc,age      ] GC(170) - age   2:    1970008 bytes,    6292024 total
[2024-05-21T11:40:47.981+0000][1][gc,age      ] GC(170) - age   3:    1816976 bytes,    8109000 total
[2024-05-21T11:40:47.981+0000][1][gc,age      ] GC(170) - age   4:    1070336 bytes,    9179336 total
[2024-05-21T11:40:47.981+0000][1][gc,age      ] GC(170) - age   5:     387216 bytes,    9566552 total
[2024-05-21T11:40:47.981+0000][1][gc,age      ] GC(170) - age   6:     415536 bytes,    9982088 total
[2024-05-21T11:40:47.981+0000][1][gc,age      ] GC(170) - age   7:     205016 bytes,   10187104 total
[2024-05-21T11:40:47.981+0000][1][gc,age      ] GC(170) - age   8:     444296 bytes,   10631400 total
[2024-05-21T11:40:47.981+0000][1][gc,age      ] GC(170) - age   9:     851896 bytes,   11483296 total
[2024-05-21T11:40:47.981+0000][1][gc,age      ] GC(170) - age  10:     312536 bytes,   11795832 total
[2024-05-21T11:40:47.981+0000][1][gc,age      ] GC(170) - age  11:     123800 bytes,   11919632 total
[2024-05-21T11:40:47.981+0000][1][gc,age      ] GC(170) - age  12:     204232 bytes,   12123864 total
[2024-05-21T11:40:47.981+0000][1][gc,age      ] GC(170) - age  13:      47688 bytes,   12171552 total
[2024-05-21T11:40:47.981+0000][1][gc,age      ] GC(170) - age  14:         72 bytes,   12171624 total
[2024-05-21T11:40:47.981+0000][1][gc,age      ] GC(170) - age  15:     176776 bytes,   12348400 total
[2024-05-21T11:40:47.981+0000][1][gc,heap     ] GC(170) Eden regions: 601->0(601)
[2024-05-21T11:40:47.981+0000][1][gc,heap     ] GC(170) Survivor regions: 13->13(77)
[2024-05-21T11:40:47.981+0000][1][gc,heap     ] GC(170) Old regions: 38->38
[2024-05-21T11:40:47.981+0000][1][gc,heap     ] GC(170) Humongous regions: 3->3
[2024-05-21T11:40:47.981+0000][1][gc,metaspace] GC(170) Metaspace: 99003K(100864K)->99003K(100864K) NonClass: 86980K(87936K)->86980K(87936K) Class: 12023K(12928K)->12023K(12928K)
[2024-05-21T11:40:47.981+0000][1][gc          ] GC(170) Pause Young (Prepare Mixed) (G1 Evacuation Pause) 654M->53M(1024M) 11.433ms
[2024-05-21T11:40:47.981+0000][1][gc,cpu      ] GC(170) User=0.04s Sys=0.00s Real=0.01s
[2024-05-21T11:40:47.982+0000][1][safepoint   ] Safepoint "G1CollectForAllocation", Time since last: 504968902632 ns, Reaching safepoint: 32778 ns, Cleanup: 5977 ns, At safepoint: 11523435 ns, Total: 11562190 ns
[2024-05-21T12:31:52.529+0000][1][gc,start    ] GC(171) Pause Young (Mixed) (G1 Evacuation Pause)
[2024-05-21T12:31:52.529+0000][1][gc,task     ] GC(171) Using 4 workers of 4 for evacuation
[2024-05-21T12:31:52.529+0000][1][gc,age      ] GC(171) Desired survivor size 40370176 bytes, new threshold 15 (max threshold 15)
[2024-05-21T12:31:52.540+0000][1][gc,phases   ] GC(171)   Pre Evacuate Collection Set: 0.4ms
[2024-05-21T12:31:52.540+0000][1][gc,phases   ] GC(171)   Merge Heap Roots: 0.2ms
[2024-05-21T12:31:52.540+0000][1][gc,phases   ] GC(171)   Evacuate Collection Set: 8.7ms
[2024-05-21T12:31:52.540+0000][1][gc,phases   ] GC(171)   Post Evacuate Collection Set: 1.5ms
[2024-05-21T12:31:52.540+0000][1][gc,phases   ] GC(171)   Other: 0.1ms
[2024-05-21T12:31:52.540+0000][1][gc,age      ] GC(171) Age table with threshold 15 (max threshold 15)
[2024-05-21T12:31:52.540+0000][1][gc,age      ] GC(171) - age   1:    4332480 bytes,    4332480 total
[2024-05-21T12:31:52.540+0000][1][gc,age      ] GC(171) - age   2:    2673000 bytes,    7005480 total
[2024-05-21T12:31:52.540+0000][1][gc,age      ] GC(171) - age   3:    1378104 bytes,    8383584 total
[2024-05-21T12:31:52.540+0000][1][gc,age      ] GC(171) - age   4:     667384 bytes,    9050968 total
[2024-05-21T12:31:52.540+0000][1][gc,age      ] GC(171) - age   5:     736056 bytes,    9787024 total
[2024-05-21T12:31:52.540+0000][1][gc,age      ] GC(171) - age   6:     199400 bytes,    9986424 total
[2024-05-21T12:31:52.540+0000][1][gc,age      ] GC(171) - age   7:     258176 bytes,   10244600 total
[2024-05-21T12:31:52.540+0000][1][gc,age      ] GC(171) - age   8:     143000 bytes,   10387600 total
[2024-05-21T12:31:52.540+0000][1][gc,age      ] GC(171) - age   9:     444056 bytes,   10831656 total
[2024-05-21T12:31:52.540+0000][1][gc,age      ] GC(171) - age  10:     820416 bytes,   11652072 total
[2024-05-21T12:31:52.540+0000][1][gc,age      ] GC(171) - age  11:     250496 bytes,   11902568 total
[2024-05-21T12:31:52.540+0000][1][gc,age      ] GC(171) - age  12:     123800 bytes,   12026368 total
[2024-05-21T12:31:52.540+0000][1][gc,age      ] GC(171) - age  13:     128032 bytes,   12154400 total
[2024-05-21T12:31:52.540+0000][1][gc,age      ] GC(171) - age  14:      47688 bytes,   12202088 total
[2024-05-21T12:31:52.540+0000][1][gc,age      ] GC(171) - age  15:         72 bytes,   12202160 total
[2024-05-21T12:31:52.540+0000][1][gc,heap     ] GC(171) Eden regions: 601->0(601)
[2024-05-21T12:31:52.540+0000][1][gc,heap     ] GC(171) Survivor regions: 13->13(77)
[2024-05-21T12:31:52.540+0000][1][gc,heap     ] GC(171) Old regions: 38->38
[2024-05-21T12:31:52.540+0000][1][gc,heap     ] GC(171) Humongous regions: 3->3
[2024-05-21T12:31:52.540+0000][1][gc,metaspace] GC(171) Metaspace: 99004K(100864K)->99004K(100864K) NonClass: 86980K(87936K)->86980K(87936K) Class: 12023K(12928K)->12023K(12928K)
[2024-05-21T12:31:52.540+0000][1][gc          ] GC(171) Pause Young (Mixed) (G1 Evacuation Pause) 654M->53M(1024M) 11.319ms
[2024-05-21T12:31:52.540+0000][1][gc,cpu      ] GC(171) User=0.04s Sys=0.00s Real=0.01s
[2024-05-21T12:31:52.540+0000][1][safepoint   ] Safepoint "G1CollectForAllocation", Time since last: 3064547082499 ns, Reaching safepoint: 57114 ns, Cleanup: 6509 ns, At safepoint: 11411660 ns, Total: 11475283 ns
[2024-05-21T13:23:51.415+0000][1][gc,start    ] GC(172) Pause Young (Concurrent Start) (G1 Evacuation Pause)
[2024-05-21T13:23:51.415+0000][1][gc,task     ] GC(172) Using 4 workers of 4 for evacuation
[2024-05-21T13:23:51.415+0000][1][gc,age      ] GC(172) Desired survivor size 40370176 bytes, new threshold 15 (max threshold 15)
[2024-05-21T13:23:51.425+0000][1][gc,phases   ] GC(172)   Pre Evacuate Collection Set: 0.4ms
[2024-05-21T13:23:51.426+0000][1][gc,phases   ] GC(172)   Merge Heap Roots: 0.1ms
[2024-05-21T13:23:51.426+0000][1][gc,phases   ] GC(172)   Evacuate Collection Set: 8.8ms
[2024-05-21T13:23:51.426+0000][1][gc,phases   ] GC(172)   Post Evacuate Collection Set: 1.3ms
[2024-05-21T13:23:51.426+0000][1][gc,phases   ] GC(172)   Other: 0.1ms
[2024-05-21T13:23:51.426+0000][1][gc,age      ] GC(172) Age table with threshold 15 (max threshold 15)
[2024-05-21T13:23:51.426+0000][1][gc,age      ] GC(172) - age   1:    4435568 bytes,    4435568 total
[2024-05-21T13:23:51.426+0000][1][gc,age      ] GC(172) - age   2:    2431176 bytes,    6866744 total
[2024-05-21T13:23:51.426+0000][1][gc,age      ] GC(172) - age   3:    2129040 bytes,    8995784 total
[2024-05-21T13:23:51.426+0000][1][gc,age      ] GC(172) - age   4:     253904 bytes,    9249688 total
[2024-05-21T13:23:51.426+0000][1][gc,age      ] GC(172) - age   5:     383568 bytes,    9633256 total
[2024-05-21T13:23:51.426+0000][1][gc,age      ] GC(172) - age   6:     684048 bytes,   10317304 total
[2024-05-21T13:23:51.426+0000][1][gc,age      ] GC(172) - age   7:      70848 bytes,   10388152 total
[2024-05-21T13:23:51.426+0000][1][gc,age      ] GC(172) - age   8:     191552 bytes,   10579704 total
[2024-05-21T13:23:51.426+0000][1][gc,age      ] GC(172) - age   9:     109064 bytes,   10688768 total
[2024-05-21T13:23:51.426+0000][1][gc,age      ] GC(172) - age  10:     410424 bytes,   11099192 total
[2024-05-21T13:23:51.426+0000][1][gc,age      ] GC(172) - age  11:     819888 bytes,   11919080 total
[2024-05-21T13:23:51.426+0000][1][gc,age      ] GC(172) - age  12:     250496 bytes,   12169576 total
[2024-05-21T13:23:51.426+0000][1][gc,age      ] GC(172) - age  13:     123800 bytes,   12293376 total
[2024-05-21T13:23:51.426+0000][1][gc,age      ] GC(172) - age  14:     128032 bytes,   12421408 total
[2024-05-21T13:23:51.426+0000][1][gc,age      ] GC(172) - age  15:      47688 bytes,   12469096 total
[2024-05-21T13:23:51.426+0000][1][gc,heap     ] GC(172) Eden regions: 601->0(601)
[2024-05-21T13:23:51.426+0000][1][gc,heap     ] GC(172) Survivor regions: 13->13(77)
[2024-05-21T13:23:51.426+0000][1][gc,heap     ] GC(172) Old regions: 38->38
[2024-05-21T13:23:51.426+0000][1][gc,heap     ] GC(172) Humongous regions: 3->3
[2024-05-21T13:23:51.426+0000][1][gc,metaspace] GC(172) Metaspace: 99004K(100864K)->99004K(100864K) NonClass: 86980K(87936K)->86980K(87936K) Class: 12023K(12928K)->12023K(12928K)
[2024-05-21T13:23:51.426+0000][1][gc          ] GC(172) Pause Young (Concurrent Start) (G1 Evacuation Pause) 654M->53M(1024M) 11.213ms
[2024-05-21T13:23:51.426+0000][1][gc          ] GC(173) Concurrent Mark Cycle
[2024-05-21T13:23:51.426+0000][1][gc,marking  ] GC(173) Concurrent Scan Root Regions
[2024-05-21T13:23:51.426+0000][1][gc,cpu      ] GC(172) User=0.04s Sys=0.00s Real=0.02s
[2024-05-21T13:23:51.426+0000][1][safepoint   ] Safepoint "G1CollectForAllocation", Time since last: 3118874408089 ns, Reaching safepoint: 55745 ns, Cleanup: 6731 ns, At safepoint: 11349704 ns, Total: 11412180 ns
[2024-05-21T13:23:51.434+0000][1][gc,marking  ] GC(173) Concurrent Scan Root Regions 7.956ms
[2024-05-21T13:23:51.434+0000][1][gc,marking  ] GC(173) Concurrent Mark
[2024-05-21T13:23:51.434+0000][1][gc,marking  ] GC(173) Concurrent Mark From Roots
[2024-05-21T13:23:51.434+0000][1][gc,task     ] GC(173) Using 1 workers of 1 for marking
[2024-05-21T13:23:51.500+0000][1][gc,marking  ] GC(173) Concurrent Mark From Roots 66.197ms
[2024-05-21T13:23:51.500+0000][1][gc,marking  ] GC(173) Concurrent Preclean
[2024-05-21T13:23:51.500+0000][1][gc,marking  ] GC(173) Concurrent Preclean 0.231ms
[2024-05-21T13:23:51.501+0000][1][gc,start    ] GC(173) Pause Remark
[2024-05-21T13:23:51.507+0000][1][gc          ] GC(173) Pause Remark 55M->55M(1024M) 6.375ms
[2024-05-21T13:23:51.507+0000][1][gc,cpu      ] GC(173) User=0.02s Sys=0.00s Real=0.01s
[2024-05-21T13:23:51.507+0000][1][safepoint   ] Safepoint "G1PauseRemark", Time since last: 74556550 ns, Reaching safepoint: 27273 ns, Cleanup: 5374 ns, At safepoint: 6506050 ns, Total: 6538697 ns
[2024-05-21T13:23:51.507+0000][1][gc,marking  ] GC(173) Concurrent Mark 73.159ms
[2024-05-21T13:23:51.507+0000][1][gc,marking  ] GC(173) Concurrent Rebuild Remembered Sets and Scrub Regions
[2024-05-21T13:23:51.535+0000][1][gc,marking  ] GC(173) Concurrent Rebuild Remembered Sets and Scrub Regions 27.839ms
[2024-05-21T13:23:51.535+0000][1][gc,start    ] GC(173) Pause Cleanup
[2024-05-21T13:23:51.535+0000][1][gc          ] GC(173) Pause Cleanup 55M->55M(1024M) 0.230ms
[2024-05-21T13:23:51.535+0000][1][gc,cpu      ] GC(173) User=0.00s Sys=0.01s Real=0.01s
[2024-05-21T13:23:51.535+0000][1][safepoint   ] Safepoint "G1PauseCleanup", Time since last: 28087121 ns, Reaching safepoint: 20068 ns, Cleanup: 4323 ns, At safepoint: 314117 ns, Total: 338508 ns
[2024-05-21T13:23:51.536+0000][1][gc,marking  ] GC(173) Concurrent Clear Claimed Marks
[2024-05-21T13:23:51.536+0000][1][gc,marking  ] GC(173) Concurrent Clear Claimed Marks 0.112ms
[2024-05-21T13:23:51.536+0000][1][gc,marking  ] GC(173) Concurrent Cleanup for Next Mark
[2024-05-21T13:23:51.539+0000][1][gc,marking  ] GC(173) Concurrent Cleanup for Next Mark 3.214ms
[2024-05-21T13:23:51.539+0000][1][gc          ] GC(173) Concurrent Mark Cycle 113.133ms
[2024-05-21T13:30:48.493+0000][1][safepoint   ] Safepoint "Cleanup", Time since last: 416957745027 ns, Reaching safepoint: 11659 ns, Cleanup: 10943 ns, At safepoint: 4506 ns, Total: 27108 ns
[2024-05-21T14:13:08.735+0000][1][gc,start    ] GC(174) Pause Young (Prepare Mixed) (G1 Evacuation Pause)
[2024-05-21T14:13:08.735+0000][1][gc,task     ] GC(174) Using 4 workers of 4 for evacuation
[2024-05-21T14:13:08.735+0000][1][gc,age      ] GC(174) Desired survivor size 40370176 bytes, new threshold 15 (max threshold 15)
[2024-05-21T14:13:08.751+0000][1][gc,phases   ] GC(174)   Pre Evacuate Collection Set: 0.6ms
[2024-05-21T14:13:08.751+0000][1][gc,phases   ] GC(174)   Merge Heap Roots: 0.4ms
[2024-05-21T14:13:08.751+0000][1][gc,phases   ] GC(174)   Evacuate Collection Set: 13.5ms
[2024-05-21T14:13:08.751+0000][1][gc,phases   ] GC(174)   Post Evacuate Collection Set: 1.4ms
[2024-05-21T14:13:08.751+0000][1][gc,phases   ] GC(174)   Other: 0.2ms
[2024-05-21T14:13:08.751+0000][1][gc,age      ] GC(174) Age table with threshold 15 (max threshold 15)
[2024-05-21T14:13:08.751+0000][1][gc,age      ] GC(174) - age   1:    3118352 bytes,    3118352 total
[2024-05-21T14:13:08.751+0000][1][gc,age      ] GC(174) - age   2:    3026864 bytes,    6145216 total
[2024-05-21T14:13:08.751+0000][1][gc,age      ] GC(174) - age   3:    2309312 bytes,    8454528 total
[2024-05-21T14:13:08.751+0000][1][gc,age      ] GC(174) - age   4:     736856 bytes,    9191384 total
[2024-05-21T14:13:08.751+0000][1][gc,age      ] GC(174) - age   5:     253880 bytes,    9445264 total
[2024-05-21T14:13:08.751+0000][1][gc,age      ] GC(174) - age   6:     357600 bytes,    9802864 total
[2024-05-21T14:13:08.751+0000][1][gc,age      ] GC(174) - age   7:     553544 bytes,   10356408 total
[2024-05-21T14:13:08.751+0000][1][gc,age      ] GC(174) - age   8:      69216 bytes,   10425624 total
[2024-05-21T14:13:08.751+0000][1][gc,age      ] GC(174) - age   9:     191552 bytes,   10617176 total
[2024-05-21T14:13:08.751+0000][1][gc,age      ] GC(174) - age  10:     109064 bytes,   10726240 total
[2024-05-21T14:13:08.752+0000][1][gc,age      ] GC(174) - age  11:     410424 bytes,   11136664 total
[2024-05-21T14:13:08.752+0000][1][gc,age      ] GC(174) - age  12:     819888 bytes,   11956552 total
[2024-05-21T14:13:08.752+0000][1][gc,age      ] GC(174) - age  13:     250496 bytes,   12207048 total
[2024-05-21T14:13:08.752+0000][1][gc,age      ] GC(174) - age  14:     123160 bytes,   12330208 total
[2024-05-21T14:13:08.752+0000][1][gc,age      ] GC(174) - age  15:     128032 bytes,   12458240 total
[2024-05-21T14:13:08.752+0000][1][gc,heap     ] GC(174) Eden regions: 601->0(601)
[2024-05-21T14:13:08.752+0000][1][gc,heap     ] GC(174) Survivor regions: 13->13(77)
[2024-05-21T14:13:08.752+0000][1][gc,heap     ] GC(174) Old regions: 38->38
[2024-05-21T14:13:08.752+0000][1][gc,heap     ] GC(174) Humongous regions: 3->3
[2024-05-21T14:13:08.752+0000][1][gc,metaspace] GC(174) Metaspace: 99004K(100864K)->99004K(100864K) NonClass: 86980K(87936K)->86980K(87936K) Class: 12023K(12928K)->12023K(12928K)
[2024-05-21T14:13:08.752+0000][1][gc          ] GC(174) Pause Young (Prepare Mixed) (G1 Evacuation Pause) 654M->53M(1024M) 16.494ms
[2024-05-21T14:13:08.752+0000][1][gc,cpu      ] GC(174) User=0.05s Sys=0.01s Real=0.02s
[2024-05-21T14:13:08.752+0000][1][safepoint   ] Safepoint "G1CollectForAllocation", Time since last: 2540241800589 ns, Reaching safepoint: 77778 ns, Cleanup: 9254 ns, At safepoint: 16599417 ns, Total: 16686449 ns
[2024-05-21T14:13:09.758+0000][1][safepoint   ] Safepoint "Cleanup", Time since last: 1006740325 ns, Reaching safepoint: 37480 ns, Cleanup: 22967 ns, At safepoint: 8091 ns, Total: 68538 ns
[2024-05-21T15:07:25.988+0000][1][gc,start    ] GC(175) Pause Young (Mixed) (G1 Evacuation Pause)
[2024-05-21T15:07:26.024+0000][1][gc,task     ] GC(175) Using 4 workers of 4 for evacuation
[2024-05-21T15:07:26.024+0000][1][gc,age      ] GC(175) Desired survivor size 40370176 bytes, new threshold 15 (max threshold 15)
[2024-05-21T15:07:26.037+0000][1][gc,phases   ] GC(175)   Pre Evacuate Collection Set: 0.7ms
[2024-05-21T15:07:26.037+0000][1][gc,phases   ] GC(175)   Merge Heap Roots: 0.2ms
[2024-05-21T15:07:26.037+0000][1][gc,phases   ] GC(175)   Evacuate Collection Set: 9.8ms
[2024-05-21T15:07:26.037+0000][1][gc,phases   ] GC(175)   Post Evacuate Collection Set: 1.5ms
[2024-05-21T15:07:26.037+0000][1][gc,phases   ] GC(175)   Other: 0.2ms
[2024-05-21T15:07:26.037+0000][1][gc,age      ] GC(175) Age table with threshold 15 (max threshold 15)
[2024-05-21T15:07:26.037+0000][1][gc,age      ] GC(175) - age   1:    3669208 bytes,    3669208 total
[2024-05-21T15:07:26.037+0000][1][gc,age      ] GC(175) - age   2:    1952136 bytes,    5621344 total
[2024-05-21T15:07:26.037+0000][1][gc,age      ] GC(175) - age   3:    2847072 bytes,    8468416 total
[2024-05-21T15:07:26.037+0000][1][gc,age      ] GC(175) - age   4:     794568 bytes,    9262984 total
[2024-05-21T15:07:26.037+0000][1][gc,age      ] GC(175) - age   5:     485288 bytes,    9748272 total
[2024-05-21T15:07:26.037+0000][1][gc,age      ] GC(175) - age   6:     225192 bytes,    9973464 total
[2024-05-21T15:07:26.037+0000][1][gc,age      ] GC(175) - age   7:     223200 bytes,   10196664 total
[2024-05-21T15:07:26.037+0000][1][gc,age      ] GC(175) - age   8:     553312 bytes,   10749976 total
[2024-05-21T15:07:26.037+0000][1][gc,age      ] GC(175) - age   9:      69216 bytes,   10819192 total
[2024-05-21T15:07:26.037+0000][1][gc,age      ] GC(175) - age  10:     191552 bytes,   11010744 total
[2024-05-21T15:07:26.037+0000][1][gc,age      ] GC(175) - age  11:     109064 bytes,   11119808 total
[2024-05-21T15:07:26.037+0000][1][gc,age      ] GC(175) - age  12:     410248 bytes,   11530056 total
[2024-05-21T15:07:26.037+0000][1][gc,age      ] GC(175) - age  13:     819824 bytes,   12349880 total
[2024-05-21T15:07:26.037+0000][1][gc,age      ] GC(175) - age  14:     250160 bytes,   12600040 total
[2024-05-21T15:07:26.037+0000][1][gc,age      ] GC(175) - age  15:      92352 bytes,   12692392 total
[2024-05-21T15:07:26.037+0000][1][gc,heap     ] GC(175) Eden regions: 601->0(601)
[2024-05-21T15:07:26.037+0000][1][gc,heap     ] GC(175) Survivor regions: 13->13(77)
[2024-05-21T15:07:26.037+0000][1][gc,heap     ] GC(175) Old regions: 38->38
[2024-05-21T15:07:26.037+0000][1][gc,heap     ] GC(175) Humongous regions: 3->3
[2024-05-21T15:07:26.037+0000][1][gc,metaspace] GC(175) Metaspace: 99004K(100864K)->99004K(100864K) NonClass: 86980K(87936K)->86980K(87936K) Class: 12023K(12928K)->12023K(12928K)
[2024-05-21T15:07:26.037+0000][1][gc          ] GC(175) Pause Young (Mixed) (G1 Evacuation Pause) 654M->53M(1024M) 48.680ms
[2024-05-21T15:07:26.037+0000][1][gc,cpu      ] GC(175) User=0.04s Sys=0.00s Real=0.05s
[2024-05-21T15:07:26.037+0000][1][safepoint   ] Safepoint "G1CollectForAllocation", Time since last: 3256229835911 ns, Reaching safepoint: 57801 ns, Cleanup: 6702 ns, At safepoint: 48774551 ns, Total: 48839054 ns
[2024-05-21T15:26:00.135+0000][1][safepoint   ] Safepoint "Cleanup", Time since last: 1114098136429 ns, Reaching safepoint: 37188 ns, Cleanup: 24543 ns, At safepoint: 8316 ns, Total: 70047 ns
[2024-05-21T15:40:04.158+0000][1][safepoint   ] Safepoint "Cleanup", Time since last: 844022328253 ns, Reaching safepoint: 9599 ns, Cleanup: 6114 ns, At safepoint: 4017 ns, Total: 19730 ns
[2024-05-21T16:00:29.436+0000][1][gc,start    ] GC(176) Pause Young (Concurrent Start) (G1 Evacuation Pause)
[2024-05-21T16:00:29.436+0000][1][gc,task     ] GC(176) Using 4 workers of 4 for evacuation
[2024-05-21T16:00:29.436+0000][1][gc,age      ] GC(176) Desired survivor size 40370176 bytes, new threshold 15 (max threshold 15)
[2024-05-21T16:00:29.448+0000][1][gc,phases   ] GC(176)   Pre Evacuate Collection Set: 0.4ms
[2024-05-21T16:00:29.448+0000][1][gc,phases   ] GC(176)   Merge Heap Roots: 0.2ms
[2024-05-21T16:00:29.448+0000][1][gc,phases   ] GC(176)   Evacuate Collection Set: 8.9ms
[2024-05-21T16:00:29.448+0000][1][gc,phases   ] GC(176)   Post Evacuate Collection Set: 1.6ms
[2024-05-21T16:00:29.448+0000][1][gc,phases   ] GC(176)   Other: 0.1ms
[2024-05-21T16:00:29.448+0000][1][gc,age      ] GC(176) Age table with threshold 15 (max threshold 15)
[2024-05-21T16:00:29.448+0000][1][gc,age      ] GC(176) - age   1:    4192904 bytes,    4192904 total
[2024-05-21T16:00:29.448+0000][1][gc,age      ] GC(176) - age   2:    2822584 bytes,    7015488 total
[2024-05-21T16:00:29.448+0000][1][gc,age      ] GC(176) - age   3:    1608112 bytes,    8623600 total
[2024-05-21T16:00:29.448+0000][1][gc,age      ] GC(176) - age   4:    1384488 bytes,   10008088 total
[2024-05-21T16:00:29.448+0000][1][gc,age      ] GC(176) - age   5:     556920 bytes,   10565008 total
[2024-05-21T16:00:29.448+0000][1][gc,age      ] GC(176) - age   6:     449672 bytes,   11014680 total
[2024-05-21T16:00:29.448+0000][1][gc,age      ] GC(176) - age   7:      93096 bytes,   11107776 total
[2024-05-21T16:00:29.448+0000][1][gc,age      ] GC(176) - age   8:     201304 bytes,   11309080 total
[2024-05-21T16:00:29.448+0000][1][gc,age      ] GC(176) - age   9:     328792 bytes,   11637872 total
[2024-05-21T16:00:29.448+0000][1][gc,age      ] GC(176) - age  10:      69216 bytes,   11707088 total
[2024-05-21T16:00:29.448+0000][1][gc,age      ] GC(176) - age  11:     191152 bytes,   11898240 total
[2024-05-21T16:00:29.448+0000][1][gc,age      ] GC(176) - age  12:     109064 bytes,   12007304 total
[2024-05-21T16:00:29.448+0000][1][gc,age      ] GC(176) - age  13:     410248 bytes,   12417552 total
[2024-05-21T16:00:29.448+0000][1][gc,age      ] GC(176) - age  14:     819824 bytes,   13237376 total
[2024-05-21T16:00:29.448+0000][1][gc,age      ] GC(176) - age  15:     250160 bytes,   13487536 total
[2024-05-21T16:00:29.448+0000][1][gc,heap     ] GC(176) Eden regions: 601->0(600)
[2024-05-21T16:00:29.448+0000][1][gc,heap     ] GC(176) Survivor regions: 13->14(77)
[2024-05-21T16:00:29.448+0000][1][gc,heap     ] GC(176) Old regions: 38->38
[2024-05-21T16:00:29.448+0000][1][gc,heap     ] GC(176) Humongous regions: 3->3
[2024-05-21T16:00:29.448+0000][1][gc,metaspace] GC(176) Metaspace: 99004K(100864K)->99004K(100864K) NonClass: 86980K(87936K)->86980K(87936K) Class: 12023K(12928K)->12023K(12928K)
[2024-05-21T16:00:29.448+0000][1][gc          ] GC(176) Pause Young (Concurrent Start) (G1 Evacuation Pause) 654M->54M(1024M) 11.672ms
[2024-05-21T16:00:29.448+0000][1][gc          ] GC(177) Concurrent Mark Cycle
[2024-05-21T16:00:29.448+0000][1][gc,marking  ] GC(177) Concurrent Scan Root Regions
[2024-05-21T16:00:29.448+0000][1][gc,cpu      ] GC(176) User=0.04s Sys=0.00s Real=0.01s
[2024-05-21T16:00:29.448+0000][1][safepoint   ] Safepoint "G1CollectForAllocation", Time since last: 1225278577906 ns, Reaching safepoint: 30582 ns, Cleanup: 7022 ns, At safepoint: 11813968 ns, Total: 11851572 ns
[2024-05-21T16:00:29.457+0000][1][gc,marking  ] GC(177) Concurrent Scan Root Regions 8.944ms
[2024-05-21T16:00:29.457+0000][1][gc,marking  ] GC(177) Concurrent Mark
[2024-05-21T16:00:29.457+0000][1][gc,marking  ] GC(177) Concurrent Mark From Roots
[2024-05-21T16:00:29.457+0000][1][gc,task     ] GC(177) Using 1 workers of 1 for marking
[2024-05-21T16:00:29.521+0000][1][gc,marking  ] GC(177) Concurrent Mark From Roots 64.182ms
[2024-05-21T16:00:29.521+0000][1][gc,marking  ] GC(177) Concurrent Preclean
[2024-05-21T16:00:29.522+0000][1][gc,marking  ] GC(177) Concurrent Preclean 0.230ms
[2024-05-21T16:00:29.522+0000][1][gc,start    ] GC(177) Pause Remark
[2024-05-21T16:00:29.529+0000][1][gc          ] GC(177) Pause Remark 55M->55M(1024M) 6.808ms
[2024-05-21T16:00:29.529+0000][1][gc,cpu      ] GC(177) User=0.03s Sys=0.00s Real=0.01s
[2024-05-21T16:00:29.529+0000][1][safepoint   ] Safepoint "G1PauseRemark", Time since last: 73513248 ns, Reaching safepoint: 27403 ns, Cleanup: 5290 ns, At safepoint: 6931886 ns, Total: 6964579 ns
[2024-05-21T16:00:29.529+0000][1][gc,marking  ] GC(177) Concurrent Mark 71.709ms
[2024-05-21T16:00:29.529+0000][1][gc,marking  ] GC(177) Concurrent Rebuild Remembered Sets and Scrub Regions
[2024-05-21T16:00:29.557+0000][1][gc,marking  ] GC(177) Concurrent Rebuild Remembered Sets and Scrub Regions 28.608ms
[2024-05-21T16:00:29.558+0000][1][gc,start    ] GC(177) Pause Cleanup
[2024-05-21T16:00:29.558+0000][1][gc          ] GC(177) Pause Cleanup 55M->55M(1024M) 0.266ms
[2024-05-21T16:00:29.558+0000][1][gc,cpu      ] GC(177) User=0.00s Sys=0.00s Real=0.00s
[2024-05-21T16:00:29.558+0000][1][safepoint   ] Safepoint "G1PauseCleanup", Time since last: 28970242 ns, Reaching safepoint: 19793 ns, Cleanup: 4443 ns, At safepoint: 323959 ns, Total: 348195 ns
[2024-05-21T16:00:29.558+0000][1][gc,marking  ] GC(177) Concurrent Clear Claimed Marks
[2024-05-21T16:00:29.558+0000][1][gc,marking  ] GC(177) Concurrent Clear Claimed Marks 0.112ms
[2024-05-21T16:00:29.558+0000][1][gc,marking  ] GC(177) Concurrent Cleanup for Next Mark
[2024-05-21T16:00:29.562+0000][1][gc,marking  ] GC(177) Concurrent Cleanup for Next Mark 3.467ms
[2024-05-21T16:00:29.562+0000][1][gc          ] GC(177) Concurrent Mark Cycle 113.653ms
[2024-05-21T16:05:34.321+0000][1][safepoint   ] Safepoint "Cleanup", Time since last: 304762542735 ns, Reaching safepoint: 8129 ns, Cleanup: 18067 ns, At safepoint: 3839 ns, Total: 30035 ns
[2024-05-21T16:32:49.711+0000][1][safepoint   ] Safepoint "Cleanup", Time since last: 1635389973545 ns, Reaching safepoint: 9148 ns, Cleanup: 10926 ns, At safepoint: 2839 ns, Total: 22913 ns
[2024-05-21T16:38:56.553+0000][1][safepoint   ] Safepoint "Cleanup", Time since last: 366842577882 ns, Reaching safepoint: 65776 ns, Cleanup: 20402 ns, At safepoint: 5165 ns, Total: 91343 ns
[2024-05-21T16:38:58.217+0000][1][safepoint   ] Safepoint "Cleanup", Time since last: 1662519827 ns, Reaching safepoint: 826557 ns, Cleanup: 42408 ns, At safepoint: 15157 ns, Total: 884122 ns
[2024-05-21T16:38:58.553+0000][1][gc,start    ] GC(178) Pause Young (Prepare Mixed) (G1 Evacuation Pause)
[2024-05-21T16:38:58.555+0000][1][gc,task     ] GC(178) Using 4 workers of 4 for evacuation
[2024-05-21T16:38:58.555+0000][1][gc,age      ] GC(178) Desired survivor size 40370176 bytes, new threshold 15 (max threshold 15)
[2024-05-21T16:38:59.180+0000][1][gc,mmu      ] GC(178) MMU target violated: 201.0ms (200.0ms/201.0ms)
[2024-05-21T16:38:59.181+0000][1][gc,phases   ] GC(178)   Pre Evacuate Collection Set: 27.6ms
[2024-05-21T16:38:59.181+0000][1][gc,phases   ] GC(178)   Merge Heap Roots: 1.8ms
[2024-05-21T16:38:59.181+0000][1][gc,phases   ] GC(178)   Evacuate Collection Set: 561.8ms
[2024-05-21T16:38:59.181+0000][1][gc,phases   ] GC(178)   Post Evacuate Collection Set: 31.8ms
[2024-05-21T16:38:59.181+0000][1][gc,phases   ] GC(178)   Other: 4.0ms
[2024-05-21T16:38:59.181+0000][1][gc,age      ] GC(178) Age table with threshold 15 (max threshold 15)
[2024-05-21T16:38:59.181+0000][1][gc,age      ] GC(178) - age   1:    5030128 bytes,    5030128 total
[2024-05-21T16:38:59.181+0000][1][gc,age      ] GC(178) - age   2:    2493248 bytes,    7523376 total
[2024-05-21T16:38:59.181+0000][1][gc,age      ] GC(178) - age   3:    2100968 bytes,    9624344 total
[2024-05-21T16:38:59.181+0000][1][gc,age      ] GC(178) - age   4:     460984 bytes,   10085328 total
[2024-05-21T16:38:59.181+0000][1][gc,age      ] GC(178) - age   5:     532400 bytes,   10617728 total
[2024-05-21T16:38:59.181+0000][1][gc,age      ] GC(178) - age   6:     412280 bytes,   11030008 total
[2024-05-21T16:38:59.181+0000][1][gc,age      ] GC(178) - age   7:     269680 bytes,   11299688 total
[2024-05-21T16:38:59.181+0000][1][gc,age      ] GC(178) - age   8:      31440 bytes,   11331128 total
[2024-05-21T16:38:59.181+0000][1][gc,age      ] GC(178) - age   9:     136224 bytes,   11467352 total
[2024-05-21T16:38:59.181+0000][1][gc,age      ] GC(178) - age  10:     294256 bytes,   11761608 total
[2024-05-21T16:38:59.181+0000][1][gc,age      ] GC(178) - age  11:      32000 bytes,   11793608 total
[2024-05-21T16:38:59.181+0000][1][gc,age      ] GC(178) - age  12:      69840 bytes,   11863448 total
[2024-05-21T16:38:59.181+0000][1][gc,age      ] GC(178) - age  13:      72896 bytes,   11936344 total
[2024-05-21T16:38:59.181+0000][1][gc,age      ] GC(178) - age  14:     191368 bytes,   12127712 total
[2024-05-21T16:38:59.181+0000][1][gc,age      ] GC(178) - age  15:     229392 bytes,   12357104 total
[2024-05-21T16:38:59.181+0000][1][gc,heap     ] GC(178) Eden regions: 600->0(601)
[2024-05-21T16:38:59.181+0000][1][gc,heap     ] GC(178) Survivor regions: 14->13(77)
[2024-05-21T16:38:59.181+0000][1][gc,heap     ] GC(178) Old regions: 38->39
[2024-05-21T16:38:59.181+0000][1][gc,heap     ] GC(178) Humongous regions: 3->3
[2024-05-21T16:38:59.181+0000][1][gc,metaspace] GC(178) Metaspace: 99004K(100864K)->99004K(100864K) NonClass: 86980K(87936K)->86980K(87936K) Class: 12023K(12928K)->12023K(12928K)
[2024-05-21T16:38:59.181+0000][1][gc          ] GC(178) Pause Young (Prepare Mixed) (G1 Evacuation Pause) 654M->53M(1024M) 627.495ms
[2024-05-21T16:38:59.181+0000][1][gc,cpu      ] GC(178) User=0.04s Sys=0.08s Real=0.63s
[2024-05-21T16:38:59.181+0000][1][safepoint   ] Safepoint "G1CollectForAllocation", Time since last: 336477176 ns, Reaching safepoint: 183139 ns, Cleanup: 6304 ns, At safepoint: 627940320 ns, Total: 628129763 ns
[2024-05-21T16:39:00.224+0000][1][safepoint   ] Safepoint "Cleanup", Time since last: 1000092844 ns, Reaching safepoint: 42690629 ns, Cleanup: 19089 ns, At safepoint: 42443 ns, Total: 42752161 ns
[2024-05-21T16:39:01.224+0000][1][safepoint   ] Safepoint "Cleanup", Time since last: 1000147826 ns, Reaching safepoint: 238749 ns, Cleanup: 16908 ns, At safepoint: 9264 ns, Total: 264921 ns
[2024-05-21T16:39:02.225+0000][1][safepoint   ] Safepoint "Cleanup", Time since last: 1000395614 ns, Reaching safepoint: 35843 ns, Cleanup: 27457 ns, At safepoint: 7082 ns, Total: 70382 ns
[2024-05-21T16:39:15.276+0000][1][gc,start    ] GC(179) Pause Young (Mixed) (G1 Evacuation Pause)
[2024-05-21T16:39:15.276+0000][1][gc,task     ] GC(179) Using 4 workers of 4 for evacuation
[2024-05-21T16:39:15.276+0000][1][gc,age      ] GC(179) Desired survivor size 40370176 bytes, new threshold 15 (max threshold 15)
[2024-05-21T16:39:15.406+0000][1][gc,phases   ] GC(179)   Pre Evacuate Collection Set: 1.0ms
[2024-05-21T16:39:15.406+0000][1][gc,phases   ] GC(179)   Merge Heap Roots: 0.2ms
[2024-05-21T16:39:15.406+0000][1][gc,phases   ] GC(179)   Evacuate Collection Set: 126.7ms
[2024-05-21T16:39:15.406+0000][1][gc,phases   ] GC(179)   Post Evacuate Collection Set: 1.5ms
[2024-05-21T16:39:15.406+0000][1][gc,phases   ] GC(179)   Other: 0.1ms
[2024-05-21T16:39:15.406+0000][1][gc,age      ] GC(179) Age table with threshold 15 (max threshold 15)
[2024-05-21T16:39:15.406+0000][1][gc,age      ] GC(179) - age   1:    5286992 bytes,    5286992 total
[2024-05-21T16:39:15.406+0000][1][gc,age      ] GC(179) - age   2:    2414856 bytes,    7701848 total
[2024-05-21T16:39:15.406+0000][1][gc,age      ] GC(179) - age   3:    2487824 bytes,   10189672 total
[2024-05-21T16:39:15.406+0000][1][gc,age      ] GC(179) - age   4:    1868536 bytes,   12058208 total
[2024-05-21T16:39:15.406+0000][1][gc,age      ] GC(179) - age   5:     449592 bytes,   12507800 total
[2024-05-21T16:39:15.406+0000][1][gc,age      ] GC(179) - age   6:     532096 bytes,   13039896 total
[2024-05-21T16:39:15.406+0000][1][gc,age      ] GC(179) - age   7:     412280 bytes,   13452176 total
[2024-05-21T16:39:15.406+0000][1][gc,age      ] GC(179) - age   8:     266072 bytes,   13718248 total
[2024-05-21T16:39:15.406+0000][1][gc,age      ] GC(179) - age   9:      31440 bytes,   13749688 total
[2024-05-21T16:39:15.406+0000][1][gc,age      ] GC(179) - age  10:     136224 bytes,   13885912 total
[2024-05-21T16:39:15.406+0000][1][gc,age      ] GC(179) - age  11:     294256 bytes,   14180168 total
[2024-05-21T16:39:15.406+0000][1][gc,age      ] GC(179) - age  12:      32000 bytes,   14212168 total
[2024-05-21T16:39:15.406+0000][1][gc,age      ] GC(179) - age  13:      69840 bytes,   14282008 total
[2024-05-21T16:39:15.406+0000][1][gc,age      ] GC(179) - age  14:      48248 bytes,   14330256 total
[2024-05-21T16:39:15.406+0000][1][gc,age      ] GC(179) - age  15:     191368 bytes,   14521624 total
[2024-05-21T16:39:15.406+0000][1][gc,heap     ] GC(179) Eden regions: 601->0(35)
[2024-05-21T16:39:15.406+0000][1][gc,heap     ] GC(179) Survivor regions: 13->16(77)
[2024-05-21T16:39:15.406+0000][1][gc,heap     ] GC(179) Old regions: 39->39
[2024-05-21T16:39:15.406+0000][1][gc,heap     ] GC(179) Humongous regions: 3->3
[2024-05-21T16:39:15.406+0000][1][gc,metaspace] GC(179) Metaspace: 99065K(100928K)->99065K(100928K) NonClass: 87037K(88000K)->87037K(88000K) Class: 12028K(12928K)->12028K(12928K)
[2024-05-21T16:39:15.406+0000][1][gc          ] GC(179) Pause Young (Mixed) (G1 Evacuation Pause) 654M->56M(1024M) 129.820ms
[2024-05-21T16:39:15.406+0000][1][gc,cpu      ] GC(179) User=0.04s Sys=0.02s Real=0.13s
[2024-05-21T16:39:15.406+0000][1][safepoint   ] Safepoint "G1CollectForAllocation", Time since last: 13050151293 ns, Reaching safepoint: 897829 ns, Cleanup: 7542 ns, At safepoint: 129933259 ns, Total: 130838630 ns
[2024-05-21T16:39:15.433+0000][1][gc,start    ] GC(180) Pause Young (Concurrent Start) (G1 Evacuation Pause)
[2024-05-21T16:39:15.433+0000][1][gc,task     ] GC(180) Using 4 workers of 4 for evacuation
[2024-05-21T16:39:15.433+0000][1][gc,age      ] GC(180) Desired survivor size 3670016 bytes, new threshold 1 (max threshold 15)
[2024-05-21T16:39:15.621+0000][1][gc,phases   ] GC(180)   Pre Evacuate Collection Set: 3.7ms
[2024-05-21T16:39:15.621+0000][1][gc,phases   ] GC(180)   Merge Heap Roots: 0.1ms
[2024-05-21T16:39:15.621+0000][1][gc,phases   ] GC(180)   Evacuate Collection Set: 182.6ms
[2024-05-21T16:39:15.621+0000][1][gc,phases   ] GC(180)   Post Evacuate Collection Set: 1.2ms
[2024-05-21T16:39:15.621+0000][1][gc,phases   ] GC(180)   Other: 0.1ms
[2024-05-21T16:39:15.621+0000][1][gc,age      ] GC(180) Age table with threshold 1 (max threshold 15)
[2024-05-21T16:39:15.621+0000][1][gc,age      ] GC(180) - age   1:    1558376 bytes,    1558376 total
[2024-05-21T16:39:15.621+0000][1][gc,heap     ] GC(180) Eden regions: 35->0(294)
[2024-05-21T16:39:15.621+0000][1][gc,heap     ] GC(180) Survivor regions: 16->3(7)
[2024-05-21T16:39:15.621+0000][1][gc,heap     ] GC(180) Old regions: 39->52
[2024-05-21T16:39:15.621+0000][1][gc,heap     ] GC(180) Humongous regions: 3->3
[2024-05-21T16:39:15.621+0000][1][gc,metaspace] GC(180) Metaspace: 99065K(100928K)->99065K(100928K) NonClass: 87037K(88000K)->87037K(88000K) Class: 12028K(12928K)->12028K(12928K)
[2024-05-21T16:39:15.621+0000][1][gc          ] GC(180) Pause Young (Concurrent Start) (G1 Evacuation Pause) 91M->57M(1024M) 188.023ms
[2024-05-21T16:39:15.621+0000][1][gc          ] GC(181) Concurrent Mark Cycle
[2024-05-21T16:39:15.621+0000][1][gc,marking  ] GC(181) Concurrent Scan Root Regions
[2024-05-21T16:39:15.621+0000][1][gc,cpu      ] GC(180) User=0.05s Sys=0.01s Real=0.19s
[2024-05-21T16:39:15.621+0000][1][safepoint   ] Safepoint "G1CollectForAllocation", Time since last: 26747920 ns, Reaching safepoint: 426546 ns, Cleanup: 5934 ns, At safepoint: 188175022 ns, Total: 188607502 ns
[2024-05-21T16:39:15.785+0000][1][gc,marking  ] GC(181) Concurrent Scan Root Regions 164.176ms
[2024-05-21T16:39:15.785+0000][1][gc,marking  ] GC(181) Concurrent Mark
[2024-05-21T16:39:15.785+0000][1][gc,marking  ] GC(181) Concurrent Mark From Roots
[2024-05-21T16:39:15.785+0000][1][gc,task     ] GC(181) Using 1 workers of 1 for marking
[2024-05-21T16:39:16.276+0000][1][gc,marking  ] GC(181) Concurrent Mark From Roots 490.072ms
[2024-05-21T16:39:16.276+0000][1][gc,marking  ] GC(181) Concurrent Preclean
[2024-05-21T16:39:16.276+0000][1][gc,marking  ] GC(181) Concurrent Preclean 0.235ms
[2024-05-21T16:39:16.277+0000][1][gc,start    ] GC(181) Pause Remark
[2024-05-21T16:39:16.490+0000][1][gc,mmu      ] GC(181) MMU target violated: 201.0ms (200.0ms/201.0ms)
[2024-05-21T16:39:16.490+0000][1][gc          ] GC(181) Pause Remark 182M->182M(1024M) 212.867ms
[2024-05-21T16:39:16.490+0000][1][gc,cpu      ] GC(181) User=0.02s Sys=0.04s Real=0.21s
[2024-05-21T16:39:16.490+0000][1][safepoint   ] Safepoint "G1PauseRemark", Time since last: 655437365 ns, Reaching safepoint: 27116 ns, Cleanup: 5381 ns, At safepoint: 212950418 ns, Total: 212982915 ns
[2024-05-21T16:39:16.490+0000][1][gc,marking  ] GC(181) Concurrent Mark 704.300ms
[2024-05-21T16:39:16.490+0000][1][gc,marking  ] GC(181) Concurrent Rebuild Remembered Sets and Scrub Regions
[2024-05-21T16:39:16.531+0000][1][gc,marking  ] GC(181) Concurrent Rebuild Remembered Sets and Scrub Regions 40.971ms
[2024-05-21T16:39:16.531+0000][1][gc,start    ] GC(181) Pause Cleanup
[2024-05-21T16:39:16.532+0000][1][gc          ] GC(181) Pause Cleanup 182M->182M(1024M) 1.179ms
[2024-05-21T16:39:16.532+0000][1][gc,cpu      ] GC(181) User=0.00s Sys=0.00s Real=0.00s
[2024-05-21T16:39:16.532+0000][1][safepoint   ] Safepoint "G1PauseCleanup", Time since last: 41159820 ns, Reaching safepoint: 25503 ns, Cleanup: 7169 ns, At safepoint: 1271774 ns, Total: 1304446 ns
[2024-05-21T16:39:16.532+0000][1][gc,marking  ] GC(181) Concurrent Clear Claimed Marks
[2024-05-21T16:39:16.532+0000][1][gc,marking  ] GC(181) Concurrent Clear Claimed Marks 0.117ms
[2024-05-21T16:39:16.532+0000][1][gc,marking  ] GC(181) Concurrent Cleanup for Next Mark
[2024-05-21T16:39:16.536+0000][1][gc,marking  ] GC(181) Concurrent Cleanup for Next Mark 3.686ms
[2024-05-21T16:39:16.536+0000][1][gc          ] GC(181) Concurrent Mark Cycle 914.962ms
[2024-05-21T16:39:20.583+0000][1][gc,start    ] GC(182) Pause Young (Prepare Mixed) (G1 Evacuation Pause)
[2024-05-21T16:39:20.583+0000][1][gc,task     ] GC(182) Using 4 workers of 4 for evacuation
[2024-05-21T16:39:20.583+0000][1][gc,age      ] GC(182) Desired survivor size 18874368 bytes, new threshold 15 (max threshold 15)
[2024-05-21T16:39:20.596+0000][1][gc,phases   ] GC(182)   Pre Evacuate Collection Set: 0.4ms
[2024-05-21T16:39:20.596+0000][1][gc,phases   ] GC(182)   Merge Heap Roots: 0.2ms
[2024-05-21T16:39:20.596+0000][1][gc,phases   ] GC(182)   Evacuate Collection Set: 10.5ms
[2024-05-21T16:39:20.596+0000][1][gc,phases   ] GC(182)   Post Evacuate Collection Set: 1.4ms
[2024-05-21T16:39:20.596+0000][1][gc,phases   ] GC(182)   Other: 0.1ms
[2024-05-21T16:39:20.596+0000][1][gc,age      ] GC(182) Age table with threshold 15 (max threshold 15)
[2024-05-21T16:39:20.596+0000][1][gc,age      ] GC(182) - age   1:    7959576 bytes,    7959576 total
[2024-05-21T16:39:20.596+0000][1][gc,age      ] GC(182) - age   2:    1509944 bytes,    9469520 total
[2024-05-21T16:39:20.596+0000][1][gc,heap     ] GC(182) Eden regions: 283->0(604)
[2024-05-21T16:39:20.596+0000][1][gc,heap     ] GC(182) Survivor regions: 3->10(36)
[2024-05-21T16:39:20.596+0000][1][gc,heap     ] GC(182) Old regions: 52->52
[2024-05-21T16:39:20.596+0000][1][gc,heap     ] GC(182) Humongous regions: 3->3
[2024-05-21T16:39:20.596+0000][1][gc,metaspace] GC(182) Metaspace: 99065K(100928K)->99065K(100928K) NonClass: 87037K(88000K)->87037K(88000K) Class: 12028K(12928K)->12028K(12928K)
[2024-05-21T16:39:20.596+0000][1][gc          ] GC(182) Pause Young (Prepare Mixed) (G1 Evacuation Pause) 340M->65M(1024M) 13.003ms
[2024-05-21T16:39:20.596+0000][1][gc,cpu      ] GC(182) User=0.03s Sys=0.00s Real=0.02s
[2024-05-21T16:39:20.596+0000][1][safepoint   ] Safepoint "G1CollectForAllocation", Time since last: 4050807584 ns, Reaching safepoint: 28320 ns, Cleanup: 19067 ns, At safepoint: 13104740 ns, Total: 13152127 ns
[2024-05-21T16:39:26.039+0000][1][safepoint   ] Safepoint "Cleanup", Time since last: 5442577259 ns, Reaching safepoint: 62286 ns, Cleanup: 35906 ns, At safepoint: 32520 ns, Total: 130712 ns
[2024-05-21T16:39:40.373+0000][1][gc,start    ] GC(183) Pause Young (Mixed) (G1 Evacuation Pause)
[2024-05-21T16:39:40.373+0000][1][gc,task     ] GC(183) Using 4 workers of 4 for evacuation
[2024-05-21T16:39:40.373+0000][1][gc,age      ] GC(183) Desired survivor size 40370176 bytes, new threshold 15 (max threshold 15)
[2024-05-21T16:39:40.393+0000][1][gc,phases   ] GC(183)   Pre Evacuate Collection Set: 0.5ms
[2024-05-21T16:39:40.393+0000][1][gc,phases   ] GC(183)   Merge Heap Roots: 0.1ms
[2024-05-21T16:39:40.393+0000][1][gc,phases   ] GC(183)   Evacuate Collection Set: 17.3ms
[2024-05-21T16:39:40.393+0000][1][gc,phases   ] GC(183)   Post Evacuate Collection Set: 1.1ms
[2024-05-21T16:39:40.393+0000][1][gc,phases   ] GC(183)   Other: 0.1ms
[2024-05-21T16:39:40.393+0000][1][gc,age      ] GC(183) Age table with threshold 15 (max threshold 15)
[2024-05-21T16:39:40.393+0000][1][gc,age      ] GC(183) - age   1:    6166112 bytes,    6166112 total
[2024-05-21T16:39:40.393+0000][1][gc,age      ] GC(183) - age   2:    5662376 bytes,   11828488 total
[2024-05-21T16:39:40.393+0000][1][gc,age      ] GC(183) - age   3:    1509904 bytes,   13338392 total
[2024-05-21T16:39:40.393+0000][1][gc,heap     ] GC(183) Eden regions: 604->0(37)
[2024-05-21T16:39:40.393+0000][1][gc,heap     ] GC(183) Survivor regions: 10->14(77)
[2024-05-21T16:39:40.393+0000][1][gc,heap     ] GC(183) Old regions: 52->52
[2024-05-21T16:39:40.393+0000][1][gc,heap     ] GC(183) Humongous regions: 3->3
[2024-05-21T16:39:40.393+0000][1][gc,metaspace] GC(183) Metaspace: 99065K(100928K)->99065K(100928K) NonClass: 87037K(88000K)->87037K(88000K) Class: 12028K(12928K)->12028K(12928K)
[2024-05-21T16:39:40.393+0000][1][gc          ] GC(183) Pause Young (Mixed) (G1 Evacuation Pause) 669M->68M(1024M) 19.530ms
[2024-05-21T16:39:40.393+0000][1][gc,cpu      ] GC(183) User=0.05s Sys=0.00s Real=0.02s
[2024-05-21T16:39:40.393+0000][1][safepoint   ] Safepoint "G1CollectForAllocation", Time since last: 14333470771 ns, Reaching safepoint: 983163 ns, Cleanup: 5974 ns, At safepoint: 19641064 ns, Total: 20630201 ns
[2024-05-21T16:39:40.431+0000][1][gc,start    ] GC(184) Pause Young (Concurrent Start) (G1 Evacuation Pause)
[2024-05-21T16:39:40.431+0000][1][gc,task     ] GC(184) Using 4 workers of 4 for evacuation
[2024-05-21T16:39:40.431+0000][1][gc,age      ] GC(184) Desired survivor size 3670016 bytes, new threshold 1 (max threshold 15)
[2024-05-21T16:39:40.445+0000][1][gc,phases   ] GC(184)   Pre Evacuate Collection Set: 0.5ms
[2024-05-21T16:39:40.446+0000][1][gc,phases   ] GC(184)   Merge Heap Roots: 0.1ms
[2024-05-21T16:39:40.446+0000][1][gc,phases   ] GC(184)   Evacuate Collection Set: 11.9ms
[2024-05-21T16:39:40.446+0000][1][gc,phases   ] GC(184)   Post Evacuate Collection Set: 1.4ms
[2024-05-21T16:39:40.446+0000][1][gc,phases   ] GC(184)   Other: 0.2ms
[2024-05-21T16:39:40.446+0000][1][gc,age      ] GC(184) Age table with threshold 1 (max threshold 15)
[2024-05-21T16:39:40.446+0000][1][gc,age      ] GC(184) - age   1:     547848 bytes,     547848 total
[2024-05-21T16:39:40.446+0000][1][gc,heap     ] GC(184) Eden regions: 37->0(451)
[2024-05-21T16:39:40.446+0000][1][gc,heap     ] GC(184) Survivor regions: 14->2(7)
[2024-05-21T16:39:40.446+0000][1][gc,heap     ] GC(184) Old regions: 52->65
[2024-05-21T16:39:40.446+0000][1][gc,heap     ] GC(184) Humongous regions: 3->3
[2024-05-21T16:39:40.446+0000][1][gc,metaspace] GC(184) Metaspace: 99065K(100928K)->99065K(100928K) NonClass: 87037K(88000K)->87037K(88000K) Class: 12028K(12928K)->12028K(12928K)
[2024-05-21T16:39:40.446+0000][1][gc          ] GC(184) Pause Young (Concurrent Start) (G1 Evacuation Pause) 105M->69M(1024M) 14.435ms
[2024-05-21T16:39:40.446+0000][1][gc,cpu      ] GC(184) User=0.02s Sys=0.03s Real=0.02s
[2024-05-21T16:39:40.446+0000][1][gc          ] GC(185) Concurrent Mark Cycle
[2024-05-21T16:39:40.446+0000][1][gc,marking  ] GC(185) Concurrent Scan Root Regions
[2024-05-21T16:39:40.446+0000][1][safepoint   ] Safepoint "G1CollectForAllocation", Time since last: 38146341 ns, Reaching safepoint: 141274 ns, Cleanup: 7078 ns, At safepoint: 14557058 ns, Total: 14705410 ns
[2024-05-21T16:39:40.468+0000][1][gc,marking  ] GC(185) Concurrent Scan Root Regions 22.665ms
[2024-05-21T16:39:40.469+0000][1][gc,marking  ] GC(185) Concurrent Mark
[2024-05-21T16:39:40.469+0000][1][gc,marking  ] GC(185) Concurrent Mark From Roots
[2024-05-21T16:39:40.469+0000][1][gc,task     ] GC(185) Using 1 workers of 1 for marking
[2024-05-21T16:39:40.589+0000][1][gc,marking  ] GC(185) Concurrent Mark From Roots 120.467ms
[2024-05-21T16:39:40.589+0000][1][gc,marking  ] GC(185) Concurrent Preclean
[2024-05-21T16:39:40.589+0000][1][gc,marking  ] GC(185) Concurrent Preclean 0.270ms
[2024-05-21T16:39:40.596+0000][1][gc,start    ] GC(185) Pause Remark
[2024-05-21T16:39:40.613+0000][1][gc          ] GC(185) Pause Remark 175M->175M(1024M) 17.223ms
[2024-05-21T16:39:40.613+0000][1][gc,cpu      ] GC(185) User=0.02s Sys=0.01s Real=0.01s
[2024-05-21T16:39:40.613+0000][1][safepoint   ] Safepoint "G1PauseRemark", Time since last: 143601455 ns, Reaching safepoint: 6351784 ns, Cleanup: 7662 ns, At safepoint: 17352971 ns, Total: 23712417 ns
[2024-05-21T16:39:40.613+0000][1][gc,marking  ] GC(185) Concurrent Mark 144.614ms
[2024-05-21T16:39:40.613+0000][1][gc,marking  ] GC(185) Concurrent Rebuild Remembered Sets and Scrub Regions
[2024-05-21T16:39:40.692+0000][1][gc,marking  ] GC(185) Concurrent Rebuild Remembered Sets and Scrub Regions 79.115ms
[2024-05-21T16:39:40.693+0000][1][gc,start    ] GC(185) Pause Cleanup
[2024-05-21T16:39:40.694+0000][1][gc          ] GC(185) Pause Cleanup 188M->188M(1024M) 1.077ms
[2024-05-21T16:39:40.694+0000][1][gc,cpu      ] GC(185) User=0.00s Sys=0.00s Real=0.00s
[2024-05-21T16:39:40.694+0000][1][safepoint   ] Safepoint "G1PauseCleanup", Time since last: 79285168 ns, Reaching safepoint: 116445 ns, Cleanup: 7336 ns, At safepoint: 1208048 ns, Total: 1331829 ns
[2024-05-21T16:39:40.694+0000][1][gc,marking  ] GC(185) Concurrent Clear Claimed Marks
[2024-05-21T16:39:40.694+0000][1][gc,marking  ] GC(185) Concurrent Clear Claimed Marks 0.139ms
[2024-05-21T16:39:40.694+0000][1][gc,marking  ] GC(185) Concurrent Cleanup for Next Mark
[2024-05-21T16:39:40.699+0000][1][gc,marking  ] GC(185) Concurrent Cleanup for Next Mark 4.662ms
[2024-05-21T16:39:40.700+0000][1][gc          ] GC(185) Concurrent Mark Cycle 253.792ms
[2024-05-21T16:39:45.113+0000][1][safepoint   ] Safepoint "Cleanup", Time since last: 4418609143 ns, Reaching safepoint: 213471 ns, Cleanup: 7452 ns, At safepoint: 6538 ns, Total: 227461 ns
[2024-05-21T16:39:52.175+0000][1][safepoint   ] Safepoint "Cleanup", Time since last: 7061902577 ns, Reaching safepoint: 8536 ns, Cleanup: 48707 ns, At safepoint: 2710 ns, Total: 59953 ns
[2024-05-21T16:39:53.177+0000][1][safepoint   ] Safepoint "Cleanup", Time since last: 1002728101 ns, Reaching safepoint: 32789 ns, Cleanup: 22391 ns, At safepoint: 6189 ns, Total: 61369 ns
[2024-05-21T16:39:58.889+0000][1][gc,start    ] GC(186) Pause Young (Prepare Mixed) (G1 Evacuation Pause)
[2024-05-21T16:39:58.889+0000][1][gc,task     ] GC(186) Using 4 workers of 4 for evacuation
[2024-05-21T16:39:58.889+0000][1][gc,age      ] GC(186) Desired survivor size 29360128 bytes, new threshold 15 (max threshold 15)
[2024-05-21T16:39:58.907+0000][1][gc,phases   ] GC(186)   Pre Evacuate Collection Set: 0.5ms
[2024-05-21T16:39:58.907+0000][1][gc,phases   ] GC(186)   Merge Heap Roots: 0.2ms
[2024-05-21T16:39:58.907+0000][1][gc,phases   ] GC(186)   Evacuate Collection Set: 15.4ms
[2024-05-21T16:39:58.907+0000][1][gc,phases   ] GC(186)   Post Evacuate Collection Set: 1.4ms
[2024-05-21T16:39:58.907+0000][1][gc,phases   ] GC(186)   Other: 0.1ms
[2024-05-21T16:39:58.907+0000][1][gc,age      ] GC(186) Age table with threshold 15 (max threshold 15)
[2024-05-21T16:39:58.907+0000][1][gc,age      ] GC(186) - age   1:   16699224 bytes,   16699224 total
[2024-05-21T16:39:58.907+0000][1][gc,age      ] GC(186) - age   2:     506432 bytes,   17205656 total
[2024-05-21T16:39:58.907+0000][1][gc,heap     ] GC(186) Eden regions: 444->0(596)
[2024-05-21T16:39:58.907+0000][1][gc,heap     ] GC(186) Survivor regions: 2->18(56)
[2024-05-21T16:39:58.907+0000][1][gc,heap     ] GC(186) Old regions: 65->65
[2024-05-21T16:39:58.907+0000][1][gc,heap     ] GC(186) Humongous regions: 3->3
[2024-05-21T16:39:58.907+0000][1][gc,metaspace] GC(186) Metaspace: 99065K(100928K)->99065K(100928K) NonClass: 87037K(88000K)->87037K(88000K) Class: 12028K(12928K)->12028K(12928K)
[2024-05-21T16:39:58.907+0000][1][gc          ] GC(186) Pause Young (Prepare Mixed) (G1 Evacuation Pause) 513M->85M(1024M) 17.911ms
[2024-05-21T16:39:58.907+0000][1][gc,cpu      ] GC(186) User=0.05s Sys=0.00s Real=0.02s
[2024-05-21T16:39:58.907+0000][1][safepoint   ] Safepoint "G1CollectForAllocation", Time since last: 5711553705 ns, Reaching safepoint: 103059 ns, Cleanup: 6334 ns, At safepoint: 18014981 ns, Total: 18124374 ns
[2024-05-21T16:40:10.200+0000][1][safepoint   ] Safepoint "Cleanup", Time since last: 11292902996 ns, Reaching safepoint: 31422 ns, Cleanup: 19884 ns, At safepoint: 4498 ns, Total: 55804 ns
[2024-05-21T16:40:19.240+0000][1][gc,start    ] GC(187) Pause Young (Mixed) (G1 Evacuation Pause)
[2024-05-21T16:40:19.240+0000][1][gc,task     ] GC(187) Using 4 workers of 4 for evacuation
[2024-05-21T16:40:19.240+0000][1][gc,age      ] GC(187) Desired survivor size 40370176 bytes, new threshold 15 (max threshold 15)
[2024-05-21T16:40:19.260+0000][1][gc,phases   ] GC(187)   Pre Evacuate Collection Set: 0.5ms
[2024-05-21T16:40:19.260+0000][1][gc,phases   ] GC(187)   Merge Heap Roots: 0.1ms
[2024-05-21T16:40:19.260+0000][1][gc,phases   ] GC(187)   Evacuate Collection Set: 10.1ms
[2024-05-21T16:40:19.260+0000][1][gc,phases   ] GC(187)   Post Evacuate Collection Set: 8.7ms
[2024-05-21T16:40:19.260+0000][1][gc,phases   ] GC(187)   Other: 0.2ms
[2024-05-21T16:40:19.260+0000][1][gc,age      ] GC(187) Age table with threshold 15 (max threshold 15)
[2024-05-21T16:40:19.260+0000][1][gc,age      ] GC(187) - age   1:    5042784 bytes,    5042784 total
[2024-05-21T16:40:19.260+0000][1][gc,age      ] GC(187) - age   2:    8673336 bytes,   13716120 total
[2024-05-21T16:40:19.260+0000][1][gc,age      ] GC(187) - age   3:     506432 bytes,   14222552 total
[2024-05-21T16:40:19.260+0000][1][gc,heap     ] GC(187) Eden regions: 596->0(130)
[2024-05-21T16:40:19.260+0000][1][gc,heap     ] GC(187) Survivor regions: 18->15(77)
[2024-05-21T16:40:19.260+0000][1][gc,heap     ] GC(187) Old regions: 65->64
[2024-05-21T16:40:19.260+0000][1][gc,heap     ] GC(187) Humongous regions: 3->3
[2024-05-21T16:40:19.260+0000][1][gc,metaspace] GC(187) Metaspace: 99065K(100928K)->99065K(100928K) NonClass: 87037K(88000K)->87037K(88000K) Class: 12028K(12928K)->12028K(12928K)
[2024-05-21T16:40:19.260+0000][1][gc          ] GC(187) Pause Young (Mixed) (G1 Evacuation Pause) 681M->81M(1024M) 19.893ms
[2024-05-21T16:40:19.260+0000][1][gc,cpu      ] GC(187) User=0.04s Sys=0.00s Real=0.02s
[2024-05-21T16:40:19.260+0000][1][safepoint   ] Safepoint "G1CollectForAllocation", Time since last: 9036924196 ns, Reaching safepoint: 3260086 ns, Cleanup: 6456 ns, At safepoint: 20061875 ns, Total: 23328417 ns
[2024-05-21T16:40:26.231+0000][1][safepoint   ] Safepoint "Cleanup", Time since last: 6970417534 ns, Reaching safepoint: 37633 ns, Cleanup: 26277 ns, At safepoint: 8140 ns, Total: 72050 ns
[2024-05-21T16:41:06.759+0000][1][gc,start    ] GC(188) Pause Young (Concurrent Start) (G1 Evacuation Pause)
[2024-05-21T16:41:06.759+0000][1][gc,task     ] GC(188) Using 4 workers of 4 for evacuation
[2024-05-21T16:41:06.759+0000][1][gc,age      ] GC(188) Desired survivor size 9961472 bytes, new threshold 2 (max threshold 15)
[2024-05-21T16:41:06.797+0000][1][gc,phases   ] GC(188)   Pre Evacuate Collection Set: 0.4ms
[2024-05-21T16:41:06.797+0000][1][gc,phases   ] GC(188)   Merge Heap Roots: 0.1ms
[2024-05-21T16:41:06.797+0000][1][gc,phases   ] GC(188)   Evacuate Collection Set: 36.7ms
[2024-05-21T16:41:06.797+0000][1][gc,phases   ] GC(188)   Post Evacuate Collection Set: 1.2ms
[2024-05-21T16:41:06.797+0000][1][gc,phases   ] GC(188)   Other: 0.1ms
[2024-05-21T16:41:06.797+0000][1][gc,age      ] GC(188) Age table with threshold 2 (max threshold 15)
[2024-05-21T16:41:06.797+0000][1][gc,age      ] GC(188) - age   1:    1226872 bytes,    1226872 total
[2024-05-21T16:41:06.797+0000][1][gc,age      ] GC(188) - age   2:     258888 bytes,    1485760 total
[2024-05-21T16:41:06.797+0000][1][gc,heap     ] GC(188) Eden regions: 131->0(611)
[2024-05-21T16:41:06.797+0000][1][gc,heap     ] GC(188) Survivor regions: 15->3(19)
[2024-05-21T16:41:06.797+0000][1][gc,heap     ] GC(188) Old regions: 64->73
[2024-05-21T16:41:06.797+0000][1][gc,heap     ] GC(188) Humongous regions: 3->3
[2024-05-21T16:41:06.797+0000][1][gc,metaspace] GC(188) Metaspace: 99068K(100928K)->99068K(100928K) NonClass: 87040K(88000K)->87040K(88000K) Class: 12028K(12928K)->12028K(12928K)
[2024-05-21T16:41:06.797+0000][1][gc          ] GC(188) Pause Young (Concurrent Start) (G1 Evacuation Pause) 212M->78M(1024M) 38.879ms
[2024-05-21T16:41:06.798+0000][1][gc,cpu      ] GC(188) User=0.03s Sys=0.00s Real=0.04s
[2024-05-21T16:41:06.798+0000][1][gc          ] GC(189) Concurrent Mark Cycle
[2024-05-21T16:41:06.798+0000][1][gc,marking  ] GC(189) Concurrent Scan Root Regions
[2024-05-21T16:41:06.798+0000][1][safepoint   ] Safepoint "G1CollectForAllocation", Time since last: 40527883094 ns, Reaching safepoint: 22944 ns, Cleanup: 5871 ns, At safepoint: 38986221 ns, Total: 39015036 ns
[2024-05-21T16:41:06.806+0000][1][gc,marking  ] GC(189) Concurrent Scan Root Regions 8.200ms
[2024-05-21T16:41:06.806+0000][1][gc,marking  ] GC(189) Concurrent Mark
[2024-05-21T16:41:06.806+0000][1][gc,marking  ] GC(189) Concurrent Mark From Roots
[2024-05-21T16:41:06.806+0000][1][gc,task     ] GC(189) Using 1 workers of 1 for marking
[2024-05-21T16:41:06.886+0000][1][gc,marking  ] GC(189) Concurrent Mark From Roots 80.376ms
[2024-05-21T16:41:06.886+0000][1][gc,marking  ] GC(189) Concurrent Preclean
[2024-05-21T16:41:06.887+0000][1][gc,marking  ] GC(189) Concurrent Preclean 0.274ms
[2024-05-21T16:41:06.887+0000][1][gc,start    ] GC(189) Pause Remark
[2024-05-21T16:41:06.895+0000][1][gc          ] GC(189) Pause Remark 79M->78M(1024M) 8.744ms
[2024-05-21T16:41:06.895+0000][1][gc,cpu      ] GC(189) User=0.02s Sys=0.00s Real=0.01s
[2024-05-21T16:41:06.896+0000][1][safepoint   ] Safepoint "G1PauseRemark", Time since last: 89042844 ns, Reaching safepoint: 27460 ns, Cleanup: 5437 ns, At safepoint: 8864085 ns, Total: 8896982 ns
[2024-05-21T16:41:06.896+0000][1][gc,marking  ] GC(189) Concurrent Mark 89.737ms
[2024-05-21T16:41:06.896+0000][1][gc,marking  ] GC(189) Concurrent Rebuild Remembered Sets and Scrub Regions
[2024-05-21T16:41:06.935+0000][1][gc,marking  ] GC(189) Concurrent Rebuild Remembered Sets and Scrub Regions 39.726ms
[2024-05-21T16:41:06.936+0000][1][gc,start    ] GC(189) Pause Cleanup
[2024-05-21T16:41:06.936+0000][1][gc          ] GC(189) Pause Cleanup 78M->78M(1024M) 0.344ms
[2024-05-21T16:41:06.936+0000][1][gc,cpu      ] GC(189) User=0.00s Sys=0.00s Real=0.00s
[2024-05-21T16:41:06.936+0000][1][safepoint   ] Safepoint "G1PauseCleanup", Time since last: 39998970 ns, Reaching safepoint: 29255 ns, Cleanup: 5773 ns, At safepoint: 433596 ns, Total: 468624 ns
[2024-05-21T16:41:06.936+0000][1][gc,marking  ] GC(189) Concurrent Clear Claimed Marks
[2024-05-21T16:41:06.936+0000][1][gc,marking  ] GC(189) Concurrent Clear Claimed Marks 0.129ms
[2024-05-21T16:41:06.936+0000][1][gc,marking  ] GC(189) Concurrent Cleanup for Next Mark
[2024-05-21T16:41:06.939+0000][1][gc,marking  ] GC(189) Concurrent Cleanup for Next Mark 3.152ms
[2024-05-21T16:41:06.940+0000][1][gc          ] GC(189) Concurrent Mark Cycle 141.955ms
[2024-05-21T16:47:53.585+0000][1][safepoint   ] Safepoint "Cleanup", Time since last: 406648916256 ns, Reaching safepoint: 277596 ns, Cleanup: 8892 ns, At safepoint: 4427 ns, Total: 290915 ns
[2024-05-21T16:47:54.622+0000][1][safepoint   ] Safepoint "Cleanup", Time since last: 1036662778 ns, Reaching safepoint: 8425 ns, Cleanup: 12333 ns, At safepoint: 2885 ns, Total: 23643 ns
[2024-05-21T16:48:13.696+0000][1][safepoint   ] Safepoint "Cleanup", Time since last: 19074482154 ns, Reaching safepoint: 7892 ns, Cleanup: 27311 ns, At safepoint: 3134 ns, Total: 38337 ns
[2024-05-21T17:09:30.005+0000][1][safepoint   ] Safepoint "Cleanup", Time since last: 1276226220529 ns, Reaching safepoint: 30170 ns, Cleanup: 81724352 ns, At safepoint: 26656 ns, Total: 81781178 ns
[2024-05-21T17:09:30.342+0000][1][gc,start    ] GC(190) Pause Young (Prepare Mixed) (G1 Evacuation Pause)
[2024-05-21T17:09:30.343+0000][1][gc,task     ] GC(190) Using 4 workers of 4 for evacuation
[2024-05-21T17:09:30.343+0000][1][gc,age      ] GC(190) Desired survivor size 40370176 bytes, new threshold 15 (max threshold 15)
[2024-05-21T17:09:30.356+0000][1][gc,phases   ] GC(190)   Pre Evacuate Collection Set: 0.5ms
[2024-05-21T17:09:30.356+0000][1][gc,phases   ] GC(190)   Merge Heap Roots: 0.3ms
[2024-05-21T17:09:30.356+0000][1][gc,phases   ] GC(190)   Evacuate Collection Set: 9.6ms
[2024-05-21T17:09:30.356+0000][1][gc,phases   ] GC(190)   Post Evacuate Collection Set: 1.5ms
[2024-05-21T17:09:30.356+0000][1][gc,phases   ] GC(190)   Other: 0.4ms
[2024-05-21T17:09:30.356+0000][1][gc,age      ] GC(190) Age table with threshold 15 (max threshold 15)
[2024-05-21T17:09:30.356+0000][1][gc,age      ] GC(190) - age   1:    5809920 bytes,    5809920 total
[2024-05-21T17:09:30.356+0000][1][gc,age      ] GC(190) - age   2:     257784 bytes,    6067704 total
[2024-05-21T17:09:30.356+0000][1][gc,age      ] GC(190) - age   3:     214528 bytes,    6282232 total
[2024-05-21T17:09:30.356+0000][1][gc,heap     ] GC(190) Eden regions: 611->0(607)
[2024-05-21T17:09:30.356+0000][1][gc,heap     ] GC(190) Survivor regions: 3->7(77)
[2024-05-21T17:09:30.356+0000][1][gc,heap     ] GC(190) Old regions: 72->72
[2024-05-21T17:09:30.356+0000][1][gc,heap     ] GC(190) Humongous regions: 3->3
[2024-05-21T17:09:30.356+0000][1][gc,metaspace] GC(190) Metaspace: 99069K(100928K)->99069K(100928K) NonClass: 87040K(88000K)->87040K(88000K) Class: 12028K(12928K)->12028K(12928K)
[2024-05-21T17:09:30.356+0000][1][gc          ] GC(190) Pause Young (Prepare Mixed) (G1 Evacuation Pause) 688M->81M(1024M) 14.272ms
[2024-05-21T17:09:30.356+0000][1][gc,cpu      ] GC(190) User=0.02s Sys=0.01s Real=0.02s
[2024-05-21T17:09:30.357+0000][1][safepoint   ] Safepoint "G1CollectForAllocation", Time since last: 335978192 ns, Reaching safepoint: 960778 ns, Cleanup: 15780 ns, At safepoint: 15167553 ns, Total: 16144111 ns
[2024-05-21T17:09:35.153+0000][1][safepoint   ] Safepoint "Cleanup", Time since last: 4796860758 ns, Reaching safepoint: 29971 ns, Cleanup: 17122 ns, At safepoint: 5199 ns, Total: 52292 ns
[2024-05-21T17:35:12.709+0000][1][safepoint   ] Safepoint "Cleanup", Time since last: 1537555075084 ns, Reaching safepoint: 887305 ns, Cleanup: 9967 ns, At safepoint: 8692 ns, Total: 905964 ns
[2024-05-21T17:35:12.917+0000][1][gc,start    ] GC(191) Pause Young (Mixed) (G1 Evacuation Pause)
[2024-05-21T17:35:12.917+0000][1][gc,task     ] GC(191) Using 4 workers of 4 for evacuation
[2024-05-21T17:35:12.917+0000][1][gc,age      ] GC(191) Desired survivor size 40370176 bytes, new threshold 15 (max threshold 15)
[2024-05-21T17:35:12.936+0000][1][gc,phases   ] GC(191)   Pre Evacuate Collection Set: 0.6ms
[2024-05-21T17:35:12.936+0000][1][gc,phases   ] GC(191)   Merge Heap Roots: 0.2ms
[2024-05-21T17:35:12.936+0000][1][gc,phases   ] GC(191)   Evacuate Collection Set: 16.4ms
[2024-05-21T17:35:12.936+0000][1][gc,phases   ] GC(191)   Post Evacuate Collection Set: 1.6ms
[2024-05-21T17:35:12.936+0000][1][gc,phases   ] GC(191)   Other: 0.1ms
[2024-05-21T17:35:12.936+0000][1][gc,age      ] GC(191) Age table with threshold 15 (max threshold 15)
[2024-05-21T17:35:12.936+0000][1][gc,age      ] GC(191) - age   1:    6291864 bytes,    6291864 total
[2024-05-21T17:35:12.936+0000][1][gc,age      ] GC(191) - age   2:    2333184 bytes,    8625048 total
[2024-05-21T17:35:12.936+0000][1][gc,age      ] GC(191) - age   3:     190688 bytes,    8815736 total
[2024-05-21T17:35:12.936+0000][1][gc,age      ] GC(191) - age   4:     141192 bytes,    8956928 total
[2024-05-21T17:35:12.936+0000][1][gc,heap     ] GC(191) Eden regions: 607->0(604)
[2024-05-21T17:35:12.936+0000][1][gc,heap     ] GC(191) Survivor regions: 7->10(77)
[2024-05-21T17:35:12.936+0000][1][gc,heap     ] GC(191) Old regions: 72->68
[2024-05-21T17:35:12.936+0000][1][gc,heap     ] GC(191) Humongous regions: 3->3
[2024-05-21T17:35:12.936+0000][1][gc,metaspace] GC(191) Metaspace: 99073K(100928K)->99073K(100928K) NonClass: 87044K(88000K)->87044K(88000K) Class: 12028K(12928K)->12028K(12928K)
[2024-05-21T17:35:12.936+0000][1][gc          ] GC(191) Pause Young (Mixed) (G1 Evacuation Pause) 688M->80M(1024M) 19.387ms
[2024-05-21T17:35:12.936+0000][1][gc,cpu      ] GC(191) User=0.04s Sys=0.00s Real=0.02s
[2024-05-21T17:35:12.936+0000][1][safepoint   ] Safepoint "G1CollectForAllocation", Time since last: 207180225 ns, Reaching safepoint: 28596 ns, Cleanup: 6739 ns, At safepoint: 19484502 ns, Total: 19519837 ns
[2024-05-21T17:37:58.505+0000][1][gc,start    ] GC(192) Pause Young (Concurrent Start) (G1 Evacuation Pause)
[2024-05-21T17:37:58.505+0000][1][gc,task     ] GC(192) Using 4 workers of 4 for evacuation
[2024-05-21T17:37:58.505+0000][1][gc,age      ] GC(192) Desired survivor size 40370176 bytes, new threshold 15 (max threshold 15)
[2024-05-21T17:37:58.518+0000][1][gc,phases   ] GC(192)   Pre Evacuate Collection Set: 0.5ms
[2024-05-21T17:37:58.518+0000][1][gc,phases   ] GC(192)   Merge Heap Roots: 0.2ms
[2024-05-21T17:37:58.518+0000][1][gc,phases   ] GC(192)   Evacuate Collection Set: 9.5ms
[2024-05-21T17:37:58.518+0000][1][gc,phases   ] GC(192)   Post Evacuate Collection Set: 2.3ms
[2024-05-21T17:37:58.518+0000][1][gc,phases   ] GC(192)   Other: 0.2ms
[2024-05-21T17:37:58.518+0000][1][gc,age      ] GC(192) Age table with threshold 15 (max threshold 15)
[2024-05-21T17:37:58.518+0000][1][gc,age      ] GC(192) - age   1:    4725888 bytes,    4725888 total
[2024-05-21T17:37:58.518+0000][1][gc,age      ] GC(192) - age   2:    2187384 bytes,    6913272 total
[2024-05-21T17:37:58.518+0000][1][gc,age      ] GC(192) - age   3:    2127416 bytes,    9040688 total
[2024-05-21T17:37:58.518+0000][1][gc,age      ] GC(192) - age   4:     190008 bytes,    9230696 total
[2024-05-21T17:37:58.518+0000][1][gc,age      ] GC(192) - age   5:     109480 bytes,    9340176 total
[2024-05-21T17:37:58.518+0000][1][gc,heap     ] GC(192) Eden regions: 604->0(604)
[2024-05-21T17:37:58.518+0000][1][gc,heap     ] GC(192) Survivor regions: 10->10(77)
[2024-05-21T17:37:58.518+0000][1][gc,heap     ] GC(192) Old regions: 68->68
[2024-05-21T17:37:58.518+0000][1][gc,heap     ] GC(192) Humongous regions: 3->3
[2024-05-21T17:37:58.518+0000][1][gc,metaspace] GC(192) Metaspace: 99074K(100928K)->99074K(100928K) NonClass: 87045K(88000K)->87045K(88000K) Class: 12028K(12928K)->12028K(12928K)
[2024-05-21T17:37:58.518+0000][1][gc          ] GC(192) Pause Young (Concurrent Start) (G1 Evacuation Pause) 684M->80M(1024M) 12.960ms
[2024-05-21T17:37:58.518+0000][1][gc,cpu      ] GC(192) User=0.02s Sys=0.00s Real=0.01s
[2024-05-21T17:37:58.518+0000][1][safepoint   ] Safepoint "G1CollectForAllocation", Time since last: 165568940233 ns, Reaching safepoint: 33539 ns, Cleanup: 5646 ns, At safepoint: 13109587 ns, Total: 13148772 ns
[2024-05-21T17:37:58.519+0000][1][gc          ] GC(193) Concurrent Mark Cycle
[2024-05-21T17:37:58.519+0000][1][gc,marking  ] GC(193) Concurrent Scan Root Regions
[2024-05-21T17:37:58.538+0000][1][gc,marking  ] GC(193) Concurrent Scan Root Regions 18.994ms
[2024-05-21T17:37:58.538+0000][1][gc,marking  ] GC(193) Concurrent Mark
[2024-05-21T17:37:58.538+0000][1][gc,marking  ] GC(193) Concurrent Mark From Roots
[2024-05-21T17:37:58.538+0000][1][gc,task     ] GC(193) Using 1 workers of 1 for marking
[2024-05-21T17:37:58.698+0000][1][gc,marking  ] GC(193) Concurrent Mark From Roots 160.232ms
[2024-05-21T17:37:58.698+0000][1][gc,marking  ] GC(193) Concurrent Preclean
[2024-05-21T17:37:58.699+0000][1][gc,marking  ] GC(193) Concurrent Preclean 0.416ms
[2024-05-21T17:37:58.699+0000][1][gc,start    ] GC(193) Pause Remark
[2024-05-21T17:38:00.156+0000][1][gc,mmu      ] GC(193) MMU target violated: 201.0ms (200.0ms/201.0ms)
[2024-05-21T17:38:00.156+0000][1][gc          ] GC(193) Pause Remark 196M->191M(1024M) 1457.505ms
[2024-05-21T17:38:00.156+0000][1][gc,cpu      ] GC(193) User=0.06s Sys=0.16s Real=1.46s
[2024-05-21T17:38:00.156+0000][1][safepoint   ] Safepoint "G1PauseRemark", Time since last: 180410352 ns, Reaching safepoint: 105933 ns, Cleanup: 5208 ns, At safepoint: 1457597083 ns, Total: 1457708224 ns
[2024-05-21T17:38:00.157+0000][1][gc,marking  ] GC(193) Concurrent Mark 1619.224ms
[2024-05-21T17:38:00.157+0000][1][gc,marking  ] GC(193) Concurrent Rebuild Remembered Sets and Scrub Regions
[2024-05-21T17:38:00.409+0000][1][gc,marking  ] GC(193) Concurrent Rebuild Remembered Sets and Scrub Regions 252.209ms
[2024-05-21T17:38:00.410+0000][1][gc,start    ] GC(193) Pause Cleanup
[2024-05-21T17:38:00.410+0000][1][gc          ] GC(193) Pause Cleanup 196M->196M(1024M) 0.261ms
[2024-05-21T17:38:00.410+0000][1][gc,cpu      ] GC(193) User=0.00s Sys=0.00s Real=0.00s
[2024-05-21T17:38:00.410+0000][1][safepoint   ] Safepoint "G1PauseCleanup", Time since last: 252910043 ns, Reaching safepoint: 355713 ns, Cleanup: 14013 ns, At safepoint: 324059 ns, Total: 693785 ns
[2024-05-21T17:38:00.410+0000][1][gc,marking  ] GC(193) Concurrent Clear Claimed Marks
[2024-05-21T17:38:00.410+0000][1][gc,marking  ] GC(193) Concurrent Clear Claimed Marks 0.140ms
[2024-05-21T17:38:00.410+0000][1][gc,marking  ] GC(193) Concurrent Cleanup for Next Mark
[2024-05-21T17:38:00.414+0000][1][gc,marking  ] GC(193) Concurrent Cleanup for Next Mark 3.890ms
[2024-05-21T17:38:00.414+0000][1][gc          ] GC(193) Concurrent Mark Cycle 1895.534ms
[2024-05-21T17:42:15.362+0000][1][safepoint   ] Safepoint "Cleanup", Time since last: 254951623104 ns, Reaching safepoint: 75593 ns, Cleanup: 7691 ns, At safepoint: 4440 ns, Total: 87724 ns
[2024-05-21T17:42:16.408+0000][1][safepoint   ] Safepoint "Cleanup", Time since last: 1046187075 ns, Reaching safepoint: 9015 ns, Cleanup: 15501 ns, At safepoint: 2649 ns, Total: 27165 ns
[2024-05-21T17:42:17.410+0000][1][safepoint   ] Safepoint "Cleanup", Time since last: 1002208273 ns, Reaching safepoint: 27548 ns, Cleanup: 20007 ns, At safepoint: 5133 ns, Total: 52688 ns
[2024-05-21T17:42:18.410+0000][1][safepoint   ] Safepoint "Cleanup", Time since last: 1000075591 ns, Reaching safepoint: 13437 ns, Cleanup: 15878 ns, At safepoint: 5818 ns, Total: 35133 ns
[2024-05-21T17:42:18.437+0000][1][gc,start    ] GC(194) Pause Young (Prepare Mixed) (G1 Evacuation Pause)
[2024-05-21T17:42:18.437+0000][1][gc,task     ] GC(194) Using 4 workers of 4 for evacuation
[2024-05-21T17:42:18.437+0000][1][gc,age      ] GC(194) Desired survivor size 40370176 bytes, new threshold 15 (max threshold 15)
[2024-05-21T17:42:18.511+0000][1][gc,phases   ] GC(194)   Pre Evacuate Collection Set: 0.4ms
[2024-05-21T17:42:18.511+0000][1][gc,phases   ] GC(194)   Merge Heap Roots: 0.2ms
[2024-05-21T17:42:18.511+0000][1][gc,phases   ] GC(194)   Evacuate Collection Set: 71.0ms
[2024-05-21T17:42:18.511+0000][1][gc,phases   ] GC(194)   Post Evacuate Collection Set: 1.6ms
[2024-05-21T17:42:18.511+0000][1][gc,phases   ] GC(194)   Other: 0.4ms
[2024-05-21T17:42:18.511+0000][1][gc,age      ] GC(194) Age table with threshold 15 (max threshold 15)
[2024-05-21T17:42:18.511+0000][1][gc,age      ] GC(194) - age   1:   13266024 bytes,   13266024 total
[2024-05-21T17:42:18.511+0000][1][gc,age      ] GC(194) - age   2:     588504 bytes,   13854528 total
[2024-05-21T17:42:18.511+0000][1][gc,age      ] GC(194) - age   3:    1304464 bytes,   15158992 total
[2024-05-21T17:42:18.511+0000][1][gc,age      ] GC(194) - age   4:    1285896 bytes,   16444888 total
[2024-05-21T17:42:18.511+0000][1][gc,age      ] GC(194) - age   5:     117840 bytes,   16562728 total
[2024-05-21T17:42:18.511+0000][1][gc,age      ] GC(194) - age   6:     109064 bytes,   16671792 total
[2024-05-21T17:42:18.511+0000][1][gc,heap     ] GC(194) Eden regions: 604->0(597)
[2024-05-21T17:42:18.511+0000][1][gc,heap     ] GC(194) Survivor regions: 10->17(77)
[2024-05-21T17:42:18.511+0000][1][gc,heap     ] GC(194) Old regions: 63->63
[2024-05-21T17:42:18.511+0000][1][gc,heap     ] GC(194) Humongous regions: 3->3
[2024-05-21T17:42:18.511+0000][1][gc,metaspace] GC(194) Metaspace: 99068K(100928K)->99068K(100928K) NonClass: 87042K(88000K)->87042K(88000K) Class: 12026K(12928K)->12026K(12928K)
[2024-05-21T17:42:18.511+0000][1][gc          ] GC(194) Pause Young (Prepare Mixed) (G1 Evacuation Pause) 679M->82M(1024M) 73.900ms
[2024-05-21T17:42:18.511+0000][1][gc,cpu      ] GC(194) User=0.05s Sys=0.00s Real=0.07s
[2024-05-21T17:42:18.511+0000][1][safepoint   ] Safepoint "G1CollectForAllocation", Time since last: 26885051 ns, Reaching safepoint: 32419 ns, Cleanup: 7648 ns, At safepoint: 74009658 ns, Total: 74049725 ns
[2024-05-21T17:42:23.734+0000][1][safepoint   ] Safepoint "Cleanup", Time since last: 5222482516 ns, Reaching safepoint: 30100 ns, Cleanup: 18351 ns, At safepoint: 5472 ns, Total: 53923 ns
[2024-05-21T17:42:24.734+0000][1][safepoint   ] Safepoint "Cleanup", Time since last: 1000426767 ns, Reaching safepoint: 37484 ns, Cleanup: 157580 ns, At safepoint: 8124 ns, Total: 203188 ns
[2024-05-21T17:42:25.735+0000][1][safepoint   ] Safepoint "Cleanup", Time since last: 1000486662 ns, Reaching safepoint: 37479 ns, Cleanup: 71176 ns, At safepoint: 8535 ns, Total: 117190 ns
[2024-05-21T17:42:28.736+0000][1][safepoint   ] Safepoint "Cleanup", Time since last: 3000986374 ns, Reaching safepoint: 91617 ns, Cleanup: 68304 ns, At safepoint: 5315 ns, Total: 165236 ns
[2024-05-21T17:42:30.732+0000][1][safepoint   ] Safepoint "Cleanup", Time since last: 1995406510 ns, Reaching safepoint: 41078 ns, Cleanup: 52294 ns, At safepoint: 7339 ns, Total: 100711 ns
[2024-05-21T17:42:34.422+0000][1][safepoint   ] Safepoint "Cleanup", Time since last: 3690413909 ns, Reaching safepoint: 27598 ns, Cleanup: 14149 ns, At safepoint: 3471 ns, Total: 45218 ns
[2024-05-21T17:42:39.541+0000][1][safepoint   ] Safepoint "Cleanup", Time since last: 5118994745 ns, Reaching safepoint: 28246 ns, Cleanup: 12464 ns, At safepoint: 5379 ns, Total: 46089 ns
[2024-05-21T17:42:43.548+0000][1][safepoint   ] Safepoint "Cleanup", Time since last: 4006973508 ns, Reaching safepoint: 27890 ns, Cleanup: 26090 ns, At safepoint: 6977 ns, Total: 60957 ns
[2024-05-21T17:42:44.548+0000][1][safepoint   ] Safepoint "Cleanup", Time since last: 1000277552 ns, Reaching safepoint: 31575 ns, Cleanup: 20837 ns, At safepoint: 4705 ns, Total: 57117 ns
[2024-05-21T17:42:49.295+0000][1][safepoint   ] Safepoint "Cleanup", Time since last: 4746668327 ns, Reaching safepoint: 29122 ns, Cleanup: 22452 ns, At safepoint: 2585 ns, Total: 54159 ns
[2024-05-21T17:42:53.453+0000][1][safepoint   ] Safepoint "Cleanup", Time since last: 4157371777 ns, Reaching safepoint: 111187 ns, Cleanup: 50318 ns, At safepoint: 12023 ns, Total: 173528 ns
[2024-05-21T17:42:54.453+0000][1][safepoint   ] Safepoint "Cleanup", Time since last: 1000246702 ns, Reaching safepoint: 44215 ns, Cleanup: 46740 ns, At safepoint: 9756 ns, Total: 100711 ns
[2024-05-21T17:42:55.454+0000][1][safepoint   ] Safepoint "Cleanup", Time since last: 1000532854 ns, Reaching safepoint: 41328 ns, Cleanup: 51480 ns, At safepoint: 8017 ns, Total: 100825 ns
[2024-05-21T17:42:58.455+0000][1][safepoint   ] Safepoint "Cleanup", Time since last: 3001114259 ns, Reaching safepoint: 37383 ns, Cleanup: 27593 ns, At safepoint: 7241 ns, Total: 72217 ns
[2024-05-21T17:42:59.455+0000][1][safepoint   ] Safepoint "Cleanup", Time since last: 1000445008 ns, Reaching safepoint: 37982 ns, Cleanup: 76020 ns, At safepoint: 9459 ns, Total: 123461 ns
[2024-05-21T17:43:03.456+0000][1][safepoint   ] Safepoint "Cleanup", Time since last: 4000643270 ns, Reaching safepoint: 29933 ns, Cleanup: 19780 ns, At safepoint: 4610 ns, Total: 54323 ns
[2024-05-21T17:43:09.458+0000][1][safepoint   ] Safepoint "Cleanup", Time since last: 6001904015 ns, Reaching safepoint: 43738 ns, Cleanup: 38109 ns, At safepoint: 9728 ns, Total: 91575 ns
[2024-05-21T17:43:10.459+0000][1][safepoint   ] Safepoint "Cleanup", Time since last: 1000473196 ns, Reaching safepoint: 37181 ns, Cleanup: 41562 ns, At safepoint: 7855 ns, Total: 86598 ns
[2024-05-21T17:43:12.459+0000][1][safepoint   ] Safepoint "Cleanup", Time since last: 2000520726 ns, Reaching safepoint: 37418 ns, Cleanup: 23402 ns, At safepoint: 7967 ns, Total: 68787 ns
[2024-05-21T17:43:14.460+0000][1][safepoint   ] Safepoint "Cleanup", Time since last: 2001002661 ns, Reaching safepoint: 43615 ns, Cleanup: 27833 ns, At safepoint: 10734 ns, Total: 82182 ns
[2024-05-21T17:43:19.462+0000][1][safepoint   ] Safepoint "Cleanup", Time since last: 5001711356 ns, Reaching safepoint: 37498 ns, Cleanup: 23586 ns, At safepoint: 7575 ns, Total: 68659 ns
[2024-05-21T17:43:24.479+0000][1][safepoint   ] Safepoint "Cleanup", Time since last: 5001604212 ns, Reaching safepoint: 15457149 ns, Cleanup: 24225 ns, At safepoint: 20404 ns, Total: 15501778 ns
[2024-05-21T17:43:32.532+0000][1][safepoint   ] Safepoint "Cleanup", Time since last: 8003306837 ns, Reaching safepoint: 49234041 ns, Cleanup: 22679 ns, At safepoint: 44942 ns, Total: 49301662 ns
[2024-05-21T17:43:33.532+0000][1][safepoint   ] Safepoint "Cleanup", Time since last: 1000477915 ns, Reaching safepoint: 32985 ns, Cleanup: 20490 ns, At safepoint: 8530 ns, Total: 62005 ns
[2024-05-21T17:43:37.534+0000][1][safepoint   ] Safepoint "Cleanup", Time since last: 4001175546 ns, Reaching safepoint: 33557 ns, Cleanup: 24566 ns, At safepoint: 15277 ns, Total: 73400 ns
[2024-05-21T17:43:42.535+0000][1][safepoint   ] Safepoint "Cleanup", Time since last: 5001078299 ns, Reaching safepoint: 77757 ns, Cleanup: 35193 ns, At safepoint: 4243 ns, Total: 117193 ns
[2024-05-21T17:43:47.536+0000][1][safepoint   ] Safepoint "Cleanup", Time since last: 5001127605 ns, Reaching safepoint: 32297 ns, Cleanup: 20750 ns, At safepoint: 4737 ns, Total: 57784 ns
[2024-05-21T17:44:43.377+0000][1][safepoint   ] Safepoint "Cleanup", Time since last: 55841235213 ns, Reaching safepoint: 100331 ns, Cleanup: 24204 ns, At safepoint: 9161 ns, Total: 133696 ns
[2024-05-21T17:55:31.346+0000][1][gc,start    ] GC(195) Pause Young (Mixed) (G1 Evacuation Pause)
[2024-05-21T17:55:31.346+0000][1][gc,task     ] GC(195) Using 4 workers of 4 for evacuation
[2024-05-21T17:55:31.346+0000][1][gc,age      ] GC(195) Desired survivor size 40370176 bytes, new threshold 15 (max threshold 15)
[2024-05-21T17:55:31.377+0000][1][gc,phases   ] GC(195)   Pre Evacuate Collection Set: 0.4ms
[2024-05-21T17:55:31.377+0000][1][gc,phases   ] GC(195)   Merge Heap Roots: 0.1ms
[2024-05-21T17:55:31.377+0000][1][gc,phases   ] GC(195)   Evacuate Collection Set: 29.1ms
[2024-05-21T17:55:31.377+0000][1][gc,phases   ] GC(195)   Post Evacuate Collection Set: 1.4ms
[2024-05-21T17:55:31.377+0000][1][gc,phases   ] GC(195)   Other: 0.1ms
[2024-05-21T17:55:31.377+0000][1][gc,age      ] GC(195) Age table with threshold 15 (max threshold 15)
[2024-05-21T17:55:31.377+0000][1][gc,age      ] GC(195) - age   1:    4354096 bytes,    4354096 total
[2024-05-21T17:55:31.377+0000][1][gc,age      ] GC(195) - age   2:     859296 bytes,    5213392 total
[2024-05-21T17:55:31.377+0000][1][gc,age      ] GC(195) - age   3:     577488 bytes,    5790880 total
[2024-05-21T17:55:31.377+0000][1][gc,age      ] GC(195) - age   4:    1206904 bytes,    6997784 total
[2024-05-21T17:55:31.377+0000][1][gc,age      ] GC(195) - age   5:    1221280 bytes,    8219064 total
[2024-05-21T17:55:31.377+0000][1][gc,age      ] GC(195) - age   6:     117808 bytes,    8336872 total
[2024-05-21T17:55:31.377+0000][1][gc,age      ] GC(195) - age   7:      78632 bytes,    8415504 total
[2024-05-21T17:55:31.377+0000][1][gc,heap     ] GC(195) Eden regions: 597->0(604)
[2024-05-21T17:55:31.377+0000][1][gc,heap     ] GC(195) Survivor regions: 17->10(77)
[2024-05-21T17:55:31.377+0000][1][gc,heap     ] GC(195) Old regions: 63->58
[2024-05-21T17:55:31.377+0000][1][gc,heap     ] GC(195) Humongous regions: 13->3
[2024-05-21T17:55:31.377+0000][1][gc,metaspace] GC(195) Metaspace: 99125K(100928K)->99125K(100928K) NonClass: 87099K(88000K)->87099K(88000K) Class: 12026K(12928K)->12026K(12928K)
[2024-05-21T17:55:31.377+0000][1][gc          ] GC(195) Pause Young (Mixed) (G1 Evacuation Pause) 689M->70M(1024M) 31.432ms
[2024-05-21T17:55:31.377+0000][1][gc,cpu      ] GC(195) User=0.04s Sys=0.00s Real=0.03s
[2024-05-21T17:55:31.377+0000][1][safepoint   ] Safepoint "G1CollectForAllocation", Time since last: 647968222853 ns, Reaching safepoint: 58480 ns, Cleanup: 6921 ns, At safepoint: 31524321 ns, Total: 31589722 ns
[2024-05-21T18:40:39.091+0000][1][safepoint   ] Safepoint "Cleanup", Time since last: 2707714051165 ns, Reaching safepoint: 38041 ns, Cleanup: 26725 ns, At safepoint: 8180 ns, Total: 72946 ns
[2024-05-21T18:48:52.072+0000][1][gc,start    ] GC(196) Pause Young (Concurrent Start) (G1 Evacuation Pause)
[2024-05-21T18:48:52.072+0000][1][gc,task     ] GC(196) Using 4 workers of 4 for evacuation
[2024-05-21T18:48:52.072+0000][1][gc,age      ] GC(196) Desired survivor size 40370176 bytes, new threshold 15 (max threshold 15)
[2024-05-21T18:48:52.105+0000][1][gc,phases   ] GC(196)   Pre Evacuate Collection Set: 0.5ms
[2024-05-21T18:48:52.105+0000][1][gc,phases   ] GC(196)   Merge Heap Roots: 0.2ms
[2024-05-21T18:48:52.105+0000][1][gc,phases   ] GC(196)   Evacuate Collection Set: 30.1ms
[2024-05-21T18:48:52.105+0000][1][gc,phases   ] GC(196)   Post Evacuate Collection Set: 1.3ms
[2024-05-21T18:48:52.105+0000][1][gc,phases   ] GC(196)   Other: 0.2ms
[2024-05-21T18:48:52.105+0000][1][gc,age      ] GC(196) Age table with threshold 15 (max threshold 15)
[2024-05-21T18:48:52.105+0000][1][gc,age      ] GC(196) - age   1:    1888112 bytes,    1888112 total
[2024-05-21T18:48:52.105+0000][1][gc,age      ] GC(196) - age   2:    4005144 bytes,    5893256 total
[2024-05-21T18:48:52.105+0000][1][gc,age      ] GC(196) - age   3:     858184 bytes,    6751440 total
[2024-05-21T18:48:52.105+0000][1][gc,age      ] GC(196) - age   4:     577336 bytes,    7328776 total
[2024-05-21T18:48:52.105+0000][1][gc,age      ] GC(196) - age   5:    1201832 bytes,    8530608 total
[2024-05-21T18:48:52.105+0000][1][gc,age      ] GC(196) - age   6:    1221232 bytes,    9751840 total
[2024-05-21T18:48:52.105+0000][1][gc,age      ] GC(196) - age   7:     117808 bytes,    9869648 total
[2024-05-21T18:48:52.105+0000][1][gc,age      ] GC(196) - age   8:      78632 bytes,    9948280 total
[2024-05-21T18:48:52.105+0000][1][gc,heap     ] GC(196) Eden regions: 604->0(603)
[2024-05-21T18:48:52.105+0000][1][gc,heap     ] GC(196) Survivor regions: 10->11(77)
[2024-05-21T18:48:52.105+0000][1][gc,heap     ] GC(196) Old regions: 58->58
[2024-05-21T18:48:52.105+0000][1][gc,heap     ] GC(196) Humongous regions: 3->3
[2024-05-21T18:48:52.105+0000][1][gc,metaspace] GC(196) Metaspace: 99135K(100928K)->99135K(100928K) NonClass: 87106K(88000K)->87106K(88000K) Class: 12028K(12928K)->12028K(12928K)
[2024-05-21T18:48:52.105+0000][1][gc          ] GC(196) Pause Young (Concurrent Start) (G1 Evacuation Pause) 674M->71M(1024M) 32.541ms
[2024-05-21T18:48:52.105+0000][1][gc,cpu      ] GC(196) User=0.05s Sys=0.00s Real=0.04s
[2024-05-21T18:48:52.105+0000][1][gc          ] GC(197) Concurrent Mark Cycle
[2024-05-21T18:48:52.105+0000][1][gc,marking  ] GC(197) Concurrent Scan Root Regions
[2024-05-21T18:48:52.105+0000][1][safepoint   ] Safepoint "G1CollectForAllocation", Time since last: 492980813462 ns, Reaching safepoint: 31990 ns, Cleanup: 6580 ns, At safepoint: 32682131 ns, Total: 32720701 ns
[2024-05-21T18:48:52.112+0000][1][gc,marking  ] GC(197) Concurrent Scan Root Regions 7.192ms
[2024-05-21T18:48:52.112+0000][1][gc,marking  ] GC(197) Concurrent Mark
[2024-05-21T18:48:52.112+0000][1][gc,marking  ] GC(197) Concurrent Mark From Roots
[2024-05-21T18:48:52.112+0000][1][gc,task     ] GC(197) Using 1 workers of 1 for marking
[2024-05-21T18:48:52.183+0000][1][gc,marking  ] GC(197) Concurrent Mark From Roots 70.698ms
[2024-05-21T18:48:52.183+0000][1][gc,marking  ] GC(197) Concurrent Preclean
[2024-05-21T18:48:52.183+0000][1][gc,marking  ] GC(197) Concurrent Preclean 0.242ms
[2024-05-21T18:48:52.183+0000][1][gc,start    ] GC(197) Pause Remark
[2024-05-21T18:48:52.194+0000][1][gc          ] GC(197) Pause Remark 73M->73M(1024M) 10.889ms
[2024-05-21T18:48:52.194+0000][1][gc,cpu      ] GC(197) User=0.01s Sys=0.01s Real=0.01s
[2024-05-21T18:48:52.194+0000][1][safepoint   ] Safepoint "G1PauseRemark", Time since last: 78379443 ns, Reaching safepoint: 26792 ns, Cleanup: 5223 ns, At safepoint: 11015736 ns, Total: 11047751 ns
[2024-05-21T18:48:52.194+0000][1][gc,marking  ] GC(197) Concurrent Mark 82.219ms
[2024-05-21T18:48:52.194+0000][1][gc,marking  ] GC(197) Concurrent Rebuild Remembered Sets and Scrub Regions
[2024-05-21T18:48:52.226+0000][1][gc,marking  ] GC(197) Concurrent Rebuild Remembered Sets and Scrub Regions 31.229ms
[2024-05-21T18:48:52.226+0000][1][gc,start    ] GC(197) Pause Cleanup
[2024-05-21T18:48:52.226+0000][1][gc          ] GC(197) Pause Cleanup 73M->73M(1024M) 0.228ms
[2024-05-21T18:48:52.226+0000][1][gc,cpu      ] GC(197) User=0.00s Sys=0.00s Real=0.00s
[2024-05-21T18:48:52.226+0000][1][safepoint   ] Safepoint "G1PauseCleanup", Time since last: 31471695 ns, Reaching safepoint: 19381 ns, Cleanup: 4517 ns, At safepoint: 283632 ns, Total: 307530 ns
[2024-05-21T18:48:52.226+0000][1][gc,marking  ] GC(197) Concurrent Clear Claimed Marks
[2024-05-21T18:48:52.226+0000][1][gc,marking  ] GC(197) Concurrent Clear Claimed Marks 0.130ms
[2024-05-21T18:48:52.226+0000][1][gc,marking  ] GC(197) Concurrent Cleanup for Next Mark
[2024-05-21T18:48:52.230+0000][1][gc,marking  ] GC(197) Concurrent Cleanup for Next Mark 3.240ms
[2024-05-21T18:48:52.230+0000][1][gc          ] GC(197) Concurrent Mark Cycle 124.764ms
[2024-05-21T19:07:06.529+0000][1][safepoint   ] Safepoint "Cleanup", Time since last: 1094303195132 ns, Reaching safepoint: 8270 ns, Cleanup: 8314 ns, At safepoint: 2729 ns, Total: 19313 ns
[2024-05-21T19:30:57.208+0000][1][safepoint   ] Safepoint "Cleanup", Time since last: 1430678884843 ns, Reaching safepoint: 105775 ns, Cleanup: 19544 ns, At safepoint: 14087 ns, Total: 139406 ns
[2024-05-21T19:30:57.273+0000][1][gc,start    ] GC(198) Pause Young (Prepare Mixed) (G1 Evacuation Pause)
[2024-05-21T19:30:57.273+0000][1][gc,task     ] GC(198) Using 4 workers of 4 for evacuation
[2024-05-21T19:30:57.273+0000][1][gc,age      ] GC(198) Desired survivor size 40370176 bytes, new threshold 15 (max threshold 15)
[2024-05-21T19:30:57.286+0000][1][gc,phases   ] GC(198)   Pre Evacuate Collection Set: 0.6ms
[2024-05-21T19:30:57.286+0000][1][gc,phases   ] GC(198)   Merge Heap Roots: 0.3ms
[2024-05-21T19:30:57.286+0000][1][gc,phases   ] GC(198)   Evacuate Collection Set: 10.0ms
[2024-05-21T19:30:57.286+0000][1][gc,phases   ] GC(198)   Post Evacuate Collection Set: 1.4ms
[2024-05-21T19:30:57.286+0000][1][gc,phases   ] GC(198)   Other: 0.1ms
[2024-05-21T19:30:57.286+0000][1][gc,age      ] GC(198) Age table with threshold 15 (max threshold 15)
[2024-05-21T19:30:57.286+0000][1][gc,age      ] GC(198) - age   1:    5768512 bytes,    5768512 total
[2024-05-21T19:30:57.286+0000][1][gc,age      ] GC(198) - age   2:    1498776 bytes,    7267288 total
[2024-05-21T19:30:57.286+0000][1][gc,age      ] GC(198) - age   3:    2886648 bytes,   10153936 total
[2024-05-21T19:30:57.286+0000][1][gc,age      ] GC(198) - age   4:     751528 bytes,   10905464 total
[2024-05-21T19:30:57.286+0000][1][gc,age      ] GC(198) - age   5:     484720 bytes,   11390184 total
[2024-05-21T19:30:57.286+0000][1][gc,age      ] GC(198) - age   6:    1055760 bytes,   12445944 total
[2024-05-21T19:30:57.286+0000][1][gc,age      ] GC(198) - age   7:     609504 bytes,   13055448 total
[2024-05-21T19:30:57.286+0000][1][gc,age      ] GC(198) - age   8:     100656 bytes,   13156104 total
[2024-05-21T19:30:57.286+0000][1][gc,age      ] GC(198) - age   9:      62680 bytes,   13218784 total
[2024-05-21T19:30:57.286+0000][1][gc,heap     ] GC(198) Eden regions: 603->0(600)
[2024-05-21T19:30:57.286+0000][1][gc,heap     ] GC(198) Survivor regions: 11->14(77)
[2024-05-21T19:30:57.286+0000][1][gc,heap     ] GC(198) Old regions: 58->58
[2024-05-21T19:30:57.286+0000][1][gc,heap     ] GC(198) Humongous regions: 3->3
[2024-05-21T19:30:57.286+0000][1][gc,metaspace] GC(198) Metaspace: 99139K(100928K)->99139K(100928K) NonClass: 87110K(88000K)->87110K(88000K) Class: 12028K(12928K)->12028K(12928K)
[2024-05-21T19:30:57.286+0000][1][gc          ] GC(198) Pause Young (Prepare Mixed) (G1 Evacuation Pause) 674M->74M(1024M) 12.733ms
[2024-05-21T19:30:57.286+0000][1][gc,cpu      ] GC(198) User=0.04s Sys=0.00s Real=0.02s
[2024-05-21T19:30:57.286+0000][1][safepoint   ] Safepoint "G1CollectForAllocation", Time since last: 64999588 ns, Reaching safepoint: 16693 ns, Cleanup: 18975 ns, At safepoint: 12828782 ns, Total: 12864450 ns
[2024-05-21T19:30:58.432+0000][1][safepoint   ] Safepoint "Cleanup", Time since last: 1145671820 ns, Reaching safepoint: 11751 ns, Cleanup: 31637 ns, At safepoint: 5848 ns, Total: 49236 ns
[2024-05-21T19:31:13.455+0000][1][safepoint   ] Safepoint "Cleanup", Time since last: 15022569186 ns, Reaching safepoint: 58517 ns, Cleanup: 19080 ns, At safepoint: 11573 ns, Total: 89170 ns
[2024-05-21T19:32:34.833+0000][1][safepoint   ] Safepoint "Cleanup", Time since last: 81377955041 ns, Reaching safepoint: 93492 ns, Cleanup: 23371 ns, At safepoint: 8759 ns, Total: 125622 ns
[2024-05-21T19:40:56.728+0000][1][safepoint   ] Safepoint "Cleanup", Time since last: 501894823041 ns, Reaching safepoint: 103018 ns, Cleanup: 42205 ns, At safepoint: 8705 ns, Total: 153928 ns
[2024-05-21T19:40:58.449+0000][1][safepoint   ] Safepoint "Cleanup", Time since last: 1721214193 ns, Reaching safepoint: 37761 ns, Cleanup: 38229 ns, At safepoint: 8323 ns, Total: 84313 ns
[2024-05-21T19:41:03.451+0000][1][safepoint   ] Safepoint "Cleanup", Time since last: 5001887661 ns, Reaching safepoint: 37887 ns, Cleanup: 23985 ns, At safepoint: 7358 ns, Total: 69230 ns
[2024-05-21T19:56:11.843+0000][1][safepoint   ] Safepoint "Cleanup", Time since last: 908391907120 ns, Reaching safepoint: 8283 ns, Cleanup: 13559 ns, At safepoint: 3474 ns, Total: 25316 ns
[2024-05-21T19:58:14.157+0000][1][gc,start    ] GC(199) Pause Young (Mixed) (G1 Evacuation Pause)
[2024-05-21T19:58:14.157+0000][1][gc,task     ] GC(199) Using 4 workers of 4 for evacuation
[2024-05-21T19:58:14.157+0000][1][gc,age      ] GC(199) Desired survivor size 40370176 bytes, new threshold 15 (max threshold 15)
[2024-05-21T19:58:14.169+0000][1][gc,phases   ] GC(199)   Pre Evacuate Collection Set: 0.6ms
[2024-05-21T19:58:14.169+0000][1][gc,phases   ] GC(199)   Merge Heap Roots: 0.4ms
[2024-05-21T19:58:14.169+0000][1][gc,phases   ] GC(199)   Evacuate Collection Set: 9.1ms
[2024-05-21T19:58:14.169+0000][1][gc,phases   ] GC(199)   Post Evacuate Collection Set: 1.5ms
[2024-05-21T19:58:14.169+0000][1][gc,phases   ] GC(199)   Other: 0.3ms
[2024-05-21T19:58:14.169+0000][1][gc,age      ] GC(199) Age table with threshold 15 (max threshold 15)
[2024-05-21T19:58:14.169+0000][1][gc,age      ] GC(199) - age   1:    5672608 bytes,    5672608 total
[2024-05-21T19:58:14.169+0000][1][gc,age      ] GC(199) - age   2:    1546920 bytes,    7219528 total
[2024-05-21T19:58:14.169+0000][1][gc,age      ] GC(199) - age   3:    1398824 bytes,    8618352 total
[2024-05-21T19:58:14.169+0000][1][gc,age      ] GC(199) - age   4:     982224 bytes,    9600576 total
[2024-05-21T19:58:14.169+0000][1][gc,age      ] GC(199) - age   5:     659960 bytes,   10260536 total
[2024-05-21T19:58:14.169+0000][1][gc,age      ] GC(199) - age   6:     268432 bytes,   10528968 total
[2024-05-21T19:58:14.169+0000][1][gc,age      ] GC(199) - age   7:     513984 bytes,   11042952 total
[2024-05-21T19:58:14.169+0000][1][gc,age      ] GC(199) - age   8:     397168 bytes,   11440120 total
[2024-05-21T19:58:14.169+0000][1][gc,age      ] GC(199) - age   9:     100552 bytes,   11540672 total
[2024-05-21T19:58:14.169+0000][1][gc,age      ] GC(199) - age  10:      62680 bytes,   11603352 total
[2024-05-21T19:58:14.169+0000][1][gc,heap     ] GC(199) Eden regions: 600->0(602)
[2024-05-21T19:58:14.169+0000][1][gc,heap     ] GC(199) Survivor regions: 14->12(77)
[2024-05-21T19:58:14.170+0000][1][gc,heap     ] GC(199) Old regions: 58->54
[2024-05-21T19:58:14.170+0000][1][gc,heap     ] GC(199) Humongous regions: 3->3
[2024-05-21T19:58:14.170+0000][1][gc,metaspace] GC(199) Metaspace: 99156K(100992K)->99156K(100992K) NonClass: 87127K(88064K)->87127K(88064K) Class: 12029K(12928K)->12029K(12928K)
[2024-05-21T19:58:14.170+0000][1][gc          ] GC(199) Pause Young (Mixed) (G1 Evacuation Pause) 674M->68M(1024M) 12.308ms
[2024-05-21T19:58:14.170+0000][1][gc,cpu      ] GC(199) User=0.04s Sys=0.00s Real=0.01s
[2024-05-21T19:58:14.170+0000][1][safepoint   ] Safepoint "G1CollectForAllocation", Time since last: 122314308992 ns, Reaching safepoint: 57276 ns, Cleanup: 10356 ns, At safepoint: 12420206 ns, Total: 12487838 ns
[2024-05-21T20:27:12.899+0000][1][safepoint   ] Safepoint "Cleanup", Time since last: 1738728924550 ns, Reaching safepoint: 43788 ns, Cleanup: 30715 ns, At safepoint: 9152 ns, Total: 83655 ns
[2024-05-21T20:49:09.220+0000][1][gc,start    ] GC(200) Pause Young (Concurrent Start) (G1 Evacuation Pause)
[2024-05-21T20:49:09.220+0000][1][gc,task     ] GC(200) Using 4 workers of 4 for evacuation
[2024-05-21T20:49:09.220+0000][1][gc,age      ] GC(200) Desired survivor size 40370176 bytes, new threshold 15 (max threshold 15)
[2024-05-21T20:49:09.239+0000][1][gc,phases   ] GC(200)   Pre Evacuate Collection Set: 0.9ms
[2024-05-21T20:49:09.239+0000][1][gc,phases   ] GC(200)   Merge Heap Roots: 0.4ms
[2024-05-21T20:49:09.239+0000][1][gc,phases   ] GC(200)   Evacuate Collection Set: 14.9ms
[2024-05-21T20:49:09.239+0000][1][gc,phases   ] GC(200)   Post Evacuate Collection Set: 1.9ms
[2024-05-21T20:49:09.239+0000][1][gc,phases   ] GC(200)   Other: 0.4ms
[2024-05-21T20:49:09.239+0000][1][gc,age      ] GC(200) Age table with threshold 15 (max threshold 15)
[2024-05-21T20:49:09.239+0000][1][gc,age      ] GC(200) - age   1:    2801056 bytes,    2801056 total
[2024-05-21T20:49:09.239+0000][1][gc,age      ] GC(200) - age   2:    4538976 bytes,    7340032 total
[2024-05-21T20:49:09.239+0000][1][gc,age      ] GC(200) - age   3:    1545192 bytes,    8885224 total
[2024-05-21T20:49:09.239+0000][1][gc,age      ] GC(200) - age   4:     813976 bytes,    9699200 total
[2024-05-21T20:49:09.239+0000][1][gc,age      ] GC(200) - age   5:     570200 bytes,   10269400 total
[2024-05-21T20:49:09.239+0000][1][gc,age      ] GC(200) - age   6:     548392 bytes,   10817792 total
[2024-05-21T20:49:09.239+0000][1][gc,age      ] GC(200) - age   7:     200024 bytes,   11017816 total
[2024-05-21T20:49:09.239+0000][1][gc,age      ] GC(200) - age   8:     432728 bytes,   11450544 total
[2024-05-21T20:49:09.239+0000][1][gc,age      ] GC(200) - age   9:     360632 bytes,   11811176 total
[2024-05-21T20:49:09.239+0000][1][gc,age      ] GC(200) - age  10:     100216 bytes,   11911392 total
[2024-05-21T20:49:09.239+0000][1][gc,age      ] GC(200) - age  11:      62680 bytes,   11974072 total
[2024-05-21T20:49:09.239+0000][1][gc,heap     ] GC(200) Eden regions: 602->0(601)
[2024-05-21T20:49:09.239+0000][1][gc,heap     ] GC(200) Survivor regions: 12->13(77)
[2024-05-21T20:49:09.239+0000][1][gc,heap     ] GC(200) Old regions: 54->54
[2024-05-21T20:49:09.239+0000][1][gc,heap     ] GC(200) Humongous regions: 3->3
[2024-05-21T20:49:09.239+0000][1][gc,metaspace] GC(200) Metaspace: 99156K(100992K)->99156K(100992K) NonClass: 87127K(88064K)->87127K(88064K) Class: 12029K(12928K)->12029K(12928K)
[2024-05-21T20:49:09.239+0000][1][gc          ] GC(200) Pause Young (Concurrent Start) (G1 Evacuation Pause) 670M->69M(1024M) 19.299ms
[2024-05-21T20:49:09.239+0000][1][gc,cpu      ] GC(200) User=0.06s Sys=0.01s Real=0.02s
[2024-05-21T20:49:09.239+0000][1][gc          ] GC(201) Concurrent Mark Cycle
[2024-05-21T20:49:09.239+0000][1][gc,marking  ] GC(201) Concurrent Scan Root Regions
[2024-05-21T20:49:09.239+0000][1][safepoint   ] Safepoint "G1CollectForAllocation", Time since last: 1316321139549 ns, Reaching safepoint: 54997 ns, Cleanup: 9848 ns, At safepoint: 19462834 ns, Total: 19527679 ns
[2024-05-21T20:49:09.248+0000][1][gc,marking  ] GC(201) Concurrent Scan Root Regions 8.477ms
[2024-05-21T20:49:09.248+0000][1][gc,marking  ] GC(201) Concurrent Mark
[2024-05-21T20:49:09.248+0000][1][gc,marking  ] GC(201) Concurrent Mark From Roots
[2024-05-21T20:49:09.248+0000][1][gc,task     ] GC(201) Using 1 workers of 1 for marking
[2024-05-21T20:49:09.315+0000][1][gc,marking  ] GC(201) Concurrent Mark From Roots 66.950ms
[2024-05-21T20:49:09.315+0000][1][gc,marking  ] GC(201) Concurrent Preclean
[2024-05-21T20:49:09.315+0000][1][gc,marking  ] GC(201) Concurrent Preclean 0.253ms
[2024-05-21T20:49:09.315+0000][1][gc,start    ] GC(201) Pause Remark
[2024-05-21T20:49:09.368+0000][1][gc          ] GC(201) Pause Remark 70M->70M(1024M) 52.709ms
[2024-05-21T20:49:09.368+0000][1][gc,cpu      ] GC(201) User=0.03s Sys=0.00s Real=0.06s
[2024-05-21T20:49:09.368+0000][1][safepoint   ] Safepoint "G1PauseRemark", Time since last: 75906015 ns, Reaching safepoint: 28124 ns, Cleanup: 5133 ns, At safepoint: 52823544 ns, Total: 52856801 ns
[2024-05-21T20:49:09.368+0000][1][gc,marking  ] GC(201) Concurrent Mark 120.264ms
[2024-05-21T20:49:09.368+0000][1][gc,marking  ] GC(201) Concurrent Rebuild Remembered Sets and Scrub Regions
[2024-05-21T20:49:09.398+0000][1][gc,marking  ] GC(201) Concurrent Rebuild Remembered Sets and Scrub Regions 29.968ms
[2024-05-21T20:49:09.398+0000][1][gc,start    ] GC(201) Pause Cleanup
[2024-05-21T20:49:09.399+0000][1][gc          ] GC(201) Pause Cleanup 70M->70M(1024M) 0.298ms
[2024-05-21T20:49:09.399+0000][1][gc,cpu      ] GC(201) User=0.00s Sys=0.00s Real=0.00s
[2024-05-21T20:49:09.399+0000][1][safepoint   ] Safepoint "G1PauseCleanup", Time since last: 30192452 ns, Reaching safepoint: 19456 ns, Cleanup: 9039 ns, At safepoint: 367714 ns, Total: 396209 ns
[2024-05-21T20:49:09.399+0000][1][gc,marking  ] GC(201) Concurrent Clear Claimed Marks
[2024-05-21T20:49:09.399+0000][1][gc,marking  ] GC(201) Concurrent Clear Claimed Marks 0.126ms
[2024-05-21T20:49:09.399+0000][1][gc,marking  ] GC(201) Concurrent Cleanup for Next Mark
[2024-05-21T20:49:09.402+0000][1][gc,marking  ] GC(201) Concurrent Cleanup for Next Mark 3.271ms
[2024-05-21T20:49:09.402+0000][1][gc          ] GC(201) Concurrent Mark Cycle 162.936ms
[2024-05-21T21:14:32.206+0000][1][safepoint   ] Safepoint "Cleanup", Time since last: 1522807567484 ns, Reaching safepoint: 81564 ns, Cleanup: 13031 ns, At safepoint: 4215 ns, Total: 98810 ns
[2024-05-21T21:20:59.188+0000][1][safepoint   ] Safepoint "Cleanup", Time since last: 386981544348 ns, Reaching safepoint: 42355 ns, Cleanup: 27805 ns, At safepoint: 9313 ns, Total: 79473 ns
[2024-05-21T21:22:33.446+0000][1][safepoint   ] Safepoint "Cleanup", Time since last: 94257979815 ns, Reaching safepoint: 162608 ns, Cleanup: 63528 ns, At safepoint: 23186 ns, Total: 249322 ns
[2024-05-21T21:42:33.732+0000][1][gc,start    ] GC(202) Pause Young (Prepare Mixed) (G1 Evacuation Pause)
[2024-05-21T21:42:33.732+0000][1][gc,task     ] GC(202) Using 4 workers of 4 for evacuation
[2024-05-21T21:42:33.732+0000][1][gc,age      ] GC(202) Desired survivor size 40370176 bytes, new threshold 15 (max threshold 15)
[2024-05-21T21:42:33.765+0000][1][gc,phases   ] GC(202)   Pre Evacuate Collection Set: 0.5ms
[2024-05-21T21:42:33.765+0000][1][gc,phases   ] GC(202)   Merge Heap Roots: 0.2ms
[2024-05-21T21:42:33.765+0000][1][gc,phases   ] GC(202)   Evacuate Collection Set: 30.3ms
[2024-05-21T21:42:33.765+0000][1][gc,phases   ] GC(202)   Post Evacuate Collection Set: 1.5ms
[2024-05-21T21:42:33.765+0000][1][gc,phases   ] GC(202)   Other: 0.1ms
[2024-05-21T21:42:33.765+0000][1][gc,age      ] GC(202) Age table with threshold 15 (max threshold 15)
[2024-05-21T21:42:33.765+0000][1][gc,age      ] GC(202) - age   1:    2520328 bytes,    2520328 total
[2024-05-21T21:42:33.765+0000][1][gc,age      ] GC(202) - age   2:     667680 bytes,    3188008 total
[2024-05-21T21:42:33.765+0000][1][gc,age      ] GC(202) - age   3:    3012960 bytes,    6200968 total
[2024-05-21T21:42:33.765+0000][1][gc,age      ] GC(202) - age   4:     551888 bytes,    6752856 total
[2024-05-21T21:42:33.765+0000][1][gc,age      ] GC(202) - age   5:     158256 bytes,    6911112 total
[2024-05-21T21:42:33.765+0000][1][gc,age      ] GC(202) - age   6:     507072 bytes,    7418184 total
[2024-05-21T21:42:33.765+0000][1][gc,age      ] GC(202) - age   7:     483352 bytes,    7901536 total
[2024-05-21T21:42:33.765+0000][1][gc,age      ] GC(202) - age   8:     199880 bytes,    8101416 total
[2024-05-21T21:42:33.765+0000][1][gc,age      ] GC(202) - age   9:     338824 bytes,    8440240 total
[2024-05-21T21:42:33.765+0000][1][gc,age      ] GC(202) - age  10:     251952 bytes,    8692192 total
[2024-05-21T21:42:33.765+0000][1][gc,age      ] GC(202) - age  11:      97176 bytes,    8789368 total
[2024-05-21T21:42:33.765+0000][1][gc,age      ] GC(202) - age  12:      57568 bytes,    8846936 total
[2024-05-21T21:42:33.765+0000][1][gc,heap     ] GC(202) Eden regions: 601->0(604)
[2024-05-21T21:42:33.765+0000][1][gc,heap     ] GC(202) Survivor regions: 13->10(77)
[2024-05-21T21:42:33.765+0000][1][gc,heap     ] GC(202) Old regions: 54->54
[2024-05-21T21:42:33.765+0000][1][gc,heap     ] GC(202) Humongous regions: 3->3
[2024-05-21T21:42:33.765+0000][1][gc,metaspace] GC(202) Metaspace: 99164K(100992K)->99164K(100992K) NonClass: 87135K(88064K)->87135K(88064K) Class: 12029K(12928K)->12029K(12928K)
[2024-05-21T21:42:33.765+0000][1][gc          ] GC(202) Pause Young (Prepare Mixed) (G1 Evacuation Pause) 670M->66M(1024M) 32.931ms
[2024-05-21T21:42:33.765+0000][1][gc,cpu      ] GC(202) User=0.05s Sys=0.00s Real=0.04s
[2024-05-21T21:42:33.765+0000][1][safepoint   ] Safepoint "G1CollectForAllocation", Time since last: 1200285915370 ns, Reaching safepoint: 56830 ns, Cleanup: 6630 ns, At safepoint: 33022223 ns, Total: 33085683 ns
[2024-05-21T21:52:02.406+0000][1][safepoint   ] Safepoint "Cleanup", Time since last: 568640540287 ns, Reaching safepoint: 8361 ns, Cleanup: 11431 ns, At safepoint: 3089 ns, Total: 22881 ns
[2024-05-21T22:37:52.854+0000][1][gc,start    ] GC(203) Pause Young (Mixed) (G1 Evacuation Pause)
[2024-05-21T22:37:52.884+0000][1][gc,task     ] GC(203) Using 4 workers of 4 for evacuation
[2024-05-21T22:37:52.884+0000][1][gc,age      ] GC(203) Desired survivor size 40370176 bytes, new threshold 15 (max threshold 15)
[2024-05-21T22:37:52.894+0000][1][gc,phases   ] GC(203)   Pre Evacuate Collection Set: 0.5ms
[2024-05-21T22:37:52.894+0000][1][gc,phases   ] GC(203)   Merge Heap Roots: 0.2ms
[2024-05-21T22:37:52.894+0000][1][gc,phases   ] GC(203)   Evacuate Collection Set: 7.4ms
[2024-05-21T22:37:52.894+0000][1][gc,phases   ] GC(203)   Post Evacuate Collection Set: 1.3ms
[2024-05-21T22:37:52.894+0000][1][gc,phases   ] GC(203)   Other: 0.2ms
[2024-05-21T22:37:52.894+0000][1][gc,age      ] GC(203) Age table with threshold 15 (max threshold 15)
[2024-05-21T22:37:52.894+0000][1][gc,age      ] GC(203) - age   1:    2502200 bytes,    2502200 total
[2024-05-21T22:37:52.894+0000][1][gc,age      ] GC(203) - age   2:    2043200 bytes,    4545400 total
[2024-05-21T22:37:52.894+0000][1][gc,age      ] GC(203) - age   3:     618816 bytes,    5164216 total
[2024-05-21T22:37:52.894+0000][1][gc,age      ] GC(203) - age   4:    2592744 bytes,    7756960 total
[2024-05-21T22:37:52.894+0000][1][gc,age      ] GC(203) - age   5:     507680 bytes,    8264640 total
[2024-05-21T22:37:52.894+0000][1][gc,age      ] GC(203) - age   6:     158200 bytes,    8422840 total
[2024-05-21T22:37:52.894+0000][1][gc,age      ] GC(203) - age   7:     501736 bytes,    8924576 total
[2024-05-21T22:37:52.894+0000][1][gc,age      ] GC(203) - age   8:     406408 bytes,    9330984 total
[2024-05-21T22:37:52.894+0000][1][gc,age      ] GC(203) - age   9:     158920 bytes,    9489904 total
[2024-05-21T22:37:52.894+0000][1][gc,age      ] GC(203) - age  10:     201808 bytes,    9691712 total
[2024-05-21T22:37:52.894+0000][1][gc,age      ] GC(203) - age  11:     199936 bytes,    9891648 total
[2024-05-21T22:37:52.894+0000][1][gc,age      ] GC(203) - age  12:      96776 bytes,    9988424 total
[2024-05-21T22:37:52.894+0000][1][gc,age      ] GC(203) - age  13:      57536 bytes,   10045960 total
[2024-05-21T22:37:52.894+0000][1][gc,heap     ] GC(203) Eden regions: 604->0(603)
[2024-05-21T22:37:52.894+0000][1][gc,heap     ] GC(203) Survivor regions: 10->11(77)
[2024-05-21T22:37:52.894+0000][1][gc,heap     ] GC(203) Old regions: 54->50
[2024-05-21T22:37:52.894+0000][1][gc,heap     ] GC(203) Humongous regions: 3->3
[2024-05-21T22:37:52.894+0000][1][gc,metaspace] GC(203) Metaspace: 99166K(100992K)->99166K(100992K) NonClass: 87137K(88064K)->87137K(88064K) Class: 12029K(12928K)->12029K(12928K)
[2024-05-21T22:37:52.894+0000][1][gc          ] GC(203) Pause Young (Mixed) (G1 Evacuation Pause) 670M->63M(1024M) 40.208ms
[2024-05-21T22:37:52.894+0000][1][gc,cpu      ] GC(203) User=0.04s Sys=0.00s Real=0.04s
[2024-05-21T22:37:52.894+0000][1][safepoint   ] Safepoint "G1CollectForAllocation", Time since last: 2750448159720 ns, Reaching safepoint: 57351 ns, Cleanup: 6829 ns, At safepoint: 40301920 ns, Total: 40366100 ns
[2024-05-21T23:00:52.651+0000][1][safepoint   ] Safepoint "Cleanup", Time since last: 1379757159286 ns, Reaching safepoint: 28698 ns, Cleanup: 13946 ns, At safepoint: 7534 ns, Total: 50178 ns
[2024-05-21T23:28:35.729+0000][1][gc,start    ] GC(204) Pause Young (Concurrent Start) (G1 Evacuation Pause)
[2024-05-21T23:28:35.729+0000][1][gc,task     ] GC(204) Using 4 workers of 4 for evacuation
[2024-05-21T23:28:35.729+0000][1][gc,age      ] GC(204) Desired survivor size 40370176 bytes, new threshold 15 (max threshold 15)
[2024-05-21T23:28:35.744+0000][1][gc,phases   ] GC(204)   Pre Evacuate Collection Set: 0.7ms
[2024-05-21T23:28:35.744+0000][1][gc,phases   ] GC(204)   Merge Heap Roots: 0.4ms
[2024-05-21T23:28:35.744+0000][1][gc,phases   ] GC(204)   Evacuate Collection Set: 11.1ms
[2024-05-21T23:28:35.744+0000][1][gc,phases   ] GC(204)   Post Evacuate Collection Set: 2.1ms
[2024-05-21T23:28:35.744+0000][1][gc,phases   ] GC(204)   Other: 0.4ms
[2024-05-21T23:28:35.744+0000][1][gc,age      ] GC(204) Age table with threshold 15 (max threshold 15)
[2024-05-21T23:28:35.744+0000][1][gc,age      ] GC(204) - age   1:    3873120 bytes,    3873120 total
[2024-05-21T23:28:35.744+0000][1][gc,age      ] GC(204) - age   2:    1986312 bytes,    5859432 total
[2024-05-21T23:28:35.744+0000][1][gc,age      ] GC(204) - age   3:     954448 bytes,    6813880 total
[2024-05-21T23:28:35.744+0000][1][gc,age      ] GC(204) - age   4:     573808 bytes,    7387688 total
[2024-05-21T23:28:35.744+0000][1][gc,age      ] GC(204) - age   5:    2203472 bytes,    9591160 total
[2024-05-21T23:28:35.744+0000][1][gc,age      ] GC(204) - age   6:     485992 bytes,   10077152 total
[2024-05-21T23:28:35.744+0000][1][gc,age      ] GC(204) - age   7:      57832 bytes,   10134984 total
[2024-05-21T23:28:35.744+0000][1][gc,age      ] GC(204) - age   8:     445512 bytes,   10580496 total
[2024-05-21T23:28:35.744+0000][1][gc,age      ] GC(204) - age   9:     406408 bytes,   10986904 total
[2024-05-21T23:28:35.744+0000][1][gc,age      ] GC(204) - age  10:     158920 bytes,   11145824 total
[2024-05-21T23:28:35.744+0000][1][gc,age      ] GC(204) - age  11:     201808 bytes,   11347632 total
[2024-05-21T23:28:35.745+0000][1][gc,age      ] GC(204) - age  12:     199936 bytes,   11547568 total
[2024-05-21T23:28:35.745+0000][1][gc,age      ] GC(204) - age  13:      96776 bytes,   11644344 total
[2024-05-21T23:28:35.745+0000][1][gc,age      ] GC(204) - age  14:      57536 bytes,   11701880 total
[2024-05-21T23:28:35.745+0000][1][gc,heap     ] GC(204) Eden regions: 603->0(602)
[2024-05-21T23:28:35.745+0000][1][gc,heap     ] GC(204) Survivor regions: 11->12(77)
[2024-05-21T23:28:35.745+0000][1][gc,heap     ] GC(204) Old regions: 50->50
[2024-05-21T23:28:35.745+0000][1][gc,heap     ] GC(204) Humongous regions: 3->3
[2024-05-21T23:28:35.745+0000][1][gc,metaspace] GC(204) Metaspace: 99166K(100992K)->99166K(100992K) NonClass: 87137K(88064K)->87137K(88064K) Class: 12029K(12928K)->12029K(12928K)
[2024-05-21T23:28:35.745+0000][1][gc          ] GC(204) Pause Young (Concurrent Start) (G1 Evacuation Pause) 666M->64M(1024M) 15.520ms
[2024-05-21T23:28:35.745+0000][1][gc          ] GC(205) Concurrent Mark Cycle
[2024-05-21T23:28:35.745+0000][1][gc,marking  ] GC(205) Concurrent Scan Root Regions
[2024-05-21T23:28:35.745+0000][1][gc,cpu      ] GC(204) User=0.05s Sys=0.00s Real=0.02s
[2024-05-21T23:28:35.745+0000][1][safepoint   ] Safepoint "G1CollectForAllocation", Time since last: 1663077658111 ns, Reaching safepoint: 57015 ns, Cleanup: 10808 ns, At safepoint: 15796147 ns, Total: 15863970 ns
[2024-05-21T23:28:35.753+0000][1][gc,marking  ] GC(205) Concurrent Scan Root Regions 8.338ms
[2024-05-21T23:28:35.753+0000][1][gc,marking  ] GC(205) Concurrent Mark
[2024-05-21T23:28:35.753+0000][1][gc,marking  ] GC(205) Concurrent Mark From Roots
[2024-05-21T23:28:35.753+0000][1][gc,task     ] GC(205) Using 1 workers of 1 for marking
[2024-05-21T23:28:35.820+0000][1][gc,marking  ] GC(205) Concurrent Mark From Roots 66.375ms
[2024-05-21T23:28:35.820+0000][1][gc,marking  ] GC(205) Concurrent Preclean
[2024-05-21T23:28:35.820+0000][1][gc,marking  ] GC(205) Concurrent Preclean 0.233ms
[2024-05-21T23:28:35.820+0000][1][gc,start    ] GC(205) Pause Remark
[2024-05-21T23:28:35.859+0000][1][gc          ] GC(205) Pause Remark 65M->65M(1024M) 39.258ms
[2024-05-21T23:28:35.859+0000][1][gc,cpu      ] GC(205) User=0.03s Sys=0.00s Real=0.04s
[2024-05-21T23:28:35.859+0000][1][safepoint   ] Safepoint "G1PauseRemark", Time since last: 75059696 ns, Reaching safepoint: 27253 ns, Cleanup: 4942 ns, At safepoint: 39417850 ns, Total: 39450045 ns
[2024-05-21T23:28:35.860+0000][1][gc,marking  ] GC(205) Concurrent Mark 106.273ms
[2024-05-21T23:28:35.860+0000][1][gc,marking  ] GC(205) Concurrent Rebuild Remembered Sets and Scrub Regions
[2024-05-21T23:28:35.889+0000][1][gc,marking  ] GC(205) Concurrent Rebuild Remembered Sets and Scrub Regions 29.627ms
[2024-05-21T23:28:35.889+0000][1][gc,start    ] GC(205) Pause Cleanup
[2024-05-21T23:28:35.890+0000][1][gc          ] GC(205) Pause Cleanup 65M->65M(1024M) 0.296ms
[2024-05-21T23:28:35.890+0000][1][gc,cpu      ] GC(205) User=0.00s Sys=0.00s Real=0.00s
[2024-05-21T23:28:35.890+0000][1][safepoint   ] Safepoint "G1PauseCleanup", Time since last: 29888067 ns, Reaching safepoint: 19583 ns, Cleanup: 8280 ns, At safepoint: 358754 ns, Total: 386617 ns
[2024-05-21T23:28:35.890+0000][1][gc,marking  ] GC(205) Concurrent Clear Claimed Marks
[2024-05-21T23:28:35.890+0000][1][gc,marking  ] GC(205) Concurrent Clear Claimed Marks 0.119ms
[2024-05-21T23:28:35.890+0000][1][gc,marking  ] GC(205) Concurrent Cleanup for Next Mark
[2024-05-21T23:28:35.893+0000][1][gc,marking  ] GC(205) Concurrent Cleanup for Next Mark 3.214ms
[2024-05-21T23:28:35.893+0000][1][gc          ] GC(205) Concurrent Mark Cycle 148.426ms
[2024-05-22T00:24:54.183+0000][1][gc,start    ] GC(206) Pause Young (Prepare Mixed) (G1 Evacuation Pause)
[2024-05-22T00:24:54.183+0000][1][gc,task     ] GC(206) Using 4 workers of 4 for evacuation
[2024-05-22T00:24:54.183+0000][1][gc,age      ] GC(206) Desired survivor size 40370176 bytes, new threshold 15 (max threshold 15)
[2024-05-22T00:24:54.194+0000][1][gc,phases   ] GC(206)   Pre Evacuate Collection Set: 0.4ms
[2024-05-22T00:24:54.194+0000][1][gc,phases   ] GC(206)   Merge Heap Roots: 0.2ms
[2024-05-22T00:24:54.194+0000][1][gc,phases   ] GC(206)   Evacuate Collection Set: 8.5ms
[2024-05-22T00:24:54.194+0000][1][gc,phases   ] GC(206)   Post Evacuate Collection Set: 1.3ms
[2024-05-22T00:24:54.194+0000][1][gc,phases   ] GC(206)   Other: 0.1ms
[2024-05-22T00:24:54.194+0000][1][gc,age      ] GC(206) Age table with threshold 15 (max threshold 15)
[2024-05-22T00:24:54.194+0000][1][gc,age      ] GC(206) - age   1:    3831432 bytes,    3831432 total
[2024-05-22T00:24:54.194+0000][1][gc,age      ] GC(206) - age   2:    2137952 bytes,    5969384 total
[2024-05-22T00:24:54.194+0000][1][gc,age      ] GC(206) - age   3:    1566800 bytes,    7536184 total
[2024-05-22T00:24:54.194+0000][1][gc,age      ] GC(206) - age   4:     470944 bytes,    8007128 total
[2024-05-22T00:24:54.194+0000][1][gc,age      ] GC(206) - age   5:     462920 bytes,    8470048 total
[2024-05-22T00:24:54.194+0000][1][gc,age      ] GC(206) - age   6:    2141824 bytes,   10611872 total
[2024-05-22T00:24:54.194+0000][1][gc,age      ] GC(206) - age   7:     357480 bytes,   10969352 total
[2024-05-22T00:24:54.194+0000][1][gc,age      ] GC(206) - age   8:       4592 bytes,   10973944 total
[2024-05-22T00:24:54.194+0000][1][gc,age      ] GC(206) - age   9:     383464 bytes,   11357408 total
[2024-05-22T00:24:54.194+0000][1][gc,age      ] GC(206) - age  10:     375336 bytes,   11732744 total
[2024-05-22T00:24:54.194+0000][1][gc,age      ] GC(206) - age  11:     158920 bytes,   11891664 total
[2024-05-22T00:24:54.194+0000][1][gc,age      ] GC(206) - age  12:     201808 bytes,   12093472 total
[2024-05-22T00:24:54.194+0000][1][gc,age      ] GC(206) - age  13:     199600 bytes,   12293072 total
[2024-05-22T00:24:54.194+0000][1][gc,age      ] GC(206) - age  14:      96776 bytes,   12389848 total
[2024-05-22T00:24:54.194+0000][1][gc,age      ] GC(206) - age  15:      57536 bytes,   12447384 total
[2024-05-22T00:24:54.194+0000][1][gc,heap     ] GC(206) Eden regions: 602->0(601)
[2024-05-22T00:24:54.194+0000][1][gc,heap     ] GC(206) Survivor regions: 12->13(77)
[2024-05-22T00:24:54.194+0000][1][gc,heap     ] GC(206) Old regions: 50->50
[2024-05-22T00:24:54.194+0000][1][gc,heap     ] GC(206) Humongous regions: 3->3
[2024-05-22T00:24:54.194+0000][1][gc,metaspace] GC(206) Metaspace: 99168K(100992K)->99168K(100992K) NonClass: 87139K(88064K)->87139K(88064K) Class: 12029K(12928K)->12029K(12928K)
[2024-05-22T00:24:54.194+0000][1][gc          ] GC(206) Pause Young (Prepare Mixed) (G1 Evacuation Pause) 666M->65M(1024M) 10.965ms
[2024-05-22T00:24:54.194+0000][1][gc,cpu      ] GC(206) User=0.03s Sys=0.00s Real=0.01s
[2024-05-22T00:24:54.194+0000][1][safepoint   ] Safepoint "G1CollectForAllocation", Time since last: 3378293500780 ns, Reaching safepoint: 57463 ns, Cleanup: 6600 ns, At safepoint: 11055287 ns, Total: 11119350 ns
[2024-05-22T00:29:18.133+0000][1][safepoint   ] Safepoint "Cleanup", Time since last: 263939073220 ns, Reaching safepoint: 8088 ns, Cleanup: 9789 ns, At safepoint: 3268 ns, Total: 21145 ns
[2024-05-22T00:38:03.176+0000][1][safepoint   ] Safepoint "Cleanup", Time since last: 525042033055 ns, Reaching safepoint: 8778 ns, Cleanup: 8652 ns, At safepoint: 2796 ns, Total: 20226 ns
[2024-05-22T01:17:28.368+0000][1][safepoint   ] Safepoint "Cleanup", Time since last: 2365192547727 ns, Reaching safepoint: 9171 ns, Cleanup: 9144 ns, At safepoint: 2573 ns, Total: 20888 ns
[2024-05-22T01:23:15.782+0000][1][gc,start    ] GC(207) Pause Young (Mixed) (G1 Evacuation Pause)
[2024-05-22T01:23:15.783+0000][1][gc,task     ] GC(207) Using 4 workers of 4 for evacuation
[2024-05-22T01:23:15.783+0000][1][gc,age      ] GC(207) Desired survivor size 40370176 bytes, new threshold 15 (max threshold 15)
[2024-05-22T01:23:15.862+0000][1][gc,phases   ] GC(207)   Pre Evacuate Collection Set: 0.4ms
[2024-05-22T01:23:15.862+0000][1][gc,phases   ] GC(207)   Merge Heap Roots: 0.2ms
[2024-05-22T01:23:15.862+0000][1][gc,phases   ] GC(207)   Evacuate Collection Set: 77.0ms
[2024-05-22T01:23:15.862+0000][1][gc,phases   ] GC(207)   Post Evacuate Collection Set: 1.5ms
[2024-05-22T01:23:15.862+0000][1][gc,phases   ] GC(207)   Other: 0.1ms
[2024-05-22T01:23:15.862+0000][1][gc,age      ] GC(207) Age table with threshold 15 (max threshold 15)
[2024-05-22T01:23:15.862+0000][1][gc,age      ] GC(207) - age   1:    3507840 bytes,    3507840 total
[2024-05-22T01:23:15.862+0000][1][gc,age      ] GC(207) - age   2:    1832016 bytes,    5339856 total
[2024-05-22T01:23:15.862+0000][1][gc,age      ] GC(207) - age   3:    1989776 bytes,    7329632 total
[2024-05-22T01:23:15.862+0000][1][gc,age      ] GC(207) - age   4:     276936 bytes,    7606568 total
[2024-05-22T01:23:15.862+0000][1][gc,age      ] GC(207) - age   5:     464744 bytes,    8071312 total
[2024-05-22T01:23:15.862+0000][1][gc,age      ] GC(207) - age   6:     293728 bytes,    8365040 total
[2024-05-22T01:23:15.862+0000][1][gc,age      ] GC(207) - age   7:    1661600 bytes,   10026640 total
[2024-05-22T01:23:15.862+0000][1][gc,age      ] GC(207) - age   8:     301272 bytes,   10327912 total
[2024-05-22T01:23:15.862+0000][1][gc,age      ] GC(207) - age   9:       4576 bytes,   10332488 total
[2024-05-22T01:23:15.862+0000][1][gc,age      ] GC(207) - age  10:     383312 bytes,   10715800 total
[2024-05-22T01:23:15.862+0000][1][gc,age      ] GC(207) - age  11:     374912 bytes,   11090712 total
[2024-05-22T01:23:15.862+0000][1][gc,age      ] GC(207) - age  12:     158904 bytes,   11249616 total
[2024-05-22T01:23:15.862+0000][1][gc,age      ] GC(207) - age  13:     201640 bytes,   11451256 total
[2024-05-22T01:23:15.862+0000][1][gc,age      ] GC(207) - age  14:     198712 bytes,   11649968 total
[2024-05-22T01:23:15.862+0000][1][gc,age      ] GC(207) - age  15:      96776 bytes,   11746744 total
[2024-05-22T01:23:15.862+0000][1][gc,heap     ] GC(207) Eden regions: 601->0(602)
[2024-05-22T01:23:15.862+0000][1][gc,heap     ] GC(207) Survivor regions: 13->12(77)
[2024-05-22T01:23:15.862+0000][1][gc,heap     ] GC(207) Old regions: 50->47
[2024-05-22T01:23:15.862+0000][1][gc,heap     ] GC(207) Humongous regions: 3->3
[2024-05-22T01:23:15.862+0000][1][gc,metaspace] GC(207) Metaspace: 99170K(100992K)->99170K(100992K) NonClass: 87141K(88064K)->87141K(88064K) Class: 12029K(12928K)->12029K(12928K)
[2024-05-22T01:23:15.862+0000][1][gc          ] GC(207) Pause Young (Mixed) (G1 Evacuation Pause) 666M->61M(1024M) 79.585ms
[2024-05-22T01:23:15.862+0000][1][gc,cpu      ] GC(207) User=0.10s Sys=0.00s Real=0.08s
[2024-05-22T01:23:15.862+0000][1][safepoint   ] Safepoint "G1CollectForAllocation", Time since last: 347414312110 ns, Reaching safepoint: 31163 ns, Cleanup: 6626 ns, At safepoint: 79677045 ns, Total: 79714834 ns
[2024-05-22T01:29:24.359+0000][1][safepoint   ] Safepoint "Cleanup", Time since last: 368496454993 ns, Reaching safepoint: 52355 ns, Cleanup: 16940 ns, At safepoint: 7272 ns, Total: 76567 ns
[2024-05-22T01:59:55.501+0000][1][safepoint   ] Safepoint "Cleanup", Time since last: 1831141809442 ns, Reaching safepoint: 100670 ns, Cleanup: 22589 ns, At safepoint: 19001 ns, Total: 142260 ns
[2024-05-22T02:04:09.043+0000][1][safepoint   ] Safepoint "Cleanup", Time since last: 253542389558 ns, Reaching safepoint: 72808 ns, Cleanup: 17103 ns, At safepoint: 7924 ns, Total: 97835 ns
[2024-05-22T02:12:58.675+0000][1][safepoint   ] Safepoint "Cleanup", Time since last: 529631422597 ns, Reaching safepoint: 32091 ns, Cleanup: 17148 ns, At safepoint: 43954 ns, Total: 93193 ns
[2024-05-22T02:26:33.607+0000][1][gc,start    ] GC(208) Pause Young (Concurrent Start) (G1 Evacuation Pause)
[2024-05-22T02:26:33.607+0000][1][gc,task     ] GC(208) Using 4 workers of 4 for evacuation
[2024-05-22T02:26:33.607+0000][1][gc,age      ] GC(208) Desired survivor size 40370176 bytes, new threshold 15 (max threshold 15)
[2024-05-22T02:26:33.618+0000][1][gc,phases   ] GC(208)   Pre Evacuate Collection Set: 0.5ms
[2024-05-22T02:26:33.618+0000][1][gc,phases   ] GC(208)   Merge Heap Roots: 0.1ms
[2024-05-22T02:26:33.618+0000][1][gc,phases   ] GC(208)   Evacuate Collection Set: 8.8ms
[2024-05-22T02:26:33.618+0000][1][gc,phases   ] GC(208)   Post Evacuate Collection Set: 1.2ms
[2024-05-22T02:26:33.618+0000][1][gc,phases   ] GC(208)   Other: 0.2ms
[2024-05-22T02:26:33.618+0000][1][gc,age      ] GC(208) Age table with threshold 15 (max threshold 15)
[2024-05-22T02:26:33.618+0000][1][gc,age      ] GC(208) - age   1:    3794400 bytes,    3794400 total
[2024-05-22T02:26:33.618+0000][1][gc,age      ] GC(208) - age   2:    2364064 bytes,    6158464 total
[2024-05-22T02:26:33.618+0000][1][gc,age      ] GC(208) - age   3:    1545920 bytes,    7704384 total
[2024-05-22T02:26:33.618+0000][1][gc,age      ] GC(208) - age   4:     852096 bytes,    8556480 total
[2024-05-22T02:26:33.618+0000][1][gc,age      ] GC(208) - age   5:     272504 bytes,    8828984 total
[2024-05-22T02:26:33.618+0000][1][gc,age      ] GC(208) - age   6:     447496 bytes,    9276480 total
[2024-05-22T02:26:33.618+0000][1][gc,age      ] GC(208) - age   7:     101168 bytes,    9377648 total
[2024-05-22T02:26:33.618+0000][1][gc,age      ] GC(208) - age   8:    1619456 bytes,   10997104 total
[2024-05-22T02:26:33.618+0000][1][gc,age      ] GC(208) - age   9:     301272 bytes,   11298376 total
[2024-05-22T02:26:33.618+0000][1][gc,age      ] GC(208) - age  10:       4576 bytes,   11302952 total
[2024-05-22T02:26:33.618+0000][1][gc,age      ] GC(208) - age  11:     383312 bytes,   11686264 total
[2024-05-22T02:26:33.618+0000][1][gc,age      ] GC(208) - age  12:     374912 bytes,   12061176 total
[2024-05-22T02:26:33.618+0000][1][gc,age      ] GC(208) - age  13:     158904 bytes,   12220080 total
[2024-05-22T02:26:33.618+0000][1][gc,age      ] GC(208) - age  14:     201640 bytes,   12421720 total
[2024-05-22T02:26:33.618+0000][1][gc,age      ] GC(208) - age  15:     198712 bytes,   12620432 total
[2024-05-22T02:26:33.618+0000][1][gc,heap     ] GC(208) Eden regions: 602->0(601)
[2024-05-22T02:26:33.618+0000][1][gc,heap     ] GC(208) Survivor regions: 12->13(77)
[2024-05-22T02:26:33.618+0000][1][gc,heap     ] GC(208) Old regions: 47->48
[2024-05-22T02:26:33.618+0000][1][gc,heap     ] GC(208) Humongous regions: 3->3
[2024-05-22T02:26:33.619+0000][1][gc,metaspace] GC(208) Metaspace: 99170K(100992K)->99170K(100992K) NonClass: 87141K(88064K)->87141K(88064K) Class: 12029K(12928K)->12029K(12928K)
[2024-05-22T02:26:33.619+0000][1][gc          ] GC(208) Pause Young (Concurrent Start) (G1 Evacuation Pause) 663M->63M(1024M) 11.252ms
[2024-05-22T02:26:33.619+0000][1][gc          ] GC(209) Concurrent Mark Cycle
[2024-05-22T02:26:33.619+0000][1][gc,marking  ] GC(209) Concurrent Scan Root Regions
[2024-05-22T02:26:33.619+0000][1][gc,cpu      ] GC(208) User=0.04s Sys=0.00s Real=0.01s
[2024-05-22T02:26:33.619+0000][1][safepoint   ] Safepoint "G1CollectForAllocation", Time since last: 814932605067 ns, Reaching safepoint: 31718 ns, Cleanup: 6109 ns, At safepoint: 11391638 ns, Total: 11429465 ns
[2024-05-22T02:26:33.628+0000][1][gc,marking  ] GC(209) Concurrent Scan Root Regions 8.961ms
[2024-05-22T02:26:33.628+0000][1][gc,marking  ] GC(209) Concurrent Mark
[2024-05-22T02:26:33.628+0000][1][gc,marking  ] GC(209) Concurrent Mark From Roots
[2024-05-22T02:26:33.628+0000][1][gc,task     ] GC(209) Using 1 workers of 1 for marking
[2024-05-22T02:26:33.694+0000][1][gc,marking  ] GC(209) Concurrent Mark From Roots 66.132ms
[2024-05-22T02:26:33.694+0000][1][gc,marking  ] GC(209) Concurrent Preclean
[2024-05-22T02:26:33.694+0000][1][gc,marking  ] GC(209) Concurrent Preclean 0.268ms
[2024-05-22T02:26:33.694+0000][1][gc,start    ] GC(209) Pause Remark
[2024-05-22T02:26:33.703+0000][1][gc          ] GC(209) Pause Remark 65M->65M(1024M) 8.628ms
[2024-05-22T02:26:33.703+0000][1][gc,cpu      ] GC(209) User=0.03s Sys=0.00s Real=0.01s
[2024-05-22T02:26:33.703+0000][1][safepoint   ] Safepoint "G1PauseRemark", Time since last: 75498695 ns, Reaching safepoint: 25368 ns, Cleanup: 5149 ns, At safepoint: 8749483 ns, Total: 8780000 ns
[2024-05-22T02:26:33.703+0000][1][gc,marking  ] GC(209) Concurrent Mark 75.335ms
[2024-05-22T02:26:33.703+0000][1][gc,marking  ] GC(209) Concurrent Rebuild Remembered Sets and Scrub Regions
[2024-05-22T02:26:33.732+0000][1][gc,marking  ] GC(209) Concurrent Rebuild Remembered Sets and Scrub Regions 29.318ms
[2024-05-22T02:26:33.733+0000][1][gc,start    ] GC(209) Pause Cleanup
[2024-05-22T02:26:33.733+0000][1][gc          ] GC(209) Pause Cleanup 65M->65M(1024M) 0.293ms
[2024-05-22T02:26:33.733+0000][1][gc,cpu      ] GC(209) User=0.00s Sys=0.00s Real=0.00s
[2024-05-22T02:26:33.733+0000][1][safepoint   ] Safepoint "G1PauseCleanup", Time since last: 29559362 ns, Reaching safepoint: 19664 ns, Cleanup: 4743 ns, At safepoint: 349017 ns, Total: 373424 ns
[2024-05-22T02:26:33.733+0000][1][gc,marking  ] GC(209) Concurrent Clear Claimed Marks
[2024-05-22T02:26:33.733+0000][1][gc,marking  ] GC(209) Concurrent Clear Claimed Marks 0.130ms
[2024-05-22T02:26:33.733+0000][1][gc,marking  ] GC(209) Concurrent Cleanup for Next Mark
[2024-05-22T02:26:33.736+0000][1][gc,marking  ] GC(209) Concurrent Cleanup for Next Mark 3.372ms
[2024-05-22T02:26:33.737+0000][1][gc          ] GC(209) Concurrent Mark Cycle 117.955ms
[2024-05-22T02:52:12.438+0000][1][safepoint   ] Safepoint "Cleanup", Time since last: 1538704848103 ns, Reaching safepoint: 61026 ns, Cleanup: 22053 ns, At safepoint: 5335 ns, Total: 88414 ns
[2024-05-22T02:52:24.441+0000][1][safepoint   ] Safepoint "Cleanup", Time since last: 12003274946 ns, Reaching safepoint: 54530 ns, Cleanup: 22166 ns, At safepoint: 7834 ns, Total: 84530 ns
[2024-05-22T02:52:25.442+0000][1][safepoint   ] Safepoint "Cleanup", Time since last: 1000447339 ns, Reaching safepoint: 37106 ns, Cleanup: 26004 ns, At safepoint: 8112 ns, Total: 71222 ns
[2024-05-22T02:53:25.460+0000][1][safepoint   ] Safepoint "Cleanup", Time since last: 60017780661 ns, Reaching safepoint: 39990 ns, Cleanup: 58981 ns, At safepoint: 7849 ns, Total: 106820 ns
[2024-05-22T02:53:29.565+0000][1][safepoint   ] Safepoint "Cleanup", Time since last: 4105397607 ns, Reaching safepoint: 41090 ns, Cleanup: 51468 ns, At safepoint: 7863 ns, Total: 100421 ns
[2024-05-22T02:53:30.566+0000][1][safepoint   ] Safepoint "Cleanup", Time since last: 1000451879 ns, Reaching safepoint: 37387 ns, Cleanup: 22334 ns, At safepoint: 7771 ns, Total: 67492 ns
[2024-05-22T02:53:34.567+0000][1][safepoint   ] Safepoint "Cleanup", Time since last: 4001443256 ns, Reaching safepoint: 37268 ns, Cleanup: 31852 ns, At safepoint: 7013 ns, Total: 76133 ns
[2024-05-22T02:53:44.570+0000][1][safepoint   ] Safepoint "Cleanup", Time since last: 10003171425 ns, Reaching safepoint: 75151 ns, Cleanup: 36494 ns, At safepoint: 4433 ns, Total: 116078 ns
[2024-05-22T02:53:49.572+0000][1][safepoint   ] Safepoint "Cleanup", Time since last: 5001251897 ns, Reaching safepoint: 36849 ns, Cleanup: 21474 ns, At safepoint: 7531 ns, Total: 65854 ns
[2024-05-22T02:53:54.573+0000][1][safepoint   ] Safepoint "Cleanup", Time since last: 5001611835 ns, Reaching safepoint: 37308 ns, Cleanup: 24318 ns, At safepoint: 9115 ns, Total: 70741 ns
[2024-05-22T02:54:04.577+0000][1][safepoint   ] Safepoint "Cleanup", Time since last: 10003174965 ns, Reaching safepoint: 33624 ns, Cleanup: 25152 ns, At safepoint: 5320 ns, Total: 64096 ns
[2024-05-22T02:54:14.580+0000][1][safepoint   ] Safepoint "Cleanup", Time since last: 10003176079 ns, Reaching safepoint: 99115 ns, Cleanup: 46939 ns, At safepoint: 4691 ns, Total: 150745 ns
[2024-05-22T02:54:19.581+0000][1][safepoint   ] Safepoint "Cleanup", Time since last: 5000852327 ns, Reaching safepoint: 29390 ns, Cleanup: 22075 ns, At safepoint: 5121 ns, Total: 56586 ns
[2024-05-22T02:54:29.637+0000][1][safepoint   ] Safepoint "Cleanup", Time since last: 10056530719 ns, Reaching safepoint: 36378 ns, Cleanup: 40149 ns, At safepoint: 7317 ns, Total: 83844 ns
[2024-05-22T02:54:35.640+0000][1][safepoint   ] Safepoint "Cleanup", Time since last: 6002343157 ns, Reaching safepoint: 37311 ns, Cleanup: 25975 ns, At safepoint: 8469 ns, Total: 71755 ns
[2024-05-22T02:54:40.642+0000][1][safepoint   ] Safepoint "Cleanup", Time since last: 5001647668 ns, Reaching safepoint: 43711 ns, Cleanup: 37020 ns, At safepoint: 10492 ns, Total: 91223 ns
[2024-05-22T03:00:15.783+0000][1][safepoint   ] Safepoint "Cleanup", Time since last: 335141251379 ns, Reaching safepoint: 30424 ns, Cleanup: 24824 ns, At safepoint: 4898 ns, Total: 60146 ns
[2024-05-22T03:08:18.494+0000][1][safepoint   ] Safepoint "Cleanup", Time since last: 482710534983 ns, Reaching safepoint: 95947 ns, Cleanup: 26417 ns, At safepoint: 8237 ns, Total: 130601 ns
[2024-05-22T03:08:18.959+0000][1][gc,start    ] GC(210) Pause Young (Prepare Mixed) (G1 Evacuation Pause)
[2024-05-22T03:08:18.959+0000][1][gc,task     ] GC(210) Using 4 workers of 4 for evacuation
[2024-05-22T03:08:18.959+0000][1][gc,age      ] GC(210) Desired survivor size 40370176 bytes, new threshold 15 (max threshold 15)
[2024-05-22T03:08:18.983+0000][1][gc,phases   ] GC(210)   Pre Evacuate Collection Set: 0.5ms
[2024-05-22T03:08:18.983+0000][1][gc,phases   ] GC(210)   Merge Heap Roots: 0.2ms
[2024-05-22T03:08:18.983+0000][1][gc,phases   ] GC(210)   Evacuate Collection Set: 19.8ms
[2024-05-22T03:08:18.983+0000][1][gc,phases   ] GC(210)   Post Evacuate Collection Set: 3.1ms
[2024-05-22T03:08:18.983+0000][1][gc,phases   ] GC(210)   Other: 0.2ms
[2024-05-22T03:08:18.983+0000][1][gc,age      ] GC(210) Age table with threshold 15 (max threshold 15)
[2024-05-22T03:08:18.983+0000][1][gc,age      ] GC(210) - age   1:    5290200 bytes,    5290200 total
[2024-05-22T03:08:18.983+0000][1][gc,age      ] GC(210) - age   2:    1968928 bytes,    7259128 total
[2024-05-22T03:08:18.983+0000][1][gc,age      ] GC(210) - age   3:    1972296 bytes,    9231424 total
[2024-05-22T03:08:18.983+0000][1][gc,age      ] GC(210) - age   4:     637320 bytes,    9868744 total
[2024-05-22T03:08:18.983+0000][1][gc,age      ] GC(210) - age   5:     383800 bytes,   10252544 total
[2024-05-22T03:08:18.983+0000][1][gc,age      ] GC(210) - age   6:     226552 bytes,   10479096 total
[2024-05-22T03:08:18.983+0000][1][gc,age      ] GC(210) - age   7:     234864 bytes,   10713960 total
[2024-05-22T03:08:18.983+0000][1][gc,age      ] GC(210) - age   8:        920 bytes,   10714880 total
[2024-05-22T03:08:18.983+0000][1][gc,age      ] GC(210) - age   9:     566784 bytes,   11281664 total
[2024-05-22T03:08:18.983+0000][1][gc,age      ] GC(210) - age  10:     268016 bytes,   11549680 total
[2024-05-22T03:08:18.983+0000][1][gc,age      ] GC(210) - age  11:       4504 bytes,   11554184 total
[2024-05-22T03:08:18.983+0000][1][gc,age      ] GC(210) - age  12:     332192 bytes,   11886376 total
[2024-05-22T03:08:18.983+0000][1][gc,age      ] GC(210) - age  13:     311544 bytes,   12197920 total
[2024-05-22T03:08:18.983+0000][1][gc,age      ] GC(210) - age  14:     158704 bytes,   12356624 total
[2024-05-22T03:08:18.983+0000][1][gc,age      ] GC(210) - age  15:     166744 bytes,   12523368 total
[2024-05-22T03:08:18.983+0000][1][gc,heap     ] GC(210) Eden regions: 601->0(600)
[2024-05-22T03:08:18.983+0000][1][gc,heap     ] GC(210) Survivor regions: 13->14(77)
[2024-05-22T03:08:18.983+0000][1][gc,heap     ] GC(210) Old regions: 48->48
[2024-05-22T03:08:18.983+0000][1][gc,heap     ] GC(210) Humongous regions: 23->3
[2024-05-22T03:08:18.983+0000][1][gc,metaspace] GC(210) Metaspace: 99246K(101056K)->99246K(101056K) NonClass: 87216K(88128K)->87216K(88128K) Class: 12029K(12928K)->12029K(12928K)
[2024-05-22T03:08:18.983+0000][1][gc          ] GC(210) Pause Young (Prepare Mixed) (G1 Evacuation Pause) 684M->63M(1024M) 24.339ms
[2024-05-22T03:08:18.983+0000][1][gc,cpu      ] GC(210) User=0.04s Sys=0.00s Real=0.02s
[2024-05-22T03:08:18.983+0000][1][safepoint   ] Safepoint "G1CollectForAllocation", Time since last: 464988096 ns, Reaching safepoint: 30406 ns, Cleanup: 24761 ns, At safepoint: 24469908 ns, Total: 24525075 ns
[2024-05-22T03:08:24.902+0000][1][safepoint   ] Safepoint "Cleanup", Time since last: 5918334144 ns, Reaching safepoint: 37110 ns, Cleanup: 22845 ns, At safepoint: 8263 ns, Total: 68218 ns
[2024-05-22T03:14:35.010+0000][1][safepoint   ] Safepoint "Cleanup", Time since last: 370108194227 ns, Reaching safepoint: 545059 ns, Cleanup: 9079 ns, At safepoint: 6180 ns, Total: 560318 ns
[2024-05-22T03:14:36.138+0000][1][safepoint   ] Safepoint "Cleanup", Time since last: 1127667093 ns, Reaching safepoint: 43158 ns, Cleanup: 33172 ns, At safepoint: 10940 ns, Total: 87270 ns
[2024-05-22T03:15:51.076+0000][1][safepoint   ] Safepoint "Cleanup", Time since last: 74937803241 ns, Reaching safepoint: 117177 ns, Cleanup: 27920 ns, At safepoint: 11208 ns, Total: 156305 ns
[2024-05-22T03:16:21.084+0000][1][safepoint   ] Safepoint "Cleanup", Time since last: 30007812082 ns, Reaching safepoint: 28722 ns, Cleanup: 21214 ns, At safepoint: 4793 ns, Total: 54729 ns
[2024-05-22T03:16:26.086+0000][1][safepoint   ] Safepoint "Cleanup", Time since last: 5001757009 ns, Reaching safepoint: 93528 ns, Cleanup: 25272 ns, At safepoint: 9221 ns, Total: 128021 ns
[2024-05-22T03:16:55.152+0000][1][safepoint   ] Safepoint "Cleanup", Time since last: 29066434943 ns, Reaching safepoint: 37175 ns, Cleanup: 44587 ns, At safepoint: 7464 ns, Total: 89226 ns
[2024-05-22T03:17:26.161+0000][1][safepoint   ] Safepoint "Cleanup", Time since last: 31008447853 ns, Reaching safepoint: 77524 ns, Cleanup: 21503 ns, At safepoint: 4547 ns, Total: 103574 ns
[2024-05-22T03:17:58.170+0000][1][safepoint   ] Safepoint "Cleanup", Time since last: 32008549037 ns, Reaching safepoint: 92438 ns, Cleanup: 25559 ns, At safepoint: 8992 ns, Total: 126989 ns
[2024-05-22T03:18:32.179+0000][1][safepoint   ] Safepoint "Cleanup", Time since last: 34009250403 ns, Reaching safepoint: 29594 ns, Cleanup: 17002 ns, At safepoint: 4270 ns, Total: 50866 ns
[2024-05-22T03:24:03.229+0000][1][gc,start    ] GC(211) Pause Young (Mixed) (G1 Evacuation Pause)
[2024-05-22T03:24:03.229+0000][1][gc,task     ] GC(211) Using 4 workers of 4 for evacuation
[2024-05-22T03:24:03.229+0000][1][gc,age      ] GC(211) Desired survivor size 40370176 bytes, new threshold 15 (max threshold 15)
[2024-05-22T03:24:03.277+0000][1][gc,phases   ] GC(211)   Pre Evacuate Collection Set: 0.6ms
[2024-05-22T03:24:03.277+0000][1][gc,phases   ] GC(211)   Merge Heap Roots: 0.4ms
[2024-05-22T03:24:03.278+0000][1][gc,phases   ] GC(211)   Evacuate Collection Set: 44.7ms
[2024-05-22T03:24:03.278+0000][1][gc,phases   ] GC(211)   Post Evacuate Collection Set: 2.6ms
[2024-05-22T03:24:03.278+0000][1][gc,phases   ] GC(211)   Other: 0.3ms
[2024-05-22T03:24:03.278+0000][1][gc,age      ] GC(211) Age table with threshold 15 (max threshold 15)
[2024-05-22T03:24:03.278+0000][1][gc,age      ] GC(211) - age   1:    3915552 bytes,    3915552 total
[2024-05-22T03:24:03.278+0000][1][gc,age      ] GC(211) - age   2:    2449512 bytes,    6365064 total
[2024-05-22T03:24:03.278+0000][1][gc,age      ] GC(211) - age   3:    1908720 bytes,    8273784 total
[2024-05-22T03:24:03.278+0000][1][gc,age      ] GC(211) - age   4:    1916216 bytes,   10190000 total
[2024-05-22T03:24:03.278+0000][1][gc,age      ] GC(211) - age   5:     315152 bytes,   10505152 total
[2024-05-22T03:24:03.278+0000][1][gc,age      ] GC(211) - age   6:     383736 bytes,   10888888 total
[2024-05-22T03:24:03.278+0000][1][gc,age      ] GC(211) - age   7:     188096 bytes,   11076984 total
[2024-05-22T03:24:03.278+0000][1][gc,age      ] GC(211) - age   8:     224568 bytes,   11301552 total
[2024-05-22T03:24:03.278+0000][1][gc,age      ] GC(211) - age   9:        920 bytes,   11302472 total
[2024-05-22T03:24:03.278+0000][1][gc,age      ] GC(211) - age  10:     438112 bytes,   11740584 total
[2024-05-22T03:24:03.278+0000][1][gc,age      ] GC(211) - age  11:     267896 bytes,   12008480 total
[2024-05-22T03:24:03.278+0000][1][gc,age      ] GC(211) - age  12:       4504 bytes,   12012984 total
[2024-05-22T03:24:03.278+0000][1][gc,age      ] GC(211) - age  13:     248632 bytes,   12261616 total
[2024-05-22T03:24:03.278+0000][1][gc,age      ] GC(211) - age  14:     155824 bytes,   12417440 total
[2024-05-22T03:24:03.278+0000][1][gc,age      ] GC(211) - age  15:      63816 bytes,   12481256 total
[2024-05-22T03:24:03.278+0000][1][gc,heap     ] GC(211) Eden regions: 600->0(600)
[2024-05-22T03:24:03.278+0000][1][gc,heap     ] GC(211) Survivor regions: 14->14(77)
[2024-05-22T03:24:03.278+0000][1][gc,heap     ] GC(211) Old regions: 48->45
[2024-05-22T03:24:03.278+0000][1][gc,heap     ] GC(211) Humongous regions: 3->3
[2024-05-22T03:24:03.278+0000][1][gc,metaspace] GC(211) Metaspace: 99267K(101056K)->99267K(101056K) NonClass: 87238K(88128K)->87238K(88128K) Class: 12029K(12928K)->12029K(12928K)
[2024-05-22T03:24:03.278+0000][1][gc          ] GC(211) Pause Young (Mixed) (G1 Evacuation Pause) 663M->61M(1024M) 49.712ms
[2024-05-22T03:24:03.278+0000][1][gc,cpu      ] GC(211) User=0.07s Sys=0.00s Real=0.05s
[2024-05-22T03:24:03.279+0000][1][safepoint   ] Safepoint "G1CollectForAllocation", Time since last: 331049673908 ns, Reaching safepoint: 116288 ns, Cleanup: 10987 ns, At safepoint: 49927724 ns, Total: 50054999 ns
[2024-05-22T03:24:44.157+0000][1][gc,start    ] GC(212) Pause Young (Concurrent Start) (G1 Humongous Allocation)
[2024-05-22T03:24:44.157+0000][1][gc,task     ] GC(212) Using 4 workers of 4 for evacuation
[2024-05-22T03:24:44.157+0000][1][gc,age      ] GC(212) Desired survivor size 40370176 bytes, new threshold 15 (max threshold 15)
[2024-05-22T03:24:44.166+0000][1][gc,phases   ] GC(212)   Pre Evacuate Collection Set: 0.5ms
[2024-05-22T03:24:44.166+0000][1][gc,phases   ] GC(212)   Merge Heap Roots: 0.1ms
[2024-05-22T03:24:44.166+0000][1][gc,phases   ] GC(212)   Evacuate Collection Set: 7.3ms
[2024-05-22T03:24:44.166+0000][1][gc,phases   ] GC(212)   Post Evacuate Collection Set: 0.9ms
[2024-05-22T03:24:44.166+0000][1][gc,phases   ] GC(212)   Other: 0.1ms
[2024-05-22T03:24:44.166+0000][1][gc,age      ] GC(212) Age table with threshold 15 (max threshold 15)
[2024-05-22T03:24:44.166+0000][1][gc,age      ] GC(212) - age   1:      60632 bytes,      60632 total
[2024-05-22T03:24:44.166+0000][1][gc,age      ] GC(212) - age   2:    3877768 bytes,    3938400 total
[2024-05-22T03:24:44.166+0000][1][gc,age      ] GC(212) - age   3:    2449224 bytes,    6387624 total
[2024-05-22T03:24:44.166+0000][1][gc,age      ] GC(212) - age   4:    1908720 bytes,    8296344 total
[2024-05-22T03:24:44.166+0000][1][gc,age      ] GC(212) - age   5:    1902320 bytes,   10198664 total
[2024-05-22T03:24:44.166+0000][1][gc,age      ] GC(212) - age   6:     315152 bytes,   10513816 total
[2024-05-22T03:24:44.166+0000][1][gc,age      ] GC(212) - age   7:     383736 bytes,   10897552 total
[2024-05-22T03:24:44.166+0000][1][gc,age      ] GC(212) - age   8:     186336 bytes,   11083888 total
[2024-05-22T03:24:44.166+0000][1][gc,age      ] GC(212) - age   9:     224568 bytes,   11308456 total
[2024-05-22T03:24:44.166+0000][1][gc,age      ] GC(212) - age  10:        920 bytes,   11309376 total
[2024-05-22T03:24:44.166+0000][1][gc,age      ] GC(212) - age  11:     438112 bytes,   11747488 total
[2024-05-22T03:24:44.166+0000][1][gc,age      ] GC(212) - age  12:     267896 bytes,   12015384 total
[2024-05-22T03:24:44.166+0000][1][gc,age      ] GC(212) - age  13:       4504 bytes,   12019888 total
[2024-05-22T03:24:44.166+0000][1][gc,age      ] GC(212) - age  14:     248632 bytes,   12268520 total
[2024-05-22T03:24:44.166+0000][1][gc,age      ] GC(212) - age  15:     155824 bytes,   12424344 total
[2024-05-22T03:24:44.166+0000][1][gc,heap     ] GC(212) Eden regions: 12->0(601)
[2024-05-22T03:24:44.166+0000][1][gc,heap     ] GC(212) Survivor regions: 14->13(77)
[2024-05-22T03:24:44.166+0000][1][gc,heap     ] GC(212) Old regions: 45->45
[2024-05-22T03:24:44.166+0000][1][gc,heap     ] GC(212) Humongous regions: 3->3
[2024-05-22T03:24:44.166+0000][1][gc,metaspace] GC(212) Metaspace: 99270K(101056K)->99270K(101056K) NonClass: 87241K(88128K)->87241K(88128K) Class: 12029K(12928K)->12029K(12928K)
[2024-05-22T03:24:44.166+0000][1][gc          ] GC(212) Pause Young (Concurrent Start) (G1 Humongous Allocation) 72M->60M(1024M) 9.287ms
[2024-05-22T03:24:44.166+0000][1][gc          ] GC(213) Concurrent Mark Cycle
[2024-05-22T03:24:44.166+0000][1][gc,marking  ] GC(213) Concurrent Scan Root Regions
[2024-05-22T03:24:44.166+0000][1][gc,cpu      ] GC(212) User=0.03s Sys=0.00s Real=0.01s
[2024-05-22T03:24:44.166+0000][1][safepoint   ] Safepoint "G1TryInitiateConcMark", Time since last: 40878015071 ns, Reaching safepoint: 26668 ns, Cleanup: 11507 ns, At safepoint: 9420394 ns, Total: 9458569 ns
[2024-05-22T03:24:44.176+0000][1][gc,marking  ] GC(213) Concurrent Scan Root Regions 10.516ms
[2024-05-22T03:24:44.177+0000][1][gc,marking  ] GC(213) Concurrent Mark
[2024-05-22T03:24:44.177+0000][1][gc,marking  ] GC(213) Concurrent Mark From Roots
[2024-05-22T03:24:44.177+0000][1][gc,task     ] GC(213) Using 1 workers of 1 for marking
[2024-05-22T03:24:44.243+0000][1][gc,marking  ] GC(213) Concurrent Mark From Roots 66.239ms
[2024-05-22T03:24:44.243+0000][1][gc,marking  ] GC(213) Concurrent Preclean
[2024-05-22T03:24:44.243+0000][1][gc,marking  ] GC(213) Concurrent Preclean 0.238ms
[2024-05-22T03:24:44.243+0000][1][gc,start    ] GC(213) Pause Remark
[2024-05-22T03:24:44.280+0000][1][gc          ] GC(213) Pause Remark 67M->67M(1024M) 36.597ms
[2024-05-22T03:24:44.280+0000][1][gc,cpu      ] GC(213) User=0.02s Sys=0.01s Real=0.04s
[2024-05-22T03:24:44.280+0000][1][safepoint   ] Safepoint "G1PauseRemark", Time since last: 77172520 ns, Reaching safepoint: 27414 ns, Cleanup: 5163 ns, At safepoint: 36717344 ns, Total: 36749921 ns
[2024-05-22T03:24:44.280+0000][1][gc,marking  ] GC(213) Concurrent Mark 103.434ms
[2024-05-22T03:24:44.280+0000][1][gc,marking  ] GC(213) Concurrent Rebuild Remembered Sets and Scrub Regions
[2024-05-22T03:24:44.311+0000][1][gc,marking  ] GC(213) Concurrent Rebuild Remembered Sets and Scrub Regions 30.645ms
[2024-05-22T03:24:44.311+0000][1][gc,start    ] GC(213) Pause Cleanup
[2024-05-22T03:24:44.311+0000][1][gc          ] GC(213) Pause Cleanup 72M->72M(1024M) 0.266ms
[2024-05-22T03:24:44.311+0000][1][gc,cpu      ] GC(213) User=0.00s Sys=0.00s Real=0.00s
[2024-05-22T03:24:44.311+0000][1][safepoint   ] Safepoint "G1PauseCleanup", Time since last: 30873293 ns, Reaching safepoint: 21026 ns, Cleanup: 17244 ns, At safepoint: 329160 ns, Total: 367430 ns
[2024-05-22T03:24:44.311+0000][1][gc,marking  ] GC(213) Concurrent Clear Claimed Marks
[2024-05-22T03:24:44.311+0000][1][gc,marking  ] GC(213) Concurrent Clear Claimed Marks 0.115ms
[2024-05-22T03:24:44.311+0000][1][gc,marking  ] GC(213) Concurrent Cleanup for Next Mark
[2024-05-22T03:24:44.315+0000][1][gc,marking  ] GC(213) Concurrent Cleanup for Next Mark 3.483ms
[2024-05-22T03:24:44.315+0000][1][gc          ] GC(213) Concurrent Mark Cycle 148.991ms
[2024-05-22T03:24:50.312+0000][1][safepoint   ] Safepoint "Cleanup", Time since last: 6000831677 ns, Reaching safepoint: 30754 ns, Cleanup: 22042 ns, At safepoint: 4730 ns, Total: 57526 ns
[2024-05-22T03:24:54.313+0000][1][safepoint   ] Safepoint "Cleanup", Time since last: 4000919751 ns, Reaching safepoint: 29750 ns, Cleanup: 18435 ns, At safepoint: 4963 ns, Total: 53148 ns
[2024-05-22T03:24:59.315+0000][1][safepoint   ] Safepoint "Cleanup", Time since last: 5002225537 ns, Reaching safepoint: 68902 ns, Cleanup: 19412 ns, At safepoint: 4916 ns, Total: 93230 ns
[2024-05-22T03:25:00.316+0000][1][safepoint   ] Safepoint "Cleanup", Time since last: 1000440867 ns, Reaching safepoint: 37160 ns, Cleanup: 22883 ns, At safepoint: 8739 ns, Total: 68782 ns
[2024-05-22T03:25:03.317+0000][1][safepoint   ] Safepoint "Cleanup", Time since last: 3000711877 ns, Reaching safepoint: 34065 ns, Cleanup: 23450 ns, At safepoint: 5864 ns, Total: 63379 ns
[2024-05-22T03:25:07.487+0000][1][safepoint   ] Safepoint "Cleanup", Time since last: 4170636878 ns, Reaching safepoint: 37171 ns, Cleanup: 22414 ns, At safepoint: 7418 ns, Total: 67003 ns
[2024-05-22T03:25:15.500+0000][1][safepoint   ] Safepoint "Cleanup", Time since last: 8012720156 ns, Reaching safepoint: 31700 ns, Cleanup: 20218 ns, At safepoint: 5238 ns, Total: 57156 ns
[2024-05-22T03:25:19.501+0000][1][safepoint   ] Safepoint "Cleanup", Time since last: 4001289642 ns, Reaching safepoint: 39645 ns, Cleanup: 25181 ns, At safepoint: 8238 ns, Total: 73064 ns
[2024-05-22T03:25:34.544+0000][1][safepoint   ] Safepoint "Cleanup", Time since last: 15042780563 ns, Reaching safepoint: 46782 ns, Cleanup: 19619 ns, At safepoint: 4946 ns, Total: 71347 ns
[2024-05-22T03:25:44.547+0000][1][safepoint   ] Safepoint "Cleanup", Time since last: 10002979446 ns, Reaching safepoint: 26484 ns, Cleanup: 66439 ns, At safepoint: 4725 ns, Total: 97648 ns
[2024-05-22T03:25:45.548+0000][1][safepoint   ] Safepoint "Cleanup", Time since last: 1000453208 ns, Reaching safepoint: 37539 ns, Cleanup: 26853 ns, At safepoint: 8269 ns, Total: 72661 ns
[2024-05-22T03:25:49.549+0000][1][safepoint   ] Safepoint "Cleanup", Time since last: 4001073247 ns, Reaching safepoint: 92198 ns, Cleanup: 29079 ns, At safepoint: 8822 ns, Total: 130099 ns
[2024-05-22T03:25:50.550+0000][1][safepoint   ] Safepoint "Cleanup", Time since last: 1000430518 ns, Reaching safepoint: 37026 ns, Cleanup: 29786 ns, At safepoint: 7516 ns, Total: 74328 ns
[2024-05-22T03:25:54.551+0000][1][safepoint   ] Safepoint "Cleanup", Time since last: 4001470740 ns, Reaching safepoint: 40039 ns, Cleanup: 28797 ns, At safepoint: 9277 ns, Total: 78113 ns
[2024-05-22T03:26:00.553+0000][1][safepoint   ] Safepoint "Cleanup", Time since last: 6001500269 ns, Reaching safepoint: 36295 ns, Cleanup: 21836 ns, At safepoint: 6307 ns, Total: 64438 ns
[2024-05-22T03:27:01.824+0000][1][safepoint   ] Safepoint "Cleanup", Time since last: 61271285930 ns, Reaching safepoint: 96359 ns, Cleanup: 37403 ns, At safepoint: 4334 ns, Total: 138096 ns
[2024-05-22T03:59:14.136+0000][1][safepoint   ] Safepoint "Cleanup", Time since last: 1932311502158 ns, Reaching safepoint: 8474 ns, Cleanup: 10956 ns, At safepoint: 2642 ns, Total: 22072 ns
[2024-05-22T04:18:02.888+0000][1][gc,start    ] GC(214) Pause Young (Prepare Mixed) (G1 Evacuation Pause)
[2024-05-22T04:18:02.888+0000][1][gc,task     ] GC(214) Using 4 workers of 4 for evacuation
[2024-05-22T04:18:02.888+0000][1][gc,age      ] GC(214) Desired survivor size 40370176 bytes, new threshold 15 (max threshold 15)
[2024-05-22T04:18:02.920+0000][1][gc,phases   ] GC(214)   Pre Evacuate Collection Set: 0.5ms
[2024-05-22T04:18:02.920+0000][1][gc,phases   ] GC(214)   Merge Heap Roots: 0.2ms
[2024-05-22T04:18:02.920+0000][1][gc,phases   ] GC(214)   Evacuate Collection Set: 29.7ms
[2024-05-22T04:18:02.920+0000][1][gc,phases   ] GC(214)   Post Evacuate Collection Set: 1.4ms
[2024-05-22T04:18:02.920+0000][1][gc,phases   ] GC(214)   Other: 0.1ms
[2024-05-22T04:18:02.920+0000][1][gc,age      ] GC(214) Age table with threshold 15 (max threshold 15)
[2024-05-22T04:18:02.920+0000][1][gc,age      ] GC(214) - age   1:    5020072 bytes,    5020072 total
[2024-05-22T04:18:02.920+0000][1][gc,age      ] GC(214) - age   2:      15648 bytes,    5035720 total
[2024-05-22T04:18:02.920+0000][1][gc,age      ] GC(214) - age   3:    1414280 bytes,    6450000 total
[2024-05-22T04:18:02.920+0000][1][gc,age      ] GC(214) - age   4:    1818128 bytes,    8268128 total
[2024-05-22T04:18:02.920+0000][1][gc,age      ] GC(214) - age   5:    1488024 bytes,    9756152 total
[2024-05-22T04:18:02.920+0000][1][gc,age      ] GC(214) - age   6:     691392 bytes,   10447544 total
[2024-05-22T04:18:02.920+0000][1][gc,age      ] GC(214) - age   7:     315152 bytes,   10762696 total
[2024-05-22T04:18:02.920+0000][1][gc,age      ] GC(214) - age   8:     353288 bytes,   11115984 total
[2024-05-22T04:18:02.920+0000][1][gc,age      ] GC(214) - age   9:      70056 bytes,   11186040 total
[2024-05-22T04:18:02.920+0000][1][gc,age      ] GC(214) - age  10:     223184 bytes,   11409224 total
[2024-05-22T04:18:02.920+0000][1][gc,age      ] GC(214) - age  11:        584 bytes,   11409808 total
[2024-05-22T04:18:02.920+0000][1][gc,age      ] GC(214) - age  12:     405488 bytes,   11815296 total
[2024-05-22T04:18:02.920+0000][1][gc,age      ] GC(214) - age  13:     267776 bytes,   12083072 total
[2024-05-22T04:18:02.920+0000][1][gc,age      ] GC(214) - age  14:       4504 bytes,   12087576 total
[2024-05-22T04:18:02.920+0000][1][gc,age      ] GC(214) - age  15:     246464 bytes,   12334040 total
[2024-05-22T04:18:02.920+0000][1][gc,heap     ] GC(214) Eden regions: 601->0(601)
[2024-05-22T04:18:02.920+0000][1][gc,heap     ] GC(214) Survivor regions: 13->13(77)
[2024-05-22T04:18:02.920+0000][1][gc,heap     ] GC(214) Old regions: 45->45
[2024-05-22T04:18:02.920+0000][1][gc,heap     ] GC(214) Humongous regions: 13->3
[2024-05-22T04:18:02.920+0000][1][gc,metaspace] GC(214) Metaspace: 99345K(101120K)->99345K(101120K) NonClass: 87316K(88192K)->87316K(88192K) Class: 12029K(12928K)->12029K(12928K)
[2024-05-22T04:18:02.920+0000][1][gc          ] GC(214) Pause Young (Prepare Mixed) (G1 Evacuation Pause) 671M->60M(1024M) 32.255ms
[2024-05-22T04:18:02.920+0000][1][gc,cpu      ] GC(214) User=0.06s Sys=0.00s Real=0.03s
[2024-05-22T04:18:02.920+0000][1][safepoint   ] Safepoint "G1CollectForAllocation", Time since last: 1128752328812 ns, Reaching safepoint: 60319 ns, Cleanup: 6752 ns, At safepoint: 32349212 ns, Total: 32416283 ns
[2024-05-22T05:01:10.352+0000][1][safepoint   ] Safepoint "Cleanup", Time since last: 2587431925611 ns, Reaching safepoint: 83483 ns, Cleanup: 19819 ns, At safepoint: 6553 ns, Total: 109855 ns
[2024-05-22T05:14:24.013+0000][1][gc,start    ] GC(215) Pause Young (Mixed) (G1 Evacuation Pause)
[2024-05-22T05:14:24.013+0000][1][gc,task     ] GC(215) Using 4 workers of 4 for evacuation
[2024-05-22T05:14:24.013+0000][1][gc,age      ] GC(215) Desired survivor size 40370176 bytes, new threshold 15 (max threshold 15)
[2024-05-22T05:14:24.057+0000][1][gc,phases   ] GC(215)   Pre Evacuate Collection Set: 0.5ms
[2024-05-22T05:14:24.057+0000][1][gc,phases   ] GC(215)   Merge Heap Roots: 0.2ms
[2024-05-22T05:14:24.057+0000][1][gc,phases   ] GC(215)   Evacuate Collection Set: 41.9ms
[2024-05-22T05:14:24.057+0000][1][gc,phases   ] GC(215)   Post Evacuate Collection Set: 1.4ms
[2024-05-22T05:14:24.057+0000][1][gc,phases   ] GC(215)   Other: 0.1ms
[2024-05-22T05:14:24.057+0000][1][gc,age      ] GC(215) Age table with threshold 15 (max threshold 15)
[2024-05-22T05:14:24.057+0000][1][gc,age      ] GC(215) - age   1:    2756680 bytes,    2756680 total
[2024-05-22T05:14:24.057+0000][1][gc,age      ] GC(215) - age   2:    3571504 bytes,    6328184 total
[2024-05-22T05:14:24.057+0000][1][gc,age      ] GC(215) - age   3:      15648 bytes,    6343832 total
[2024-05-22T05:14:24.057+0000][1][gc,age      ] GC(215) - age   4:     954448 bytes,    7298280 total
[2024-05-22T05:14:24.057+0000][1][gc,age      ] GC(215) - age   5:    1592144 bytes,    8890424 total
[2024-05-22T05:14:24.057+0000][1][gc,age      ] GC(215) - age   6:     214784 bytes,    9105208 total
[2024-05-22T05:14:24.057+0000][1][gc,age      ] GC(215) - age   7:     591312 bytes,    9696520 total
[2024-05-22T05:14:24.057+0000][1][gc,age      ] GC(215) - age   8:     271336 bytes,    9967856 total
[2024-05-22T05:14:24.057+0000][1][gc,age      ] GC(215) - age   9:     193616 bytes,   10161472 total
[2024-05-22T05:14:24.057+0000][1][gc,age      ] GC(215) - age  10:      70056 bytes,   10231528 total
[2024-05-22T05:14:24.057+0000][1][gc,age      ] GC(215) - age  11:     223184 bytes,   10454712 total
[2024-05-22T05:14:24.057+0000][1][gc,age      ] GC(215) - age  12:        584 bytes,   10455296 total
[2024-05-22T05:14:24.057+0000][1][gc,age      ] GC(215) - age  13:     372936 bytes,   10828232 total
[2024-05-22T05:14:24.057+0000][1][gc,age      ] GC(215) - age  14:     267344 bytes,   11095576 total
[2024-05-22T05:14:24.057+0000][1][gc,age      ] GC(215) - age  15:       4504 bytes,   11100080 total
[2024-05-22T05:14:24.057+0000][1][gc,heap     ] GC(215) Eden regions: 601->0(603)
[2024-05-22T05:14:24.057+0000][1][gc,heap     ] GC(215) Survivor regions: 13->11(77)
[2024-05-22T05:14:24.057+0000][1][gc,heap     ] GC(215) Old regions: 45->43
[2024-05-22T05:14:24.057+0000][1][gc,heap     ] GC(215) Humongous regions: 3->3
[2024-05-22T05:14:24.057+0000][1][gc,metaspace] GC(215) Metaspace: 99346K(101120K)->99346K(101120K) NonClass: 87317K(88192K)->87317K(88192K) Class: 12029K(12928K)->12029K(12928K)
[2024-05-22T05:14:24.058+0000][1][gc          ] GC(215) Pause Young (Mixed) (G1 Evacuation Pause) 661M->56M(1024M) 44.456ms
[2024-05-22T05:14:24.058+0000][1][gc,cpu      ] GC(215) User=0.04s Sys=0.00s Real=0.05s
[2024-05-22T05:14:24.058+0000][1][safepoint   ] Safepoint "G1CollectForAllocation", Time since last: 793660505405 ns, Reaching safepoint: 46947 ns, Cleanup: 5490 ns, At safepoint: 44549307 ns, Total: 44601744 ns
[2024-05-22T05:59:20.632+0000][1][safepoint   ] Safepoint "Cleanup", Time since last: 2696574505840 ns, Reaching safepoint: 101179 ns, Cleanup: 22523 ns, At safepoint: 8249 ns, Total: 131951 ns
[2024-05-22T06:13:24.473+0000][1][gc,start    ] GC(216) Pause Young (Concurrent Start) (G1 Evacuation Pause)
[2024-05-22T06:13:24.473+0000][1][gc,task     ] GC(216) Using 4 workers of 4 for evacuation
[2024-05-22T06:13:24.473+0000][1][gc,age      ] GC(216) Desired survivor size 40370176 bytes, new threshold 15 (max threshold 15)
[2024-05-22T06:13:24.505+0000][1][gc,phases   ] GC(216)   Pre Evacuate Collection Set: 0.4ms
[2024-05-22T06:13:24.505+0000][1][gc,phases   ] GC(216)   Merge Heap Roots: 0.1ms
[2024-05-22T06:13:24.505+0000][1][gc,phases   ] GC(216)   Evacuate Collection Set: 30.5ms
[2024-05-22T06:13:24.505+0000][1][gc,phases   ] GC(216)   Post Evacuate Collection Set: 1.4ms
[2024-05-22T06:13:24.505+0000][1][gc,phases   ] GC(216)   Other: 0.1ms
[2024-05-22T06:13:24.505+0000][1][gc,age      ] GC(216) Age table with threshold 15 (max threshold 15)
[2024-05-22T06:13:24.505+0000][1][gc,age      ] GC(216) - age   1:    3369608 bytes,    3369608 total
[2024-05-22T06:13:24.505+0000][1][gc,age      ] GC(216) - age   2:    2438544 bytes,    5808152 total
[2024-05-22T06:13:24.505+0000][1][gc,age      ] GC(216) - age   3:    3101384 bytes,    8909536 total
[2024-05-22T06:13:24.505+0000][1][gc,age      ] GC(216) - age   4:      15648 bytes,    8925184 total
[2024-05-22T06:13:24.505+0000][1][gc,age      ] GC(216) - age   5:     624704 bytes,    9549888 total
[2024-05-22T06:13:24.505+0000][1][gc,age      ] GC(216) - age   6:     627720 bytes,   10177608 total
[2024-05-22T06:13:24.505+0000][1][gc,age      ] GC(216) - age   7:     183192 bytes,   10360800 total
[2024-05-22T06:13:24.505+0000][1][gc,age      ] GC(216) - age   8:     548504 bytes,   10909304 total
[2024-05-22T06:13:24.505+0000][1][gc,age      ] GC(216) - age   9:     133584 bytes,   11042888 total
[2024-05-22T06:13:24.505+0000][1][gc,age      ] GC(216) - age  10:     193616 bytes,   11236504 total
[2024-05-22T06:13:24.505+0000][1][gc,age      ] GC(216) - age  11:      37056 bytes,   11273560 total
[2024-05-22T06:13:24.505+0000][1][gc,age      ] GC(216) - age  12:     223184 bytes,   11496744 total
[2024-05-22T06:13:24.505+0000][1][gc,age      ] GC(216) - age  13:        584 bytes,   11497328 total
[2024-05-22T06:13:24.505+0000][1][gc,age      ] GC(216) - age  14:     341968 bytes,   11839296 total
[2024-05-22T06:13:24.505+0000][1][gc,age      ] GC(216) - age  15:     267008 bytes,   12106304 total
[2024-05-22T06:13:24.505+0000][1][gc,heap     ] GC(216) Eden regions: 603->0(601)
[2024-05-22T06:13:24.506+0000][1][gc,heap     ] GC(216) Survivor regions: 11->13(77)
[2024-05-22T06:13:24.506+0000][1][gc,heap     ] GC(216) Old regions: 43->43
[2024-05-22T06:13:24.506+0000][1][gc,heap     ] GC(216) Humongous regions: 3->3
[2024-05-22T06:13:24.506+0000][1][gc,metaspace] GC(216) Metaspace: 99346K(101120K)->99346K(101120K) NonClass: 87317K(88192K)->87317K(88192K) Class: 12029K(12928K)->12029K(12928K)
[2024-05-22T06:13:24.506+0000][1][gc          ] GC(216) Pause Young (Concurrent Start) (G1 Evacuation Pause) 659M->58M(1024M) 32.881ms
[2024-05-22T06:13:24.506+0000][1][gc,cpu      ] GC(216) User=0.05s Sys=0.00s Real=0.04s
[2024-05-22T06:13:24.506+0000][1][gc          ] GC(217) Concurrent Mark Cycle
[2024-05-22T06:13:24.506+0000][1][gc,marking  ] GC(217) Concurrent Scan Root Regions
[2024-05-22T06:13:24.506+0000][1][safepoint   ] Safepoint "G1CollectForAllocation", Time since last: 843840361057 ns, Reaching safepoint: 55115 ns, Cleanup: 6665 ns, At safepoint: 32988705 ns, Total: 33050485 ns
[2024-05-22T06:13:24.514+0000][1][gc,marking  ] GC(217) Concurrent Scan Root Regions 8.474ms
[2024-05-22T06:13:24.514+0000][1][gc,marking  ] GC(217) Concurrent Mark
[2024-05-22T06:13:24.514+0000][1][gc,marking  ] GC(217) Concurrent Mark From Roots
[2024-05-22T06:13:24.514+0000][1][gc,task     ] GC(217) Using 1 workers of 1 for marking
[2024-05-22T06:13:24.579+0000][1][gc,marking  ] GC(217) Concurrent Mark From Roots 64.610ms
[2024-05-22T06:13:24.579+0000][1][gc,marking  ] GC(217) Concurrent Preclean
[2024-05-22T06:13:24.579+0000][1][gc,marking  ] GC(217) Concurrent Preclean 0.228ms
[2024-05-22T06:13:24.579+0000][1][gc,start    ] GC(217) Pause Remark
[2024-05-22T06:13:24.662+0000][1][gc          ] GC(217) Pause Remark 59M->59M(1024M) 82.734ms
[2024-05-22T06:13:24.662+0000][1][gc,cpu      ] GC(217) User=0.02s Sys=0.00s Real=0.08s
[2024-05-22T06:13:24.662+0000][1][safepoint   ] Safepoint "G1PauseRemark", Time since last: 73611091 ns, Reaching safepoint: 26396 ns, Cleanup: 5036 ns, At safepoint: 82862602 ns, Total: 82894034 ns
[2024-05-22T06:13:24.662+0000][1][gc,marking  ] GC(217) Concurrent Mark 148.044ms
[2024-05-22T06:13:24.662+0000][1][gc,marking  ] GC(217) Concurrent Rebuild Remembered Sets and Scrub Regions
[2024-05-22T06:13:24.691+0000][1][gc,marking  ] GC(217) Concurrent Rebuild Remembered Sets and Scrub Regions 28.856ms
[2024-05-22T06:13:24.691+0000][1][gc,start    ] GC(217) Pause Cleanup
[2024-05-22T06:13:24.692+0000][1][gc          ] GC(217) Pause Cleanup 59M->59M(1024M) 0.276ms
[2024-05-22T06:13:24.692+0000][1][gc,cpu      ] GC(217) User=0.00s Sys=0.00s Real=0.00s
[2024-05-22T06:13:24.692+0000][1][safepoint   ] Safepoint "G1PauseCleanup", Time since last: 29036728 ns, Reaching safepoint: 41284 ns, Cleanup: 8597 ns, At safepoint: 333036 ns, Total: 382917 ns
[2024-05-22T06:13:24.692+0000][1][gc,marking  ] GC(217) Concurrent Clear Claimed Marks
[2024-05-22T06:13:24.692+0000][1][gc,marking  ] GC(217) Concurrent Clear Claimed Marks 0.131ms
[2024-05-22T06:13:24.692+0000][1][gc,marking  ] GC(217) Concurrent Cleanup for Next Mark
[2024-05-22T06:13:24.695+0000][1][gc,marking  ] GC(217) Concurrent Cleanup for Next Mark 3.241ms
[2024-05-22T06:13:24.695+0000][1][gc          ] GC(217) Concurrent Mark Cycle 189.478ms
[2024-05-22T07:08:19.211+0000][1][safepoint   ] Safepoint "Cleanup", Time since last: 3294519713354 ns, Reaching safepoint: 93984 ns, Cleanup: 89019 ns, At safepoint: 10489 ns, Total: 193492 ns
[2024-05-22T07:16:25.262+0000][1][gc,start    ] GC(218) Pause Young (Prepare Mixed) (G1 Evacuation Pause)
[2024-05-22T07:16:25.262+0000][1][gc,task     ] GC(218) Using 4 workers of 4 for evacuation
[2024-05-22T07:16:25.262+0000][1][gc,age      ] GC(218) Desired survivor size 40370176 bytes, new threshold 15 (max threshold 15)
[2024-05-22T07:16:25.309+0000][1][gc,phases   ] GC(218)   Pre Evacuate Collection Set: 0.4ms
[2024-05-22T07:16:25.309+0000][1][gc,phases   ] GC(218)   Merge Heap Roots: 0.2ms
[2024-05-22T07:16:25.309+0000][1][gc,phases   ] GC(218)   Evacuate Collection Set: 44.6ms
[2024-05-22T07:16:25.309+0000][1][gc,phases   ] GC(218)   Post Evacuate Collection Set: 1.5ms
[2024-05-22T07:16:25.309+0000][1][gc,phases   ] GC(218)   Other: 0.1ms
[2024-05-22T07:16:25.309+0000][1][gc,age      ] GC(218) Age table with threshold 15 (max threshold 15)
[2024-05-22T07:16:25.309+0000][1][gc,age      ] GC(218) - age   1:    3701184 bytes,    3701184 total
[2024-05-22T07:16:25.309+0000][1][gc,age      ] GC(218) - age   2:    2167680 bytes,    5868864 total
[2024-05-22T07:16:25.309+0000][1][gc,age      ] GC(218) - age   3:    1981248 bytes,    7850112 total
[2024-05-22T07:16:25.309+0000][1][gc,age      ] GC(218) - age   4:    1569240 bytes,    9419352 total
[2024-05-22T07:16:25.309+0000][1][gc,age      ] GC(218) - age   5:       1760 bytes,    9421112 total
[2024-05-22T07:16:25.309+0000][1][gc,age      ] GC(218) - age   6:     514808 bytes,    9935920 total
[2024-05-22T07:16:25.309+0000][1][gc,age      ] GC(218) - age   7:     578544 bytes,   10514464 total
[2024-05-22T07:16:25.309+0000][1][gc,age      ] GC(218) - age   8:     161640 bytes,   10676104 total
[2024-05-22T07:16:25.309+0000][1][gc,age      ] GC(218) - age   9:     207248 bytes,   10883352 total
[2024-05-22T07:16:25.309+0000][1][gc,age      ] GC(218) - age  10:     133344 bytes,   11016696 total
[2024-05-22T07:16:25.309+0000][1][gc,age      ] GC(218) - age  11:     161800 bytes,   11178496 total
[2024-05-22T07:16:25.309+0000][1][gc,age      ] GC(218) - age  12:      37056 bytes,   11215552 total
[2024-05-22T07:16:25.309+0000][1][gc,age      ] GC(218) - age  13:     160456 bytes,   11376008 total
[2024-05-22T07:16:25.309+0000][1][gc,age      ] GC(218) - age  14:        584 bytes,   11376592 total
[2024-05-22T07:16:25.310+0000][1][gc,age      ] GC(218) - age  15:     311032 bytes,   11687624 total
[2024-05-22T07:16:25.310+0000][1][gc,heap     ] GC(218) Eden regions: 601->0(601)
[2024-05-22T07:16:25.310+0000][1][gc,heap     ] GC(218) Survivor regions: 13->13(77)
[2024-05-22T07:16:25.310+0000][1][gc,heap     ] GC(218) Old regions: 43->43
[2024-05-22T07:16:25.310+0000][1][gc,heap     ] GC(218) Humongous regions: 3->3
[2024-05-22T07:16:25.310+0000][1][gc,metaspace] GC(218) Metaspace: 99352K(101120K)->99352K(101120K) NonClass: 87323K(88192K)->87323K(88192K) Class: 12029K(12928K)->12029K(12928K)
[2024-05-22T07:16:25.310+0000][1][gc          ] GC(218) Pause Young (Prepare Mixed) (G1 Evacuation Pause) 659M->57M(1024M) 47.194ms
[2024-05-22T07:16:25.310+0000][1][gc,cpu      ] GC(218) User=0.04s Sys=0.00s Real=0.05s
[2024-05-22T07:16:25.310+0000][1][safepoint   ] Safepoint "G1CollectForAllocation", Time since last: 486050829465 ns, Reaching safepoint: 57922 ns, Cleanup: 6965 ns, At safepoint: 47287664 ns, Total: 47352551 ns
[2024-05-22T07:45:16.144+0000][1][safepoint   ] Safepoint "Cleanup", Time since last: 1730833775777 ns, Reaching safepoint: 91553 ns, Cleanup: 18845 ns, At safepoint: 4626 ns, Total: 115024 ns
[2024-05-22T08:01:00.316+0000][1][safepoint   ] Safepoint "Cleanup", Time since last: 944172360096 ns, Reaching safepoint: 8570 ns, Cleanup: 15036 ns, At safepoint: 3418 ns, Total: 27024 ns
[2024-05-22T08:13:29.935+0000][1][gc,start    ] GC(219) Pause Young (Mixed) (G1 Evacuation Pause)
[2024-05-22T08:13:29.935+0000][1][gc,task     ] GC(219) Using 4 workers of 4 for evacuation
[2024-05-22T08:13:29.935+0000][1][gc,age      ] GC(219) Desired survivor size 40370176 bytes, new threshold 15 (max threshold 15)
[2024-05-22T08:13:29.984+0000][1][gc,phases   ] GC(219)   Pre Evacuate Collection Set: 0.5ms
[2024-05-22T08:13:29.984+0000][1][gc,phases   ] GC(219)   Merge Heap Roots: 0.2ms
[2024-05-22T08:13:29.984+0000][1][gc,phases   ] GC(219)   Evacuate Collection Set: 47.2ms
[2024-05-22T08:13:29.984+0000][1][gc,phases   ] GC(219)   Post Evacuate Collection Set: 1.4ms
[2024-05-22T08:13:29.984+0000][1][gc,phases   ] GC(219)   Other: 0.1ms
[2024-05-22T08:13:29.984+0000][1][gc,age      ] GC(219) Age table with threshold 15 (max threshold 15)
[2024-05-22T08:13:29.984+0000][1][gc,age      ] GC(219) - age   1:    3278096 bytes,    3278096 total
[2024-05-22T08:13:29.984+0000][1][gc,age      ] GC(219) - age   2:    2041752 bytes,    5319848 total
[2024-05-22T08:13:29.984+0000][1][gc,age      ] GC(219) - age   3:    1957608 bytes,    7277456 total
[2024-05-22T08:13:29.984+0000][1][gc,age      ] GC(219) - age   4:     484016 bytes,    7761472 total
[2024-05-22T08:13:29.984+0000][1][gc,age      ] GC(219) - age   5:    1437016 bytes,    9198488 total
[2024-05-22T08:13:29.984+0000][1][gc,age      ] GC(219) - age   6:       1760 bytes,    9200248 total
[2024-05-22T08:13:29.984+0000][1][gc,age      ] GC(219) - age   7:     452680 bytes,    9652928 total
[2024-05-22T08:13:29.984+0000][1][gc,age      ] GC(219) - age   8:     527736 bytes,   10180664 total
[2024-05-22T08:13:29.984+0000][1][gc,age      ] GC(219) - age   9:      33168 bytes,   10213832 total
[2024-05-22T08:13:29.984+0000][1][gc,age      ] GC(219) - age  10:     174776 bytes,   10388608 total
[2024-05-22T08:13:29.984+0000][1][gc,age      ] GC(219) - age  11:     100600 bytes,   10489208 total
[2024-05-22T08:13:29.984+0000][1][gc,age      ] GC(219) - age  12:     161800 bytes,   10651008 total
[2024-05-22T08:13:29.984+0000][1][gc,age      ] GC(219) - age  13:        288 bytes,   10651296 total
[2024-05-22T08:13:29.984+0000][1][gc,age      ] GC(219) - age  14:     160456 bytes,   10811752 total
[2024-05-22T08:13:29.984+0000][1][gc,age      ] GC(219) - age  15:        528 bytes,   10812280 total
[2024-05-22T08:13:29.984+0000][1][gc,heap     ] GC(219) Eden regions: 601->0(602)
[2024-05-22T08:13:29.984+0000][1][gc,heap     ] GC(219) Survivor regions: 13->12(77)
[2024-05-22T08:13:29.984+0000][1][gc,heap     ] GC(219) Old regions: 43->41
[2024-05-22T08:13:29.984+0000][1][gc,heap     ] GC(219) Humongous regions: 3->3
[2024-05-22T08:13:29.984+0000][1][gc,metaspace] GC(219) Metaspace: 99367K(101120K)->99367K(101120K) NonClass: 87338K(88192K)->87338K(88192K) Class: 12029K(12928K)->12029K(12928K)
[2024-05-22T08:13:29.984+0000][1][gc          ] GC(219) Pause Young (Mixed) (G1 Evacuation Pause) 658M->55M(1024M) 49.743ms
[2024-05-22T08:13:29.984+0000][1][gc,cpu      ] GC(219) User=0.04s Sys=0.00s Real=0.06s
[2024-05-22T08:13:29.984+0000][1][safepoint   ] Safepoint "G1CollectForAllocation", Time since last: 749618650045 ns, Reaching safepoint: 48453 ns, Cleanup: 6677 ns, At safepoint: 49837797 ns, Total: 49892927 ns
[2024-05-22T08:35:56.394+0000][1][safepoint   ] Safepoint "Cleanup", Time since last: 1346409218517 ns, Reaching safepoint: 43805 ns, Cleanup: 25851 ns, At safepoint: 16373 ns, Total: 86029 ns
[2024-05-22T09:12:00.579+0000][1][gc,start    ] GC(220) Pause Young (Concurrent Start) (G1 Evacuation Pause)
[2024-05-22T09:12:00.579+0000][1][gc,task     ] GC(220) Using 4 workers of 4 for evacuation
[2024-05-22T09:12:00.579+0000][1][gc,age      ] GC(220) Desired survivor size 40370176 bytes, new threshold 15 (max threshold 15)
[2024-05-22T09:12:00.626+0000][1][gc,phases   ] GC(220)   Pre Evacuate Collection Set: 0.9ms
[2024-05-22T09:12:00.626+0000][1][gc,phases   ] GC(220)   Merge Heap Roots: 0.4ms
[2024-05-22T09:12:00.626+0000][1][gc,phases   ] GC(220)   Evacuate Collection Set: 42.5ms
[2024-05-22T09:12:00.626+0000][1][gc,phases   ] GC(220)   Post Evacuate Collection Set: 2.7ms
[2024-05-22T09:12:00.626+0000][1][gc,phases   ] GC(220)   Other: 0.4ms
[2024-05-22T09:12:00.626+0000][1][gc,age      ] GC(220) Age table with threshold 15 (max threshold 15)
[2024-05-22T09:12:00.626+0000][1][gc,age      ] GC(220) - age   1:    4152544 bytes,    4152544 total
[2024-05-22T09:12:00.626+0000][1][gc,age      ] GC(220) - age   2:    1924480 bytes,    6077024 total
[2024-05-22T09:12:00.626+0000][1][gc,age      ] GC(220) - age   3:    1797624 bytes,    7874648 total
[2024-05-22T09:12:00.626+0000][1][gc,age      ] GC(220) - age   4:     783312 bytes,    8657960 total
[2024-05-22T09:12:00.626+0000][1][gc,age      ] GC(220) - age   5:     441720 bytes,    9099680 total
[2024-05-22T09:12:00.626+0000][1][gc,age      ] GC(220) - age   6:    1013304 bytes,   10112984 total
[2024-05-22T09:12:00.626+0000][1][gc,age      ] GC(220) - age   7:       1760 bytes,   10114744 total
[2024-05-22T09:12:00.626+0000][1][gc,age      ] GC(220) - age   8:     410616 bytes,   10525360 total
[2024-05-22T09:12:00.626+0000][1][gc,age      ] GC(220) - age   9:     417648 bytes,   10943008 total
[2024-05-22T09:12:00.626+0000][1][gc,age      ] GC(220) - age  10:      32688 bytes,   10975696 total
[2024-05-22T09:12:00.627+0000][1][gc,age      ] GC(220) - age  11:     174456 bytes,   11150152 total
[2024-05-22T09:12:00.627+0000][1][gc,age      ] GC(220) - age  12:     100600 bytes,   11250752 total
[2024-05-22T09:12:00.627+0000][1][gc,age      ] GC(220) - age  13:     161800 bytes,   11412552 total
[2024-05-22T09:12:00.627+0000][1][gc,age      ] GC(220) - age  14:        288 bytes,   11412840 total
[2024-05-22T09:12:00.627+0000][1][gc,age      ] GC(220) - age  15:     160456 bytes,   11573296 total
[2024-05-22T09:12:00.627+0000][1][gc,heap     ] GC(220) Eden regions: 602->0(602)
[2024-05-22T09:12:00.627+0000][1][gc,heap     ] GC(220) Survivor regions: 12->12(77)
[2024-05-22T09:12:00.627+0000][1][gc,heap     ] GC(220) Old regions: 41->41
[2024-05-22T09:12:00.627+0000][1][gc,heap     ] GC(220) Humongous regions: 3->3
[2024-05-22T09:12:00.627+0000][1][gc,metaspace] GC(220) Metaspace: 99368K(101120K)->99368K(101120K) NonClass: 87339K(88192K)->87339K(88192K) Class: 12029K(12928K)->12029K(12928K)
[2024-05-22T09:12:00.627+0000][1][gc          ] GC(220) Pause Young (Concurrent Start) (G1 Evacuation Pause) 657M->55M(1024M) 47.920ms
[2024-05-22T09:12:00.627+0000][1][gc,cpu      ] GC(220) User=0.06s Sys=0.01s Real=0.05s
[2024-05-22T09:12:00.627+0000][1][gc          ] GC(221) Concurrent Mark Cycle
[2024-05-22T09:12:00.627+0000][1][gc,marking  ] GC(221) Concurrent Scan Root Regions
[2024-05-22T09:12:00.627+0000][1][safepoint   ] Safepoint "G1CollectForAllocation", Time since last: 2164185065772 ns, Reaching safepoint: 38008 ns, Cleanup: 9865 ns, At safepoint: 48192587 ns, Total: 48240460 ns
[2024-05-22T09:12:00.636+0000][1][gc,marking  ] GC(221) Concurrent Scan Root Regions 8.651ms
[2024-05-22T09:12:00.636+0000][1][gc,marking  ] GC(221) Concurrent Mark
[2024-05-22T09:12:00.636+0000][1][gc,marking  ] GC(221) Concurrent Mark From Roots
[2024-05-22T09:12:00.636+0000][1][gc,task     ] GC(221) Using 1 workers of 1 for marking
[2024-05-22T09:12:00.700+0000][1][gc,marking  ] GC(221) Concurrent Mark From Roots 64.118ms
[2024-05-22T09:12:00.700+0000][1][gc,marking  ] GC(221) Concurrent Preclean
[2024-05-22T09:12:00.700+0000][1][gc,marking  ] GC(221) Concurrent Preclean 0.273ms
[2024-05-22T09:12:00.700+0000][1][gc,start    ] GC(221) Pause Remark
[2024-05-22T09:12:00.767+0000][1][gc          ] GC(221) Pause Remark 58M->58M(1024M) 66.594ms
[2024-05-22T09:12:00.767+0000][1][gc,cpu      ] GC(221) User=0.07s Sys=0.00s Real=0.07s
[2024-05-22T09:12:00.767+0000][1][safepoint   ] Safepoint "G1PauseRemark", Time since last: 73351543 ns, Reaching safepoint: 27058 ns, Cleanup: 5262 ns, At safepoint: 66789289 ns, Total: 66821609 ns
[2024-05-22T09:12:00.767+0000][1][gc,marking  ] GC(221) Concurrent Mark 131.527ms
[2024-05-22T09:12:00.767+0000][1][gc,marking  ] GC(221) Concurrent Rebuild Remembered Sets and Scrub Regions
[2024-05-22T09:12:00.799+0000][1][gc,marking  ] GC(221) Concurrent Rebuild Remembered Sets and Scrub Regions 31.887ms
[2024-05-22T09:12:00.799+0000][1][gc,start    ] GC(221) Pause Cleanup
[2024-05-22T09:12:00.800+0000][1][gc          ] GC(221) Pause Cleanup 58M->58M(1024M) 0.295ms
[2024-05-22T09:12:00.800+0000][1][gc,cpu      ] GC(221) User=0.00s Sys=0.00s Real=0.00s
[2024-05-22T09:12:00.800+0000][1][safepoint   ] Safepoint "G1PauseCleanup", Time since last: 32173583 ns, Reaching safepoint: 25228 ns, Cleanup: 8083 ns, At safepoint: 355483 ns, Total: 388794 ns
[2024-05-22T09:12:00.800+0000][1][gc,marking  ] GC(221) Concurrent Clear Claimed Marks
[2024-05-22T09:12:00.800+0000][1][gc,marking  ] GC(221) Concurrent Clear Claimed Marks 0.108ms
[2024-05-22T09:12:00.800+0000][1][gc,marking  ] GC(221) Concurrent Cleanup for Next Mark
[2024-05-22T09:12:00.804+0000][1][gc,marking  ] GC(221) Concurrent Cleanup for Next Mark 3.831ms
[2024-05-22T09:12:00.804+0000][1][gc          ] GC(221) Concurrent Mark Cycle 176.910ms
[2024-05-22T09:16:50.668+0000][1][safepoint   ] Safepoint "Cleanup", Time since last: 289868415229 ns, Reaching safepoint: 8358 ns, Cleanup: 9717 ns, At safepoint: 3049 ns, Total: 21124 ns
[2024-05-22T10:20:48.085+0000][1][gc,start    ] GC(222) Pause Young (Prepare Mixed) (G1 Evacuation Pause)
[2024-05-22T10:20:48.085+0000][1][gc,task     ] GC(222) Using 4 workers of 4 for evacuation
[2024-05-22T10:20:48.085+0000][1][gc,age      ] GC(222) Desired survivor size 40370176 bytes, new threshold 15 (max threshold 15)
[2024-05-22T10:20:48.131+0000][1][gc,phases   ] GC(222)   Pre Evacuate Collection Set: 0.4ms
[2024-05-22T10:20:48.131+0000][1][gc,phases   ] GC(222)   Merge Heap Roots: 0.1ms
[2024-05-22T10:20:48.131+0000][1][gc,phases   ] GC(222)   Evacuate Collection Set: 44.3ms
[2024-05-22T10:20:48.131+0000][1][gc,phases   ] GC(222)   Post Evacuate Collection Set: 1.3ms
[2024-05-22T10:20:48.131+0000][1][gc,phases   ] GC(222)   Other: 0.1ms
[2024-05-22T10:20:48.131+0000][1][gc,age      ] GC(222) Age table with threshold 15 (max threshold 15)
[2024-05-22T10:20:48.131+0000][1][gc,age      ] GC(222) - age   1:    3060664 bytes,    3060664 total
[2024-05-22T10:20:48.131+0000][1][gc,age      ] GC(222) - age   2:    2276344 bytes,    5337008 total
[2024-05-22T10:20:48.131+0000][1][gc,age      ] GC(222) - age   3:    1853824 bytes,    7190832 total
[2024-05-22T10:20:48.131+0000][1][gc,age      ] GC(222) - age   4:     622328 bytes,    7813160 total
[2024-05-22T10:20:48.131+0000][1][gc,age      ] GC(222) - age   5:     680864 bytes,    8494024 total
[2024-05-22T10:20:48.131+0000][1][gc,age      ] GC(222) - age   6:     441720 bytes,    8935744 total
[2024-05-22T10:20:48.131+0000][1][gc,age      ] GC(222) - age   7:     875248 bytes,    9810992 total
[2024-05-22T10:20:48.131+0000][1][gc,age      ] GC(222) - age   9:     388072 bytes,   10199064 total
[2024-05-22T10:20:48.131+0000][1][gc,age      ] GC(222) - age  10:     400600 bytes,   10599664 total
[2024-05-22T10:20:48.131+0000][1][gc,age      ] GC(222) - age  11:      32688 bytes,   10632352 total
[2024-05-22T10:20:48.131+0000][1][gc,age      ] GC(222) - age  12:     174456 bytes,   10806808 total
[2024-05-22T10:20:48.131+0000][1][gc,age      ] GC(222) - age  13:     100600 bytes,   10907408 total
[2024-05-22T10:20:48.131+0000][1][gc,age      ] GC(222) - age  14:     161800 bytes,   11069208 total
[2024-05-22T10:20:48.131+0000][1][gc,age      ] GC(222) - age  15:        288 bytes,   11069496 total
[2024-05-22T10:20:48.131+0000][1][gc,heap     ] GC(222) Eden regions: 602->0(602)
[2024-05-22T10:20:48.131+0000][1][gc,heap     ] GC(222) Survivor regions: 12->12(77)
[2024-05-22T10:20:48.131+0000][1][gc,heap     ] GC(222) Old regions: 41->42
[2024-05-22T10:20:48.131+0000][1][gc,heap     ] GC(222) Humongous regions: 3->3
[2024-05-22T10:20:48.131+0000][1][gc,metaspace] GC(222) Metaspace: 99359K(101120K)->99359K(101120K) NonClass: 87332K(88192K)->87332K(88192K) Class: 12026K(12928K)->12026K(12928K)
[2024-05-22T10:20:48.131+0000][1][gc          ] GC(222) Pause Young (Prepare Mixed) (G1 Evacuation Pause) 657M->56M(1024M) 46.596ms
[2024-05-22T10:20:48.131+0000][1][gc,cpu      ] GC(222) User=0.03s Sys=0.00s Real=0.04s
[2024-05-22T10:20:48.131+0000][1][safepoint   ] Safepoint "G1CollectForAllocation", Time since last: 3837416365483 ns, Reaching safepoint: 32574 ns, Cleanup: 6925 ns, At safepoint: 46687643 ns, Total: 46727142 ns
[2024-05-22T11:16:07.501+0000][1][gc,start    ] GC(223) Pause Young (Mixed) (G1 Evacuation Pause)
[2024-05-22T11:16:07.531+0000][1][gc,task     ] GC(223) Using 4 workers of 4 for evacuation
[2024-05-22T11:16:07.531+0000][1][gc,age      ] GC(223) Desired survivor size 40370176 bytes, new threshold 15 (max threshold 15)
[2024-05-22T11:16:07.546+0000][1][gc,phases   ] GC(223)   Pre Evacuate Collection Set: 0.6ms
[2024-05-22T11:16:07.546+0000][1][gc,phases   ] GC(223)   Merge Heap Roots: 0.2ms
[2024-05-22T11:16:07.546+0000][1][gc,phases   ] GC(223)   Evacuate Collection Set: 12.3ms
[2024-05-22T11:16:07.546+0000][1][gc,phases   ] GC(223)   Post Evacuate Collection Set: 1.4ms
[2024-05-22T11:16:07.546+0000][1][gc,phases   ] GC(223)   Other: 0.1ms
[2024-05-22T11:16:07.546+0000][1][gc,age      ] GC(223) Age table with threshold 15 (max threshold 15)
[2024-05-22T11:16:07.546+0000][1][gc,age      ] GC(223) - age   1:    4199208 bytes,    4199208 total
[2024-05-22T11:16:07.546+0000][1][gc,age      ] GC(223) - age   2:    2641848 bytes,    6841056 total
[2024-05-22T11:16:07.546+0000][1][gc,age      ] GC(223) - age   3:    2183336 bytes,    9024392 total
[2024-05-22T11:16:07.546+0000][1][gc,age      ] GC(223) - age   4:     496624 bytes,    9521016 total
[2024-05-22T11:16:07.546+0000][1][gc,age      ] GC(223) - age   5:     404416 bytes,    9925432 total
[2024-05-22T11:16:07.546+0000][1][gc,age      ] GC(223) - age   6:     674880 bytes,   10600312 total
[2024-05-22T11:16:07.546+0000][1][gc,age      ] GC(223) - age   7:     303248 bytes,   10903560 total
[2024-05-22T11:16:07.546+0000][1][gc,age      ] GC(223) - age   8:     864416 bytes,   11767976 total
[2024-05-22T11:16:07.546+0000][1][gc,age      ] GC(223) - age  10:     387816 bytes,   12155792 total
[2024-05-22T11:16:07.546+0000][1][gc,age      ] GC(223) - age  11:     363408 bytes,   12519200 total
[2024-05-22T11:16:07.546+0000][1][gc,age      ] GC(223) - age  12:      32688 bytes,   12551888 total
[2024-05-22T11:16:07.546+0000][1][gc,age      ] GC(223) - age  13:     174456 bytes,   12726344 total
[2024-05-22T11:16:07.546+0000][1][gc,age      ] GC(223) - age  14:     100400 bytes,   12826744 total
[2024-05-22T11:16:07.546+0000][1][gc,age      ] GC(223) - age  15:     161400 bytes,   12988144 total
[2024-05-22T11:16:07.546+0000][1][gc,heap     ] GC(223) Eden regions: 602->0(600)
[2024-05-22T11:16:07.546+0000][1][gc,heap     ] GC(223) Survivor regions: 12->14(77)
[2024-05-22T11:16:07.546+0000][1][gc,heap     ] GC(223) Old regions: 42->40
[2024-05-22T11:16:07.546+0000][1][gc,heap     ] GC(223) Humongous regions: 3->3
[2024-05-22T11:16:07.546+0000][1][gc,metaspace] GC(223) Metaspace: 99359K(101120K)->99359K(101120K) NonClass: 87332K(88192K)->87332K(88192K) Class: 12026K(12928K)->12026K(12928K)
[2024-05-22T11:16:07.546+0000][1][gc          ] GC(223) Pause Young (Mixed) (G1 Evacuation Pause) 658M->55M(1024M) 45.579ms
[2024-05-22T11:16:07.546+0000][1][gc,cpu      ] GC(223) User=0.04s Sys=0.01s Real=0.05s
[2024-05-22T11:16:07.546+0000][1][safepoint   ] Safepoint "G1CollectForAllocation", Time since last: 3319369198742 ns, Reaching safepoint: 25132 ns, Cleanup: 7152 ns, At safepoint: 45670556 ns, Total: 45702840 ns
[2024-05-22T11:22:31.152+0000][1][safepoint   ] Safepoint "Cleanup", Time since last: 383606007625 ns, Reaching safepoint: 37528 ns, Cleanup: 36437 ns, At safepoint: 8991 ns, Total: 82956 ns
[2024-05-22T11:22:32.483+0000][1][safepoint   ] Safepoint "Cleanup", Time since last: 1330543758 ns, Reaching safepoint: 8177 ns, Cleanup: 38728 ns, At safepoint: 2751 ns, Total: 49656 ns
[2024-05-22T11:22:39.552+0000][1][gc,start    ] GC(224) Pause Young (Concurrent Start) (G1 Evacuation Pause)
[2024-05-22T11:22:39.552+0000][1][gc,task     ] GC(224) Using 4 workers of 4 for evacuation
[2024-05-22T11:22:39.552+0000][1][gc,age      ] GC(224) Desired survivor size 40370176 bytes, new threshold 15 (max threshold 15)
[2024-05-22T11:22:39.565+0000][1][gc,phases   ] GC(224)   Pre Evacuate Collection Set: 0.5ms
[2024-05-22T11:22:39.565+0000][1][gc,phases   ] GC(224)   Merge Heap Roots: 0.2ms
[2024-05-22T11:22:39.565+0000][1][gc,phases   ] GC(224)   Evacuate Collection Set: 10.7ms
[2024-05-22T11:22:39.565+0000][1][gc,phases   ] GC(224)   Post Evacuate Collection Set: 1.5ms
[2024-05-22T11:22:39.565+0000][1][gc,phases   ] GC(224)   Other: 0.2ms
[2024-05-22T11:22:39.565+0000][1][gc,age      ] GC(224) Age table with threshold 15 (max threshold 15)
[2024-05-22T11:22:39.565+0000][1][gc,age      ] GC(224) - age   1:    7161320 bytes,    7161320 total
[2024-05-22T11:22:39.565+0000][1][gc,age      ] GC(224) - age   2:    2263080 bytes,    9424400 total
[2024-05-22T11:22:39.565+0000][1][gc,age      ] GC(224) - age   3:    2086320 bytes,   11510720 total
[2024-05-22T11:22:39.565+0000][1][gc,age      ] GC(224) - age   4:    1704536 bytes,   13215256 total
[2024-05-22T11:22:39.565+0000][1][gc,age      ] GC(224) - age   5:     395224 bytes,   13610480 total
[2024-05-22T11:22:39.565+0000][1][gc,age      ] GC(224) - age   6:     325016 bytes,   13935496 total
[2024-05-22T11:22:39.565+0000][1][gc,age      ] GC(224) - age   7:     207000 bytes,   14142496 total
[2024-05-22T11:22:39.565+0000][1][gc,age      ] GC(224) - age   8:      95448 bytes,   14237944 total
[2024-05-22T11:22:39.565+0000][1][gc,age      ] GC(224) - age   9:     363840 bytes,   14601784 total
[2024-05-22T11:22:39.565+0000][1][gc,age      ] GC(224) - age  11:     286824 bytes,   14888608 total
[2024-05-22T11:22:39.565+0000][1][gc,age      ] GC(224) - age  12:     304008 bytes,   15192616 total
[2024-05-22T11:22:39.565+0000][1][gc,age      ] GC(224) - age  13:      32688 bytes,   15225304 total
[2024-05-22T11:22:39.565+0000][1][gc,age      ] GC(224) - age  14:     173976 bytes,   15399280 total
[2024-05-22T11:22:39.565+0000][1][gc,age      ] GC(224) - age  15:     100400 bytes,   15499680 total
[2024-05-22T11:22:39.565+0000][1][gc,heap     ] GC(224) Eden regions: 600->0(598)
[2024-05-22T11:22:39.565+0000][1][gc,heap     ] GC(224) Survivor regions: 14->16(77)
[2024-05-22T11:22:39.565+0000][1][gc,heap     ] GC(224) Old regions: 40->40
[2024-05-22T11:22:39.565+0000][1][gc,heap     ] GC(224) Humongous regions: 3->3
[2024-05-22T11:22:39.565+0000][1][gc,metaspace] GC(224) Metaspace: 99359K(101120K)->99359K(101120K) NonClass: 87332K(88192K)->87332K(88192K) Class: 12026K(12928K)->12026K(12928K)
[2024-05-22T11:22:39.565+0000][1][gc          ] GC(224) Pause Young (Concurrent Start) (G1 Evacuation Pause) 655M->58M(1024M) 13.475ms
[2024-05-22T11:22:39.565+0000][1][gc          ] GC(225) Concurrent Mark Cycle
[2024-05-22T11:22:39.565+0000][1][gc,marking  ] GC(225) Concurrent Scan Root Regions
[2024-05-22T11:22:39.565+0000][1][gc,cpu      ] GC(224) User=0.05s Sys=0.00s Real=0.02s
[2024-05-22T11:22:39.565+0000][1][safepoint   ] Safepoint "G1CollectForAllocation", Time since last: 7068443668 ns, Reaching safepoint: 195849 ns, Cleanup: 6094 ns, At safepoint: 13624435 ns, Total: 13826378 ns
[2024-05-22T11:22:39.578+0000][1][gc,marking  ] GC(225) Concurrent Scan Root Regions 13.188ms
[2024-05-22T11:22:39.578+0000][1][gc,marking  ] GC(225) Concurrent Mark
[2024-05-22T11:22:39.578+0000][1][gc,marking  ] GC(225) Concurrent Mark From Roots
[2024-05-22T11:22:39.578+0000][1][gc,task     ] GC(225) Using 1 workers of 1 for marking
[2024-05-22T11:22:39.661+0000][1][gc,marking  ] GC(225) Concurrent Mark From Roots 82.782ms
[2024-05-22T11:22:39.661+0000][1][gc,marking  ] GC(225) Concurrent Preclean
[2024-05-22T11:22:39.662+0000][1][gc,marking  ] GC(225) Concurrent Preclean 0.247ms
[2024-05-22T11:22:39.662+0000][1][gc,start    ] GC(225) Pause Remark
[2024-05-22T11:22:39.672+0000][1][gc          ] GC(225) Pause Remark 145M->145M(1024M) 9.861ms
[2024-05-22T11:22:39.672+0000][1][gc,cpu      ] GC(225) User=0.02s Sys=0.00s Real=0.01s
[2024-05-22T11:22:39.672+0000][1][safepoint   ] Safepoint "G1PauseRemark", Time since last: 96360573 ns, Reaching safepoint: 114380 ns, Cleanup: 7739 ns, At safepoint: 10006666 ns, Total: 10128785 ns
[2024-05-22T11:22:39.672+0000][1][gc,marking  ] GC(225) Concurrent Mark 93.321ms
[2024-05-22T11:22:39.672+0000][1][gc,marking  ] GC(225) Concurrent Rebuild Remembered Sets and Scrub Regions
[2024-05-22T11:22:39.717+0000][1][gc,marking  ] GC(225) Concurrent Rebuild Remembered Sets and Scrub Regions 44.893ms
[2024-05-22T11:22:39.719+0000][1][gc,start    ] GC(225) Pause Cleanup
[2024-05-22T11:22:39.720+0000][1][gc          ] GC(225) Pause Cleanup 175M->175M(1024M) 0.393ms
[2024-05-22T11:22:39.720+0000][1][gc,cpu      ] GC(225) User=0.01s Sys=0.00s Real=0.00s
[2024-05-22T11:22:39.720+0000][1][safepoint   ] Safepoint "G1PauseCleanup", Time since last: 47541840 ns, Reaching safepoint: 26070 ns, Cleanup: 10303 ns, At safepoint: 468630 ns, Total: 505003 ns
[2024-05-22T11:22:39.720+0000][1][gc,marking  ] GC(225) Concurrent Clear Claimed Marks
[2024-05-22T11:22:39.720+0000][1][gc,marking  ] GC(225) Concurrent Clear Claimed Marks 0.134ms
[2024-05-22T11:22:39.720+0000][1][gc,marking  ] GC(225) Concurrent Cleanup for Next Mark
[2024-05-22T11:22:39.725+0000][1][gc,marking  ] GC(225) Concurrent Cleanup for Next Mark 4.816ms
[2024-05-22T11:22:39.725+0000][1][gc          ] GC(225) Concurrent Mark Cycle 159.796ms
[2024-05-22T11:34:24.336+0000][1][gc,start    ] GC(226) Pause Young (Prepare Mixed) (G1 Evacuation Pause)
[2024-05-22T11:34:24.337+0000][1][gc,task     ] GC(226) Using 4 workers of 4 for evacuation
[2024-05-22T11:34:24.337+0000][1][gc,age      ] GC(226) Desired survivor size 40370176 bytes, new threshold 15 (max threshold 15)
[2024-05-22T11:34:24.355+0000][1][gc,phases   ] GC(226)   Pre Evacuate Collection Set: 0.6ms
[2024-05-22T11:34:24.355+0000][1][gc,phases   ] GC(226)   Merge Heap Roots: 0.3ms
[2024-05-22T11:34:24.355+0000][1][gc,phases   ] GC(226)   Evacuate Collection Set: 15.0ms
[2024-05-22T11:34:24.355+0000][1][gc,phases   ] GC(226)   Post Evacuate Collection Set: 2.4ms
[2024-05-22T11:34:24.355+0000][1][gc,phases   ] GC(226)   Other: 0.1ms
[2024-05-22T11:34:24.355+0000][1][gc,age      ] GC(226) Age table with threshold 15 (max threshold 15)
[2024-05-22T11:34:24.355+0000][1][gc,age      ] GC(226) - age   1:    4968656 bytes,    4968656 total
[2024-05-22T11:34:24.355+0000][1][gc,age      ] GC(226) - age   2:     807624 bytes,    5776280 total
[2024-05-22T11:34:24.355+0000][1][gc,age      ] GC(226) - age   3:    1717608 bytes,    7493888 total
[2024-05-22T11:34:24.355+0000][1][gc,age      ] GC(226) - age   4:    1728872 bytes,    9222760 total
[2024-05-22T11:34:24.355+0000][1][gc,age      ] GC(226) - age   5:    1076280 bytes,   10299040 total
[2024-05-22T11:34:24.355+0000][1][gc,age      ] GC(226) - age   6:     332648 bytes,   10631688 total
[2024-05-22T11:34:24.355+0000][1][gc,age      ] GC(226) - age   7:     294168 bytes,   10925856 total
[2024-05-22T11:34:24.355+0000][1][gc,age      ] GC(226) - age   8:     164440 bytes,   11090296 total
[2024-05-22T11:34:24.355+0000][1][gc,age      ] GC(226) - age   9:      95448 bytes,   11185744 total
[2024-05-22T11:34:24.355+0000][1][gc,age      ] GC(226) - age  10:     362576 bytes,   11548320 total
[2024-05-22T11:34:24.355+0000][1][gc,age      ] GC(226) - age  12:     271128 bytes,   11819448 total
[2024-05-22T11:34:24.355+0000][1][gc,age      ] GC(226) - age  13:     292008 bytes,   12111456 total
[2024-05-22T11:34:24.355+0000][1][gc,age      ] GC(226) - age  14:      32688 bytes,   12144144 total
[2024-05-22T11:34:24.355+0000][1][gc,age      ] GC(226) - age  15:     139648 bytes,   12283792 total
[2024-05-22T11:34:24.355+0000][1][gc,heap     ] GC(226) Eden regions: 598->0(601)
[2024-05-22T11:34:24.355+0000][1][gc,heap     ] GC(226) Survivor regions: 16->13(77)
[2024-05-22T11:34:24.355+0000][1][gc,heap     ] GC(226) Old regions: 40->40
[2024-05-22T11:34:24.355+0000][1][gc,heap     ] GC(226) Humongous regions: 3->3
[2024-05-22T11:34:24.355+0000][1][gc,metaspace] GC(226) Metaspace: 99359K(101120K)->99359K(101120K) NonClass: 87332K(88192K)->87332K(88192K) Class: 12026K(12928K)->12026K(12928K)
[2024-05-22T11:34:24.355+0000][1][gc          ] GC(226) Pause Young (Prepare Mixed) (G1 Evacuation Pause) 656M->55M(1024M) 18.784ms
[2024-05-22T11:34:24.355+0000][1][gc,cpu      ] GC(226) User=0.07s Sys=0.00s Real=0.01s
[2024-05-22T11:34:24.355+0000][1][safepoint   ] Safepoint "G1CollectForAllocation", Time since last: 704616682198 ns, Reaching safepoint: 25179 ns, Cleanup: 5866 ns, At safepoint: 18877590 ns, Total: 18908635 ns
[2024-05-22T12:05:35.952+0000][1][safepoint   ] Safepoint "Cleanup", Time since last: 1871596971606 ns, Reaching safepoint: 86504 ns, Cleanup: 9981 ns, At safepoint: 5517 ns, Total: 102002 ns
[2024-05-22T12:05:58.102+0000][1][gc,start    ] GC(227) Pause Young (Mixed) (G1 Evacuation Pause)
[2024-05-22T12:05:58.102+0000][1][gc,task     ] GC(227) Using 4 workers of 4 for evacuation
[2024-05-22T12:05:58.102+0000][1][gc,age      ] GC(227) Desired survivor size 40370176 bytes, new threshold 15 (max threshold 15)
[2024-05-22T12:05:58.147+0000][1][gc,phases   ] GC(227)   Pre Evacuate Collection Set: 0.5ms
[2024-05-22T12:05:58.147+0000][1][gc,phases   ] GC(227)   Merge Heap Roots: 0.2ms
[2024-05-22T12:05:58.147+0000][1][gc,phases   ] GC(227)   Evacuate Collection Set: 42.6ms
[2024-05-22T12:05:58.147+0000][1][gc,phases   ] GC(227)   Post Evacuate Collection Set: 1.5ms
[2024-05-22T12:05:58.147+0000][1][gc,phases   ] GC(227)   Other: 0.1ms
[2024-05-22T12:05:58.147+0000][1][gc,age      ] GC(227) Age table with threshold 15 (max threshold 15)
[2024-05-22T12:05:58.147+0000][1][gc,age      ] GC(227) - age   1:    3045768 bytes,    3045768 total
[2024-05-22T12:05:58.147+0000][1][gc,age      ] GC(227) - age   2:    1414688 bytes,    4460456 total
[2024-05-22T12:05:58.147+0000][1][gc,age      ] GC(227) - age   3:     696488 bytes,    5156944 total
[2024-05-22T12:05:58.147+0000][1][gc,age      ] GC(227) - age   4:    1634072 bytes,    6791016 total
[2024-05-22T12:05:58.147+0000][1][gc,age      ] GC(227) - age   5:    1488120 bytes,    8279136 total
[2024-05-22T12:05:58.147+0000][1][gc,age      ] GC(227) - age   6:     441632 bytes,    8720768 total
[2024-05-22T12:05:58.147+0000][1][gc,age      ] GC(227) - age   7:     331040 bytes,    9051808 total
[2024-05-22T12:05:58.147+0000][1][gc,age      ] GC(227) - age   8:     264392 bytes,    9316200 total
[2024-05-22T12:05:58.147+0000][1][gc,age      ] GC(227) - age   9:      70320 bytes,    9386520 total
[2024-05-22T12:05:58.147+0000][1][gc,age      ] GC(227) - age  10:      94864 bytes,    9481384 total
[2024-05-22T12:05:58.147+0000][1][gc,age      ] GC(227) - age  11:     330592 bytes,    9811976 total
[2024-05-22T12:05:58.147+0000][1][gc,age      ] GC(227) - age  13:     208048 bytes,   10020024 total
[2024-05-22T12:05:58.147+0000][1][gc,age      ] GC(227) - age  14:     206208 bytes,   10226232 total
[2024-05-22T12:05:58.147+0000][1][gc,age      ] GC(227) - age  15:      32688 bytes,   10258920 total
[2024-05-22T12:05:58.147+0000][1][gc,heap     ] GC(227) Eden regions: 601->0(603)
[2024-05-22T12:05:58.147+0000][1][gc,heap     ] GC(227) Survivor regions: 13->11(77)
[2024-05-22T12:05:58.147+0000][1][gc,heap     ] GC(227) Old regions: 40->39
[2024-05-22T12:05:58.147+0000][1][gc,heap     ] GC(227) Humongous regions: 3->3
[2024-05-22T12:05:58.147+0000][1][gc,metaspace] GC(227) Metaspace: 99359K(101120K)->99359K(101120K) NonClass: 87332K(88192K)->87332K(88192K) Class: 12026K(12928K)->12026K(12928K)
[2024-05-22T12:05:58.147+0000][1][gc          ] GC(227) Pause Young (Mixed) (G1 Evacuation Pause) 656M->52M(1024M) 45.323ms
[2024-05-22T12:05:58.147+0000][1][gc,cpu      ] GC(227) User=0.03s Sys=0.00s Real=0.05s
[2024-05-22T12:05:58.147+0000][1][safepoint   ] Safepoint "G1CollectForAllocation", Time since last: 22149273077 ns, Reaching safepoint: 51733 ns, Cleanup: 6607 ns, At safepoint: 45416345 ns, Total: 45474685 ns
[2024-05-22T12:14:24.711+0000][1][safepoint   ] Safepoint "Cleanup", Time since last: 506563374081 ns, Reaching safepoint: 35914 ns, Cleanup: 24468 ns, At safepoint: 68973 ns, Total: 129355 ns
[2024-05-22T12:57:33.867+0000][1][gc,start    ] GC(228) Pause Young (Concurrent Start) (G1 Evacuation Pause)
[2024-05-22T12:57:33.867+0000][1][gc,task     ] GC(228) Using 4 workers of 4 for evacuation
[2024-05-22T12:57:33.867+0000][1][gc,age      ] GC(228) Desired survivor size 40370176 bytes, new threshold 15 (max threshold 15)
[2024-05-22T12:57:33.908+0000][1][gc,phases   ] GC(228)   Pre Evacuate Collection Set: 0.7ms
[2024-05-22T12:57:33.908+0000][1][gc,phases   ] GC(228)   Merge Heap Roots: 0.4ms
[2024-05-22T12:57:33.908+0000][1][gc,phases   ] GC(228)   Evacuate Collection Set: 37.8ms
[2024-05-22T12:57:33.908+0000][1][gc,phases   ] GC(228)   Post Evacuate Collection Set: 1.5ms
[2024-05-22T12:57:33.908+0000][1][gc,phases   ] GC(228)   Other: 0.2ms
[2024-05-22T12:57:33.908+0000][1][gc,age      ] GC(228) Age table with threshold 15 (max threshold 15)
[2024-05-22T12:57:33.908+0000][1][gc,age      ] GC(228) - age   1:    4612248 bytes,    4612248 total
[2024-05-22T12:57:33.908+0000][1][gc,age      ] GC(228) - age   2:    2056024 bytes,    6668272 total
[2024-05-22T12:57:33.908+0000][1][gc,age      ] GC(228) - age   3:    1156744 bytes,    7825016 total
[2024-05-22T12:57:33.908+0000][1][gc,age      ] GC(228) - age   4:     626200 bytes,    8451216 total
[2024-05-22T12:57:33.908+0000][1][gc,age      ] GC(228) - age   5:    1259448 bytes,    9710664 total
[2024-05-22T12:57:33.908+0000][1][gc,age      ] GC(228) - age   6:     467048 bytes,   10177712 total
[2024-05-22T12:57:33.908+0000][1][gc,age      ] GC(228) - age   7:     312968 bytes,   10490680 total
[2024-05-22T12:57:33.908+0000][1][gc,age      ] GC(228) - age   8:     250840 bytes,   10741520 total
[2024-05-22T12:57:33.908+0000][1][gc,age      ] GC(228) - age   9:     143280 bytes,   10884800 total
[2024-05-22T12:57:33.908+0000][1][gc,age      ] GC(228) - age  10:      70320 bytes,   10955120 total
[2024-05-22T12:57:33.908+0000][1][gc,age      ] GC(228) - age  11:      94864 bytes,   11049984 total
[2024-05-22T12:57:33.908+0000][1][gc,age      ] GC(228) - age  12:     330592 bytes,   11380576 total
[2024-05-22T12:57:33.908+0000][1][gc,age      ] GC(228) - age  14:     208048 bytes,   11588624 total
[2024-05-22T12:57:33.908+0000][1][gc,age      ] GC(228) - age  15:     175400 bytes,   11764024 total
[2024-05-22T12:57:33.908+0000][1][gc,heap     ] GC(228) Eden regions: 603->0(602)
[2024-05-22T12:57:33.908+0000][1][gc,heap     ] GC(228) Survivor regions: 11->12(77)
[2024-05-22T12:57:33.908+0000][1][gc,heap     ] GC(228) Old regions: 39->39
[2024-05-22T12:57:33.908+0000][1][gc,heap     ] GC(228) Humongous regions: 3->3
[2024-05-22T12:57:33.908+0000][1][gc,metaspace] GC(228) Metaspace: 99359K(101120K)->99359K(101120K) NonClass: 87332K(88192K)->87332K(88192K) Class: 12026K(12928K)->12026K(12928K)
[2024-05-22T12:57:33.908+0000][1][gc          ] GC(228) Pause Young (Concurrent Start) (G1 Evacuation Pause) 655M->53M(1024M) 41.010ms
[2024-05-22T12:57:33.908+0000][1][gc          ] GC(229) Concurrent Mark Cycle
[2024-05-22T12:57:33.908+0000][1][gc,marking  ] GC(229) Concurrent Scan Root Regions
[2024-05-22T12:57:33.908+0000][1][gc,cpu      ] GC(228) User=0.05s Sys=0.00s Real=0.04s
[2024-05-22T12:57:33.908+0000][1][safepoint   ] Safepoint "G1CollectForAllocation", Time since last: 2589156388706 ns, Reaching safepoint: 32707 ns, Cleanup: 6309 ns, At safepoint: 41144547 ns, Total: 41183563 ns
[2024-05-22T12:57:33.916+0000][1][gc,marking  ] GC(229) Concurrent Scan Root Regions 8.167ms
[2024-05-22T12:57:33.916+0000][1][gc,marking  ] GC(229) Concurrent Mark
[2024-05-22T12:57:33.916+0000][1][gc,marking  ] GC(229) Concurrent Mark From Roots
[2024-05-22T12:57:33.916+0000][1][gc,task     ] GC(229) Using 1 workers of 1 for marking
[2024-05-22T12:57:33.982+0000][1][gc,marking  ] GC(229) Concurrent Mark From Roots 65.838ms
[2024-05-22T12:57:33.982+0000][1][gc,marking  ] GC(229) Concurrent Preclean
[2024-05-22T12:57:33.983+0000][1][gc,marking  ] GC(229) Concurrent Preclean 0.236ms
[2024-05-22T12:57:33.983+0000][1][gc,start    ] GC(229) Pause Remark
[2024-05-22T12:57:33.991+0000][1][gc          ] GC(229) Pause Remark 53M->53M(1024M) 7.899ms
[2024-05-22T12:57:33.991+0000][1][gc,cpu      ] GC(229) User=0.03s Sys=0.00s Real=0.01s
[2024-05-22T12:57:33.991+0000][1][safepoint   ] Safepoint "G1PauseRemark", Time since last: 74449624 ns, Reaching safepoint: 27016 ns, Cleanup: 5183 ns, At safepoint: 8024495 ns, Total: 8056694 ns
[2024-05-22T12:57:33.991+0000][1][gc,marking  ] GC(229) Concurrent Mark 74.361ms
[2024-05-22T12:57:33.991+0000][1][gc,marking  ] GC(229) Concurrent Rebuild Remembered Sets and Scrub Regions
[2024-05-22T12:57:34.018+0000][1][gc,marking  ] GC(229) Concurrent Rebuild Remembered Sets and Scrub Regions 27.226ms
[2024-05-22T12:57:34.018+0000][1][gc,start    ] GC(229) Pause Cleanup
[2024-05-22T12:57:34.019+0000][1][gc          ] GC(229) Pause Cleanup 53M->53M(1024M) 0.270ms
[2024-05-22T12:57:34.019+0000][1][gc,cpu      ] GC(229) User=0.00s Sys=0.00s Real=0.00s
[2024-05-22T12:57:34.019+0000][1][safepoint   ] Safepoint "G1PauseCleanup", Time since last: 27464803 ns, Reaching safepoint: 19970 ns, Cleanup: 4749 ns, At safepoint: 326120 ns, Total: 350839 ns
[2024-05-22T12:57:34.019+0000][1][gc,marking  ] GC(229) Concurrent Clear Claimed Marks
[2024-05-22T12:57:34.019+0000][1][gc,marking  ] GC(229) Concurrent Clear Claimed Marks 0.112ms
[2024-05-22T12:57:34.019+0000][1][gc,marking  ] GC(229) Concurrent Cleanup for Next Mark
[2024-05-22T12:57:34.022+0000][1][gc,marking  ] GC(229) Concurrent Cleanup for Next Mark 3.357ms
[2024-05-22T12:57:34.022+0000][1][gc          ] GC(229) Concurrent Mark Cycle 114.031ms
[2024-05-22T13:10:26.813+0000][1][safepoint   ] Safepoint "Cleanup", Time since last: 772794749922 ns, Reaching safepoint: 101194 ns, Cleanup: 24350 ns, At safepoint: 19190 ns, Total: 144734 ns
[2024-05-22T13:10:55.294+0000][1][safepoint   ] Safepoint "Cleanup", Time since last: 28480051052 ns, Reaching safepoint: 149431 ns, Cleanup: 11266 ns, At safepoint: 5557 ns, Total: 166254 ns
[2024-05-22T13:10:56.335+0000][1][safepoint   ] Safepoint "Cleanup", Time since last: 1041154920 ns, Reaching safepoint: 8337 ns, Cleanup: 10056 ns, At safepoint: 2904 ns, Total: 21297 ns
[2024-05-22T13:10:58.405+0000][1][gc,start    ] GC(230) Pause Young (Prepare Mixed) (G1 Evacuation Pause)
[2024-05-22T13:10:58.405+0000][1][gc,task     ] GC(230) Using 4 workers of 4 for evacuation
[2024-05-22T13:10:58.405+0000][1][gc,age      ] GC(230) Desired survivor size 40370176 bytes, new threshold 15 (max threshold 15)
[2024-05-22T13:10:58.461+0000][1][gc,phases   ] GC(230)   Pre Evacuate Collection Set: 0.5ms
[2024-05-22T13:10:58.461+0000][1][gc,phases   ] GC(230)   Merge Heap Roots: 0.2ms
[2024-05-22T13:10:58.461+0000][1][gc,phases   ] GC(230)   Evacuate Collection Set: 53.8ms
[2024-05-22T13:10:58.461+0000][1][gc,phases   ] GC(230)   Post Evacuate Collection Set: 1.7ms
[2024-05-22T13:10:58.461+0000][1][gc,phases   ] GC(230)   Other: 0.2ms
[2024-05-22T13:10:58.461+0000][1][gc,age      ] GC(230) Age table with threshold 15 (max threshold 15)
[2024-05-22T13:10:58.461+0000][1][gc,age      ] GC(230) - age   1:   13327848 bytes,   13327848 total
[2024-05-22T13:10:58.461+0000][1][gc,age      ] GC(230) - age   2:    1826512 bytes,   15154360 total
[2024-05-22T13:10:58.461+0000][1][gc,age      ] GC(230) - age   3:    1525896 bytes,   16680256 total
[2024-05-22T13:10:58.461+0000][1][gc,age      ] GC(230) - age   4:     693232 bytes,   17373488 total
[2024-05-22T13:10:58.461+0000][1][gc,age      ] GC(230) - age   5:     462736 bytes,   17836224 total
[2024-05-22T13:10:58.461+0000][1][gc,age      ] GC(230) - age   6:     930984 bytes,   18767208 total
[2024-05-22T13:10:58.461+0000][1][gc,age      ] GC(230) - age   7:     405696 bytes,   19172904 total
[2024-05-22T13:10:58.461+0000][1][gc,age      ] GC(230) - age   8:     220416 bytes,   19393320 total
[2024-05-22T13:10:58.461+0000][1][gc,age      ] GC(230) - age   9:     178352 bytes,   19571672 total
[2024-05-22T13:10:58.461+0000][1][gc,age      ] GC(230) - age  10:      81216 bytes,   19652888 total
[2024-05-22T13:10:58.461+0000][1][gc,age      ] GC(230) - age  11:      70240 bytes,   19723128 total
[2024-05-22T13:10:58.461+0000][1][gc,age      ] GC(230) - age  12:      78240 bytes,   19801368 total
[2024-05-22T13:10:58.461+0000][1][gc,age      ] GC(230) - age  13:     255240 bytes,   20056608 total
[2024-05-22T13:10:58.461+0000][1][gc,age      ] GC(230) - age  15:     139624 bytes,   20196232 total
[2024-05-22T13:10:58.461+0000][1][gc,heap     ] GC(230) Eden regions: 602->0(594)
[2024-05-22T13:10:58.461+0000][1][gc,heap     ] GC(230) Survivor regions: 12->20(77)
[2024-05-22T13:10:58.461+0000][1][gc,heap     ] GC(230) Old regions: 39->39
[2024-05-22T13:10:58.461+0000][1][gc,heap     ] GC(230) Humongous regions: 3->3
[2024-05-22T13:10:58.461+0000][1][gc,metaspace] GC(230) Metaspace: 99359K(101120K)->99359K(101120K) NonClass: 87333K(88192K)->87333K(88192K) Class: 12026K(12928K)->12026K(12928K)
[2024-05-22T13:10:58.461+0000][1][gc          ] GC(230) Pause Young (Prepare Mixed) (G1 Evacuation Pause) 655M->62M(1024M) 56.795ms
[2024-05-22T13:10:58.461+0000][1][gc,cpu      ] GC(230) User=0.05s Sys=0.02s Real=0.05s
[2024-05-22T13:10:58.461+0000][1][safepoint   ] Safepoint "G1CollectForAllocation", Time since last: 2069439016 ns, Reaching safepoint: 178274 ns, Cleanup: 26467 ns, At safepoint: 56897498 ns, Total: 57102239 ns
[2024-05-22T13:11:02.462+0000][1][safepoint   ] Safepoint "Cleanup", Time since last: 4000494228 ns, Reaching safepoint: 49718 ns, Cleanup: 17487 ns, At safepoint: 4862 ns, Total: 72067 ns
[2024-05-22T13:11:02.538+0000][1][gc,start    ] GC(231) Pause Young (Mixed) (G1 Evacuation Pause)
[2024-05-22T13:11:02.538+0000][1][gc,task     ] GC(231) Using 4 workers of 4 for evacuation
[2024-05-22T13:11:02.538+0000][1][gc,age      ] GC(231) Desired survivor size 40370176 bytes, new threshold 15 (max threshold 15)
[2024-05-22T13:11:02.581+0000][1][gc,phases   ] GC(231)   Pre Evacuate Collection Set: 0.6ms
[2024-05-22T13:11:02.581+0000][1][gc,phases   ] GC(231)   Merge Heap Roots: 0.2ms
[2024-05-22T13:11:02.582+0000][1][gc,phases   ] GC(231)   Evacuate Collection Set: 40.8ms
[2024-05-22T13:11:02.582+0000][1][gc,phases   ] GC(231)   Post Evacuate Collection Set: 1.4ms
[2024-05-22T13:11:02.582+0000][1][gc,phases   ] GC(231)   Other: 0.1ms
[2024-05-22T13:11:02.582+0000][1][gc,age      ] GC(231) Age table with threshold 15 (max threshold 15)
[2024-05-22T13:11:02.582+0000][1][gc,age      ] GC(231) - age   1:    4016880 bytes,    4016880 total
[2024-05-22T13:11:02.582+0000][1][gc,age      ] GC(231) - age   2:    1593080 bytes,    5609960 total
[2024-05-22T13:11:02.582+0000][1][gc,age      ] GC(231) - age   3:    1825968 bytes,    7435928 total
[2024-05-22T13:11:02.582+0000][1][gc,age      ] GC(231) - age   4:    1518704 bytes,    8954632 total
[2024-05-22T13:11:02.582+0000][1][gc,age      ] GC(231) - age   5:     680664 bytes,    9635296 total
[2024-05-22T13:11:02.582+0000][1][gc,age      ] GC(231) - age   6:     451736 bytes,   10087032 total
[2024-05-22T13:11:02.582+0000][1][gc,age      ] GC(231) - age   7:     925752 bytes,   11012784 total
[2024-05-22T13:11:02.582+0000][1][gc,age      ] GC(231) - age   8:     405632 bytes,   11418416 total
[2024-05-22T13:11:02.582+0000][1][gc,age      ] GC(231) - age   9:     220416 bytes,   11638832 total
[2024-05-22T13:11:02.582+0000][1][gc,age      ] GC(231) - age  10:     175712 bytes,   11814544 total
[2024-05-22T13:11:02.582+0000][1][gc,age      ] GC(231) - age  11:      81216 bytes,   11895760 total
[2024-05-22T13:11:02.582+0000][1][gc,age      ] GC(231) - age  12:      70240 bytes,   11966000 total
[2024-05-22T13:11:02.582+0000][1][gc,age      ] GC(231) - age  13:      78240 bytes,   12044240 total
[2024-05-22T13:11:02.582+0000][1][gc,age      ] GC(231) - age  14:     255240 bytes,   12299480 total
[2024-05-22T13:11:02.582+0000][1][gc,heap     ] GC(231) Eden regions: 594->0(601)
[2024-05-22T13:11:02.582+0000][1][gc,heap     ] GC(231) Survivor regions: 20->13(77)
[2024-05-22T13:11:02.582+0000][1][gc,heap     ] GC(231) Old regions: 39->39
[2024-05-22T13:11:02.582+0000][1][gc,heap     ] GC(231) Humongous regions: 3->3
[2024-05-22T13:11:02.582+0000][1][gc,metaspace] GC(231) Metaspace: 99360K(101120K)->99360K(101120K) NonClass: 87334K(88192K)->87334K(88192K) Class: 12026K(12928K)->12026K(12928K)
[2024-05-22T13:11:02.582+0000][1][gc          ] GC(231) Pause Young (Mixed) (G1 Evacuation Pause) 656M->54M(1024M) 43.514ms
[2024-05-22T13:11:02.582+0000][1][gc,cpu      ] GC(231) User=0.04s Sys=0.00s Real=0.04s
[2024-05-22T13:11:02.582+0000][1][safepoint   ] Safepoint "G1CollectForAllocation", Time since last: 76228923 ns, Reaching safepoint: 29622 ns, Cleanup: 8979 ns, At safepoint: 43609496 ns, Total: 43648097 ns
[2024-05-22T13:11:03.618+0000][1][safepoint   ] Safepoint "Cleanup", Time since last: 1035711773 ns, Reaching safepoint: 101342 ns, Cleanup: 16464 ns, At safepoint: 5769 ns, Total: 123575 ns
[2024-05-22T13:11:08.731+0000][1][gc,start    ] GC(232) Pause Young (Concurrent Start) (G1 Evacuation Pause)
[2024-05-22T13:11:08.731+0000][1][gc,task     ] GC(232) Using 4 workers of 4 for evacuation
[2024-05-22T13:11:08.731+0000][1][gc,age      ] GC(232) Desired survivor size 40370176 bytes, new threshold 15 (max threshold 15)
[2024-05-22T13:11:08.754+0000][1][gc,phases   ] GC(232)   Pre Evacuate Collection Set: 0.6ms
[2024-05-22T13:11:08.754+0000][1][gc,phases   ] GC(232)   Merge Heap Roots: 0.2ms
[2024-05-22T13:11:08.754+0000][1][gc,phases   ] GC(232)   Evacuate Collection Set: 17.0ms
[2024-05-22T13:11:08.754+0000][1][gc,phases   ] GC(232)   Post Evacuate Collection Set: 4.7ms
[2024-05-22T13:11:08.754+0000][1][gc,phases   ] GC(232)   Other: 0.2ms
[2024-05-22T13:11:08.754+0000][1][gc,age      ] GC(232) Age table with threshold 15 (max threshold 15)
[2024-05-22T13:11:08.754+0000][1][gc,age      ] GC(232) - age   1:    2652992 bytes,    2652992 total
[2024-05-22T13:11:08.754+0000][1][gc,age      ] GC(232) - age   2:      46312 bytes,    2699304 total
[2024-05-22T13:11:08.754+0000][1][gc,age      ] GC(232) - age   3:    1513696 bytes,    4213000 total
[2024-05-22T13:11:08.754+0000][1][gc,age      ] GC(232) - age   4:    1825152 bytes,    6038152 total
[2024-05-22T13:11:08.754+0000][1][gc,age      ] GC(232) - age   5:    1486640 bytes,    7524792 total
[2024-05-22T13:11:08.754+0000][1][gc,age      ] GC(232) - age   6:     677736 bytes,    8202528 total
[2024-05-22T13:11:08.754+0000][1][gc,age      ] GC(232) - age   7:     419944 bytes,    8622472 total
[2024-05-22T13:11:08.754+0000][1][gc,age      ] GC(232) - age   8:     919576 bytes,    9542048 total
[2024-05-22T13:11:08.754+0000][1][gc,age      ] GC(232) - age   9:     405632 bytes,    9947680 total
[2024-05-22T13:11:08.754+0000][1][gc,age      ] GC(232) - age  10:     220416 bytes,   10168096 total
[2024-05-22T13:11:08.754+0000][1][gc,age      ] GC(232) - age  11:     173072 bytes,   10341168 total
[2024-05-22T13:11:08.754+0000][1][gc,age      ] GC(232) - age  12:      81216 bytes,   10422384 total
[2024-05-22T13:11:08.754+0000][1][gc,age      ] GC(232) - age  13:      70240 bytes,   10492624 total
[2024-05-22T13:11:08.754+0000][1][gc,age      ] GC(232) - age  14:      78240 bytes,   10570864 total
[2024-05-22T13:11:08.754+0000][1][gc,age      ] GC(232) - age  15:     194776 bytes,   10765640 total
[2024-05-22T13:11:08.754+0000][1][gc,heap     ] GC(232) Eden regions: 601->0(602)
[2024-05-22T13:11:08.754+0000][1][gc,heap     ] GC(232) Survivor regions: 13->12(77)
[2024-05-22T13:11:08.754+0000][1][gc,heap     ] GC(232) Old regions: 39->39
[2024-05-22T13:11:08.754+0000][1][gc,heap     ] GC(232) Humongous regions: 3->3
[2024-05-22T13:11:08.754+0000][1][gc,metaspace] GC(232) Metaspace: 99360K(101120K)->99360K(101120K) NonClass: 87334K(88192K)->87334K(88192K) Class: 12026K(12928K)->12026K(12928K)
[2024-05-22T13:11:08.754+0000][1][gc          ] GC(232) Pause Young (Concurrent Start) (G1 Evacuation Pause) 655M->52M(1024M) 23.179ms
[2024-05-22T13:11:08.754+0000][1][gc          ] GC(233) Concurrent Mark Cycle
[2024-05-22T13:11:08.755+0000][1][gc,marking  ] GC(233) Concurrent Scan Root Regions
[2024-05-22T13:11:08.755+0000][1][gc,cpu      ] GC(232) User=0.03s Sys=0.00s Real=0.02s
[2024-05-22T13:11:08.756+0000][1][safepoint   ] Safepoint "G1CollectForAllocation", Time since last: 5113531703 ns, Reaching safepoint: 36127 ns, Cleanup: 17978 ns, At safepoint: 24565953 ns, Total: 24620058 ns
[2024-05-22T13:11:08.769+0000][1][gc,marking  ] GC(233) Concurrent Scan Root Regions 14.088ms
[2024-05-22T13:11:08.769+0000][1][gc,marking  ] GC(233) Concurrent Mark
[2024-05-22T13:11:08.769+0000][1][gc,marking  ] GC(233) Concurrent Mark From Roots
[2024-05-22T13:11:08.769+0000][1][gc,task     ] GC(233) Using 1 workers of 1 for marking
[2024-05-22T13:11:08.838+0000][1][gc,marking  ] GC(233) Concurrent Mark From Roots 69.184ms
[2024-05-22T13:11:08.838+0000][1][gc,marking  ] GC(233) Concurrent Preclean
[2024-05-22T13:11:08.838+0000][1][gc,marking  ] GC(233) Concurrent Preclean 0.234ms
[2024-05-22T13:11:08.838+0000][1][gc,start    ] GC(233) Pause Remark
[2024-05-22T13:11:08.845+0000][1][gc          ] GC(233) Pause Remark 69M->69M(1024M) 7.056ms
[2024-05-22T13:11:08.845+0000][1][gc,cpu      ] GC(233) User=0.02s Sys=0.00s Real=0.01s
[2024-05-22T13:11:08.846+0000][1][safepoint   ] Safepoint "G1PauseRemark", Time since last: 82416001 ns, Reaching safepoint: 101193 ns, Cleanup: 5298 ns, At safepoint: 7181523 ns, Total: 7288014 ns
[2024-05-22T13:11:08.846+0000][1][gc,marking  ] GC(233) Concurrent Mark 76.872ms
[2024-05-22T13:11:08.846+0000][1][gc,marking  ] GC(233) Concurrent Rebuild Remembered Sets and Scrub Regions
[2024-05-22T13:11:08.875+0000][1][gc,marking  ] GC(233) Concurrent Rebuild Remembered Sets and Scrub Regions 29.138ms
[2024-05-22T13:11:08.875+0000][1][gc,start    ] GC(233) Pause Cleanup
[2024-05-22T13:11:08.875+0000][1][gc          ] GC(233) Pause Cleanup 76M->76M(1024M) 0.197ms
[2024-05-22T13:11:08.875+0000][1][gc,cpu      ] GC(233) User=0.00s Sys=0.00s Real=0.00s
[2024-05-22T13:11:08.875+0000][1][safepoint   ] Safepoint "G1PauseCleanup", Time since last: 29301461 ns, Reaching safepoint: 94613 ns, Cleanup: 5703 ns, At safepoint: 254614 ns, Total: 354930 ns
[2024-05-22T13:11:08.875+0000][1][gc,marking  ] GC(233) Concurrent Clear Claimed Marks
[2024-05-22T13:11:08.875+0000][1][gc,marking  ] GC(233) Concurrent Clear Claimed Marks 0.120ms
[2024-05-22T13:11:08.875+0000][1][gc,marking  ] GC(233) Concurrent Cleanup for Next Mark
[2024-05-22T13:11:08.879+0000][1][gc,marking  ] GC(233) Concurrent Cleanup for Next Mark 3.766ms
[2024-05-22T13:11:08.879+0000][1][gc          ] GC(233) Concurrent Mark Cycle 124.697ms
[2024-05-22T13:11:18.437+0000][1][gc,start    ] GC(234) Pause Young (Prepare Mixed) (G1 Evacuation Pause)
[2024-05-22T13:11:18.437+0000][1][gc,task     ] GC(234) Using 4 workers of 4 for evacuation
[2024-05-22T13:11:18.437+0000][1][gc,age      ] GC(234) Desired survivor size 40370176 bytes, new threshold 15 (max threshold 15)
[2024-05-22T13:11:18.451+0000][1][gc,phases   ] GC(234)   Pre Evacuate Collection Set: 0.6ms
[2024-05-22T13:11:18.451+0000][1][gc,phases   ] GC(234)   Merge Heap Roots: 0.2ms
[2024-05-22T13:11:18.451+0000][1][gc,phases   ] GC(234)   Evacuate Collection Set: 11.6ms
[2024-05-22T13:11:18.451+0000][1][gc,phases   ] GC(234)   Post Evacuate Collection Set: 1.4ms
[2024-05-22T13:11:18.451+0000][1][gc,phases   ] GC(234)   Other: 0.1ms
[2024-05-22T13:11:18.451+0000][1][gc,age      ] GC(234) Age table with threshold 15 (max threshold 15)
[2024-05-22T13:11:18.451+0000][1][gc,age      ] GC(234) - age   1:    9716976 bytes,    9716976 total
[2024-05-22T13:11:18.451+0000][1][gc,age      ] GC(234) - age   2:     157192 bytes,    9874168 total
[2024-05-22T13:11:18.451+0000][1][gc,age      ] GC(234) - age   3:      35992 bytes,    9910160 total
[2024-05-22T13:11:18.451+0000][1][gc,age      ] GC(234) - age   4:    1486152 bytes,   11396312 total
[2024-05-22T13:11:18.451+0000][1][gc,age      ] GC(234) - age   5:    1824832 bytes,   13221144 total
[2024-05-22T13:11:18.451+0000][1][gc,age      ] GC(234) - age   6:    1484008 bytes,   14705152 total
[2024-05-22T13:11:18.451+0000][1][gc,age      ] GC(234) - age   7:     677400 bytes,   15382552 total
[2024-05-22T13:11:18.451+0000][1][gc,age      ] GC(234) - age   8:     419944 bytes,   15802496 total
[2024-05-22T13:11:18.451+0000][1][gc,age      ] GC(234) - age   9:     912344 bytes,   16714840 total
[2024-05-22T13:11:18.451+0000][1][gc,age      ] GC(234) - age  10:     405632 bytes,   17120472 total
[2024-05-22T13:11:18.451+0000][1][gc,age      ] GC(234) - age  11:     220416 bytes,   17340888 total
[2024-05-22T13:11:18.451+0000][1][gc,age      ] GC(234) - age  12:     170256 bytes,   17511144 total
[2024-05-22T13:11:18.451+0000][1][gc,age      ] GC(234) - age  13:      78744 bytes,   17589888 total
[2024-05-22T13:11:18.451+0000][1][gc,age      ] GC(234) - age  14:      70240 bytes,   17660128 total
[2024-05-22T13:11:18.451+0000][1][gc,age      ] GC(234) - age  15:      78240 bytes,   17738368 total
[2024-05-22T13:11:18.451+0000][1][gc,heap     ] GC(234) Eden regions: 602->0(596)
[2024-05-22T13:11:18.451+0000][1][gc,heap     ] GC(234) Survivor regions: 12->18(77)
[2024-05-22T13:11:18.451+0000][1][gc,heap     ] GC(234) Old regions: 39->39
[2024-05-22T13:11:18.451+0000][1][gc,heap     ] GC(234) Humongous regions: 3->3
[2024-05-22T13:11:18.451+0000][1][gc,metaspace] GC(234) Metaspace: 99360K(101120K)->99360K(101120K) NonClass: 87334K(88192K)->87334K(88192K) Class: 12026K(12928K)->12026K(12928K)
[2024-05-22T13:11:18.451+0000][1][gc          ] GC(234) Pause Young (Prepare Mixed) (G1 Evacuation Pause) 654M->59M(1024M) 14.283ms
[2024-05-22T13:11:18.451+0000][1][gc,cpu      ] GC(234) User=0.05s Sys=0.00s Real=0.01s
[2024-05-22T13:11:18.451+0000][1][safepoint   ] Safepoint "G1CollectForAllocation", Time since last: 9561260425 ns, Reaching safepoint: 120231 ns, Cleanup: 6823 ns, At safepoint: 14403011 ns, Total: 14530065 ns
[2024-05-22T13:11:24.437+0000][1][safepoint   ] Safepoint "Cleanup", Time since last: 5986053325 ns, Reaching safepoint: 29593 ns, Cleanup: 20973 ns, At safepoint: 4951 ns, Total: 55517 ns
[2024-05-22T13:11:28.325+0000][1][gc,start    ] GC(235) Pause Young (Mixed) (G1 Evacuation Pause)
[2024-05-22T13:11:28.325+0000][1][gc,task     ] GC(235) Using 4 workers of 4 for evacuation
[2024-05-22T13:11:28.325+0000][1][gc,age      ] GC(235) Desired survivor size 40370176 bytes, new threshold 15 (max threshold 15)
[2024-05-22T13:11:28.360+0000][1][gc,phases   ] GC(235)   Pre Evacuate Collection Set: 0.6ms
[2024-05-22T13:11:28.360+0000][1][gc,phases   ] GC(235)   Merge Heap Roots: 0.1ms
[2024-05-22T13:11:28.360+0000][1][gc,phases   ] GC(235)   Evacuate Collection Set: 33.5ms
[2024-05-22T13:11:28.360+0000][1][gc,phases   ] GC(235)   Post Evacuate Collection Set: 1.4ms
[2024-05-22T13:11:28.360+0000][1][gc,phases   ] GC(235)   Other: 0.1ms
[2024-05-22T13:11:28.360+0000][1][gc,age      ] GC(235) Age table with threshold 15 (max threshold 15)
[2024-05-22T13:11:28.360+0000][1][gc,age      ] GC(235) - age   1:    3850512 bytes,    3850512 total
[2024-05-22T13:11:28.361+0000][1][gc,age      ] GC(235) - age   2:     107360 bytes,    3957872 total
[2024-05-22T13:11:28.361+0000][1][gc,age      ] GC(235) - age   3:     134232 bytes,    4092104 total
[2024-05-22T13:11:28.361+0000][1][gc,age      ] GC(235) - age   4:      23192 bytes,    4115296 total
[2024-05-22T13:11:28.361+0000][1][gc,age      ] GC(235) - age   5:    1453736 bytes,    5569032 total
[2024-05-22T13:11:28.361+0000][1][gc,age      ] GC(235) - age   6:    1824512 bytes,    7393544 total
[2024-05-22T13:11:28.361+0000][1][gc,age      ] GC(235) - age   7:    1482496 bytes,    8876040 total
[2024-05-22T13:11:28.361+0000][1][gc,age      ] GC(235) - age   8:     677224 bytes,    9553264 total
[2024-05-22T13:11:28.361+0000][1][gc,age      ] GC(235) - age   9:     418600 bytes,    9971864 total
[2024-05-22T13:11:28.361+0000][1][gc,age      ] GC(235) - age  10:     904040 bytes,   10875904 total
[2024-05-22T13:11:28.361+0000][1][gc,age      ] GC(235) - age  11:     405632 bytes,   11281536 total
[2024-05-22T13:11:28.361+0000][1][gc,age      ] GC(235) - age  12:     220416 bytes,   11501952 total
[2024-05-22T13:11:28.361+0000][1][gc,age      ] GC(235) - age  13:     167000 bytes,   11668952 total
[2024-05-22T13:11:28.361+0000][1][gc,age      ] GC(235) - age  14:      78744 bytes,   11747696 total
[2024-05-22T13:11:28.361+0000][1][gc,age      ] GC(235) - age  15:      70240 bytes,   11817936 total
[2024-05-22T13:11:28.361+0000][1][gc,heap     ] GC(235) Eden regions: 596->0(602)
[2024-05-22T13:11:28.361+0000][1][gc,heap     ] GC(235) Survivor regions: 18->12(77)
[2024-05-22T13:11:28.361+0000][1][gc,heap     ] GC(235) Old regions: 39->39
[2024-05-22T13:11:28.361+0000][1][gc,heap     ] GC(235) Humongous regions: 3->3
[2024-05-22T13:11:28.361+0000][1][gc,metaspace] GC(235) Metaspace: 99360K(101120K)->99360K(101120K) NonClass: 87334K(88192K)->87334K(88192K) Class: 12026K(12928K)->12026K(12928K)
[2024-05-22T13:11:28.361+0000][1][gc          ] GC(235) Pause Young (Mixed) (G1 Evacuation Pause) 655M->53M(1024M) 36.115ms
[2024-05-22T13:11:28.361+0000][1][gc,cpu      ] GC(235) User=0.04s Sys=0.01s Real=0.03s
[2024-05-22T13:11:28.361+0000][1][safepoint   ] Safepoint "G1CollectForAllocation", Time since last: 3887332856 ns, Reaching safepoint: 136276 ns, Cleanup: 6681 ns, At safepoint: 36221440 ns, Total: 36364397 ns
[2024-05-22T13:11:29.361+0000][1][safepoint   ] Safepoint "Cleanup", Time since last: 1000252597 ns, Reaching safepoint: 55260 ns, Cleanup: 34003 ns, At safepoint: 14727 ns, Total: 103990 ns
[2024-05-22T13:11:30.361+0000][1][safepoint   ] Safepoint "Cleanup", Time since last: 1000295967 ns, Reaching safepoint: 29297 ns, Cleanup: 20219 ns, At safepoint: 5171 ns, Total: 54687 ns
[2024-05-22T13:11:33.476+0000][1][safepoint   ] Safepoint "Cleanup", Time since last: 3114226478 ns, Reaching safepoint: 100810 ns, Cleanup: 14802 ns, At safepoint: 18351 ns, Total: 133963 ns
[2024-05-22T13:11:34.964+0000][1][gc,start    ] GC(236) Pause Young (Concurrent Start) (G1 Evacuation Pause)
[2024-05-22T13:11:34.964+0000][1][gc,task     ] GC(236) Using 4 workers of 4 for evacuation
[2024-05-22T13:11:34.964+0000][1][gc,age      ] GC(236) Desired survivor size 40370176 bytes, new threshold 15 (max threshold 15)
[2024-05-22T13:11:34.975+0000][1][gc,phases   ] GC(236)   Pre Evacuate Collection Set: 0.6ms
[2024-05-22T13:11:34.975+0000][1][gc,phases   ] GC(236)   Merge Heap Roots: 0.2ms
[2024-05-22T13:11:34.975+0000][1][gc,phases   ] GC(236)   Evacuate Collection Set: 8.3ms
[2024-05-22T13:11:34.975+0000][1][gc,phases   ] GC(236)   Post Evacuate Collection Set: 1.5ms
[2024-05-22T13:11:34.975+0000][1][gc,phases   ] GC(236)   Other: 0.2ms
[2024-05-22T13:11:34.975+0000][1][gc,age      ] GC(236) Age table with threshold 15 (max threshold 15)
[2024-05-22T13:11:34.975+0000][1][gc,age      ] GC(236) - age   1:    1916640 bytes,    1916640 total
[2024-05-22T13:11:34.975+0000][1][gc,age      ] GC(236) - age   2:     205192 bytes,    2121832 total
[2024-05-22T13:11:34.975+0000][1][gc,age      ] GC(236) - age   3:     101264 bytes,    2223096 total
[2024-05-22T13:11:34.975+0000][1][gc,age      ] GC(236) - age   4:     133288 bytes,    2356384 total
[2024-05-22T13:11:34.975+0000][1][gc,age      ] GC(236) - age   5:      22104 bytes,    2378488 total
[2024-05-22T13:11:34.975+0000][1][gc,age      ] GC(236) - age   6:    1443000 bytes,    3821488 total
[2024-05-22T13:11:34.975+0000][1][gc,age      ] GC(236) - age   7:    1823928 bytes,    5645416 total
[2024-05-22T13:11:34.975+0000][1][gc,age      ] GC(236) - age   8:    1482496 bytes,    7127912 total
[2024-05-22T13:11:34.975+0000][1][gc,age      ] GC(236) - age   9:     677224 bytes,    7805136 total
[2024-05-22T13:11:34.975+0000][1][gc,age      ] GC(236) - age  10:     417000 bytes,    8222136 total
[2024-05-22T13:11:34.975+0000][1][gc,age      ] GC(236) - age  11:     897760 bytes,    9119896 total
[2024-05-22T13:11:34.975+0000][1][gc,age      ] GC(236) - age  12:     405632 bytes,    9525528 total
[2024-05-22T13:11:34.975+0000][1][gc,age      ] GC(236) - age  13:     220416 bytes,    9745944 total
[2024-05-22T13:11:34.975+0000][1][gc,age      ] GC(236) - age  14:     164360 bytes,    9910304 total
[2024-05-22T13:11:34.975+0000][1][gc,age      ] GC(236) - age  15:      78744 bytes,    9989048 total
[2024-05-22T13:11:34.975+0000][1][gc,heap     ] GC(236) Eden regions: 602->0(603)
[2024-05-22T13:11:34.975+0000][1][gc,heap     ] GC(236) Survivor regions: 12->11(77)
[2024-05-22T13:11:34.975+0000][1][gc,heap     ] GC(236) Old regions: 39->39
[2024-05-22T13:11:34.975+0000][1][gc,heap     ] GC(236) Humongous regions: 3->3
[2024-05-22T13:11:34.975+0000][1][gc,metaspace] GC(236) Metaspace: 99360K(101120K)->99360K(101120K) NonClass: 87334K(88192K)->87334K(88192K) Class: 12026K(12928K)->12026K(12928K)
[2024-05-22T13:11:34.975+0000][1][gc          ] GC(236) Pause Young (Concurrent Start) (G1 Evacuation Pause) 655M->51M(1024M) 11.248ms
[2024-05-22T13:11:34.975+0000][1][gc          ] GC(237) Concurrent Mark Cycle
[2024-05-22T13:11:34.975+0000][1][gc,marking  ] GC(237) Concurrent Scan Root Regions
[2024-05-22T13:11:34.975+0000][1][gc,cpu      ] GC(236) User=0.04s Sys=0.00s Real=0.00s
[2024-05-22T13:11:34.975+0000][1][safepoint   ] Safepoint "G1CollectForAllocation", Time since last: 1487744521 ns, Reaching safepoint: 262762 ns, Cleanup: 7087 ns, At safepoint: 11426159 ns, Total: 11696008 ns
[2024-05-22T13:11:34.985+0000][1][gc,marking  ] GC(237) Concurrent Scan Root Regions 9.814ms
[2024-05-22T13:11:34.985+0000][1][gc,marking  ] GC(237) Concurrent Mark
[2024-05-22T13:11:34.985+0000][1][gc,marking  ] GC(237) Concurrent Mark From Roots
[2024-05-22T13:11:34.985+0000][1][gc,task     ] GC(237) Using 1 workers of 1 for marking
[2024-05-22T13:11:35.057+0000][1][gc,marking  ] GC(237) Concurrent Mark From Roots 71.912ms
[2024-05-22T13:11:35.057+0000][1][gc,marking  ] GC(237) Concurrent Preclean
[2024-05-22T13:11:35.057+0000][1][gc,marking  ] GC(237) Concurrent Preclean 0.288ms
[2024-05-22T13:11:35.058+0000][1][gc,start    ] GC(237) Pause Remark
[2024-05-22T13:11:35.100+0000][1][gc          ] GC(237) Pause Remark 80M->80M(1024M) 41.919ms
[2024-05-22T13:11:35.100+0000][1][gc,cpu      ] GC(237) User=0.02s Sys=0.00s Real=0.04s
[2024-05-22T13:11:35.100+0000][1][safepoint   ] Safepoint "G1PauseRemark", Time since last: 82488809 ns, Reaching safepoint: 121145 ns, Cleanup: 5646 ns, At safepoint: 42048467 ns, Total: 42175258 ns
[2024-05-22T13:11:35.100+0000][1][gc,marking  ] GC(237) Concurrent Mark 114.898ms
[2024-05-22T13:11:35.100+0000][1][gc,marking  ] GC(237) Concurrent Rebuild Remembered Sets and Scrub Regions
[2024-05-22T13:11:35.132+0000][1][gc,marking  ] GC(237) Concurrent Rebuild Remembered Sets and Scrub Regions 31.504ms
[2024-05-22T13:11:35.132+0000][1][gc,start    ] GC(237) Pause Cleanup
[2024-05-22T13:11:35.132+0000][1][gc          ] GC(237) Pause Cleanup 115M->115M(1024M) 0.268ms
[2024-05-22T13:11:35.132+0000][1][gc,cpu      ] GC(237) User=0.00s Sys=0.00s Real=0.00s
[2024-05-22T13:11:35.132+0000][1][safepoint   ] Safepoint "G1PauseCleanup", Time since last: 31676600 ns, Reaching safepoint: 91826 ns, Cleanup: 5761 ns, At safepoint: 330152 ns, Total: 427739 ns
[2024-05-22T13:11:35.132+0000][1][gc,marking  ] GC(237) Concurrent Clear Claimed Marks
[2024-05-22T13:11:35.132+0000][1][gc,marking  ] GC(237) Concurrent Clear Claimed Marks 0.118ms
[2024-05-22T13:11:35.132+0000][1][gc,marking  ] GC(237) Concurrent Cleanup for Next Mark
[2024-05-22T13:11:35.136+0000][1][gc,marking  ] GC(237) Concurrent Cleanup for Next Mark 3.492ms
[2024-05-22T13:11:35.136+0000][1][gc          ] GC(237) Concurrent Mark Cycle 160.621ms
[2024-05-22T13:11:43.532+0000][1][gc,start    ] GC(238) Pause Young (Prepare Mixed) (G1 Evacuation Pause)
[2024-05-22T13:11:43.532+0000][1][gc,task     ] GC(238) Using 4 workers of 4 for evacuation
[2024-05-22T13:11:43.532+0000][1][gc,age      ] GC(238) Desired survivor size 40370176 bytes, new threshold 15 (max threshold 15)
[2024-05-22T13:11:43.562+0000][1][gc,phases   ] GC(238)   Pre Evacuate Collection Set: 0.8ms
[2024-05-22T13:11:43.562+0000][1][gc,phases   ] GC(238)   Merge Heap Roots: 0.3ms
[2024-05-22T13:11:43.562+0000][1][gc,phases   ] GC(238)   Evacuate Collection Set: 26.3ms
[2024-05-22T13:11:43.562+0000][1][gc,phases   ] GC(238)   Post Evacuate Collection Set: 2.6ms
[2024-05-22T13:11:43.562+0000][1][gc,phases   ] GC(238)   Other: 0.1ms
[2024-05-22T13:11:43.562+0000][1][gc,age      ] GC(238) Age table with threshold 15 (max threshold 15)
[2024-05-22T13:11:43.562+0000][1][gc,age      ] GC(238) - age   1:    8587280 bytes,    8587280 total
[2024-05-22T13:11:43.562+0000][1][gc,age      ] GC(238) - age   2:      67896 bytes,    8655176 total
[2024-05-22T13:11:43.562+0000][1][gc,age      ] GC(238) - age   3:     190544 bytes,    8845720 total
[2024-05-22T13:11:43.562+0000][1][gc,age      ] GC(238) - age   4:     100936 bytes,    8946656 total
[2024-05-22T13:11:43.562+0000][1][gc,age      ] GC(238) - age   5:     126480 bytes,    9073136 total
[2024-05-22T13:11:43.562+0000][1][gc,age      ] GC(238) - age   6:      21968 bytes,    9095104 total
[2024-05-22T13:11:43.563+0000][1][gc,age      ] GC(238) - age   7:    1393720 bytes,   10488824 total
[2024-05-22T13:11:43.563+0000][1][gc,age      ] GC(238) - age   8:    1793544 bytes,   12282368 total
[2024-05-22T13:11:43.563+0000][1][gc,age      ] GC(238) - age   9:    1482072 bytes,   13764440 total
[2024-05-22T13:11:43.563+0000][1][gc,age      ] GC(238) - age  10:     676608 bytes,   14441048 total
[2024-05-22T13:11:43.563+0000][1][gc,age      ] GC(238) - age  11:     417000 bytes,   14858048 total
[2024-05-22T13:11:43.563+0000][1][gc,age      ] GC(238) - age  12:     890504 bytes,   15748552 total
[2024-05-22T13:11:43.563+0000][1][gc,age      ] GC(238) - age  13:     405632 bytes,   16154184 total
[2024-05-22T13:11:43.563+0000][1][gc,age      ] GC(238) - age  14:     220416 bytes,   16374600 total
[2024-05-22T13:11:43.563+0000][1][gc,age      ] GC(238) - age  15:     161544 bytes,   16536144 total
[2024-05-22T13:11:43.563+0000][1][gc,heap     ] GC(238) Eden regions: 603->0(597)
[2024-05-22T13:11:43.563+0000][1][gc,heap     ] GC(238) Survivor regions: 11->17(77)
[2024-05-22T13:11:43.563+0000][1][gc,heap     ] GC(238) Old regions: 39->39
[2024-05-22T13:11:43.563+0000][1][gc,heap     ] GC(238) Humongous regions: 3->3
[2024-05-22T13:11:43.563+0000][1][gc,metaspace] GC(238) Metaspace: 99360K(101120K)->99360K(101120K) NonClass: 87334K(88192K)->87334K(88192K) Class: 12026K(12928K)->12026K(12928K)
[2024-05-22T13:11:43.563+0000][1][gc          ] GC(238) Pause Young (Prepare Mixed) (G1 Evacuation Pause) 654M->58M(1024M) 30.610ms
[2024-05-22T13:11:43.563+0000][1][gc,cpu      ] GC(238) User=0.05s Sys=0.00s Real=0.03s
[2024-05-22T13:11:43.563+0000][1][safepoint   ] Safepoint "G1CollectForAllocation", Time since last: 8399853893 ns, Reaching safepoint: 115580 ns, Cleanup: 6587 ns, At safepoint: 30741262 ns, Total: 30863429 ns
[2024-05-22T13:11:53.528+0000][1][gc,start    ] GC(239) Pause Young (Mixed) (G1 Evacuation Pause)
[2024-05-22T13:11:53.528+0000][1][gc,task     ] GC(239) Using 4 workers of 4 for evacuation
[2024-05-22T13:11:53.528+0000][1][gc,age      ] GC(239) Desired survivor size 40370176 bytes, new threshold 15 (max threshold 15)
[2024-05-22T13:11:53.625+0000][1][gc,phases   ] GC(239)   Pre Evacuate Collection Set: 0.4ms
[2024-05-22T13:11:53.625+0000][1][gc,phases   ] GC(239)   Merge Heap Roots: 0.1ms
[2024-05-22T13:11:53.625+0000][1][gc,phases   ] GC(239)   Evacuate Collection Set: 94.4ms
[2024-05-22T13:11:53.625+0000][1][gc,phases   ] GC(239)   Post Evacuate Collection Set: 1.4ms
[2024-05-22T13:11:53.625+0000][1][gc,phases   ] GC(239)   Other: 0.1ms
[2024-05-22T13:11:53.625+0000][1][gc,age      ] GC(239) Age table with threshold 15 (max threshold 15)
[2024-05-22T13:11:53.625+0000][1][gc,age      ] GC(239) - age   1:    7220296 bytes,    7220296 total
[2024-05-22T13:11:53.625+0000][1][gc,age      ] GC(239) - age   2:     249296 bytes,    7469592 total
[2024-05-22T13:11:53.625+0000][1][gc,age      ] GC(239) - age   3:      64728 bytes,    7534320 total
[2024-05-22T13:11:53.625+0000][1][gc,age      ] GC(239) - age   4:     176840 bytes,    7711160 total
[2024-05-22T13:11:53.625+0000][1][gc,age      ] GC(239) - age   5:      89992 bytes,    7801152 total
[2024-05-22T13:11:53.625+0000][1][gc,age      ] GC(239) - age   6:     124552 bytes,    7925704 total
[2024-05-22T13:11:53.625+0000][1][gc,age      ] GC(239) - age   7:      21968 bytes,    7947672 total
[2024-05-22T13:11:53.625+0000][1][gc,age      ] GC(239) - age   8:    1385432 bytes,    9333104 total
[2024-05-22T13:11:53.625+0000][1][gc,age      ] GC(239) - age   9:    1793512 bytes,   11126616 total
[2024-05-22T13:11:53.625+0000][1][gc,age      ] GC(239) - age  10:    1481808 bytes,   12608424 total
[2024-05-22T13:11:53.625+0000][1][gc,age      ] GC(239) - age  11:     673664 bytes,   13282088 total
[2024-05-22T13:11:53.625+0000][1][gc,age      ] GC(239) - age  12:     417000 bytes,   13699088 total
[2024-05-22T13:11:53.625+0000][1][gc,age      ] GC(239) - age  13:     882504 bytes,   14581592 total
[2024-05-22T13:11:53.625+0000][1][gc,age      ] GC(239) - age  14:     405632 bytes,   14987224 total
[2024-05-22T13:11:53.625+0000][1][gc,age      ] GC(239) - age  15:     220416 bytes,   15207640 total
[2024-05-22T13:11:53.625+0000][1][gc,heap     ] GC(239) Eden regions: 597->0(598)
[2024-05-22T13:11:53.625+0000][1][gc,heap     ] GC(239) Survivor regions: 17->16(77)
[2024-05-22T13:11:53.625+0000][1][gc,heap     ] GC(239) Old regions: 39->39
[2024-05-22T13:11:53.625+0000][1][gc,heap     ] GC(239) Humongous regions: 3->3
[2024-05-22T13:11:53.625+0000][1][gc,metaspace] GC(239) Metaspace: 99360K(101120K)->99360K(101120K) NonClass: 87334K(88192K)->87334K(88192K) Class: 12026K(12928K)->12026K(12928K)
[2024-05-22T13:11:53.625+0000][1][gc          ] GC(239) Pause Young (Mixed) (G1 Evacuation Pause) 655M->56M(1024M) 96.812ms
[2024-05-22T13:11:53.625+0000][1][gc,cpu      ] GC(239) User=0.05s Sys=0.00s Real=0.10s
[2024-05-22T13:11:53.625+0000][1][safepoint   ] Safepoint "G1CollectForAllocation", Time since last: 9965121657 ns, Reaching safepoint: 103719 ns, Cleanup: 6396 ns, At safepoint: 96916735 ns, Total: 97026850 ns
[2024-05-22T13:11:59.712+0000][1][gc,start    ] GC(240) Pause Young (Concurrent Start) (G1 Evacuation Pause)
[2024-05-22T13:11:59.712+0000][1][gc,task     ] GC(240) Using 4 workers of 4 for evacuation
[2024-05-22T13:11:59.712+0000][1][gc,age      ] GC(240) Desired survivor size 40370176 bytes, new threshold 15 (max threshold 15)
[2024-05-22T13:11:59.723+0000][1][gc,phases   ] GC(240)   Pre Evacuate Collection Set: 0.8ms
[2024-05-22T13:11:59.723+0000][1][gc,phases   ] GC(240)   Merge Heap Roots: 0.2ms
[2024-05-22T13:11:59.723+0000][1][gc,phases   ] GC(240)   Evacuate Collection Set: 8.1ms
[2024-05-22T13:11:59.723+0000][1][gc,phases   ] GC(240)   Post Evacuate Collection Set: 1.3ms
[2024-05-22T13:11:59.723+0000][1][gc,phases   ] GC(240)   Other: 0.2ms
[2024-05-22T13:11:59.723+0000][1][gc,age      ] GC(240) Age table with threshold 15 (max threshold 15)
[2024-05-22T13:11:59.723+0000][1][gc,age      ] GC(240) - age   1:    4222288 bytes,    4222288 total
[2024-05-22T13:11:59.723+0000][1][gc,age      ] GC(240) - age   2:     157688 bytes,    4379976 total
[2024-05-22T13:11:59.723+0000][1][gc,age      ] GC(240) - age   3:     230344 bytes,    4610320 total
[2024-05-22T13:11:59.723+0000][1][gc,age      ] GC(240) - age   4:      60608 bytes,    4670928 total
[2024-05-22T13:11:59.723+0000][1][gc,age      ] GC(240) - age   5:     170216 bytes,    4841144 total
[2024-05-22T13:11:59.723+0000][1][gc,age      ] GC(240) - age   6:      85288 bytes,    4926432 total
[2024-05-22T13:11:59.723+0000][1][gc,age      ] GC(240) - age   7:     117888 bytes,    5044320 total
[2024-05-22T13:11:59.723+0000][1][gc,age      ] GC(240) - age   8:      21968 bytes,    5066288 total
[2024-05-22T13:11:59.723+0000][1][gc,age      ] GC(240) - age   9:    1384704 bytes,    6450992 total
[2024-05-22T13:11:59.723+0000][1][gc,age      ] GC(240) - age  10:    1793512 bytes,    8244504 total
[2024-05-22T13:11:59.723+0000][1][gc,age      ] GC(240) - age  11:    1481808 bytes,    9726312 total
[2024-05-22T13:11:59.723+0000][1][gc,age      ] GC(240) - age  12:     673664 bytes,   10399976 total
[2024-05-22T13:11:59.723+0000][1][gc,age      ] GC(240) - age  13:     417000 bytes,   10816976 total
[2024-05-22T13:11:59.723+0000][1][gc,age      ] GC(240) - age  14:     875880 bytes,   11692856 total
[2024-05-22T13:11:59.723+0000][1][gc,age      ] GC(240) - age  15:     405632 bytes,   12098488 total
[2024-05-22T13:11:59.723+0000][1][gc,heap     ] GC(240) Eden regions: 598->0(601)
[2024-05-22T13:11:59.723+0000][1][gc,heap     ] GC(240) Survivor regions: 16->13(77)
[2024-05-22T13:11:59.723+0000][1][gc,heap     ] GC(240) Old regions: 39->39
[2024-05-22T13:11:59.723+0000][1][gc,heap     ] GC(240) Humongous regions: 3->3
[2024-05-22T13:11:59.723+0000][1][gc,metaspace] GC(240) Metaspace: 99360K(101120K)->99360K(101120K) NonClass: 87334K(88192K)->87334K(88192K) Class: 12026K(12928K)->12026K(12928K)
[2024-05-22T13:11:59.723+0000][1][gc          ] GC(240) Pause Young (Concurrent Start) (G1 Evacuation Pause) 654M->54M(1024M) 11.039ms
[2024-05-22T13:11:59.723+0000][1][gc          ] GC(241) Concurrent Mark Cycle
[2024-05-22T13:11:59.723+0000][1][gc,marking  ] GC(241) Concurrent Scan Root Regions
[2024-05-22T13:11:59.723+0000][1][gc,cpu      ] GC(240) User=0.03s Sys=0.00s Real=0.01s
[2024-05-22T13:11:59.723+0000][1][safepoint   ] Safepoint "G1CollectForAllocation", Time since last: 6080464332 ns, Reaching safepoint: 6624110 ns, Cleanup: 12501 ns, At safepoint: 11201772 ns, Total: 17838383 ns
[2024-05-22T13:11:59.733+0000][1][gc,marking  ] GC(241) Concurrent Scan Root Regions 9.587ms
[2024-05-22T13:11:59.733+0000][1][gc,marking  ] GC(241) Concurrent Mark
[2024-05-22T13:11:59.733+0000][1][gc,marking  ] GC(241) Concurrent Mark From Roots
[2024-05-22T13:11:59.733+0000][1][gc,task     ] GC(241) Using 1 workers of 1 for marking
[2024-05-22T13:11:59.805+0000][1][gc,marking  ] GC(241) Concurrent Mark From Roots 71.755ms
[2024-05-22T13:11:59.805+0000][1][gc,marking  ] GC(241) Concurrent Preclean
[2024-05-22T13:11:59.805+0000][1][gc,marking  ] GC(241) Concurrent Preclean 0.237ms
[2024-05-22T13:11:59.805+0000][1][gc,start    ] GC(241) Pause Remark
[2024-05-22T13:11:59.820+0000][1][gc          ] GC(241) Pause Remark 76M->76M(1024M) 15.419ms
[2024-05-22T13:11:59.820+0000][1][gc,cpu      ] GC(241) User=0.03s Sys=0.00s Real=0.01s
[2024-05-22T13:11:59.821+0000][1][safepoint   ] Safepoint "G1PauseRemark", Time since last: 81712750 ns, Reaching safepoint: 27236 ns, Cleanup: 5366 ns, At safepoint: 15555305 ns, Total: 15587907 ns
[2024-05-22T13:11:59.831+0000][1][gc,marking  ] GC(241) Concurrent Mark 98.617ms
[2024-05-22T13:11:59.831+0000][1][gc,marking  ] GC(241) Concurrent Rebuild Remembered Sets and Scrub Regions
[2024-05-22T13:11:59.860+0000][1][gc,marking  ] GC(241) Concurrent Rebuild Remembered Sets and Scrub Regions 28.700ms
[2024-05-22T13:11:59.860+0000][1][gc,start    ] GC(241) Pause Cleanup
[2024-05-22T13:11:59.861+0000][1][gc          ] GC(241) Pause Cleanup 76M->76M(1024M) 0.281ms
[2024-05-22T13:11:59.861+0000][1][gc,cpu      ] GC(241) User=0.00s Sys=0.00s Real=0.00s
[2024-05-22T13:11:59.861+0000][1][safepoint   ] Safepoint "G1PauseCleanup", Time since last: 39830894 ns, Reaching safepoint: 21066 ns, Cleanup: 7118 ns, At safepoint: 345811 ns, Total: 373995 ns
[2024-05-22T13:11:59.861+0000][1][gc,marking  ] GC(241) Concurrent Clear Claimed Marks
[2024-05-22T13:11:59.861+0000][1][gc,marking  ] GC(241) Concurrent Clear Claimed Marks 0.119ms
[2024-05-22T13:11:59.861+0000][1][gc,marking  ] GC(241) Concurrent Cleanup for Next Mark
[2024-05-22T13:11:59.865+0000][1][gc,marking  ] GC(241) Concurrent Cleanup for Next Mark 3.688ms
[2024-05-22T13:11:59.865+0000][1][gc          ] GC(241) Concurrent Mark Cycle 141.531ms
[2024-05-22T13:12:03.552+0000][1][safepoint   ] Safepoint "Cleanup", Time since last: 3691023253 ns, Reaching safepoint: 253440 ns, Cleanup: 13208 ns, At safepoint: 11791 ns, Total: 278439 ns
[2024-05-22T13:12:08.670+0000][1][gc,start    ] GC(242) Pause Young (Prepare Mixed) (G1 Evacuation Pause)
[2024-05-22T13:12:08.670+0000][1][gc,task     ] GC(242) Using 4 workers of 4 for evacuation
[2024-05-22T13:12:08.670+0000][1][gc,age      ] GC(242) Desired survivor size 40370176 bytes, new threshold 15 (max threshold 15)
[2024-05-22T13:12:08.709+0000][1][gc,phases   ] GC(242)   Pre Evacuate Collection Set: 1.1ms
[2024-05-22T13:12:08.709+0000][1][gc,phases   ] GC(242)   Merge Heap Roots: 0.4ms
[2024-05-22T13:12:08.709+0000][1][gc,phases   ] GC(242)   Evacuate Collection Set: 35.1ms
[2024-05-22T13:12:08.709+0000][1][gc,phases   ] GC(242)   Post Evacuate Collection Set: 2.4ms
[2024-05-22T13:12:08.709+0000][1][gc,phases   ] GC(242)   Other: 0.1ms
[2024-05-22T13:12:08.709+0000][1][gc,age      ] GC(242) Age table with threshold 15 (max threshold 15)
[2024-05-22T13:12:08.709+0000][1][gc,age      ] GC(242) - age   1:    2977024 bytes,    2977024 total
[2024-05-22T13:12:08.709+0000][1][gc,age      ] GC(242) - age   2:     112184 bytes,    3089208 total
[2024-05-22T13:12:08.709+0000][1][gc,age      ] GC(242) - age   3:      98128 bytes,    3187336 total
[2024-05-22T13:12:08.709+0000][1][gc,age      ] GC(242) - age   4:     220488 bytes,    3407824 total
[2024-05-22T13:12:08.709+0000][1][gc,age      ] GC(242) - age   5:      53168 bytes,    3460992 total
[2024-05-22T13:12:08.709+0000][1][gc,age      ] GC(242) - age   6:     170216 bytes,    3631208 total
[2024-05-22T13:12:08.709+0000][1][gc,age      ] GC(242) - age   7:      47912 bytes,    3679120 total
[2024-05-22T13:12:08.709+0000][1][gc,age      ] GC(242) - age   8:     117424 bytes,    3796544 total
[2024-05-22T13:12:08.709+0000][1][gc,age      ] GC(242) - age   9:      21968 bytes,    3818512 total
[2024-05-22T13:12:08.709+0000][1][gc,age      ] GC(242) - age  10:    1292000 bytes,    5110512 total
[2024-05-22T13:12:08.709+0000][1][gc,age      ] GC(242) - age  11:    1793512 bytes,    6904024 total
[2024-05-22T13:12:08.709+0000][1][gc,age      ] GC(242) - age  12:    1422400 bytes,    8326424 total
[2024-05-22T13:12:08.709+0000][1][gc,age      ] GC(242) - age  13:     673664 bytes,    9000088 total
[2024-05-22T13:12:08.709+0000][1][gc,age      ] GC(242) - age  14:     387400 bytes,    9387488 total
[2024-05-22T13:12:08.709+0000][1][gc,age      ] GC(242) - age  15:     868320 bytes,   10255808 total
[2024-05-22T13:12:08.709+0000][1][gc,heap     ] GC(242) Eden regions: 601->0(604)
[2024-05-22T13:12:08.709+0000][1][gc,heap     ] GC(242) Survivor regions: 13->10(77)
[2024-05-22T13:12:08.709+0000][1][gc,heap     ] GC(242) Old regions: 39->39
[2024-05-22T13:12:08.709+0000][1][gc,heap     ] GC(242) Humongous regions: 3->3
[2024-05-22T13:12:08.709+0000][1][gc,metaspace] GC(242) Metaspace: 99360K(101120K)->99360K(101120K) NonClass: 87334K(88192K)->87334K(88192K) Class: 12026K(12928K)->12026K(12928K)
[2024-05-22T13:12:08.710+0000][1][gc          ] GC(242) Pause Young (Prepare Mixed) (G1 Evacuation Pause) 655M->51M(1024M) 39.484ms
[2024-05-22T13:12:08.710+0000][1][gc,cpu      ] GC(242) User=0.03s Sys=0.00s Real=0.04s
[2024-05-22T13:12:08.710+0000][1][safepoint   ] Safepoint "G1CollectForAllocation", Time since last: 5117798930 ns, Reaching safepoint: 180461 ns, Cleanup: 6767 ns, At safepoint: 39622199 ns, Total: 39809427 ns
[2024-05-22T13:12:18.461+0000][1][gc,start    ] GC(243) Pause Young (Mixed) (G1 Evacuation Pause)
[2024-05-22T13:12:18.461+0000][1][gc,task     ] GC(243) Using 4 workers of 4 for evacuation
[2024-05-22T13:12:18.461+0000][1][gc,age      ] GC(243) Desired survivor size 40370176 bytes, new threshold 15 (max threshold 15)
[2024-05-22T13:12:18.505+0000][1][gc,phases   ] GC(243)   Pre Evacuate Collection Set: 0.5ms
[2024-05-22T13:12:18.505+0000][1][gc,phases   ] GC(243)   Merge Heap Roots: 0.2ms
[2024-05-22T13:12:18.505+0000][1][gc,phases   ] GC(243)   Evacuate Collection Set: 41.5ms
[2024-05-22T13:12:18.505+0000][1][gc,phases   ] GC(243)   Post Evacuate Collection Set: 1.5ms
[2024-05-22T13:12:18.505+0000][1][gc,phases   ] GC(243)   Other: 0.1ms
[2024-05-22T13:12:18.505+0000][1][gc,age      ] GC(243) Age table with threshold 15 (max threshold 15)
[2024-05-22T13:12:18.505+0000][1][gc,age      ] GC(243) - age   1:   10580208 bytes,   10580208 total
[2024-05-22T13:12:18.505+0000][1][gc,age      ] GC(243) - age   2:     124800 bytes,   10705008 total
[2024-05-22T13:12:18.505+0000][1][gc,age      ] GC(243) - age   3:      97544 bytes,   10802552 total
[2024-05-22T13:12:18.505+0000][1][gc,age      ] GC(243) - age   4:      98096 bytes,   10900648 total
[2024-05-22T13:12:18.505+0000][1][gc,age      ] GC(243) - age   5:     199280 bytes,   11099928 total
[2024-05-22T13:12:18.505+0000][1][gc,age      ] GC(243) - age   6:      53136 bytes,   11153064 total
[2024-05-22T13:12:18.505+0000][1][gc,age      ] GC(243) - age   7:     170216 bytes,   11323280 total
[2024-05-22T13:12:18.505+0000][1][gc,age      ] GC(243) - age   8:      47912 bytes,   11371192 total
[2024-05-22T13:12:18.505+0000][1][gc,age      ] GC(243) - age   9:     112376 bytes,   11483568 total
[2024-05-22T13:12:18.505+0000][1][gc,age      ] GC(243) - age  10:      21968 bytes,   11505536 total
[2024-05-22T13:12:18.505+0000][1][gc,age      ] GC(243) - age  11:    1284496 bytes,   12790032 total
[2024-05-22T13:12:18.505+0000][1][gc,age      ] GC(243) - age  12:    1793192 bytes,   14583224 total
[2024-05-22T13:12:18.505+0000][1][gc,age      ] GC(243) - age  13:    1422264 bytes,   16005488 total
[2024-05-22T13:12:18.505+0000][1][gc,age      ] GC(243) - age  14:     673568 bytes,   16679056 total
[2024-05-22T13:12:18.505+0000][1][gc,age      ] GC(243) - age  15:     387400 bytes,   17066456 total
[2024-05-22T13:12:18.505+0000][1][gc,heap     ] GC(243) Eden regions: 604->0(596)
[2024-05-22T13:12:18.505+0000][1][gc,heap     ] GC(243) Survivor regions: 10->18(77)
[2024-05-22T13:12:18.505+0000][1][gc,heap     ] GC(243) Old regions: 39->40
[2024-05-22T13:12:18.505+0000][1][gc,heap     ] GC(243) Humongous regions: 3->3
[2024-05-22T13:12:18.505+0000][1][gc,metaspace] GC(243) Metaspace: 99360K(101120K)->99360K(101120K) NonClass: 87334K(88192K)->87334K(88192K) Class: 12026K(12928K)->12026K(12928K)
[2024-05-22T13:12:18.505+0000][1][gc          ] GC(243) Pause Young (Mixed) (G1 Evacuation Pause) 655M->59M(1024M) 44.162ms
[2024-05-22T13:12:18.505+0000][1][gc,cpu      ] GC(243) User=0.05s Sys=0.00s Real=0.05s
[2024-05-22T13:12:18.505+0000][1][safepoint   ] Safepoint "G1CollectForAllocation", Time since last: 9751028851 ns, Reaching safepoint: 106289 ns, Cleanup: 6157 ns, At safepoint: 44262412 ns, Total: 44374858 ns
[2024-05-22T13:12:20.632+0000][1][safepoint   ] Safepoint "Cleanup", Time since last: 2126812434 ns, Reaching safepoint: 144801 ns, Cleanup: 13569 ns, At safepoint: 22510 ns, Total: 180880 ns
[2024-05-22T13:13:48.357+0000][1][gc,start    ] GC(244) Pause Young (Concurrent Start) (G1 Evacuation Pause)
[2024-05-22T13:13:48.357+0000][1][gc,task     ] GC(244) Using 4 workers of 4 for evacuation
[2024-05-22T13:13:48.357+0000][1][gc,age      ] GC(244) Desired survivor size 40370176 bytes, new threshold 15 (max threshold 15)
[2024-05-22T13:13:48.389+0000][1][gc,phases   ] GC(244)   Pre Evacuate Collection Set: 0.5ms
[2024-05-22T13:13:48.389+0000][1][gc,phases   ] GC(244)   Merge Heap Roots: 0.1ms
[2024-05-22T13:13:48.389+0000][1][gc,phases   ] GC(244)   Evacuate Collection Set: 29.4ms
[2024-05-22T13:13:48.389+0000][1][gc,phases   ] GC(244)   Post Evacuate Collection Set: 1.4ms
[2024-05-22T13:13:48.389+0000][1][gc,phases   ] GC(244)   Other: 0.2ms
[2024-05-22T13:13:48.389+0000][1][gc,age      ] GC(244) Age table with threshold 15 (max threshold 15)
[2024-05-22T13:13:48.389+0000][1][gc,age      ] GC(244) - age   1:    2856216 bytes,    2856216 total
[2024-05-22T13:13:48.389+0000][1][gc,age      ] GC(244) - age   2:     170480 bytes,    3026696 total
[2024-05-22T13:13:48.389+0000][1][gc,age      ] GC(244) - age   3:     102904 bytes,    3129600 total
[2024-05-22T13:13:48.389+0000][1][gc,age      ] GC(244) - age   4:      92160 bytes,    3221760 total
[2024-05-22T13:13:48.389+0000][1][gc,age      ] GC(244) - age   5:      84168 bytes,    3305928 total
[2024-05-22T13:13:48.389+0000][1][gc,age      ] GC(244) - age   6:     172448 bytes,    3478376 total
[2024-05-22T13:13:48.389+0000][1][gc,age      ] GC(244) - age   7:      40968 bytes,    3519344 total
[2024-05-22T13:13:48.389+0000][1][gc,age      ] GC(244) - age   8:     168376 bytes,    3687720 total
[2024-05-22T13:13:48.389+0000][1][gc,age      ] GC(244) - age   9:      43168 bytes,    3730888 total
[2024-05-22T13:13:48.389+0000][1][gc,age      ] GC(244) - age  10:     112096 bytes,    3842984 total
[2024-05-22T13:13:48.389+0000][1][gc,age      ] GC(244) - age  11:      17864 bytes,    3860848 total
[2024-05-22T13:13:48.389+0000][1][gc,age      ] GC(244) - age  12:    1200704 bytes,    5061552 total
[2024-05-22T13:13:48.389+0000][1][gc,age      ] GC(244) - age  13:    1771096 bytes,    6832648 total
[2024-05-22T13:13:48.389+0000][1][gc,age      ] GC(244) - age  14:    1422000 bytes,    8254648 total
[2024-05-22T13:13:48.389+0000][1][gc,age      ] GC(244) - age  15:     641328 bytes,    8895976 total
[2024-05-22T13:13:48.389+0000][1][gc,heap     ] GC(244) Eden regions: 596->0(604)
[2024-05-22T13:13:48.389+0000][1][gc,heap     ] GC(244) Survivor regions: 18->10(77)
[2024-05-22T13:13:48.389+0000][1][gc,heap     ] GC(244) Old regions: 40->40
[2024-05-22T13:13:48.389+0000][1][gc,heap     ] GC(244) Humongous regions: 3->3
[2024-05-22T13:13:48.389+0000][1][gc,metaspace] GC(244) Metaspace: 99360K(101120K)->99360K(101120K) NonClass: 87334K(88192K)->87334K(88192K) Class: 12026K(12928K)->12026K(12928K)
[2024-05-22T13:13:48.389+0000][1][gc          ] GC(244) Pause Young (Concurrent Start) (G1 Evacuation Pause) 655M->52M(1024M) 32.019ms
[2024-05-22T13:13:48.389+0000][1][gc          ] GC(245) Concurrent Mark Cycle
[2024-05-22T13:13:48.389+0000][1][gc,marking  ] GC(245) Concurrent Scan Root Regions
[2024-05-22T13:13:48.389+0000][1][gc,cpu      ] GC(244) User=0.05s Sys=0.00s Real=0.03s
[2024-05-22T13:13:48.390+0000][1][safepoint   ] Safepoint "G1CollectForAllocation", Time since last: 87725294064 ns, Reaching safepoint: 56115 ns, Cleanup: 6493 ns, At safepoint: 32154386 ns, Total: 32216994 ns
[2024-05-22T13:13:48.397+0000][1][gc,marking  ] GC(245) Concurrent Scan Root Regions 7.372ms
[2024-05-22T13:13:48.397+0000][1][gc,marking  ] GC(245) Concurrent Mark
[2024-05-22T13:13:48.397+0000][1][gc,marking  ] GC(245) Concurrent Mark From Roots
[2024-05-22T13:13:48.397+0000][1][gc,task     ] GC(245) Using 1 workers of 1 for marking
[2024-05-22T13:13:48.464+0000][1][gc,marking  ] GC(245) Concurrent Mark From Roots 66.868ms
[2024-05-22T13:13:48.464+0000][1][gc,marking  ] GC(245) Concurrent Preclean
[2024-05-22T13:13:48.464+0000][1][gc,marking  ] GC(245) Concurrent Preclean 0.231ms
[2024-05-22T13:13:48.464+0000][1][gc,start    ] GC(245) Pause Remark
[2024-05-22T13:13:48.472+0000][1][gc          ] GC(245) Pause Remark 53M->53M(1024M) 7.272ms
[2024-05-22T13:13:48.472+0000][1][gc,cpu      ] GC(245) User=0.02s Sys=0.00s Real=0.00s
[2024-05-22T13:13:48.472+0000][1][safepoint   ] Safepoint "G1PauseRemark", Time since last: 74667610 ns, Reaching safepoint: 27135 ns, Cleanup: 5298 ns, At safepoint: 7433341 ns, Total: 7465774 ns
[2024-05-22T13:13:48.472+0000][1][gc,marking  ] GC(245) Concurrent Mark 74.815ms
[2024-05-22T13:13:48.472+0000][1][gc,marking  ] GC(245) Concurrent Rebuild Remembered Sets and Scrub Regions
[2024-05-22T13:13:48.502+0000][1][gc,marking  ] GC(245) Concurrent Rebuild Remembered Sets and Scrub Regions 29.753ms
[2024-05-22T13:13:48.502+0000][1][gc,start    ] GC(245) Pause Cleanup
[2024-05-22T13:13:48.502+0000][1][gc          ] GC(245) Pause Cleanup 53M->53M(1024M) 0.245ms
[2024-05-22T13:13:48.502+0000][1][gc,cpu      ] GC(245) User=0.00s Sys=0.00s Real=0.00s
[2024-05-22T13:13:48.502+0000][1][safepoint   ] Safepoint "G1PauseCleanup", Time since last: 29943184 ns, Reaching safepoint: 19771 ns, Cleanup: 4694 ns, At safepoint: 305884 ns, Total: 330349 ns
[2024-05-22T13:13:48.502+0000][1][gc,marking  ] GC(245) Concurrent Clear Claimed Marks
[2024-05-22T13:13:48.502+0000][1][gc,marking  ] GC(245) Concurrent Clear Claimed Marks 0.115ms
[2024-05-22T13:13:48.502+0000][1][gc,marking  ] GC(245) Concurrent Cleanup for Next Mark
[2024-05-22T13:13:48.506+0000][1][gc,marking  ] GC(245) Concurrent Cleanup for Next Mark 3.461ms
[2024-05-22T13:13:48.506+0000][1][gc          ] GC(245) Concurrent Mark Cycle 116.202ms
[2024-05-22T13:14:00.504+0000][1][safepoint   ] Safepoint "Cleanup", Time since last: 12002144796 ns, Reaching safepoint: 132891 ns, Cleanup: 16427 ns, At safepoint: 5188 ns, Total: 154506 ns
[2024-05-22T13:14:01.505+0000][1][safepoint   ] Safepoint "Cleanup", Time since last: 1000416742 ns, Reaching safepoint: 43492 ns, Cleanup: 35156 ns, At safepoint: 11005 ns, Total: 89653 ns
[2024-05-22T13:14:05.506+0000][1][safepoint   ] Safepoint "Cleanup", Time since last: 4001484717 ns, Reaching safepoint: 37129 ns, Cleanup: 87650 ns, At safepoint: 7253 ns, Total: 132032 ns
[2024-05-22T13:14:10.507+0000][1][safepoint   ] Safepoint "Cleanup", Time since last: 5001071663 ns, Reaching safepoint: 30045 ns, Cleanup: 27742 ns, At safepoint: 5111 ns, Total: 62898 ns
[2024-05-22T13:14:14.508+0000][1][safepoint   ] Safepoint "Cleanup", Time since last: 4000835040 ns, Reaching safepoint: 37040 ns, Cleanup: 33473 ns, At safepoint: 7802 ns, Total: 78315 ns
[2024-05-22T13:14:15.509+0000][1][safepoint   ] Safepoint "Cleanup", Time since last: 1000322479 ns, Reaching safepoint: 33157 ns, Cleanup: 34244 ns, At safepoint: 5475 ns, Total: 72876 ns
[2024-05-22T13:14:19.510+0000][1][safepoint   ] Safepoint "Cleanup", Time since last: 4001355096 ns, Reaching safepoint: 43634 ns, Cleanup: 44575 ns, At safepoint: 10009 ns, Total: 98218 ns
[2024-05-22T13:14:20.511+0000][1][safepoint   ] Safepoint "Cleanup", Time since last: 1000233062 ns, Reaching safepoint: 43151 ns, Cleanup: 40078 ns, At safepoint: 11641 ns, Total: 94870 ns
[2024-05-22T13:14:24.512+0000][1][safepoint   ] Safepoint "Cleanup", Time since last: 4001159961 ns, Reaching safepoint: 43696 ns, Cleanup: 51278 ns, At safepoint: 10942 ns, Total: 105916 ns
[2024-05-22T13:14:25.512+0000][1][safepoint   ] Safepoint "Cleanup", Time since last: 1000453006 ns, Reaching safepoint: 31487 ns, Cleanup: 24345 ns, At safepoint: 4942 ns, Total: 60774 ns
[2024-05-22T13:14:29.514+0000][1][safepoint   ] Safepoint "Cleanup", Time since last: 4001324185 ns, Reaching safepoint: 37306 ns, Cleanup: 31588 ns, At safepoint: 7570 ns, Total: 76464 ns
[2024-05-22T13:14:30.514+0000][1][safepoint   ] Safepoint "Cleanup", Time since last: 1000446212 ns, Reaching safepoint: 37251 ns, Cleanup: 26619 ns, At safepoint: 9795 ns, Total: 73665 ns
[2024-05-22T13:14:35.516+0000][1][safepoint   ] Safepoint "Cleanup", Time since last: 5001407704 ns, Reaching safepoint: 29586 ns, Cleanup: 47285 ns, At safepoint: 4781 ns, Total: 81652 ns
[2024-05-22T13:14:39.517+0000][1][safepoint   ] Safepoint "Cleanup", Time since last: 4000789102 ns, Reaching safepoint: 31581 ns, Cleanup: 35307 ns, At safepoint: 3841 ns, Total: 70729 ns
[2024-05-22T13:14:40.517+0000][1][safepoint   ] Safepoint "Cleanup", Time since last: 1000380055 ns, Reaching safepoint: 56615 ns, Cleanup: 46546 ns, At safepoint: 9551 ns, Total: 112712 ns
[2024-05-22T13:14:42.518+0000][1][safepoint   ] Safepoint "Cleanup", Time since last: 2000359172 ns, Reaching safepoint: 36276 ns, Cleanup: 21855 ns, At safepoint: 7200 ns, Total: 65331 ns
[2024-05-22T13:14:44.518+0000][1][safepoint   ] Safepoint "Cleanup", Time since last: 2000722481 ns, Reaching safepoint: 57155 ns, Cleanup: 53220 ns, At safepoint: 27890 ns, Total: 138265 ns
[2024-05-22T13:14:45.519+0000][1][safepoint   ] Safepoint "Cleanup", Time since last: 1000567268 ns, Reaching safepoint: 37435 ns, Cleanup: 37166 ns, At safepoint: 7622 ns, Total: 82223 ns
[2024-05-22T13:14:46.520+0000][1][safepoint   ] Safepoint "Cleanup", Time since last: 1000557481 ns, Reaching safepoint: 40765 ns, Cleanup: 46458 ns, At safepoint: 8378 ns, Total: 95601 ns
[2024-05-22T13:14:50.521+0000][1][safepoint   ] Safepoint "Cleanup", Time since last: 4001190976 ns, Reaching safepoint: 33215 ns, Cleanup: 20722 ns, At safepoint: 7241 ns, Total: 61178 ns
[2024-05-22T13:14:51.521+0000][1][safepoint   ] Safepoint "Cleanup", Time since last: 1000426928 ns, Reaching safepoint: 36920 ns, Cleanup: 23213 ns, At safepoint: 8224 ns, Total: 68357 ns
[2024-05-22T13:14:55.523+0000][1][safepoint   ] Safepoint "Cleanup", Time since last: 4001167113 ns, Reaching safepoint: 31341 ns, Cleanup: 23034 ns, At safepoint: 5022 ns, Total: 59397 ns
[2024-05-22T13:14:56.523+0000][1][safepoint   ] Safepoint "Cleanup", Time since last: 1000259453 ns, Reaching safepoint: 31042 ns, Cleanup: 17161 ns, At safepoint: 4481 ns, Total: 52684 ns
[2024-05-22T13:15:00.524+0000][1][safepoint   ] Safepoint "Cleanup", Time since last: 4000935570 ns, Reaching safepoint: 28700 ns, Cleanup: 15482 ns, At safepoint: 4071 ns, Total: 48253 ns
[2024-05-22T13:15:02.525+0000][1][safepoint   ] Safepoint "Cleanup", Time since last: 2000687519 ns, Reaching safepoint: 89862 ns, Cleanup: 33656 ns, At safepoint: 7465 ns, Total: 130983 ns
[2024-05-22T13:15:03.525+0000][1][safepoint   ] Safepoint "Cleanup", Time since last: 1000173882 ns, Reaching safepoint: 27798 ns, Cleanup: 15139 ns, At safepoint: 4595 ns, Total: 47532 ns
[2024-05-22T13:15:04.526+0000][1][safepoint   ] Safepoint "Cleanup", Time since last: 1000415148 ns, Reaching safepoint: 37154 ns, Cleanup: 22789 ns, At safepoint: 9366 ns, Total: 69309 ns
[2024-05-22T13:15:10.527+0000][1][safepoint   ] Safepoint "Cleanup", Time since last: 6001122974 ns, Reaching safepoint: 29526 ns, Cleanup: 17243 ns, At safepoint: 4896 ns, Total: 51665 ns
[2024-05-22T13:15:16.138+0000][1][safepoint   ] Safepoint "Cleanup", Time since last: 5611641583 ns, Reaching safepoint: 37119 ns, Cleanup: 23955 ns, At safepoint: 8558 ns, Total: 69632 ns
[2024-05-22T13:15:26.142+0000][1][safepoint   ] Safepoint "Cleanup", Time since last: 10003178397 ns, Reaching safepoint: 98271 ns, Cleanup: 30223 ns, At safepoint: 8297 ns, Total: 136791 ns
[2024-05-22T13:15:28.143+0000][1][safepoint   ] Safepoint "Cleanup", Time since last: 2000693609 ns, Reaching safepoint: 40616 ns, Cleanup: 50783 ns, At safepoint: 7928 ns, Total: 99327 ns
[2024-05-22T13:15:31.143+0000][1][safepoint   ] Safepoint "Cleanup", Time since last: 3000780592 ns, Reaching safepoint: 33177 ns, Cleanup: 20079 ns, At safepoint: 6570 ns, Total: 59826 ns
[2024-05-22T13:15:41.147+0000][1][safepoint   ] Safepoint "Cleanup", Time since last: 10003270314 ns, Reaching safepoint: 37010 ns, Cleanup: 28532 ns, At safepoint: 9088 ns, Total: 74630 ns
[2024-05-22T13:15:46.148+0000][1][safepoint   ] Safepoint "Cleanup", Time since last: 5001586038 ns, Reaching safepoint: 37227 ns, Cleanup: 33899 ns, At safepoint: 9456 ns, Total: 80582 ns
[2024-05-22T13:15:51.151+0000][1][safepoint   ] Safepoint "Cleanup", Time since last: 5002101132 ns, Reaching safepoint: 93430 ns, Cleanup: 23761 ns, At safepoint: 9059 ns, Total: 126250 ns
[2024-05-22T13:16:01.154+0000][1][safepoint   ] Safepoint "Cleanup", Time since last: 10003519876 ns, Reaching safepoint: 30862 ns, Cleanup: 22048 ns, At safepoint: 5277 ns, Total: 58187 ns
[2024-05-22T13:16:06.156+0000][1][safepoint   ] Safepoint "Cleanup", Time since last: 5001861893 ns, Reaching safepoint: 37267 ns, Cleanup: 22647 ns, At safepoint: 8989 ns, Total: 68903 ns
[2024-05-22T13:16:11.158+0000][1][safepoint   ] Safepoint "Cleanup", Time since last: 5001608355 ns, Reaching safepoint: 34969 ns, Cleanup: 51265 ns, At safepoint: 7096 ns, Total: 93330 ns
[2024-05-22T13:16:36.213+0000][1][safepoint   ] Safepoint "Cleanup", Time since last: 25054791183 ns, Reaching safepoint: 138181 ns, Cleanup: 30264 ns, At safepoint: 10766 ns, Total: 179211 ns
[2024-05-22T13:16:41.214+0000][1][safepoint   ] Safepoint "Cleanup", Time since last: 5001608836 ns, Reaching safepoint: 40756 ns, Cleanup: 23360 ns, At safepoint: 8813 ns, Total: 72929 ns
[2024-05-22T13:16:46.216+0000][1][safepoint   ] Safepoint "Cleanup", Time since last: 5001265185 ns, Reaching safepoint: 40229 ns, Cleanup: 24691 ns, At safepoint: 28341 ns, Total: 93261 ns
[2024-05-22T13:16:51.217+0000][1][safepoint   ] Safepoint "Cleanup", Time since last: 5001563717 ns, Reaching safepoint: 40209 ns, Cleanup: 43932 ns, At safepoint: 7505 ns, Total: 91646 ns
[2024-05-22T13:16:56.219+0000][1][safepoint   ] Safepoint "Cleanup", Time since last: 5001314813 ns, Reaching safepoint: 40547 ns, Cleanup: 24300 ns, At safepoint: 25853 ns, Total: 90700 ns
[2024-05-22T13:17:01.222+0000][1][safepoint   ] Safepoint "Cleanup", Time since last: 5002484778 ns, Reaching safepoint: 117052 ns, Cleanup: 29089 ns, At safepoint: 10847 ns, Total: 156988 ns
[2024-05-22T13:17:02.222+0000][1][safepoint   ] Safepoint "Cleanup", Time since last: 1000477510 ns, Reaching safepoint: 44053 ns, Cleanup: 29024 ns, At safepoint: 10097 ns, Total: 83174 ns
[2024-05-22T13:17:06.223+0000][1][safepoint   ] Safepoint "Cleanup", Time since last: 4000929488 ns, Reaching safepoint: 35165 ns, Cleanup: 21933 ns, At safepoint: 7628 ns, Total: 64726 ns
[2024-05-22T13:17:36.232+0000][1][safepoint   ] Safepoint "Cleanup", Time since last: 30008734342 ns, Reaching safepoint: 30421 ns, Cleanup: 18692 ns, At safepoint: 4966 ns, Total: 54079 ns
[2024-05-22T13:17:48.236+0000][1][safepoint   ] Safepoint "Cleanup", Time since last: 12003940075 ns, Reaching safepoint: 75846 ns, Cleanup: 19733 ns, At safepoint: 4569 ns, Total: 100148 ns
[2024-05-22T13:18:02.240+0000][1][safepoint   ] Safepoint "Cleanup", Time since last: 14004117049 ns, Reaching safepoint: 30308 ns, Cleanup: 20834 ns, At safepoint: 4942 ns, Total: 56084 ns
[2024-05-22T13:18:36.251+0000][1][safepoint   ] Safepoint "Cleanup", Time since last: 34011128835 ns, Reaching safepoint: 37486 ns, Cleanup: 28298 ns, At safepoint: 8385 ns, Total: 74169 ns
[2024-05-22T13:19:00.258+0000][1][safepoint   ] Safepoint "Cleanup", Time since last: 24007023486 ns, Reaching safepoint: 101637 ns, Cleanup: 25658 ns, At safepoint: 9402 ns, Total: 136697 ns
[2024-05-22T13:19:02.259+0000][1][safepoint   ] Safepoint "Cleanup", Time since last: 2000794332 ns, Reaching safepoint: 39969 ns, Cleanup: 27822 ns, At safepoint: 9194 ns, Total: 76985 ns
[2024-05-22T13:19:06.261+0000][1][safepoint   ] Safepoint "Cleanup", Time since last: 4001316091 ns, Reaching safepoint: 35781 ns, Cleanup: 23329 ns, At safepoint: 8328 ns, Total: 67438 ns
[2024-05-22T13:19:12.411+0000][1][safepoint   ] Safepoint "Cleanup", Time since last: 6150250301 ns, Reaching safepoint: 36015 ns, Cleanup: 24371 ns, At safepoint: 7534 ns, Total: 67920 ns
[2024-05-22T13:19:36.418+0000][1][safepoint   ] Safepoint "Cleanup", Time since last: 24007143798 ns, Reaching safepoint: 107061 ns, Cleanup: 24312 ns, At safepoint: 9014 ns, Total: 140387 ns
[2024-05-22T13:19:42.421+0000][1][safepoint   ] Safepoint "Cleanup", Time since last: 6002412657 ns, Reaching safepoint: 37238 ns, Cleanup: 23413 ns, At safepoint: 7677 ns, Total: 68328 ns
[2024-05-22T13:20:03.427+0000][1][safepoint   ] Safepoint "Cleanup", Time since last: 21006507924 ns, Reaching safepoint: 179455 ns, Cleanup: 29303 ns, At safepoint: 8878 ns, Total: 217636 ns
[2024-05-22T13:20:06.428+0000][1][safepoint   ] Safepoint "Cleanup", Time since last: 3000498292 ns, Reaching safepoint: 30188 ns, Cleanup: 19295 ns, At safepoint: 4660 ns, Total: 54143 ns
[2024-05-22T13:20:12.481+0000][1][safepoint   ] Safepoint "Cleanup", Time since last: 6053024047 ns, Reaching safepoint: 37304 ns, Cleanup: 25217 ns, At safepoint: 9950 ns, Total: 72471 ns
[2024-05-22T13:20:17.483+0000][1][safepoint   ] Safepoint "Cleanup", Time since last: 5001789917 ns, Reaching safepoint: 95043 ns, Cleanup: 25368 ns, At safepoint: 16486 ns, Total: 136897 ns
[2024-05-22T13:21:00.496+0000][1][safepoint   ] Safepoint "Cleanup", Time since last: 43012754584 ns, Reaching safepoint: 37378 ns, Cleanup: 23102 ns, At safepoint: 8771 ns, Total: 69251 ns
[2024-05-22T13:21:13.549+0000][1][safepoint   ] Safepoint "Cleanup", Time since last: 13053019910 ns, Reaching safepoint: 48314 ns, Cleanup: 21189 ns, At safepoint: 5126 ns, Total: 74629 ns
[2024-05-22T13:23:04.581+0000][1][safepoint   ] Safepoint "Cleanup", Time since last: 111031675042 ns, Reaching safepoint: 98218 ns, Cleanup: 27308 ns, At safepoint: 8395 ns, Total: 133921 ns
[2024-05-22T13:24:04.790+0000][1][safepoint   ] Safepoint "Cleanup", Time since last: 60209484693 ns, Reaching safepoint: 110489 ns, Cleanup: 33271 ns, At safepoint: 9294 ns, Total: 153054 ns
[2024-05-22T13:24:19.794+0000][1][safepoint   ] Safepoint "Cleanup", Time since last: 15003719632 ns, Reaching safepoint: 67338 ns, Cleanup: 20452 ns, At safepoint: 7423 ns, Total: 95213 ns
[2024-05-22T13:25:28.813+0000][1][safepoint   ] Safepoint "Cleanup", Time since last: 69018495461 ns, Reaching safepoint: 94698 ns, Cleanup: 22002 ns, At safepoint: 8753 ns, Total: 125453 ns
[2024-05-22T13:27:12.909+0000][1][safepoint   ] Safepoint "Cleanup", Time since last: 104096227473 ns, Reaching safepoint: 38086 ns, Cleanup: 24390 ns, At safepoint: 8886 ns, Total: 71362 ns
[2024-05-22T13:27:13.910+0000][1][safepoint   ] Safepoint "Cleanup", Time since last: 1000466847 ns, Reaching safepoint: 92829 ns, Cleanup: 23182 ns, At safepoint: 15285 ns, Total: 131296 ns
[2024-05-22T13:28:06.925+0000][1][safepoint   ] Safepoint "Cleanup", Time since last: 53015598662 ns, Reaching safepoint: 97869 ns, Cleanup: 23100 ns, At safepoint: 9047 ns, Total: 130016 ns
[2024-05-22T13:29:14.100+0000][1][safepoint   ] Safepoint "Cleanup", Time since last: 67173949872 ns, Reaching safepoint: 38824 ns, Cleanup: 27218 ns, At safepoint: 8718 ns, Total: 74760 ns
[2024-05-22T13:30:08.116+0000][1][safepoint   ] Safepoint "Cleanup", Time since last: 54016047289 ns, Reaching safepoint: 70818 ns, Cleanup: 17480 ns, At safepoint: 4533 ns, Total: 92831 ns
[2024-05-22T13:31:39.237+0000][1][gc,start    ] GC(246) Pause Young (Prepare Mixed) (G1 Evacuation Pause)
[2024-05-22T13:31:39.237+0000][1][gc,task     ] GC(246) Using 4 workers of 4 for evacuation
[2024-05-22T13:31:39.237+0000][1][gc,age      ] GC(246) Desired survivor size 40370176 bytes, new threshold 15 (max threshold 15)
[2024-05-22T13:31:39.269+0000][1][gc,phases   ] GC(246)   Pre Evacuate Collection Set: 0.4ms
[2024-05-22T13:31:39.269+0000][1][gc,phases   ] GC(246)   Merge Heap Roots: 0.1ms
[2024-05-22T13:31:39.269+0000][1][gc,phases   ] GC(246)   Evacuate Collection Set: 29.9ms
[2024-05-22T13:31:39.269+0000][1][gc,phases   ] GC(246)   Post Evacuate Collection Set: 1.4ms
[2024-05-22T13:31:39.269+0000][1][gc,phases   ] GC(246)   Other: 0.1ms
[2024-05-22T13:31:39.269+0000][1][gc,age      ] GC(246) Age table with threshold 15 (max threshold 15)
[2024-05-22T13:31:39.269+0000][1][gc,age      ] GC(246) - age   1:    2940384 bytes,    2940384 total
[2024-05-22T13:31:39.269+0000][1][gc,age      ] GC(246) - age   2:    2766824 bytes,    5707208 total
[2024-05-22T13:31:39.269+0000][1][gc,age      ] GC(246) - age   3:     165128 bytes,    5872336 total
[2024-05-22T13:31:39.269+0000][1][gc,age      ] GC(246) - age   4:     101096 bytes,    5973432 total
[2024-05-22T13:31:39.269+0000][1][gc,age      ] GC(246) - age   5:      83632 bytes,    6057064 total
[2024-05-22T13:31:39.269+0000][1][gc,age      ] GC(246) - age   6:      83408 bytes,    6140472 total
[2024-05-22T13:31:39.269+0000][1][gc,age      ] GC(246) - age   7:     171880 bytes,    6312352 total
[2024-05-22T13:31:39.269+0000][1][gc,age      ] GC(246) - age   8:      40968 bytes,    6353320 total
[2024-05-22T13:31:39.269+0000][1][gc,age      ] GC(246) - age   9:     168376 bytes,    6521696 total
[2024-05-22T13:31:39.269+0000][1][gc,age      ] GC(246) - age  10:      42520 bytes,    6564216 total
[2024-05-22T13:31:39.269+0000][1][gc,age      ] GC(246) - age  11:     112096 bytes,    6676312 total
[2024-05-22T13:31:39.269+0000][1][gc,age      ] GC(246) - age  12:       7664 bytes,    6683976 total
[2024-05-22T13:31:39.269+0000][1][gc,age      ] GC(246) - age  13:    1185240 bytes,    7869216 total
[2024-05-22T13:31:39.269+0000][1][gc,age      ] GC(246) - age  14:    1743888 bytes,    9613104 total
[2024-05-22T13:31:39.269+0000][1][gc,age      ] GC(246) - age  15:    1421928 bytes,   11035032 total
[2024-05-22T13:31:39.269+0000][1][gc,heap     ] GC(246) Eden regions: 604->0(602)
[2024-05-22T13:31:39.269+0000][1][gc,heap     ] GC(246) Survivor regions: 10->12(77)
[2024-05-22T13:31:39.269+0000][1][gc,heap     ] GC(246) Old regions: 40->41
[2024-05-22T13:31:39.269+0000][1][gc,heap     ] GC(246) Humongous regions: 33->3
[2024-05-22T13:31:39.269+0000][1][gc,metaspace] GC(246) Metaspace: 99578K(101184K)->99578K(101184K) NonClass: 87541K(88256K)->87541K(88256K) Class: 12036K(12928K)->12036K(12928K)
[2024-05-22T13:31:39.269+0000][1][gc          ] GC(246) Pause Young (Prepare Mixed) (G1 Evacuation Pause) 686M->55M(1024M) 32.305ms
[2024-05-22T13:31:39.269+0000][1][gc,cpu      ] GC(246) User=0.05s Sys=0.00s Real=0.03s
[2024-05-22T13:31:39.269+0000][1][safepoint   ] Safepoint "G1CollectForAllocation", Time since last: 91121282780 ns, Reaching safepoint: 54764 ns, Cleanup: 6823 ns, At safepoint: 32400052 ns, Total: 32461639 ns
[2024-05-22T13:33:09.294+0000][1][safepoint   ] Safepoint "Cleanup", Time since last: 90024554426 ns, Reaching safepoint: 61982 ns, Cleanup: 16814 ns, At safepoint: 4928 ns, Total: 83724 ns
[2024-05-22T13:33:50.309+0000][1][safepoint   ] Safepoint "Cleanup", Time since last: 41014701556 ns, Reaching safepoint: 37287 ns, Cleanup: 31772 ns, At safepoint: 7444 ns, Total: 76503 ns
[2024-05-22T13:33:54.310+0000][1][safepoint   ] Safepoint "Cleanup", Time since last: 4001380666 ns, Reaching safepoint: 32140 ns, Cleanup: 27523 ns, At safepoint: 6194 ns, Total: 65857 ns
[2024-05-22T13:33:55.311+0000][1][safepoint   ] Safepoint "Cleanup", Time since last: 1000330505 ns, Reaching safepoint: 35353 ns, Cleanup: 25853 ns, At safepoint: 6458 ns, Total: 67664 ns
[2024-05-22T13:33:59.312+0000][1][safepoint   ] Safepoint "Cleanup", Time since last: 4000995408 ns, Reaching safepoint: 55727 ns, Cleanup: 33132 ns, At safepoint: 8048 ns, Total: 96907 ns
[2024-05-22T13:34:00.312+0000][1][safepoint   ] Safepoint "Cleanup", Time since last: 1000241172 ns, Reaching safepoint: 44161 ns, Cleanup: 26485 ns, At safepoint: 10116 ns, Total: 80762 ns
[2024-05-22T13:34:03.314+0000][1][safepoint   ] Safepoint "Cleanup", Time since last: 3001827706 ns, Reaching safepoint: 37384 ns, Cleanup: 25319 ns, At safepoint: 8535 ns, Total: 71238 ns
[2024-05-22T13:34:04.314+0000][1][safepoint   ] Safepoint "Cleanup", Time since last: 1000444394 ns, Reaching safepoint: 37124 ns, Cleanup: 25617 ns, At safepoint: 8226 ns, Total: 70967 ns
[2024-05-22T13:34:06.315+0000][1][safepoint   ] Safepoint "Cleanup", Time since last: 2000560866 ns, Reaching safepoint: 37815 ns, Cleanup: 23336 ns, At safepoint: 8181 ns, Total: 69332 ns
[2024-05-22T13:34:33.446+0000][1][safepoint   ] Safepoint "Cleanup", Time since last: 27130430455 ns, Reaching safepoint: 35163 ns, Cleanup: 20868 ns, At safepoint: 6512 ns, Total: 62543 ns
[2024-05-22T13:35:19.461+0000][1][safepoint   ] Safepoint "Cleanup", Time since last: 46014807607 ns, Reaching safepoint: 44069 ns, Cleanup: 28162 ns, At safepoint: 10911 ns, Total: 83142 ns
[2024-05-22T13:35:51.470+0000][1][safepoint   ] Safepoint "Cleanup", Time since last: 32009749214 ns, Reaching safepoint: 94170 ns, Cleanup: 25141 ns, At safepoint: 8122 ns, Total: 127433 ns
[2024-05-22T13:37:01.597+0000][1][safepoint   ] Safepoint "Cleanup", Time since last: 70126405074 ns, Reaching safepoint: 84234 ns, Cleanup: 23290 ns, At safepoint: 5883 ns, Total: 113407 ns
[2024-05-22T13:37:12.600+0000][1][safepoint   ] Safepoint "Cleanup", Time since last: 11003213935 ns, Reaching safepoint: 30597 ns, Cleanup: 37363 ns, At safepoint: 4740 ns, Total: 72700 ns
[2024-05-22T13:37:50.853+0000][1][safepoint   ] Safepoint "Cleanup", Time since last: 38252845732 ns, Reaching safepoint: 98016 ns, Cleanup: 28570 ns, At safepoint: 19905 ns, Total: 146491 ns
[2024-05-22T13:38:49.870+0000][1][safepoint   ] Safepoint "Cleanup", Time since last: 59017147021 ns, Reaching safepoint: 37211 ns, Cleanup: 24926 ns, At safepoint: 8292 ns, Total: 70429 ns
[2024-05-22T13:41:15.935+0000][1][safepoint   ] Safepoint "Cleanup", Time since last: 146064238329 ns, Reaching safepoint: 37233 ns, Cleanup: 23611 ns, At safepoint: 8909 ns, Total: 69753 ns
[2024-05-22T13:42:09.950+0000][1][safepoint   ] Safepoint "Cleanup", Time since last: 54015600784 ns, Reaching safepoint: 93741 ns, Cleanup: 27364 ns, At safepoint: 8583 ns, Total: 129688 ns
[2024-05-22T13:45:16.004+0000][1][safepoint   ] Safepoint "Cleanup", Time since last: 186053768211 ns, Reaching safepoint: 78830 ns, Cleanup: 18804 ns, At safepoint: 9044 ns, Total: 106678 ns
[2024-05-22T13:55:16.706+0000][1][safepoint   ] Safepoint "Cleanup", Time since last: 600702068856 ns, Reaching safepoint: 43682 ns, Cleanup: 34745 ns, At safepoint: 11678 ns, Total: 90105 ns
[2024-05-22T13:55:17.707+0000][1][safepoint   ] Safepoint "Cleanup", Time since last: 1000493988 ns, Reaching safepoint: 37128 ns, Cleanup: 22024 ns, At safepoint: 7939 ns, Total: 67091 ns
[2024-05-22T13:56:47.988+0000][1][safepoint   ] Safepoint "Cleanup", Time since last: 90280409518 ns, Reaching safepoint: 138173 ns, Cleanup: 23428 ns, At safepoint: 9930 ns, Total: 171531 ns
[2024-05-22T13:58:34.121+0000][1][safepoint   ] Safepoint "Cleanup", Time since last: 106133359814 ns, Reaching safepoint: 97539 ns, Cleanup: 26762 ns, At safepoint: 9380 ns, Total: 133681 ns
[2024-05-22T14:01:22.327+0000][1][safepoint   ] Safepoint "Cleanup", Time since last: 168205869789 ns, Reaching safepoint: 57859 ns, Cleanup: 28790 ns, At safepoint: 7370 ns, Total: 94019 ns
[2024-05-22T14:02:23.345+0000][1][safepoint   ] Safepoint "Cleanup", Time since last: 61017371953 ns, Reaching safepoint: 37251 ns, Cleanup: 23035 ns, At safepoint: 7669 ns, Total: 67955 ns
[2024-05-22T14:02:51.353+0000][1][safepoint   ] Safepoint "Cleanup", Time since last: 28008218688 ns, Reaching safepoint: 85875 ns, Cleanup: 20834 ns, At safepoint: 6510 ns, Total: 113219 ns
[2024-05-22T14:08:48.319+0000][1][safepoint   ] Safepoint "Cleanup", Time since last: 356965548457 ns, Reaching safepoint: 95705 ns, Cleanup: 11698 ns, At safepoint: 3695 ns, Total: 111098 ns
[2024-05-22T14:08:48.368+0000][1][gc,start    ] GC(247) Pause Young (Mixed) (G1 Evacuation Pause)
[2024-05-22T14:08:48.368+0000][1][gc,task     ] GC(247) Using 4 workers of 4 for evacuation
[2024-05-22T14:08:48.368+0000][1][gc,age      ] GC(247) Desired survivor size 40370176 bytes, new threshold 15 (max threshold 15)
[2024-05-22T14:08:48.385+0000][1][gc,phases   ] GC(247)   Pre Evacuate Collection Set: 0.5ms
[2024-05-22T14:08:48.385+0000][1][gc,phases   ] GC(247)   Merge Heap Roots: 0.2ms
[2024-05-22T14:08:48.385+0000][1][gc,phases   ] GC(247)   Evacuate Collection Set: 14.6ms
[2024-05-22T14:08:48.385+0000][1][gc,phases   ] GC(247)   Post Evacuate Collection Set: 1.2ms
[2024-05-22T14:08:48.385+0000][1][gc,phases   ] GC(247)   Other: 0.1ms
[2024-05-22T14:08:48.385+0000][1][gc,age      ] GC(247) Age table with threshold 15 (max threshold 15)
[2024-05-22T14:08:48.385+0000][1][gc,age      ] GC(247) - age   1:    3573480 bytes,    3573480 total
[2024-05-22T14:08:48.385+0000][1][gc,age      ] GC(247) - age   2:    1820144 bytes,    5393624 total
[2024-05-22T14:08:48.385+0000][1][gc,age      ] GC(247) - age   3:    1770832 bytes,    7164456 total
[2024-05-22T14:08:48.385+0000][1][gc,age      ] GC(247) - age   4:     159824 bytes,    7324280 total
[2024-05-22T14:08:48.385+0000][1][gc,age      ] GC(247) - age   5:      96608 bytes,    7420888 total
[2024-05-22T14:08:48.385+0000][1][gc,age      ] GC(247) - age   6:      83072 bytes,    7503960 total
[2024-05-22T14:08:48.385+0000][1][gc,age      ] GC(247) - age   7:      83328 bytes,    7587288 total
[2024-05-22T14:08:48.385+0000][1][gc,age      ] GC(247) - age   8:     171840 bytes,    7759128 total
[2024-05-22T14:08:48.385+0000][1][gc,age      ] GC(247) - age   9:      40224 bytes,    7799352 total
[2024-05-22T14:08:48.385+0000][1][gc,age      ] GC(247) - age  10:     159784 bytes,    7959136 total
[2024-05-22T14:08:48.385+0000][1][gc,age      ] GC(247) - age  11:      42520 bytes,    8001656 total
[2024-05-22T14:08:48.385+0000][1][gc,age      ] GC(247) - age  12:     112096 bytes,    8113752 total
[2024-05-22T14:08:48.385+0000][1][gc,age      ] GC(247) - age  13:       7648 bytes,    8121400 total
[2024-05-22T14:08:48.385+0000][1][gc,age      ] GC(247) - age  14:    1111056 bytes,    9232456 total
[2024-05-22T14:08:48.385+0000][1][gc,age      ] GC(247) - age  15:    1723632 bytes,   10956088 total
[2024-05-22T14:08:48.385+0000][1][gc,heap     ] GC(247) Eden regions: 602->0(603)
[2024-05-22T14:08:48.385+0000][1][gc,heap     ] GC(247) Survivor regions: 12->11(77)
[2024-05-22T14:08:48.385+0000][1][gc,heap     ] GC(247) Old regions: 41->41
[2024-05-22T14:08:48.385+0000][1][gc,heap     ] GC(247) Humongous regions: 3->3
[2024-05-22T14:08:48.385+0000][1][gc,metaspace] GC(247) Metaspace: 99627K(101184K)->99627K(101184K) NonClass: 87590K(88256K)->87590K(88256K) Class: 12036K(12928K)->12036K(12928K)
[2024-05-22T14:08:48.385+0000][1][gc          ] GC(247) Pause Young (Mixed) (G1 Evacuation Pause) 657M->54M(1024M) 17.021ms
[2024-05-22T14:08:48.385+0000][1][gc,cpu      ] GC(247) User=0.05s Sys=0.01s Real=0.02s
[2024-05-22T14:08:48.385+0000][1][safepoint   ] Safepoint "G1CollectForAllocation", Time since last: 49303401 ns, Reaching safepoint: 26661 ns, Cleanup: 15669 ns, At safepoint: 17125949 ns, Total: 17168279 ns
[2024-05-22T14:08:49.388+0000][1][safepoint   ] Safepoint "Cleanup", Time since last: 1002628148 ns, Reaching safepoint: 8858 ns, Cleanup: 14648 ns, At safepoint: 3872 ns, Total: 27378 ns
[2024-05-22T14:08:50.414+0000][1][safepoint   ] Safepoint "Cleanup", Time since last: 1025956622 ns, Reaching safepoint: 28495 ns, Cleanup: 12671 ns, At safepoint: 4401 ns, Total: 45567 ns
[2024-05-22T14:09:02.981+0000][1][gc,start    ] GC(248) Pause Young (Concurrent Start) (G1 Evacuation Pause)
[2024-05-22T14:09:02.982+0000][1][gc,task     ] GC(248) Using 4 workers of 4 for evacuation
[2024-05-22T14:09:02.982+0000][1][gc,age      ] GC(248) Desired survivor size 40370176 bytes, new threshold 15 (max threshold 15)
[2024-05-22T14:09:03.027+0000][1][gc,phases   ] GC(248)   Pre Evacuate Collection Set: 0.5ms
[2024-05-22T14:09:03.027+0000][1][gc,phases   ] GC(248)   Merge Heap Roots: 0.2ms
[2024-05-22T14:09:03.027+0000][1][gc,phases   ] GC(248)   Evacuate Collection Set: 42.6ms
[2024-05-22T14:09:03.027+0000][1][gc,phases   ] GC(248)   Post Evacuate Collection Set: 1.8ms
[2024-05-22T14:09:03.027+0000][1][gc,phases   ] GC(248)   Other: 0.2ms
[2024-05-22T14:09:03.027+0000][1][gc,age      ] GC(248) Age table with threshold 15 (max threshold 15)
[2024-05-22T14:09:03.027+0000][1][gc,age      ] GC(248) - age   1:    3393424 bytes,    3393424 total
[2024-05-22T14:09:03.027+0000][1][gc,age      ] GC(248) - age   2:    1934552 bytes,    5327976 total
[2024-05-22T14:09:03.027+0000][1][gc,age      ] GC(248) - age   3:    1125624 bytes,    6453600 total
[2024-05-22T14:09:03.027+0000][1][gc,age      ] GC(248) - age   4:     315624 bytes,    6769224 total
[2024-05-22T14:09:03.027+0000][1][gc,age      ] GC(248) - age   5:     114632 bytes,    6883856 total
[2024-05-22T14:09:03.027+0000][1][gc,age      ] GC(248) - age   6:      84136 bytes,    6967992 total
[2024-05-22T14:09:03.027+0000][1][gc,age      ] GC(248) - age   7:      72984 bytes,    7040976 total
[2024-05-22T14:09:03.027+0000][1][gc,age      ] GC(248) - age   8:      73376 bytes,    7114352 total
[2024-05-22T14:09:03.027+0000][1][gc,age      ] GC(248) - age   9:     141440 bytes,    7255792 total
[2024-05-22T14:09:03.027+0000][1][gc,age      ] GC(248) - age  10:       9416 bytes,    7265208 total
[2024-05-22T14:09:03.027+0000][1][gc,age      ] GC(248) - age  11:     111264 bytes,    7376472 total
[2024-05-22T14:09:03.027+0000][1][gc,age      ] GC(248) - age  12:      42256 bytes,    7418728 total
[2024-05-22T14:09:03.027+0000][1][gc,age      ] GC(248) - age  13:     111752 bytes,    7530480 total
[2024-05-22T14:09:03.027+0000][1][gc,age      ] GC(248) - age  14:       7648 bytes,    7538128 total
[2024-05-22T14:09:03.027+0000][1][gc,age      ] GC(248) - age  15:     982728 bytes,    8520856 total
[2024-05-22T14:09:03.027+0000][1][gc,heap     ] GC(248) Eden regions: 603->0(604)
[2024-05-22T14:09:03.027+0000][1][gc,heap     ] GC(248) Survivor regions: 11->10(77)
[2024-05-22T14:09:03.027+0000][1][gc,heap     ] GC(248) Old regions: 41->43
[2024-05-22T14:09:03.027+0000][1][gc,heap     ] GC(248) Humongous regions: 3->3
[2024-05-22T14:09:03.027+0000][1][gc,metaspace] GC(248) Metaspace: 99627K(101184K)->99627K(101184K) NonClass: 87590K(88256K)->87590K(88256K) Class: 12036K(12928K)->12036K(12928K)
[2024-05-22T14:09:03.027+0000][1][gc          ] GC(248) Pause Young (Concurrent Start) (G1 Evacuation Pause) 657M->55M(1024M) 45.724ms
[2024-05-22T14:09:03.027+0000][1][gc          ] GC(249) Concurrent Mark Cycle
[2024-05-22T14:09:03.027+0000][1][gc,marking  ] GC(249) Concurrent Scan Root Regions
[2024-05-22T14:09:03.027+0000][1][gc,cpu      ] GC(248) User=0.04s Sys=0.00s Real=0.05s
[2024-05-22T14:09:03.027+0000][1][safepoint   ] Safepoint "G1CollectForAllocation", Time since last: 12567759971 ns, Reaching safepoint: 26587 ns, Cleanup: 6275 ns, At safepoint: 45871228 ns, Total: 45904090 ns
[2024-05-22T14:09:03.038+0000][1][gc,marking  ] GC(249) Concurrent Scan Root Regions 11.009ms
[2024-05-22T14:09:03.038+0000][1][gc,marking  ] GC(249) Concurrent Mark
[2024-05-22T14:09:03.038+0000][1][gc,marking  ] GC(249) Concurrent Mark From Roots
[2024-05-22T14:09:03.038+0000][1][gc,task     ] GC(249) Using 1 workers of 1 for marking
[2024-05-22T14:09:03.119+0000][1][gc,marking  ] GC(249) Concurrent Mark From Roots 80.521ms
[2024-05-22T14:09:03.119+0000][1][gc,marking  ] GC(249) Concurrent Preclean
[2024-05-22T14:09:03.119+0000][1][gc,marking  ] GC(249) Concurrent Preclean 0.227ms
[2024-05-22T14:09:03.119+0000][1][gc,start    ] GC(249) Pause Remark
[2024-05-22T14:09:03.170+0000][1][gc          ] GC(249) Pause Remark 75M->75M(1024M) 50.645ms
[2024-05-22T14:09:03.170+0000][1][gc,cpu      ] GC(249) User=0.02s Sys=0.00s Real=0.05s
[2024-05-22T14:09:03.170+0000][1][safepoint   ] Safepoint "G1PauseRemark", Time since last: 91908204 ns, Reaching safepoint: 99496 ns, Cleanup: 5460 ns, At safepoint: 50770920 ns, Total: 50875876 ns
[2024-05-22T14:09:03.170+0000][1][gc,marking  ] GC(249) Concurrent Mark 131.767ms
[2024-05-22T14:09:03.170+0000][1][gc,marking  ] GC(249) Concurrent Rebuild Remembered Sets and Scrub Regions
[2024-05-22T14:09:03.210+0000][1][gc,marking  ] GC(249) Concurrent Rebuild Remembered Sets and Scrub Regions 39.353ms
[2024-05-22T14:09:03.210+0000][1][gc,start    ] GC(249) Pause Cleanup
[2024-05-22T14:09:03.210+0000][1][gc          ] GC(249) Pause Cleanup 102M->102M(1024M) 0.271ms
[2024-05-22T14:09:03.210+0000][1][gc,cpu      ] GC(249) User=0.00s Sys=0.00s Real=0.00s
[2024-05-22T14:09:03.210+0000][1][safepoint   ] Safepoint "G1PauseCleanup", Time since last: 39483365 ns, Reaching safepoint: 100255 ns, Cleanup: 8874 ns, At safepoint: 342230 ns, Total: 451359 ns
[2024-05-22T14:09:03.210+0000][1][gc,marking  ] GC(249) Concurrent Clear Claimed Marks
[2024-05-22T14:09:03.210+0000][1][gc,marking  ] GC(249) Concurrent Clear Claimed Marks 0.132ms
[2024-05-22T14:09:03.210+0000][1][gc,marking  ] GC(249) Concurrent Cleanup for Next Mark
[2024-05-22T14:09:03.216+0000][1][gc,marking  ] GC(249) Concurrent Cleanup for Next Mark 5.556ms
[2024-05-22T14:09:03.216+0000][1][gc          ] GC(249) Concurrent Mark Cycle 188.609ms
[2024-05-22T14:09:23.545+0000][1][safepoint   ] Safepoint "Cleanup", Time since last: 20334690420 ns, Reaching safepoint: 32811 ns, Cleanup: 18822 ns, At safepoint: 4481 ns, Total: 56114 ns
[2024-05-22T14:17:30.685+0000][1][safepoint   ] Safepoint "Cleanup", Time since last: 487139733897 ns, Reaching safepoint: 9186 ns, Cleanup: 9612 ns, At safepoint: 4896 ns, Total: 23694 ns
[2024-05-22T14:17:31.692+0000][1][safepoint   ] Safepoint "Cleanup", Time since last: 1007244105 ns, Reaching safepoint: 8838 ns, Cleanup: 18608 ns, At safepoint: 5185 ns, Total: 32631 ns
[2024-05-22T14:17:32.711+0000][1][safepoint   ] Safepoint "Cleanup", Time since last: 1018958367 ns, Reaching safepoint: 8140 ns, Cleanup: 9210 ns, At safepoint: 4366 ns, Total: 21716 ns
[2024-05-22T14:17:32.762+0000][1][gc,start    ] GC(250) Pause Young (Prepare Mixed) (G1 Evacuation Pause)
[2024-05-22T14:17:32.762+0000][1][gc,task     ] GC(250) Using 4 workers of 4 for evacuation
[2024-05-22T14:17:32.762+0000][1][gc,age      ] GC(250) Desired survivor size 40370176 bytes, new threshold 15 (max threshold 15)
[2024-05-22T14:17:32.772+0000][1][gc,phases   ] GC(250)   Pre Evacuate Collection Set: 0.7ms
[2024-05-22T14:17:32.772+0000][1][gc,phases   ] GC(250)   Merge Heap Roots: 0.2ms
[2024-05-22T14:17:32.772+0000][1][gc,phases   ] GC(250)   Evacuate Collection Set: 7.7ms
[2024-05-22T14:17:32.772+0000][1][gc,phases   ] GC(250)   Post Evacuate Collection Set: 1.4ms
[2024-05-22T14:17:32.772+0000][1][gc,phases   ] GC(250)   Other: 0.1ms
[2024-05-22T14:17:32.772+0000][1][gc,age      ] GC(250) Age table with threshold 15 (max threshold 15)
[2024-05-22T14:17:32.772+0000][1][gc,age      ] GC(250) - age   1:    5380800 bytes,    5380800 total
[2024-05-22T14:17:32.772+0000][1][gc,age      ] GC(250) - age   2:     621928 bytes,    6002728 total
[2024-05-22T14:17:32.772+0000][1][gc,age      ] GC(250) - age   3:    1670584 bytes,    7673312 total
[2024-05-22T14:17:32.772+0000][1][gc,age      ] GC(250) - age   4:    1075120 bytes,    8748432 total
[2024-05-22T14:17:32.772+0000][1][gc,age      ] GC(250) - age   5:     241760 bytes,    8990192 total
[2024-05-22T14:17:32.772+0000][1][gc,age      ] GC(250) - age   6:      73648 bytes,    9063840 total
[2024-05-22T14:17:32.772+0000][1][gc,age      ] GC(250) - age   7:      83768 bytes,    9147608 total
[2024-05-22T14:17:32.772+0000][1][gc,age      ] GC(250) - age   8:      41208 bytes,    9188816 total
[2024-05-22T14:17:32.772+0000][1][gc,age      ] GC(250) - age   9:      43880 bytes,    9232696 total
[2024-05-22T14:17:32.772+0000][1][gc,age      ] GC(250) - age  10:      75872 bytes,    9308568 total
[2024-05-22T14:17:32.772+0000][1][gc,age      ] GC(250) - age  11:       9416 bytes,    9317984 total
[2024-05-22T14:17:32.772+0000][1][gc,age      ] GC(250) - age  12:      46480 bytes,    9364464 total
[2024-05-22T14:17:32.772+0000][1][gc,age      ] GC(250) - age  13:      42256 bytes,    9406720 total
[2024-05-22T14:17:32.772+0000][1][gc,age      ] GC(250) - age  14:     111752 bytes,    9518472 total
[2024-05-22T14:17:32.772+0000][1][gc,age      ] GC(250) - age  15:       7616 bytes,    9526088 total
[2024-05-22T14:17:32.772+0000][1][gc,heap     ] GC(250) Eden regions: 604->0(604)
[2024-05-22T14:17:32.772+0000][1][gc,heap     ] GC(250) Survivor regions: 10->10(77)
[2024-05-22T14:17:32.772+0000][1][gc,heap     ] GC(250) Old regions: 43->44
[2024-05-22T14:17:32.772+0000][1][gc,heap     ] GC(250) Humongous regions: 3->3
[2024-05-22T14:17:32.772+0000][1][gc,metaspace] GC(250) Metaspace: 99627K(101184K)->99627K(101184K) NonClass: 87590K(88256K)->87590K(88256K) Class: 12036K(12928K)->12036K(12928K)
[2024-05-22T14:17:32.772+0000][1][gc          ] GC(250) Pause Young (Prepare Mixed) (G1 Evacuation Pause) 659M->56M(1024M) 10.509ms
[2024-05-22T14:17:32.772+0000][1][gc,cpu      ] GC(250) User=0.04s Sys=0.00s Real=0.01s
[2024-05-22T14:17:32.773+0000][1][safepoint   ] Safepoint "G1CollectForAllocation", Time since last: 50597346 ns, Reaching safepoint: 156498 ns, Cleanup: 24365 ns, At safepoint: 11557758 ns, Total: 11738621 ns
[2024-05-22T14:41:16.834+0000][1][safepoint   ] Safepoint "Cleanup", Time since last: 1424060582713 ns, Reaching safepoint: 101998 ns, Cleanup: 22221 ns, At safepoint: 7982 ns, Total: 132201 ns
[2024-05-22T14:41:19.091+0000][1][safepoint   ] Safepoint "Cleanup", Time since last: 2257330723 ns, Reaching safepoint: 40391 ns, Cleanup: 26224 ns, At safepoint: 9049 ns, Total: 75664 ns
[2024-05-22T14:41:25.093+0000][1][safepoint   ] Safepoint "Cleanup", Time since last: 6001519514 ns, Reaching safepoint: 30334 ns, Cleanup: 18761 ns, At safepoint: 5086 ns, Total: 54181 ns
[2024-05-22T14:41:27.094+0000][1][safepoint   ] Safepoint "Cleanup", Time since last: 2000755979 ns, Reaching safepoint: 43674 ns, Cleanup: 32887 ns, At safepoint: 11357 ns, Total: 87918 ns
[2024-05-22T14:41:28.094+0000][1][safepoint   ] Safepoint "Cleanup", Time since last: 1000518523 ns, Reaching safepoint: 43724 ns, Cleanup: 27579 ns, At safepoint: 11190 ns, Total: 82493 ns
[2024-05-22T14:41:31.095+0000][1][safepoint   ] Safepoint "Cleanup", Time since last: 3000798937 ns, Reaching safepoint: 37482 ns, Cleanup: 23691 ns, At safepoint: 8130 ns, Total: 69303 ns
[2024-05-22T14:43:55.136+0000][1][safepoint   ] Safepoint "Cleanup", Time since last: 144040496831 ns, Reaching safepoint: 97462 ns, Cleanup: 25352 ns, At safepoint: 9101 ns, Total: 131915 ns
[2024-05-22T14:45:09.157+0000][1][safepoint   ] Safepoint "Cleanup", Time since last: 74021489697 ns, Reaching safepoint: 93986 ns, Cleanup: 25515 ns, At safepoint: 9187 ns, Total: 128688 ns
[2024-05-22T14:57:11.393+0000][1][gc,start    ] GC(251) Pause Young (Mixed) (G1 Evacuation Pause)
[2024-05-22T14:57:11.393+0000][1][gc,task     ] GC(251) Using 4 workers of 4 for evacuation
[2024-05-22T14:57:11.393+0000][1][gc,age      ] GC(251) Desired survivor size 40370176 bytes, new threshold 15 (max threshold 15)
[2024-05-22T14:57:11.404+0000][1][gc,phases   ] GC(251)   Pre Evacuate Collection Set: 0.5ms
[2024-05-22T14:57:11.404+0000][1][gc,phases   ] GC(251)   Merge Heap Roots: 0.2ms
[2024-05-22T14:57:11.404+0000][1][gc,phases   ] GC(251)   Evacuate Collection Set: 9.2ms
[2024-05-22T14:57:11.404+0000][1][gc,phases   ] GC(251)   Post Evacuate Collection Set: 1.4ms
[2024-05-22T14:57:11.404+0000][1][gc,phases   ] GC(251)   Other: 0.1ms
[2024-05-22T14:57:11.404+0000][1][gc,age      ] GC(251) Age table with threshold 15 (max threshold 15)
[2024-05-22T14:57:11.404+0000][1][gc,age      ] GC(251) - age   1:    5660520 bytes,    5660520 total
[2024-05-22T14:57:11.404+0000][1][gc,age      ] GC(251) - age   2:    1509504 bytes,    7170024 total
[2024-05-22T14:57:11.404+0000][1][gc,age      ] GC(251) - age   3:     616608 bytes,    7786632 total
[2024-05-22T14:57:11.404+0000][1][gc,age      ] GC(251) - age   4:    1566208 bytes,    9352840 total
[2024-05-22T14:57:11.404+0000][1][gc,age      ] GC(251) - age   5:    1073024 bytes,   10425864 total
[2024-05-22T14:57:11.404+0000][1][gc,age      ] GC(251) - age   6:     241312 bytes,   10667176 total
[2024-05-22T14:57:11.404+0000][1][gc,age      ] GC(251) - age   7:      73648 bytes,   10740824 total
[2024-05-22T14:57:11.404+0000][1][gc,age      ] GC(251) - age   8:      83768 bytes,   10824592 total
[2024-05-22T14:57:11.404+0000][1][gc,age      ] GC(251) - age   9:      41208 bytes,   10865800 total
[2024-05-22T14:57:11.404+0000][1][gc,age      ] GC(251) - age  10:      43880 bytes,   10909680 total
[2024-05-22T14:57:11.404+0000][1][gc,age      ] GC(251) - age  11:      75872 bytes,   10985552 total
[2024-05-22T14:57:11.404+0000][1][gc,age      ] GC(251) - age  12:       9416 bytes,   10994968 total
[2024-05-22T14:57:11.404+0000][1][gc,age      ] GC(251) - age  13:      46240 bytes,   11041208 total
[2024-05-22T14:57:11.404+0000][1][gc,age      ] GC(251) - age  14:      42256 bytes,   11083464 total
[2024-05-22T14:57:11.404+0000][1][gc,age      ] GC(251) - age  15:     111752 bytes,   11195216 total
[2024-05-22T14:57:11.404+0000][1][gc,heap     ] GC(251) Eden regions: 604->0(602)
[2024-05-22T14:57:11.404+0000][1][gc,heap     ] GC(251) Survivor regions: 10->12(77)
[2024-05-22T14:57:11.404+0000][1][gc,heap     ] GC(251) Old regions: 44->43
[2024-05-22T14:57:11.404+0000][1][gc,heap     ] GC(251) Humongous regions: 13->3
[2024-05-22T14:57:11.404+0000][1][gc,metaspace] GC(251) Metaspace: 99642K(101184K)->99642K(101184K) NonClass: 87606K(88256K)->87606K(88256K) Class: 12036K(12928K)->12036K(12928K)
[2024-05-22T14:57:11.404+0000][1][gc          ] GC(251) Pause Young (Mixed) (G1 Evacuation Pause) 670M->57M(1024M) 11.775ms
[2024-05-22T14:57:11.404+0000][1][gc,cpu      ] GC(251) User=0.03s Sys=0.01s Real=0.02s
[2024-05-22T14:57:11.405+0000][1][safepoint   ] Safepoint "G1CollectForAllocation", Time since last: 722235205910 ns, Reaching safepoint: 61492 ns, Cleanup: 22609 ns, At safepoint: 11864252 ns, Total: 11948353 ns
[2024-05-22T15:18:44.329+0000][1][safepoint   ] Safepoint "Cleanup", Time since last: 1292924548634 ns, Reaching safepoint: 37523 ns, Cleanup: 25771 ns, At safepoint: 7661 ns, Total: 70955 ns
[2024-05-22T15:19:19.340+0000][1][safepoint   ] Safepoint "Cleanup", Time since last: 35010859955 ns, Reaching safepoint: 101449 ns, Cleanup: 30213 ns, At safepoint: 9181 ns, Total: 140843 ns
[2024-05-22T15:19:33.753+0000][1][safepoint   ] Safepoint "Cleanup", Time since last: 14412542187 ns, Reaching safepoint: 44010 ns, Cleanup: 29855 ns, At safepoint: 10240 ns, Total: 84105 ns
[2024-05-22T15:20:04.312+0000][1][safepoint   ] Safepoint "Cleanup", Time since last: 30559292967 ns, Reaching safepoint: 37344 ns, Cleanup: 23040 ns, At safepoint: 7971 ns, Total: 68355 ns
[2024-05-22T15:21:24.357+0000][1][safepoint   ] Safepoint "Cleanup", Time since last: 80008671826 ns, Reaching safepoint: 35662880 ns, Cleanup: 20057 ns, At safepoint: 19060 ns, Total: 35701997 ns
[2024-05-22T15:21:44.360+0000][1][safepoint   ] Safepoint "Cleanup", Time since last: 20003904781 ns, Reaching safepoint: 43872 ns, Cleanup: 28232 ns, At safepoint: 10429 ns, Total: 82533 ns
[2024-05-22T15:21:54.364+0000][1][safepoint   ] Safepoint "Cleanup", Time since last: 10003110856 ns, Reaching safepoint: 43951 ns, Cleanup: 43950 ns, At safepoint: 11527 ns, Total: 99428 ns
[2024-05-22T15:21:59.365+0000][1][safepoint   ] Safepoint "Cleanup", Time since last: 5001424387 ns, Reaching safepoint: 79668 ns, Cleanup: 22507 ns, At safepoint: 5236 ns, Total: 107411 ns
[2024-05-22T15:22:31.959+0000][1][safepoint   ] Safepoint "Cleanup", Time since last: 32593996567 ns, Reaching safepoint: 57013 ns, Cleanup: 18758 ns, At safepoint: 4664 ns, Total: 80435 ns
[2024-05-22T15:23:44.342+0000][1][safepoint   ] Safepoint "Cleanup", Time since last: 72382657965 ns, Reaching safepoint: 124869 ns, Cleanup: 36148 ns, At safepoint: 4441 ns, Total: 165458 ns
[2024-05-22T15:23:49.344+0000][1][safepoint   ] Safepoint "Cleanup", Time since last: 5001611744 ns, Reaching safepoint: 37547 ns, Cleanup: 23359 ns, At safepoint: 8155 ns, Total: 69061 ns
[2024-05-22T15:23:59.347+0000][1][safepoint   ] Safepoint "Cleanup", Time since last: 10003102021 ns, Reaching safepoint: 98778 ns, Cleanup: 21458 ns, At safepoint: 15114 ns, Total: 135350 ns
[2024-05-22T15:24:40.358+0000][1][safepoint   ] Safepoint "Cleanup", Time since last: 41010296428 ns, Reaching safepoint: 119648 ns, Cleanup: 42061 ns, At safepoint: 37127 ns, Total: 198836 ns
[2024-05-22T15:26:13.177+0000][1][safepoint   ] Safepoint "Cleanup", Time since last: 92819669490 ns, Reaching safepoint: 38631 ns, Cleanup: 29658 ns, At safepoint: 9010 ns, Total: 77299 ns
[2024-05-22T15:26:14.178+0000][1][safepoint   ] Safepoint "Cleanup", Time since last: 1000475355 ns, Reaching safepoint: 43239 ns, Cleanup: 33187 ns, At safepoint: 10978 ns, Total: 87404 ns
[2024-05-22T15:26:15.178+0000][1][safepoint   ] Safepoint "Cleanup", Time since last: 1000517342 ns, Reaching safepoint: 41571 ns, Cleanup: 28939 ns, At safepoint: 11674 ns, Total: 82184 ns
[2024-05-22T15:27:40.439+0000][1][gc,start    ] GC(252) Pause Young (Concurrent Start) (G1 Evacuation Pause)
[2024-05-22T15:27:40.439+0000][1][gc,task     ] GC(252) Using 4 workers of 4 for evacuation
[2024-05-22T15:27:40.439+0000][1][gc,age      ] GC(252) Desired survivor size 40370176 bytes, new threshold 15 (max threshold 15)
[2024-05-22T15:27:40.451+0000][1][gc,phases   ] GC(252)   Pre Evacuate Collection Set: 0.5ms
[2024-05-22T15:27:40.451+0000][1][gc,phases   ] GC(252)   Merge Heap Roots: 0.2ms
[2024-05-22T15:27:40.451+0000][1][gc,phases   ] GC(252)   Evacuate Collection Set: 8.9ms
[2024-05-22T15:27:40.451+0000][1][gc,phases   ] GC(252)   Post Evacuate Collection Set: 1.3ms
[2024-05-22T15:27:40.451+0000][1][gc,phases   ] GC(252)   Other: 0.2ms
[2024-05-22T15:27:40.451+0000][1][gc,age      ] GC(252) Age table with threshold 15 (max threshold 15)
[2024-05-22T15:27:40.451+0000][1][gc,age      ] GC(252) - age   1:    3178528 bytes,    3178528 total
[2024-05-22T15:27:40.451+0000][1][gc,age      ] GC(252) - age   2:    4451352 bytes,    7629880 total
[2024-05-22T15:27:40.451+0000][1][gc,age      ] GC(252) - age   3:    1477856 bytes,    9107736 total
[2024-05-22T15:27:40.451+0000][1][gc,age      ] GC(252) - age   4:     616024 bytes,    9723760 total
[2024-05-22T15:27:40.451+0000][1][gc,age      ] GC(252) - age   5:    1461200 bytes,   11184960 total
[2024-05-22T15:27:40.451+0000][1][gc,age      ] GC(252) - age   6:     164792 bytes,   11349752 total
[2024-05-22T15:27:40.451+0000][1][gc,age      ] GC(252) - age   7:     196248 bytes,   11546000 total
[2024-05-22T15:27:40.451+0000][1][gc,age      ] GC(252) - age   8:      65088 bytes,   11611088 total
[2024-05-22T15:27:40.451+0000][1][gc,age      ] GC(252) - age   9:      75416 bytes,   11686504 total
[2024-05-22T15:27:40.451+0000][1][gc,age      ] GC(252) - age  10:      34360 bytes,   11720864 total
[2024-05-22T15:27:40.451+0000][1][gc,age      ] GC(252) - age  11:      35304 bytes,   11756168 total
[2024-05-22T15:27:40.451+0000][1][gc,age      ] GC(252) - age  12:      35832 bytes,   11792000 total
[2024-05-22T15:27:40.451+0000][1][gc,age      ] GC(252) - age  13:       2496 bytes,   11794496 total
[2024-05-22T15:27:40.451+0000][1][gc,age      ] GC(252) - age  14:      36544 bytes,   11831040 total
[2024-05-22T15:27:40.451+0000][1][gc,age      ] GC(252) - age  15:      33528 bytes,   11864568 total
[2024-05-22T15:27:40.451+0000][1][gc,heap     ] GC(252) Eden regions: 602->0(601)
[2024-05-22T15:27:40.451+0000][1][gc,heap     ] GC(252) Survivor regions: 12->13(77)
[2024-05-22T15:27:40.451+0000][1][gc,heap     ] GC(252) Old regions: 43->43
[2024-05-22T15:27:40.451+0000][1][gc,heap     ] GC(252) Humongous regions: 3->3
[2024-05-22T15:27:40.451+0000][1][gc,metaspace] GC(252) Metaspace: 99746K(101312K)->99746K(101312K) NonClass: 87709K(88384K)->87709K(88384K) Class: 12036K(12928K)->12036K(12928K)
[2024-05-22T15:27:40.451+0000][1][gc          ] GC(252) Pause Young (Concurrent Start) (G1 Evacuation Pause) 659M->57M(1024M) 11.539ms
[2024-05-22T15:27:40.451+0000][1][gc          ] GC(253) Concurrent Mark Cycle
[2024-05-22T15:27:40.451+0000][1][gc,marking  ] GC(253) Concurrent Scan Root Regions
[2024-05-22T15:27:40.451+0000][1][gc,cpu      ] GC(252) User=0.04s Sys=0.00s Real=0.01s
[2024-05-22T15:27:40.451+0000][1][safepoint   ] Safepoint "G1CollectForAllocation", Time since last: 85260758160 ns, Reaching safepoint: 57261 ns, Cleanup: 5991 ns, At safepoint: 11670607 ns, Total: 11733859 ns
[2024-05-22T15:27:40.459+0000][1][gc,marking  ] GC(253) Concurrent Scan Root Regions 8.336ms
[2024-05-22T15:27:40.459+0000][1][gc,marking  ] GC(253) Concurrent Mark
[2024-05-22T15:27:40.459+0000][1][gc,marking  ] GC(253) Concurrent Mark From Roots
[2024-05-22T15:27:40.459+0000][1][gc,task     ] GC(253) Using 1 workers of 1 for marking
[2024-05-22T15:27:40.528+0000][1][gc,marking  ] GC(253) Concurrent Mark From Roots 68.653ms
[2024-05-22T15:27:40.528+0000][1][gc,marking  ] GC(253) Concurrent Preclean
[2024-05-22T15:27:40.528+0000][1][gc,marking  ] GC(253) Concurrent Preclean 0.233ms
[2024-05-22T15:27:40.528+0000][1][gc,start    ] GC(253) Pause Remark
[2024-05-22T15:27:40.546+0000][1][gc          ] GC(253) Pause Remark 59M->59M(1024M) 17.751ms
[2024-05-22T15:27:40.546+0000][1][gc,cpu      ] GC(253) User=0.04s Sys=0.00s Real=0.02s
[2024-05-22T15:27:40.546+0000][1][safepoint   ] Safepoint "G1PauseRemark", Time since last: 77408310 ns, Reaching safepoint: 44692 ns, Cleanup: 5298 ns, At safepoint: 17880962 ns, Total: 17930952 ns
[2024-05-22T15:27:40.546+0000][1][gc,marking  ] GC(253) Concurrent Mark 87.093ms
[2024-05-22T15:27:40.546+0000][1][gc,marking  ] GC(253) Concurrent Rebuild Remembered Sets and Scrub Regions
[2024-05-22T15:27:40.575+0000][1][gc,marking  ] GC(253) Concurrent Rebuild Remembered Sets and Scrub Regions 28.869ms
[2024-05-22T15:27:40.575+0000][1][gc,start    ] GC(253) Pause Cleanup
[2024-05-22T15:27:40.576+0000][1][gc          ] GC(253) Pause Cleanup 59M->59M(1024M) 0.291ms
[2024-05-22T15:27:40.576+0000][1][gc,cpu      ] GC(253) User=0.00s Sys=0.00s Real=0.00s
[2024-05-22T15:27:40.576+0000][1][safepoint   ] Safepoint "G1PauseCleanup", Time since last: 29084707 ns, Reaching safepoint: 43348 ns, Cleanup: 18005 ns, At safepoint: 352339 ns, Total: 413692 ns
[2024-05-22T15:27:40.576+0000][1][gc,marking  ] GC(253) Concurrent Clear Claimed Marks
[2024-05-22T15:27:40.576+0000][1][gc,marking  ] GC(253) Concurrent Clear Claimed Marks 0.120ms
[2024-05-22T15:27:40.576+0000][1][gc,marking  ] GC(253) Concurrent Cleanup for Next Mark
[2024-05-22T15:27:40.579+0000][1][gc,marking  ] GC(253) Concurrent Cleanup for Next Mark 3.186ms
[2024-05-22T15:27:40.579+0000][1][gc          ] GC(253) Concurrent Mark Cycle 128.361ms
[2024-05-22T15:27:41.576+0000][1][safepoint   ] Safepoint "Cleanup", Time since last: 1000242848 ns, Reaching safepoint: 31257 ns, Cleanup: 18557 ns, At safepoint: 4906 ns, Total: 54720 ns
[2024-05-22T15:31:21.581+0000][1][safepoint   ] Safepoint "Cleanup", Time since last: 220005232793 ns, Reaching safepoint: 37466 ns, Cleanup: 22974 ns, At safepoint: 7544 ns, Total: 67984 ns
[2024-05-22T15:39:12.982+0000][1][safepoint   ] Safepoint "Cleanup", Time since last: 471400808650 ns, Reaching safepoint: 32949 ns, Cleanup: 22258 ns, At safepoint: 6993 ns, Total: 62200 ns
[2024-05-22T15:55:38.493+0000][1][safepoint   ] Safepoint "Cleanup", Time since last: 985510307546 ns, Reaching safepoint: 37236 ns, Cleanup: 29198 ns, At safepoint: 8950 ns, Total: 75384 ns
[2024-05-22T15:57:08.321+0000][1][safepoint   ] Safepoint "Cleanup", Time since last: 89828450394 ns, Reaching safepoint: 102845 ns, Cleanup: 23041 ns, At safepoint: 8960 ns, Total: 134846 ns
[2024-05-22T15:57:48.332+0000][1][safepoint   ] Safepoint "Cleanup", Time since last: 40010838724 ns, Reaching safepoint: 101849 ns, Cleanup: 29419 ns, At safepoint: 9001 ns, Total: 140269 ns
[2024-05-22T15:59:18.358+0000][1][safepoint   ] Safepoint "Cleanup", Time since last: 90025410847 ns, Reaching safepoint: 101004 ns, Cleanup: 22492 ns, At safepoint: 15955 ns, Total: 139451 ns
[2024-05-22T16:10:44.076+0000][1][safepoint   ] Safepoint "Cleanup", Time since last: 685717737321 ns, Reaching safepoint: 37457 ns, Cleanup: 22879 ns, At safepoint: 8133 ns, Total: 68469 ns
[2024-05-22T16:13:02.411+0000][1][gc,start    ] GC(254) Pause Young (Prepare Mixed) (G1 Evacuation Pause)
[2024-05-22T16:13:02.411+0000][1][gc,task     ] GC(254) Using 4 workers of 4 for evacuation
[2024-05-22T16:13:02.411+0000][1][gc,age      ] GC(254) Desired survivor size 40370176 bytes, new threshold 15 (max threshold 15)
[2024-05-22T16:13:02.424+0000][1][gc,phases   ] GC(254)   Pre Evacuate Collection Set: 0.4ms
[2024-05-22T16:13:02.425+0000][1][gc,phases   ] GC(254)   Merge Heap Roots: 0.3ms
[2024-05-22T16:13:02.425+0000][1][gc,phases   ] GC(254)   Evacuate Collection Set: 11.0ms
[2024-05-22T16:13:02.425+0000][1][gc,phases   ] GC(254)   Post Evacuate Collection Set: 1.5ms
[2024-05-22T16:13:02.425+0000][1][gc,phases   ] GC(254)   Other: 0.2ms
[2024-05-22T16:13:02.425+0000][1][gc,age      ] GC(254) Age table with threshold 15 (max threshold 15)
[2024-05-22T16:13:02.425+0000][1][gc,age      ] GC(254) - age   1:    3432440 bytes,    3432440 total
[2024-05-22T16:13:02.425+0000][1][gc,age      ] GC(254) - age   2:    2449200 bytes,    5881640 total
[2024-05-22T16:13:02.425+0000][1][gc,age      ] GC(254) - age   3:    3624192 bytes,    9505832 total
[2024-05-22T16:13:02.425+0000][1][gc,age      ] GC(254) - age   4:    1238248 bytes,   10744080 total
[2024-05-22T16:13:02.425+0000][1][gc,age      ] GC(254) - age   5:     604736 bytes,   11348816 total
[2024-05-22T16:13:02.425+0000][1][gc,age      ] GC(254) - age   6:     369008 bytes,   11717824 total
[2024-05-22T16:13:02.425+0000][1][gc,age      ] GC(254) - age   7:     164520 bytes,   11882344 total
[2024-05-22T16:13:02.425+0000][1][gc,age      ] GC(254) - age   8:     195752 bytes,   12078096 total
[2024-05-22T16:13:02.425+0000][1][gc,age      ] GC(254) - age   9:      65088 bytes,   12143184 total
[2024-05-22T16:13:02.425+0000][1][gc,age      ] GC(254) - age  10:      75416 bytes,   12218600 total
[2024-05-22T16:13:02.425+0000][1][gc,age      ] GC(254) - age  11:      34360 bytes,   12252960 total
[2024-05-22T16:13:02.425+0000][1][gc,age      ] GC(254) - age  12:      33584 bytes,   12286544 total
[2024-05-22T16:13:02.425+0000][1][gc,age      ] GC(254) - age  13:      35832 bytes,   12322376 total
[2024-05-22T16:13:02.425+0000][1][gc,age      ] GC(254) - age  14:       2496 bytes,   12324872 total
[2024-05-22T16:13:02.425+0000][1][gc,age      ] GC(254) - age  15:      36224 bytes,   12361096 total
[2024-05-22T16:13:02.425+0000][1][gc,heap     ] GC(254) Eden regions: 601->0(601)
[2024-05-22T16:13:02.425+0000][1][gc,heap     ] GC(254) Survivor regions: 13->13(77)
[2024-05-22T16:13:02.425+0000][1][gc,heap     ] GC(254) Old regions: 43->43
[2024-05-22T16:13:02.425+0000][1][gc,heap     ] GC(254) Humongous regions: 3->3
[2024-05-22T16:13:02.425+0000][1][gc,metaspace] GC(254) Metaspace: 99750K(101312K)->99750K(101312K) NonClass: 87713K(88384K)->87713K(88384K) Class: 12036K(12928K)->12036K(12928K)
[2024-05-22T16:13:02.425+0000][1][gc          ] GC(254) Pause Young (Prepare Mixed) (G1 Evacuation Pause) 658M->58M(1024M) 13.855ms
[2024-05-22T16:13:02.425+0000][1][gc,cpu      ] GC(254) User=0.05s Sys=0.00s Real=0.02s
[2024-05-22T16:13:02.425+0000][1][safepoint   ] Safepoint "G1CollectForAllocation", Time since last: 138335281492 ns, Reaching safepoint: 78891 ns, Cleanup: 8830 ns, At safepoint: 13957317 ns, Total: 14045038 ns
[2024-05-22T16:37:47.738+0000][1][safepoint   ] Safepoint "Cleanup", Time since last: 1485313358336 ns, Reaching safepoint: 97323 ns, Cleanup: 25231 ns, At safepoint: 8414 ns, Total: 130968 ns
[2024-05-22T16:38:07.686+0000][1][safepoint   ] Safepoint "Cleanup", Time since last: 19947953598 ns, Reaching safepoint: 10505 ns, Cleanup: 11401 ns, At safepoint: 5597 ns, Total: 27503 ns
[2024-05-22T16:58:15.423+0000][1][gc,start    ] GC(255) Pause Young (Mixed) (G1 Evacuation Pause)
[2024-05-22T16:58:15.423+0000][1][gc,task     ] GC(255) Using 4 workers of 4 for evacuation
[2024-05-22T16:58:15.423+0000][1][gc,age      ] GC(255) Desired survivor size 40370176 bytes, new threshold 15 (max threshold 15)
[2024-05-22T16:58:15.434+0000][1][gc,phases   ] GC(255)   Pre Evacuate Collection Set: 0.7ms
[2024-05-22T16:58:15.434+0000][1][gc,phases   ] GC(255)   Merge Heap Roots: 0.2ms
[2024-05-22T16:58:15.434+0000][1][gc,phases   ] GC(255)   Evacuate Collection Set: 9.3ms
[2024-05-22T16:58:15.434+0000][1][gc,phases   ] GC(255)   Post Evacuate Collection Set: 1.3ms
[2024-05-22T16:58:15.434+0000][1][gc,phases   ] GC(255)   Other: 0.2ms
[2024-05-22T16:58:15.434+0000][1][gc,age      ] GC(255) Age table with threshold 15 (max threshold 15)
[2024-05-22T16:58:15.434+0000][1][gc,age      ] GC(255) - age   1:    4221312 bytes,    4221312 total
[2024-05-22T16:58:15.434+0000][1][gc,age      ] GC(255) - age   2:    2371312 bytes,    6592624 total
[2024-05-22T16:58:15.434+0000][1][gc,age      ] GC(255) - age   3:    1528680 bytes,    8121304 total
[2024-05-22T16:58:15.434+0000][1][gc,age      ] GC(255) - age   4:    1746664 bytes,    9867968 total
[2024-05-22T16:58:15.434+0000][1][gc,age      ] GC(255) - age   5:    1084616 bytes,   10952584 total
[2024-05-22T16:58:15.434+0000][1][gc,age      ] GC(255) - age   6:     451584 bytes,   11404168 total
[2024-05-22T16:58:15.434+0000][1][gc,age      ] GC(255) - age   7:     302400 bytes,   11706568 total
[2024-05-22T16:58:15.434+0000][1][gc,age      ] GC(255) - age   8:      85440 bytes,   11792008 total
[2024-05-22T16:58:15.434+0000][1][gc,age      ] GC(255) - age   9:     168864 bytes,   11960872 total
[2024-05-22T16:58:15.434+0000][1][gc,age      ] GC(255) - age  10:      31992 bytes,   11992864 total
[2024-05-22T16:58:15.434+0000][1][gc,age      ] GC(255) - age  11:      73112 bytes,   12065976 total
[2024-05-22T16:58:15.434+0000][1][gc,age      ] GC(255) - age  12:         56 bytes,   12066032 total
[2024-05-22T16:58:15.434+0000][1][gc,age      ] GC(255) - age  13:      31112 bytes,   12097144 total
[2024-05-22T16:58:15.434+0000][1][gc,age      ] GC(255) - age  14:      32224 bytes,   12129368 total
[2024-05-22T16:58:15.434+0000][1][gc,age      ] GC(255) - age  15:        368 bytes,   12129736 total
[2024-05-22T16:58:15.435+0000][1][gc,heap     ] GC(255) Eden regions: 601->0(601)
[2024-05-22T16:58:15.435+0000][1][gc,heap     ] GC(255) Survivor regions: 13->13(77)
[2024-05-22T16:58:15.435+0000][1][gc,heap     ] GC(255) Old regions: 43->41
[2024-05-22T16:58:15.435+0000][1][gc,heap     ] GC(255) Humongous regions: 3->3
[2024-05-22T16:58:15.435+0000][1][gc,metaspace] GC(255) Metaspace: 99786K(101312K)->99786K(101312K) NonClass: 87749K(88384K)->87749K(88384K) Class: 12036K(12928K)->12036K(12928K)
[2024-05-22T16:58:15.435+0000][1][gc          ] GC(255) Pause Young (Mixed) (G1 Evacuation Pause) 659M->56M(1024M) 11.995ms
[2024-05-22T16:58:15.435+0000][1][gc,cpu      ] GC(255) User=0.03s Sys=0.01s Real=0.01s
[2024-05-22T16:58:15.435+0000][1][safepoint   ] Safepoint "G1CollectForAllocation", Time since last: 1207736120076 ns, Reaching safepoint: 65931 ns, Cleanup: 5746 ns, At safepoint: 12086878 ns, Total: 12158555 ns
[2024-05-22T17:03:52.840+0000][1][safepoint   ] Safepoint "Cleanup", Time since last: 337405358829 ns, Reaching safepoint: 22170 ns, Cleanup: 15554 ns, At safepoint: 7303 ns, Total: 45027 ns
[2024-05-22T17:04:59.867+0000][1][safepoint   ] Safepoint "Cleanup", Time since last: 67026886915 ns, Reaching safepoint: 37440 ns, Cleanup: 44627 ns, At safepoint: 9904 ns, Total: 91971 ns
[2024-05-22T17:05:06.870+0000][1][safepoint   ] Safepoint "Cleanup", Time since last: 7000417026 ns, Reaching safepoint: 1722763 ns, Cleanup: 12580 ns, At safepoint: 399425 ns, Total: 2134768 ns
[2024-05-22T17:05:07.959+0000][1][safepoint   ] Safepoint "Cleanup", Time since last: 1089155535 ns, Reaching safepoint: 8709 ns, Cleanup: 26677 ns, At safepoint: 3659 ns, Total: 39045 ns
[2024-05-22T17:05:13.058+0000][1][gc,start    ] GC(256) Pause Young (Concurrent Start) (G1 Evacuation Pause)
[2024-05-22T17:05:13.058+0000][1][gc,task     ] GC(256) Using 4 workers of 4 for evacuation
[2024-05-22T17:05:13.058+0000][1][gc,age      ] GC(256) Desired survivor size 40370176 bytes, new threshold 15 (max threshold 15)
[2024-05-22T17:05:13.078+0000][1][gc,phases   ] GC(256)   Pre Evacuate Collection Set: 0.6ms
[2024-05-22T17:05:13.078+0000][1][gc,phases   ] GC(256)   Merge Heap Roots: 0.2ms
[2024-05-22T17:05:13.078+0000][1][gc,phases   ] GC(256)   Evacuate Collection Set: 17.9ms
[2024-05-22T17:05:13.078+0000][1][gc,phases   ] GC(256)   Post Evacuate Collection Set: 1.5ms
[2024-05-22T17:05:13.078+0000][1][gc,phases   ] GC(256)   Other: 0.1ms
[2024-05-22T17:05:13.078+0000][1][gc,age      ] GC(256) Age table with threshold 15 (max threshold 15)
[2024-05-22T17:05:13.078+0000][1][gc,age      ] GC(256) - age   1:   10576776 bytes,   10576776 total
[2024-05-22T17:05:13.078+0000][1][gc,age      ] GC(256) - age   2:    1975496 bytes,   12552272 total
[2024-05-22T17:05:13.078+0000][1][gc,age      ] GC(256) - age   3:    1704288 bytes,   14256560 total
[2024-05-22T17:05:13.078+0000][1][gc,age      ] GC(256) - age   4:    1324008 bytes,   15580568 total
[2024-05-22T17:05:13.078+0000][1][gc,age      ] GC(256) - age   5:     323944 bytes,   15904512 total
[2024-05-22T17:05:13.078+0000][1][gc,age      ] GC(256) - age   6:     808704 bytes,   16713216 total
[2024-05-22T17:05:13.078+0000][1][gc,age      ] GC(256) - age   7:     285240 bytes,   16998456 total
[2024-05-22T17:05:13.078+0000][1][gc,age      ] GC(256) - age   8:     267784 bytes,   17266240 total
[2024-05-22T17:05:13.078+0000][1][gc,age      ] GC(256) - age   9:      61008 bytes,   17327248 total
[2024-05-22T17:05:13.078+0000][1][gc,age      ] GC(256) - age  10:     106312 bytes,   17433560 total
[2024-05-22T17:05:13.078+0000][1][gc,age      ] GC(256) - age  11:      31952 bytes,   17465512 total
[2024-05-22T17:05:13.078+0000][1][gc,age      ] GC(256) - age  12:      41376 bytes,   17506888 total
[2024-05-22T17:05:13.078+0000][1][gc,age      ] GC(256) - age  13:         40 bytes,   17506928 total
[2024-05-22T17:05:13.078+0000][1][gc,age      ] GC(256) - age  14:       1624 bytes,   17508552 total
[2024-05-22T17:05:13.078+0000][1][gc,age      ] GC(256) - age  15:       3168 bytes,   17511720 total
[2024-05-22T17:05:13.078+0000][1][gc,heap     ] GC(256) Eden regions: 601->0(596)
[2024-05-22T17:05:13.078+0000][1][gc,heap     ] GC(256) Survivor regions: 13->18(77)
[2024-05-22T17:05:13.078+0000][1][gc,heap     ] GC(256) Old regions: 41->41
[2024-05-22T17:05:13.078+0000][1][gc,heap     ] GC(256) Humongous regions: 3->3
[2024-05-22T17:05:13.078+0000][1][gc,metaspace] GC(256) Metaspace: 99796K(101312K)->99796K(101312K) NonClass: 87759K(88384K)->87759K(88384K) Class: 12036K(12928K)->12036K(12928K)
[2024-05-22T17:05:13.078+0000][1][gc          ] GC(256) Pause Young (Concurrent Start) (G1 Evacuation Pause) 657M->61M(1024M) 20.645ms
[2024-05-22T17:05:13.078+0000][1][gc          ] GC(257) Concurrent Mark Cycle
[2024-05-22T17:05:13.078+0000][1][gc,marking  ] GC(257) Concurrent Scan Root Regions
[2024-05-22T17:05:13.078+0000][1][gc,cpu      ] GC(256) User=0.05s Sys=0.00s Real=0.02s
[2024-05-22T17:05:13.078+0000][1][safepoint   ] Safepoint "G1CollectForAllocation", Time since last: 5098739570 ns, Reaching safepoint: 111240 ns, Cleanup: 6235 ns, At safepoint: 20795355 ns, Total: 20912830 ns
[2024-05-22T17:05:13.095+0000][1][gc,marking  ] GC(257) Concurrent Scan Root Regions 16.710ms
[2024-05-22T17:05:13.095+0000][1][gc,marking  ] GC(257) Concurrent Mark
[2024-05-22T17:05:13.095+0000][1][gc,marking  ] GC(257) Concurrent Mark From Roots
[2024-05-22T17:05:13.095+0000][1][gc,task     ] GC(257) Using 1 workers of 1 for marking
[2024-05-22T17:05:13.235+0000][1][gc,marking  ] GC(257) Concurrent Mark From Roots 140.142ms
[2024-05-22T17:05:13.235+0000][1][gc,marking  ] GC(257) Concurrent Preclean
[2024-05-22T17:05:13.236+0000][1][gc,marking  ] GC(257) Concurrent Preclean 0.255ms
[2024-05-22T17:05:13.236+0000][1][gc,start    ] GC(257) Pause Remark
[2024-05-22T17:05:13.248+0000][1][gc          ] GC(257) Pause Remark 141M->141M(1024M) 12.200ms
[2024-05-22T17:05:13.249+0000][1][gc,cpu      ] GC(257) User=0.03s Sys=0.00s Real=0.01s
[2024-05-22T17:05:13.249+0000][1][safepoint   ] Safepoint "G1PauseRemark", Time since last: 157233042 ns, Reaching safepoint: 563151 ns, Cleanup: 5915 ns, At safepoint: 12341503 ns, Total: 12910569 ns
[2024-05-22T17:05:13.249+0000][1][gc,marking  ] GC(257) Concurrent Mark 153.480ms
[2024-05-22T17:05:13.249+0000][1][gc,marking  ] GC(257) Concurrent Rebuild Remembered Sets and Scrub Regions
[2024-05-22T17:05:13.291+0000][1][gc,marking  ] GC(257) Concurrent Rebuild Remembered Sets and Scrub Regions 41.865ms
[2024-05-22T17:05:13.291+0000][1][gc,start    ] GC(257) Pause Cleanup
[2024-05-22T17:05:13.292+0000][1][gc          ] GC(257) Pause Cleanup 178M->178M(1024M) 0.764ms
[2024-05-22T17:05:13.292+0000][1][gc,cpu      ] GC(257) User=0.00s Sys=0.00s Real=0.00s
[2024-05-22T17:05:13.292+0000][1][safepoint   ] Safepoint "G1PauseCleanup", Time since last: 42013705 ns, Reaching safepoint: 98161 ns, Cleanup: 9174 ns, At safepoint: 987631 ns, Total: 1094966 ns
[2024-05-22T17:05:13.299+0000][1][gc,marking  ] GC(257) Concurrent Clear Claimed Marks
[2024-05-22T17:05:13.299+0000][1][gc,marking  ] GC(257) Concurrent Clear Claimed Marks 0.191ms
[2024-05-22T17:05:13.299+0000][1][gc,marking  ] GC(257) Concurrent Cleanup for Next Mark
[2024-05-22T17:05:13.318+0000][1][gc,marking  ] GC(257) Concurrent Cleanup for Next Mark 18.414ms
[2024-05-22T17:05:13.318+0000][1][gc          ] GC(257) Concurrent Mark Cycle 239.383ms
[2024-05-22T17:07:49.161+0000][1][safepoint   ] Safepoint "Cleanup", Time since last: 155869649991 ns, Reaching safepoint: 97881 ns, Cleanup: 22864 ns, At safepoint: 20212 ns, Total: 140957 ns
[2024-05-22T17:09:01.182+0000][1][safepoint   ] Safepoint "Cleanup", Time since last: 72020786935 ns, Reaching safepoint: 99095 ns, Cleanup: 23332 ns, At safepoint: 9351 ns, Total: 131778 ns
[2024-05-22T17:10:01.200+0000][1][safepoint   ] Safepoint "Cleanup", Time since last: 60018008426 ns, Reaching safepoint: 83041 ns, Cleanup: 19477 ns, At safepoint: 9284 ns, Total: 111802 ns
[2024-05-22T17:13:32.515+0000][1][safepoint   ] Safepoint "Cleanup", Time since last: 211314229819 ns, Reaching safepoint: 97786 ns, Cleanup: 22583 ns, At safepoint: 165108 ns, Total: 285477 ns
[2024-05-22T17:29:16.514+0000][1][gc,start    ] GC(258) Pause Young (Prepare Mixed) (G1 Evacuation Pause)
[2024-05-22T17:29:16.514+0000][1][gc,task     ] GC(258) Using 4 workers of 4 for evacuation
[2024-05-22T17:29:16.514+0000][1][gc,age      ] GC(258) Desired survivor size 40370176 bytes, new threshold 15 (max threshold 15)
[2024-05-22T17:29:16.525+0000][1][gc,phases   ] GC(258)   Pre Evacuate Collection Set: 0.6ms
[2024-05-22T17:29:16.525+0000][1][gc,phases   ] GC(258)   Merge Heap Roots: 0.3ms
[2024-05-22T17:29:16.525+0000][1][gc,phases   ] GC(258)   Evacuate Collection Set: 8.4ms
[2024-05-22T17:29:16.525+0000][1][gc,phases   ] GC(258)   Post Evacuate Collection Set: 1.4ms
[2024-05-22T17:29:16.525+0000][1][gc,phases   ] GC(258)   Other: 0.1ms
[2024-05-22T17:29:16.525+0000][1][gc,age      ] GC(258) Age table with threshold 15 (max threshold 15)
[2024-05-22T17:29:16.525+0000][1][gc,age      ] GC(258) - age   1:    5227800 bytes,    5227800 total
[2024-05-22T17:29:16.525+0000][1][gc,age      ] GC(258) - age   2:    1141336 bytes,    6369136 total
[2024-05-22T17:29:16.525+0000][1][gc,age      ] GC(258) - age   3:    1915048 bytes,    8284184 total
[2024-05-22T17:29:16.525+0000][1][gc,age      ] GC(258) - age   4:    1689904 bytes,    9974088 total
[2024-05-22T17:29:16.525+0000][1][gc,age      ] GC(258) - age   5:     569672 bytes,   10543760 total
[2024-05-22T17:29:16.525+0000][1][gc,age      ] GC(258) - age   6:     321640 bytes,   10865400 total
[2024-05-22T17:29:16.525+0000][1][gc,age      ] GC(258) - age   7:     805104 bytes,   11670504 total
[2024-05-22T17:29:16.525+0000][1][gc,age      ] GC(258) - age   8:     283520 bytes,   11954024 total
[2024-05-22T17:29:16.525+0000][1][gc,age      ] GC(258) - age   9:     215488 bytes,   12169512 total
[2024-05-22T17:29:16.525+0000][1][gc,age      ] GC(258) - age  10:      22120 bytes,   12191632 total
[2024-05-22T17:29:16.525+0000][1][gc,age      ] GC(258) - age  11:     106312 bytes,   12297944 total
[2024-05-22T17:29:16.525+0000][1][gc,age      ] GC(258) - age  12:      31952 bytes,   12329896 total
[2024-05-22T17:29:16.525+0000][1][gc,age      ] GC(258) - age  13:      41376 bytes,   12371272 total
[2024-05-22T17:29:16.525+0000][1][gc,age      ] GC(258) - age  14:         40 bytes,   12371312 total
[2024-05-22T17:29:16.525+0000][1][gc,age      ] GC(258) - age  15:       1624 bytes,   12372936 total
[2024-05-22T17:29:16.525+0000][1][gc,heap     ] GC(258) Eden regions: 596->0(601)
[2024-05-22T17:29:16.525+0000][1][gc,heap     ] GC(258) Survivor regions: 18->13(77)
[2024-05-22T17:29:16.525+0000][1][gc,heap     ] GC(258) Old regions: 41->41
[2024-05-22T17:29:16.525+0000][1][gc,heap     ] GC(258) Humongous regions: 3->3
[2024-05-22T17:29:16.525+0000][1][gc,metaspace] GC(258) Metaspace: 99806K(101312K)->99806K(101312K) NonClass: 87769K(88384K)->87769K(88384K) Class: 12036K(12928K)->12036K(12928K)
[2024-05-22T17:29:16.525+0000][1][gc          ] GC(258) Pause Young (Prepare Mixed) (G1 Evacuation Pause) 657M->56M(1024M) 11.115ms
[2024-05-22T17:29:16.525+0000][1][gc,cpu      ] GC(258) User=0.03s Sys=0.00s Real=0.02s
[2024-05-22T17:29:16.525+0000][1][safepoint   ] Safepoint "G1CollectForAllocation", Time since last: 943999153988 ns, Reaching safepoint: 58271 ns, Cleanup: 5181 ns, At safepoint: 11206427 ns, Total: 11269879 ns
[2024-05-22T18:14:48.102+0000][1][gc,start    ] GC(259) Pause Young (Mixed) (G1 Evacuation Pause)
[2024-05-22T18:14:48.102+0000][1][gc,task     ] GC(259) Using 4 workers of 4 for evacuation
[2024-05-22T18:14:48.102+0000][1][gc,age      ] GC(259) Desired survivor size 40370176 bytes, new threshold 15 (max threshold 15)
[2024-05-22T18:14:48.125+0000][1][gc,phases   ] GC(259)   Pre Evacuate Collection Set: 0.7ms
[2024-05-22T18:14:48.125+0000][1][gc,phases   ] GC(259)   Merge Heap Roots: 0.5ms
[2024-05-22T18:14:48.125+0000][1][gc,phases   ] GC(259)   Evacuate Collection Set: 19.9ms
[2024-05-22T18:14:48.125+0000][1][gc,phases   ] GC(259)   Post Evacuate Collection Set: 1.4ms
[2024-05-22T18:14:48.125+0000][1][gc,phases   ] GC(259)   Other: 0.3ms
[2024-05-22T18:14:48.125+0000][1][gc,age      ] GC(259) Age table with threshold 15 (max threshold 15)
[2024-05-22T18:14:48.125+0000][1][gc,age      ] GC(259) - age   1:    2990048 bytes,    2990048 total
[2024-05-22T18:14:48.125+0000][1][gc,age      ] GC(259) - age   2:    4074392 bytes,    7064440 total
[2024-05-22T18:14:48.125+0000][1][gc,age      ] GC(259) - age   3:    1052608 bytes,    8117048 total
[2024-05-22T18:14:48.125+0000][1][gc,age      ] GC(259) - age   4:    1847232 bytes,    9964280 total
[2024-05-22T18:14:48.125+0000][1][gc,age      ] GC(259) - age   5:     569480 bytes,   10533760 total
[2024-05-22T18:14:48.125+0000][1][gc,age      ] GC(259) - age   6:     315360 bytes,   10849120 total
[2024-05-22T18:14:48.125+0000][1][gc,age      ] GC(259) - age   7:     297272 bytes,   11146392 total
[2024-05-22T18:14:48.125+0000][1][gc,age      ] GC(259) - age   8:     740208 bytes,   11886600 total
[2024-05-22T18:14:48.125+0000][1][gc,age      ] GC(259) - age   9:     248672 bytes,   12135272 total
[2024-05-22T18:14:48.125+0000][1][gc,age      ] GC(259) - age  10:     109312 bytes,   12244584 total
[2024-05-22T18:14:48.125+0000][1][gc,age      ] GC(259) - age  11:      21560 bytes,   12266144 total
[2024-05-22T18:14:48.125+0000][1][gc,age      ] GC(259) - age  12:      76408 bytes,   12342552 total
[2024-05-22T18:14:48.125+0000][1][gc,age      ] GC(259) - age  13:       1512 bytes,   12344064 total
[2024-05-22T18:14:48.125+0000][1][gc,age      ] GC(259) - age  14:      41040 bytes,   12385104 total
[2024-05-22T18:14:48.125+0000][1][gc,age      ] GC(259) - age  15:         40 bytes,   12385144 total
[2024-05-22T18:14:48.125+0000][1][gc,heap     ] GC(259) Eden regions: 601->0(601)
[2024-05-22T18:14:48.125+0000][1][gc,heap     ] GC(259) Survivor regions: 13->13(77)
[2024-05-22T18:14:48.125+0000][1][gc,heap     ] GC(259) Old regions: 41->40
[2024-05-22T18:14:48.125+0000][1][gc,heap     ] GC(259) Humongous regions: 3->3
[2024-05-22T18:14:48.125+0000][1][gc,metaspace] GC(259) Metaspace: 99806K(101312K)->99806K(101312K) NonClass: 87769K(88384K)->87769K(88384K) Class: 12036K(12928K)->12036K(12928K)
[2024-05-22T18:14:48.125+0000][1][gc          ] GC(259) Pause Young (Mixed) (G1 Evacuation Pause) 657M->54M(1024M) 23.222ms
[2024-05-22T18:14:48.125+0000][1][gc,cpu      ] GC(259) User=0.09s Sys=0.00s Real=0.03s
[2024-05-22T18:14:48.125+0000][1][safepoint   ] Safepoint "G1CollectForAllocation", Time since last: 2731576307385 ns, Reaching safepoint: 102203 ns, Cleanup: 10979 ns, At safepoint: 23339378 ns, Total: 23452560 ns
[2024-05-22T18:41:33.299+0000][1][safepoint   ] Safepoint "Cleanup", Time since last: 1605173857106 ns, Reaching safepoint: 98985 ns, Cleanup: 7280 ns, At safepoint: 6564 ns, Total: 112829 ns
[2024-05-22T19:00:53.412+0000][1][gc,start    ] GC(260) Pause Young (Concurrent Start) (G1 Evacuation Pause)
[2024-05-22T19:00:53.413+0000][1][gc,task     ] GC(260) Using 4 workers of 4 for evacuation
[2024-05-22T19:00:53.413+0000][1][gc,age      ] GC(260) Desired survivor size 40370176 bytes, new threshold 15 (max threshold 15)
[2024-05-22T19:00:53.424+0000][1][gc,phases   ] GC(260)   Pre Evacuate Collection Set: 0.5ms
[2024-05-22T19:00:53.424+0000][1][gc,phases   ] GC(260)   Merge Heap Roots: 0.1ms
[2024-05-22T19:00:53.424+0000][1][gc,phases   ] GC(260)   Evacuate Collection Set: 9.3ms
[2024-05-22T19:00:53.424+0000][1][gc,phases   ] GC(260)   Post Evacuate Collection Set: 1.3ms
[2024-05-22T19:00:53.424+0000][1][gc,phases   ] GC(260)   Other: 0.2ms
[2024-05-22T19:00:53.424+0000][1][gc,age      ] GC(260) Age table with threshold 15 (max threshold 15)
[2024-05-22T19:00:53.424+0000][1][gc,age      ] GC(260) - age   1:    4027752 bytes,    4027752 total
[2024-05-22T19:00:53.424+0000][1][gc,age      ] GC(260) - age   2:    2275752 bytes,    6303504 total
[2024-05-22T19:00:53.424+0000][1][gc,age      ] GC(260) - age   3:    2655328 bytes,    8958832 total
[2024-05-22T19:00:53.424+0000][1][gc,age      ] GC(260) - age   4:     950760 bytes,    9909592 total
[2024-05-22T19:00:53.424+0000][1][gc,age      ] GC(260) - age   5:     712048 bytes,   10621640 total
[2024-05-22T19:00:53.424+0000][1][gc,age      ] GC(260) - age   6:     323496 bytes,   10945136 total
[2024-05-22T19:00:53.424+0000][1][gc,age      ] GC(260) - age   7:     254832 bytes,   11199968 total
[2024-05-22T19:00:53.424+0000][1][gc,age      ] GC(260) - age   8:     136080 bytes,   11336048 total
[2024-05-22T19:00:53.424+0000][1][gc,age      ] GC(260) - age   9:     738936 bytes,   12074984 total
[2024-05-22T19:00:53.424+0000][1][gc,age      ] GC(260) - age  10:     248072 bytes,   12323056 total
[2024-05-22T19:00:53.424+0000][1][gc,age      ] GC(260) - age  11:     107680 bytes,   12430736 total
[2024-05-22T19:00:53.424+0000][1][gc,age      ] GC(260) - age  12:      21560 bytes,   12452296 total
[2024-05-22T19:00:53.424+0000][1][gc,age      ] GC(260) - age  13:      74800 bytes,   12527096 total
[2024-05-22T19:00:53.424+0000][1][gc,age      ] GC(260) - age  14:       1512 bytes,   12528608 total
[2024-05-22T19:00:53.424+0000][1][gc,age      ] GC(260) - age  15:      41040 bytes,   12569648 total
[2024-05-22T19:00:53.424+0000][1][gc,heap     ] GC(260) Eden regions: 601->0(601)
[2024-05-22T19:00:53.424+0000][1][gc,heap     ] GC(260) Survivor regions: 13->13(77)
[2024-05-22T19:00:53.424+0000][1][gc,heap     ] GC(260) Old regions: 40->40
[2024-05-22T19:00:53.424+0000][1][gc,heap     ] GC(260) Humongous regions: 3->3
[2024-05-22T19:00:53.424+0000][1][gc,metaspace] GC(260) Metaspace: 99806K(101312K)->99806K(101312K) NonClass: 87769K(88384K)->87769K(88384K) Class: 12036K(12928K)->12036K(12928K)
[2024-05-22T19:00:53.424+0000][1][gc          ] GC(260) Pause Young (Concurrent Start) (G1 Evacuation Pause) 655M->54M(1024M) 11.871ms
[2024-05-22T19:00:53.424+0000][1][gc,cpu      ] GC(260) User=0.05s Sys=0.00s Real=0.02s
[2024-05-22T19:00:53.424+0000][1][gc          ] GC(261) Concurrent Mark Cycle
[2024-05-22T19:00:53.424+0000][1][gc,marking  ] GC(261) Concurrent Scan Root Regions
[2024-05-22T19:00:53.424+0000][1][safepoint   ] Safepoint "G1CollectForAllocation", Time since last: 1160113213559 ns, Reaching safepoint: 24116 ns, Cleanup: 4796 ns, At safepoint: 11978672 ns, Total: 12007584 ns
[2024-05-22T19:00:53.433+0000][1][gc,marking  ] GC(261) Concurrent Scan Root Regions 8.612ms
[2024-05-22T19:00:53.433+0000][1][gc,marking  ] GC(261) Concurrent Mark
[2024-05-22T19:00:53.433+0000][1][gc,marking  ] GC(261) Concurrent Mark From Roots
[2024-05-22T19:00:53.433+0000][1][gc,task     ] GC(261) Using 1 workers of 1 for marking
[2024-05-22T19:00:53.500+0000][1][gc,marking  ] GC(261) Concurrent Mark From Roots 66.635ms
[2024-05-22T19:00:53.500+0000][1][gc,marking  ] GC(261) Concurrent Preclean
[2024-05-22T19:00:53.500+0000][1][gc,marking  ] GC(261) Concurrent Preclean 0.229ms
[2024-05-22T19:00:53.500+0000][1][gc,start    ] GC(261) Pause Remark
[2024-05-22T19:00:53.509+0000][1][gc          ] GC(261) Pause Remark 59M->59M(1024M) 8.331ms
[2024-05-22T19:00:53.509+0000][1][gc,cpu      ] GC(261) User=0.02s Sys=0.00s Real=0.01s
[2024-05-22T19:00:53.509+0000][1][safepoint   ] Safepoint "G1PauseRemark", Time since last: 75719211 ns, Reaching safepoint: 26982 ns, Cleanup: 5456 ns, At safepoint: 8455052 ns, Total: 8487490 ns
[2024-05-22T19:00:53.509+0000][1][gc,marking  ] GC(261) Concurrent Mark 75.615ms
[2024-05-22T19:00:53.509+0000][1][gc,marking  ] GC(261) Concurrent Rebuild Remembered Sets and Scrub Regions
[2024-05-22T19:00:53.537+0000][1][gc,marking  ] GC(261) Concurrent Rebuild Remembered Sets and Scrub Regions 28.437ms
[2024-05-22T19:00:53.537+0000][1][gc,start    ] GC(261) Pause Cleanup
[2024-05-22T19:00:53.538+0000][1][gc          ] GC(261) Pause Cleanup 59M->59M(1024M) 0.272ms
[2024-05-22T19:00:53.538+0000][1][gc,cpu      ] GC(261) User=0.00s Sys=0.00s Real=0.00s
[2024-05-22T19:00:53.538+0000][1][safepoint   ] Safepoint "G1PauseCleanup", Time since last: 28736405 ns, Reaching safepoint: 19346 ns, Cleanup: 7158 ns, At safepoint: 327513 ns, Total: 354017 ns
[2024-05-22T19:00:53.538+0000][1][gc,marking  ] GC(261) Concurrent Clear Claimed Marks
[2024-05-22T19:00:53.538+0000][1][gc,marking  ] GC(261) Concurrent Clear Claimed Marks 0.135ms
[2024-05-22T19:00:53.538+0000][1][gc,marking  ] GC(261) Concurrent Cleanup for Next Mark
[2024-05-22T19:00:53.541+0000][1][gc,marking  ] GC(261) Concurrent Cleanup for Next Mark 3.275ms
[2024-05-22T19:00:53.541+0000][1][gc          ] GC(261) Concurrent Mark Cycle 116.902ms
[2024-05-22T19:30:58.124+0000][1][safepoint   ] Safepoint "Cleanup", Time since last: 1804585774588 ns, Reaching safepoint: 190079 ns, Cleanup: 40201 ns, At safepoint: 10372 ns, Total: 240652 ns
[2024-05-22T19:30:58.170+0000][1][gc,start    ] GC(262) Pause Young (Prepare Mixed) (G1 Evacuation Pause)
[2024-05-22T19:30:58.171+0000][1][gc,task     ] GC(262) Using 4 workers of 4 for evacuation
[2024-05-22T19:30:58.171+0000][1][gc,age      ] GC(262) Desired survivor size 40370176 bytes, new threshold 15 (max threshold 15)
[2024-05-22T19:30:58.187+0000][1][gc,phases   ] GC(262)   Pre Evacuate Collection Set: 0.5ms
[2024-05-22T19:30:58.187+0000][1][gc,phases   ] GC(262)   Merge Heap Roots: 0.2ms
[2024-05-22T19:30:58.187+0000][1][gc,phases   ] GC(262)   Evacuate Collection Set: 14.0ms
[2024-05-22T19:30:58.187+0000][1][gc,phases   ] GC(262)   Post Evacuate Collection Set: 1.4ms
[2024-05-22T19:30:58.187+0000][1][gc,phases   ] GC(262)   Other: 0.1ms
[2024-05-22T19:30:58.187+0000][1][gc,age      ] GC(262) Age table with threshold 15 (max threshold 15)
[2024-05-22T19:30:58.187+0000][1][gc,age      ] GC(262) - age   1:    4980288 bytes,    4980288 total
[2024-05-22T19:30:58.187+0000][1][gc,age      ] GC(262) - age   2:    2617808 bytes,    7598096 total
[2024-05-22T19:30:58.187+0000][1][gc,age      ] GC(262) - age   3:    2270632 bytes,    9868728 total
[2024-05-22T19:30:58.187+0000][1][gc,age      ] GC(262) - age   4:    1938472 bytes,   11807200 total
[2024-05-22T19:30:58.187+0000][1][gc,age      ] GC(262) - age   5:     633512 bytes,   12440712 total
[2024-05-22T19:30:58.187+0000][1][gc,age      ] GC(262) - age   6:     396416 bytes,   12837128 total
[2024-05-22T19:30:58.187+0000][1][gc,age      ] GC(262) - age   7:     323184 bytes,   13160312 total
[2024-05-22T19:30:58.187+0000][1][gc,age      ] GC(262) - age   8:     127168 bytes,   13287480 total
[2024-05-22T19:30:58.187+0000][1][gc,age      ] GC(262) - age   9:      99928 bytes,   13387408 total
[2024-05-22T19:30:58.187+0000][1][gc,age      ] GC(262) - age  10:     638872 bytes,   14026280 total
[2024-05-22T19:30:58.187+0000][1][gc,age      ] GC(262) - age  11:     248056 bytes,   14274336 total
[2024-05-22T19:30:58.187+0000][1][gc,age      ] GC(262) - age  12:      74224 bytes,   14348560 total
[2024-05-22T19:30:58.187+0000][1][gc,age      ] GC(262) - age  13:      20512 bytes,   14369072 total
[2024-05-22T19:30:58.187+0000][1][gc,age      ] GC(262) - age  14:      39680 bytes,   14408752 total
[2024-05-22T19:30:58.187+0000][1][gc,age      ] GC(262) - age  15:       1512 bytes,   14410264 total
[2024-05-22T19:30:58.187+0000][1][gc,heap     ] GC(262) Eden regions: 601->0(599)
[2024-05-22T19:30:58.187+0000][1][gc,heap     ] GC(262) Survivor regions: 13->15(77)
[2024-05-22T19:30:58.187+0000][1][gc,heap     ] GC(262) Old regions: 40->40
[2024-05-22T19:30:58.187+0000][1][gc,heap     ] GC(262) Humongous regions: 3->3
[2024-05-22T19:30:58.187+0000][1][gc,metaspace] GC(262) Metaspace: 99807K(101312K)->99807K(101312K) NonClass: 87770K(88384K)->87770K(88384K) Class: 12036K(12928K)->12036K(12928K)
[2024-05-22T19:30:58.187+0000][1][gc          ] GC(262) Pause Young (Prepare Mixed) (G1 Evacuation Pause) 655M->57M(1024M) 16.613ms
[2024-05-22T19:30:58.187+0000][1][gc,cpu      ] GC(262) User=0.05s Sys=0.00s Real=0.02s
[2024-05-22T19:30:58.187+0000][1][safepoint   ] Safepoint "G1CollectForAllocation", Time since last: 46690558 ns, Reaching safepoint: 33443 ns, Cleanup: 15512 ns, At safepoint: 16711979 ns, Total: 16760934 ns
[2024-05-22T19:30:59.930+0000][1][safepoint   ] Safepoint "Cleanup", Time since last: 1742664491 ns, Reaching safepoint: 8537 ns, Cleanup: 19792 ns, At safepoint: 4284 ns, Total: 32613 ns
[2024-05-22T19:31:19.933+0000][1][safepoint   ] Safepoint "Cleanup", Time since last: 20003422081 ns, Reaching safepoint: 37249 ns, Cleanup: 26896 ns, At safepoint: 7923 ns, Total: 72068 ns
[2024-05-22T19:32:07.244+0000][1][safepoint   ] Safepoint "Cleanup", Time since last: 47310008571 ns, Reaching safepoint: 163783 ns, Cleanup: 37008 ns, At safepoint: 10840 ns, Total: 211631 ns
[2024-05-22T19:33:21.265+0000][1][safepoint   ] Safepoint "Cleanup", Time since last: 74021401211 ns, Reaching safepoint: 101225 ns, Cleanup: 25262 ns, At safepoint: 7876 ns, Total: 134363 ns
[2024-05-22T19:34:00.276+0000][1][safepoint   ] Safepoint "Cleanup", Time since last: 39010941243 ns, Reaching safepoint: 31619 ns, Cleanup: 18381 ns, At safepoint: 4940 ns, Total: 54940 ns
[2024-05-22T19:34:14.280+0000][1][safepoint   ] Safepoint "Cleanup", Time since last: 14003606891 ns, Reaching safepoint: 121052 ns, Cleanup: 22145 ns, At safepoint: 7967 ns, Total: 151164 ns
[2024-05-22T19:34:19.281+0000][1][safepoint   ] Safepoint "Cleanup", Time since last: 5001220484 ns, Reaching safepoint: 37354 ns, Cleanup: 22385 ns, At safepoint: 8526 ns, Total: 68265 ns
[2024-05-22T19:34:31.285+0000][1][safepoint   ] Safepoint "Cleanup", Time since last: 12003542751 ns, Reaching safepoint: 33843 ns, Cleanup: 19829 ns, At safepoint: 7141 ns, Total: 60813 ns
[2024-05-22T19:34:34.286+0000][1][safepoint   ] Safepoint "Cleanup", Time since last: 3000889760 ns, Reaching safepoint: 37371 ns, Cleanup: 26042 ns, At safepoint: 8363 ns, Total: 71776 ns
[2024-05-22T19:40:57.630+0000][1][safepoint   ] Safepoint "Cleanup", Time since last: 383344588185 ns, Reaching safepoint: 37407 ns, Cleanup: 34366 ns, At safepoint: 7123 ns, Total: 78896 ns
[2024-05-22T19:40:58.631+0000][1][safepoint   ] Safepoint "Cleanup", Time since last: 1000468934 ns, Reaching safepoint: 37891 ns, Cleanup: 27442 ns, At safepoint: 7638 ns, Total: 72971 ns
[2024-05-22T19:42:58.670+0000][1][safepoint   ] Safepoint "Cleanup", Time since last: 120039148115 ns, Reaching safepoint: 8086 ns, Cleanup: 14684 ns, At safepoint: 2903 ns, Total: 25673 ns
[2024-05-22T19:53:51.461+0000][1][gc,start    ] GC(263) Pause Young (Mixed) (G1 Evacuation Pause)
[2024-05-22T19:53:51.461+0000][1][gc,task     ] GC(263) Using 4 workers of 4 for evacuation
[2024-05-22T19:53:51.461+0000][1][gc,age      ] GC(263) Desired survivor size 40370176 bytes, new threshold 15 (max threshold 15)
[2024-05-22T19:53:51.473+0000][1][gc,phases   ] GC(263)   Pre Evacuate Collection Set: 0.5ms
[2024-05-22T19:53:51.473+0000][1][gc,phases   ] GC(263)   Merge Heap Roots: 0.2ms
[2024-05-22T19:53:51.473+0000][1][gc,phases   ] GC(263)   Evacuate Collection Set: 9.9ms
[2024-05-22T19:53:51.473+0000][1][gc,phases   ] GC(263)   Post Evacuate Collection Set: 1.3ms
[2024-05-22T19:53:51.473+0000][1][gc,phases   ] GC(263)   Other: 0.1ms
[2024-05-22T19:53:51.473+0000][1][gc,age      ] GC(263) Age table with threshold 15 (max threshold 15)
[2024-05-22T19:53:51.473+0000][1][gc,age      ] GC(263) - age   1:    5785304 bytes,    5785304 total
[2024-05-22T19:53:51.473+0000][1][gc,age      ] GC(263) - age   2:    1173024 bytes,    6958328 total
[2024-05-22T19:53:51.473+0000][1][gc,age      ] GC(263) - age   3:    1638304 bytes,    8596632 total
[2024-05-22T19:53:51.473+0000][1][gc,age      ] GC(263) - age   4:    1233328 bytes,    9829960 total
[2024-05-22T19:53:51.473+0000][1][gc,age      ] GC(263) - age   5:     273352 bytes,   10103312 total
[2024-05-22T19:53:51.473+0000][1][gc,age      ] GC(263) - age   6:     444664 bytes,   10547976 total
[2024-05-22T19:53:51.473+0000][1][gc,age      ] GC(263) - age   7:     326320 bytes,   10874296 total
[2024-05-22T19:53:51.473+0000][1][gc,age      ] GC(263) - age   8:     266456 bytes,   11140752 total
[2024-05-22T19:53:51.473+0000][1][gc,age      ] GC(263) - age   9:      49856 bytes,   11190608 total
[2024-05-22T19:53:51.473+0000][1][gc,age      ] GC(263) - age  10:       7656 bytes,   11198264 total
[2024-05-22T19:53:51.473+0000][1][gc,age      ] GC(263) - age  11:     486168 bytes,   11684432 total
[2024-05-22T19:53:51.473+0000][1][gc,age      ] GC(263) - age  12:     155680 bytes,   11840112 total
[2024-05-22T19:53:51.473+0000][1][gc,age      ] GC(263) - age  13:      11600 bytes,   11851712 total
[2024-05-22T19:53:51.473+0000][1][gc,age      ] GC(263) - age  14:      20224 bytes,   11871936 total
[2024-05-22T19:53:51.473+0000][1][gc,age      ] GC(263) - age  15:      39344 bytes,   11911280 total
[2024-05-22T19:53:51.473+0000][1][gc,heap     ] GC(263) Eden regions: 599->0(602)
[2024-05-22T19:53:51.473+0000][1][gc,heap     ] GC(263) Survivor regions: 15->12(77)
[2024-05-22T19:53:51.473+0000][1][gc,heap     ] GC(263) Old regions: 40->39
[2024-05-22T19:53:51.473+0000][1][gc,heap     ] GC(263) Humongous regions: 3->3
[2024-05-22T19:53:51.473+0000][1][gc,metaspace] GC(263) Metaspace: 99820K(101312K)->99820K(101312K) NonClass: 87783K(88384K)->87783K(88384K) Class: 12037K(12928K)->12037K(12928K)
[2024-05-22T19:53:51.473+0000][1][gc          ] GC(263) Pause Young (Mixed) (G1 Evacuation Pause) 656M->53M(1024M) 12.410ms
[2024-05-22T19:53:51.473+0000][1][gc,cpu      ] GC(263) User=0.03s Sys=0.00s Real=0.01s
[2024-05-22T19:53:51.473+0000][1][safepoint   ] Safepoint "G1CollectForAllocation", Time since last: 652790611620 ns, Reaching safepoint: 59745 ns, Cleanup: 5365 ns, At safepoint: 12505253 ns, Total: 12570363 ns
[2024-05-22T19:57:43.677+0000][1][safepoint   ] Safepoint "Cleanup", Time since last: 232203373780 ns, Reaching safepoint: 33329 ns, Cleanup: 32737 ns, At safepoint: 5148 ns, Total: 71214 ns
[2024-05-22T19:57:45.678+0000][1][safepoint   ] Safepoint "Cleanup", Time since last: 2000778439 ns, Reaching safepoint: 37205 ns, Cleanup: 22232 ns, At safepoint: 9203 ns, Total: 68640 ns
[2024-05-22T20:01:00.697+0000][1][safepoint   ] Safepoint "Cleanup", Time since last: 195019625115 ns, Reaching safepoint: 42735 ns, Cleanup: 37381 ns, At safepoint: 9864 ns, Total: 89980 ns
[2024-05-22T20:13:12.036+0000][1][safepoint   ] Safepoint "Cleanup", Time since last: 731338814902 ns, Reaching safepoint: 81155 ns, Cleanup: 25225 ns, At safepoint: 5237 ns, Total: 111617 ns
[2024-05-22T20:13:29.041+0000][1][safepoint   ] Safepoint "Cleanup", Time since last: 17004988574 ns, Reaching safepoint: 39621 ns, Cleanup: 26037 ns, At safepoint: 10385 ns, Total: 76043 ns
[2024-05-22T20:27:39.818+0000][1][safepoint   ] Safepoint "Cleanup", Time since last: 850776709360 ns, Reaching safepoint: 37202 ns, Cleanup: 31389 ns, At safepoint: 7558 ns, Total: 76149 ns
[2024-05-22T20:33:28.842+0000][1][safepoint   ] Safepoint "Cleanup", Time since last: 349024354535 ns, Reaching safepoint: 11421 ns, Cleanup: 6523 ns, At safepoint: 4549 ns, Total: 22493 ns
[2024-05-22T20:43:04.395+0000][1][gc,start    ] GC(264) Pause Young (Concurrent Start) (G1 Evacuation Pause)
[2024-05-22T20:43:04.395+0000][1][gc,task     ] GC(264) Using 4 workers of 4 for evacuation
[2024-05-22T20:43:04.395+0000][1][gc,age      ] GC(264) Desired survivor size 40370176 bytes, new threshold 15 (max threshold 15)
[2024-05-22T20:43:04.432+0000][1][gc,phases   ] GC(264)   Pre Evacuate Collection Set: 0.7ms
[2024-05-22T20:43:04.432+0000][1][gc,phases   ] GC(264)   Merge Heap Roots: 0.3ms
[2024-05-22T20:43:04.432+0000][1][gc,phases   ] GC(264)   Evacuate Collection Set: 34.1ms
[2024-05-22T20:43:04.432+0000][1][gc,phases   ] GC(264)   Post Evacuate Collection Set: 1.4ms
[2024-05-22T20:43:04.432+0000][1][gc,phases   ] GC(264)   Other: 0.4ms
[2024-05-22T20:43:04.432+0000][1][gc,age      ] GC(264) Age table with threshold 15 (max threshold 15)
[2024-05-22T20:43:04.432+0000][1][gc,age      ] GC(264) - age   1:    3517992 bytes,    3517992 total
[2024-05-22T20:43:04.432+0000][1][gc,age      ] GC(264) - age   2:    3588656 bytes,    7106648 total
[2024-05-22T20:43:04.432+0000][1][gc,age      ] GC(264) - age   3:    1148112 bytes,    8254760 total
[2024-05-22T20:43:04.432+0000][1][gc,age      ] GC(264) - age   4:    1267384 bytes,    9522144 total
[2024-05-22T20:43:04.432+0000][1][gc,age      ] GC(264) - age   5:     279504 bytes,    9801648 total
[2024-05-22T20:43:04.432+0000][1][gc,age      ] GC(264) - age   6:     272376 bytes,   10074024 total
[2024-05-22T20:43:04.432+0000][1][gc,age      ] GC(264) - age   7:     382512 bytes,   10456536 total
[2024-05-22T20:43:04.432+0000][1][gc,age      ] GC(264) - age   8:     242160 bytes,   10698696 total
[2024-05-22T20:43:04.432+0000][1][gc,age      ] GC(264) - age   9:     101912 bytes,   10800608 total
[2024-05-22T20:43:04.432+0000][1][gc,age      ] GC(264) - age  10:      16688 bytes,   10817296 total
[2024-05-22T20:43:04.432+0000][1][gc,age      ] GC(264) - age  11:       5216 bytes,   10822512 total
[2024-05-22T20:43:04.432+0000][1][gc,age      ] GC(264) - age  12:     338864 bytes,   11161376 total
[2024-05-22T20:43:04.432+0000][1][gc,age      ] GC(264) - age  13:     154744 bytes,   11316120 total
[2024-05-22T20:43:04.432+0000][1][gc,age      ] GC(264) - age  14:       9392 bytes,   11325512 total
[2024-05-22T20:43:04.432+0000][1][gc,age      ] GC(264) - age  15:      19888 bytes,   11345400 total
[2024-05-22T20:43:04.432+0000][1][gc,heap     ] GC(264) Eden regions: 602->0(602)
[2024-05-22T20:43:04.432+0000][1][gc,heap     ] GC(264) Survivor regions: 12->12(77)
[2024-05-22T20:43:04.432+0000][1][gc,heap     ] GC(264) Old regions: 39->39
[2024-05-22T20:43:04.432+0000][1][gc,heap     ] GC(264) Humongous regions: 3->3
[2024-05-22T20:43:04.432+0000][1][gc,metaspace] GC(264) Metaspace: 99820K(101312K)->99820K(101312K) NonClass: 87783K(88384K)->87783K(88384K) Class: 12037K(12928K)->12037K(12928K)
[2024-05-22T20:43:04.432+0000][1][gc          ] GC(264) Pause Young (Concurrent Start) (G1 Evacuation Pause) 655M->52M(1024M) 37.435ms
[2024-05-22T20:43:04.432+0000][1][gc,cpu      ] GC(264) User=0.06s Sys=0.00s Real=0.04s
[2024-05-22T20:43:04.432+0000][1][gc          ] GC(265) Concurrent Mark Cycle
[2024-05-22T20:43:04.432+0000][1][gc,marking  ] GC(265) Concurrent Scan Root Regions
[2024-05-22T20:43:04.432+0000][1][safepoint   ] Safepoint "G1CollectForAllocation", Time since last: 575552238166 ns, Reaching safepoint: 121217 ns, Cleanup: 10794 ns, At safepoint: 37569273 ns, Total: 37701284 ns
[2024-05-22T20:43:04.440+0000][1][gc,marking  ] GC(265) Concurrent Scan Root Regions 7.971ms
[2024-05-22T20:43:04.440+0000][1][gc,marking  ] GC(265) Concurrent Mark
[2024-05-22T20:43:04.440+0000][1][gc,marking  ] GC(265) Concurrent Mark From Roots
[2024-05-22T20:43:04.440+0000][1][gc,task     ] GC(265) Using 1 workers of 1 for marking
[2024-05-22T20:43:04.505+0000][1][gc,marking  ] GC(265) Concurrent Mark From Roots 64.213ms
[2024-05-22T20:43:04.505+0000][1][gc,marking  ] GC(265) Concurrent Preclean
[2024-05-22T20:43:04.505+0000][1][gc,marking  ] GC(265) Concurrent Preclean 0.225ms
[2024-05-22T20:43:04.505+0000][1][gc,start    ] GC(265) Pause Remark
[2024-05-22T20:43:04.513+0000][1][gc          ] GC(265) Pause Remark 52M->52M(1024M) 7.881ms
[2024-05-22T20:43:04.513+0000][1][gc,cpu      ] GC(265) User=0.02s Sys=0.00s Real=0.00s
[2024-05-22T20:43:04.513+0000][1][safepoint   ] Safepoint "G1PauseRemark", Time since last: 72673853 ns, Reaching safepoint: 26852 ns, Cleanup: 4840 ns, At safepoint: 8004159 ns, Total: 8035851 ns
[2024-05-22T20:43:04.513+0000][1][gc,marking  ] GC(265) Concurrent Mark 72.736ms
[2024-05-22T20:43:04.513+0000][1][gc,marking  ] GC(265) Concurrent Rebuild Remembered Sets and Scrub Regions
[2024-05-22T20:43:04.541+0000][1][gc,marking  ] GC(265) Concurrent Rebuild Remembered Sets and Scrub Regions 27.771ms
[2024-05-22T20:43:04.541+0000][1][gc,start    ] GC(265) Pause Cleanup
[2024-05-22T20:43:04.541+0000][1][gc          ] GC(265) Pause Cleanup 52M->52M(1024M) 0.216ms
[2024-05-22T20:43:04.541+0000][1][gc,cpu      ] GC(265) User=0.00s Sys=0.00s Real=0.00s
[2024-05-22T20:43:04.541+0000][1][safepoint   ] Safepoint "G1PauseCleanup", Time since last: 28043205 ns, Reaching safepoint: 19767 ns, Cleanup: 6009 ns, At safepoint: 288456 ns, Total: 314232 ns
[2024-05-22T20:43:04.541+0000][1][gc,marking  ] GC(265) Concurrent Clear Claimed Marks
[2024-05-22T20:43:04.542+0000][1][gc,marking  ] GC(265) Concurrent Clear Claimed Marks 0.133ms
[2024-05-22T20:43:04.542+0000][1][gc,marking  ] GC(265) Concurrent Cleanup for Next Mark
[2024-05-22T20:43:04.545+0000][1][gc,marking  ] GC(265) Concurrent Cleanup for Next Mark 3.354ms
[2024-05-22T20:43:04.545+0000][1][gc          ] GC(265) Concurrent Mark Cycle 112.698ms
[2024-05-22T21:31:48.758+0000][1][gc,start    ] GC(266) Pause Young (Prepare Mixed) (G1 Evacuation Pause)
[2024-05-22T21:31:48.758+0000][1][gc,task     ] GC(266) Using 4 workers of 4 for evacuation
[2024-05-22T21:31:48.758+0000][1][gc,age      ] GC(266) Desired survivor size 40370176 bytes, new threshold 15 (max threshold 15)
[2024-05-22T21:31:48.769+0000][1][gc,phases   ] GC(266)   Pre Evacuate Collection Set: 0.4ms
[2024-05-22T21:31:48.769+0000][1][gc,phases   ] GC(266)   Merge Heap Roots: 0.2ms
[2024-05-22T21:31:48.769+0000][1][gc,phases   ] GC(266)   Evacuate Collection Set: 8.8ms
[2024-05-22T21:31:48.769+0000][1][gc,phases   ] GC(266)   Post Evacuate Collection Set: 1.4ms
[2024-05-22T21:31:48.769+0000][1][gc,phases   ] GC(266)   Other: 0.1ms
[2024-05-22T21:31:48.769+0000][1][gc,age      ] GC(266) Age table with threshold 15 (max threshold 15)
[2024-05-22T21:31:48.769+0000][1][gc,age      ] GC(266) - age   1:    3247064 bytes,    3247064 total
[2024-05-22T21:31:48.769+0000][1][gc,age      ] GC(266) - age   2:    3237960 bytes,    6485024 total
[2024-05-22T21:31:48.769+0000][1][gc,age      ] GC(266) - age   3:    3094648 bytes,    9579672 total
[2024-05-22T21:31:48.769+0000][1][gc,age      ] GC(266) - age   4:     866872 bytes,   10446544 total
[2024-05-22T21:31:48.769+0000][1][gc,age      ] GC(266) - age   5:     279056 bytes,   10725600 total
[2024-05-22T21:31:48.769+0000][1][gc,age      ] GC(266) - age   6:     247408 bytes,   10973008 total
[2024-05-22T21:31:48.769+0000][1][gc,age      ] GC(266) - age   7:     270048 bytes,   11243056 total
[2024-05-22T21:31:48.769+0000][1][gc,age      ] GC(266) - age   8:     307896 bytes,   11550952 total
[2024-05-22T21:31:48.769+0000][1][gc,age      ] GC(266) - age   9:      76064 bytes,   11627016 total
[2024-05-22T21:31:48.769+0000][1][gc,age      ] GC(266) - age  10:     101912 bytes,   11728928 total
[2024-05-22T21:31:48.769+0000][1][gc,age      ] GC(266) - age  11:      16664 bytes,   11745592 total
[2024-05-22T21:31:48.769+0000][1][gc,age      ] GC(266) - age  12:       4720 bytes,   11750312 total
[2024-05-22T21:31:48.769+0000][1][gc,age      ] GC(266) - age  13:     246272 bytes,   11996584 total
[2024-05-22T21:31:48.769+0000][1][gc,age      ] GC(266) - age  14:     119264 bytes,   12115848 total
[2024-05-22T21:31:48.769+0000][1][gc,age      ] GC(266) - age  15:       8376 bytes,   12124224 total
[2024-05-22T21:31:48.769+0000][1][gc,heap     ] GC(266) Eden regions: 602->0(601)
[2024-05-22T21:31:48.769+0000][1][gc,heap     ] GC(266) Survivor regions: 12->13(77)
[2024-05-22T21:31:48.769+0000][1][gc,heap     ] GC(266) Old regions: 39->39
[2024-05-22T21:31:48.769+0000][1][gc,heap     ] GC(266) Humongous regions: 3->3
[2024-05-22T21:31:48.769+0000][1][gc,metaspace] GC(266) Metaspace: 99820K(101312K)->99820K(101312K) NonClass: 87783K(88384K)->87783K(88384K) Class: 12037K(12928K)->12037K(12928K)
[2024-05-22T21:31:48.769+0000][1][gc          ] GC(266) Pause Young (Prepare Mixed) (G1 Evacuation Pause) 654M->54M(1024M) 11.375ms
[2024-05-22T21:31:48.769+0000][1][gc,cpu      ] GC(266) User=0.03s Sys=0.00s Real=0.01s
[2024-05-22T21:31:48.769+0000][1][safepoint   ] Safepoint "G1CollectForAllocation", Time since last: 2924216455783 ns, Reaching safepoint: 46061 ns, Cleanup: 6228 ns, At safepoint: 11470336 ns, Total: 11522625 ns
[2024-05-22T22:22:52.864+0000][1][gc,start    ] GC(267) Pause Young (Mixed) (G1 Evacuation Pause)
[2024-05-22T22:22:52.865+0000][1][gc,task     ] GC(267) Using 4 workers of 4 for evacuation
[2024-05-22T22:22:52.865+0000][1][gc,age      ] GC(267) Desired survivor size 40370176 bytes, new threshold 15 (max threshold 15)
[2024-05-22T22:22:52.969+0000][1][gc,phases   ] GC(267)   Pre Evacuate Collection Set: 0.4ms
[2024-05-22T22:22:52.969+0000][1][gc,phases   ] GC(267)   Merge Heap Roots: 0.2ms
[2024-05-22T22:22:52.969+0000][1][gc,phases   ] GC(267)   Evacuate Collection Set: 100.9ms
[2024-05-22T22:22:52.969+0000][1][gc,phases   ] GC(267)   Post Evacuate Collection Set: 2.4ms
[2024-05-22T22:22:52.969+0000][1][gc,phases   ] GC(267)   Other: 0.2ms
[2024-05-22T22:22:52.969+0000][1][gc,age      ] GC(267) Age table with threshold 15 (max threshold 15)
[2024-05-22T22:22:52.969+0000][1][gc,age      ] GC(267) - age   1:    3614896 bytes,    3614896 total
[2024-05-22T22:22:52.969+0000][1][gc,age      ] GC(267) - age   2:    2137160 bytes,    5752056 total
[2024-05-22T22:22:52.969+0000][1][gc,age      ] GC(267) - age   3:    2556496 bytes,    8308552 total
[2024-05-22T22:22:52.969+0000][1][gc,age      ] GC(267) - age   4:    2300664 bytes,   10609216 total
[2024-05-22T22:22:52.969+0000][1][gc,age      ] GC(267) - age   5:     409528 bytes,   11018744 total
[2024-05-22T22:22:52.969+0000][1][gc,age      ] GC(267) - age   6:     278728 bytes,   11297472 total
[2024-05-22T22:22:52.969+0000][1][gc,age      ] GC(267) - age   7:     181936 bytes,   11479408 total
[2024-05-22T22:22:52.969+0000][1][gc,age      ] GC(267) - age   8:     180360 bytes,   11659768 total
[2024-05-22T22:22:52.969+0000][1][gc,age      ] GC(267) - age   9:     305656 bytes,   11965424 total
[2024-05-22T22:22:52.969+0000][1][gc,age      ] GC(267) - age  10:      75568 bytes,   12040992 total
[2024-05-22T22:22:52.969+0000][1][gc,age      ] GC(267) - age  11:     101912 bytes,   12142904 total
[2024-05-22T22:22:52.969+0000][1][gc,age      ] GC(267) - age  12:      16608 bytes,   12159512 total
[2024-05-22T22:22:52.969+0000][1][gc,age      ] GC(267) - age  13:       4720 bytes,   12164232 total
[2024-05-22T22:22:52.969+0000][1][gc,age      ] GC(267) - age  14:     245448 bytes,   12409680 total
[2024-05-22T22:22:52.969+0000][1][gc,age      ] GC(267) - age  15:     119024 bytes,   12528704 total
[2024-05-22T22:22:52.969+0000][1][gc,heap     ] GC(267) Eden regions: 601->0(601)
[2024-05-22T22:22:52.969+0000][1][gc,heap     ] GC(267) Survivor regions: 13->13(77)
[2024-05-22T22:22:52.969+0000][1][gc,heap     ] GC(267) Old regions: 39->38
[2024-05-22T22:22:52.969+0000][1][gc,heap     ] GC(267) Humongous regions: 3->3
[2024-05-22T22:22:52.969+0000][1][gc,metaspace] GC(267) Metaspace: 99820K(101312K)->99820K(101312K) NonClass: 87783K(88384K)->87783K(88384K) Class: 12037K(12928K)->12037K(12928K)
[2024-05-22T22:22:52.969+0000][1][gc          ] GC(267) Pause Young (Mixed) (G1 Evacuation Pause) 655M->53M(1024M) 104.904ms
[2024-05-22T22:22:52.969+0000][1][gc,cpu      ] GC(267) User=0.07s Sys=0.00s Real=0.10s
[2024-05-22T22:22:52.969+0000][1][safepoint   ] Safepoint "G1CollectForAllocation", Time since last: 3064094964830 ns, Reaching safepoint: 24358 ns, Cleanup: 6441 ns, At safepoint: 105069309 ns, Total: 105100108 ns
[2024-05-22T23:11:51.881+0000][1][gc,start    ] GC(268) Pause Young (Concurrent Start) (G1 Evacuation Pause)
[2024-05-22T23:11:51.881+0000][1][gc,task     ] GC(268) Using 4 workers of 4 for evacuation
[2024-05-22T23:11:51.881+0000][1][gc,age      ] GC(268) Desired survivor size 40370176 bytes, new threshold 15 (max threshold 15)
[2024-05-22T23:11:51.892+0000][1][gc,phases   ] GC(268)   Pre Evacuate Collection Set: 0.4ms
[2024-05-22T23:11:51.892+0000][1][gc,phases   ] GC(268)   Merge Heap Roots: 0.1ms
[2024-05-22T23:11:51.892+0000][1][gc,phases   ] GC(268)   Evacuate Collection Set: 8.9ms
[2024-05-22T23:11:51.892+0000][1][gc,phases   ] GC(268)   Post Evacuate Collection Set: 1.4ms
[2024-05-22T23:11:51.924+0000][1][gc,phases   ] GC(268)   Other: 0.2ms
[2024-05-22T23:11:51.925+0000][1][gc,age      ] GC(268) Age table with threshold 15 (max threshold 15)
[2024-05-22T23:11:51.925+0000][1][gc,age      ] GC(268) - age   1:    2767664 bytes,    2767664 total
[2024-05-22T23:11:51.925+0000][1][gc,age      ] GC(268) - age   2:    2892792 bytes,    5660456 total
[2024-05-22T23:11:51.925+0000][1][gc,age      ] GC(268) - age   3:    1874520 bytes,    7534976 total
[2024-05-22T23:11:51.925+0000][1][gc,age      ] GC(268) - age   4:    1493056 bytes,    9028032 total
[2024-05-22T23:11:51.925+0000][1][gc,age      ] GC(268) - age   5:    1885440 bytes,   10913472 total
[2024-05-22T23:11:51.925+0000][1][gc,age      ] GC(268) - age   6:     377008 bytes,   11290480 total
[2024-05-22T23:11:51.925+0000][1][gc,age      ] GC(268) - age   7:     196960 bytes,   11487440 total
[2024-05-22T23:11:51.925+0000][1][gc,age      ] GC(268) - age   8:      68336 bytes,   11555776 total
[2024-05-22T23:11:51.925+0000][1][gc,age      ] GC(268) - age   9:     149184 bytes,   11704960 total
[2024-05-22T23:11:51.925+0000][1][gc,age      ] GC(268) - age  10:     274928 bytes,   11979888 total
[2024-05-22T23:11:51.925+0000][1][gc,age      ] GC(268) - age  11:      39008 bytes,   12018896 total
[2024-05-22T23:11:51.925+0000][1][gc,age      ] GC(268) - age  12:     101912 bytes,   12120808 total
[2024-05-22T23:11:51.925+0000][1][gc,age      ] GC(268) - age  13:      16608 bytes,   12137416 total
[2024-05-22T23:11:51.925+0000][1][gc,age      ] GC(268) - age  14:       4720 bytes,   12142136 total
[2024-05-22T23:11:51.925+0000][1][gc,age      ] GC(268) - age  15:     245448 bytes,   12387584 total
[2024-05-22T23:11:51.925+0000][1][gc,heap     ] GC(268) Eden regions: 601->0(601)
[2024-05-22T23:11:51.925+0000][1][gc,heap     ] GC(268) Survivor regions: 13->13(77)
[2024-05-22T23:11:51.925+0000][1][gc,heap     ] GC(268) Old regions: 38->38
[2024-05-22T23:11:51.925+0000][1][gc,heap     ] GC(268) Humongous regions: 3->3
[2024-05-22T23:11:51.925+0000][1][gc,metaspace] GC(268) Metaspace: 99820K(101312K)->99820K(101312K) NonClass: 87783K(88384K)->87783K(88384K) Class: 12037K(12928K)->12037K(12928K)
[2024-05-22T23:11:51.925+0000][1][gc          ] GC(268) Pause Young (Concurrent Start) (G1 Evacuation Pause) 654M->53M(1024M) 44.173ms
[2024-05-22T23:11:51.925+0000][1][gc,cpu      ] GC(268) User=0.04s Sys=0.00s Real=0.05s
[2024-05-22T23:11:51.925+0000][1][gc          ] GC(269) Concurrent Mark Cycle
[2024-05-22T23:11:51.925+0000][1][safepoint   ] Safepoint "G1CollectForAllocation", Time since last: 2938910945976 ns, Reaching safepoint: 56948 ns, Cleanup: 6405 ns, At safepoint: 44316633 ns, Total: 44379986 ns
[2024-05-22T23:11:51.925+0000][1][gc,marking  ] GC(269) Concurrent Scan Root Regions
[2024-05-22T23:11:51.933+0000][1][gc,marking  ] GC(269) Concurrent Scan Root Regions 8.663ms
[2024-05-22T23:11:51.934+0000][1][gc,marking  ] GC(269) Concurrent Mark
[2024-05-22T23:11:51.934+0000][1][gc,marking  ] GC(269) Concurrent Mark From Roots
[2024-05-22T23:11:51.934+0000][1][gc,task     ] GC(269) Using 1 workers of 1 for marking
[2024-05-22T23:11:51.997+0000][1][gc,marking  ] GC(269) Concurrent Mark From Roots 63.399ms
[2024-05-22T23:11:51.997+0000][1][gc,marking  ] GC(269) Concurrent Preclean
[2024-05-22T23:11:51.997+0000][1][gc,marking  ] GC(269) Concurrent Preclean 0.226ms
[2024-05-22T23:11:51.997+0000][1][gc,start    ] GC(269) Pause Remark
[2024-05-22T23:11:52.016+0000][1][gc          ] GC(269) Pause Remark 55M->55M(1024M) 18.753ms
[2024-05-22T23:11:52.016+0000][1][gc,cpu      ] GC(269) User=0.07s Sys=0.00s Real=0.02s
[2024-05-22T23:11:52.016+0000][1][safepoint   ] Safepoint "G1PauseRemark", Time since last: 72549895 ns, Reaching safepoint: 27013 ns, Cleanup: 5447 ns, At safepoint: 18881722 ns, Total: 18914182 ns
[2024-05-22T23:11:52.016+0000][1][gc,marking  ] GC(269) Concurrent Mark 82.802ms
[2024-05-22T23:11:52.016+0000][1][gc,marking  ] GC(269) Concurrent Rebuild Remembered Sets and Scrub Regions
[2024-05-22T23:11:52.045+0000][1][gc,marking  ] GC(269) Concurrent Rebuild Remembered Sets and Scrub Regions 28.176ms
[2024-05-22T23:11:52.045+0000][1][gc,start    ] GC(269) Pause Cleanup
[2024-05-22T23:11:52.045+0000][1][gc          ] GC(269) Pause Cleanup 55M->55M(1024M) 0.256ms
[2024-05-22T23:11:52.045+0000][1][gc,cpu      ] GC(269) User=0.00s Sys=0.00s Real=0.00s
[2024-05-22T23:11:52.045+0000][1][safepoint   ] Safepoint "G1PauseCleanup", Time since last: 28419369 ns, Reaching safepoint: 25184 ns, Cleanup: 9109 ns, At safepoint: 317761 ns, Total: 352054 ns
[2024-05-22T23:11:52.045+0000][1][gc,marking  ] GC(269) Concurrent Clear Claimed Marks
[2024-05-22T23:11:52.045+0000][1][gc,marking  ] GC(269) Concurrent Clear Claimed Marks 0.111ms
[2024-05-22T23:11:52.045+0000][1][gc,marking  ] GC(269) Concurrent Cleanup for Next Mark
[2024-05-22T23:11:52.049+0000][1][gc,marking  ] GC(269) Concurrent Cleanup for Next Mark 3.811ms
[2024-05-22T23:11:52.049+0000][1][gc          ] GC(269) Concurrent Mark Cycle 124.330ms
[2024-05-23T00:09:13.467+0000][1][gc,start    ] GC(270) Pause Young (Prepare Mixed) (G1 Evacuation Pause)
[2024-05-23T00:09:13.467+0000][1][gc,task     ] GC(270) Using 4 workers of 4 for evacuation
[2024-05-23T00:09:13.467+0000][1][gc,age      ] GC(270) Desired survivor size 40370176 bytes, new threshold 15 (max threshold 15)
[2024-05-23T00:09:13.477+0000][1][gc,phases   ] GC(270)   Pre Evacuate Collection Set: 0.5ms
[2024-05-23T00:09:13.477+0000][1][gc,phases   ] GC(270)   Merge Heap Roots: 0.2ms
[2024-05-23T00:09:13.477+0000][1][gc,phases   ] GC(270)   Evacuate Collection Set: 8.4ms
[2024-05-23T00:09:13.477+0000][1][gc,phases   ] GC(270)   Post Evacuate Collection Set: 1.3ms
[2024-05-23T00:09:13.477+0000][1][gc,phases   ] GC(270)   Other: 0.1ms
[2024-05-23T00:09:13.477+0000][1][gc,age      ] GC(270) Age table with threshold 15 (max threshold 15)
[2024-05-23T00:09:13.477+0000][1][gc,age      ] GC(270) - age   1:    3931144 bytes,    3931144 total
[2024-05-23T00:09:13.477+0000][1][gc,age      ] GC(270) - age   2:    1803592 bytes,    5734736 total
[2024-05-23T00:09:13.477+0000][1][gc,age      ] GC(270) - age   3:    1511928 bytes,    7246664 total
[2024-05-23T00:09:13.477+0000][1][gc,age      ] GC(270) - age   4:     791416 bytes,    8038080 total
[2024-05-23T00:09:13.477+0000][1][gc,age      ] GC(270) - age   5:     962824 bytes,    9000904 total
[2024-05-23T00:09:13.477+0000][1][gc,age      ] GC(270) - age   6:    1464464 bytes,   10465368 total
[2024-05-23T00:09:13.477+0000][1][gc,age      ] GC(270) - age   7:     320856 bytes,   10786224 total
[2024-05-23T00:09:13.477+0000][1][gc,age      ] GC(270) - age   8:     106320 bytes,   10892544 total
[2024-05-23T00:09:13.477+0000][1][gc,age      ] GC(270) - age   9:      68336 bytes,   10960880 total
[2024-05-23T00:09:13.477+0000][1][gc,age      ] GC(270) - age  10:     148840 bytes,   11109720 total
[2024-05-23T00:09:13.477+0000][1][gc,age      ] GC(270) - age  11:     274768 bytes,   11384488 total
[2024-05-23T00:09:13.477+0000][1][gc,age      ] GC(270) - age  12:      39008 bytes,   11423496 total
[2024-05-23T00:09:13.477+0000][1][gc,age      ] GC(270) - age  13:     101912 bytes,   11525408 total
[2024-05-23T00:09:13.477+0000][1][gc,age      ] GC(270) - age  14:      16608 bytes,   11542016 total
[2024-05-23T00:09:13.477+0000][1][gc,age      ] GC(270) - age  15:       4720 bytes,   11546736 total
[2024-05-23T00:09:13.477+0000][1][gc,heap     ] GC(270) Eden regions: 601->0(602)
[2024-05-23T00:09:13.477+0000][1][gc,heap     ] GC(270) Survivor regions: 13->12(77)
[2024-05-23T00:09:13.477+0000][1][gc,heap     ] GC(270) Old regions: 38->38
[2024-05-23T00:09:13.477+0000][1][gc,heap     ] GC(270) Humongous regions: 3->3
[2024-05-23T00:09:13.477+0000][1][gc,metaspace] GC(270) Metaspace: 99811K(101312K)->99811K(101312K) NonClass: 87776K(88384K)->87776K(88384K) Class: 12034K(12928K)->12034K(12928K)
[2024-05-23T00:09:13.477+0000][1][gc          ] GC(270) Pause Young (Prepare Mixed) (G1 Evacuation Pause) 654M->52M(1024M) 10.795ms
[2024-05-23T00:09:13.477+0000][1][gc,cpu      ] GC(270) User=0.04s Sys=0.00s Real=0.01s
[2024-05-23T00:09:13.477+0000][1][safepoint   ] Safepoint "G1CollectForAllocation", Time since last: 3441421475836 ns, Reaching safepoint: 57792 ns, Cleanup: 6793 ns, At safepoint: 10913988 ns, Total: 10978573 ns
[2024-05-23T01:10:01.124+0000][1][gc,start    ] GC(271) Pause Young (Mixed) (G1 Evacuation Pause)
[2024-05-23T01:10:01.124+0000][1][gc,task     ] GC(271) Using 4 workers of 4 for evacuation
[2024-05-23T01:10:01.124+0000][1][gc,age      ] GC(271) Desired survivor size 40370176 bytes, new threshold 15 (max threshold 15)
[2024-05-23T01:10:01.135+0000][1][gc,phases   ] GC(271)   Pre Evacuate Collection Set: 0.5ms
[2024-05-23T01:10:01.135+0000][1][gc,phases   ] GC(271)   Merge Heap Roots: 0.2ms
[2024-05-23T01:10:01.135+0000][1][gc,phases   ] GC(271)   Evacuate Collection Set: 8.5ms
[2024-05-23T01:10:01.135+0000][1][gc,phases   ] GC(271)   Post Evacuate Collection Set: 1.4ms
[2024-05-23T01:10:01.135+0000][1][gc,phases   ] GC(271)   Other: 0.1ms
[2024-05-23T01:10:01.135+0000][1][gc,age      ] GC(271) Age table with threshold 15 (max threshold 15)
[2024-05-23T01:10:01.135+0000][1][gc,age      ] GC(271) - age   1:    3289928 bytes,    3289928 total
[2024-05-23T01:10:01.135+0000][1][gc,age      ] GC(271) - age   2:    2498472 bytes,    5788400 total
[2024-05-23T01:10:01.135+0000][1][gc,age      ] GC(271) - age   3:    1714456 bytes,    7502856 total
[2024-05-23T01:10:01.135+0000][1][gc,age      ] GC(271) - age   4:     327688 bytes,    7830544 total
[2024-05-23T01:10:01.135+0000][1][gc,age      ] GC(271) - age   5:     684520 bytes,    8515064 total
[2024-05-23T01:10:01.135+0000][1][gc,age      ] GC(271) - age   6:     582576 bytes,    9097640 total
[2024-05-23T01:10:01.135+0000][1][gc,age      ] GC(271) - age   7:    1256872 bytes,   10354512 total
[2024-05-23T01:10:01.135+0000][1][gc,age      ] GC(271) - age   8:     282192 bytes,   10636704 total
[2024-05-23T01:10:01.135+0000][1][gc,age      ] GC(271) - age   9:     106192 bytes,   10742896 total
[2024-05-23T01:10:01.135+0000][1][gc,age      ] GC(271) - age  10:      68336 bytes,   10811232 total
[2024-05-23T01:10:01.135+0000][1][gc,age      ] GC(271) - age  11:     148840 bytes,   10960072 total
[2024-05-23T01:10:01.135+0000][1][gc,age      ] GC(271) - age  12:     274768 bytes,   11234840 total
[2024-05-23T01:10:01.135+0000][1][gc,age      ] GC(271) - age  13:      39008 bytes,   11273848 total
[2024-05-23T01:10:01.135+0000][1][gc,age      ] GC(271) - age  14:     101912 bytes,   11375760 total
[2024-05-23T01:10:01.135+0000][1][gc,age      ] GC(271) - age  15:      16608 bytes,   11392368 total
[2024-05-23T01:10:01.135+0000][1][gc,heap     ] GC(271) Eden regions: 602->0(602)
[2024-05-23T01:10:01.135+0000][1][gc,heap     ] GC(271) Survivor regions: 12->12(77)
[2024-05-23T01:10:01.135+0000][1][gc,heap     ] GC(271) Old regions: 38->38
[2024-05-23T01:10:01.135+0000][1][gc,heap     ] GC(271) Humongous regions: 3->3
[2024-05-23T01:10:01.135+0000][1][gc,metaspace] GC(271) Metaspace: 99811K(101312K)->99811K(101312K) NonClass: 87776K(88384K)->87776K(88384K) Class: 12034K(12928K)->12034K(12928K)
[2024-05-23T01:10:01.135+0000][1][gc          ] GC(271) Pause Young (Mixed) (G1 Evacuation Pause) 654M->52M(1024M) 11.180ms
[2024-05-23T01:10:01.135+0000][1][gc,cpu      ] GC(271) User=0.04s Sys=0.00s Real=0.00s
[2024-05-23T01:10:01.135+0000][1][safepoint   ] Safepoint "G1CollectForAllocation", Time since last: 3647646451447 ns, Reaching safepoint: 23810 ns, Cleanup: 5372 ns, At safepoint: 11271492 ns, Total: 11300674 ns
[2024-05-23T01:27:16.262+0000][1][safepoint   ] Safepoint "Cleanup", Time since last: 1035126952487 ns, Reaching safepoint: 40864 ns, Cleanup: 23491 ns, At safepoint: 8425 ns, Total: 72780 ns
[2024-05-23T01:41:05.334+0000][1][safepoint   ] Safepoint "Cleanup", Time since last: 829071320055 ns, Reaching safepoint: 16283 ns, Cleanup: 17114 ns, At safepoint: 6693 ns, Total: 40090 ns
[2024-05-23T02:16:02.750+0000][1][gc,start    ] GC(272) Pause Young (Concurrent Start) (G1 Evacuation Pause)
[2024-05-23T02:16:02.750+0000][1][gc,task     ] GC(272) Using 4 workers of 4 for evacuation
[2024-05-23T02:16:02.750+0000][1][gc,age      ] GC(272) Desired survivor size 40370176 bytes, new threshold 15 (max threshold 15)
[2024-05-23T02:16:02.760+0000][1][gc,phases   ] GC(272)   Pre Evacuate Collection Set: 0.6ms
[2024-05-23T02:16:02.761+0000][1][gc,phases   ] GC(272)   Merge Heap Roots: 0.3ms
[2024-05-23T02:16:02.761+0000][1][gc,phases   ] GC(272)   Evacuate Collection Set: 8.0ms
[2024-05-23T02:16:02.761+0000][1][gc,phases   ] GC(272)   Post Evacuate Collection Set: 1.5ms
[2024-05-23T02:16:02.761+0000][1][gc,phases   ] GC(272)   Other: 0.2ms
[2024-05-23T02:16:02.761+0000][1][gc,age      ] GC(272) Age table with threshold 15 (max threshold 15)
[2024-05-23T02:16:02.761+0000][1][gc,age      ] GC(272) - age   1:    3350312 bytes,    3350312 total
[2024-05-23T02:16:02.761+0000][1][gc,age      ] GC(272) - age   2:    1881176 bytes,    5231488 total
[2024-05-23T02:16:02.761+0000][1][gc,age      ] GC(272) - age   3:    2012184 bytes,    7243672 total
[2024-05-23T02:16:02.761+0000][1][gc,age      ] GC(272) - age   4:     347784 bytes,    7591456 total
[2024-05-23T02:16:02.761+0000][1][gc,age      ] GC(272) - age   5:     284240 bytes,    7875696 total
[2024-05-23T02:16:02.761+0000][1][gc,age      ] GC(272) - age   6:     429912 bytes,    8305608 total
[2024-05-23T02:16:02.761+0000][1][gc,age      ] GC(272) - age   7:     400392 bytes,    8706000 total
[2024-05-23T02:16:02.761+0000][1][gc,age      ] GC(272) - age   8:    1187504 bytes,    9893504 total
[2024-05-23T02:16:02.761+0000][1][gc,age      ] GC(272) - age   9:     248912 bytes,   10142416 total
[2024-05-23T02:16:02.761+0000][1][gc,age      ] GC(272) - age  10:     105856 bytes,   10248272 total
[2024-05-23T02:16:02.761+0000][1][gc,age      ] GC(272) - age  11:      68336 bytes,   10316608 total
[2024-05-23T02:16:02.761+0000][1][gc,age      ] GC(272) - age  12:     148840 bytes,   10465448 total
[2024-05-23T02:16:02.761+0000][1][gc,age      ] GC(272) - age  13:     274768 bytes,   10740216 total
[2024-05-23T02:16:02.761+0000][1][gc,age      ] GC(272) - age  14:      38976 bytes,   10779192 total
[2024-05-23T02:16:02.761+0000][1][gc,age      ] GC(272) - age  15:     101912 bytes,   10881104 total
[2024-05-23T02:16:02.761+0000][1][gc,heap     ] GC(272) Eden regions: 602->0(602)
[2024-05-23T02:16:02.761+0000][1][gc,heap     ] GC(272) Survivor regions: 12->12(77)
[2024-05-23T02:16:02.761+0000][1][gc,heap     ] GC(272) Old regions: 38->38
[2024-05-23T02:16:02.761+0000][1][gc,heap     ] GC(272) Humongous regions: 3->3
[2024-05-23T02:16:02.761+0000][1][gc,metaspace] GC(272) Metaspace: 99823K(101376K)->99823K(101376K) NonClass: 87788K(88448K)->87788K(88448K) Class: 12034K(12928K)->12034K(12928K)
[2024-05-23T02:16:02.761+0000][1][gc          ] GC(272) Pause Young (Concurrent Start) (G1 Evacuation Pause) 654M->52M(1024M) 10.926ms
[2024-05-23T02:16:02.761+0000][1][gc          ] GC(273) Concurrent Mark Cycle
[2024-05-23T02:16:02.761+0000][1][gc,marking  ] GC(273) Concurrent Scan Root Regions
[2024-05-23T02:16:02.761+0000][1][gc,cpu      ] GC(272) User=0.03s Sys=0.00s Real=0.01s
[2024-05-23T02:16:02.761+0000][1][safepoint   ] Safepoint "G1CollectForAllocation", Time since last: 2097416131234 ns, Reaching safepoint: 25322 ns, Cleanup: 5540 ns, At safepoint: 11053381 ns, Total: 11084243 ns
[2024-05-23T02:16:02.769+0000][1][gc,marking  ] GC(273) Concurrent Scan Root Regions 7.688ms
[2024-05-23T02:16:02.769+0000][1][gc,marking  ] GC(273) Concurrent Mark
[2024-05-23T02:16:02.769+0000][1][gc,marking  ] GC(273) Concurrent Mark From Roots
[2024-05-23T02:16:02.769+0000][1][gc,task     ] GC(273) Using 1 workers of 1 for marking
[2024-05-23T02:16:02.830+0000][1][gc,marking  ] GC(273) Concurrent Mark From Roots 61.578ms
[2024-05-23T02:16:02.830+0000][1][gc,marking  ] GC(273) Concurrent Preclean
[2024-05-23T02:16:02.830+0000][1][gc,marking  ] GC(273) Concurrent Preclean 0.234ms
[2024-05-23T02:16:02.831+0000][1][gc,start    ] GC(273) Pause Remark
[2024-05-23T02:16:02.869+0000][1][gc          ] GC(273) Pause Remark 53M->53M(1024M) 37.914ms
[2024-05-23T02:16:02.869+0000][1][gc,cpu      ] GC(273) User=0.03s Sys=0.00s Real=0.04s
[2024-05-23T02:16:02.869+0000][1][safepoint   ] Safepoint "G1PauseRemark", Time since last: 69721972 ns, Reaching safepoint: 26967 ns, Cleanup: 5058 ns, At safepoint: 38080605 ns, Total: 38112630 ns
[2024-05-23T02:16:02.869+0000][1][gc,marking  ] GC(273) Concurrent Mark 100.174ms
[2024-05-23T02:16:02.869+0000][1][gc,marking  ] GC(273) Concurrent Rebuild Remembered Sets and Scrub Regions
[2024-05-23T02:16:02.896+0000][1][gc,marking  ] GC(273) Concurrent Rebuild Remembered Sets and Scrub Regions 27.395ms
[2024-05-23T02:16:02.896+0000][1][gc,start    ] GC(273) Pause Cleanup
[2024-05-23T02:16:02.897+0000][1][gc          ] GC(273) Pause Cleanup 53M->53M(1024M) 0.287ms
[2024-05-23T02:16:02.897+0000][1][gc,cpu      ] GC(273) User=0.00s Sys=0.00s Real=0.00s
[2024-05-23T02:16:02.897+0000][1][safepoint   ] Safepoint "G1PauseCleanup", Time since last: 27637532 ns, Reaching safepoint: 19550 ns, Cleanup: 4679 ns, At safepoint: 351360 ns, Total: 375589 ns
[2024-05-23T02:16:02.897+0000][1][gc,marking  ] GC(273) Concurrent Clear Claimed Marks
[2024-05-23T02:16:02.897+0000][1][gc,marking  ] GC(273) Concurrent Clear Claimed Marks 0.123ms
[2024-05-23T02:16:02.897+0000][1][gc,marking  ] GC(273) Concurrent Cleanup for Next Mark
[2024-05-23T02:16:02.900+0000][1][gc,marking  ] GC(273) Concurrent Cleanup for Next Mark 3.227ms
[2024-05-23T02:16:02.900+0000][1][gc          ] GC(273) Concurrent Mark Cycle 139.408ms
[2024-05-23T02:55:51.696+0000][1][safepoint   ] Safepoint "Cleanup", Time since last: 2388798814563 ns, Reaching safepoint: 107155 ns, Cleanup: 23311 ns, At safepoint: 9237 ns, Total: 139703 ns
[2024-05-23T02:56:11.700+0000][1][safepoint   ] Safepoint "Cleanup", Time since last: 20003938449 ns, Reaching safepoint: 43518 ns, Cleanup: 27769 ns, At safepoint: 9361 ns, Total: 80648 ns
[2024-05-23T03:20:12.616+0000][1][gc,start    ] GC(274) Pause Young (Prepare Mixed) (G1 Evacuation Pause)
[2024-05-23T03:20:12.616+0000][1][gc,task     ] GC(274) Using 4 workers of 4 for evacuation
[2024-05-23T03:20:12.616+0000][1][gc,age      ] GC(274) Desired survivor size 40370176 bytes, new threshold 15 (max threshold 15)
[2024-05-23T03:20:12.648+0000][1][gc,phases   ] GC(274)   Pre Evacuate Collection Set: 0.4ms
[2024-05-23T03:20:12.648+0000][1][gc,phases   ] GC(274)   Merge Heap Roots: 0.2ms
[2024-05-23T03:20:12.648+0000][1][gc,phases   ] GC(274)   Evacuate Collection Set: 29.7ms
[2024-05-23T03:20:12.648+0000][1][gc,phases   ] GC(274)   Post Evacuate Collection Set: 1.5ms
[2024-05-23T03:20:12.648+0000][1][gc,phases   ] GC(274)   Other: 0.1ms
[2024-05-23T03:20:12.648+0000][1][gc,age      ] GC(274) Age table with threshold 15 (max threshold 15)
[2024-05-23T03:20:12.648+0000][1][gc,age      ] GC(274) - age   1:    3478384 bytes,    3478384 total
[2024-05-23T03:20:12.648+0000][1][gc,age      ] GC(274) - age   2:    2041368 bytes,    5519752 total
[2024-05-23T03:20:12.648+0000][1][gc,age      ] GC(274) - age   3:    1664480 bytes,    7184232 total
[2024-05-23T03:20:12.648+0000][1][gc,age      ] GC(274) - age   4:     875616 bytes,    8059848 total
[2024-05-23T03:20:12.648+0000][1][gc,age      ] GC(274) - age   5:     327752 bytes,    8387600 total
[2024-05-23T03:20:12.648+0000][1][gc,age      ] GC(274) - age   6:     266560 bytes,    8654160 total
[2024-05-23T03:20:12.648+0000][1][gc,age      ] GC(274) - age   7:     269352 bytes,    8923512 total
[2024-05-23T03:20:12.648+0000][1][gc,age      ] GC(274) - age   8:     400152 bytes,    9323664 total
[2024-05-23T03:20:12.648+0000][1][gc,age      ] GC(274) - age   9:    1156192 bytes,   10479856 total
[2024-05-23T03:20:12.648+0000][1][gc,age      ] GC(274) - age  10:     248912 bytes,   10728768 total
[2024-05-23T03:20:12.648+0000][1][gc,age      ] GC(274) - age  11:      73960 bytes,   10802728 total
[2024-05-23T03:20:12.648+0000][1][gc,age      ] GC(274) - age  12:      68336 bytes,   10871064 total
[2024-05-23T03:20:12.648+0000][1][gc,age      ] GC(274) - age  13:      86824 bytes,   10957888 total
[2024-05-23T03:20:12.648+0000][1][gc,age      ] GC(274) - age  14:     243960 bytes,   11201848 total
[2024-05-23T03:20:12.648+0000][1][gc,age      ] GC(274) - age  15:        792 bytes,   11202640 total
[2024-05-23T03:20:12.648+0000][1][gc,heap     ] GC(274) Eden regions: 602->0(602)
[2024-05-23T03:20:12.648+0000][1][gc,heap     ] GC(274) Survivor regions: 12->12(77)
[2024-05-23T03:20:12.648+0000][1][gc,heap     ] GC(274) Old regions: 38->38
[2024-05-23T03:20:12.648+0000][1][gc,heap     ] GC(274) Humongous regions: 3->3
[2024-05-23T03:20:12.648+0000][1][gc,metaspace] GC(274) Metaspace: 99823K(101376K)->99823K(101376K) NonClass: 87788K(88448K)->87788K(88448K) Class: 12034K(12928K)->12034K(12928K)
[2024-05-23T03:20:12.648+0000][1][gc          ] GC(274) Pause Young (Prepare Mixed) (G1 Evacuation Pause) 654M->52M(1024M) 32.384ms
[2024-05-23T03:20:12.648+0000][1][gc,cpu      ] GC(274) User=0.05s Sys=0.00s Real=0.03s
[2024-05-23T03:20:12.649+0000][1][safepoint   ] Safepoint "G1CollectForAllocation", Time since last: 1440916349020 ns, Reaching safepoint: 22559 ns, Cleanup: 6658 ns, At safepoint: 32473421 ns, Total: 32502638 ns
[2024-05-23T04:04:37.073+0000][1][safepoint   ] Safepoint "Cleanup", Time since last: 2664424035787 ns, Reaching safepoint: 32373 ns, Cleanup: 19106 ns, At safepoint: 61279 ns, Total: 112758 ns
[2024-05-23T04:18:38.212+0000][1][gc,start    ] GC(275) Pause Young (Mixed) (G1 Evacuation Pause)
[2024-05-23T04:18:38.212+0000][1][gc,task     ] GC(275) Using 4 workers of 4 for evacuation
[2024-05-23T04:18:38.212+0000][1][gc,age      ] GC(275) Desired survivor size 40370176 bytes, new threshold 15 (max threshold 15)
[2024-05-23T04:18:38.223+0000][1][gc,phases   ] GC(275)   Pre Evacuate Collection Set: 0.4ms
[2024-05-23T04:18:38.223+0000][1][gc,phases   ] GC(275)   Merge Heap Roots: 0.2ms
[2024-05-23T04:18:38.223+0000][1][gc,phases   ] GC(275)   Evacuate Collection Set: 9.0ms
[2024-05-23T04:18:38.223+0000][1][gc,phases   ] GC(275)   Post Evacuate Collection Set: 1.2ms
[2024-05-23T04:18:38.223+0000][1][gc,phases   ] GC(275)   Other: 0.1ms
[2024-05-23T04:18:38.223+0000][1][gc,age      ] GC(275) Age table with threshold 15 (max threshold 15)
[2024-05-23T04:18:38.223+0000][1][gc,age      ] GC(275) - age   1:    2981776 bytes,    2981776 total
[2024-05-23T04:18:38.223+0000][1][gc,age      ] GC(275) - age   2:    2782248 bytes,    5764024 total
[2024-05-23T04:18:38.223+0000][1][gc,age      ] GC(275) - age   3:    1930168 bytes,    7694192 total
[2024-05-23T04:18:38.223+0000][1][gc,age      ] GC(275) - age   4:     370560 bytes,    8064752 total
[2024-05-23T04:18:38.223+0000][1][gc,age      ] GC(275) - age   5:     854784 bytes,    8919536 total
[2024-05-23T04:18:38.223+0000][1][gc,age      ] GC(275) - age   6:     312088 bytes,    9231624 total
[2024-05-23T04:18:38.223+0000][1][gc,age      ] GC(275) - age   7:     127104 bytes,    9358728 total
[2024-05-23T04:18:38.223+0000][1][gc,age      ] GC(275) - age   8:     269352 bytes,    9628080 total
[2024-05-23T04:18:38.223+0000][1][gc,age      ] GC(275) - age   9:     400152 bytes,   10028232 total
[2024-05-23T04:18:38.223+0000][1][gc,age      ] GC(275) - age  10:    1156192 bytes,   11184424 total
[2024-05-23T04:18:38.223+0000][1][gc,age      ] GC(275) - age  11:     208608 bytes,   11393032 total
[2024-05-23T04:18:38.223+0000][1][gc,age      ] GC(275) - age  12:      73960 bytes,   11466992 total
[2024-05-23T04:18:38.223+0000][1][gc,age      ] GC(275) - age  13:      68336 bytes,   11535328 total
[2024-05-23T04:18:38.224+0000][1][gc,age      ] GC(275) - age  14:      86824 bytes,   11622152 total
[2024-05-23T04:18:38.224+0000][1][gc,age      ] GC(275) - age  15:     243960 bytes,   11866112 total
[2024-05-23T04:18:38.224+0000][1][gc,heap     ] GC(275) Eden regions: 602->0(601)
[2024-05-23T04:18:38.224+0000][1][gc,heap     ] GC(275) Survivor regions: 12->13(77)
[2024-05-23T04:18:38.224+0000][1][gc,heap     ] GC(275) Old regions: 38->38
[2024-05-23T04:18:38.224+0000][1][gc,heap     ] GC(275) Humongous regions: 3->3
[2024-05-23T04:18:38.224+0000][1][gc,metaspace] GC(275) Metaspace: 99823K(101376K)->99823K(101376K) NonClass: 87788K(88448K)->87788K(88448K) Class: 12034K(12928K)->12034K(12928K)
[2024-05-23T04:18:38.224+0000][1][gc          ] GC(275) Pause Young (Mixed) (G1 Evacuation Pause) 654M->52M(1024M) 11.327ms
[2024-05-23T04:18:38.224+0000][1][gc,cpu      ] GC(275) User=0.04s Sys=0.00s Real=0.02s
[2024-05-23T04:18:38.224+0000][1][safepoint   ] Safepoint "G1CollectForAllocation", Time since last: 841139534551 ns, Reaching safepoint: 55836 ns, Cleanup: 7170 ns, At safepoint: 11417602 ns, Total: 11480608 ns
[2024-05-23T05:16:15.931+0000][1][gc,start    ] GC(276) Pause Young (Concurrent Start) (G1 Evacuation Pause)
[2024-05-23T05:16:15.931+0000][1][gc,task     ] GC(276) Using 4 workers of 4 for evacuation
[2024-05-23T05:16:15.931+0000][1][gc,age      ] GC(276) Desired survivor size 40370176 bytes, new threshold 15 (max threshold 15)
[2024-05-23T05:16:15.942+0000][1][gc,phases   ] GC(276)   Pre Evacuate Collection Set: 0.6ms
[2024-05-23T05:16:15.942+0000][1][gc,phases   ] GC(276)   Merge Heap Roots: 0.3ms
[2024-05-23T05:16:15.942+0000][1][gc,phases   ] GC(276)   Evacuate Collection Set: 8.0ms
[2024-05-23T05:16:15.942+0000][1][gc,phases   ] GC(276)   Post Evacuate Collection Set: 1.4ms
[2024-05-23T05:16:15.942+0000][1][gc,phases   ] GC(276)   Other: 0.2ms
[2024-05-23T05:16:15.942+0000][1][gc,age      ] GC(276) Age table with threshold 15 (max threshold 15)
[2024-05-23T05:16:15.942+0000][1][gc,age      ] GC(276) - age   1:    4277544 bytes,    4277544 total
[2024-05-23T05:16:15.942+0000][1][gc,age      ] GC(276) - age   2:    1495408 bytes,    5772952 total
[2024-05-23T05:16:15.942+0000][1][gc,age      ] GC(276) - age   3:    2018832 bytes,    7791784 total
[2024-05-23T05:16:15.942+0000][1][gc,age      ] GC(276) - age   4:     390688 bytes,    8182472 total
[2024-05-23T05:16:15.942+0000][1][gc,age      ] GC(276) - age   5:     322808 bytes,    8505280 total
[2024-05-23T05:16:15.942+0000][1][gc,age      ] GC(276) - age   6:     593288 bytes,    9098568 total
[2024-05-23T05:16:15.942+0000][1][gc,age      ] GC(276) - age   7:     165504 bytes,    9264072 total
[2024-05-23T05:16:15.942+0000][1][gc,age      ] GC(276) - age   8:     122720 bytes,    9386792 total
[2024-05-23T05:16:15.942+0000][1][gc,age      ] GC(276) - age   9:     266064 bytes,    9652856 total
[2024-05-23T05:16:15.942+0000][1][gc,age      ] GC(276) - age  10:     193240 bytes,    9846096 total
[2024-05-23T05:16:15.942+0000][1][gc,age      ] GC(276) - age  11:    1154512 bytes,   11000608 total
[2024-05-23T05:16:15.942+0000][1][gc,age      ] GC(276) - age  12:     163192 bytes,   11163800 total
[2024-05-23T05:16:15.942+0000][1][gc,age      ] GC(276) - age  13:      33416 bytes,   11197216 total
[2024-05-23T05:16:15.942+0000][1][gc,age      ] GC(276) - age  14:      68336 bytes,   11265552 total
[2024-05-23T05:16:15.942+0000][1][gc,age      ] GC(276) - age  15:      86824 bytes,   11352376 total
[2024-05-23T05:16:15.942+0000][1][gc,heap     ] GC(276) Eden regions: 601->0(601)
[2024-05-23T05:16:15.942+0000][1][gc,heap     ] GC(276) Survivor regions: 13->13(77)
[2024-05-23T05:16:15.942+0000][1][gc,heap     ] GC(276) Old regions: 38->38
[2024-05-23T05:16:15.942+0000][1][gc,heap     ] GC(276) Humongous regions: 3->3
[2024-05-23T05:16:15.942+0000][1][gc,metaspace] GC(276) Metaspace: 99823K(101376K)->99823K(101376K) NonClass: 87788K(88448K)->87788K(88448K) Class: 12034K(12928K)->12034K(12928K)
[2024-05-23T05:16:15.942+0000][1][gc          ] GC(276) Pause Young (Concurrent Start) (G1 Evacuation Pause) 653M->53M(1024M) 10.881ms
[2024-05-23T05:16:15.942+0000][1][gc          ] GC(277) Concurrent Mark Cycle
[2024-05-23T05:16:15.942+0000][1][gc,marking  ] GC(277) Concurrent Scan Root Regions
[2024-05-23T05:16:15.942+0000][1][gc,cpu      ] GC(276) User=0.03s Sys=0.00s Real=0.01s
[2024-05-23T05:16:15.942+0000][1][safepoint   ] Safepoint "G1CollectForAllocation", Time since last: 3457707437075 ns, Reaching safepoint: 91853 ns, Cleanup: 5729 ns, At safepoint: 11017103 ns, Total: 11114685 ns
[2024-05-23T05:16:15.950+0000][1][gc,marking  ] GC(277) Concurrent Scan Root Regions 7.692ms
[2024-05-23T05:16:15.950+0000][1][gc,marking  ] GC(277) Concurrent Mark
[2024-05-23T05:16:15.950+0000][1][gc,marking  ] GC(277) Concurrent Mark From Roots
[2024-05-23T05:16:15.950+0000][1][gc,task     ] GC(277) Using 1 workers of 1 for marking
[2024-05-23T05:16:16.013+0000][1][gc,marking  ] GC(277) Concurrent Mark From Roots 62.717ms
[2024-05-23T05:16:16.013+0000][1][gc,marking  ] GC(277) Concurrent Preclean
[2024-05-23T05:16:16.013+0000][1][gc,marking  ] GC(277) Concurrent Preclean 0.228ms
[2024-05-23T05:16:16.013+0000][1][gc,start    ] GC(277) Pause Remark
[2024-05-23T05:16:16.022+0000][1][gc          ] GC(277) Pause Remark 53M->53M(1024M) 9.187ms
[2024-05-23T05:16:16.022+0000][1][gc,cpu      ] GC(277) User=0.03s Sys=0.00s Real=0.01s
[2024-05-23T05:16:16.022+0000][1][safepoint   ] Safepoint "G1PauseRemark", Time since last: 70865236 ns, Reaching safepoint: 26587 ns, Cleanup: 5127 ns, At safepoint: 9311386 ns, Total: 9343100 ns
[2024-05-23T05:16:16.023+0000][1][gc,marking  ] GC(277) Concurrent Mark 72.552ms
[2024-05-23T05:16:16.023+0000][1][gc,marking  ] GC(277) Concurrent Rebuild Remembered Sets and Scrub Regions
[2024-05-23T05:16:16.050+0000][1][gc,marking  ] GC(277) Concurrent Rebuild Remembered Sets and Scrub Regions 27.492ms
[2024-05-23T05:16:16.050+0000][1][gc,start    ] GC(277) Pause Cleanup
[2024-05-23T05:16:16.051+0000][1][gc          ] GC(277) Pause Cleanup 53M->53M(1024M) 0.352ms
[2024-05-23T05:16:16.051+0000][1][gc,cpu      ] GC(277) User=0.00s Sys=0.00s Real=0.00s
[2024-05-23T05:16:16.051+0000][1][safepoint   ] Safepoint "G1PauseCleanup", Time since last: 27683769 ns, Reaching safepoint: 19906 ns, Cleanup: 4410 ns, At safepoint: 415730 ns, Total: 440046 ns
[2024-05-23T05:16:16.051+0000][1][gc,marking  ] GC(277) Concurrent Clear Claimed Marks
[2024-05-23T05:16:16.051+0000][1][gc,marking  ] GC(277) Concurrent Clear Claimed Marks 0.119ms
[2024-05-23T05:16:16.051+0000][1][gc,marking  ] GC(277) Concurrent Cleanup for Next Mark
[2024-05-23T05:16:16.054+0000][1][gc,marking  ] GC(277) Concurrent Cleanup for Next Mark 3.267ms
[2024-05-23T05:16:16.054+0000][1][gc          ] GC(277) Concurrent Mark Cycle 111.948ms
[2024-05-23T06:14:09.189+0000][1][gc,start    ] GC(278) Pause Young (Prepare Mixed) (G1 Evacuation Pause)
[2024-05-23T06:14:09.189+0000][1][gc,task     ] GC(278) Using 4 workers of 4 for evacuation
[2024-05-23T06:14:09.189+0000][1][gc,age      ] GC(278) Desired survivor size 40370176 bytes, new threshold 15 (max threshold 15)
[2024-05-23T06:14:09.200+0000][1][gc,phases   ] GC(278)   Pre Evacuate Collection Set: 0.4ms
[2024-05-23T06:14:09.200+0000][1][gc,phases   ] GC(278)   Merge Heap Roots: 0.2ms
[2024-05-23T06:14:09.200+0000][1][gc,phases   ] GC(278)   Evacuate Collection Set: 8.3ms
[2024-05-23T06:14:09.200+0000][1][gc,phases   ] GC(278)   Post Evacuate Collection Set: 1.4ms
[2024-05-23T06:14:09.200+0000][1][gc,phases   ] GC(278)   Other: 0.1ms
[2024-05-23T06:14:09.200+0000][1][gc,age      ] GC(278) Age table with threshold 15 (max threshold 15)
[2024-05-23T06:14:09.200+0000][1][gc,age      ] GC(278) - age   1:    3569216 bytes,    3569216 total
[2024-05-23T06:14:09.200+0000][1][gc,age      ] GC(278) - age   2:    2387256 bytes,    5956472 total
[2024-05-23T06:14:09.200+0000][1][gc,age      ] GC(278) - age   3:    1432720 bytes,    7389192 total
[2024-05-23T06:14:09.200+0000][1][gc,age      ] GC(278) - age   4:     422672 bytes,    7811864 total
[2024-05-23T06:14:09.200+0000][1][gc,age      ] GC(278) - age   5:     358520 bytes,    8170384 total
[2024-05-23T06:14:09.200+0000][1][gc,age      ] GC(278) - age   6:     287336 bytes,    8457720 total
[2024-05-23T06:14:09.200+0000][1][gc,age      ] GC(278) - age   7:     383464 bytes,    8841184 total
[2024-05-23T06:14:09.200+0000][1][gc,age      ] GC(278) - age   8:     165296 bytes,    9006480 total
[2024-05-23T06:14:09.200+0000][1][gc,age      ] GC(278) - age   9:     122720 bytes,    9129200 total
[2024-05-23T06:14:09.200+0000][1][gc,age      ] GC(278) - age  10:     266064 bytes,    9395264 total
[2024-05-23T06:14:09.200+0000][1][gc,age      ] GC(278) - age  11:     155112 bytes,    9550376 total
[2024-05-23T06:14:09.200+0000][1][gc,age      ] GC(278) - age  12:    1153272 bytes,   10703648 total
[2024-05-23T06:14:09.200+0000][1][gc,age      ] GC(278) - age  13:     163192 bytes,   10866840 total
[2024-05-23T06:14:09.200+0000][1][gc,age      ] GC(278) - age  14:      33416 bytes,   10900256 total
[2024-05-23T06:14:09.200+0000][1][gc,age      ] GC(278) - age  15:      68336 bytes,   10968592 total
[2024-05-23T06:14:09.200+0000][1][gc,heap     ] GC(278) Eden regions: 601->0(603)
[2024-05-23T06:14:09.200+0000][1][gc,heap     ] GC(278) Survivor regions: 13->11(77)
[2024-05-23T06:14:09.200+0000][1][gc,heap     ] GC(278) Old regions: 38->38
[2024-05-23T06:14:09.200+0000][1][gc,heap     ] GC(278) Humongous regions: 3->3
[2024-05-23T06:14:09.200+0000][1][gc,metaspace] GC(278) Metaspace: 99823K(101376K)->99823K(101376K) NonClass: 87788K(88448K)->87788K(88448K) Class: 12034K(12928K)->12034K(12928K)
[2024-05-23T06:14:09.200+0000][1][gc          ] GC(278) Pause Young (Prepare Mixed) (G1 Evacuation Pause) 654M->51M(1024M) 10.996ms
[2024-05-23T06:14:09.200+0000][1][gc,cpu      ] GC(278) User=0.04s Sys=0.00s Real=0.01s
[2024-05-23T06:14:09.200+0000][1][safepoint   ] Safepoint "G1CollectForAllocation", Time since last: 3473138497528 ns, Reaching safepoint: 57117 ns, Cleanup: 6999 ns, At safepoint: 11090856 ns, Total: 11154972 ns
[2024-05-23T07:19:41.393+0000][1][gc,start    ] GC(279) Pause Young (Mixed) (G1 Evacuation Pause)
[2024-05-23T07:19:41.393+0000][1][gc,task     ] GC(279) Using 4 workers of 4 for evacuation
[2024-05-23T07:19:41.393+0000][1][gc,age      ] GC(279) Desired survivor size 40370176 bytes, new threshold 15 (max threshold 15)
[2024-05-23T07:19:41.410+0000][1][gc,phases   ] GC(279)   Pre Evacuate Collection Set: 0.7ms
[2024-05-23T07:19:41.411+0000][1][gc,phases   ] GC(279)   Merge Heap Roots: 0.4ms
[2024-05-23T07:19:41.411+0000][1][gc,phases   ] GC(279)   Evacuate Collection Set: 14.6ms
[2024-05-23T07:19:41.411+0000][1][gc,phases   ] GC(279)   Post Evacuate Collection Set: 1.7ms
[2024-05-23T07:19:41.411+0000][1][gc,phases   ] GC(279)   Other: 0.3ms
[2024-05-23T07:19:41.411+0000][1][gc,age      ] GC(279) Age table with threshold 15 (max threshold 15)
[2024-05-23T07:19:41.411+0000][1][gc,age      ] GC(279) - age   1:    3682688 bytes,    3682688 total
[2024-05-23T07:19:41.411+0000][1][gc,age      ] GC(279) - age   2:    2664800 bytes,    6347488 total
[2024-05-23T07:19:41.411+0000][1][gc,age      ] GC(279) - age   3:    2373176 bytes,    8720664 total
[2024-05-23T07:19:41.411+0000][1][gc,age      ] GC(279) - age   4:     259608 bytes,    8980272 total
[2024-05-23T07:19:41.411+0000][1][gc,age      ] GC(279) - age   5:     412328 bytes,    9392600 total
[2024-05-23T07:19:41.411+0000][1][gc,age      ] GC(279) - age   6:     322696 bytes,    9715296 total
[2024-05-23T07:19:41.411+0000][1][gc,age      ] GC(279) - age   7:     137848 bytes,    9853144 total
[2024-05-23T07:19:41.411+0000][1][gc,age      ] GC(279) - age   8:     374696 bytes,   10227840 total
[2024-05-23T07:19:41.411+0000][1][gc,age      ] GC(279) - age   9:     157704 bytes,   10385544 total
[2024-05-23T07:19:41.411+0000][1][gc,age      ] GC(279) - age  10:     116144 bytes,   10501688 total
[2024-05-23T07:19:41.411+0000][1][gc,age      ] GC(279) - age  11:     259488 bytes,   10761176 total
[2024-05-23T07:19:41.411+0000][1][gc,age      ] GC(279) - age  12:     147240 bytes,   10908416 total
[2024-05-23T07:19:41.411+0000][1][gc,age      ] GC(279) - age  13:     958128 bytes,   11866544 total
[2024-05-23T07:19:41.411+0000][1][gc,age      ] GC(279) - age  14:     163192 bytes,   12029736 total
[2024-05-23T07:19:41.411+0000][1][gc,age      ] GC(279) - age  15:      33416 bytes,   12063152 total
[2024-05-23T07:19:41.411+0000][1][gc,heap     ] GC(279) Eden regions: 603->0(602)
[2024-05-23T07:19:41.411+0000][1][gc,heap     ] GC(279) Survivor regions: 11->12(77)
[2024-05-23T07:19:41.411+0000][1][gc,heap     ] GC(279) Old regions: 38->38
[2024-05-23T07:19:41.411+0000][1][gc,heap     ] GC(279) Humongous regions: 3->3
[2024-05-23T07:19:41.411+0000][1][gc,metaspace] GC(279) Metaspace: 99823K(101376K)->99823K(101376K) NonClass: 87788K(88448K)->87788K(88448K) Class: 12034K(12928K)->12034K(12928K)
[2024-05-23T07:19:41.411+0000][1][gc          ] GC(279) Pause Young (Mixed) (G1 Evacuation Pause) 654M->52M(1024M) 18.280ms
[2024-05-23T07:19:41.411+0000][1][gc,cpu      ] GC(279) User=0.06s Sys=0.00s Real=0.02s
[2024-05-23T07:19:41.411+0000][1][safepoint   ] Safepoint "G1CollectForAllocation", Time since last: 3932192123317 ns, Reaching safepoint: 124917 ns, Cleanup: 10266 ns, At safepoint: 18395526 ns, Total: 18530709 ns
[2024-05-23T07:41:09.005+0000][1][safepoint   ] Safepoint "Cleanup", Time since last: 1287593569345 ns, Reaching safepoint: 108554 ns, Cleanup: 25082 ns, At safepoint: 19678 ns, Total: 153314 ns
[2024-05-23T08:17:59.761+0000][1][gc,start    ] GC(280) Pause Young (Concurrent Start) (G1 Evacuation Pause)
[2024-05-23T08:17:59.761+0000][1][gc,task     ] GC(280) Using 4 workers of 4 for evacuation
[2024-05-23T08:17:59.761+0000][1][gc,age      ] GC(280) Desired survivor size 40370176 bytes, new threshold 15 (max threshold 15)
[2024-05-23T08:17:59.771+0000][1][gc,phases   ] GC(280)   Pre Evacuate Collection Set: 0.4ms
[2024-05-23T08:17:59.771+0000][1][gc,phases   ] GC(280)   Merge Heap Roots: 0.1ms
[2024-05-23T08:17:59.771+0000][1][gc,phases   ] GC(280)   Evacuate Collection Set: 8.1ms
[2024-05-23T08:17:59.771+0000][1][gc,phases   ] GC(280)   Post Evacuate Collection Set: 1.3ms
[2024-05-23T08:17:59.771+0000][1][gc,phases   ] GC(280)   Other: 0.2ms
[2024-05-23T08:17:59.771+0000][1][gc,age      ] GC(280) Age table with threshold 15 (max threshold 15)
[2024-05-23T08:17:59.771+0000][1][gc,age      ] GC(280) - age   1:    3513960 bytes,    3513960 total
[2024-05-23T08:17:59.771+0000][1][gc,age      ] GC(280) - age   2:    1972568 bytes,    5486528 total
[2024-05-23T08:17:59.771+0000][1][gc,age      ] GC(280) - age   3:    2468664 bytes,    7955192 total
[2024-05-23T08:17:59.771+0000][1][gc,age      ] GC(280) - age   4:     891848 bytes,    8847040 total
[2024-05-23T08:17:59.771+0000][1][gc,age      ] GC(280) - age   5:     251320 bytes,    9098360 total
[2024-05-23T08:17:59.771+0000][1][gc,age      ] GC(280) - age   6:     363928 bytes,    9462288 total
[2024-05-23T08:17:59.771+0000][1][gc,age      ] GC(280) - age   7:     108976 bytes,    9571264 total
[2024-05-23T08:17:59.771+0000][1][gc,age      ] GC(280) - age   8:      97200 bytes,    9668464 total
[2024-05-23T08:17:59.771+0000][1][gc,age      ] GC(280) - age   9:     309656 bytes,    9978120 total
[2024-05-23T08:17:59.771+0000][1][gc,age      ] GC(280) - age  10:     126288 bytes,   10104408 total
[2024-05-23T08:17:59.771+0000][1][gc,age      ] GC(280) - age  11:      53256 bytes,   10157664 total
[2024-05-23T08:17:59.771+0000][1][gc,age      ] GC(280) - age  12:     259488 bytes,   10417152 total
[2024-05-23T08:17:59.771+0000][1][gc,age      ] GC(280) - age  13:     115768 bytes,   10532920 total
[2024-05-23T08:17:59.771+0000][1][gc,age      ] GC(280) - age  14:     919728 bytes,   11452648 total
[2024-05-23T08:17:59.771+0000][1][gc,age      ] GC(280) - age  15:     163192 bytes,   11615840 total
[2024-05-23T08:17:59.771+0000][1][gc,heap     ] GC(280) Eden regions: 602->0(602)
[2024-05-23T08:17:59.771+0000][1][gc,heap     ] GC(280) Survivor regions: 12->12(77)
[2024-05-23T08:17:59.771+0000][1][gc,heap     ] GC(280) Old regions: 38->38
[2024-05-23T08:17:59.771+0000][1][gc,heap     ] GC(280) Humongous regions: 3->3
[2024-05-23T08:17:59.771+0000][1][gc,metaspace] GC(280) Metaspace: 99823K(101376K)->99823K(101376K) NonClass: 87788K(88448K)->87788K(88448K) Class: 12034K(12928K)->12034K(12928K)
[2024-05-23T08:17:59.771+0000][1][gc          ] GC(280) Pause Young (Concurrent Start) (G1 Evacuation Pause) 654M->52M(1024M) 10.502ms
[2024-05-23T08:17:59.771+0000][1][gc          ] GC(281) Concurrent Mark Cycle
[2024-05-23T08:17:59.771+0000][1][gc,marking  ] GC(281) Concurrent Scan Root Regions
[2024-05-23T08:17:59.771+0000][1][gc,cpu      ] GC(280) User=0.04s Sys=0.00s Real=0.01s
[2024-05-23T08:17:59.771+0000][1][safepoint   ] Safepoint "G1CollectForAllocation", Time since last: 2210755895404 ns, Reaching safepoint: 54609 ns, Cleanup: 7010 ns, At safepoint: 10632274 ns, Total: 10693893 ns
[2024-05-23T08:17:59.779+0000][1][gc,marking  ] GC(281) Concurrent Scan Root Regions 7.784ms
[2024-05-23T08:17:59.779+0000][1][gc,marking  ] GC(281) Concurrent Mark
[2024-05-23T08:17:59.779+0000][1][gc,marking  ] GC(281) Concurrent Mark From Roots
[2024-05-23T08:17:59.779+0000][1][gc,task     ] GC(281) Using 1 workers of 1 for marking
[2024-05-23T08:17:59.843+0000][1][gc,marking  ] GC(281) Concurrent Mark From Roots 64.061ms
[2024-05-23T08:17:59.843+0000][1][gc,marking  ] GC(281) Concurrent Preclean
[2024-05-23T08:17:59.843+0000][1][gc,marking  ] GC(281) Concurrent Preclean 0.231ms
[2024-05-23T08:17:59.843+0000][1][gc,start    ] GC(281) Pause Remark
[2024-05-23T08:17:59.852+0000][1][gc          ] GC(281) Pause Remark 53M->53M(1024M) 8.017ms
[2024-05-23T08:17:59.852+0000][1][gc,cpu      ] GC(281) User=0.02s Sys=0.00s Real=0.00s
[2024-05-23T08:17:59.852+0000][1][safepoint   ] Safepoint "G1PauseRemark", Time since last: 72252390 ns, Reaching safepoint: 27574 ns, Cleanup: 5314 ns, At safepoint: 8144790 ns, Total: 8177678 ns
[2024-05-23T08:17:59.852+0000][1][gc,marking  ] GC(281) Concurrent Mark 72.672ms
[2024-05-23T08:17:59.852+0000][1][gc,marking  ] GC(281) Concurrent Rebuild Remembered Sets and Scrub Regions
[2024-05-23T08:17:59.880+0000][1][gc,marking  ] GC(281) Concurrent Rebuild Remembered Sets and Scrub Regions 27.908ms
[2024-05-23T08:17:59.880+0000][1][gc,start    ] GC(281) Pause Cleanup
[2024-05-23T08:17:59.880+0000][1][gc          ] GC(281) Pause Cleanup 53M->53M(1024M) 0.270ms
[2024-05-23T08:17:59.880+0000][1][gc,cpu      ] GC(281) User=0.00s Sys=0.00s Real=0.00s
[2024-05-23T08:17:59.880+0000][1][safepoint   ] Safepoint "G1PauseCleanup", Time since last: 28153576 ns, Reaching safepoint: 19831 ns, Cleanup: 4066 ns, At safepoint: 327649 ns, Total: 351546 ns
[2024-05-23T08:17:59.880+0000][1][gc,marking  ] GC(281) Concurrent Clear Claimed Marks
[2024-05-23T08:17:59.880+0000][1][gc,marking  ] GC(281) Concurrent Clear Claimed Marks 0.135ms
[2024-05-23T08:17:59.880+0000][1][gc,marking  ] GC(281) Concurrent Cleanup for Next Mark
[2024-05-23T08:17:59.884+0000][1][gc,marking  ] GC(281) Concurrent Cleanup for Next Mark 3.221ms
[2024-05-23T08:17:59.884+0000][1][gc          ] GC(281) Concurrent Mark Cycle 112.562ms
[2024-05-23T09:17:21.891+0000][1][gc,start    ] GC(282) Pause Young (Prepare Mixed) (G1 Evacuation Pause)
[2024-05-23T09:17:21.926+0000][1][gc,task     ] GC(282) Using 4 workers of 4 for evacuation
[2024-05-23T09:17:21.926+0000][1][gc,age      ] GC(282) Desired survivor size 40370176 bytes, new threshold 15 (max threshold 15)
[2024-05-23T09:17:21.940+0000][1][gc,phases   ] GC(282)   Pre Evacuate Collection Set: 0.7ms
[2024-05-23T09:17:21.940+0000][1][gc,phases   ] GC(282)   Merge Heap Roots: 0.3ms
[2024-05-23T09:17:21.940+0000][1][gc,phases   ] GC(282)   Evacuate Collection Set: 11.3ms
[2024-05-23T09:17:21.940+0000][1][gc,phases   ] GC(282)   Post Evacuate Collection Set: 1.5ms
[2024-05-23T09:17:21.940+0000][1][gc,phases   ] GC(282)   Other: 0.2ms
[2024-05-23T09:17:21.940+0000][1][gc,age      ] GC(282) Age table with threshold 15 (max threshold 15)
[2024-05-23T09:17:21.940+0000][1][gc,age      ] GC(282) - age   1:    3712776 bytes,    3712776 total
[2024-05-23T09:17:21.940+0000][1][gc,age      ] GC(282) - age   2:    2132112 bytes,    5844888 total
[2024-05-23T09:17:21.940+0000][1][gc,age      ] GC(282) - age   3:    1772696 bytes,    7617584 total
[2024-05-23T09:17:21.940+0000][1][gc,age      ] GC(282) - age   4:    1045320 bytes,    8662904 total
[2024-05-23T09:17:21.940+0000][1][gc,age      ] GC(282) - age   5:     675696 bytes,    9338600 total
[2024-05-23T09:17:21.940+0000][1][gc,age      ] GC(282) - age   6:     239384 bytes,    9577984 total
[2024-05-23T09:17:21.940+0000][1][gc,age      ] GC(282) - age   7:     225512 bytes,    9803496 total
[2024-05-23T09:17:21.940+0000][1][gc,age      ] GC(282) - age   8:     108976 bytes,    9912472 total
[2024-05-23T09:17:21.940+0000][1][gc,age      ] GC(282) - age   9:      97200 bytes,   10009672 total
[2024-05-23T09:17:21.940+0000][1][gc,age      ] GC(282) - age  10:     309656 bytes,   10319328 total
[2024-05-23T09:17:21.940+0000][1][gc,age      ] GC(282) - age  11:     126288 bytes,   10445616 total
[2024-05-23T09:17:21.940+0000][1][gc,age      ] GC(282) - age  12:      53256 bytes,   10498872 total
[2024-05-23T09:17:21.940+0000][1][gc,age      ] GC(282) - age  13:     259488 bytes,   10758360 total
[2024-05-23T09:17:21.940+0000][1][gc,age      ] GC(282) - age  14:     115608 bytes,   10873968 total
[2024-05-23T09:17:21.940+0000][1][gc,age      ] GC(282) - age  15:     919728 bytes,   11793696 total
[2024-05-23T09:17:21.940+0000][1][gc,heap     ] GC(282) Eden regions: 602->0(601)
[2024-05-23T09:17:21.940+0000][1][gc,heap     ] GC(282) Survivor regions: 12->13(77)
[2024-05-23T09:17:21.940+0000][1][gc,heap     ] GC(282) Old regions: 38->38
[2024-05-23T09:17:21.940+0000][1][gc,heap     ] GC(282) Humongous regions: 3->3
[2024-05-23T09:17:21.940+0000][1][gc,metaspace] GC(282) Metaspace: 99823K(101376K)->99823K(101376K) NonClass: 87788K(88448K)->87788K(88448K) Class: 12034K(12928K)->12034K(12928K)
[2024-05-23T09:17:21.940+0000][1][gc          ] GC(282) Pause Young (Prepare Mixed) (G1 Evacuation Pause) 654M->53M(1024M) 49.184ms
[2024-05-23T09:17:21.940+0000][1][gc,cpu      ] GC(282) User=0.03s Sys=0.01s Real=0.05s
[2024-05-23T09:17:21.941+0000][1][safepoint   ] Safepoint "G1CollectForAllocation", Time since last: 3562011059025 ns, Reaching safepoint: 55953 ns, Cleanup: 6616 ns, At safepoint: 49280614 ns, Total: 49343183 ns
[2024-05-23T09:27:57.670+0000][1][safepoint   ] Safepoint "Cleanup", Time since last: 635729332820 ns, Reaching safepoint: 8195 ns, Cleanup: 12333 ns, At safepoint: 3450 ns, Total: 23978 ns
[2024-05-23T10:25:37.858+0000][1][gc,start    ] GC(283) Pause Young (Mixed) (G1 Evacuation Pause)
[2024-05-23T10:25:37.858+0000][1][gc,task     ] GC(283) Using 4 workers of 4 for evacuation
[2024-05-23T10:25:37.858+0000][1][gc,age      ] GC(283) Desired survivor size 40370176 bytes, new threshold 15 (max threshold 15)
[2024-05-23T10:25:37.868+0000][1][gc,phases   ] GC(283)   Pre Evacuate Collection Set: 0.4ms
[2024-05-23T10:25:37.868+0000][1][gc,phases   ] GC(283)   Merge Heap Roots: 0.1ms
[2024-05-23T10:25:37.868+0000][1][gc,phases   ] GC(283)   Evacuate Collection Set: 8.1ms
[2024-05-23T10:25:37.868+0000][1][gc,phases   ] GC(283)   Post Evacuate Collection Set: 1.4ms
[2024-05-23T10:25:37.868+0000][1][gc,phases   ] GC(283)   Other: 0.1ms
[2024-05-23T10:25:37.868+0000][1][gc,age      ] GC(283) Age table with threshold 15 (max threshold 15)
[2024-05-23T10:25:37.868+0000][1][gc,age      ] GC(283) - age   1:    2915320 bytes,    2915320 total
[2024-05-23T10:25:37.868+0000][1][gc,age      ] GC(283) - age   2:    2252368 bytes,    5167688 total
[2024-05-23T10:25:37.868+0000][1][gc,age      ] GC(283) - age   3:    1989224 bytes,    7156912 total
[2024-05-23T10:25:37.868+0000][1][gc,age      ] GC(283) - age   4:     547544 bytes,    7704456 total
[2024-05-23T10:25:37.868+0000][1][gc,age      ] GC(283) - age   5:     531352 bytes,    8235808 total
[2024-05-23T10:25:37.868+0000][1][gc,age      ] GC(283) - age   6:     566392 bytes,    8802200 total
[2024-05-23T10:25:37.868+0000][1][gc,age      ] GC(283) - age   7:      59104 bytes,    8861304 total
[2024-05-23T10:25:37.868+0000][1][gc,age      ] GC(283) - age   8:     185944 bytes,    9047248 total
[2024-05-23T10:25:37.868+0000][1][gc,age      ] GC(283) - age   9:      67864 bytes,    9115112 total
[2024-05-23T10:25:37.868+0000][1][gc,age      ] GC(283) - age  10:      50072 bytes,    9165184 total
[2024-05-23T10:25:37.868+0000][1][gc,age      ] GC(283) - age  11:     304176 bytes,    9469360 total
[2024-05-23T10:25:37.868+0000][1][gc,age      ] GC(283) - age  12:      88520 bytes,    9557880 total
[2024-05-23T10:25:37.868+0000][1][gc,age      ] GC(283) - age  13:      47776 bytes,    9605656 total
[2024-05-23T10:25:37.868+0000][1][gc,age      ] GC(283) - age  14:      52576 bytes,    9658232 total
[2024-05-23T10:25:37.868+0000][1][gc,age      ] GC(283) - age  15:     115608 bytes,    9773840 total
[2024-05-23T10:25:37.868+0000][1][gc,heap     ] GC(283) Eden regions: 601->0(603)
[2024-05-23T10:25:37.868+0000][1][gc,heap     ] GC(283) Survivor regions: 13->11(77)
[2024-05-23T10:25:37.869+0000][1][gc,heap     ] GC(283) Old regions: 38->39
[2024-05-23T10:25:37.869+0000][1][gc,heap     ] GC(283) Humongous regions: 3->3
[2024-05-23T10:25:37.869+0000][1][gc,metaspace] GC(283) Metaspace: 99823K(101376K)->99823K(101376K) NonClass: 87788K(88448K)->87788K(88448K) Class: 12034K(12928K)->12034K(12928K)
[2024-05-23T10:25:37.869+0000][1][gc          ] GC(283) Pause Young (Mixed) (G1 Evacuation Pause) 654M->52M(1024M) 10.520ms
[2024-05-23T10:25:37.869+0000][1][gc,cpu      ] GC(283) User=0.04s Sys=0.00s Real=0.01s
[2024-05-23T10:25:37.869+0000][1][safepoint   ] Safepoint "G1CollectForAllocation", Time since last: 3460188073695 ns, Reaching safepoint: 47885 ns, Cleanup: 5932 ns, At safepoint: 10611537 ns, Total: 10665354 ns
[2024-05-23T11:20:27.584+0000][1][gc,start    ] GC(284) Pause Young (Concurrent Start) (G1 Evacuation Pause)
[2024-05-23T11:20:27.615+0000][1][gc,task     ] GC(284) Using 4 workers of 4 for evacuation
[2024-05-23T11:20:27.615+0000][1][gc,age      ] GC(284) Desired survivor size 40370176 bytes, new threshold 15 (max threshold 15)
[2024-05-23T11:20:27.625+0000][1][gc,phases   ] GC(284)   Pre Evacuate Collection Set: 0.5ms
[2024-05-23T11:20:27.625+0000][1][gc,phases   ] GC(284)   Merge Heap Roots: 0.2ms
[2024-05-23T11:20:27.625+0000][1][gc,phases   ] GC(284)   Evacuate Collection Set: 8.1ms
[2024-05-23T11:20:27.625+0000][1][gc,phases   ] GC(284)   Post Evacuate Collection Set: 1.3ms
[2024-05-23T11:20:27.625+0000][1][gc,phases   ] GC(284)   Other: 0.2ms
[2024-05-23T11:20:27.625+0000][1][gc,age      ] GC(284) Age table with threshold 15 (max threshold 15)
[2024-05-23T11:20:27.625+0000][1][gc,age      ] GC(284) - age   1:    4824536 bytes,    4824536 total
[2024-05-23T11:20:27.625+0000][1][gc,age      ] GC(284) - age   2:    2037664 bytes,    6862200 total
[2024-05-23T11:20:27.625+0000][1][gc,age      ] GC(284) - age   3:    1799488 bytes,    8661688 total
[2024-05-23T11:20:27.625+0000][1][gc,age      ] GC(284) - age   4:     394008 bytes,    9055696 total
[2024-05-23T11:20:27.625+0000][1][gc,age      ] GC(284) - age   5:     480096 bytes,    9535792 total
[2024-05-23T11:20:27.625+0000][1][gc,age      ] GC(284) - age   6:     475680 bytes,   10011472 total
[2024-05-23T11:20:27.625+0000][1][gc,age      ] GC(284) - age   7:     387792 bytes,   10399264 total
[2024-05-23T11:20:27.625+0000][1][gc,age      ] GC(284) - age   8:      59040 bytes,   10458304 total
[2024-05-23T11:20:27.625+0000][1][gc,age      ] GC(284) - age   9:     185944 bytes,   10644248 total
[2024-05-23T11:20:27.625+0000][1][gc,age      ] GC(284) - age  10:      67864 bytes,   10712112 total
[2024-05-23T11:20:27.625+0000][1][gc,age      ] GC(284) - age  11:      50072 bytes,   10762184 total
[2024-05-23T11:20:27.625+0000][1][gc,age      ] GC(284) - age  12:     301456 bytes,   11063640 total
[2024-05-23T11:20:27.625+0000][1][gc,age      ] GC(284) - age  13:      88432 bytes,   11152072 total
[2024-05-23T11:20:27.625+0000][1][gc,age      ] GC(284) - age  14:      47752 bytes,   11199824 total
[2024-05-23T11:20:27.625+0000][1][gc,age      ] GC(284) - age  15:      52416 bytes,   11252240 total
[2024-05-23T11:20:27.625+0000][1][gc,heap     ] GC(284) Eden regions: 603->0(602)
[2024-05-23T11:20:27.625+0000][1][gc,heap     ] GC(284) Survivor regions: 11->12(77)
[2024-05-23T11:20:27.625+0000][1][gc,heap     ] GC(284) Old regions: 39->39
[2024-05-23T11:20:27.625+0000][1][gc,heap     ] GC(284) Humongous regions: 3->3
[2024-05-23T11:20:27.625+0000][1][gc,metaspace] GC(284) Metaspace: 99823K(101376K)->99823K(101376K) NonClass: 87788K(88448K)->87788K(88448K) Class: 12034K(12928K)->12034K(12928K)
[2024-05-23T11:20:27.625+0000][1][gc          ] GC(284) Pause Young (Concurrent Start) (G1 Evacuation Pause) 655M->53M(1024M) 41.329ms
[2024-05-23T11:20:27.625+0000][1][gc          ] GC(285) Concurrent Mark Cycle
[2024-05-23T11:20:27.625+0000][1][gc,marking  ] GC(285) Concurrent Scan Root Regions
[2024-05-23T11:20:27.625+0000][1][gc,cpu      ] GC(284) User=0.04s Sys=0.00s Real=0.04s
[2024-05-23T11:20:27.626+0000][1][safepoint   ] Safepoint "G1CollectForAllocation", Time since last: 3289715332903 ns, Reaching safepoint: 55878 ns, Cleanup: 7545 ns, At safepoint: 41500698 ns, Total: 41564121 ns
[2024-05-23T11:20:27.633+0000][1][gc,marking  ] GC(285) Concurrent Scan Root Regions 7.551ms
[2024-05-23T11:20:27.633+0000][1][gc,marking  ] GC(285) Concurrent Mark
[2024-05-23T11:20:27.633+0000][1][gc,marking  ] GC(285) Concurrent Mark From Roots
[2024-05-23T11:20:27.633+0000][1][gc,task     ] GC(285) Using 1 workers of 1 for marking
[2024-05-23T11:20:27.701+0000][1][gc,marking  ] GC(285) Concurrent Mark From Roots 67.896ms
[2024-05-23T11:20:27.701+0000][1][gc,marking  ] GC(285) Concurrent Preclean
[2024-05-23T11:20:27.701+0000][1][gc,marking  ] GC(285) Concurrent Preclean 0.233ms
[2024-05-23T11:20:27.701+0000][1][gc,start    ] GC(285) Pause Remark
[2024-05-23T11:20:27.781+0000][1][gc          ] GC(285) Pause Remark 54M->54M(1024M) 79.112ms
[2024-05-23T11:20:27.781+0000][1][gc,cpu      ] GC(285) User=0.07s Sys=0.00s Real=0.08s
[2024-05-23T11:20:27.781+0000][1][safepoint   ] Safepoint "G1PauseRemark", Time since last: 75823945 ns, Reaching safepoint: 27356 ns, Cleanup: 5311 ns, At safepoint: 79289273 ns, Total: 79321940 ns
[2024-05-23T11:20:27.781+0000][1][gc,marking  ] GC(285) Concurrent Mark 147.683ms
[2024-05-23T11:20:27.781+0000][1][gc,marking  ] GC(285) Concurrent Rebuild Remembered Sets and Scrub Regions
[2024-05-23T11:20:27.812+0000][1][gc,marking  ] GC(285) Concurrent Rebuild Remembered Sets and Scrub Regions 31.123ms
[2024-05-23T11:20:27.812+0000][1][gc,start    ] GC(285) Pause Cleanup
[2024-05-23T11:20:27.812+0000][1][gc          ] GC(285) Pause Cleanup 54M->54M(1024M) 0.284ms
[2024-05-23T11:20:27.812+0000][1][gc,cpu      ] GC(285) User=0.00s Sys=0.00s Real=0.00s
[2024-05-23T11:20:27.812+0000][1][safepoint   ] Safepoint "G1PauseCleanup", Time since last: 31375758 ns, Reaching safepoint: 20963 ns, Cleanup: 5532 ns, At safepoint: 347852 ns, Total: 374347 ns
[2024-05-23T11:20:27.812+0000][1][gc,marking  ] GC(285) Concurrent Clear Claimed Marks
[2024-05-23T11:20:27.813+0000][1][gc,marking  ] GC(285) Concurrent Clear Claimed Marks 0.112ms
[2024-05-23T11:20:27.813+0000][1][gc,marking  ] GC(285) Concurrent Cleanup for Next Mark
[2024-05-23T11:20:27.816+0000][1][gc,marking  ] GC(285) Concurrent Cleanup for Next Mark 3.823ms
[2024-05-23T11:20:27.817+0000][1][gc          ] GC(285) Concurrent Mark Cycle 191.091ms
[2024-05-23T12:11:04.828+0000][1][gc,start    ] GC(286) Pause Young (Prepare Mixed) (G1 Evacuation Pause)
[2024-05-23T12:11:04.828+0000][1][gc,task     ] GC(286) Using 4 workers of 4 for evacuation
[2024-05-23T12:11:04.828+0000][1][gc,age      ] GC(286) Desired survivor size 40370176 bytes, new threshold 15 (max threshold 15)
[2024-05-23T12:11:04.861+0000][1][gc,phases   ] GC(286)   Pre Evacuate Collection Set: 0.6ms
[2024-05-23T12:11:04.861+0000][1][gc,phases   ] GC(286)   Merge Heap Roots: 0.4ms
[2024-05-23T12:11:04.861+0000][1][gc,phases   ] GC(286)   Evacuate Collection Set: 30.5ms
[2024-05-23T12:11:04.861+0000][1][gc,phases   ] GC(286)   Post Evacuate Collection Set: 1.5ms
[2024-05-23T12:11:04.861+0000][1][gc,phases   ] GC(286)   Other: 0.1ms
[2024-05-23T12:11:04.861+0000][1][gc,age      ] GC(286) Age table with threshold 15 (max threshold 15)
[2024-05-23T12:11:04.861+0000][1][gc,age      ] GC(286) - age   1:    4028904 bytes,    4028904 total
[2024-05-23T12:11:04.861+0000][1][gc,age      ] GC(286) - age   2:    2825640 bytes,    6854544 total
[2024-05-23T12:11:04.861+0000][1][gc,age      ] GC(286) - age   3:    1725472 bytes,    8580016 total
[2024-05-23T12:11:04.861+0000][1][gc,age      ] GC(286) - age   4:     739272 bytes,    9319288 total
[2024-05-23T12:11:04.861+0000][1][gc,age      ] GC(286) - age   5:     393888 bytes,    9713176 total
[2024-05-23T12:11:04.861+0000][1][gc,age      ] GC(286) - age   6:     450248 bytes,   10163424 total
[2024-05-23T12:11:04.861+0000][1][gc,age      ] GC(286) - age   7:     346688 bytes,   10510112 total
[2024-05-23T12:11:04.861+0000][1][gc,age      ] GC(286) - age   8:     387792 bytes,   10897904 total
[2024-05-23T12:11:04.861+0000][1][gc,age      ] GC(286) - age   9:      59040 bytes,   10956944 total
[2024-05-23T12:11:04.861+0000][1][gc,age      ] GC(286) - age  10:     185944 bytes,   11142888 total
[2024-05-23T12:11:04.861+0000][1][gc,age      ] GC(286) - age  11:      67832 bytes,   11210720 total
[2024-05-23T12:11:04.861+0000][1][gc,age      ] GC(286) - age  12:      50072 bytes,   11260792 total
[2024-05-23T12:11:04.861+0000][1][gc,age      ] GC(286) - age  13:     209464 bytes,   11470256 total
[2024-05-23T12:11:04.861+0000][1][gc,age      ] GC(286) - age  14:      88248 bytes,   11558504 total
[2024-05-23T12:11:04.861+0000][1][gc,age      ] GC(286) - age  15:      47272 bytes,   11605776 total
[2024-05-23T12:11:04.861+0000][1][gc,heap     ] GC(286) Eden regions: 602->0(602)
[2024-05-23T12:11:04.861+0000][1][gc,heap     ] GC(286) Survivor regions: 12->12(77)
[2024-05-23T12:11:04.861+0000][1][gc,heap     ] GC(286) Old regions: 39->39
[2024-05-23T12:11:04.861+0000][1][gc,heap     ] GC(286) Humongous regions: 3->3
[2024-05-23T12:11:04.861+0000][1][gc,metaspace] GC(286) Metaspace: 99821K(101376K)->99821K(101376K) NonClass: 87787K(88448K)->87787K(88448K) Class: 12034K(12928K)->12034K(12928K)
[2024-05-23T12:11:04.861+0000][1][gc          ] GC(286) Pause Young (Prepare Mixed) (G1 Evacuation Pause) 655M->53M(1024M) 33.393ms
[2024-05-23T12:11:04.861+0000][1][gc,cpu      ] GC(286) User=0.06s Sys=0.00s Real=0.03s
[2024-05-23T12:11:04.861+0000][1][safepoint   ] Safepoint "G1CollectForAllocation", Time since last: 3037015062747 ns, Reaching safepoint: 44291 ns, Cleanup: 6146 ns, At safepoint: 33486542 ns, Total: 33536979 ns
[2024-05-23T12:26:24.437+0000][1][safepoint   ] Safepoint "Cleanup", Time since last: 919576052271 ns, Reaching safepoint: 37644 ns, Cleanup: 23824 ns, At safepoint: 7658 ns, Total: 69126 ns
[2024-05-23T12:54:33.570+0000][1][safepoint   ] Safepoint "Cleanup", Time since last: 1689132781360 ns, Reaching safepoint: 11884 ns, Cleanup: 10460 ns, At safepoint: 3881 ns, Total: 26225 ns
[2024-05-23T13:02:49.796+0000][1][gc,start    ] GC(287) Pause Young (Mixed) (G1 Evacuation Pause)
[2024-05-23T13:02:49.796+0000][1][gc,task     ] GC(287) Using 4 workers of 4 for evacuation
[2024-05-23T13:02:49.796+0000][1][gc,age      ] GC(287) Desired survivor size 40370176 bytes, new threshold 15 (max threshold 15)
[2024-05-23T13:02:49.847+0000][1][gc,phases   ] GC(287)   Pre Evacuate Collection Set: 36.7ms
[2024-05-23T13:02:49.847+0000][1][gc,phases   ] GC(287)   Merge Heap Roots: 0.3ms
[2024-05-23T13:02:49.847+0000][1][gc,phases   ] GC(287)   Evacuate Collection Set: 11.9ms
[2024-05-23T13:02:49.847+0000][1][gc,phases   ] GC(287)   Post Evacuate Collection Set: 1.9ms
[2024-05-23T13:02:49.847+0000][1][gc,phases   ] GC(287)   Other: 0.3ms
[2024-05-23T13:02:49.847+0000][1][gc,age      ] GC(287) Age table with threshold 15 (max threshold 15)
[2024-05-23T13:02:49.848+0000][1][gc,age      ] GC(287) - age   1:    3958240 bytes,    3958240 total
[2024-05-23T13:02:49.848+0000][1][gc,age      ] GC(287) - age   2:    2658928 bytes,    6617168 total
[2024-05-23T13:02:49.848+0000][1][gc,age      ] GC(287) - age   3:    2305056 bytes,    8922224 total
[2024-05-23T13:02:49.848+0000][1][gc,age      ] GC(287) - age   4:     686912 bytes,    9609136 total
[2024-05-23T13:02:49.848+0000][1][gc,age      ] GC(287) - age   5:     527016 bytes,   10136152 total
[2024-05-23T13:02:49.848+0000][1][gc,age      ] GC(287) - age   6:     324216 bytes,   10460368 total
[2024-05-23T13:02:49.848+0000][1][gc,age      ] GC(287) - age   7:     301296 bytes,   10761664 total
[2024-05-23T13:02:49.848+0000][1][gc,age      ] GC(287) - age   8:     314096 bytes,   11075760 total
[2024-05-23T13:02:49.848+0000][1][gc,age      ] GC(287) - age   9:     381456 bytes,   11457216 total
[2024-05-23T13:02:49.848+0000][1][gc,age      ] GC(287) - age  10:      59040 bytes,   11516256 total
[2024-05-23T13:02:49.848+0000][1][gc,age      ] GC(287) - age  11:     123208 bytes,   11639464 total
[2024-05-23T13:02:49.848+0000][1][gc,age      ] GC(287) - age  12:      67832 bytes,   11707296 total
[2024-05-23T13:02:49.848+0000][1][gc,age      ] GC(287) - age  13:      16200 bytes,   11723496 total
[2024-05-23T13:02:49.848+0000][1][gc,age      ] GC(287) - age  14:     209224 bytes,   11932720 total
[2024-05-23T13:02:49.848+0000][1][gc,age      ] GC(287) - age  15:      88248 bytes,   12020968 total
[2024-05-23T13:02:49.848+0000][1][gc,heap     ] GC(287) Eden regions: 602->0(601)
[2024-05-23T13:02:49.848+0000][1][gc,heap     ] GC(287) Survivor regions: 12->13(77)
[2024-05-23T13:02:49.848+0000][1][gc,heap     ] GC(287) Old regions: 39->39
[2024-05-23T13:02:49.848+0000][1][gc,heap     ] GC(287) Humongous regions: 3->3
[2024-05-23T13:02:49.848+0000][1][gc,metaspace] GC(287) Metaspace: 99821K(101376K)->99821K(101376K) NonClass: 87787K(88448K)->87787K(88448K) Class: 12034K(12928K)->12034K(12928K)
[2024-05-23T13:02:49.848+0000][1][gc          ] GC(287) Pause Young (Mixed) (G1 Evacuation Pause) 655M->53M(1024M) 52.108ms
[2024-05-23T13:02:49.848+0000][1][gc,cpu      ] GC(287) User=0.04s Sys=0.01s Real=0.05s
[2024-05-23T13:02:49.848+0000][1][safepoint   ] Safepoint "G1CollectForAllocation", Time since last: 496225846526 ns, Reaching safepoint: 101809 ns, Cleanup: 9919 ns, At safepoint: 52274976 ns, Total: 52386704 ns
[2024-05-23T13:37:53.794+0000][1][safepoint   ] Safepoint "Cleanup", Time since last: 2103945391795 ns, Reaching safepoint: 8104 ns, Cleanup: 9946 ns, At safepoint: 3195 ns, Total: 21245 ns
[2024-05-23T13:37:54.971+0000][1][safepoint   ] Safepoint "Cleanup", Time since last: 1177632044 ns, Reaching safepoint: 42852 ns, Cleanup: 32411 ns, At safepoint: 10105 ns, Total: 85368 ns
[2024-05-23T13:43:28.892+0000][1][safepoint   ] Safepoint "Cleanup", Time since last: 333921068919 ns, Reaching safepoint: 7971 ns, Cleanup: 22240 ns, At safepoint: 4319 ns, Total: 34530 ns
[2024-05-23T13:49:32.880+0000][1][gc,start    ] GC(288) Pause Young (Concurrent Start) (G1 Evacuation Pause)
[2024-05-23T13:49:32.880+0000][1][gc,task     ] GC(288) Using 4 workers of 4 for evacuation
[2024-05-23T13:49:32.880+0000][1][gc,age      ] GC(288) Desired survivor size 40370176 bytes, new threshold 15 (max threshold 15)
[2024-05-23T13:49:32.891+0000][1][gc,phases   ] GC(288)   Pre Evacuate Collection Set: 0.5ms
[2024-05-23T13:49:32.891+0000][1][gc,phases   ] GC(288)   Merge Heap Roots: 0.1ms
[2024-05-23T13:49:32.891+0000][1][gc,phases   ] GC(288)   Evacuate Collection Set: 8.4ms
[2024-05-23T13:49:32.891+0000][1][gc,phases   ] GC(288)   Post Evacuate Collection Set: 1.4ms
[2024-05-23T13:49:32.891+0000][1][gc,phases   ] GC(288)   Other: 0.2ms
[2024-05-23T13:49:32.891+0000][1][gc,age      ] GC(288) Age table with threshold 15 (max threshold 15)
[2024-05-23T13:49:32.891+0000][1][gc,age      ] GC(288) - age   1:    4084640 bytes,    4084640 total
[2024-05-23T13:49:32.891+0000][1][gc,age      ] GC(288) - age   2:    2210520 bytes,    6295160 total
[2024-05-23T13:49:32.891+0000][1][gc,age      ] GC(288) - age   3:    1625920 bytes,    7921080 total
[2024-05-23T13:49:32.891+0000][1][gc,age      ] GC(288) - age   4:    1307232 bytes,    9228312 total
[2024-05-23T13:49:32.891+0000][1][gc,age      ] GC(288) - age   5:     616960 bytes,    9845272 total
[2024-05-23T13:49:32.891+0000][1][gc,age      ] GC(288) - age   6:     277584 bytes,   10122856 total
[2024-05-23T13:49:32.891+0000][1][gc,age      ] GC(288) - age   7:     213352 bytes,   10336208 total
[2024-05-23T13:49:32.891+0000][1][gc,age      ] GC(288) - age   8:     268232 bytes,   10604440 total
[2024-05-23T13:49:32.891+0000][1][gc,age      ] GC(288) - age   9:     314096 bytes,   10918536 total
[2024-05-23T13:49:32.891+0000][1][gc,age      ] GC(288) - age  10:     340840 bytes,   11259376 total
[2024-05-23T13:49:32.891+0000][1][gc,age      ] GC(288) - age  11:      59040 bytes,   11318416 total
[2024-05-23T13:49:32.891+0000][1][gc,age      ] GC(288) - age  12:     123208 bytes,   11441624 total
[2024-05-23T13:49:32.891+0000][1][gc,age      ] GC(288) - age  13:      67832 bytes,   11509456 total
[2024-05-23T13:49:32.891+0000][1][gc,age      ] GC(288) - age  14:      15816 bytes,   11525272 total
[2024-05-23T13:49:32.891+0000][1][gc,age      ] GC(288) - age  15:     208264 bytes,   11733536 total
[2024-05-23T13:49:32.891+0000][1][gc,heap     ] GC(288) Eden regions: 601->0(601)
[2024-05-23T13:49:32.891+0000][1][gc,heap     ] GC(288) Survivor regions: 13->13(77)
[2024-05-23T13:49:32.891+0000][1][gc,heap     ] GC(288) Old regions: 39->39
[2024-05-23T13:49:32.891+0000][1][gc,heap     ] GC(288) Humongous regions: 3->3
[2024-05-23T13:49:32.891+0000][1][gc,metaspace] GC(288) Metaspace: 99823K(101376K)->99823K(101376K) NonClass: 87788K(88448K)->87788K(88448K) Class: 12034K(12928K)->12034K(12928K)
[2024-05-23T13:49:32.891+0000][1][gc          ] GC(288) Pause Young (Concurrent Start) (G1 Evacuation Pause) 654M->54M(1024M) 10.932ms
[2024-05-23T13:49:32.891+0000][1][gc          ] GC(289) Concurrent Mark Cycle
[2024-05-23T13:49:32.891+0000][1][gc,marking  ] GC(289) Concurrent Scan Root Regions
[2024-05-23T13:49:32.891+0000][1][gc,cpu      ] GC(288) User=0.04s Sys=0.00s Real=0.01s
[2024-05-23T13:49:32.891+0000][1][safepoint   ] Safepoint "G1CollectForAllocation", Time since last: 363987449800 ns, Reaching safepoint: 58641 ns, Cleanup: 6148 ns, At safepoint: 11066330 ns, Total: 11131119 ns
[2024-05-23T13:49:32.899+0000][1][gc,marking  ] GC(289) Concurrent Scan Root Regions 7.570ms
[2024-05-23T13:49:32.899+0000][1][gc,marking  ] GC(289) Concurrent Mark
[2024-05-23T13:49:32.899+0000][1][gc,marking  ] GC(289) Concurrent Mark From Roots
[2024-05-23T13:49:32.899+0000][1][gc,task     ] GC(289) Using 1 workers of 1 for marking
[2024-05-23T13:49:32.966+0000][1][gc,marking  ] GC(289) Concurrent Mark From Roots 67.629ms
[2024-05-23T13:49:32.966+0000][1][gc,marking  ] GC(289) Concurrent Preclean
[2024-05-23T13:49:32.967+0000][1][gc,marking  ] GC(289) Concurrent Preclean 0.223ms
[2024-05-23T13:49:32.967+0000][1][gc,start    ] GC(289) Pause Remark
[2024-05-23T13:49:32.979+0000][1][gc          ] GC(289) Pause Remark 55M->55M(1024M) 12.391ms
[2024-05-23T13:49:32.979+0000][1][gc,cpu      ] GC(289) User=0.03s Sys=0.00s Real=0.01s
[2024-05-23T13:49:32.979+0000][1][safepoint   ] Safepoint "G1PauseRemark", Time since last: 75606861 ns, Reaching safepoint: 43862 ns, Cleanup: 5339 ns, At safepoint: 12511387 ns, Total: 12560588 ns
[2024-05-23T13:49:32.979+0000][1][gc,marking  ] GC(289) Concurrent Mark 80.632ms
[2024-05-23T13:49:32.979+0000][1][gc,marking  ] GC(289) Concurrent Rebuild Remembered Sets and Scrub Regions
[2024-05-23T13:49:33.007+0000][1][gc,marking  ] GC(289) Concurrent Rebuild Remembered Sets and Scrub Regions 28.117ms
[2024-05-23T13:49:33.008+0000][1][gc,start    ] GC(289) Pause Cleanup
[2024-05-23T13:49:33.008+0000][1][gc          ] GC(289) Pause Cleanup 55M->55M(1024M) 0.323ms
[2024-05-23T13:49:33.008+0000][1][gc,cpu      ] GC(289) User=0.00s Sys=0.00s Real=0.00s
[2024-05-23T13:49:33.008+0000][1][safepoint   ] Safepoint "G1PauseCleanup", Time since last: 28393857 ns, Reaching safepoint: 19522 ns, Cleanup: 8896 ns, At safepoint: 382344 ns, Total: 410762 ns
[2024-05-23T13:49:33.008+0000][1][gc,marking  ] GC(289) Concurrent Clear Claimed Marks
[2024-05-23T13:49:33.008+0000][1][gc,marking  ] GC(289) Concurrent Clear Claimed Marks 0.114ms
[2024-05-23T13:49:33.008+0000][1][gc,marking  ] GC(289) Concurrent Cleanup for Next Mark
[2024-05-23T13:49:33.011+0000][1][gc,marking  ] GC(289) Concurrent Cleanup for Next Mark 3.248ms
[2024-05-23T13:49:33.012+0000][1][gc          ] GC(289) Concurrent Mark Cycle 120.619ms
[2024-05-23T14:38:52.672+0000][1][gc,start    ] GC(290) Pause Young (Prepare Mixed) (G1 Evacuation Pause)
[2024-05-23T14:38:52.673+0000][1][gc,task     ] GC(290) Using 4 workers of 4 for evacuation
[2024-05-23T14:38:52.673+0000][1][gc,age      ] GC(290) Desired survivor size 40370176 bytes, new threshold 15 (max threshold 15)
[2024-05-23T14:38:52.688+0000][1][gc,phases   ] GC(290)   Pre Evacuate Collection Set: 0.6ms
[2024-05-23T14:38:52.688+0000][1][gc,phases   ] GC(290)   Merge Heap Roots: 0.4ms
[2024-05-23T14:38:52.688+0000][1][gc,phases   ] GC(290)   Evacuate Collection Set: 12.4ms
[2024-05-23T14:38:52.688+0000][1][gc,phases   ] GC(290)   Post Evacuate Collection Set: 1.4ms
[2024-05-23T14:38:52.688+0000][1][gc,phases   ] GC(290)   Other: 0.3ms
[2024-05-23T14:38:52.688+0000][1][gc,age      ] GC(290) Age table with threshold 15 (max threshold 15)
[2024-05-23T14:38:52.688+0000][1][gc,age      ] GC(290) - age   1:    3998920 bytes,    3998920 total
[2024-05-23T14:38:52.688+0000][1][gc,age      ] GC(290) - age   2:    2947960 bytes,    6946880 total
[2024-05-23T14:38:52.688+0000][1][gc,age      ] GC(290) - age   3:    1645168 bytes,    8592048 total
[2024-05-23T14:38:52.688+0000][1][gc,age      ] GC(290) - age   4:     612520 bytes,    9204568 total
[2024-05-23T14:38:52.688+0000][1][gc,age      ] GC(290) - age   5:    1051688 bytes,   10256256 total
[2024-05-23T14:38:52.688+0000][1][gc,age      ] GC(290) - age   6:     337672 bytes,   10593928 total
[2024-05-23T14:38:52.688+0000][1][gc,age      ] GC(290) - age   7:     168360 bytes,   10762288 total
[2024-05-23T14:38:52.688+0000][1][gc,age      ] GC(290) - age   8:     200840 bytes,   10963128 total
[2024-05-23T14:38:52.688+0000][1][gc,age      ] GC(290) - age   9:     257272 bytes,   11220400 total
[2024-05-23T14:38:52.688+0000][1][gc,age      ] GC(290) - age  10:     306344 bytes,   11526744 total
[2024-05-23T14:38:52.688+0000][1][gc,age      ] GC(290) - age  11:     117440 bytes,   11644184 total
[2024-05-23T14:38:52.688+0000][1][gc,age      ] GC(290) - age  12:      59040 bytes,   11703224 total
[2024-05-23T14:38:52.688+0000][1][gc,age      ] GC(290) - age  13:     122824 bytes,   11826048 total
[2024-05-23T14:38:52.688+0000][1][gc,age      ] GC(290) - age  14:      67064 bytes,   11893112 total
[2024-05-23T14:38:52.688+0000][1][gc,age      ] GC(290) - age  15:      15064 bytes,   11908176 total
[2024-05-23T14:38:52.688+0000][1][gc,heap     ] GC(290) Eden regions: 601->0(601)
[2024-05-23T14:38:52.688+0000][1][gc,heap     ] GC(290) Survivor regions: 13->13(77)
[2024-05-23T14:38:52.688+0000][1][gc,heap     ] GC(290) Old regions: 39->39
[2024-05-23T14:38:52.688+0000][1][gc,heap     ] GC(290) Humongous regions: 3->3
[2024-05-23T14:38:52.688+0000][1][gc,metaspace] GC(290) Metaspace: 99823K(101376K)->99823K(101376K) NonClass: 87788K(88448K)->87788K(88448K) Class: 12034K(12928K)->12034K(12928K)
[2024-05-23T14:38:52.688+0000][1][gc          ] GC(290) Pause Young (Prepare Mixed) (G1 Evacuation Pause) 655M->54M(1024M) 15.542ms
[2024-05-23T14:38:52.688+0000][1][gc,cpu      ] GC(290) User=0.05s Sys=0.00s Real=0.02s
[2024-05-23T14:38:52.688+0000][1][safepoint   ] Safepoint "G1CollectForAllocation", Time since last: 2959664340582 ns, Reaching safepoint: 54862 ns, Cleanup: 9859 ns, At safepoint: 15654198 ns, Total: 15718919 ns
[2024-05-23T15:26:52.571+0000][1][gc,start    ] GC(291) Pause Young (Mixed) (G1 Evacuation Pause)
[2024-05-23T15:26:52.571+0000][1][gc,task     ] GC(291) Using 4 workers of 4 for evacuation
[2024-05-23T15:26:52.571+0000][1][gc,age      ] GC(291) Desired survivor size 40370176 bytes, new threshold 15 (max threshold 15)
[2024-05-23T15:26:52.609+0000][1][gc,phases   ] GC(291)   Pre Evacuate Collection Set: 0.5ms
[2024-05-23T15:26:52.609+0000][1][gc,phases   ] GC(291)   Merge Heap Roots: 0.3ms
[2024-05-23T15:26:52.609+0000][1][gc,phases   ] GC(291)   Evacuate Collection Set: 35.0ms
[2024-05-23T15:26:52.609+0000][1][gc,phases   ] GC(291)   Post Evacuate Collection Set: 1.5ms
[2024-05-23T15:26:52.609+0000][1][gc,phases   ] GC(291)   Other: 0.1ms
[2024-05-23T15:26:52.609+0000][1][gc,age      ] GC(291) Age table with threshold 15 (max threshold 15)
[2024-05-23T15:26:52.609+0000][1][gc,age      ] GC(291) - age   1:    4389440 bytes,    4389440 total
[2024-05-23T15:26:52.609+0000][1][gc,age      ] GC(291) - age   2:    2528432 bytes,    6917872 total
[2024-05-23T15:26:52.609+0000][1][gc,age      ] GC(291) - age   3:    1929216 bytes,    8847088 total
[2024-05-23T15:26:52.609+0000][1][gc,age      ] GC(291) - age   4:     380944 bytes,    9228032 total
[2024-05-23T15:26:52.609+0000][1][gc,age      ] GC(291) - age   5:     571432 bytes,    9799464 total
[2024-05-23T15:26:52.609+0000][1][gc,age      ] GC(291) - age   6:     766344 bytes,   10565808 total
[2024-05-23T15:26:52.609+0000][1][gc,age      ] GC(291) - age   7:     246792 bytes,   10812600 total
[2024-05-23T15:26:52.609+0000][1][gc,age      ] GC(291) - age   8:     168296 bytes,   10980896 total
[2024-05-23T15:26:52.609+0000][1][gc,age      ] GC(291) - age   9:     200840 bytes,   11181736 total
[2024-05-23T15:26:52.609+0000][1][gc,age      ] GC(291) - age  10:     257272 bytes,   11439008 total
[2024-05-23T15:26:52.609+0000][1][gc,age      ] GC(291) - age  11:     306344 bytes,   11745352 total
[2024-05-23T15:26:52.609+0000][1][gc,age      ] GC(291) - age  12:     117440 bytes,   11862792 total
[2024-05-23T15:26:52.609+0000][1][gc,age      ] GC(291) - age  13:      18632 bytes,   11881424 total
[2024-05-23T15:26:52.609+0000][1][gc,age      ] GC(291) - age  14:     122824 bytes,   12004248 total
[2024-05-23T15:26:52.609+0000][1][gc,age      ] GC(291) - age  15:      67064 bytes,   12071312 total
[2024-05-23T15:26:52.609+0000][1][gc,heap     ] GC(291) Eden regions: 601->0(601)
[2024-05-23T15:26:52.609+0000][1][gc,heap     ] GC(291) Survivor regions: 13->13(77)
[2024-05-23T15:26:52.609+0000][1][gc,heap     ] GC(291) Old regions: 39->39
[2024-05-23T15:26:52.609+0000][1][gc,heap     ] GC(291) Humongous regions: 3->3
[2024-05-23T15:26:52.609+0000][1][gc,metaspace] GC(291) Metaspace: 99824K(101376K)->99824K(101376K) NonClass: 87790K(88448K)->87790K(88448K) Class: 12034K(12928K)->12034K(12928K)
[2024-05-23T15:26:52.609+0000][1][gc          ] GC(291) Pause Young (Mixed) (G1 Evacuation Pause) 655M->54M(1024M) 37.784ms
[2024-05-23T15:26:52.609+0000][1][gc,cpu      ] GC(291) User=0.08s Sys=0.00s Real=0.04s
[2024-05-23T15:26:52.609+0000][1][safepoint   ] Safepoint "G1CollectForAllocation", Time since last: 2879882989324 ns, Reaching safepoint: 53753 ns, Cleanup: 5607 ns, At safepoint: 37875760 ns, Total: 37935120 ns
[2024-05-23T16:09:44.597+0000][1][safepoint   ] Safepoint "Cleanup", Time since last: 2571988446073 ns, Reaching safepoint: 8508 ns, Cleanup: 10535 ns, At safepoint: 3412 ns, Total: 22455 ns
[2024-05-23T16:12:58.355+0000][1][gc,start    ] GC(292) Pause Young (Concurrent Start) (G1 Evacuation Pause)
[2024-05-23T16:12:58.356+0000][1][gc,task     ] GC(292) Using 4 workers of 4 for evacuation
[2024-05-23T16:12:58.356+0000][1][gc,age      ] GC(292) Desired survivor size 40370176 bytes, new threshold 15 (max threshold 15)
[2024-05-23T16:12:58.367+0000][1][gc,phases   ] GC(292)   Pre Evacuate Collection Set: 0.6ms
[2024-05-23T16:12:58.367+0000][1][gc,phases   ] GC(292)   Merge Heap Roots: 0.2ms
[2024-05-23T16:12:58.367+0000][1][gc,phases   ] GC(292)   Evacuate Collection Set: 8.8ms
[2024-05-23T16:12:58.367+0000][1][gc,phases   ] GC(292)   Post Evacuate Collection Set: 1.4ms
[2024-05-23T16:12:58.367+0000][1][gc,phases   ] GC(292)   Other: 0.2ms
[2024-05-23T16:12:58.367+0000][1][gc,age      ] GC(292) Age table with threshold 15 (max threshold 15)
[2024-05-23T16:12:58.367+0000][1][gc,age      ] GC(292) - age   1:    3851152 bytes,    3851152 total
[2024-05-23T16:12:58.367+0000][1][gc,age      ] GC(292) - age   2:    2505248 bytes,    6356400 total
[2024-05-23T16:12:58.367+0000][1][gc,age      ] GC(292) - age   3:    2163976 bytes,    8520376 total
[2024-05-23T16:12:58.367+0000][1][gc,age      ] GC(292) - age   4:     690664 bytes,    9211040 total
[2024-05-23T16:12:58.367+0000][1][gc,age      ] GC(292) - age   5:     348664 bytes,    9559704 total
[2024-05-23T16:12:58.367+0000][1][gc,age      ] GC(292) - age   6:     444496 bytes,   10004200 total
[2024-05-23T16:12:58.367+0000][1][gc,age      ] GC(292) - age   7:     550160 bytes,   10554360 total
[2024-05-23T16:12:58.367+0000][1][gc,age      ] GC(292) - age   8:     120544 bytes,   10674904 total
[2024-05-23T16:12:58.367+0000][1][gc,age      ] GC(292) - age   9:     102912 bytes,   10777816 total
[2024-05-23T16:12:58.367+0000][1][gc,age      ] GC(292) - age  10:     200840 bytes,   10978656 total
[2024-05-23T16:12:58.367+0000][1][gc,age      ] GC(292) - age  11:     257272 bytes,   11235928 total
[2024-05-23T16:12:58.367+0000][1][gc,age      ] GC(292) - age  12:     273480 bytes,   11509408 total
[2024-05-23T16:12:58.367+0000][1][gc,age      ] GC(292) - age  13:      56040 bytes,   11565448 total
[2024-05-23T16:12:58.367+0000][1][gc,age      ] GC(292) - age  14:      18632 bytes,   11584080 total
[2024-05-23T16:12:58.367+0000][1][gc,age      ] GC(292) - age  15:     122488 bytes,   11706568 total
[2024-05-23T16:12:58.367+0000][1][gc,heap     ] GC(292) Eden regions: 601->0(601)
[2024-05-23T16:12:58.367+0000][1][gc,heap     ] GC(292) Survivor regions: 13->13(77)
[2024-05-23T16:12:58.367+0000][1][gc,heap     ] GC(292) Old regions: 39->39
[2024-05-23T16:12:58.367+0000][1][gc,heap     ] GC(292) Humongous regions: 3->3
[2024-05-23T16:12:58.367+0000][1][gc,metaspace] GC(292) Metaspace: 99824K(101376K)->99824K(101376K) NonClass: 87790K(88448K)->87790K(88448K) Class: 12034K(12928K)->12034K(12928K)
[2024-05-23T16:12:58.367+0000][1][gc          ] GC(292) Pause Young (Concurrent Start) (G1 Evacuation Pause) 655M->54M(1024M) 11.708ms
[2024-05-23T16:12:58.367+0000][1][gc,cpu      ] GC(292) User=0.04s Sys=0.00s Real=0.01s
[2024-05-23T16:12:58.367+0000][1][gc          ] GC(293) Concurrent Mark Cycle
[2024-05-23T16:12:58.367+0000][1][safepoint   ] Safepoint "G1CollectForAllocation", Time since last: 193757982678 ns, Reaching safepoint: 36256 ns, Cleanup: 6440 ns, At safepoint: 11813974 ns, Total: 11856670 ns
[2024-05-23T16:12:58.367+0000][1][gc,marking  ] GC(293) Concurrent Scan Root Regions
[2024-05-23T16:12:58.375+0000][1][gc,marking  ] GC(293) Concurrent Scan Root Regions 7.680ms
[2024-05-23T16:12:58.375+0000][1][gc,marking  ] GC(293) Concurrent Mark
[2024-05-23T16:12:58.375+0000][1][gc,marking  ] GC(293) Concurrent Mark From Roots
[2024-05-23T16:12:58.375+0000][1][gc,task     ] GC(293) Using 1 workers of 1 for marking
[2024-05-23T16:12:58.442+0000][1][gc,marking  ] GC(293) Concurrent Mark From Roots 67.236ms
[2024-05-23T16:12:58.442+0000][1][gc,marking  ] GC(293) Concurrent Preclean
[2024-05-23T16:12:58.443+0000][1][gc,marking  ] GC(293) Concurrent Preclean 0.229ms
[2024-05-23T16:12:58.443+0000][1][gc,start    ] GC(293) Pause Remark
[2024-05-23T16:12:58.451+0000][1][gc          ] GC(293) Pause Remark 55M->55M(1024M) 7.881ms
[2024-05-23T16:12:58.451+0000][1][gc,cpu      ] GC(293) User=0.02s Sys=0.00s Real=0.01s
[2024-05-23T16:12:58.451+0000][1][safepoint   ] Safepoint "G1PauseRemark", Time since last: 75394513 ns, Reaching safepoint: 26810 ns, Cleanup: 4985 ns, At safepoint: 8000584 ns, Total: 8032379 ns
[2024-05-23T16:12:58.451+0000][1][gc,marking  ] GC(293) Concurrent Mark 75.748ms
[2024-05-23T16:12:58.451+0000][1][gc,marking  ] GC(293) Concurrent Rebuild Remembered Sets and Scrub Regions
[2024-05-23T16:12:58.480+0000][1][gc,marking  ] GC(293) Concurrent Rebuild Remembered Sets and Scrub Regions 29.574ms
[2024-05-23T16:12:58.480+0000][1][gc,start    ] GC(293) Pause Cleanup
[2024-05-23T16:12:58.481+0000][1][gc          ] GC(293) Pause Cleanup 55M->55M(1024M) 0.290ms
[2024-05-23T16:12:58.481+0000][1][gc,cpu      ] GC(293) User=0.00s Sys=0.00s Real=0.00s
[2024-05-23T16:12:58.481+0000][1][safepoint   ] Safepoint "G1PauseCleanup", Time since last: 29766921 ns, Reaching safepoint: 20073 ns, Cleanup: 4836 ns, At safepoint: 351250 ns, Total: 376159 ns
[2024-05-23T16:12:58.481+0000][1][gc,marking  ] GC(293) Concurrent Clear Claimed Marks
[2024-05-23T16:12:58.481+0000][1][gc,marking  ] GC(293) Concurrent Clear Claimed Marks 0.118ms
[2024-05-23T16:12:58.481+0000][1][gc,marking  ] GC(293) Concurrent Cleanup for Next Mark
[2024-05-23T16:12:58.484+0000][1][gc,marking  ] GC(293) Concurrent Cleanup for Next Mark 3.306ms
[2024-05-23T16:12:58.484+0000][1][gc          ] GC(293) Concurrent Mark Cycle 117.154ms
[2024-05-23T17:06:16.892+0000][1][gc,start    ] GC(294) Pause Young (Prepare Mixed) (G1 Evacuation Pause)
[2024-05-23T17:06:16.892+0000][1][gc,task     ] GC(294) Using 4 workers of 4 for evacuation
[2024-05-23T17:06:16.892+0000][1][gc,age      ] GC(294) Desired survivor size 40370176 bytes, new threshold 15 (max threshold 15)
[2024-05-23T17:06:16.902+0000][1][gc,phases   ] GC(294)   Pre Evacuate Collection Set: 0.4ms
[2024-05-23T17:06:16.902+0000][1][gc,phases   ] GC(294)   Merge Heap Roots: 0.2ms
[2024-05-23T17:06:16.902+0000][1][gc,phases   ] GC(294)   Evacuate Collection Set: 8.4ms
[2024-05-23T17:06:16.902+0000][1][gc,phases   ] GC(294)   Post Evacuate Collection Set: 1.3ms
[2024-05-23T17:06:16.902+0000][1][gc,phases   ] GC(294)   Other: 0.1ms
[2024-05-23T17:06:16.902+0000][1][gc,age      ] GC(294) Age table with threshold 15 (max threshold 15)
[2024-05-23T17:06:16.902+0000][1][gc,age      ] GC(294) - age   1:    3690728 bytes,    3690728 total
[2024-05-23T17:06:16.902+0000][1][gc,age      ] GC(294) - age   2:    2269912 bytes,    5960640 total
[2024-05-23T17:06:16.902+0000][1][gc,age      ] GC(294) - age   3:    1788000 bytes,    7748640 total
[2024-05-23T17:06:16.902+0000][1][gc,age      ] GC(294) - age   4:     897128 bytes,    8645768 total
[2024-05-23T17:06:16.902+0000][1][gc,age      ] GC(294) - age   5:     458624 bytes,    9104392 total
[2024-05-23T17:06:16.902+0000][1][gc,age      ] GC(294) - age   6:     280704 bytes,    9385096 total
[2024-05-23T17:06:16.902+0000][1][gc,age      ] GC(294) - age   7:     343848 bytes,    9728944 total
[2024-05-23T17:06:16.902+0000][1][gc,age      ] GC(294) - age   8:     362824 bytes,   10091768 total
[2024-05-23T17:06:16.902+0000][1][gc,age      ] GC(294) - age   9:     120544 bytes,   10212312 total
[2024-05-23T17:06:16.902+0000][1][gc,age      ] GC(294) - age  10:     102912 bytes,   10315224 total
[2024-05-23T17:06:16.902+0000][1][gc,age      ] GC(294) - age  11:     200840 bytes,   10516064 total
[2024-05-23T17:06:16.902+0000][1][gc,age      ] GC(294) - age  12:     257096 bytes,   10773160 total
[2024-05-23T17:06:16.902+0000][1][gc,age      ] GC(294) - age  13:     273480 bytes,   11046640 total
[2024-05-23T17:06:16.902+0000][1][gc,age      ] GC(294) - age  14:      55288 bytes,   11101928 total
[2024-05-23T17:06:16.902+0000][1][gc,age      ] GC(294) - age  15:      18632 bytes,   11120560 total
[2024-05-23T17:06:16.902+0000][1][gc,heap     ] GC(294) Eden regions: 601->0(602)
[2024-05-23T17:06:16.902+0000][1][gc,heap     ] GC(294) Survivor regions: 13->12(77)
[2024-05-23T17:06:16.902+0000][1][gc,heap     ] GC(294) Old regions: 39->39
[2024-05-23T17:06:16.902+0000][1][gc,heap     ] GC(294) Humongous regions: 3->3
[2024-05-23T17:06:16.902+0000][1][gc,metaspace] GC(294) Metaspace: 99824K(101376K)->99824K(101376K) NonClass: 87790K(88448K)->87790K(88448K) Class: 12034K(12928K)->12034K(12928K)
[2024-05-23T17:06:16.902+0000][1][gc          ] GC(294) Pause Young (Prepare Mixed) (G1 Evacuation Pause) 655M->53M(1024M) 10.730ms
[2024-05-23T17:06:16.902+0000][1][gc,cpu      ] GC(294) User=0.04s Sys=0.00s Real=0.01s
[2024-05-23T17:06:16.902+0000][1][safepoint   ] Safepoint "G1CollectForAllocation", Time since last: 3198410687546 ns, Reaching safepoint: 23234 ns, Cleanup: 6917 ns, At safepoint: 10821516 ns, Total: 10851667 ns
[2024-05-23T18:04:16.675+0000][1][gc,start    ] GC(295) Pause Young (Mixed) (G1 Evacuation Pause)
[2024-05-23T18:04:16.676+0000][1][gc,task     ] GC(295) Using 4 workers of 4 for evacuation
[2024-05-23T18:04:16.676+0000][1][gc,age      ] GC(295) Desired survivor size 40370176 bytes, new threshold 15 (max threshold 15)
[2024-05-23T18:04:16.687+0000][1][gc,phases   ] GC(295)   Pre Evacuate Collection Set: 0.4ms
[2024-05-23T18:04:16.687+0000][1][gc,phases   ] GC(295)   Merge Heap Roots: 0.2ms
[2024-05-23T18:04:16.687+0000][1][gc,phases   ] GC(295)   Evacuate Collection Set: 9.1ms
[2024-05-23T18:04:16.687+0000][1][gc,phases   ] GC(295)   Post Evacuate Collection Set: 1.3ms
[2024-05-23T18:04:16.687+0000][1][gc,phases   ] GC(295)   Other: 0.1ms
[2024-05-23T18:04:16.687+0000][1][gc,age      ] GC(295) Age table with threshold 15 (max threshold 15)
[2024-05-23T18:04:16.687+0000][1][gc,age      ] GC(295) - age   1:    3018400 bytes,    3018400 total
[2024-05-23T18:04:16.687+0000][1][gc,age      ] GC(295) - age   2:    3002176 bytes,    6020576 total
[2024-05-23T18:04:16.687+0000][1][gc,age      ] GC(295) - age   3:    2007912 bytes,    8028488 total
[2024-05-23T18:04:16.687+0000][1][gc,age      ] GC(295) - age   4:     752528 bytes,    8781016 total
[2024-05-23T18:04:16.687+0000][1][gc,age      ] GC(295) - age   5:     685808 bytes,    9466824 total
[2024-05-23T18:04:16.687+0000][1][gc,age      ] GC(295) - age   6:     393152 bytes,    9859976 total
[2024-05-23T18:04:16.687+0000][1][gc,age      ] GC(295) - age   7:     188304 bytes,   10048280 total
[2024-05-23T18:04:16.687+0000][1][gc,age      ] GC(295) - age   8:     343848 bytes,   10392128 total
[2024-05-23T18:04:16.687+0000][1][gc,age      ] GC(295) - age   9:     362800 bytes,   10754928 total
[2024-05-23T18:04:16.687+0000][1][gc,age      ] GC(295) - age  10:     120352 bytes,   10875280 total
[2024-05-23T18:04:16.687+0000][1][gc,age      ] GC(295) - age  11:     102912 bytes,   10978192 total
[2024-05-23T18:04:16.687+0000][1][gc,age      ] GC(295) - age  12:     200840 bytes,   11179032 total
[2024-05-23T18:04:16.687+0000][1][gc,age      ] GC(295) - age  13:     257096 bytes,   11436128 total
[2024-05-23T18:04:16.687+0000][1][gc,age      ] GC(295) - age  14:     273480 bytes,   11709608 total
[2024-05-23T18:04:16.687+0000][1][gc,age      ] GC(295) - age  15:      55288 bytes,   11764896 total
[2024-05-23T18:04:16.687+0000][1][gc,heap     ] GC(295) Eden regions: 602->0(602)
[2024-05-23T18:04:16.687+0000][1][gc,heap     ] GC(295) Survivor regions: 12->12(77)
[2024-05-23T18:04:16.687+0000][1][gc,heap     ] GC(295) Old regions: 39->39
[2024-05-23T18:04:16.687+0000][1][gc,heap     ] GC(295) Humongous regions: 3->3
[2024-05-23T18:04:16.687+0000][1][gc,metaspace] GC(295) Metaspace: 99824K(101376K)->99824K(101376K) NonClass: 87790K(88448K)->87790K(88448K) Class: 12034K(12928K)->12034K(12928K)
[2024-05-23T18:04:16.687+0000][1][gc          ] GC(295) Pause Young (Mixed) (G1 Evacuation Pause) 655M->53M(1024M) 11.678ms
[2024-05-23T18:04:16.687+0000][1][gc,cpu      ] GC(295) User=0.04s Sys=0.00s Real=0.01s
[2024-05-23T18:04:16.687+0000][1][safepoint   ] Safepoint "G1CollectForAllocation", Time since last: 3479772975076 ns, Reaching safepoint: 22684 ns, Cleanup: 6593 ns, At safepoint: 11800423 ns, Total: 11829700 ns
[2024-05-23T18:59:30.348+0000][1][gc,start    ] GC(296) Pause Young (Concurrent Start) (G1 Evacuation Pause)
[2024-05-23T18:59:30.348+0000][1][gc,task     ] GC(296) Using 4 workers of 4 for evacuation
[2024-05-23T18:59:30.348+0000][1][gc,age      ] GC(296) Desired survivor size 40370176 bytes, new threshold 15 (max threshold 15)
[2024-05-23T18:59:30.359+0000][1][gc,phases   ] GC(296)   Pre Evacuate Collection Set: 0.5ms
[2024-05-23T18:59:30.359+0000][1][gc,phases   ] GC(296)   Merge Heap Roots: 0.1ms
[2024-05-23T18:59:30.359+0000][1][gc,phases   ] GC(296)   Evacuate Collection Set: 8.2ms
[2024-05-23T18:59:30.359+0000][1][gc,phases   ] GC(296)   Post Evacuate Collection Set: 1.3ms
[2024-05-23T18:59:30.359+0000][1][gc,phases   ] GC(296)   Other: 0.2ms
[2024-05-23T18:59:30.359+0000][1][gc,age      ] GC(296) Age table with threshold 15 (max threshold 15)
[2024-05-23T18:59:30.359+0000][1][gc,age      ] GC(296) - age   1:    2897232 bytes,    2897232 total
[2024-05-23T18:59:30.359+0000][1][gc,age      ] GC(296) - age   2:    2362432 bytes,    5259664 total
[2024-05-23T18:59:30.359+0000][1][gc,age      ] GC(296) - age   3:    2187472 bytes,    7447136 total
[2024-05-23T18:59:30.359+0000][1][gc,age      ] GC(296) - age   4:     968936 bytes,    8416072 total
[2024-05-23T18:59:30.359+0000][1][gc,age      ] GC(296) - age   5:     530304 bytes,    8946376 total
[2024-05-23T18:59:30.359+0000][1][gc,age      ] GC(296) - age   6:     621080 bytes,    9567456 total
[2024-05-23T18:59:30.359+0000][1][gc,age      ] GC(296) - age   7:     227656 bytes,    9795112 total
[2024-05-23T18:59:30.359+0000][1][gc,age      ] GC(296) - age   8:     181992 bytes,    9977104 total
[2024-05-23T18:59:30.359+0000][1][gc,age      ] GC(296) - age   9:     313336 bytes,   10290440 total
[2024-05-23T18:59:30.359+0000][1][gc,age      ] GC(296) - age  10:     362800 bytes,   10653240 total
[2024-05-23T18:59:30.359+0000][1][gc,age      ] GC(296) - age  11:     120352 bytes,   10773592 total
[2024-05-23T18:59:30.359+0000][1][gc,age      ] GC(296) - age  12:     102912 bytes,   10876504 total
[2024-05-23T18:59:30.359+0000][1][gc,age      ] GC(296) - age  13:     200840 bytes,   11077344 total
[2024-05-23T18:59:30.359+0000][1][gc,age      ] GC(296) - age  14:     257096 bytes,   11334440 total
[2024-05-23T18:59:30.359+0000][1][gc,age      ] GC(296) - age  15:     273480 bytes,   11607920 total
[2024-05-23T18:59:30.359+0000][1][gc,heap     ] GC(296) Eden regions: 602->0(602)
[2024-05-23T18:59:30.359+0000][1][gc,heap     ] GC(296) Survivor regions: 12->12(77)
[2024-05-23T18:59:30.359+0000][1][gc,heap     ] GC(296) Old regions: 39->39
[2024-05-23T18:59:30.359+0000][1][gc,heap     ] GC(296) Humongous regions: 3->3
[2024-05-23T18:59:30.359+0000][1][gc,metaspace] GC(296) Metaspace: 99824K(101376K)->99824K(101376K) NonClass: 87790K(88448K)->87790K(88448K) Class: 12034K(12928K)->12034K(12928K)
[2024-05-23T18:59:30.359+0000][1][gc          ] GC(296) Pause Young (Concurrent Start) (G1 Evacuation Pause) 655M->53M(1024M) 11.197ms
[2024-05-23T18:59:30.359+0000][1][gc          ] GC(297) Concurrent Mark Cycle
[2024-05-23T18:59:30.359+0000][1][gc,marking  ] GC(297) Concurrent Scan Root Regions
[2024-05-23T18:59:30.359+0000][1][gc,cpu      ] GC(296) User=0.04s Sys=0.00s Real=0.01s
[2024-05-23T18:59:30.359+0000][1][safepoint   ] Safepoint "G1CollectForAllocation", Time since last: 3313660663256 ns, Reaching safepoint: 28109 ns, Cleanup: 5837 ns, At safepoint: 11340171 ns, Total: 11374117 ns
[2024-05-23T18:59:30.368+0000][1][gc,marking  ] GC(297) Concurrent Scan Root Regions 8.825ms
[2024-05-23T18:59:30.368+0000][1][gc,marking  ] GC(297) Concurrent Mark
[2024-05-23T18:59:30.368+0000][1][gc,marking  ] GC(297) Concurrent Mark From Roots
[2024-05-23T18:59:30.368+0000][1][gc,task     ] GC(297) Using 1 workers of 1 for marking
[2024-05-23T18:59:30.441+0000][1][gc,marking  ] GC(297) Concurrent Mark From Roots 72.471ms
[2024-05-23T18:59:30.441+0000][1][gc,marking  ] GC(297) Concurrent Preclean
[2024-05-23T18:59:30.441+0000][1][gc,marking  ] GC(297) Concurrent Preclean 0.247ms
[2024-05-23T18:59:30.441+0000][1][gc,start    ] GC(297) Pause Remark
[2024-05-23T18:59:30.455+0000][1][gc          ] GC(297) Pause Remark 54M->54M(1024M) 14.445ms
[2024-05-23T18:59:30.456+0000][1][gc,cpu      ] GC(297) User=0.05s Sys=0.00s Real=0.02s
[2024-05-23T18:59:30.456+0000][1][safepoint   ] Safepoint "G1PauseRemark", Time since last: 81702415 ns, Reaching safepoint: 29950 ns, Cleanup: 5503 ns, At safepoint: 14586714 ns, Total: 14622167 ns
[2024-05-23T18:59:30.456+0000][1][gc,marking  ] GC(297) Concurrent Mark 87.564ms
[2024-05-23T18:59:30.456+0000][1][gc,marking  ] GC(297) Concurrent Rebuild Remembered Sets and Scrub Regions
[2024-05-23T18:59:30.484+0000][1][gc,marking  ] GC(297) Concurrent Rebuild Remembered Sets and Scrub Regions 28.427ms
[2024-05-23T18:59:30.484+0000][1][gc,start    ] GC(297) Pause Cleanup
[2024-05-23T18:59:30.485+0000][1][gc          ] GC(297) Pause Cleanup 54M->54M(1024M) 0.261ms
[2024-05-23T18:59:30.485+0000][1][gc,cpu      ] GC(297) User=0.00s Sys=0.00s Real=0.00s
[2024-05-23T18:59:30.485+0000][1][safepoint   ] Safepoint "G1PauseCleanup", Time since last: 28696722 ns, Reaching safepoint: 19911 ns, Cleanup: 9699 ns, At safepoint: 323078 ns, Total: 352688 ns
[2024-05-23T18:59:30.485+0000][1][gc,marking  ] GC(297) Concurrent Clear Claimed Marks
[2024-05-23T18:59:30.485+0000][1][gc,marking  ] GC(297) Concurrent Clear Claimed Marks 0.176ms
[2024-05-23T18:59:30.485+0000][1][gc,marking  ] GC(297) Concurrent Cleanup for Next Mark
[2024-05-23T18:59:30.488+0000][1][gc,marking  ] GC(297) Concurrent Cleanup for Next Mark 3.353ms
[2024-05-23T18:59:30.488+0000][1][gc          ] GC(297) Concurrent Mark Cycle 129.103ms
[2024-05-23T19:30:59.239+0000][1][gc,start    ] GC(298) Pause Young (Prepare Mixed) (G1 Evacuation Pause)
[2024-05-23T19:30:59.240+0000][1][gc,task     ] GC(298) Using 4 workers of 4 for evacuation
[2024-05-23T19:30:59.240+0000][1][gc,age      ] GC(298) Desired survivor size 40370176 bytes, new threshold 15 (max threshold 15)
[2024-05-23T19:30:59.253+0000][1][gc,phases   ] GC(298)   Pre Evacuate Collection Set: 0.5ms
[2024-05-23T19:30:59.253+0000][1][gc,phases   ] GC(298)   Merge Heap Roots: 0.1ms
[2024-05-23T19:30:59.253+0000][1][gc,phases   ] GC(298)   Evacuate Collection Set: 11.2ms
[2024-05-23T19:30:59.253+0000][1][gc,phases   ] GC(298)   Post Evacuate Collection Set: 1.5ms
[2024-05-23T19:30:59.253+0000][1][gc,phases   ] GC(298)   Other: 0.1ms
[2024-05-23T19:30:59.253+0000][1][gc,age      ] GC(298) Age table with threshold 15 (max threshold 15)
[2024-05-23T19:30:59.253+0000][1][gc,age      ] GC(298) - age   1:    4434320 bytes,    4434320 total
[2024-05-23T19:30:59.253+0000][1][gc,age      ] GC(298) - age   2:    2192624 bytes,    6626944 total
[2024-05-23T19:30:59.253+0000][1][gc,age      ] GC(298) - age   3:    2339584 bytes,    8966528 total
[2024-05-23T19:30:59.253+0000][1][gc,age      ] GC(298) - age   4:    1477664 bytes,   10444192 total
[2024-05-23T19:30:59.253+0000][1][gc,age      ] GC(298) - age   5:     968416 bytes,   11412608 total
[2024-05-23T19:30:59.253+0000][1][gc,age      ] GC(298) - age   6:     487088 bytes,   11899696 total
[2024-05-23T19:30:59.253+0000][1][gc,age      ] GC(298) - age   7:     530968 bytes,   12430664 total
[2024-05-23T19:30:59.253+0000][1][gc,age      ] GC(298) - age   8:     194144 bytes,   12624808 total
[2024-05-23T19:30:59.253+0000][1][gc,age      ] GC(298) - age   9:     181920 bytes,   12806728 total
[2024-05-23T19:30:59.253+0000][1][gc,age      ] GC(298) - age  10:     280552 bytes,   13087280 total
[2024-05-23T19:30:59.253+0000][1][gc,age      ] GC(298) - age  11:     362128 bytes,   13449408 total
[2024-05-23T19:30:59.253+0000][1][gc,age      ] GC(298) - age  12:     120352 bytes,   13569760 total
[2024-05-23T19:30:59.253+0000][1][gc,age      ] GC(298) - age  13:     102912 bytes,   13672672 total
[2024-05-23T19:30:59.253+0000][1][gc,age      ] GC(298) - age  14:     200840 bytes,   13873512 total
[2024-05-23T19:30:59.253+0000][1][gc,age      ] GC(298) - age  15:     257096 bytes,   14130608 total
[2024-05-23T19:30:59.253+0000][1][gc,heap     ] GC(298) Eden regions: 602->0(600)
[2024-05-23T19:30:59.253+0000][1][gc,heap     ] GC(298) Survivor regions: 12->14(77)
[2024-05-23T19:30:59.253+0000][1][gc,heap     ] GC(298) Old regions: 39->40
[2024-05-23T19:30:59.253+0000][1][gc,heap     ] GC(298) Humongous regions: 3->3
[2024-05-23T19:30:59.253+0000][1][gc,metaspace] GC(298) Metaspace: 99829K(101376K)->99829K(101376K) NonClass: 87795K(88448K)->87795K(88448K) Class: 12034K(12928K)->12034K(12928K)
[2024-05-23T19:30:59.253+0000][1][gc          ] GC(298) Pause Young (Prepare Mixed) (G1 Evacuation Pause) 655M->56M(1024M) 13.807ms
[2024-05-23T19:30:59.253+0000][1][gc,cpu      ] GC(298) User=0.03s Sys=0.00s Real=0.01s
[2024-05-23T19:30:59.253+0000][1][safepoint   ] Safepoint "G1CollectForAllocation", Time since last: 1888754690287 ns, Reaching safepoint: 104727 ns, Cleanup: 32829 ns, At safepoint: 13896571 ns, Total: 14034127 ns
[2024-05-23T19:31:00.760+0000][1][safepoint   ] Safepoint "Cleanup", Time since last: 1506702949 ns, Reaching safepoint: 27960 ns, Cleanup: 29881 ns, At safepoint: 5166 ns, Total: 63007 ns
[2024-05-23T19:40:57.571+0000][1][safepoint   ] Safepoint "Cleanup", Time since last: 596810809235 ns, Reaching safepoint: 36963 ns, Cleanup: 30341 ns, At safepoint: 6881 ns, Total: 74185 ns
[2024-05-23T19:54:32.379+0000][1][gc,start    ] GC(299) Pause Young (Mixed) (G1 Evacuation Pause)
[2024-05-23T19:54:32.379+0000][1][gc,task     ] GC(299) Using 4 workers of 4 for evacuation
[2024-05-23T19:54:32.379+0000][1][gc,age      ] GC(299) Desired survivor size 40370176 bytes, new threshold 15 (max threshold 15)
[2024-05-23T19:54:32.390+0000][1][gc,phases   ] GC(299)   Pre Evacuate Collection Set: 0.4ms
[2024-05-23T19:54:32.390+0000][1][gc,phases   ] GC(299)   Merge Heap Roots: 0.1ms
[2024-05-23T19:54:32.390+0000][1][gc,phases   ] GC(299)   Evacuate Collection Set: 9.3ms
[2024-05-23T19:54:32.390+0000][1][gc,phases   ] GC(299)   Post Evacuate Collection Set: 1.4ms
[2024-05-23T19:54:32.390+0000][1][gc,phases   ] GC(299)   Other: 0.1ms
[2024-05-23T19:54:32.390+0000][1][gc,age      ] GC(299) Age table with threshold 15 (max threshold 15)
[2024-05-23T19:54:32.390+0000][1][gc,age      ] GC(299) - age   1:    4840800 bytes,    4840800 total
[2024-05-23T19:54:32.390+0000][1][gc,age      ] GC(299) - age   2:    1022616 bytes,    5863416 total
[2024-05-23T19:54:32.390+0000][1][gc,age      ] GC(299) - age   3:    1688056 bytes,    7551472 total
[2024-05-23T19:54:32.390+0000][1][gc,age      ] GC(299) - age   4:    1456104 bytes,    9007576 total
[2024-05-23T19:54:32.390+0000][1][gc,age      ] GC(299) - age   5:     809280 bytes,    9816856 total
[2024-05-23T19:54:32.391+0000][1][gc,age      ] GC(299) - age   6:     527696 bytes,   10344552 total
[2024-05-23T19:54:32.391+0000][1][gc,age      ] GC(299) - age   7:     372336 bytes,   10716888 total
[2024-05-23T19:54:32.391+0000][1][gc,age      ] GC(299) - age   8:     312664 bytes,   11029552 total
[2024-05-23T19:54:32.391+0000][1][gc,age      ] GC(299) - age   9:     141672 bytes,   11171224 total
[2024-05-23T19:54:32.391+0000][1][gc,age      ] GC(299) - age  10:     135832 bytes,   11307056 total
[2024-05-23T19:54:32.391+0000][1][gc,age      ] GC(299) - age  11:     269592 bytes,   11576648 total
[2024-05-23T19:54:32.391+0000][1][gc,age      ] GC(299) - age  12:     162576 bytes,   11739224 total
[2024-05-23T19:54:32.391+0000][1][gc,age      ] GC(299) - age  13:     109272 bytes,   11848496 total
[2024-05-23T19:54:32.391+0000][1][gc,age      ] GC(299) - age  14:      63048 bytes,   11911544 total
[2024-05-23T19:54:32.391+0000][1][gc,age      ] GC(299) - age  15:     192592 bytes,   12104136 total
[2024-05-23T19:54:32.391+0000][1][gc,heap     ] GC(299) Eden regions: 600->0(601)
[2024-05-23T19:54:32.391+0000][1][gc,heap     ] GC(299) Survivor regions: 14->13(77)
[2024-05-23T19:54:32.391+0000][1][gc,heap     ] GC(299) Old regions: 40->39
[2024-05-23T19:54:32.391+0000][1][gc,heap     ] GC(299) Humongous regions: 3->3
[2024-05-23T19:54:32.391+0000][1][gc,metaspace] GC(299) Metaspace: 99844K(101376K)->99844K(101376K) NonClass: 87809K(88448K)->87809K(88448K) Class: 12034K(12928K)->12034K(12928K)
[2024-05-23T19:54:32.391+0000][1][gc          ] GC(299) Pause Young (Mixed) (G1 Evacuation Pause) 656M->54M(1024M) 11.714ms
[2024-05-23T19:54:32.391+0000][1][gc,cpu      ] GC(299) User=0.04s Sys=0.00s Real=0.01s
[2024-05-23T19:54:32.391+0000][1][safepoint   ] Safepoint "G1CollectForAllocation", Time since last: 814807933726 ns, Reaching safepoint: 22861 ns, Cleanup: 5869 ns, At safepoint: 11806869 ns, Total: 11835599 ns
[2024-05-23T20:50:07.040+0000][1][gc,start    ] GC(300) Pause Young (Concurrent Start) (G1 Evacuation Pause)
[2024-05-23T20:50:07.040+0000][1][gc,task     ] GC(300) Using 4 workers of 4 for evacuation
[2024-05-23T20:50:07.040+0000][1][gc,age      ] GC(300) Desired survivor size 40370176 bytes, new threshold 15 (max threshold 15)
[2024-05-23T20:50:07.051+0000][1][gc,phases   ] GC(300)   Pre Evacuate Collection Set: 0.4ms
[2024-05-23T20:50:07.051+0000][1][gc,phases   ] GC(300)   Merge Heap Roots: 0.1ms
[2024-05-23T20:50:07.051+0000][1][gc,phases   ] GC(300)   Evacuate Collection Set: 8.5ms
[2024-05-23T20:50:07.051+0000][1][gc,phases   ] GC(300)   Post Evacuate Collection Set: 1.3ms
[2024-05-23T20:50:07.051+0000][1][gc,phases   ] GC(300)   Other: 0.2ms
[2024-05-23T20:50:07.051+0000][1][gc,age      ] GC(300) Age table with threshold 15 (max threshold 15)
[2024-05-23T20:50:07.051+0000][1][gc,age      ] GC(300) - age   1:    2491992 bytes,    2491992 total
[2024-05-23T20:50:07.051+0000][1][gc,age      ] GC(300) - age   2:    4035440 bytes,    6527432 total
[2024-05-23T20:50:07.051+0000][1][gc,age      ] GC(300) - age   3:     980960 bytes,    7508392 total
[2024-05-23T20:50:07.051+0000][1][gc,age      ] GC(300) - age   4:    1388232 bytes,    8896624 total
[2024-05-23T20:50:07.051+0000][1][gc,age      ] GC(300) - age   5:     482696 bytes,    9379320 total
[2024-05-23T20:50:07.051+0000][1][gc,age      ] GC(300) - age   6:     809176 bytes,   10188496 total
[2024-05-23T20:50:07.051+0000][1][gc,age      ] GC(300) - age   7:     435592 bytes,   10624088 total
[2024-05-23T20:50:07.051+0000][1][gc,age      ] GC(300) - age   8:     278464 bytes,   10902552 total
[2024-05-23T20:50:07.051+0000][1][gc,age      ] GC(300) - age   9:     311032 bytes,   11213584 total
[2024-05-23T20:50:07.051+0000][1][gc,age      ] GC(300) - age  10:     141672 bytes,   11355256 total
[2024-05-23T20:50:07.051+0000][1][gc,age      ] GC(300) - age  11:     135832 bytes,   11491088 total
[2024-05-23T20:50:07.051+0000][1][gc,age      ] GC(300) - age  12:     269592 bytes,   11760680 total
[2024-05-23T20:50:07.051+0000][1][gc,age      ] GC(300) - age  13:     162576 bytes,   11923256 total
[2024-05-23T20:50:07.051+0000][1][gc,age      ] GC(300) - age  14:     109272 bytes,   12032528 total
[2024-05-23T20:50:07.051+0000][1][gc,age      ] GC(300) - age  15:      63048 bytes,   12095576 total
[2024-05-23T20:50:07.051+0000][1][gc,heap     ] GC(300) Eden regions: 601->0(601)
[2024-05-23T20:50:07.051+0000][1][gc,heap     ] GC(300) Survivor regions: 13->13(77)
[2024-05-23T20:50:07.051+0000][1][gc,heap     ] GC(300) Old regions: 39->40
[2024-05-23T20:50:07.051+0000][1][gc,heap     ] GC(300) Humongous regions: 3->3
[2024-05-23T20:50:07.051+0000][1][gc,metaspace] GC(300) Metaspace: 99844K(101376K)->99844K(101376K) NonClass: 87809K(88448K)->87809K(88448K) Class: 12034K(12928K)->12034K(12928K)
[2024-05-23T20:50:07.051+0000][1][gc          ] GC(300) Pause Young (Concurrent Start) (G1 Evacuation Pause) 655M->54M(1024M) 10.865ms
[2024-05-23T20:50:07.051+0000][1][gc          ] GC(301) Concurrent Mark Cycle
[2024-05-23T20:50:07.051+0000][1][gc,marking  ] GC(301) Concurrent Scan Root Regions
[2024-05-23T20:50:07.051+0000][1][gc,cpu      ] GC(300) User=0.04s Sys=0.00s Real=0.01s
[2024-05-23T20:50:07.051+0000][1][safepoint   ] Safepoint "G1CollectForAllocation", Time since last: 3334649239389 ns, Reaching safepoint: 58096 ns, Cleanup: 6904 ns, At safepoint: 10999539 ns, Total: 11064539 ns
[2024-05-23T20:50:07.060+0000][1][gc,marking  ] GC(301) Concurrent Scan Root Regions 8.688ms
[2024-05-23T20:50:07.060+0000][1][gc,marking  ] GC(301) Concurrent Mark
[2024-05-23T20:50:07.060+0000][1][gc,marking  ] GC(301) Concurrent Mark From Roots
[2024-05-23T20:50:07.060+0000][1][gc,task     ] GC(301) Using 1 workers of 1 for marking
[2024-05-23T20:50:07.126+0000][1][gc,marking  ] GC(301) Concurrent Mark From Roots 66.546ms
[2024-05-23T20:50:07.126+0000][1][gc,marking  ] GC(301) Concurrent Preclean
[2024-05-23T20:50:07.127+0000][1][gc,marking  ] GC(301) Concurrent Preclean 0.230ms
[2024-05-23T20:50:07.127+0000][1][gc,start    ] GC(301) Pause Remark
[2024-05-23T20:50:07.135+0000][1][gc          ] GC(301) Pause Remark 55M->55M(1024M) 8.139ms
[2024-05-23T20:50:07.135+0000][1][gc,cpu      ] GC(301) User=0.03s Sys=0.00s Real=0.00s
[2024-05-23T20:50:07.135+0000][1][safepoint   ] Safepoint "G1PauseRemark", Time since last: 75685235 ns, Reaching safepoint: 26805 ns, Cleanup: 5153 ns, At safepoint: 8267603 ns, Total: 8299561 ns
[2024-05-23T20:50:07.135+0000][1][gc,marking  ] GC(301) Concurrent Mark 75.331ms
[2024-05-23T20:50:07.135+0000][1][gc,marking  ] GC(301) Concurrent Rebuild Remembered Sets and Scrub Regions
[2024-05-23T20:50:07.164+0000][1][gc,marking  ] GC(301) Concurrent Rebuild Remembered Sets and Scrub Regions 28.499ms
[2024-05-23T20:50:07.164+0000][1][gc,start    ] GC(301) Pause Cleanup
[2024-05-23T20:50:07.164+0000][1][gc          ] GC(301) Pause Cleanup 55M->55M(1024M) 0.268ms
[2024-05-23T20:50:07.164+0000][1][gc,cpu      ] GC(301) User=0.00s Sys=0.00s Real=0.00s
[2024-05-23T20:50:07.164+0000][1][safepoint   ] Safepoint "G1PauseCleanup", Time since last: 28733098 ns, Reaching safepoint: 20170 ns, Cleanup: 4468 ns, At safepoint: 324718 ns, Total: 349356 ns
[2024-05-23T20:50:07.164+0000][1][gc,marking  ] GC(301) Concurrent Clear Claimed Marks
[2024-05-23T20:50:07.164+0000][1][gc,marking  ] GC(301) Concurrent Clear Claimed Marks 0.119ms
[2024-05-23T20:50:07.164+0000][1][gc,marking  ] GC(301) Concurrent Cleanup for Next Mark
[2024-05-23T20:50:07.168+0000][1][gc,marking  ] GC(301) Concurrent Cleanup for Next Mark 3.180ms
[2024-05-23T20:50:07.168+0000][1][gc          ] GC(301) Concurrent Mark Cycle 116.617ms
[2024-05-23T21:38:43.101+0000][1][safepoint   ] Safepoint "Cleanup", Time since last: 2915936709600 ns, Reaching safepoint: 71952 ns, Cleanup: 19285 ns, At safepoint: 4860 ns, Total: 96097 ns
[2024-05-23T21:38:43.382+0000][1][gc,start    ] GC(302) Pause Young (Prepare Mixed) (G1 Evacuation Pause)
[2024-05-23T21:38:43.382+0000][1][gc,task     ] GC(302) Using 4 workers of 4 for evacuation
[2024-05-23T21:38:43.382+0000][1][gc,age      ] GC(302) Desired survivor size 40370176 bytes, new threshold 15 (max threshold 15)
[2024-05-23T21:38:43.399+0000][1][gc,phases   ] GC(302)   Pre Evacuate Collection Set: 0.5ms
[2024-05-23T21:38:43.399+0000][1][gc,phases   ] GC(302)   Merge Heap Roots: 0.2ms
[2024-05-23T21:38:43.399+0000][1][gc,phases   ] GC(302)   Evacuate Collection Set: 13.9ms
[2024-05-23T21:38:43.399+0000][1][gc,phases   ] GC(302)   Post Evacuate Collection Set: 1.4ms
[2024-05-23T21:38:43.399+0000][1][gc,phases   ] GC(302)   Other: 0.1ms
[2024-05-23T21:38:43.399+0000][1][gc,age      ] GC(302) Age table with threshold 15 (max threshold 15)
[2024-05-23T21:38:43.399+0000][1][gc,age      ] GC(302) - age   1:    9916936 bytes,    9916936 total
[2024-05-23T21:38:43.399+0000][1][gc,age      ] GC(302) - age   2:    2055096 bytes,   11972032 total
[2024-05-23T21:38:43.399+0000][1][gc,age      ] GC(302) - age   3:    2389168 bytes,   14361200 total
[2024-05-23T21:38:43.399+0000][1][gc,age      ] GC(302) - age   4:     832000 bytes,   15193200 total
[2024-05-23T21:38:43.399+0000][1][gc,age      ] GC(302) - age   5:     353512 bytes,   15546712 total
[2024-05-23T21:38:43.399+0000][1][gc,age      ] GC(302) - age   6:     406576 bytes,   15953288 total
[2024-05-23T21:38:43.399+0000][1][gc,age      ] GC(302) - age   7:     690824 bytes,   16644112 total
[2024-05-23T21:38:43.399+0000][1][gc,age      ] GC(302) - age   8:     345944 bytes,   16990056 total
[2024-05-23T21:38:43.399+0000][1][gc,age      ] GC(302) - age   9:     277664 bytes,   17267720 total
[2024-05-23T21:38:43.399+0000][1][gc,age      ] GC(302) - age  10:     257960 bytes,   17525680 total
[2024-05-23T21:38:43.399+0000][1][gc,age      ] GC(302) - age  11:     110336 bytes,   17636016 total
[2024-05-23T21:38:43.399+0000][1][gc,age      ] GC(302) - age  12:     104656 bytes,   17740672 total
[2024-05-23T21:38:43.399+0000][1][gc,age      ] GC(302) - age  13:     141448 bytes,   17882120 total
[2024-05-23T21:38:43.399+0000][1][gc,age      ] GC(302) - age  14:     157032 bytes,   18039152 total
[2024-05-23T21:38:43.399+0000][1][gc,age      ] GC(302) - age  15:     108952 bytes,   18148104 total
[2024-05-23T21:38:43.399+0000][1][gc,heap     ] GC(302) Eden regions: 601->0(595)
[2024-05-23T21:38:43.399+0000][1][gc,heap     ] GC(302) Survivor regions: 13->19(77)
[2024-05-23T21:38:43.399+0000][1][gc,heap     ] GC(302) Old regions: 40->40
[2024-05-23T21:38:43.399+0000][1][gc,heap     ] GC(302) Humongous regions: 3->3
[2024-05-23T21:38:43.399+0000][1][gc,metaspace] GC(302) Metaspace: 99844K(101376K)->99844K(101376K) NonClass: 87809K(88448K)->87809K(88448K) Class: 12034K(12928K)->12034K(12928K)
[2024-05-23T21:38:43.399+0000][1][gc          ] GC(302) Pause Young (Prepare Mixed) (G1 Evacuation Pause) 655M->60M(1024M) 16.653ms
[2024-05-23T21:38:43.399+0000][1][gc,cpu      ] GC(302) User=0.04s Sys=0.01s Real=0.02s
[2024-05-23T21:38:43.399+0000][1][safepoint   ] Safepoint "G1CollectForAllocation", Time since last: 281121133 ns, Reaching safepoint: 127127 ns, Cleanup: 17303 ns, At safepoint: 16760648 ns, Total: 16905078 ns
[2024-05-23T21:38:45.327+0000][1][safepoint   ] Safepoint "Cleanup", Time since last: 1928387250 ns, Reaching safepoint: 29465 ns, Cleanup: 17111 ns, At safepoint: 4343 ns, Total: 50919 ns
[2024-05-23T21:39:36.547+0000][1][safepoint   ] Safepoint "Cleanup", Time since last: 51219674741 ns, Reaching safepoint: 10008 ns, Cleanup: 50687 ns, At safepoint: 6421 ns, Total: 67116 ns
[2024-05-23T21:39:37.038+0000][1][gc,heap,exit] Heap
[2024-05-23T21:39:37.038+0000][1][gc,heap,exit]  garbage-first heap   total 1048576K, used 540149K [0x00000000c0000000, 0x0000000100000000)
[2024-05-23T21:39:37.038+0000][1][gc,heap,exit]   region size 1024K, 486 young (497664K), 19 survivors (19456K)
[2024-05-23T21:39:37.038+0000][1][gc,heap,exit]  Metaspace       used 99989K, committed 101440K, reserved 1179648K
[2024-05-23T21:39:37.038+0000][1][gc,heap,exit]   class space    used 12076K, committed 12992K, reserved 1048576K
